D/GSM     ( 1628): [GSMConn] update: parent=ACTIVE, hasNewParent=false, wasConnectingInOrOut=false, wasHolding=false, isConnectingInOrOut=false, changed=false
D/GSM     ( 1628): [GSMConn] update: parent=INCOMING, hasNewParent=false, wasConnectingInOrOut=true, wasHolding=false, isConnectingInOrOut=true, changed=false
D/RILC    ( 1458): [UNSL]< UNSOL_RESPONSE_CALL_STATE_CHANGED 
D/RILJ    ( 1628): [UNSL]< UNSOL_RESPONSE_CALL_STATE_CHANGED
D/RILJ    ( 1628): [1321]> GET_CURRENT_CALLS
D/RILC    ( 1458): [1321]> GET_CURRENT_CALLS 
D/RIL     ( 1458): onRequest: GET_CURRENT_CALLS
D/AT      ( 1458): AT> AT+CLCC
D/AT      ( 1458): AT< +CLCC: 1,0,0,0,0,"13701680906",129
D/AT      ( 1458): AT< +CLCC: 2,1,4,0,0,"02150806177",129
D/AT      ( 1458): AT< OK
D/RILC    ( 1458): [1321]< GET_CURRENT_CALLS {[id=1,ACTIVE,toa=129,norm,mo,als=0,voc,noevp,13701680906,cli=0,name='(null)',0][id=2,INCOMING,toa=129,norm,mt,als=0,voc,noevp,02150806177,cli=0,name='(null)',0}
D/RILJ    ( 1628): InCall VoicePrivacy is disabled
D/RILJ    ( 1628): InCall VoicePrivacy is disabled
D/RILJ    ( 1628): [1321]< GET_CURRENT_CALLS  [id=1,ACTIVE,toa=129,norm,mo,0,voc,noevp,,cli=1,,0] [id=2,INCOMING,toa=129,norm,mt,0,voc,noevp,,cli=1,,0] 
D/GSM     ( 1628): [GSMConn] update: parent=ACTIVE, hasNewParent=false, wasConnectingInOrOut=false, wasHolding=false, isConnectingInOrOut=false, changed=false
D/GSM     ( 1628): [GSMConn] update: parent=INCOMING, hasNewParent=false, wasConnectingInOrOut=true, wasHolding=false, isConnectingInOrOut=true, changed=false
D/AT      ( 1458): AT< RING
D/RILC    ( 1458): [UNSL]< UNSOL_RESPONSE_CALL_STATE_CHANGED 
D/RILJ    ( 1628): [UNSL]< UNSOL_RESPONSE_CALL_STATE_CHANGED
D/RILJ    ( 1628): [1322]> GET_CURRENT_CALLS
D/RILC    ( 1458): [1322]> GET_CURRENT_CALLS 
D/RIL     ( 1458): onRequest: GET_CURRENT_CALLS
D/AT      ( 1458): AT> AT+CLCC
D/AT      ( 1458): AT< +CLCC: 1,0,0,0,0,"13701680906",129
D/AT      ( 1458): AT< +CLCC: 2,1,4,0,0,"02150806177",129
D/AT      ( 1458): AT< OK
D/RILC    ( 1458): [1322]< GET_CURRENT_CALLS {[id=1,ACTIVE,toa=129,norm,mo,als=0,voc,noevp,13701680906,cli=0,name='(null)',0][id=2,INCOMING,toa=129,norm,mt,als=0,voc,noevp,02150806177,cli=0,name='(null)',0}
D/RILJ    ( 1628): InCall VoicePrivacy is disabled
D/RILJ    ( 1628): InCall VoicePrivacy is disabled
D/RILJ    ( 1628): [1322]< GET_CURRENT_CALLS  [id=1,ACTIVE,toa=129,norm,mo,0,voc,noevp,,cli=1,,0] [id=2,INCOMING,toa=129,norm,mt,0,voc,noevp,,cli=1,,0] 
D/GSM     ( 1628): [GSMConn] update: parent=ACTIVE, hasNewParent=false, wasConnectingInOrOut=false, wasHolding=false, isConnectingInOrOut=false, changed=false
D/GSM     ( 1628): [GSMConn] update: parent=INCOMING, hasNewParent=false, wasConnectingInOrOut=true, wasHolding=false, isConnectingInOrOut=true, changed=false
D/RILC    ( 1458): [UNSL]< UNSOL_RESPONSE_CALL_STATE_CHANGED 
D/RILJ    ( 1628): [UNSL]< UNSOL_RESPONSE_CALL_STATE_CHANGED
D/RILJ    ( 1628): [1323]> GET_CURRENT_CALLS
D/RILC    ( 1458): [1323]> GET_CURRENT_CALLS 
D/RIL     ( 1458): onRequest: GET_CURRENT_CALLS
D/AT      ( 1458): AT> AT+CLCC
D/AT      ( 1458): AT< +CLCC: 1,0,0,0,0,"13701680906",129
D/AT      ( 1458): AT< +CLCC: 2,1,4,0,0,"02150806177",129
D/AT      ( 1458): AT< OK
D/RILC    ( 1458): [1323]< GET_CURRENT_CALLS {[id=1,ACTIVE,toa=129,norm,mo,als=0,voc,noevp,13701680906,cli=0,name='(null)',0][id=2,INCOMING,toa=129,norm,mt,als=0,voc,noevp,02150806177,cli=0,name='(null)',0}
D/RILJ    ( 1628): InCall VoicePrivacy is disabled
D/RILJ    ( 1628): InCall VoicePrivacy is disabled
D/RILJ    ( 1628): [1323]< GET_CURRENT_CALLS  [id=1,ACTIVE,toa=129,norm,mo,0,voc,noevp,,cli=1,,0] [id=2,INCOMING,toa=129,norm,mt,0,voc,noevp,,cli=1,,0] 
D/GSM     ( 1628): [GSMConn] update: parent=ACTIVE, hasNewParent=false, wasConnectingInOrOut=false, wasHolding=false, isConnectingInOrOut=false, changed=false
D/GSM     ( 1628): [GSMConn] update: parent=INCOMING, hasNewParent=false, wasConnectingInOrOut=true, wasHolding=false, isConnectingInOrOut=true, changed=false
D/RILC    ( 1458): [UNSL]< UNSOL_RESPONSE_CALL_STATE_CHANGED 
D/RILJ    ( 1628): [UNSL]< UNSOL_RESPONSE_CALL_STATE_CHANGED
D/RILJ    ( 1628): [1324]> GET_CURRENT_CALLS
D/RILC    ( 1458): [1324]> GET_CURRENT_CALLS 
D/RIL     ( 1458): onRequest: GET_CURRENT_CALLS
D/AT      ( 1458): AT> AT+CLCC
D/AT      ( 1458): AT< +CLCC: 1,0,0,0,0,"13701680906",129
D/AT      ( 1458): AT< +CLCC: 2,1,4,0,0,"02150806177",129
D/AT      ( 1458): AT< OK
D/RILC    ( 1458): [1324]< GET_CURRENT_CALLS {[id=1,ACTIVE,toa=129,norm,mo,als=0,voc,noevp,13701680906,cli=0,name='(null)',0][id=2,INCOMING,toa=129,norm,mt,als=0,voc,noevp,02150806177,cli=0,name='(null)',0}
D/RILJ    ( 1628): InCall VoicePrivacy is disabled
D/RILJ    ( 1628): InCall VoicePrivacy is disabled
D/RILJ    ( 1628): [1324]< GET_CURRENT_CALLS  [id=1,ACTIVE,toa=129,norm,mo,0,voc,noevp,,cli=1,,0] [id=2,INCOMING,toa=129,norm,mt,0,voc,noevp,,cli=1,,0] 
D/GSM     ( 1628): [GSMConn] update: parent=ACTIVE, hasNewParent=false, wasConnectingInOrOut=false, wasHolding=false, isConnectingInOrOut=false, changed=false
D/GSM     ( 1628): [GSMConn] update: parent=INCOMING, hasNewParent=false, wasConnectingInOrOut=true, wasHolding=false, isConnectingInOrOut=true, changed=false
D/RILC    ( 1458): [UNSL]< UNSOL_RESPONSE_CALL_STATE_CHANGED 
D/RILJ    ( 1628): [UNSL]< UNSOL_RESPONSE_CALL_STATE_CHANGED
D/RILJ    ( 1628): [1325]> GET_CURRENT_CALLS
D/RILC    ( 1458): [1325]> GET_CURRENT_CALLS 
D/RIL     ( 1458): onRequest: GET_CURRENT_CALLS
D/AT      ( 1458): AT> AT+CLCC
D/AT      ( 1458): AT< +CLCC: 1,0,0,0,0,"13701680906",129
D/AT      ( 1458): AT< +CLCC: 2,1,4,0,0,"02150806177",129
D/AT      ( 1458): AT< OK
D/RILC    ( 1458): [1325]< GET_CURRENT_CALLS {[id=1,ACTIVE,toa=129,norm,mo,als=0,voc,noevp,13701680906,cli=0,name='(null)',0][id=2,INCOMING,toa=129,norm,mt,als=0,voc,noevp,02150806177,cli=0,name='(null)',0}
D/RILJ    ( 1628): InCall VoicePrivacy is disabled
D/RILJ    ( 1628): InCall VoicePrivacy is disabled
D/RILJ    ( 1628): [1325]< GET_CURRENT_CALLS  [id=1,ACTIVE,toa=129,norm,mo,0,voc,noevp,,cli=1,,0] [id=2,INCOMING,toa=129,norm,mt,0,voc,noevp,,cli=1,,0] 
D/GSM     ( 1628): [GSMConn] update: parent=ACTIVE, hasNewParent=false, wasConnectingInOrOut=false, wasHolding=false, isConnectingInOrOut=false, changed=false
D/GSM     ( 1628): [GSMConn] update: parent=INCOMING, hasNewParent=false, wasConnectingInOrOut=true, wasHolding=false, isConnectingInOrOut=true, changed=false
D/RILC    ( 1458): [UNSL]< UNSOL_RESPONSE_CALL_STATE_CHANGED 
D/RILJ    ( 1628): [UNSL]< UNSOL_RESPONSE_CALL_STATE_CHANGED
D/RILJ    ( 1628): [1326]> GET_CURRENT_CALLS
D/RILC    ( 1458): [1326]> GET_CURRENT_CALLS 
D/RIL     ( 1458): onRequest: GET_CURRENT_CALLS
D/AT      ( 1458): AT> AT+CLCC
D/AT      ( 1458): AT< +CLCC: 1,0,0,0,0,"13701680906",129
D/AT      ( 1458): AT< +CLCC: 2,1,4,0,0,"02150806177",129
D/AT      ( 1458): AT< OK
D/RILC    ( 1458): [1326]< GET_CURRENT_CALLS {[id=1,ACTIVE,toa=129,norm,mo,als=0,voc,noevp,13701680906,cli=0,name='(null)',0][id=2,INCOMING,toa=129,norm,mt,als=0,voc,noevp,02150806177,cli=0,name='(null)',0}
D/RILJ    ( 1628): InCall VoicePrivacy is disabled
D/RILJ    ( 1628): InCall VoicePrivacy is disabled
D/RILJ    ( 1628): [1326]< GET_CURRENT_CALLS  [id=1,ACTIVE,toa=129,norm,mo,0,voc,noevp,,cli=1,,0] [id=2,INCOMING,toa=129,norm,mt,0,voc,noevp,,cli=1,,0] 
D/GSM     ( 1628): [GSMConn] update: parent=ACTIVE, hasNewParent=false, wasConnectingInOrOut=false, wasHolding=false, isConnectingInOrOut=false, changed=false
D/GSM     ( 1628): [GSMConn] update: parent=INCOMING, hasNewParent=false, wasConnectingInOrOut=true, wasHolding=false, isConnectingInOrOut=true, changed=false
D/RILC    ( 1458): [UNSL]< UNSOL_RESPONSE_CALL_STATE_CHANGED 
D/RILJ    ( 1628): [UNSL]< UNSOL_RESPONSE_CALL_STATE_CHANGED
D/RILJ    ( 1628): [1327]> GET_CURRENT_CALLS
D/RILC    ( 1458): [1327]> GET_CURRENT_CALLS 
D/RIL     ( 1458): onRequest: GET_CURRENT_CALLS
D/AT      ( 1458): AT> AT+CLCC
D/AT      ( 1458): AT< +CLCC: 1,0,0,0,0,"13701680906",129
D/AT      ( 1458): AT< +CLCC: 2,1,4,0,0,"02150806177",129
D/AT      ( 1458): AT< OK
D/RILC    ( 1458): [1327]< GET_CURRENT_CALLS {[id=1,ACTIVE,toa=129,norm,mo,als=0,voc,noevp,13701680906,cli=0,name='(null)',0][id=2,INCOMING,toa=129,norm,mt,als=0,voc,noevp,02150806177,cli=0,name='(null)',0}
D/RILJ    ( 1628): InCall VoicePrivacy is disabled
D/RILJ    ( 1628): InCall VoicePrivacy is disabled
D/RILJ    ( 1628): [1327]< GET_CURRENT_CALLS  [id=1,ACTIVE,toa=129,norm,mo,0,voc,noevp,,cli=1,,0] [id=2,INCOMING,toa=129,norm,mt,0,voc,noevp,,cli=1,,0] 
D/GSM     ( 1628): [GSMConn] update: parent=ACTIVE, hasNewParent=false, wasConnectingInOrOut=false, wasHolding=false, isConnectingInOrOut=false, changed=false
D/GSM     ( 1628): [GSMConn] update: parent=INCOMING, hasNewParent=false, wasConnectingInOrOut=true, wasHolding=false, isConnectingInOrOut=true, changed=false
D/RILC    ( 1458): [UNSL]< UNSOL_RESPONSE_CALL_STATE_CHANGED 
D/RILJ    ( 1628): [UNSL]< UNSOL_RESPONSE_CALL_STATE_CHANGED
D/RILJ    ( 1628): [1328]> GET_CURRENT_CALLS
D/RILC    ( 1458): [1328]> GET_CURRENT_CALLS 
D/RIL     ( 1458): onRequest: GET_CURRENT_CALLS
D/AT      ( 1458): AT> AT+CLCC
D/AT      ( 1458): AT< +CLCC: 1,0,0,0,0,"13701680906",129
D/AT      ( 1458): AT< +CLCC: 2,1,4,0,0,"02150806177",129
D/AT      ( 1458): AT< OK
D/RILC    ( 1458): [1328]< GET_CURRENT_CALLS {[id=1,ACTIVE,toa=129,norm,mo,als=0,voc,noevp,13701680906,cli=0,name='(null)',0][id=2,INCOMING,toa=129,norm,mt,als=0,voc,noevp,02150806177,cli=0,name='(null)',0}
D/RILJ    ( 1628): InCall VoicePrivacy is disabled
D/RILJ    ( 1628): InCall VoicePrivacy is disabled
D/RILJ    ( 1628): [1328]< GET_CURRENT_CALLS  [id=1,ACTIVE,toa=129,norm,mo,0,voc,noevp,,cli=1,,0] [id=2,INCOMING,toa=129,norm,mt,0,voc,noevp,,cli=1,,0] 
D/GSM     ( 1628): [GSMConn] update: parent=ACTIVE, hasNewParent=false, wasConnectingInOrOut=false, wasHolding=false, isConnectingInOrOut=false, changed=false
D/GSM     ( 1628): [GSMConn] update: parent=INCOMING, hasNewParent=false, wasConnectingInOrOut=true, wasHolding=false, isConnectingInOrOut=true, changed=false
D/RILC    ( 1458): [UNSL]< UNSOL_RESPONSE_CALL_STATE_CHANGED 
D/RILJ    ( 1628): [UNSL]< UNSOL_RESPONSE_CALL_STATE_CHANGED
D/RILJ    ( 1628): [1329]> GET_CURRENT_CALLS
D/RILC    ( 1458): [1329]> GET_CURRENT_CALLS 
D/RIL     ( 1458): onRequest: GET_CURRENT_CALLS
D/AT      ( 1458): AT> AT+CLCC
D/AT      ( 1458): AT< +CLCC: 1,0,0,0,0,"13701680906",129
D/AT      ( 1458): AT< +CLCC: 2,1,4,0,0,"02150806177",129
D/AT      ( 1458): AT< OK
D/RILC    ( 1458): [1329]< GET_CURRENT_CALLS {[id=1,ACTIVE,toa=129,norm,mo,als=0,voc,noevp,13701680906,cli=0,name='(null)',0][id=2,INCOMING,toa=129,norm,mt,als=0,voc,noevp,02150806177,cli=0,name='(null)',0}
D/RILJ    ( 1628): InCall VoicePrivacy is disabled
D/RILJ    ( 1628): InCall VoicePrivacy is disabled
D/RILJ    ( 1628): [1329]< GET_CURRENT_CALLS  [id=1,ACTIVE,toa=129,norm,mo,0,voc,noevp,,cli=1,,0] [id=2,INCOMING,toa=129,norm,mt,0,voc,noevp,,cli=1,,0] 
D/GSM     ( 1628): [GSMConn] update: parent=ACTIVE, hasNewParent=false, wasConnectingInOrOut=false, wasHolding=false, isConnectingInOrOut=false, changed=false
D/GSM     ( 1628): [GSMConn] update: parent=INCOMING, hasNewParent=false, wasConnectingInOrOut=true, wasHolding=false, isConnectingInOrOut=true, changed=false
D/RILJ    ( 1628): [1330]> SET_MUTE false
D/RILC    ( 1458): [1330]> SET_MUTE (0)
D/RIL     ( 1458): onRequest: SET_MUTE
D/AT      ( 1458): AT> AT+CMUT=0
D/AT      ( 1458): AT< OK
D/RILC    ( 1458): [1330]< SET_MUTE
D/RILJ    ( 1628): [1330]< SET_MUTE 
D/RILJ    ( 1628): [1331]> ANSWER
D/RILC    ( 1458): [1331]> ANSWER 
D/RIL     ( 1458): onRequest: ANSWER
D/AT      ( 1458): AT> ATA
D/AT      ( 1458): AT< ERROR
D/RILC    ( 1458): [1331]< ANSWER
D/RILJ    ( 1628): [1331]< ANSWER 
D/RILC    ( 1458): [UNSL]< UNSOL_RESPONSE_CALL_STATE_CHANGED 
D/RILJ    ( 1628): [UNSL]< UNSOL_RESPONSE_CALL_STATE_CHANGED
D/RILC    ( 1458): [UNSL]< UNSOL_RESPONSE_CALL_STATE_CHANGED 
D/RILJ    ( 1628): [UNSL]< UNSOL_RESPONSE_CALL_STATE_CHANGED
D/RILJ    ( 1628): [1332]> GET_CURRENT_CALLS
D/RILC    ( 1458): [1332]> GET_CURRENT_CALLS 
D/RIL     ( 1458): onRequest: GET_CURRENT_CALLS
D/AT      ( 1458): AT> AT+CLCC
D/AT      ( 1458): AT< +CLCC: 1,0,0,0,0,"13701680906",129
D/AT      ( 1458): AT< +CLCC: 2,1,4,0,0,"02150806177",129
D/AT      ( 1458): AT< OK
D/RILC    ( 1458): [1332]< GET_CURRENT_CALLS {[id=1,ACTIVE,toa=129,norm,mo,als=0,voc,noevp,13701680906,cli=0,name='(null)',0][id=2,INCOMING,toa=129,norm,mt,als=0,voc,noevp,02150806177,cli=0,name='(null)',0}
D/RILJ    ( 1628): InCall VoicePrivacy is disabled
D/RILJ    ( 1628): InCall VoicePrivacy is disabled
D/RILJ    ( 1628): [1332]< GET_CURRENT_CALLS  [id=1,ACTIVE,toa=129,norm,mo,0,voc,noevp,,cli=1,,0] [id=2,INCOMING,toa=129,norm,mt,0,voc,noevp,,cli=1,,0] 
D/RILJ    ( 1628): [1333]> GET_CURRENT_CALLS
D/RILC    ( 1458): [1333]> GET_CURRENT_CALLS 
D/RIL     ( 1458): onRequest: GET_CURRENT_CALLS
D/AT      ( 1458): AT> AT+CLCC
D/AT      ( 1458): AT< +CLCC: 1,0,0,0,0,"13701680906",129
D/AT      ( 1458): AT< +CLCC: 2,1,4,0,0,"02150806177",129
D/AT      ( 1458): AT< OK
D/RILC    ( 1458): [1333]< GET_CURRENT_CALLS {[id=1,ACTIVE,toa=129,norm,mo,als=0,voc,noevp,13701680906,cli=0,name='(null)',0][id=2,INCOMING,toa=129,norm,mt,als=0,voc,noevp,02150806177,cli=0,name='(null)',0}
D/RILJ    ( 1628): InCall VoicePrivacy is disabled
D/RILJ    ( 1628): InCall VoicePrivacy is disabled
D/RILJ    ( 1628): [1333]< GET_CURRENT_CALLS  [id=1,ACTIVE,toa=129,norm,mo,0,voc,noevp,,cli=1,,0] [id=2,INCOMING,toa=129,norm,mt,0,voc,noevp,,cli=1,,0] 
D/RILJ    ( 1628): [1334]> GET_CURRENT_CALLS
D/RILC    ( 1458): [1334]> GET_CURRENT_CALLS 
D/RIL     ( 1458): onRequest: GET_CURRENT_CALLS
D/AT      ( 1458): AT> AT+CLCC
D/AT      ( 1458): AT< +CLCC: 1,0,0,0,0,"13701680906",129
D/AT      ( 1458): AT< +CLCC: 2,1,4,0,0,"02150806177",129
D/AT      ( 1458): AT< OK
D/RILC    ( 1458): [1334]< GET_CURRENT_CALLS {[id=1,ACTIVE,toa=129,norm,mo,als=0,voc,noevp,13701680906,cli=0,name='(null)',0][id=2,INCOMING,toa=129,norm,mt,als=0,voc,noevp,02150806177,cli=0,name='(null)',0}
D/RILJ    ( 1628): InCall VoicePrivacy is disabled
D/RILJ    ( 1628): InCall VoicePrivacy is disabled
D/RILJ    ( 1628): [1334]< GET_CURRENT_CALLS  [id=1,ACTIVE,toa=129,norm,mo,0,voc,noevp,,cli=1,,0] [id=2,INCOMING,toa=129,norm,mt,0,voc,noevp,,cli=1,,0] 
D/GSM     ( 1628): [GSMConn] update: parent=ACTIVE, hasNewParent=false, wasConnectingInOrOut=false, wasHolding=false, isConnectingInOrOut=false, changed=false
D/GSM     ( 1628): [GSMConn] update: parent=INCOMING, hasNewParent=false, wasConnectingInOrOut=true, wasHolding=false, isConnectingInOrOut=true, changed=false
D/RILC    ( 1458): [UNSL]< UNSOL_RESPONSE_CALL_STATE_CHANGED 
D/RILJ    ( 1628): [UNSL]< UNSOL_RESPONSE_CALL_STATE_CHANGED
D/RILJ    ( 1628): [1335]> GET_CURRENT_CALLS
D/RILC    ( 1458): [1335]> GET_CURRENT_CALLS 
D/RIL     ( 1458): onRequest: GET_CURRENT_CALLS
D/AT      ( 1458): AT> AT+CLCC
D/AT      ( 1458): AT< +CLCC: 1,0,0,0,0,"13701680906",129
D/AT      ( 1458): AT< +CLCC: 2,1,4,0,0,"02150806177",129
D/AT      ( 1458): AT< OK
D/RILC    ( 1458): [1335]< GET_CURRENT_CALLS {[id=1,ACTIVE,toa=129,norm,mo,als=0,voc,noevp,13701680906,cli=0,name='(null)',0][id=2,INCOMING,toa=129,norm,mt,als=0,voc,noevp,02150806177,cli=0,name='(null)',0}
D/RILC    ( 1458): [UNSL]< UNSOL_RESPONSE_CALL_STATE_CHANGED 
D/RILJ    ( 1628): InCall VoicePrivacy is disabled
D/RILJ    ( 1628): InCall VoicePrivacy is disabled
D/RILJ    ( 1628): [1335]< GET_CURRENT_CALLS  [id=1,ACTIVE,toa=129,norm,mo,0,voc,noevp,,cli=1,,0] [id=2,INCOMING,toa=129,norm,mt,0,voc,noevp,,cli=1,,0] 
D/RILC    ( 1458): [UNSL]< UNSOL_RESPONSE_CALL_STATE_CHANGED 
D/RILJ    ( 1628): [UNSL]< UNSOL_RESPONSE_CALL_STATE_CHANGED
D/RILJ    ( 1628): [UNSL]< UNSOL_RESPONSE_CALL_STATE_CHANGED
D/GSM     ( 1628): [GSMConn] update: parent=ACTIVE, hasNewParent=false, wasConnectingInOrOut=false, wasHolding=false, isConnectingInOrOut=false, changed=false
D/GSM     ( 1628): [GSMConn] update: parent=INCOMING, hasNewParent=false, wasConnectingInOrOut=true, wasHolding=false, isConnectingInOrOut=true, changed=false
D/RILJ    ( 1628): [1336]> GET_CURRENT_CALLS
D/RILC    ( 1458): [1336]> GET_CURRENT_CALLS 
D/RIL     ( 1458): onRequest: GET_CURRENT_CALLS
D/AT      ( 1458): AT> AT+CLCC
D/AT      ( 1458): AT< +CLCC: 1,0,0,0,0,"13701680906",129
D/AT      ( 1458): AT< +CLCC: 2,1,4,0,0,"02150806177",129
D/AT      ( 1458): AT< OK
D/RILC    ( 1458): [1336]< GET_CURRENT_CALLS {[id=1,ACTIVE,toa=129,norm,mo,als=0,voc,noevp,13701680906,cli=0,name='(null)',0][id=2,INCOMING,toa=129,norm,mt,als=0,voc,noevp,02150806177,cli=0,name='(null)',0}
D/RILJ    ( 1628): InCall VoicePrivacy is disabled
D/RILJ    ( 1628): InCall VoicePrivacy is disabled
D/RILJ    ( 1628): [1336]< GET_CURRENT_CALLS  [id=1,ACTIVE,toa=129,norm,mo,0,voc,noevp,,cli=1,,0] [id=2,INCOMING,toa=129,norm,mt,0,voc,noevp,,cli=1,,0] 
D/RILJ    ( 1628): [1337]> GET_CURRENT_CALLS
D/RILC    ( 1458): [1337]> GET_CURRENT_CALLS 
D/RIL     ( 1458): onRequest: GET_CURRENT_CALLS
D/AT      ( 1458): AT> AT+CLCC
D/AT      ( 1458): AT< +CLCC: 1,0,0,0,0,"13701680906",129
D/AT      ( 1458): AT< +CLCC: 2,1,4,0,0,"02150806177",129
D/AT      ( 1458): AT< OK
D/RILC    ( 1458): [1337]< GET_CURRENT_CALLS {[id=1,ACTIVE,toa=129,norm,mo,als=0,voc,noevp,13701680906,cli=0,name='(null)',0][id=2,INCOMING,toa=129,norm,mt,als=0,voc,noevp,02150806177,cli=0,name='(null)',0}
D/RILJ    ( 1628): InCall VoicePrivacy is disabled
D/RILJ    ( 1628): InCall VoicePrivacy is disabled
D/RILJ    ( 1628): [1337]< GET_CURRENT_CALLS  [id=1,ACTIVE,toa=129,norm,mo,0,voc,noevp,,cli=1,,0] [id=2,INCOMING,toa=129,norm,mt,0,voc,noevp,,cli=1,,0] 
D/GSM     ( 1628): [GSMConn] update: parent=ACTIVE, hasNewParent=false, wasConnectingInOrOut=false, wasHolding=false, isConnectingInOrOut=false, changed=false
D/GSM     ( 1628): [GSMConn] update: parent=INCOMING, hasNewParent=false, wasConnectingInOrOut=true, wasHolding=false, isConnectingInOrOut=true, changed=false
D/RILC    ( 1458): [UNSL]< UNSOL_RESPONSE_CALL_STATE_CHANGED 
D/RILJ    ( 1628): [UNSL]< UNSOL_RESPONSE_CALL_STATE_CHANGED
D/RILJ    ( 1628): [1338]> GET_CURRENT_CALLS
D/RILC    ( 1458): [1338]> GET_CURRENT_CALLS 
D/RIL     ( 1458): onRequest: GET_CURRENT_CALLS
D/AT      ( 1458): AT> AT+CLCC
D/AT      ( 1458): AT< +CLCC: 1,0,0,0,0,"13701680906",129
D/AT      ( 1458): AT< +CLCC: 2,1,4,0,0,"02150806177",129
D/AT      ( 1458): AT< OK
D/RILC    ( 1458): [1338]< GET_CURRENT_CALLS {[id=1,ACTIVE,toa=129,norm,mo,als=0,voc,noevp,13701680906,cli=0,name='(null)',0][id=2,INCOMING,toa=129,norm,mt,als=0,voc,noevp,02150806177,cli=0,name='(null)',0}
D/RILJ    ( 1628): InCall VoicePrivacy is disabled
D/RILJ    ( 1628): InCall VoicePrivacy is disabled
D/RILJ    ( 1628): [1338]< GET_CURRENT_CALLS  [id=1,ACTIVE,toa=129,norm,mo,0,voc,noevp,,cli=1,,0] [id=2,INCOMING,toa=129,norm,mt,0,voc,noevp,,cli=1,,0] 
D/GSM     ( 1628): [GSMConn] update: parent=ACTIVE, hasNewParent=false, wasConnectingInOrOut=false, wasHolding=false, isConnectingInOrOut=false, changed=false
D/GSM     ( 1628): [GSMConn] update: parent=INCOMING, hasNewParent=false, wasConnectingInOrOut=true, wasHolding=false, isConnectingInOrOut=true, changed=false
D/RILC    ( 1458): [UNSL]< UNSOL_RESPONSE_CALL_STATE_CHANGED 
D/RILJ    ( 1628): [UNSL]< UNSOL_RESPONSE_CALL_STATE_CHANGED
D/RILJ    ( 1628): [1339]> GET_CURRENT_CALLS
D/RILC    ( 1458): [1339]> GET_CURRENT_CALLS 
D/RIL     ( 1458): onRequest: GET_CURRENT_CALLS
D/AT      ( 1458): AT> AT+CLCC
D/AT      ( 1458): AT< +CLCC: 1,0,0,0,0,"13701680906",129
D/AT      ( 1458): AT< +CLCC: 2,1,4,0,0,"02150806177",129
D/AT      ( 1458): AT< OK
D/RILC    ( 1458): [1339]< GET_CURRENT_CALLS {[id=1,ACTIVE,toa=129,norm,mo,als=0,voc,noevp,13701680906,cli=0,name='(null)',0][id=2,INCOMING,toa=129,norm,mt,als=0,voc,noevp,02150806177,cli=0,name='(null)',0}
D/RILJ    ( 1628): InCall VoicePrivacy is disabled
D/RILJ    ( 1628): InCall VoicePrivacy is disabled
D/RILJ    ( 1628): [1339]< GET_CURRENT_CALLS  [id=1,ACTIVE,toa=129,norm,mo,0,voc,noevp,,cli=1,,0] [id=2,INCOMING,toa=129,norm,mt,0,voc,noevp,,cli=1,,0] 
D/GSM     ( 1628): [GSMConn] update: parent=ACTIVE, hasNewParent=false, wasConnectingInOrOut=false, wasHolding=false, isConnectingInOrOut=false, changed=false
D/RILC    ( 1458): [UNSL]< UNSOL_RESPONSE_CALL_STATE_CHANGED 
D/RILJ    ( 1628): [UNSL]< UNSOL_RESPONSE_CALL_STATE_CHANGED
D/GSM     ( 1628): [GSMConn] update: parent=INCOMING, hasNewParent=false, wasConnectingInOrOut=true, wasHolding=false, isConnectingInOrOut=true, changed=false
D/RILJ    ( 1628): [1340]> GET_CURRENT_CALLS
D/RILC    ( 1458): [1340]> GET_CURRENT_CALLS 
D/RIL     ( 1458): onRequest: GET_CURRENT_CALLS
D/AT      ( 1458): AT> AT+CLCC
D/AT      ( 1458): AT< +CLCC: 1,0,0,0,0,"13701680906",129
D/AT      ( 1458): AT< +CLCC: 2,1,4,0,0,"02150806177",129
D/AT      ( 1458): AT< OK
D/RILC    ( 1458): [1340]< GET_CURRENT_CALLS {[id=1,ACTIVE,toa=129,norm,mo,als=0,voc,noevp,13701680906,cli=0,name='(null)',0][id=2,INCOMING,toa=129,norm,mt,als=0,voc,noevp,02150806177,cli=0,name='(null)',0}
D/RILJ    ( 1628): InCall VoicePrivacy is disabled
D/RILJ    ( 1628): InCall VoicePrivacy is disabled
D/RILJ    ( 1628): [1340]< GET_CURRENT_CALLS  [id=1,ACTIVE,toa=129,norm,mo,0,voc,noevp,,cli=1,,0] [id=2,INCOMING,toa=129,norm,mt,0,voc,noevp,,cli=1,,0] 
D/GSM     ( 1628): [GSMConn] update: parent=ACTIVE, hasNewParent=false, wasConnectingInOrOut=false, wasHolding=false, isConnectingInOrOut=false, changed=false
D/GSM     ( 1628): [GSMConn] update: parent=INCOMING, hasNewParent=false, wasConnectingInOrOut=true, wasHolding=false, isConnectingInOrOut=true, changed=false
D/RILC    ( 1458): [UNSL]< UNSOL_RESPONSE_CALL_STATE_CHANGED 
D/RILJ    ( 1628): [UNSL]< UNSOL_RESPONSE_CALL_STATE_CHANGED
D/RILJ    ( 1628): [1341]> GET_CURRENT_CALLS
D/RILC    ( 1458): [1341]> GET_CURRENT_CALLS 
D/RIL     ( 1458): onRequest: GET_CURRENT_CALLS
D/AT      ( 1458): AT> AT+CLCC
D/AT      ( 1458): AT< +CLCC: 1,0,0,0,0,"13701680906",129
D/AT      ( 1458): AT< +CLCC: 2,1,4,0,0,"02150806177",129
D/AT      ( 1458): AT< OK
D/RILC    ( 1458): [1341]< GET_CURRENT_CALLS {[id=1,ACTIVE,toa=129,norm,mo,als=0,voc,noevp,13701680906,cli=0,name='(null)',0][id=2,INCOMING,toa=129,norm,mt,als=0,voc,noevp,02150806177,cli=0,name='(null)',0}
D/RILJ    ( 1628): InCall VoicePrivacy is disabled
D/RILJ    ( 1628): InCall VoicePrivacy is disabled
D/RILJ    ( 1628): [1341]< GET_CURRENT_CALLS  [id=1,ACTIVE,toa=129,norm,mo,0,voc,noevp,,cli=1,,0] [id=2,INCOMING,toa=129,norm,mt,0,voc,noevp,,cli=1,,0] 
D/GSM     ( 1628): [GSMConn] update: parent=ACTIVE, hasNewParent=false, wasConnectingInOrOut=false, wasHolding=false, isConnectingInOrOut=false, changed=false
D/GSM     ( 1628): [GSMConn] update: parent=INCOMING, hasNewParent=false, wasConnectingInOrOut=true, wasHolding=false, isConnectingInOrOut=true, changed=false
D/RILC    ( 1458): [UNSL]< UNSOL_RESPONSE_CALL_STATE_CHANGED 
D/RILJ    ( 1628): [UNSL]< UNSOL_RESPONSE_CALL_STATE_CHANGED
D/RILJ    ( 1628): [1342]> GET_CURRENT_CALLS
D/RILC    ( 1458): [UNSL]< UNSOL_RESPONSE_CALL_STATE_CHANGED 
D/RILJ    ( 1628): [UNSL]< UNSOL_RESPONSE_CALL_STATE_CHANGED
D/RILJ    ( 1628): [1343]> GET_CURRENT_CALLS
D/RILC    ( 1458): [1342]> GET_CURRENT_CALLS 
D/RIL     ( 1458): onRequest: GET_CURRENT_CALLS
D/AT      ( 1458): AT> AT+CLCC
D/AT      ( 1458): AT< +CLCC: 1,0,0,0,0,"13701680906",129
D/AT      ( 1458): AT< +CLCC: 2,1,4,0,0,"02150806177",129
D/AT      ( 1458): AT< OK
D/RILC    ( 1458): [1342]< GET_CURRENT_CALLS {[id=1,ACTIVE,toa=129,norm,mo,als=0,voc,noevp,13701680906,cli=0,name='(null)',0][id=2,INCOMING,toa=129,norm,mt,als=0,voc,noevp,02150806177,cli=0,name='(null)',0}
D/RILC    ( 1458): [1343]> GET_CURRENT_CALLS 
D/RIL     ( 1458): onRequest: GET_CURRENT_CALLS
D/AT      ( 1458): AT> AT+CLCC
D/RILJ    ( 1628): InCall VoicePrivacy is disabled
D/RILJ    ( 1628): InCall VoicePrivacy is disabled
D/RILJ    ( 1628): [1342]< GET_CURRENT_CALLS  [id=1,ACTIVE,toa=129,norm,mo,0,voc,noevp,,cli=1,,0] [id=2,INCOMING,toa=129,norm,mt,0,voc,noevp,,cli=1,,0] 
D/AT      ( 1458): AT< +CLCC: 1,0,0,0,0,"13701680906",129
D/AT      ( 1458): AT< +CLCC: 2,1,4,0,0,"02150806177",129
D/AT      ( 1458): AT< OK
D/RILC    ( 1458): [1343]< GET_CURRENT_CALLS {[id=1,ACTIVE,toa=129,norm,mo,als=0,voc,noevp,13701680906,cli=0,name='(null)',0][id=2,INCOMING,toa=129,norm,mt,als=0,voc,noevp,02150806177,cli=0,name='(null)',0}
D/RILJ    ( 1628): InCall VoicePrivacy is disabled
D/RILJ    ( 1628): InCall VoicePrivacy is disabled
D/RILJ    ( 1628): [1343]< GET_CURRENT_CALLS  [id=1,ACTIVE,toa=129,norm,mo,0,voc,noevp,,cli=1,,0] [id=2,INCOMING,toa=129,norm,mt,0,voc,noevp,,cli=1,,0] 
D/GSM     ( 1628): [GSMConn] update: parent=ACTIVE, hasNewParent=false, wasConnectingInOrOut=false, wasHolding=false, isConnectingInOrOut=false, changed=false
D/GSM     ( 1628): [GSMConn] update: parent=INCOMING, hasNewParent=false, wasConnectingInOrOut=true, wasHolding=false, isConnectingInOrOut=true, changed=false
D/RILC    ( 1458): [UNSL]< UNSOL_RESPONSE_CALL_STATE_CHANGED 
D/RILJ    ( 1628): [UNSL]< UNSOL_RESPONSE_CALL_STATE_CHANGED
D/RILJ    ( 1628): [1344]> GET_CURRENT_CALLS
D/RILC    ( 1458): [1344]> GET_CURRENT_CALLS 
D/RIL     ( 1458): onRequest: GET_CURRENT_CALLS
D/AT      ( 1458): AT> AT+CLCC
D/AT      ( 1458): AT< +CLCC: 1,0,0,0,0,"13701680906",129
D/AT      ( 1458): AT< +CLCC: 2,1,4,0,0,"02150806177",129
D/AT      ( 1458): AT< OK
D/RILC    ( 1458): [1344]< GET_CURRENT_CALLS {[id=1,ACTIVE,toa=129,norm,mo,als=0,voc,noevp,13701680906,cli=0,name='(null)',0][id=2,INCOMING,toa=129,norm,mt,als=0,voc,noevp,02150806177,cli=0,name='(null)',0}
D/RILJ    ( 1628): InCall VoicePrivacy is disabled
D/RILJ    ( 1628): InCall VoicePrivacy is disabled
D/RILJ    ( 1628): [1344]< GET_CURRENT_CALLS  [id=1,ACTIVE,toa=129,norm,mo,0,voc,noevp,,cli=1,,0] [id=2,INCOMING,toa=129,norm,mt,0,voc,noevp,,cli=1,,0] 
D/GSM     ( 1628): [GSMConn] update: parent=ACTIVE, hasNewParent=false, wasConnectingInOrOut=false, wasHolding=false, isConnectingInOrOut=false, changed=false
D/GSM     ( 1628): [GSMConn] update: parent=INCOMING, hasNewParent=false, wasConnectingInOrOut=true, wasHolding=false, isConnectingInOrOut=true, changed=false
D/RILC    ( 1458): [UNSL]< UNSOL_RESPONSE_CALL_STATE_CHANGED 
D/RILJ    ( 1628): [UNSL]< UNSOL_RESPONSE_CALL_STATE_CHANGED
