D/GSM     ( 1628): [GSMConn] update: parent=INCOMING, hasNewParent=false, wasConnectingInOrOut=true, wasHolding=false, isConnectingInOrOut=true, changed=false
D/RILC    ( 1458): [UNSL]< UNSOL_RESPONSE_CALL_STATE_CHANGED 
D/RILJ    ( 1628): [UNSL]< UNSOL_RESPONSE_CALL_STATE_CHANGED
D/RILJ    ( 1628): [1265]> GET_CURRENT_CALLS
D/RILC    ( 1458): [1265]> GET_CURRENT_CALLS 
D/RIL     ( 1458): onRequest: GET_CURRENT_CALLS
D/AT      ( 1458): AT> AT+CLCC
D/AT      ( 1458): AT< +CLCC: 1,0,0,0,0,"13701680906",129
D/AT      ( 1458): AT< +CLCC: 2,1,4,0,0,"02150806177",129
D/AT      ( 1458): AT< OK
D/RILC    ( 1458): [1265]< GET_CURRENT_CALLS {[id=1,ACTIVE,toa=129,norm,mo,als=0,voc,noevp,13701680906,cli=0,name='(null)',0][id=2,INCOMING,toa=129,norm,mt,als=0,voc,noevp,02150806177,cli=0,name='(null)',0}
D/RILJ    ( 1628): InCall VoicePrivacy is disabled
D/RILJ    ( 1628): InCall VoicePrivacy is disabled
D/RILJ    ( 1628): [1265]< GET_CURRENT_CALLS  [id=1,ACTIVE,toa=129,norm,mo,0,voc,noevp,,cli=1,,0] [id=2,INCOMING,toa=129,norm,mt,0,voc,noevp,,cli=1,,0] 
D/GSM     ( 1628): [GSMConn] update: parent=ACTIVE, hasNewParent=false, wasConnectingInOrOut=false, wasHolding=false, isConnectingInOrOut=false, changed=false
D/GSM     ( 1628): [GSMConn] update: parent=INCOMING, hasNewParent=false, wasConnectingInOrOut=true, wasHolding=false, isConnectingInOrOut=true, changed=false
D/RILC    ( 1458): [UNSL]< UNSOL_RESPONSE_CALL_STATE_CHANGED 
D/RILJ    ( 1628): [UNSL]< UNSOL_RESPONSE_CALL_STATE_CHANGED
D/RILJ    ( 1628): [1266]> GET_CURRENT_CALLS
D/RILC    ( 1458): [1266]> GET_CURRENT_CALLS 
D/RIL     ( 1458): onRequest: GET_CURRENT_CALLS
D/AT      ( 1458): AT> AT+CLCC
D/AT      ( 1458): AT< +CLCC: 1,0,0,0,0,"13701680906",129
D/AT      ( 1458): AT< +CLCC: 2,1,4,0,0,"02150806177",129
D/AT      ( 1458): AT< OK
D/RILC    ( 1458): [1266]< GET_CURRENT_CALLS {[id=1,ACTIVE,toa=129,norm,mo,als=0,voc,noevp,13701680906,cli=0,name='(null)',0][id=2,INCOMING,toa=129,norm,mt,als=0,voc,noevp,02150806177,cli=0,name='(null)',0}
D/RILJ    ( 1628): InCall VoicePrivacy is disabled
D/RILJ    ( 1628): InCall VoicePrivacy is disabled
D/RILJ    ( 1628): [1266]< GET_CURRENT_CALLS  [id=1,ACTIVE,toa=129,norm,mo,0,voc,noevp,,cli=1,,0] [id=2,INCOMING,toa=129,norm,mt,0,voc,noevp,,cli=1,,0] 
D/GSM     ( 1628): [GSMConn] update: parent=ACTIVE, hasNewParent=false, wasConnectingInOrOut=false, wasHolding=false, isConnectingInOrOut=false, changed=false
D/GSM     ( 1628): [GSMConn] update: parent=INCOMING, hasNewParent=false, wasConnectingInOrOut=true, wasHolding=false, isConnectingInOrOut=true, changed=false
D/RILC    ( 1458): [UNSL]< UNSOL_RESPONSE_CALL_STATE_CHANGED 
D/RILJ    ( 1628): [UNSL]< UNSOL_RESPONSE_CALL_STATE_CHANGED
D/RILJ    ( 1628): [1267]> GET_CURRENT_CALLS
D/RILC    ( 1458): [1267]> GET_CURRENT_CALLS 
D/RIL     ( 1458): onRequest: GET_CURRENT_CALLS
D/AT      ( 1458): AT> AT+CLCC
D/AT      ( 1458): AT< +CLCC: 1,0,0,0,0,"13701680906",129
D/AT      ( 1458): AT< +CLCC: 2,1,4,0,0,"02150806177",129
D/AT      ( 1458): AT< OK
D/RILC    ( 1458): [1267]< GET_CURRENT_CALLS {[id=1,ACTIVE,toa=129,norm,mo,als=0,voc,noevp,13701680906,cli=0,name='(null)',0][id=2,INCOMING,toa=129,norm,mt,als=0,voc,noevp,02150806177,cli=0,name='(null)',0}
D/RILJ    ( 1628): InCall VoicePrivacy is disabled
D/RILJ    ( 1628): InCall VoicePrivacy is disabled
D/RILJ    ( 1628): [1267]< GET_CURRENT_CALLS  [id=1,ACTIVE,toa=129,norm,mo,0,voc,noevp,,cli=1,,0] [id=2,INCOMING,toa=129,norm,mt,0,voc,noevp,,cli=1,,0] 
D/GSM     ( 1628): [GSMConn] update: parent=ACTIVE, hasNewParent=false, wasConnectingInOrOut=false, wasHolding=false, isConnectingInOrOut=false, changed=false
D/GSM     ( 1628): [GSMConn] update: parent=INCOMING, hasNewParent=false, wasConnectingInOrOut=true, wasHolding=false, isConnectingInOrOut=true, changed=false
D/RILC    ( 1458): [UNSL]< UNSOL_RESPONSE_CALL_STATE_CHANGED 
D/RILC    ( 1458): [UNSL]< UNSOL_RESPONSE_CALL_STATE_CHANGED 
D/RILJ    ( 1628): [UNSL]< UNSOL_RESPONSE_CALL_STATE_CHANGED
D/RILC    ( 1458): [UNSL]< UNSOL_RESPONSE_CALL_STATE_CHANGED 
D/RILJ    ( 1628): [1268]> GET_CURRENT_CALLS
D/RILC    ( 1458): [1268]> GET_CURRENT_CALLS 
D/RIL     ( 1458): onRequest: GET_CURRENT_CALLS
D/AT      ( 1458): AT> AT+CLCC
D/AT      ( 1458): AT< +CLCC: 1,0,0,0,0,"13701680906",129
D/AT      ( 1458): AT< +CLCC: 2,1,4,0,0,"02150806177",129
D/AT      ( 1458): AT< OK
D/RILC    ( 1458): [1268]< GET_CURRENT_CALLS {[id=1,ACTIVE,toa=129,norm,mo,als=0,voc,noevp,13701680906,cli=0,name='(null)',0][id=2,INCOMING,toa=129,norm,mt,als=0,voc,noevp,02150806177,cli=0,name='(null)',0}
D/RILJ    ( 1628): [UNSL]< UNSOL_RESPONSE_CALL_STATE_CHANGED
D/RILJ    ( 1628): [1269]> GET_CURRENT_CALLS
D/RILC    ( 1458): [1269]> GET_CURRENT_CALLS 
D/RIL     ( 1458): onRequest: GET_CURRENT_CALLS
D/AT      ( 1458): AT> AT+CLCC
D/AT      ( 1458): AT< +CLCC: 1,0,0,0,0,"13701680906",129
D/AT      ( 1458): AT< +CLCC: 2,1,4,0,0,"02150806177",129
D/AT      ( 1458): AT< OK
D/RILC    ( 1458): [1269]< GET_CURRENT_CALLS {[id=1,ACTIVE,toa=129,norm,mo,als=0,voc,noevp,13701680906,cli=0,name='(null)',0][id=2,INCOMING,toa=129,norm,mt,als=0,voc,noevp,02150806177,cli=0,name='(null)',0}
D/RILJ    ( 1628): [UNSL]< UNSOL_RESPONSE_CALL_STATE_CHANGED
D/RILJ    ( 1628): [1270]> GET_CURRENT_CALLS
D/RILC    ( 1458): [1270]> GET_CURRENT_CALLS 
D/RIL     ( 1458): onRequest: GET_CURRENT_CALLS
D/AT      ( 1458): AT> AT+CLCC
D/AT      ( 1458): AT< +CLCC: 1,0,0,0,0,"13701680906",129
D/AT      ( 1458): AT< +CLCC: 2,1,4,0,0,"02150806177",129
D/AT      ( 1458): AT< OK
D/RILC    ( 1458): [1270]< GET_CURRENT_CALLS {[id=1,ACTIVE,toa=129,norm,mo,als=0,voc,noevp,13701680906,cli=0,name='(null)',0][id=2,INCOMING,toa=129,norm,mt,als=0,voc,noevp,02150806177,cli=0,name='(null)',0}
D/RILJ    ( 1628): InCall VoicePrivacy is disabled
D/RILJ    ( 1628): InCall VoicePrivacy is disabled
D/RILJ    ( 1628): [1268]< GET_CURRENT_CALLS  [id=1,ACTIVE,toa=129,norm,mo,0,voc,noevp,,cli=1,,0] [id=2,INCOMING,toa=129,norm,mt,0,voc,noevp,,cli=1,,0] 
D/RILJ    ( 1628): InCall VoicePrivacy is disabled
D/RILJ    ( 1628): InCall VoicePrivacy is disabled
D/RILJ    ( 1628): [1269]< GET_CURRENT_CALLS  [id=1,ACTIVE,toa=129,norm,mo,0,voc,noevp,,cli=1,,0] [id=2,INCOMING,toa=129,norm,mt,0,voc,noevp,,cli=1,,0] 
D/RILJ    ( 1628): InCall VoicePrivacy is disabled
D/RILJ    ( 1628): InCall VoicePrivacy is disabled
D/RILJ    ( 1628): [1270]< GET_CURRENT_CALLS  [id=1,ACTIVE,toa=129,norm,mo,0,voc,noevp,,cli=1,,0] [id=2,INCOMING,toa=129,norm,mt,0,voc,noevp,,cli=1,,0] 
D/GSM     ( 1628): [GSMConn] update: parent=ACTIVE, hasNewParent=false, wasConnectingInOrOut=false, wasHolding=false, isConnectingInOrOut=false, changed=false
D/GSM     ( 1628): [GSMConn] update: parent=INCOMING, hasNewParent=false, wasConnectingInOrOut=true, wasHolding=false, isConnectingInOrOut=true, changed=false
D/RILC    ( 1458): [UNSL]< UNSOL_RESPONSE_CALL_STATE_CHANGED 
D/RILJ    ( 1628): [UNSL]< UNSOL_RESPONSE_CALL_STATE_CHANGED
D/RILJ    ( 1628): [1271]> GET_CURRENT_CALLS
D/RILC    ( 1458): [1271]> GET_CURRENT_CALLS 
D/RIL     ( 1458): onRequest: GET_CURRENT_CALLS
D/AT      ( 1458): AT> AT+CLCC
D/AT      ( 1458): AT< +CLCC: 1,0,0,0,0,"13701680906",129
D/AT      ( 1458): AT< +CLCC: 2,1,4,0,0,"02150806177",129
D/AT      ( 1458): AT< OK
D/RILC    ( 1458): [1271]< GET_CURRENT_CALLS {[id=1,ACTIVE,toa=129,norm,mo,als=0,voc,noevp,13701680906,cli=0,name='(null)',0][id=2,INCOMING,toa=129,norm,mt,als=0,voc,noevp,02150806177,cli=0,name='(null)',0}
D/RILJ    ( 1628): InCall VoicePrivacy is disabled
D/RILJ    ( 1628): InCall VoicePrivacy is disabled
D/RILJ    ( 1628): [1271]< GET_CURRENT_CALLS  [id=1,ACTIVE,toa=129,norm,mo,0,voc,noevp,,cli=1,,0] [id=2,INCOMING,toa=129,norm,mt,0,voc,noevp,,cli=1,,0] 
D/GSM     ( 1628): [GSMConn] update: parent=ACTIVE, hasNewParent=false, wasConnectingInOrOut=false, wasHolding=false, isConnectingInOrOut=false, changed=false
D/GSM     ( 1628): [GSMConn] update: parent=INCOMING, hasNewParent=false, wasConnectingInOrOut=true, wasHolding=false, isConnectingInOrOut=true, changed=false
D/RILC    ( 1458): [UNSL]< UNSOL_RESPONSE_CALL_STATE_CHANGED 
D/RILJ    ( 1628): [UNSL]< UNSOL_RESPONSE_CALL_STATE_CHANGED
D/RILJ    ( 1628): [1272]> GET_CURRENT_CALLS
D/RILC    ( 1458): [1272]> GET_CURRENT_CALLS 
D/RIL     ( 1458): onRequest: GET_CURRENT_CALLS
D/AT      ( 1458): AT> AT+CLCC
D/AT      ( 1458): AT< +CLCC: 1,0,0,0,0,"13701680906",129
D/AT      ( 1458): AT< +CLCC: 2,1,4,0,0,"02150806177",129
D/AT      ( 1458): AT< OK
D/RILC    ( 1458): [1272]< GET_CURRENT_CALLS {[id=1,ACTIVE,toa=129,norm,mo,als=0,voc,noevp,13701680906,cli=0,name='(null)',0][id=2,INCOMING,toa=129,norm,mt,als=0,voc,noevp,02150806177,cli=0,name='(null)',0}
D/RILJ    ( 1628): InCall VoicePrivacy is disabled
D/RILJ    ( 1628): InCall VoicePrivacy is disabled
D/RILJ    ( 1628): [1272]< GET_CURRENT_CALLS  [id=1,ACTIVE,toa=129,norm,mo,0,voc,noevp,,cli=1,,0] [id=2,INCOMING,toa=129,norm,mt,0,voc,noevp,,cli=1,,0] 
D/GSM     ( 1628): [GSMConn] update: parent=ACTIVE, hasNewParent=false, wasConnectingInOrOut=false, wasHolding=false, isConnectingInOrOut=false, changed=false
D/GSM     ( 1628): [GSMConn] update: parent=INCOMING, hasNewParent=false, wasConnectingInOrOut=true, wasHolding=false, isConnectingInOrOut=true, changed=false
D/RILC    ( 1458): [UNSL]< UNSOL_RESPONSE_CALL_STATE_CHANGED 
D/RILJ    ( 1628): [UNSL]< UNSOL_RESPONSE_CALL_STATE_CHANGED
D/RILJ    ( 1628): [1273]> GET_CURRENT_CALLS
D/RILC    ( 1458): [1273]> GET_CURRENT_CALLS 
D/RIL     ( 1458): onRequest: GET_CURRENT_CALLS
D/AT      ( 1458): AT> AT+CLCC
D/AT      ( 1458): AT< +CLCC: 1,0,0,0,0,"13701680906",129
D/AT      ( 1458): AT< +CLCC: 2,1,4,0,0,"02150806177",129
D/AT      ( 1458): AT< OK
D/RILC    ( 1458): [1273]< GET_CURRENT_CALLS {[id=1,ACTIVE,toa=129,norm,mo,als=0,voc,noevp,13701680906,cli=0,name='(null)',0][id=2,INCOMING,toa=129,norm,mt,als=0,voc,noevp,02150806177,cli=0,name='(null)',0}
D/RILJ    ( 1628): InCall VoicePrivacy is disabled
D/RILJ    ( 1628): InCall VoicePrivacy is disabled
D/RILJ    ( 1628): [1273]< GET_CURRENT_CALLS  [id=1,ACTIVE,toa=129,norm,mo,0,voc,noevp,,cli=1,,0] [id=2,INCOMING,toa=129,norm,mt,0,voc,noevp,,cli=1,,0] 
D/GSM     ( 1628): [GSMConn] update: parent=ACTIVE, hasNewParent=false, wasConnectingInOrOut=false, wasHolding=false, isConnectingInOrOut=false, changed=false
D/GSM     ( 1628): [GSMConn] update: parent=INCOMING, hasNewParent=false, wasConnectingInOrOut=true, wasHolding=false, isConnectingInOrOut=true, changed=false
D/RILC    ( 1458): [UNSL]< UNSOL_RESPONSE_CALL_STATE_CHANGED 
D/RILJ    ( 1628): [UNSL]< UNSOL_RESPONSE_CALL_STATE_CHANGED
D/RILJ    ( 1628): [1274]> GET_CURRENT_CALLS
D/RILC    ( 1458): [UNSL]< UNSOL_RESPONSE_CALL_STATE_CHANGED 
D/RILC    ( 1458): [1274]> GET_CURRENT_CALLS 
D/RIL     ( 1458): onRequest: GET_CURRENT_CALLS
D/AT      ( 1458): AT> AT+CLCC
D/AT      ( 1458): AT< +CLCC: 1,0,0,0,0,"13701680906",129
D/AT      ( 1458): AT< +CLCC: 2,1,4,0,0,"02150806177",129
D/AT      ( 1458): AT< OK
D/RILC    ( 1458): [1274]< GET_CURRENT_CALLS {[id=1,ACTIVE,toa=129,norm,mo,als=0,voc,noevp,13701680906,cli=0,name='(null)',0][id=2,INCOMING,toa=129,norm,mt,als=0,voc,noevp,02150806177,cli=0,name='(null)',0}
D/RILC    ( 1458): [UNSL]< UNSOL_RESPONSE_CALL_STATE_CHANGED 
D/RILJ    ( 1628): [UNSL]< UNSOL_RESPONSE_CALL_STATE_CHANGED
D/RILC    ( 1458): [UNSL]< UNSOL_RESPONSE_CALL_STATE_CHANGED 
D/RILJ    ( 1628): [1275]> GET_CURRENT_CALLS
D/RILC    ( 1458): [1275]> GET_CURRENT_CALLS 
D/RIL     ( 1458): onRequest: GET_CURRENT_CALLS
D/AT      ( 1458): AT> AT+CLCC
D/AT      ( 1458): AT< +CLCC: 1,0,0,0,0,"13701680906",129
D/AT      ( 1458): AT< +CLCC: 2,1,4,0,0,"02150806177",129
D/AT      ( 1458): AT< OK
D/RILC    ( 1458): [1275]< GET_CURRENT_CALLS {[id=1,ACTIVE,toa=129,norm,mo,als=0,voc,noevp,13701680906,cli=0,name='(null)',0][id=2,INCOMING,toa=129,norm,mt,als=0,voc,noevp,02150806177,cli=0,name='(null)',0}
D/RILJ    ( 1628): InCall VoicePrivacy is disabled
D/RILJ    ( 1628): InCall VoicePrivacy is disabled
D/RILJ    ( 1628): [1274]< GET_CURRENT_CALLS  [id=1,ACTIVE,toa=129,norm,mo,0,voc,noevp,,cli=1,,0] [id=2,INCOMING,toa=129,norm,mt,0,voc,noevp,,cli=1,,0] 
D/RILJ    ( 1628): [UNSL]< UNSOL_RESPONSE_CALL_STATE_CHANGED
D/RILJ    ( 1628): [1276]> GET_CURRENT_CALLS
D/RILC    ( 1458): [1276]> GET_CURRENT_CALLS 
D/RIL     ( 1458): onRequest: GET_CURRENT_CALLS
D/AT      ( 1458): AT> AT+CLCC
D/AT      ( 1458): AT< +CLCC: 1,0,0,0,0,"13701680906",129
D/AT      ( 1458): AT< +CLCC: 2,1,4,0,0,"02150806177",129
D/AT      ( 1458): AT< OK
D/RILC    ( 1458): [1276]< GET_CURRENT_CALLS {[id=1,ACTIVE,toa=129,norm,mo,als=0,voc,noevp,13701680906,cli=0,name='(null)',0][id=2,INCOMING,toa=129,norm,mt,als=0,voc,noevp,02150806177,cli=0,name='(null)',0}
D/RILJ    ( 1628): [UNSL]< UNSOL_RESPONSE_CALL_STATE_CHANGED
D/RILJ    ( 1628): [1277]> GET_CURRENT_CALLS
D/RILC    ( 1458): [1277]> GET_CURRENT_CALLS 
D/RIL     ( 1458): onRequest: GET_CURRENT_CALLS
D/AT      ( 1458): AT> AT+CLCC
D/AT      ( 1458): AT< +CLCC: 1,0,0,0,0,"13701680906",129
D/AT      ( 1458): AT< +CLCC: 2,1,4,0,0,"02150806177",129
D/AT      ( 1458): AT< OK
D/RILC    ( 1458): [1277]< GET_CURRENT_CALLS {[id=1,ACTIVE,toa=129,norm,mo,als=0,voc,noevp,13701680906,cli=0,name='(null)',0][id=2,INCOMING,toa=129,norm,mt,als=0,voc,noevp,02150806177,cli=0,name='(null)',0}
D/RILJ    ( 1628): InCall VoicePrivacy is disabled
D/RILJ    ( 1628): InCall VoicePrivacy is disabled
D/RILJ    ( 1628): [1275]< GET_CURRENT_CALLS  [id=1,ACTIVE,toa=129,norm,mo,0,voc,noevp,,cli=1,,0] [id=2,INCOMING,toa=129,norm,mt,0,voc,noevp,,cli=1,,0] 
D/RILJ    ( 1628): InCall VoicePrivacy is disabled
D/RILJ    ( 1628): InCall VoicePrivacy is disabled
D/RILJ    ( 1628): [1276]< GET_CURRENT_CALLS  [id=1,ACTIVE,toa=129,norm,mo,0,voc,noevp,,cli=1,,0] [id=2,INCOMING,toa=129,norm,mt,0,voc,noevp,,cli=1,,0] 
D/RILJ    ( 1628): InCall VoicePrivacy is disabled
D/RILJ    ( 1628): InCall VoicePrivacy is disabled
D/RILJ    ( 1628): [1277]< GET_CURRENT_CALLS  [id=1,ACTIVE,toa=129,norm,mo,0,voc,noevp,,cli=1,,0] [id=2,INCOMING,toa=129,norm,mt,0,voc,noevp,,cli=1,,0] 
D/GSM     ( 1628): [GSMConn] update: parent=ACTIVE, hasNewParent=false, wasConnectingInOrOut=false, wasHolding=false, isConnectingInOrOut=false, changed=false
D/GSM     ( 1628): [GSMConn] update: parent=INCOMING, hasNewParent=false, wasConnectingInOrOut=true, wasHolding=false, isConnectingInOrOut=true, changed=false
D/RILC    ( 1458): [UNSL]< UNSOL_RESPONSE_CALL_STATE_CHANGED 
D/RILJ    ( 1628): [UNSL]< UNSOL_RESPONSE_CALL_STATE_CHANGED
D/RILJ    ( 1628): [1278]> GET_CURRENT_CALLS
D/RILC    ( 1458): [1278]> GET_CURRENT_CALLS 
D/RIL     ( 1458): onRequest: GET_CURRENT_CALLS
D/AT      ( 1458): AT> AT+CLCC
D/AT      ( 1458): AT< +CLCC: 1,0,0,0,0,"13701680906",129
D/AT      ( 1458): AT< +CLCC: 2,1,4,0,0,"02150806177",129
D/AT      ( 1458): AT< OK
D/RILC    ( 1458): [1278]< GET_CURRENT_CALLS {[id=1,ACTIVE,toa=129,norm,mo,als=0,voc,noevp,13701680906,cli=0,name='(null)',0][id=2,INCOMING,toa=129,norm,mt,als=0,voc,noevp,02150806177,cli=0,name='(null)',0}
D/RILJ    ( 1628): InCall VoicePrivacy is disabled
D/RILJ    ( 1628): InCall VoicePrivacy is disabled
D/RILJ    ( 1628): [1278]< GET_CURRENT_CALLS  [id=1,ACTIVE,toa=129,norm,mo,0,voc,noevp,,cli=1,,0] [id=2,INCOMING,toa=129,norm,mt,0,voc,noevp,,cli=1,,0] 
D/GSM     ( 1628): [GSMConn] update: parent=ACTIVE, hasNewParent=false, wasConnectingInOrOut=false, wasHolding=false, isConnectingInOrOut=false, changed=false
D/GSM     ( 1628): [GSMConn] update: parent=INCOMING, hasNewParent=false, wasConnectingInOrOut=true, wasHolding=false, isConnectingInOrOut=true, changed=false
D/RILC    ( 1458): [UNSL]< UNSOL_RESPONSE_CALL_STATE_CHANGED 
D/RILJ    ( 1628): [UNSL]< UNSOL_RESPONSE_CALL_STATE_CHANGED
D/RILJ    ( 1628): [1279]> GET_CURRENT_CALLS
D/RILC    ( 1458): [1279]> GET_CURRENT_CALLS 
D/RIL     ( 1458): onRequest: GET_CURRENT_CALLS
D/AT      ( 1458): AT> AT+CLCC
D/AT      ( 1458): AT< +CLCC: 1,0,0,0,0,"13701680906",129
D/AT      ( 1458): AT< +CLCC: 2,1,4,0,0,"02150806177",129
D/AT      ( 1458): AT< OK
D/RILC    ( 1458): [1279]< GET_CURRENT_CALLS {[id=1,ACTIVE,toa=129,norm,mo,als=0,voc,noevp,13701680906,cli=0,name='(null)',0][id=2,INCOMING,toa=129,norm,mt,als=0,voc,noevp,02150806177,cli=0,name='(null)',0}
D/RILJ    ( 1628): InCall VoicePrivacy is disabled
D/RILJ    ( 1628): InCall VoicePrivacy is disabled
D/RILJ    ( 1628): [1279]< GET_CURRENT_CALLS  [id=1,ACTIVE,toa=129,norm,mo,0,voc,noevp,,cli=1,,0] [id=2,INCOMING,toa=129,norm,mt,0,voc,noevp,,cli=1,,0] 
D/GSM     ( 1628): [GSMConn] update: parent=ACTIVE, hasNewParent=false, wasConnectingInOrOut=false, wasHolding=false, isConnectingInOrOut=false, changed=false
D/GSM     ( 1628): [GSMConn] update: parent=INCOMING, hasNewParent=false, wasConnectingInOrOut=true, wasHolding=false, isConnectingInOrOut=true, changed=false
D/RILC    ( 1458): [UNSL]< UNSOL_RESPONSE_CALL_STATE_CHANGED 
D/RILJ    ( 1628): [UNSL]< UNSOL_RESPONSE_CALL_STATE_CHANGED
D/RILJ    ( 1628): [1280]> GET_CURRENT_CALLS
D/RILC    ( 1458): [1280]> GET_CURRENT_CALLS 
D/RIL     ( 1458): onRequest: GET_CURRENT_CALLS
D/AT      ( 1458): AT> AT+CLCC
D/AT      ( 1458): AT< +CLCC: 1,0,0,0,0,"13701680906",129
D/AT      ( 1458): AT< +CLCC: 2,1,4,0,0,"02150806177",129
D/AT      ( 1458): AT< OK
D/RILC    ( 1458): [1280]< GET_CURRENT_CALLS {[id=1,ACTIVE,toa=129,norm,mo,als=0,voc,noevp,13701680906,cli=0,name='(null)',0][id=2,INCOMING,toa=129,norm,mt,als=0,voc,noevp,02150806177,cli=0,name='(null)',0}
D/RILJ    ( 1628): InCall VoicePrivacy is disabled
D/RILJ    ( 1628): InCall VoicePrivacy is disabled
D/RILJ    ( 1628): [1280]< GET_CURRENT_CALLS  [id=1,ACTIVE,toa=129,norm,mo,0,voc,noevp,,cli=1,,0] [id=2,INCOMING,toa=129,norm,mt,0,voc,noevp,,cli=1,,0] 
D/GSM     ( 1628): [GSMConn] update: parent=ACTIVE, hasNewParent=false, wasConnectingInOrOut=false, wasHolding=false, isConnectingInOrOut=false, changed=false
D/GSM     ( 1628): [GSMConn] update: parent=INCOMING, hasNewParent=false, wasConnectingInOrOut=true, wasHolding=false, isConnectingInOrOut=true, changed=false
D/RILC    ( 1458): [UNSL]< UNSOL_RESPONSE_CALL_STATE_CHANGED 
D/RILJ    ( 1628): [UNSL]< UNSOL_RESPONSE_CALL_STATE_CHANGED
D/RILJ    ( 1628): [1281]> GET_CURRENT_CALLS
D/RILC    ( 1458): [1281]> GET_CURRENT_CALLS 
D/RIL     ( 1458): onRequest: GET_CURRENT_CALLS
D/AT      ( 1458): AT> AT+CLCC
D/AT      ( 1458): AT< +CLCC: 1,0,0,0,0,"13701680906",129
D/AT      ( 1458): AT< +CLCC: 2,1,4,0,0,"02150806177",129
D/AT      ( 1458): AT< OK
D/RILC    ( 1458): [1281]< GET_CURRENT_CALLS {[id=1,ACTIVE,toa=129,norm,mo,als=0,voc,noevp,13701680906,cli=0,name='(null)',0][id=2,INCOMING,toa=129,norm,mt,als=0,voc,noevp,02150806177,cli=0,name='(null)',0}
D/RILJ    ( 1628): InCall VoicePrivacy is disabled
D/RILJ    ( 1628): InCall VoicePrivacy is disabled
D/RILJ    ( 1628): [1281]< GET_CURRENT_CALLS  [id=1,ACTIVE,toa=129,norm,mo,0,voc,noevp,,cli=1,,0] [id=2,INCOMING,toa=129,norm,mt,0,voc,noevp,,cli=1,,0] 
D/GSM     ( 1628): [GSMConn] update: parent=ACTIVE, hasNewParent=false, wasConnectingInOrOut=false, wasHolding=false, isConnectingInOrOut=false, changed=false
D/GSM     ( 1628): [GSMConn] update: parent=INCOMING, hasNewParent=false, wasConnectingInOrOut=true, wasHolding=false, isConnectingInOrOut=true, changed=false
D/RILC    ( 1458): [UNSL]< UNSOL_RESPONSE_CALL_STATE_CHANGED 
D/RILJ    ( 1628): [UNSL]< UNSOL_RESPONSE_CALL_STATE_CHANGED
D/RILJ    ( 1628): [1282]> GET_CURRENT_CALLS
D/RILC    ( 1458): [1282]> GET_CURRENT_CALLS 
D/RIL     ( 1458): onRequest: GET_CURRENT_CALLS
D/AT      ( 1458): AT> AT+CLCC
D/AT      ( 1458): AT< +CLCC: 1,0,0,0,0,"13701680906",129
D/AT      ( 1458): AT< +CLCC: 2,1,4,0,0,"02150806177",129
D/AT      ( 1458): AT< OK
D/AT      ( 1458): AT< RING
D/RILC    ( 1458): [UNSL]< UNSOL_RESPONSE_CALL_STATE_CHANGED 
D/RILC    ( 1458): [1282]< GET_CURRENT_CALLS {[id=1,ACTIVE,toa=129,norm,mo,als=0,voc,noevp,13701680906,cli=0,name='(null)',0][id=2,INCOMING,toa=129,norm,mt,als=0,voc,noevp,02150806177,cli=0,name='(null)',0}
D/RILC    ( 1458): [UNSL]< UNSOL_RESPONSE_CALL_STATE_CHANGED 
D/RILJ    ( 1628): [UNSL]< UNSOL_RESPONSE_CALL_STATE_CHANGED
D/RILJ    ( 1628): [1283]> GET_CURRENT_CALLS
D/RILC    ( 1458): [1283]> GET_CURRENT_CALLS 
D/RIL     ( 1458): onRequest: GET_CURRENT_CALLS
D/AT      ( 1458): AT> AT+CLCC
D/AT      ( 1458): AT< +CLCC: 1,0,0,0,0,"13701680906",129
D/AT      ( 1458): AT< +CLCC: 2,1,4,0,0,"02150806177",129
D/AT      ( 1458): AT< OK
D/RILC    ( 1458): [1283]< GET_CURRENT_CALLS {[id=1,ACTIVE,toa=129,norm,mo,als=0,voc,noevp,13701680906,cli=0,name='(null)',0][id=2,INCOMING,toa=129,norm,mt,als=0,voc,noevp,02150806177,cli=0,name='(null)',0}
D/RILJ    ( 1628): InCall VoicePrivacy is disabled
D/RILJ    ( 1628): InCall VoicePrivacy is disabled
D/RILJ    ( 1628): [1282]< GET_CURRENT_CALLS  [id=1,ACTIVE,toa=129,norm,mo,0,voc,noevp,,cli=1,,0] [id=2,INCOMING,toa=129,norm,mt,0,voc,noevp,,cli=1,,0] 
D/RILJ    ( 1628): [UNSL]< UNSOL_RESPONSE_CALL_STATE_CHANGED
D/RILJ    ( 1628): [1284]> GET_CURRENT_CALLS
D/RILC    ( 1458): [1284]> GET_CURRENT_CALLS 
D/RIL     ( 1458): onRequest: GET_CURRENT_CALLS
D/AT      ( 1458): AT> AT+CLCC
D/AT      ( 1458): AT< +CLCC: 1,0,0,0,0,"13701680906",129
D/AT      ( 1458): AT< +CLCC: 2,1,4,0,0,"02150806177",129
D/AT      ( 1458): AT< OK
D/RILC    ( 1458): [1284]< GET_CURRENT_CALLS {[id=1,ACTIVE,toa=129,norm,mo,als=0,voc,noevp,13701680906,cli=0,name='(null)',0][id=2,INCOMING,toa=129,norm,mt,als=0,voc,noevp,02150806177,cli=0,name='(null)',0}
D/RILJ    ( 1628): InCall VoicePrivacy is disabled
D/RILJ    ( 1628): InCall VoicePrivacy is disabled
D/RILJ    ( 1628): [1283]< GET_CURRENT_CALLS  [id=1,ACTIVE,toa=129,norm,mo,0,voc,noevp,,cli=1,,0] [id=2,INCOMING,toa=129,norm,mt,0,voc,noevp,,cli=1,,0] 
D/RILJ    ( 1628): InCall VoicePrivacy is disabled
D/RILJ    ( 1628): InCall VoicePrivacy is disabled
D/RILJ    ( 1628): [1284]< GET_CURRENT_CALLS  [id=1,ACTIVE,toa=129,norm,mo,0,voc,noevp,,cli=1,,0] [id=2,INCOMING,toa=129,norm,mt,0,voc,noevp,,cli=1,,0] 
D/GSM     ( 1628): [GSMConn] update: parent=ACTIVE, hasNewParent=false, wasConnectingInOrOut=false, wasHolding=false, isConnectingInOrOut=false, changed=false
D/GSM     ( 1628): [GSMConn] update: parent=INCOMING, hasNewParent=false, wasConnectingInOrOut=true, wasHolding=false, isConnectingInOrOut=true, changed=false
D/RILC    ( 1458): [UNSL]< UNSOL_RESPONSE_CALL_STATE_CHANGED 
D/RILJ    ( 1628): [UNSL]< UNSOL_RESPONSE_CALL_STATE_CHANGED
D/RILJ    ( 1628): [1285]> GET_CURRENT_CALLS
D/RILC    ( 1458): [1285]> GET_CURRENT_CALLS 
D/RIL     ( 1458): onRequest: GET_CURRENT_CALLS
D/AT      ( 1458): AT> AT+CLCC
D/AT      ( 1458): AT< +CLCC: 1,0,0,0,0,"13701680906",129
D/AT      ( 1458): AT< +CLCC: 2,1,4,0,0,"02150806177",129
D/AT      ( 1458): AT< OK
D/RILC    ( 1458): [1285]< GET_CURRENT_CALLS {[id=1,ACTIVE,toa=129,norm,mo,als=0,voc,noevp,13701680906,cli=0,name='(null)',0][id=2,INCOMING,toa=129,norm,mt,als=0,voc,noevp,02150806177,cli=0,name='(null)',0}
D/RILJ    ( 1628): InCall VoicePrivacy is disabled
D/RILJ    ( 1628): InCall VoicePrivacy is disabled
D/RILJ    ( 1628): [1285]< GET_CURRENT_CALLS  [id=1,ACTIVE,toa=129,norm,mo,0,voc,noevp,,cli=1,,0] [id=2,INCOMING,toa=129,norm,mt,0,voc,noevp,,cli=1,,0] 
D/GSM     ( 1628): [GSMConn] update: parent=ACTIVE, hasNewParent=false, wasConnectingInOrOut=false, wasHolding=false, isConnectingInOrOut=false, changed=false
D/GSM     ( 1628): [GSMConn] update: parent=INCOMING, hasNewParent=false, wasConnectingInOrOut=true, wasHolding=false, isConnectingInOrOut=true, changed=false
D/RILC    ( 1458): [UNSL]< UNSOL_RESPONSE_CALL_STATE_CHANGED 
D/RILJ    ( 1628): [UNSL]< UNSOL_RESPONSE_CALL_STATE_CHANGED
D/RILJ    ( 1628): [1286]> GET_CURRENT_CALLS
D/RILC    ( 1458): [1286]> GET_CURRENT_CALLS 
D/RIL     ( 1458): onRequest: GET_CURRENT_CALLS
D/AT      ( 1458): AT> AT+CLCC
D/AT      ( 1458): AT< +CLCC: 1,0,0,0,0,"13701680906",129
D/AT      ( 1458): AT< +CLCC: 2,1,4,0,0,"02150806177",129
D/AT      ( 1458): AT< OK
D/RILC    ( 1458): [1286]< GET_CURRENT_CALLS {[id=1,ACTIVE,toa=129,norm,mo,als=0,voc,noevp,13701680906,cli=0,name='(null)',0][id=2,INCOMING,toa=129,norm,mt,als=0,voc,noevp,02150806177,cli=0,name='(null)',0}
D/RILJ    ( 1628): InCall VoicePrivacy is disabled
D/RILJ    ( 1628): InCall VoicePrivacy is disabled
D/RILJ    ( 1628): [1286]< GET_CURRENT_CALLS  [id=1,ACTIVE,toa=129,norm,mo,0,voc,noevp,,cli=1,,0] [id=2,INCOMING,toa=129,norm,mt,0,voc,noevp,,cli=1,,0] 
D/GSM     ( 1628): [GSMConn] update: parent=ACTIVE, hasNewParent=false, wasConnectingInOrOut=false, wasHolding=false, isConnectingInOrOut=false, changed=false
D/GSM     ( 1628): [GSMConn] update: parent=INCOMING, hasNewParent=false, wasConnectingInOrOut=true, wasHolding=false, isConnectingInOrOut=true, changed=false
D/RILC    ( 1458): [UNSL]< UNSOL_RESPONSE_CALL_STATE_CHANGED 
D/RILJ    ( 1628): [UNSL]< UNSOL_RESPONSE_CALL_STATE_CHANGED
D/RILJ    ( 1628): [1287]> GET_CURRENT_CALLS
D/RILC    ( 1458): [1287]> GET_CURRENT_CALLS 
D/RIL     ( 1458): onRequest: GET_CURRENT_CALLS
D/AT      ( 1458): AT> AT+CLCC
D/AT      ( 1458): AT< +CLCC: 1,0,0,0,0,"13701680906",129
D/AT      ( 1458): AT< +CLCC: 2,1,4,0,0,"02150806177",129
D/AT      ( 1458): AT< OK
D/RILC    ( 1458): [1287]< GET_CURRENT_CALLS {[id=1,ACTIVE,toa=129,norm,mo,als=0,voc,noevp,13701680906,cli=0,name='(null)',0][id=2,INCOMING,toa=129,norm,mt,als=0,voc,noevp,02150806177,cli=0,name='(null)',0}
D/RILJ    ( 1628): InCall VoicePrivacy is disabled
D/RILJ    ( 1628): InCall VoicePrivacy is disabled
D/RILJ    ( 1628): [1287]< GET_CURRENT_CALLS  [id=1,ACTIVE,toa=129,norm,mo,0,voc,noevp,,cli=1,,0] [id=2,INCOMING,toa=129,norm,mt,0,voc,noevp,,cli=1,,0] 
D/GSM     ( 1628): [GSMConn] update: parent=ACTIVE, hasNewParent=false, wasConnectingInOrOut=false, wasHolding=false, isConnectingInOrOut=false, changed=false
D/GSM     ( 1628): [GSMConn] update: parent=INCOMING, hasNewParent=false, wasConnectingInOrOut=true, wasHolding=false, isConnectingInOrOut=true, changed=false
D/RILC    ( 1458): [UNSL]< UNSOL_RESPONSE_CALL_STATE_CHANGED 
D/RILJ    ( 1628): [UNSL]< UNSOL_RESPONSE_CALL_STATE_CHANGED
D/RILJ    ( 1628): [1288]> GET_CURRENT_CALLS
D/RILC    ( 1458): [1288]> GET_CURRENT_CALLS 
D/RIL     ( 1458): onRequest: GET_CURRENT_CALLS
D/AT      ( 1458): AT> AT+CLCC
D/AT      ( 1458): AT< +CLCC: 1,0,0,0,0,"13701680906",129
D/AT      ( 1458): AT< +CLCC: 2,1,4,0,0,"02150806177",129
D/AT      ( 1458): AT< OK
D/RILC    ( 1458): [1288]< GET_CURRENT_CALLS {[id=1,ACTIVE,toa=129,norm,mo,als=0,voc,noevp,13701680906,cli=0,name='(null)',0][id=2,INCOMING,toa=129,norm,mt,als=0,voc,noevp,02150806177,cli=0,name='(null)',0}
D/RILJ    ( 1628): InCall VoicePrivacy is disabled
D/RILJ    ( 1628): InCall VoicePrivacy is disabled
D/RILJ    ( 1628): [1288]< GET_CURRENT_CALLS  [id=1,ACTIVE,toa=129,norm,mo,0,voc,noevp,,cli=1,,0] [id=2,INCOMING,toa=129,norm,mt,0,voc,noevp,,cli=1,,0] 
D/GSM     ( 1628): [GSMConn] update: parent=ACTIVE, hasNewParent=false, wasConnectingInOrOut=false, wasHolding=false, isConnectingInOrOut=false, changed=false
D/GSM     ( 1628): [GSMConn] update: parent=INCOMING, hasNewParent=false, wasConnectingInOrOut=true, wasHolding=false, isConnectingInOrOut=true, changed=false
D/RILC    ( 1458): [UNSL]< UNSOL_RESPONSE_CALL_STATE_CHANGED 
D/RILJ    ( 1628): [UNSL]< UNSOL_RESPONSE_CALL_STATE_CHANGED
D/RILJ    ( 1628): [1289]> GET_CURRENT_CALLS
D/RILC    ( 1458): [1289]> GET_CURRENT_CALLS 
D/RIL     ( 1458): onRequest: GET_CURRENT_CALLS
D/AT      ( 1458): AT> AT+CLCC
D/AT      ( 1458): AT< +CLCC: 1,0,0,0,0,"13701680906",129
D/AT      ( 1458): AT< +CLCC: 2,1,4,0,0,"02150806177",129
D/AT      ( 1458): AT< OK
D/RILC    ( 1458): [1289]< GET_CURRENT_CALLS {[id=1,ACTIVE,toa=129,norm,mo,als=0,voc,noevp,13701680906,cli=0,name='(null)',0][id=2,INCOMING,toa=129,norm,mt,als=0,voc,noevp,02150806177,cli=0,name='(null)',0}
D/RILC    ( 1458): [UNSL]< UNSOL_RESPONSE_CALL_STATE_CHANGED 
D/RILJ    ( 1628): InCall VoicePrivacy is disabled
D/RILJ    ( 1628): InCall VoicePrivacy is disabled
D/RILJ    ( 1628): [1289]< GET_CURRENT_CALLS  [id=1,ACTIVE,toa=129,norm,mo,0,voc,noevp,,cli=1,,0] [id=2,INCOMING,toa=129,norm,mt,0,voc,noevp,,cli=1,,0] 
D/GSM     ( 1628): [GSMConn] update: parent=ACTIVE, hasNewParent=false, wasConnectingInOrOut=false, wasHolding=false, isConnectingInOrOut=false, changed=false
D/GSM     ( 1628): [GSMConn] update: parent=INCOMING, hasNewParent=false, wasConnectingInOrOut=true, wasHolding=false, isConnectingInOrOut=true, changed=false
D/RILJ    ( 1628): [UNSL]< UNSOL_RESPONSE_CALL_STATE_CHANGED
D/RILJ    ( 1628): [1290]> GET_CURRENT_CALLS
D/RILC    ( 1458): [UNSL]< UNSOL_RESPONSE_CALL_STATE_CHANGED 
D/RILC    ( 1458): [1290]> GET_CURRENT_CALLS 
D/RIL     ( 1458): onRequest: GET_CURRENT_CALLS
D/AT      ( 1458): AT> AT+CLCC
D/AT      ( 1458): AT< +CLCC: 1,0,0,0,0,"13701680906",129
D/AT      ( 1458): AT< +CLCC: 2,1,4,0,0,"02150806177",129
D/AT      ( 1458): AT< OK
D/RILC    ( 1458): [1290]< GET_CURRENT_CALLS {[id=1,ACTIVE,toa=129,norm,mo,als=0,voc,noevp,13701680906,cli=0,name='(null)',0][id=2,INCOMING,toa=129,norm,mt,als=0,voc,noevp,02150806177,cli=0,name='(null)',0}
D/RILJ    ( 1628): [UNSL]< UNSOL_RESPONSE_CALL_STATE_CHANGED
D/RILJ    ( 1628): [1291]> GET_CURRENT_CALLS
D/RILC    ( 1458): [1291]> GET_CURRENT_CALLS 
D/RIL     ( 1458): onRequest: GET_CURRENT_CALLS
D/AT      ( 1458): AT> AT+CLCC
D/AT      ( 1458): AT< +CLCC: 1,0,0,0,0,"13701680906",129
D/AT      ( 1458): AT< +CLCC: 2,1,4,0,0,"02150806177",129
D/AT      ( 1458): AT< OK
D/RILC    ( 1458): [1291]< GET_CURRENT_CALLS {[id=1,ACTIVE,toa=129,norm,mo,als=0,voc,noevp,13701680906,cli=0,name='(null)',0][id=2,INCOMING,toa=129,norm,mt,als=0,voc,noevp,02150806177,cli=0,name='(null)',0}
D/RILJ    ( 1628): InCall VoicePrivacy is disabled
D/RILJ    ( 1628): InCall VoicePrivacy is disabled
D/RILJ    ( 1628): [1290]< GET_CURRENT_CALLS  [id=1,ACTIVE,toa=129,norm,mo,0,voc,noevp,,cli=1,,0] [id=2,INCOMING,toa=129,norm,mt,0,voc,noevp,,cli=1,,0] 
D/RILJ    ( 1628): InCall VoicePrivacy is disabled
D/RILJ    ( 1628): InCall VoicePrivacy is disabled
D/RILJ    ( 1628): [1291]< GET_CURRENT_CALLS  [id=1,ACTIVE,toa=129,norm,mo,0,voc,noevp,,cli=1,,0] [id=2,INCOMING,toa=129,norm,mt,0,voc,noevp,,cli=1,,0] 
D/GSM     ( 1628): [GSMConn] update: parent=ACTIVE, hasNewParent=false, wasConnectingInOrOut=false, wasHolding=false, isConnectingInOrOut=false, changed=false
D/GSM     ( 1628): [GSMConn] update: parent=INCOMING, hasNewParent=false, wasConnectingInOrOut=true, wasHolding=false, isConnectingInOrOut=true, changed=false
D/RILC    ( 1458): [UNSL]< UNSOL_RESPONSE_CALL_STATE_CHANGED 
D/RILJ    ( 1628): [UNSL]< UNSOL_RESPONSE_CALL_STATE_CHANGED
D/RILJ    ( 1628): [1292]> GET_CURRENT_CALLS
D/RILC    ( 1458): [1292]> GET_CURRENT_CALLS 
D/RIL     ( 1458): onRequest: GET_CURRENT_CALLS
D/AT      ( 1458): AT> AT+CLCC
D/AT      ( 1458): AT< +CLCC: 1,0,0,0,0,"13701680906",129
D/AT      ( 1458): AT< +CLCC: 2,1,4,0,0,"02150806177",129
D/AT      ( 1458): AT< OK
D/RILC    ( 1458): [1292]< GET_CURRENT_CALLS {[id=1,ACTIVE,toa=129,norm,mo,als=0,voc,noevp,13701680906,cli=0,name='(null)',0][id=2,INCOMING,toa=129,norm,mt,als=0,voc,noevp,02150806177,cli=0,name='(null)',0}
D/RILJ    ( 1628): InCall VoicePrivacy is disabled
D/RILJ    ( 1628): InCall VoicePrivacy is disabled
D/RILJ    ( 1628): [1292]< GET_CURRENT_CALLS  [id=1,ACTIVE,toa=129,norm,mo,0,voc,noevp,,cli=1,,0] [id=2,INCOMING,toa=129,norm,mt,0,voc,noevp,,cli=1,,0] 
D/GSM     ( 1628): [GSMConn] update: parent=ACTIVE, hasNewParent=false, wasConnectingInOrOut=false, wasHolding=false, isConnectingInOrOut=false, changed=false
D/GSM     ( 1628): [GSMConn] update: parent=INCOMING, hasNewParent=false, wasConnectingInOrOut=true, wasHolding=false, isConnectingInOrOut=true, changed=false
D/RILC    ( 1458): [UNSL]< UNSOL_RESPONSE_CALL_STATE_CHANGED 
D/RILJ    ( 1628): [UNSL]< UNSOL_RESPONSE_CALL_STATE_CHANGED
D/RILJ    ( 1628): [1293]> GET_CURRENT_CALLS
D/RILC    ( 1458): [1293]> GET_CURRENT_CALLS 
D/RIL     ( 1458): onRequest: GET_CURRENT_CALLS
D/AT      ( 1458): AT> AT+CLCC
D/AT      ( 1458): AT< +CLCC: 1,0,0,0,0,"13701680906",129
D/AT      ( 1458): AT< OK
D/RILC    ( 1458): [1293]< GET_CURRENT_CALLS {[id=1,ACTIVE,toa=129,norm,mo,als=0,voc,noevp,13701680906,cli=0,name='(null)',0}
D/RILJ    ( 1628): InCall VoicePrivacy is disabled
D/RILJ    ( 1628): [1293]< GET_CURRENT_CALLS  [id=1,ACTIVE,toa=129,norm,mo,0,voc,noevp,,cli=1,,0] 
D/GSM     ( 1628): [GSMConn] update: parent=ACTIVE, hasNewParent=false, wasConnectingInOrOut=false, wasHolding=false, isConnectingInOrOut=false, changed=false
D/GSM     ( 1628): [GsmCallTracker] missed/rejected call, conn.cause=NOT_DISCONNECTED
D/GSM     ( 1628): [GsmCallTracker] setting cause to INCOMING_MISSED
D/GSM     ( 1628): [GSMConn] onDisconnect: cause=INCOMING_MISSED
D/GSM     ( 1628): [GSMConn] releaseWakeLock
D/RILC    ( 1458): [UNSL]< UNSOL_RESPONSE_CALL_STATE_CHANGED 
D/RILJ    ( 1628): [UNSL]< UNSOL_RESPONSE_CALL_STATE_CHANGED
D/RILC    ( 1458): [UNSL]< UNSOL_RESPONSE_CALL_STATE_CHANGED 
D/RILJ    ( 1628): [UNSL]< UNSOL_RESPONSE_CALL_STATE_CHANGED
D/RILC    ( 1458): [UNSL]< UNSOL_RESPONSE_CALL_STATE_CHANGED 
D/RILJ    ( 1628): [UNSL]< UNSOL_RESPONSE_CALL_STATE_CHANGED
D/RILC    ( 1458): [UNSL]< UNSOL_RESPONSE_CALL_STATE_CHANGED 
D/RILJ    ( 1628): [UNSL]< UNSOL_RESPONSE_CALL_STATE_CHANGED
D/RILC    ( 1458): [UNSL]< UNSOL_RESPONSE_CALL_STATE_CHANGED 
D/RILJ    ( 1628): [UNSL]< UNSOL_RESPONSE_CALL_STATE_CHANGED
D/RILJ    ( 1628): [1294]> GET_CURRENT_CALLS
D/RILC    ( 1458): [1294]> GET_CURRENT_CALLS 
D/RIL     ( 1458): onRequest: GET_CURRENT_CALLS
D/AT      ( 1458): AT> AT+CLCC
D/AT      ( 1458): AT< +CLCC: 1,0,0,0,0,"13701680906",129
D/AT      ( 1458): AT< OK
D/RILC    ( 1458): [1294]< GET_CURRENT_CALLS {[id=1,ACTIVE,toa=129,norm,mo,als=0,voc,noevp,13701680906,cli=0,name='(null)',0}
D/RILJ    ( 1628): InCall VoicePrivacy is disabled
D/RILJ    ( 1628): [1294]< GET_CURRENT_CALLS  [id=1,ACTIVE,toa=129,norm,mo,0,voc,noevp,,cli=1,,0] 
D/RILJ    ( 1628): [1295]> GET_CURRENT_CALLS
D/RILC    ( 1458): [1295]> GET_CURRENT_CALLS 
D/RIL     ( 1458): onRequest: GET_CURRENT_CALLS
D/AT      ( 1458): AT> AT+CLCC
D/AT      ( 1458): AT< +CLCC: 1,0,0,0,0,"13701680906",129
D/AT      ( 1458): AT< OK
D/RILC    ( 1458): [1295]< GET_CURRENT_CALLS {[id=1,ACTIVE,toa=129,norm,mo,als=0,voc,noevp,13701680906,cli=0,name='(null)',0}
D/RILJ    ( 1628): InCall VoicePrivacy is disabled
D/RILJ    ( 1628): [1295]< GET_CURRENT_CALLS  [id=1,ACTIVE,toa=129,norm,mo,0,voc,noevp,,cli=1,,0] 
D/RILJ    ( 1628): [1296]> GET_CURRENT_CALLS
D/RILC    ( 1458): [1296]> GET_CURRENT_CALLS 
D/RIL     ( 1458): onRequest: GET_CURRENT_CALLS
D/AT      ( 1458): AT> AT+CLCC
D/AT      ( 1458): AT< +CLCC: 1,0,0,0,0,"13701680906",129
D/AT      ( 1458): AT< OK
D/RILC    ( 1458): [1296]< GET_CURRENT_CALLS {[id=1,ACTIVE,toa=129,norm,mo,als=0,voc,noevp,13701680906,cli=0,name='(null)',0}
D/RILJ    ( 1628): InCall VoicePrivacy is disabled
D/RILJ    ( 1628): [1296]< GET_CURRENT_CALLS  [id=1,ACTIVE,toa=129,norm,mo,0,voc,noevp,,cli=1,,0] 
D/RILC    ( 1458): [UNSL]< UNSOL_RESPONSE_CALL_STATE_CHANGED 
D/RILJ    ( 1628): [UNSL]< UNSOL_RESPONSE_CALL_STATE_CHANGED
D/RILJ    ( 1628): [1297]> GET_CURRENT_CALLS
D/RILC    ( 1458): [1297]> GET_CURRENT_CALLS 
D/RIL     ( 1458): onRequest: GET_CURRENT_CALLS
D/AT      ( 1458): AT> AT+CLCC
D/AT      ( 1458): AT< +CLCC: 1,0,0,0,0,"13701680906",129
D/AT      ( 1458): AT< OK
D/RILC    ( 1458): [1297]< GET_CURRENT_CALLS {[id=1,ACTIVE,toa=129,norm,mo,als=0,voc,noevp,13701680906,cli=0,name='(null)',0}
D/RILJ    ( 1628): InCall VoicePrivacy is disabled
D/RILJ    ( 1628): [1297]< GET_CURRENT_CALLS  [id=1,ACTIVE,toa=129,norm,mo,0,voc,noevp,,cli=1,,0] 
D/RILJ    ( 1628): [1298]> GET_CURRENT_CALLS
D/RILC    ( 1458): [1298]> GET_CURRENT_CALLS 
D/RIL     ( 1458): onRequest: GET_CURRENT_CALLS
D/AT      ( 1458): AT> AT+CLCC
D/AT      ( 1458): AT< +CLCC: 1,0,0,0,0,"13701680906",129
D/AT      ( 1458): AT< OK
D/RILC    ( 1458): [1298]< GET_CURRENT_CALLS {[id=1,ACTIVE,toa=129,norm,mo,als=0,voc,noevp,13701680906,cli=0,name='(null)',0}
D/RILJ    ( 1628): InCall VoicePrivacy is disabled
D/RILJ    ( 1628): [1298]< GET_CURRENT_CALLS  [id=1,ACTIVE,toa=129,norm,mo,0,voc,noevp,,cli=1,,0] 
D/RILJ    ( 1628): [1299]> GET_CURRENT_CALLS
D/RILC    ( 1458): [1299]> GET_CURRENT_CALLS 
D/RIL     ( 1458): onRequest: GET_CURRENT_CALLS
D/AT      ( 1458): AT> AT+CLCC
D/AT      ( 1458): AT< +CLCC: 1,0,0,0,0,"13701680906",129
D/AT      ( 1458): AT< OK
D/RILC    ( 1458): [1299]< GET_CURRENT_CALLS {[id=1,ACTIVE,toa=129,norm,mo,als=0,voc,noevp,13701680906,cli=0,name='(null)',0}
D/RILJ    ( 1628): InCall VoicePrivacy is disabled
D/RILJ    ( 1628): [1299]< GET_CURRENT_CALLS  [id=1,ACTIVE,toa=129,norm,mo,0,voc,noevp,,cli=1,,0] 
D/GSM     ( 1628): [GSMConn] update: parent=ACTIVE, hasNewParent=false, wasConnectingInOrOut=false, wasHolding=false, isConnectingInOrOut=false, changed=false
D/RILJ    ( 1628): [1300]> SET_MUTE false
D/RILC    ( 1458): [1300]> SET_MUTE (0)
D/RIL     ( 1458): onRequest: SET_MUTE
D/AT      ( 1458): AT> AT+CMUT=0
D/AT      ( 1458): AT< OK
D/RILC    ( 1458): [1300]< SET_MUTE
D/RILJ    ( 1628): [1300]< SET_MUTE 
D/RILJ    ( 1628): [1301]> SCREEN_STATE: false
D/RILC    ( 1458): [1301]> SCREEN_STATE (0)
D/RIL     ( 1458): onRequest: SCREEN_STATE
D/RILC    ( 1458): [1301]< SCREEN_STATE
D/RILJ    ( 1628): [1301]< SCREEN_STATE 
D/GSM     ( 1628): [DataConnection] Stop poll NetStat
D/GSM     ( 1628): [DataConnection] Start poll NetStat
D/RILJ    ( 1628): [1302]> SET_MUTE false
D/RILC    ( 1458): [1302]> SET_MUTE (0)
D/RIL     ( 1458): onRequest: SET_MUTE
D/AT      ( 1458): AT> AT+CMUT=0
D/AT      ( 1458): AT< OK
D/RILC    ( 1458): [1302]< SET_MUTE
D/RILJ    ( 1628): [1302]< SET_MUTE 
D/RILJ    ( 1628): [1303]> SCREEN_STATE: true
D/RILC    ( 1458): [1303]> SCREEN_STATE (1)
D/RIL     ( 1458): onRequest: SCREEN_STATE
D/RILC    ( 1458): [1303]< SCREEN_STATE
D/RILJ    ( 1628): [1303]< SCREEN_STATE 
D/GSM     ( 1628): [DataConnection] Stop poll NetStat
D/GSM     ( 1628): [DataConnection] Start poll NetStat
D/RILJ    ( 1628): [1304]> SCREEN_STATE: false
D/RILC    ( 1458): [1304]> SCREEN_STATE (0)
D/RIL     ( 1458): onRequest: SCREEN_STATE
D/RILC    ( 1458): [1304]< SCREEN_STATE
D/RILJ    ( 1628): [1304]< SCREEN_STATE 
D/GSM     ( 1628): [DataConnection] Stop poll NetStat
D/GSM     ( 1628): [DataConnection] Start poll NetStat
D/RILJ    ( 1628): [1305]> SET_MUTE false
D/RILC    ( 1458): [1305]> SET_MUTE (0)
D/RIL     ( 1458): onRequest: SET_MUTE
D/AT      ( 1458): AT> AT+CMUT=0
D/AT      ( 1458): AT< OK
D/RILC    ( 1458): [1305]< SET_MUTE
D/RILJ    ( 1628): [1305]< SET_MUTE 
D/RILJ    ( 1628): [1306]> SCREEN_STATE: true
D/RILC    ( 1458): [1306]> SCREEN_STATE (1)
D/RIL     ( 1458): onRequest: SCREEN_STATE
D/RILC    ( 1458): [1306]< SCREEN_STATE
D/RILJ    ( 1628): [1306]< SCREEN_STATE 
D/GSM     ( 1628): [DataConnection] Stop poll NetStat
D/GSM     ( 1628): [DataConnection] Start poll NetStat
D/RILJ    ( 1628): [1307]> SCREEN_STATE: false
D/RILC    ( 1458): [1307]> SCREEN_STATE (0)
D/RIL     ( 1458): onRequest: SCREEN_STATE
D/RILC    ( 1458): [1307]< SCREEN_STATE
D/RILJ    ( 1628): [1307]< SCREEN_STATE 
D/GSM     ( 1628): [DataConnection] Stop poll NetStat
D/GSM     ( 1628): [DataConnection] Start poll NetStat
D/AT      ( 1458): AT< RING
D/RILC    ( 1458): [UNSL]< UNSOL_RESPONSE_CALL_STATE_CHANGED 
D/RILJ    ( 1628): [UNSL]< UNSOL_RESPONSE_CALL_STATE_CHANGED
D/RILJ    ( 1628): [1308]> GET_CURRENT_CALLS
D/RILC    ( 1458): [1308]> GET_CURRENT_CALLS 
D/RIL     ( 1458): onRequest: GET_CURRENT_CALLS
D/AT      ( 1458): AT> AT+CLCC
D/AT      ( 1458): AT< +CLCC: 1,0,0,0,0,"13701680906",129
D/AT      ( 1458): AT< +CLCC: 2,1,4,0,0,"02150806177",129
D/AT      ( 1458): AT< OK
D/RILC    ( 1458): [1308]< GET_CURRENT_CALLS {[id=1,ACTIVE,toa=129,norm,mo,als=0,voc,noevp,13701680906,cli=0,name='(null)',0][id=2,INCOMING,toa=129,norm,mt,als=0,voc,noevp,02150806177,cli=0,name='(null)',0}
D/RILJ    ( 1628): InCall VoicePrivacy is disabled
D/RILJ    ( 1628): InCall VoicePrivacy is disabled
D/RILJ    ( 1628): [1308]< GET_CURRENT_CALLS  [id=1,ACTIVE,toa=129,norm,mo,0,voc,noevp,,cli=1,,0] [id=2,INCOMING,toa=129,norm,mt,0,voc,noevp,,cli=1,,0] 
D/GSM     ( 1628): [GSMConn] update: parent=ACTIVE, hasNewParent=false, wasConnectingInOrOut=false, wasHolding=false, isConnectingInOrOut=false, changed=false
D/GSM     ( 1628): [GSMConn] acquireWakeLock
D/RILJ    ( 1628): [1309]> SET_MUTE false
D/RILC    ( 1458): [1309]> SET_MUTE (0)
D/RIL     ( 1458): onRequest: SET_MUTE
D/AT      ( 1458): AT> AT+CMUT=0
D/AT      ( 1458): AT< OK
D/RILC    ( 1458): [1309]< SET_MUTE
D/RILJ    ( 1628): [1309]< SET_MUTE 
D/RILC    ( 1458): [UNSL]< UNSOL_RESPONSE_CALL_STATE_CHANGED 
D/RILJ    ( 1628): [UNSL]< UNSOL_RESPONSE_CALL_STATE_CHANGED
D/RILJ    ( 1628): [1310]> SCREEN_STATE: true
D/RILC    ( 1458): [1310]> SCREEN_STATE (1)
D/RIL     ( 1458): onRequest: SCREEN_STATE
D/RILC    ( 1458): [1310]< SCREEN_STATE
D/RILJ    ( 1628): [1310]< SCREEN_STATE 
D/RILJ    ( 1628): [1311]> SET_MUTE false
D/RILC    ( 1458): [1311]> SET_MUTE (0)
D/RIL     ( 1458): onRequest: SET_MUTE
D/AT      ( 1458): AT> AT+CMUT=0
D/AT      ( 1458): AT< OK
D/RILC    ( 1458): [1311]< SET_MUTE
D/RILJ    ( 1628): [1311]< SET_MUTE 
D/RILJ    ( 1628): [1312]> GET_CURRENT_CALLS
D/RILC    ( 1458): [1312]> GET_CURRENT_CALLS 
D/RIL     ( 1458): onRequest: GET_CURRENT_CALLS
D/AT      ( 1458): AT> AT+CLCC
D/AT      ( 1458): AT< +CLCC: 1,0,0,0,0,"13701680906",129
D/AT      ( 1458): AT< +CLCC: 2,1,4,0,0,"02150806177",129
D/AT      ( 1458): AT< OK
D/RILC    ( 1458): [1312]< GET_CURRENT_CALLS {[id=1,ACTIVE,toa=129,norm,mo,als=0,voc,noevp,13701680906,cli=0,name='(null)',0][id=2,INCOMING,toa=129,norm,mt,als=0,voc,noevp,02150806177,cli=0,name='(null)',0}
D/RILJ    ( 1628): InCall VoicePrivacy is disabled
D/RILJ    ( 1628): InCall VoicePrivacy is disabled
D/RILJ    ( 1628): [1312]< GET_CURRENT_CALLS  [id=1,ACTIVE,toa=129,norm,mo,0,voc,noevp,,cli=1,,0] [id=2,INCOMING,toa=129,norm,mt,0,voc,noevp,,cli=1,,0] 
D/RILJ    ( 1628): [1313]> SET_MUTE false
D/RILC    ( 1458): [1313]> SET_MUTE (0)
D/RIL     ( 1458): onRequest: SET_MUTE
D/AT      ( 1458): AT> AT+CMUT=0
D/AT      ( 1458): AT< OK
D/RILC    ( 1458): [1313]< SET_MUTE
D/RILJ    ( 1628): [1313]< SET_MUTE 
D/RILJ    ( 1628): [1314]> SIGNAL_STRENGTH
D/RILC    ( 1458): [1314]> SIGNAL_STRENGTH 
D/RIL     ( 1458): onRequest: SIGNAL_STRENGTH
D/AT      ( 1458): AT> AT+CSQ
D/AT      ( 1458): AT< +CSQ: 15,0
D/AT      ( 1458): AT< OK
D/RILC    ( 1458): [1314]< SIGNAL_STRENGTH {[ 15 0]}
D/RILJ    ( 1628): [1314]< SIGNAL_STRENGTH {15, 0, 0, 0, 0, 0, 0}
D/GSM     ( 1628): [DataConnection] Stop poll NetStat
D/GSM     ( 1628): [DataConnection] Start poll NetStat
D/GSM     ( 1628): [GSMConn] update: parent=ACTIVE, hasNewParent=false, wasConnectingInOrOut=false, wasHolding=false, isConnectingInOrOut=false, changed=false
D/GSM     ( 1628): [GSMConn] update: parent=INCOMING, hasNewParent=false, wasConnectingInOrOut=true, wasHolding=false, isConnectingInOrOut=true, changed=false
D/RILC    ( 1458): [UNSL]< UNSOL_RESPONSE_CALL_STATE_CHANGED 
D/RILJ    ( 1628): [UNSL]< UNSOL_RESPONSE_CALL_STATE_CHANGED
D/RILJ    ( 1628): [1315]> GET_CURRENT_CALLS
D/RILC    ( 1458): [1315]> GET_CURRENT_CALLS 
D/RIL     ( 1458): onRequest: GET_CURRENT_CALLS
D/AT      ( 1458): AT> AT+CLCC
D/AT      ( 1458): AT< +CLCC: 1,0,0,0,0,"13701680906",129
D/AT      ( 1458): AT< +CLCC: 2,1,4,0,0,"02150806177",129
D/AT      ( 1458): AT< OK
D/RILC    ( 1458): [1315]< GET_CURRENT_CALLS {[id=1,ACTIVE,toa=129,norm,mo,als=0,voc,noevp,13701680906,cli=0,name='(null)',0][id=2,INCOMING,toa=129,norm,mt,als=0,voc,noevp,02150806177,cli=0,name='(null)',0}
D/RILJ    ( 1628): InCall VoicePrivacy is disabled
D/RILJ    ( 1628): InCall VoicePrivacy is disabled
D/RILJ    ( 1628): [1315]< GET_CURRENT_CALLS  [id=1,ACTIVE,toa=129,norm,mo,0,voc,noevp,,cli=1,,0] [id=2,INCOMING,toa=129,norm,mt,0,voc,noevp,,cli=1,,0] 
D/GSM     ( 1628): [GSMConn] update: parent=ACTIVE, hasNewParent=false, wasConnectingInOrOut=false, wasHolding=false, isConnectingInOrOut=false, changed=false
D/GSM     ( 1628): [GSMConn] update: parent=INCOMING, hasNewParent=false, wasConnectingInOrOut=true, wasHolding=false, isConnectingInOrOut=true, changed=false
D/RILC    ( 1458): [UNSL]< UNSOL_RESPONSE_CALL_STATE_CHANGED 
D/RILJ    ( 1628): [UNSL]< UNSOL_RESPONSE_CALL_STATE_CHANGED
D/RILJ    ( 1628): [1316]> GET_CURRENT_CALLS
D/RILC    ( 1458): [1316]> GET_CURRENT_CALLS 
D/RIL     ( 1458): onRequest: GET_CURRENT_CALLS
D/AT      ( 1458): AT> AT+CLCC
D/AT      ( 1458): AT< +CLCC: 1,0,0,0,0,"13701680906",129
D/AT      ( 1458): AT< +CLCC: 2,1,4,0,0,"02150806177",129
D/AT      ( 1458): AT< OK
D/RILC    ( 1458): [1316]< GET_CURRENT_CALLS {[id=1,ACTIVE,toa=129,norm,mo,als=0,voc,noevp,13701680906,cli=0,name='(null)',0][id=2,INCOMING,toa=129,norm,mt,als=0,voc,noevp,02150806177,cli=0,name='(null)',0}
D/RILJ    ( 1628): InCall VoicePrivacy is disabled
D/RILJ    ( 1628): InCall VoicePrivacy is disabled
D/RILJ    ( 1628): [1316]< GET_CURRENT_CALLS  [id=1,ACTIVE,toa=129,norm,mo,0,voc,noevp,,cli=1,,0] [id=2,INCOMING,toa=129,norm,mt,0,voc,noevp,,cli=1,,0] 
D/GSM     ( 1628): [GSMConn] update: parent=ACTIVE, hasNewParent=false, wasConnectingInOrOut=false, wasHolding=false, isConnectingInOrOut=false, changed=false
D/GSM     ( 1628): [GSMConn] update: parent=INCOMING, hasNewParent=false, wasConnectingInOrOut=true, wasHolding=false, isConnectingInOrOut=true, changed=false
D/RILC    ( 1458): [UNSL]< UNSOL_RESPONSE_CALL_STATE_CHANGED 
D/RILJ    ( 1628): [UNSL]< UNSOL_RESPONSE_CALL_STATE_CHANGED
D/RILJ    ( 1628): [1317]> GET_CURRENT_CALLS
D/RILC    ( 1458): [1317]> GET_CURRENT_CALLS 
D/RIL     ( 1458): onRequest: GET_CURRENT_CALLS
D/AT      ( 1458): AT> AT+CLCC
D/AT      ( 1458): AT< +CLCC: 1,0,0,0,0,"13701680906",129
D/AT      ( 1458): AT< +CLCC: 2,1,4,0,0,"02150806177",129
D/AT      ( 1458): AT< OK
D/RILC    ( 1458): [1317]< GET_CURRENT_CALLS {[id=1,ACTIVE,toa=129,norm,mo,als=0,voc,noevp,13701680906,cli=0,name='(null)',0][id=2,INCOMING,toa=129,norm,mt,als=0,voc,noevp,02150806177,cli=0,name='(null)',0}
D/RILJ    ( 1628): InCall VoicePrivacy is disabled
D/RILJ    ( 1628): InCall VoicePrivacy is disabled
D/RILJ    ( 1628): [1317]< GET_CURRENT_CALLS  [id=1,ACTIVE,toa=129,norm,mo,0,voc,noevp,,cli=1,,0] [id=2,INCOMING,toa=129,norm,mt,0,voc,noevp,,cli=1,,0] 
D/GSM     ( 1628): [GSMConn] update: parent=ACTIVE, hasNewParent=false, wasConnectingInOrOut=false, wasHolding=false, isConnectingInOrOut=false, changed=false
D/GSM     ( 1628): [GSMConn] update: parent=INCOMING, hasNewParent=false, wasConnectingInOrOut=true, wasHolding=false, isConnectingInOrOut=true, changed=false
D/RILC    ( 1458): [UNSL]< UNSOL_RESPONSE_CALL_STATE_CHANGED 
D/RILJ    ( 1628): [UNSL]< UNSOL_RESPONSE_CALL_STATE_CHANGED
D/RILJ    ( 1628): [1318]> GET_CURRENT_CALLS
D/RILC    ( 1458): [1318]> GET_CURRENT_CALLS 
D/RIL     ( 1458): onRequest: GET_CURRENT_CALLS
D/AT      ( 1458): AT> AT+CLCC
D/AT      ( 1458): AT< +CLCC: 1,0,0,0,0,"13701680906",129
D/AT      ( 1458): AT< +CLCC: 2,1,4,0,0,"02150806177",129
D/AT      ( 1458): AT< OK
D/RILC    ( 1458): [1318]< GET_CURRENT_CALLS {[id=1,ACTIVE,toa=129,norm,mo,als=0,voc,noevp,13701680906,cli=0,name='(null)',0][id=2,INCOMING,toa=129,norm,mt,als=0,voc,noevp,02150806177,cli=0,name='(null)',0}
D/RILJ    ( 1628): InCall VoicePrivacy is disabled
D/RILJ    ( 1628): InCall VoicePrivacy is disabled
D/RILJ    ( 1628): [1318]< GET_CURRENT_CALLS  [id=1,ACTIVE,toa=129,norm,mo,0,voc,noevp,,cli=1,,0] [id=2,INCOMING,toa=129,norm,mt,0,voc,noevp,,cli=1,,0] 
D/GSM     ( 1628): [GSMConn] update: parent=ACTIVE, hasNewParent=false, wasConnectingInOrOut=false, wasHolding=false, isConnectingInOrOut=false, changed=false
D/GSM     ( 1628): [GSMConn] update: parent=INCOMING, hasNewParent=false, wasConnectingInOrOut=true, wasHolding=false, isConnectingInOrOut=true, changed=false
D/RILC    ( 1458): [UNSL]< UNSOL_RESPONSE_CALL_STATE_CHANGED 
D/RILJ    ( 1628): [UNSL]< UNSOL_RESPONSE_CALL_STATE_CHANGED
D/RILJ    ( 1628): [1319]> GET_CURRENT_CALLS
D/RILC    ( 1458): [1319]> GET_CURRENT_CALLS 
D/RIL     ( 1458): onRequest: GET_CURRENT_CALLS
D/AT      ( 1458): AT> AT+CLCC
D/AT      ( 1458): AT< +CLCC: 1,0,0,0,0,"13701680906",129
D/AT      ( 1458): AT< +CLCC: 2,1,4,0,0,"02150806177",129
D/AT      ( 1458): AT< OK
D/RILC    ( 1458): [1319]< GET_CURRENT_CALLS {[id=1,ACTIVE,toa=129,norm,mo,als=0,voc,noevp,13701680906,cli=0,name='(null)',0][id=2,INCOMING,toa=129,norm,mt,als=0,voc,noevp,02150806177,cli=0,name='(null)',0}
D/RILJ    ( 1628): InCall VoicePrivacy is disabled
D/RILJ    ( 1628): InCall VoicePrivacy is disabled
D/RILJ    ( 1628): [1319]< GET_CURRENT_CALLS  [id=1,ACTIVE,toa=129,norm,mo,0,voc,noevp,,cli=1,,0] [id=2,INCOMING,toa=129,norm,mt,0,voc,noevp,,cli=1,,0] 
D/GSM     ( 1628): [GSMConn] update: parent=ACTIVE, hasNewParent=false, wasConnectingInOrOut=false, wasHolding=false, isConnectingInOrOut=false, changed=false
D/GSM     ( 1628): [GSMConn] update: parent=INCOMING, hasNewParent=false, wasConnectingInOrOut=true, wasHolding=false, isConnectingInOrOut=true, changed=false
D/RILC    ( 1458): [UNSL]< UNSOL_RESPONSE_CALL_STATE_CHANGED 
D/RILJ    ( 1628): [UNSL]< UNSOL_RESPONSE_CALL_STATE_CHANGED
D/RILJ    ( 1628): [1320]> GET_CURRENT_CALLS
D/RILC    ( 1458): [1320]> GET_CURRENT_CALLS 
D/RIL     ( 1458): onRequest: GET_CURRENT_CALLS
D/AT      ( 1458): AT> AT+CLCC
D/AT      ( 1458): AT< +CLCC: 1,0,0,0,0,"13701680906",129
D/AT      ( 1458): AT< +CLCC: 2,1,4,0,0,"02150806177",129
D/AT      ( 1458): AT< OK
D/RILC    ( 1458): [1320]< GET_CURRENT_CALLS {[id=1,ACTIVE,toa=129,norm,mo,als=0,voc,noevp,13701680906,cli=0,name='(null)',0][id=2,INCOMING,toa=129,norm,mt,als=0,voc,noevp,02150806177,cli=0,name='(null)',0}
D/RILJ    ( 1628): InCall VoicePrivacy is disabled
D/RILJ    ( 1628): InCall VoicePrivacy is disabled
D/RILJ    ( 1628): [1320]< GET_CURRENT_CALLS  [id=1,ACTIVE,toa=129,norm,mo,0,voc,noevp,,cli=1,,0] [id=2,INCOMING,toa=129,norm,mt,0,voc,noevp,,cli=1,,0] 
