04-13 11:01:39.258 D/RILJ    ( 1678): [0065]< OPERATOR {CHINA UNICOM GSM, CHINA UNICOM GSM, 46001}
04-13 11:01:39.328 D/RILJ    ( 1678): [0066]> GPRS_REGISTRATION_STATE
04-13 11:01:39.338 D/RILC    ( 1552): [0066]> GPRS_REGISTRATION_STATE 
04-13 11:01:39.338 D/RIL     ( 1552): onRequest: GPRS_REGISTRATION_STATE
04-13 11:01:39.338 D/AT      ( 1552): AT> AT+CGREG?
04-13 11:01:39.338 D/AT      ( 1552): AT< +CGREG: 2,1,"A014","002487A1",2,"14"
04-13 11:01:39.338 D/AT      ( 1552): AT< OK
04-13 11:01:39.338 D/RILC    ( 1552): [0066]< GPRS_REGISTRATION_STATE {1,a014,2487a1,3}
04-13 11:01:39.348 D/RILJ    ( 1678): [0066]< GPRS_REGISTRATION_STATE {1, a014, 2487a1, 3}
04-13 11:01:39.348 D/RILJ    ( 1678): [0067]> REGISTRATION_STATE
04-13 11:01:39.358 D/RILC    ( 1552): [0067]> REGISTRATION_STATE 
04-13 11:01:39.358 D/RIL     ( 1552): onRequest: REGISTRATION_STATE
04-13 11:01:39.358 D/AT      ( 1552): AT> AT+CREG?
04-13 11:01:39.358 D/AT      ( 1552): AT< +CREG: 2,1,"A014","002487A1",2
04-13 11:01:39.358 D/AT      ( 1552): AT< OK
04-13 11:01:39.358 D/RILC    ( 1552): [0067]< REGISTRATION_STATE {1,a014,2487a1,3}
04-13 11:01:39.358 D/RILJ    ( 1678): [0067]< REGISTRATION_STATE {1, a014, 2487a1, 3}
04-13 11:01:39.378 D/RILJ    ( 1678): [0068]> QUERY_NETWORK_SELECTION_MODE
04-13 11:01:39.398 D/RILC    ( 1552): [0068]> QUERY_NETWORK_SELECTION_MODE 
04-13 11:01:39.398 D/RIL     ( 1552): onRequest: QUERY_NETWORK_SELECTION_MODE
04-13 11:01:39.398 D/AT      ( 1552): AT> AT+COPS?
04-13 11:01:39.398 D/AT      ( 1552): AT< +COPS: 0,2,"46001",2
04-13 11:01:39.398 D/AT      ( 1552): AT< OK
04-13 11:01:39.398 D/RILC    ( 1552): [0068]< QUERY_NETWORK_SELECTION_MODE {0}
04-13 11:01:39.398 D/RILJ    ( 1678): [0068]< QUERY_NETWORK_SELECTION_MODE {0}
04-13 11:01:39.408 D/GSM     ( 1678): [DSAC DEB] EVENT_RESTRICTED_STATE_CHANGED
04-13 11:01:39.408 D/GSM     ( 1678): [DSAC DEB] onRestrictedStateChanged
04-13 11:01:39.408 D/GSM     ( 1678): [DSAC DEB] current rs at enter Restricted State CS: none PS:false
04-13 11:01:39.408 D/GSM     ( 1678): [DSAC DEB] new rs Restricted State CS: none PS:false
04-13 11:01:39.408 D/GSM     ( 1678): [DSAC DEB] current rs at return Restricted State CS: none PS:false
04-13 11:01:39.408 D/STK     ( 1678): StkService: ril message arrived
04-13 11:01:39.418 D/STK     ( 1678): CommandParamsFactory: process DisplayText
04-13 11:01:39.418 D/STK     ( 1678): StkService: Return current sInstance
04-13 11:01:39.458 D/STK     ( 1678): StkAppService: SET_UP_MENU
04-13 11:01:39.458 D/STK     ( 1678): StkAppService: Install App
04-13 11:01:39.528 D/RILJ    ( 1678): [0069]> iccIO: SIM_IO 0xc0 0x6f17  path: 3F007F20,0,0,15
04-13 11:01:39.548 D/RILC    ( 1552): [0069]> SIM_IO (cmd=0xC0,efid=0x6F17,path=3F007F20,0,0,15,(null),pin2=(null))
04-13 11:01:39.548 D/RIL     ( 1552): onRequest: SIM_IO
04-13 11:01:39.548 D/AT      ( 1552): AT> AT+CRSM=192,28439,0,0,15
04-13 11:01:39.558 D/AT      ( 1552): AT< +CRSM: 106,130
04-13 11:01:39.558 D/AT      ( 1552): AT< OK
04-13 11:01:39.558 D/RILC    ( 1552): [0069]< SIM_IO {sw1=0x6A,sw2=0x82,(null)}
04-13 11:01:39.558 D/RILJ    ( 1678): < iccIO:  0x6a 0x82 null
04-13 11:01:39.558 D/RILJ    ( 1678): [0069]< SIM_IO IccIoResponse sw1:0x6a sw2:0x82
04-13 11:01:39.628 D/STK     ( 1678): StkService: SESSION END
04-13 11:01:40.188 E/GSM     ( 1678): Wrong network type: 0
04-13 11:01:40.188 D/GSM     ( 1678): Poll ServiceState done:  oldSS=[3 home null null null  Unknown CSS not supported -1 -1RoamInd: -1DefRoamInd: -1EmergOnly: false] newSS=[0 home CHINA UNICOM GSM CHINA UNICOM GSM 46001  UMTS CSS not supported -1 -1RoamInd: -1DefRoamInd: -1EmergOnly: false] oldGprs=1 newGprs=0 oldType=unknown newType=UMTS
04-13 11:01:40.188 E/GSM     ( 1678): Wrong network type: 0
04-13 11:01:40.188 D/GSM     ( 1678): RAT switched unknown -> UMTS at cell 2394017
04-13 11:01:40.368 D/STK     ( 1678): StkService: DISPLAY_TEXT
04-13 11:01:40.378 D/GSM     ( 1678): iccid: 89860110300102589969
04-13 11:01:40.388 D/GSM     ( 1678): EF_AD: 00000002
04-13 11:01:40.678 D/GSM     ( 1678): [SIMRecords] Load EF_SPN:  spnDisplayCondition: 0
04-13 11:01:40.758 D/GSM     ( 1678): GSMDataConnTrack handleMessage { what=26 when=75282 obj=android.os.AsyncResult@43ca0ae0 }
04-13 11:01:40.768 D/GSM     ( 1678): [GsmDataConnectionTracker] ***trySetupData due to gprsAttached
04-13 11:01:40.768 D/GSM     ( 1678): [DSAC DEB] trySetupData with mIsPsRestricted=false
04-13 11:01:40.878 D/GSM     ( 1678): [GsmDataConnectionTracker] trySetupData: Not ready for data:  dataState=IDLE gprsState=0 sim=false UMTS=true phoneState=IDLE isDataAllowed=true dataEnabled=true roaming=false dataOnRoamingEnable=false ps restricted=false desiredPowerState=true MasterDataEnabled=true
04-13 11:01:40.878 D/GSM     ( 1678): MSISDN: 
04-13 11:01:40.888 D/GSM     ( 1678): Invalid or missing EF[MAILBOX]
04-13 11:01:40.888 D/GSM     ( 1678): SIMRecords: record load complete
04-13 11:01:40.908 D/GSM     ( 1678): [IccCard] Broadcasting intent ACTION_SIM_STATE_CHANGED LOADED reason null
04-13 11:01:41.168 D/GSM     ( 1678): GSMDataConnTrack handleMessage { what=4 when=75863 obj=android.os.AsyncResult@43ca7c00 }
04-13 11:01:41.528 D/GSM     ( 1678): Get PreferredAPN
04-13 11:01:44.148 D/GSM     ( 1678): GSMDataConnTrack handleMessage { what=5 when=76522 obj=simLoaded }
04-13 11:01:44.178 D/GSM     ( 1678): [GsmDataConnectionTracker] ***trySetupData due to simLoaded
04-13 11:01:44.178 D/GSM     ( 1678): [DSAC DEB] trySetupData with mIsPsRestricted=false
04-13 11:01:44.178 I/GSM     ( 1678): Preferred APN:46001:46001:Unicom3G, 25, 46001, uninet, , null, null, null, , -1, *
04-13 11:01:44.198 I/GSM     ( 1678): Waiting APN set to preferred APN
04-13 11:01:44.198 D/GSM     ( 1678): [GsmDataConnectionTracker] Create from allApns : [Unicom3G, 25, 46001, uninet, , null, null, null, , -1, *][CUGSM, 35, 46001, 3gwap, 10.0.0.172, , null, null, 80, -1, default][CUGSM.mms, 36, 46001, 3gwap, , http://mmsc.myuni.com.cn, 10.0.0.172, 80, , -1, mms]
04-13 11:01:44.208 D/GSM     ( 1678): [GsmDataConnectionTracker] Setup waitngApns : [Unicom3G, 25, 46001, uninet, , null, null, null, , -1, *]
04-13 11:01:44.228 D/GSM     ( 1678): [GsmDataConnection-1] DcInactiveState msg.what=EVENT_CONNECT
04-13 11:01:44.228 D/GSM     ( 1678): [GsmDataConnection-1] Connecting to carrier: 'Unicom3G' APN: 'uninet' proxy: '' port: '
04-13 11:01:44.228 D/RILJ    ( 1678): [0070]> SETUP_DATA_CALL 1 0 uninet   3
04-13 11:01:44.228 D/GSM     ( 1678): [GsmDataConnectionTracker] setState: INITING
04-13 11:01:44.238 D/RILC    ( 1552): [0070]> SETUP_DATA_CALL (1,0,uninet,,,3)
04-13 11:01:44.238 D/RIL     ( 1552): onRequest: SETUP_DATA_CALL
04-13 11:01:44.238 D/RIL     ( 1552): ifconfig: addr: pdp_ip0
04-13 11:01:44.358 D/RIL     ( 1552): ifconfig: addr: pdp_ip0
04-13 11:01:44.358 D/AT      ( 1552): AT> ATE0
04-13 11:01:44.358 D/AT      ( 1552): AT< OK
04-13 11:01:44.358 D/AT      ( 1552): AT> AT+CGDCONT=1,"IP","uninet"
04-13 11:01:44.368 D/AT      ( 1552): AT< OK
04-13 11:01:44.368 D/AT      ( 1552): AT> AT*IPRIC=1,0
04-13 11:01:44.368 D/AT      ( 1552): AT< OK
04-13 11:01:44.378 D/AT      ( 1552): AT> AT*IPDNS=1,1
04-13 11:01:44.388 D/AT      ( 1552): AT< OK
04-13 11:01:44.388 D/AT      ( 1552): AT> AT*IPACT=1,1
04-13 11:01:47.170 D/AT      ( 1552): AT< OK
04-13 11:01:47.170 D/AT      ( 1552): AT< +CREG: 1,"A014","002487A1",4
04-13 11:01:47.170 D/RIL     ( 1552): restrictionState updated: 0
04-13 11:01:47.170 D/RILC    ( 1552): [UNSL]< UNSOL_RESPONSE_NETWORK_STATE_CHANGED 
04-13 11:01:47.170 D/AT      ( 1552): AT> AT*IPCONFIG?
04-13 11:01:47.170 D/RILJ    ( 1678): [UNSL]< UNSOL_RESPONSE_NETWORK_STATE_CHANGED
04-13 11:01:47.170 D/RILJ    ( 1678): [0071]> OPERATOR
04-13 11:01:47.170 D/AT      ( 1552): AT< *IPCONFIG: 1,"172.16.67.235","202.106.195.68","202.106.46.151","",""
04-13 11:01:47.170 D/AT      ( 1552): AT< OK
04-13 11:01:47.170 D/RIL     ( 1552): IP address got:172.16.67.235
04-13 11:01:47.178 D/RILJ    ( 1678): [0072]> GPRS_REGISTRATION_STATE
04-13 11:01:47.178 D/RILJ    ( 1678): [0073]> REGISTRATION_STATE
04-13 11:01:47.188 D/RIL     ( 1552): ifconfig: addr: pdp_ip0
04-13 11:01:47.188 D/RIL     ( 1552): ifconfig: addr: pdp_ip0
04-13 11:01:47.188 D/RIL     ( 1552): pdp_ip0: ip 172.16.67.235 mask 255.255.255.255 flags [
04-13 11:01:47.188 D/RIL     ( 1552): up point-to-point running]
04-13 11:01:47.188 D/RIL     ( 1552): route add default dev pdp_ip0
04-13 11:01:47.188 D/RIL     ( 1552): route, settings applied successfully
04-13 11:01:47.188 D/RILC    ( 1552): [0070]< SETUP_DATA_CALL {1,pdp_ip0,172.16.67.235}
04-13 11:01:47.198 D/RILJ    ( 1678): [0074]> QUERY_NETWORK_SELECTION_MODE
04-13 11:01:47.208 D/RILC    ( 1552): [0071]> OPERATOR 
04-13 11:01:47.208 D/RIL     ( 1552): onRequest: OPERATOR
04-13 11:01:47.208 D/AT      ( 1552): AT> AT+COPS=3,0;+COPS?;+COPS=3,2;+COPS?
04-13 11:01:47.208 D/RILJ    ( 1678): [0070]< SETUP_DATA_CALL {1, pdp_ip0, 172.16.67.235}
04-13 11:01:47.208 D/GSM     ( 1678): [GsmDataConnection-1] DcActivatingState msg.what=EVENT_SETUP_DATA_CONNECTION_DONE
04-13 11:01:47.208 D/GSM     ( 1678): [GsmDataConnection-1] interface=pdp_ip0 ipAddress=172.16.67.235 gateway= DNS1= DNS2=
04-13 11:01:47.208 D/GSM     ( 1678): [GsmDataConnection-1] DataConnection setup result='SUCCESS' on cid=1
04-13 11:01:47.208 D/GSM     ( 1678): [GsmDataConnection-1] DcInactiveState: setEnterNoticationParams cp,cause
04-13 11:01:47.208 D/GSM     ( 1678): [GsmDataConnection-1] DcActiveState: enter notifyConnectCompleted
04-13 11:01:47.208 D/GSM     ( 1678): [GsmDataConnection-1] notifyConnection at 1302692507213 cause=No Error
04-13 11:01:47.219 D/AT      ( 1552): AT< +COPS: 0,0,"CHINA UNICOM GSM",4
04-13 11:01:47.219 D/AT      ( 1552): AT< +COPS: 0,2,"46001",4
04-13 11:01:47.219 D/AT      ( 1552): AT< OK
04-13 11:01:47.219 D/RILC    ( 1552): [0071]< OPERATOR {CHINA UNICOM GSM,CHINA UNICOM GSM,46001}
04-13 11:01:47.219 D/RILC    ( 1552): [0072]> GPRS_REGISTRATION_STATE 
04-13 11:01:47.219 D/RIL     ( 1552): onRequest: GPRS_REGISTRATION_STATE
04-13 11:01:47.219 D/AT      ( 1552): AT> AT+CGREG?
04-13 11:01:47.219 D/RILJ    ( 1678): [0071]< OPERATOR {CHINA UNICOM GSM, CHINA UNICOM GSM, 46001}
04-13 11:01:47.228 D/AT      ( 1552): AT< +CGREG: 2,1,"A014","002487A1",4,"14"
04-13 11:01:47.228 D/AT      ( 1552): AT< OK
04-13 11:01:47.228 D/RILC    ( 1552): [0072]< GPRS_REGISTRATION_STATE {1,a014,2487a1,9}
04-13 11:01:47.228 D/RILC    ( 1552): [0073]> REGISTRATION_STATE 
04-13 11:01:47.228 D/RIL     ( 1552): onRequest: REGISTRATION_STATE
04-13 11:01:47.228 D/AT      ( 1552): AT> AT+CREG?
04-13 11:01:47.238 D/AT      ( 1552): AT< +CREG: 2,1,"A014","002487A1",4
04-13 11:01:47.238 D/AT      ( 1552): AT< OK
04-13 11:01:47.238 D/RILC    ( 1552): [0073]< REGISTRATION_STATE {1,a014,2487a1,9}
04-13 11:01:47.238 D/RILC    ( 1552): [0074]> QUERY_NETWORK_SELECTION_MODE 
04-13 11:01:47.238 D/RIL     ( 1552): onRequest: QUERY_NETWORK_SELECTION_MODE
04-13 11:01:47.238 D/AT      ( 1552): AT> AT+COPS?
04-13 11:01:47.249 D/AT      ( 1552): AT< +COPS: 0,2,"46001",4
04-13 11:01:47.258 D/AT      ( 1552): AT< OK
04-13 11:01:47.268 D/RILJ    ( 1678): [0072]< GPRS_REGISTRATION_STATE {1, a014, 2487a1, 9}
04-13 11:01:47.268 D/RILJ    ( 1678): [0073]< REGISTRATION_STATE {1, a014, 2487a1, 9}
04-13 11:01:47.268 D/GSM     ( 1678): GSMDataConnTrack handleMessage { what=1 when=82165 arg1=1 obj=android.os.AsyncResult@43cb9ba8 }
04-13 11:01:47.268 D/GSM     ( 1678): [GsmDataConnectionTracker] setState: CONNECTED
04-13 11:01:47.268 D/RILC    ( 1552): [0074]< QUERY_NETWORK_SELECTION_MODE {0}
04-13 11:01:47.268 D/RILJ    ( 1678): [0074]< QUERY_NETWORK_SELECTION_MODE {0}
04-13 11:01:47.268 D/RILC    ( 1552): [UNSL]< UNSOL_RESTRICTED_STATE_CHANGED {0}
04-13 11:01:47.278 V/RILJ    ( 1678): [UNSL]< UNSOL_RESTRICTED_STATE_CHANGED {0}
04-13 11:01:47.308 D/GSM     ( 1678): [DataConnection] Start poll NetStat
04-13 11:01:47.358 D/GSM     ( 1678): Poll ServiceState done:  oldSS=[0 home CHINA UNICOM GSM CHINA UNICOM GSM 46001  UMTS CSS not supported -1 -1RoamInd: -1DefRoamInd: -1EmergOnly: false] newSS=[0 home CHINA UNICOM GSM CHINA UNICOM GSM 46001  HSDPA CSS not supported -1 -1RoamInd: -1DefRoamInd: -1EmergOnly: false] oldGprs=0 newGprs=0 oldType=UMTS newType=HSDPA
04-13 11:01:47.358 D/GSM     ( 1678): RAT switched UMTS -> HSDPA at cell 2394017
04-13 11:01:47.508 D/GSM     ( 1678): [DSAC DEB] EVENT_RESTRICTED_STATE_CHANGED
04-13 11:01:47.528 D/GSM     ( 1678): [DSAC DEB] onRestrictedStateChanged
04-13 11:01:47.528 D/GSM     ( 1678): [DSAC DEB] current rs at enter Restricted State CS: none PS:false
04-13 11:01:47.528 D/GSM     ( 1678): [DSAC DEB] new rs Restricted State CS: none PS:false
04-13 11:01:47.528 D/GSM     ( 1678): [DSAC DEB] current rs at return Restricted State CS: none PS:false
04-13 11:01:51.211 D/AT      ( 1552): AT< +CREG: 1,"A014","002487A1",2
04-13 11:01:51.211 D/RIL     ( 1552): restrictionState updated: 0
04-13 11:01:51.211 D/RILC    ( 1552): [UNSL]< UNSOL_RESPONSE_NETWORK_STATE_CHANGED 
04-13 11:01:51.211 D/RILJ    ( 1678): [UNSL]< UNSOL_RESPONSE_NETWORK_STATE_CHANGED
04-13 11:01:51.211 D/RILC    ( 1552): [UNSL]< UNSOL_RESTRICTED_STATE_CHANGED {0}
04-13 11:01:51.211 D/RILJ    ( 1678): [0075]> OPERATOR
04-13 11:01:51.218 D/RILC    ( 1552): [0075]> OPERATOR 
04-13 11:01:51.218 D/RIL     ( 1552): onRequest: OPERATOR
04-13 11:01:51.218 D/AT      ( 1552): AT> AT+COPS=3,0;+COPS?;+COPS=3,2;+COPS?
04-13 11:01:51.218 D/AT      ( 1552): AT< +COPS: 0,0,"CHINA UNICOM GSM",2
04-13 11:01:51.218 D/AT      ( 1552): AT< +COPS: 0,2,"46001",2
04-13 11:01:51.218 D/AT      ( 1552): AT< OK
04-13 11:01:51.218 D/RILC    ( 1552): [0075]< OPERATOR {CHINA UNICOM GSM,CHINA UNICOM GSM,46001}
04-13 11:01:51.218 V/RILJ    ( 1678): [UNSL]< UNSOL_RESTRICTED_STATE_CHANGED {0}
04-13 11:01:51.218 D/RILJ    ( 1678): [0076]> GPRS_REGISTRATION_STATE
04-13 11:01:51.238 D/RILJ    ( 1678): [0075]< OPERATOR {CHINA UNICOM GSM, CHINA UNICOM GSM, 46001}
04-13 11:01:51.248 D/RILJ    ( 1678): [0077]> REGISTRATION_STATE
04-13 11:01:51.248 D/RILC    ( 1552): [0076]> GPRS_REGISTRATION_STATE 
04-13 11:01:51.248 D/RIL     ( 1552): onRequest: GPRS_REGISTRATION_STATE
04-13 11:01:51.248 D/AT      ( 1552): AT> AT+CGREG?
04-13 11:01:51.248 D/AT      ( 1552): AT< +CGREG: 2,1,"A014","002487A1",2,"14"
04-13 11:01:51.248 D/AT      ( 1552): AT< OK
04-13 11:01:51.248 D/RILC    ( 1552): [0076]< GPRS_REGISTRATION_STATE {1,a014,2487a1,3}
04-13 11:01:51.258 D/RILJ    ( 1678): [0078]> QUERY_NETWORK_SELECTION_MODE
04-13 11:01:51.258 D/RILC    ( 1552): [0077]> REGISTRATION_STATE 
04-13 11:01:51.258 D/RIL     ( 1552): onRequest: REGISTRATION_STATE
04-13 11:01:51.258 D/AT      ( 1552): AT> AT+CREG?
04-13 11:01:51.258 D/AT      ( 1552): AT< +CREG: 2,1,"A014","002487A1",2
04-13 11:01:51.258 D/AT      ( 1552): AT< OK
04-13 11:01:51.258 D/RILC    ( 1552): [0077]< REGISTRATION_STATE {1,a014,2487a1,3}
04-13 11:01:51.268 D/RILJ    ( 1678): [0076]< GPRS_REGISTRATION_STATE {1, a014, 2487a1, 3}
04-13 11:01:51.278 D/GSM     ( 1678): [DSAC DEB] EVENT_RESTRICTED_STATE_CHANGED
04-13 11:01:51.278 D/GSM     ( 1678): [DSAC DEB] onRestrictedStateChanged
04-13 11:01:51.278 D/GSM     ( 1678): [DSAC DEB] current rs at enter Restricted State CS: none PS:false
04-13 11:01:51.278 D/GSM     ( 1678): [DSAC DEB] new rs Restricted State CS: none PS:false
04-13 11:01:51.278 D/GSM     ( 1678): [DSAC DEB] current rs at return Restricted State CS: none PS:false
04-13 11:01:51.278 D/RILC    ( 1552): [0078]> QUERY_NETWORK_SELECTION_MODE 
04-13 11:01:51.278 D/RIL     ( 1552): onRequest: QUERY_NETWORK_SELECTION_MODE
04-13 11:01:51.278 D/AT      ( 1552): AT> AT+COPS?
04-13 11:01:51.278 D/AT      ( 1552): AT< +COPS: 0,2,"46001",2
04-13 11:01:51.278 D/AT      ( 1552): AT< OK
04-13 11:01:51.278 D/RILC    ( 1552): [0078]< QUERY_NETWORK_SELECTION_MODE {0}
04-13 11:01:51.308 D/RILJ    ( 1678): [0077]< REGISTRATION_STATE {1, a014, 2487a1, 3}
04-13 11:01:51.308 D/RILJ    ( 1678): [0078]< QUERY_NETWORK_SELECTION_MODE {0}
04-13 11:01:51.308 D/GSM     ( 1678): Poll ServiceState done:  oldSS=[0 home CHINA UNICOM GSM CHINA UNICOM GSM 46001  HSDPA CSS not supported -1 -1RoamInd: -1DefRoamInd: -1EmergOnly: false] newSS=[0 home CHINA UNICOM GSM CHINA UNICOM GSM 46001  UMTS CSS not supported -1 -1RoamInd: -1DefRoamInd: -1EmergOnly: false] oldGprs=0 newGprs=0 oldType=HSDPA newType=UMTS
04-13 11:01:51.308 D/GSM     ( 1678): RAT switched HSDPA -> UMTS at cell 2394017
04-13 11:01:51.608 D/STK     ( 1678): StkAppService$ServiceHandler: OP_BOOT_COMPLETED
04-13 11:01:56.908 D/STK     ( 1678): StkAppService: DISPLAY_TEXT
04-13 11:01:56.978 D/RILJ    ( 1678): [0079]> SIGNAL_STRENGTH
04-13 11:01:56.998 D/RILC    ( 1552): [0079]> SIGNAL_STRENGTH 
04-13 11:01:56.998 D/RIL     ( 1552): onRequest: SIGNAL_STRENGTH
04-13 11:01:56.998 D/AT      ( 1552): AT> AT+CSQ
04-13 11:01:56.998 D/AT      ( 1552): AT< +CSQ: 31,99
04-13 11:01:56.998 D/AT      ( 1552): AT< OK
04-13 11:01:56.998 D/RILC    ( 1552): [0079]< SIGNAL_STRENGTH {[ 31 99]}
04-13 11:01:56.998 D/RILJ    ( 1678): [0079]< SIGNAL_STRENGTH {31, 99, 0, 0, 0, 0, 0}
04-13 11:02:03.198 D/STK     ( 1678): StkAppService: RES_ID_CONFIRM
04-13 11:02:03.598 D/STK     ( 1678): StkService: TERMINAL RESPONSE: 810301210182028281830100
04-13 11:02:03.608 D/RILJ    ( 1678): [0080]> REQUEST_STK_SEND_TERMINAL_RESPONSE
04-13 11:02:03.698 D/RILC    ( 1552): [0080]> STK_SEND_TERMINAL_RESPONSE (810301210182028281830100)
04-13 11:02:03.698 D/RIL     ( 1552): onRequest: STK_SEND_TERMINAL_RESPONSE
04-13 11:02:03.698 D/RIL     ( 1552): STK send term response command: AT+GTKR="810301210182028281830100"
04-13 11:02:03.698 D/AT      ( 1552): AT> AT+GTKR="810301210182028281830100"
04-13 11:02:03.728 D/AT      ( 1552): AT< OK
04-13 11:02:03.728 D/AT      ( 1552): AT< +GTKS:
04-13 11:02:03.728 D/RILC    ( 1552): [UNSL]< UNSOL_STK_SESSION_END 
04-13 11:02:03.738 D/RILJ    ( 1678): [UNSL]< UNSOL_STK_SESSION_END
04-13 11:02:03.738 D/RILC    ( 1552): [0080]< STK_SEND_TERMINAL_RESPONSE
04-13 11:02:03.738 D/RILJ    ( 1678): [0080]< REQUEST_STK_SEND_TERMINAL_RESPONSE 
04-13 11:02:04.168 D/STK     ( 1678): StkService: ril message arrived
04-13 11:02:04.168 D/STK     ( 1678): StkService: SESSION END
04-13 11:02:17.122 D/RILJ    ( 1678): [0081]> SIGNAL_STRENGTH
04-13 11:02:17.128 D/RILC    ( 1552): [0081]> SIGNAL_STRENGTH 
04-13 11:02:17.128 D/RIL     ( 1552): onRequest: SIGNAL_STRENGTH
04-13 11:02:17.128 D/AT      ( 1552): AT> AT+CSQ
04-13 11:02:17.138 D/AT      ( 1552): AT< +CSQ: 30,99
04-13 11:02:17.138 D/AT      ( 1552): AT< OK
04-13 11:02:17.138 D/RILC    ( 1552): [0081]< SIGNAL_STRENGTH {[ 30 99]}
04-13 11:02:17.138 D/RILJ    ( 1678): [0081]< SIGNAL_STRENGTH {30, 99, 0, 0, 0, 0, 0}
