04-13 11:01:33.858 D/RILJ    ( 1678): [0002]> RADIO_POWER
04-13 11:01:34.158 E/GSM     ( 1678): Wrong network type: 0
04-13 11:01:34.158 D/RILC    ( 1552): [0002]> RADIO_POWER (1)
04-13 11:01:34.168 D/RIL     ( 1552): onRequest: RADIO_POWER
04-13 11:01:34.168 D/AT      ( 1552): AT> AT+CFUN=1,0
04-13 11:01:34.168 D/AT      ( 1552): AT< OK
04-13 11:01:34.178 D/RILC    ( 1552): [UNSL]< UNSOL_RESPONSE_RADIO_STATE_CHANGED  {RADIO_SIM_NOT_READY}
04-13 11:01:34.178 D/RILB    ( 1678): Notifying: Radio On
04-13 11:01:34.178 D/RILJ    ( 1678): [UNSL]< UNSOL_RESPONSE_RADIO_STATE_CHANGED SIM_NOT_READY
04-13 11:01:34.178 D/AT      ( 1552): AT> AT*PSUTTZ=1
04-13 11:01:34.188 D/AT      ( 1552): AT< OK
04-13 11:01:34.188 D/AT      ( 1552): AT> AT+CPIN?
04-13 11:01:34.188 E/GSM     ( 1678): Wrong network type: 0
04-13 11:01:34.188 D/GSM     ( 1678): Poll ServiceState done:  oldSS=[1 home null null null  Unknown CSS not supported 0 0RoamInd: 0DefRoamInd: 0EmergOnly: false] newSS=[3 home null null null  Unknown CSS not supported -1 -1RoamInd: -1DefRoamInd: -1EmergOnly: false] oldGprs=1 newGprs=1 oldType=unknown newType=unknown
04-13 11:01:34.238 D/AT      ( 1552): AT< +CPIN: READY
04-13 11:01:34.238 D/AT      ( 1552): AT< OK
04-13 11:01:34.238 D/RILC    ( 1552): [UNSL]< UNSOL_RESPONSE_RADIO_STATE_CHANGED  {RADIO_SIM_READY}
04-13 11:01:34.238 D/AT      ( 1552): AT> AT+CSMS=1
04-13 11:01:34.248 D/RILB    ( 1678): Notifying: SIM ready
04-13 11:01:34.248 D/RILJ    ( 1678): [UNSL]< UNSOL_RESPONSE_RADIO_STATE_CHANGED SIM_READY
04-13 11:01:34.248 D/AT      ( 1552): AT< +CSMS: 1,1,1
04-13 11:01:34.248 D/AT      ( 1552): AT< OK
04-13 11:01:34.248 D/AT      ( 1552): AT> AT+CNMI=2,2,2,1,1
04-13 11:01:34.248 D/AT      ( 1552): AT< OK
04-13 11:01:34.248 D/RILC    ( 1552): [0002]< RADIO_POWER
04-13 11:01:34.248 D/RILJ    ( 1678): [0002]< RADIO_POWER 
04-13 11:01:34.378 D/GSM     ( 1678): GSMDataConnTrack handleMessage { what=3 when=68118 obj=android.os.AsyncResult@43c5dbd8 }
04-13 11:01:34.378 D/GSM     ( 1678): GSMDataConnTrack handleMessage { what=12 when=68118 obj=android.os.AsyncResult@43c5dc78 }
04-13 11:01:34.378 D/GSM     ( 1678): [GsmDataConnectionTracker] Radio is off and clean up all connection
04-13 11:01:34.378 D/GSM     ( 1678): [GsmDataConnectionTracker] Clean up connection due to radioTurnedOff
04-13 11:01:34.378 D/GSM     ( 1678): [GsmDataConnectionTracker] setState: DISCONNECTING
04-13 11:01:34.458 D/GSM     ( 1678): [GsmDataConnectionTracker] cleanUpConnection: !tearDown, call conn.resetSynchronously
04-13 11:01:34.478 D/GSM     ( 1678): [GsmDataConnection-1] DcInactiveState: msg.what=EVENT_RESET, ignore we're already reset
04-13 11:01:34.478 D/GSM     ( 1678): [GsmDataConnection-1] NotifyDisconnectCompleted
04-13 11:01:34.608 D/AT      ( 1552): AT< +CREG: 2,"FFFE","00000000",0
04-13 11:01:34.608 D/RIL     ( 1552): restrictionState updated: 4
04-13 11:01:34.608 D/RILC    ( 1552): [UNSL]< UNSOL_RESPONSE_NETWORK_STATE_CHANGED 
04-13 11:01:34.608 D/RILJ    ( 1678): [UNSL]< UNSOL_RESPONSE_NETWORK_STATE_CHANGED
04-13 11:01:34.618 D/RILC    ( 1552): [UNSL]< UNSOL_RESTRICTED_STATE_CHANGED {4}
04-13 11:01:34.618 V/RILJ    ( 1678): [UNSL]< UNSOL_RESTRICTED_STATE_CHANGED {4}
04-13 11:01:34.798 D/GSM     ( 1678): [DataConnection] Stop poll NetStat
04-13 11:01:34.798 D/GSM     ( 1678): [GsmDataConnectionTracker] cleanupConnection: !notificationDeferred
04-13 11:01:34.798 D/GSM     ( 1678): [GsmDataConnectionTracker] gotoIdleAndNotifyDataConnection: reason=radioTurnedOff
04-13 11:01:34.798 D/GSM     ( 1678): [GsmDataConnectionTracker] setState: IDLE
04-13 11:01:34.798 D/GSM     ( 1678): [GsmDataConnection-1] clearSettings
04-13 11:01:35.018 D/GSM     ( 1678): GSMDataConnTrack handleMessage { what=19 when=68118 obj=android.os.AsyncResult@43c5dfc8 }
04-13 11:01:35.018 D/GSM     ( 1678): [DataConnection] Stop poll NetStat
04-13 11:01:35.058 D/GSM     ( 1678): GSMDataConnTrack handleMessage { what=22 when=68118 obj=android.os.AsyncResult@43c5e118 }
04-13 11:01:35.078 D/GSM     ( 1678): [GsmDataConnectionTracker] ***trySetupData due to roamingOff
04-13 11:01:35.078 D/GSM     ( 1678): [DSAC DEB] trySetupData with mIsPsRestricted=false
04-13 11:01:35.088 D/GSM     ( 1678): [GsmDataConnectionTracker] trySetupData: Not ready for data:  dataState=IDLE gprsState=1 sim=false UMTS=false phoneState=IDLE isDataAllowed=true dataEnabled=true roaming=false dataOnRoamingEnable=false ps restricted=false desiredPowerState=true MasterDataEnabled=true
04-13 11:01:35.138 D/GSM     ( 1678): [IccCard] Broadcasting intent ACTION_SIM_STATE_CHANGED NOT_READY reason null
04-13 11:01:35.308 D/STK     ( 1678): StkService: ril message arrived
04-13 11:01:35.318 D/STK     ( 1678): CommandParamsFactory: process SelectItem
04-13 11:01:35.968 D/RILJ    ( 1678): [0003]> BASEBAND_VERSION
04-13 11:01:36.028 D/AT      ( 1552): AT< ^MODE: 0
04-13 11:01:36.028 E/RIL     ( 1552): unsupported URC : ^MODE: 0
04-13 11:01:36.028 D/AT      ( 1552): AT< +CREG: 0
04-13 11:01:36.028 D/RIL     ( 1552): restrictionState updated: 4
04-13 11:01:36.028 D/RILC    ( 1552): [UNSL]< UNSOL_RESPONSE_NETWORK_STATE_CHANGED 
04-13 11:01:36.028 D/AT      ( 1552): AT< +CGREG: 0
04-13 11:01:36.028 D/RIL     ( 1552): restrictionState updated: 20
04-13 11:01:36.028 D/RILC    ( 1552): [UNSL]< UNSOL_RESPONSE_NETWORK_STATE_CHANGED 
04-13 11:01:36.028 D/AT      ( 1552): AT< ^MODE: 15
04-13 11:01:36.028 E/RIL     ( 1552): unsupported URC : ^MODE: 15
04-13 11:01:36.028 D/AT      ( 1552): AT< +CREG: 1,"A014","002487A1",2
04-13 11:01:36.028 D/RIL     ( 1552): restrictionState updated: 0
04-13 11:01:36.028 D/RILC    ( 1552): [UNSL]< UNSOL_RESPONSE_NETWORK_STATE_CHANGED 
04-13 11:01:36.028 D/AT      ( 1552): AT< +CGREG: 2
04-13 11:01:36.028 D/RIL     ( 1552): restrictionState updated: 0
04-13 11:01:36.028 D/RILC    ( 1552): [UNSL]< UNSOL_RESPONSE_NETWORK_STATE_CHANGED 
04-13 11:01:36.028 D/RILC    ( 1552): [UNSL]< UNSOL_RESTRICTED_STATE_CHANGED {0}
04-13 11:01:36.028 D/RILC    ( 1552): [UNSL]< UNSOL_RESTRICTED_STATE_CHANGED {0}
04-13 11:01:36.028 D/RILC    ( 1552): [UNSL]< UNSOL_RESTRICTED_STATE_CHANGED {0}
04-13 11:01:36.028 D/RILC    ( 1552): [UNSL]< UNSOL_RESTRICTED_STATE_CHANGED {0}
04-13 11:01:36.048 D/RILJ    ( 1678): [0004]> GET_IMEI
04-13 11:01:36.048 D/RILJ    ( 1678): [UNSL]< UNSOL_RESPONSE_NETWORK_STATE_CHANGED
04-13 11:01:36.048 D/RILC    ( 1552): [0003]> BASEBAND_VERSION 
04-13 11:01:36.048 D/RIL     ( 1552): onRequest: BASEBAND_VERSION
04-13 11:01:36.048 D/AT      ( 1552): AT> ATI3
04-13 11:01:36.048 D/AT      ( 1552): AT< 40007100F1360102
04-13 11:01:36.058 D/AT      ( 1552): AT< OK
04-13 11:01:36.058 D/RILC    ( 1552): [0003]< BASEBAND_VERSION {40007100F1360102}
04-13 11:01:36.058 D/RILJ    ( 1678): [0005]> GET_IMEISV
04-13 11:01:36.058 D/RILC    ( 1552): [0004]> GET_IMEI 
04-13 11:01:36.058 D/RIL     ( 1552): onRequest: GET_IMEI
04-13 11:01:36.058 D/AT      ( 1552): AT> AT+CGSN
04-13 11:01:36.068 D/AT      ( 1552): AT< 000000000000000
04-13 11:01:36.068 D/AT      ( 1552): AT< OK
04-13 11:01:36.068 D/RILC    ( 1552): [0004]< GET_IMEI {000000000000000}
04-13 11:01:36.088 D/RILC    ( 1552): [0005]> GET_IMEISV 
04-13 11:01:36.088 D/RIL     ( 1552): onRequest: GET_IMEISV
04-13 11:01:36.088 D/AT      ( 1552): AT> AT*PSIMEISV?
04-13 11:01:36.088 D/AT      ( 1552): AT< *PSIMEISV: 000000 00 000000 01
04-13 11:01:36.088 D/AT      ( 1552): AT< OK
04-13 11:01:36.088 D/RILC    ( 1552): [0005]< GET_IMEISV {000000 00 000000 01}
04-13 11:01:36.268 D/RILJ    ( 1678): [UNSL]< UNSOL_RESPONSE_NETWORK_STATE_CHANGED
04-13 11:01:36.278 D/RILJ    ( 1678): [UNSL]< UNSOL_RESPONSE_NETWORK_STATE_CHANGED
04-13 11:01:36.278 D/RILJ    ( 1678): [UNSL]< UNSOL_RESPONSE_NETWORK_STATE_CHANGED
04-13 11:01:36.288 V/RILJ    ( 1678): [UNSL]< UNSOL_RESTRICTED_STATE_CHANGED {0}
04-13 11:01:36.288 V/RILJ    ( 1678): [UNSL]< UNSOL_RESTRICTED_STATE_CHANGED {0}
04-13 11:01:36.288 V/RILJ    ( 1678): [UNSL]< UNSOL_RESTRICTED_STATE_CHANGED {0}
04-13 11:01:36.298 V/RILJ    ( 1678): [UNSL]< UNSOL_RESTRICTED_STATE_CHANGED {0}
04-13 11:01:36.298 D/RILJ    ( 1678): [0003]< BASEBAND_VERSION 40007100F1360102
04-13 11:01:36.318 D/RILJ    ( 1678): [0004]< GET_IMEI 
04-13 11:01:36.318 D/RILJ    ( 1678): [0005]< GET_IMEISV 
04-13 11:01:36.408 D/RILJ    ( 1678): [0006]> OPERATOR
04-13 11:01:36.418 D/RILC    ( 1552): [0006]> OPERATOR 
04-13 11:01:36.418 D/RIL     ( 1552): onRequest: OPERATOR
04-13 11:01:36.418 D/AT      ( 1552): AT> AT+COPS=3,0;+COPS?;+COPS=3,2;+COPS?
04-13 11:01:36.418 D/AT      ( 1552): AT< +COPS: 0,0,"CHINA UNICOM GSM",2
04-13 11:01:36.418 D/AT      ( 1552): AT< +COPS: 0,2,"46001",2
04-13 11:01:36.418 D/AT      ( 1552): AT< OK
04-13 11:01:36.418 D/RILC    ( 1552): [0006]< OPERATOR {CHINA UNICOM GSM,CHINA UNICOM GSM,46001}
04-13 11:01:36.418 D/RILJ    ( 1678): [0006]< OPERATOR {CHINA UNICOM GSM, CHINA UNICOM GSM, 46001}
04-13 11:01:36.428 D/RILJ    ( 1678): [0007]> GPRS_REGISTRATION_STATE
04-13 11:01:36.438 D/RILC    ( 1552): [0007]> GPRS_REGISTRATION_STATE 
04-13 11:01:36.438 D/RIL     ( 1552): onRequest: GPRS_REGISTRATION_STATE
04-13 11:01:36.438 D/AT      ( 1552): AT> AT+CGREG?
04-13 11:01:36.438 D/AT      ( 1552): AT< +CGREG: 2,2
04-13 11:01:36.438 D/AT      ( 1552): AT< OK
04-13 11:01:36.438 D/RILC    ( 1552): [0007]< GPRS_REGISTRATION_STATE {2,(null),(null)}
04-13 11:01:36.438 D/RILJ    ( 1678): [0007]< GPRS_REGISTRATION_STATE {2, null, null}
04-13 11:01:36.438 D/RILJ    ( 1678): [0008]> REGISTRATION_STATE
04-13 11:01:36.458 D/RILC    ( 1552): [0008]> REGISTRATION_STATE 
04-13 11:01:36.458 D/RIL     ( 1552): onRequest: REGISTRATION_STATE
04-13 11:01:36.458 D/AT      ( 1552): AT> AT+CREG?
04-13 11:01:36.458 D/AT      ( 1552): AT< +CREG: 2,1,"A014","002487A1",2
04-13 11:01:36.458 D/AT      ( 1552): AT< OK
04-13 11:01:36.458 D/RILC    ( 1552): [0008]< REGISTRATION_STATE {1,a014,2487a1,3}
04-13 11:01:36.468 D/RILJ    ( 1678): [0008]< REGISTRATION_STATE {1, a014, 2487a1, 3}
04-13 11:01:36.478 D/RILJ    ( 1678): [0009]> QUERY_NETWORK_SELECTION_MODE
04-13 11:01:36.488 D/RILJ    ( 1678): [0010]> GET_CURRENT_CALLS
04-13 11:01:36.488 D/RILC    ( 1552): [0009]> QUERY_NETWORK_SELECTION_MODE 
04-13 11:01:36.488 D/RIL     ( 1552): onRequest: QUERY_NETWORK_SELECTION_MODE
04-13 11:01:36.488 D/AT      ( 1552): AT> AT+COPS?
04-13 11:01:36.498 D/AT      ( 1552): AT< +COPS: 0,2,"46001",2
04-13 11:01:36.498 D/AT      ( 1552): AT< OK
04-13 11:01:36.498 D/RILC    ( 1552): [0009]< QUERY_NETWORK_SELECTION_MODE {0}
04-13 11:01:36.498 D/RILJ    ( 1678): [0009]< QUERY_NETWORK_SELECTION_MODE {0}
04-13 11:01:36.508 D/RILJ    ( 1678): [0011]> OPERATOR
04-13 11:01:36.508 D/RILC    ( 1552): [0010]> GET_CURRENT_CALLS 
04-13 11:01:36.508 D/RIL     ( 1552): onRequest: GET_CURRENT_CALLS
04-13 11:01:36.508 D/AT      ( 1552): AT> AT+CLCC
04-13 11:01:36.518 D/AT      ( 1552): AT< OK
04-13 11:01:36.518 D/RILC    ( 1552): [0010]< GET_CURRENT_CALLS }
04-13 11:01:36.528 D/RILJ    ( 1678): [0010]< GET_CURRENT_CALLS  
04-13 11:01:36.528 D/RILC    ( 1552): [0011]> OPERATOR 
04-13 11:01:36.528 D/RIL     ( 1552): onRequest: OPERATOR
04-13 11:01:36.528 D/AT      ( 1552): AT> AT+COPS=3,0;+COPS?;+COPS=3,2;+COPS?
04-13 11:01:36.528 D/RILJ    ( 1678): [0012]> GPRS_REGISTRATION_STATE
04-13 11:01:36.538 D/AT      ( 1552): AT< +COPS: 0,0,"CHINA UNICOM GSM",2
04-13 11:01:36.538 D/AT      ( 1552): AT< +COPS: 0,2,"46001",2
04-13 11:01:36.538 D/AT      ( 1552): AT< OK
04-13 11:01:36.538 D/RILC    ( 1552): [0011]< OPERATOR {CHINA UNICOM GSM,CHINA UNICOM GSM,46001}
04-13 11:01:36.538 D/RILJ    ( 1678): [0011]< OPERATOR {CHINA UNICOM GSM, CHINA UNICOM GSM, 46001}
04-13 11:01:36.808 D/RILJ    ( 1678): [0013]> REGISTRATION_STATE
04-13 11:01:36.808 D/RILC    ( 1552): [0012]> GPRS_REGISTRATION_STATE 
04-13 11:01:36.808 D/RIL     ( 1552): onRequest: GPRS_REGISTRATION_STATE
04-13 11:01:36.808 D/AT      ( 1552): AT> AT+CGREG?
04-13 11:01:36.808 D/AT      ( 1552): AT< +CGREG: 2,2
04-13 11:01:36.808 D/AT      ( 1552): AT< OK
04-13 11:01:36.808 D/RILC    ( 1552): [0012]< GPRS_REGISTRATION_STATE {2,(null),(null)}
04-13 11:01:36.818 D/RILJ    ( 1678): [0012]< GPRS_REGISTRATION_STATE {2, null, null}
04-13 11:01:36.818 D/RILC    ( 1552): [0013]> REGISTRATION_STATE 
04-13 11:01:36.818 D/RIL     ( 1552): onRequest: REGISTRATION_STATE
04-13 11:01:36.818 D/AT      ( 1552): AT> AT+CREG?
04-13 11:01:36.818 D/AT      ( 1552): AT< +CREG: 2,1,"A014","002487A1",2
04-13 11:01:36.818 D/AT      ( 1552): AT< OK
04-13 11:01:36.818 D/RILC    ( 1552): [0013]< REGISTRATION_STATE {1,a014,2487a1,3}
04-13 11:01:36.828 D/RILJ    ( 1678): [0013]< REGISTRATION_STATE {1, a014, 2487a1, 3}
04-13 11:01:36.828 D/RILJ    ( 1678): [0014]> QUERY_NETWORK_SELECTION_MODE
04-13 11:01:36.848 D/RILC    ( 1552): [0014]> QUERY_NETWORK_SELECTION_MODE 
04-13 11:01:36.848 D/RIL     ( 1552): onRequest: QUERY_NETWORK_SELECTION_MODE
04-13 11:01:36.848 D/AT      ( 1552): AT> AT+COPS?
04-13 11:01:36.848 D/AT      ( 1552): AT< +COPS: 0,2,"46001",2
04-13 11:01:36.848 D/AT      ( 1552): AT< OK
04-13 11:01:36.848 D/RILC    ( 1552): [0014]< QUERY_NETWORK_SELECTION_MODE {0}
04-13 11:01:36.858 D/RILJ    ( 1678): [0014]< QUERY_NETWORK_SELECTION_MODE {0}
04-13 11:01:36.858 D/RILJ    ( 1678): [0015]> OPERATOR
04-13 11:01:36.868 D/RILC    ( 1552): [0015]> OPERATOR 
04-13 11:01:36.868 D/RIL     ( 1552): onRequest: OPERATOR
04-13 11:01:36.868 D/AT      ( 1552): AT> AT+COPS=3,0;+COPS?;+COPS=3,2;+COPS?
04-13 11:01:36.868 D/AT      ( 1552): AT< +COPS: 0,0,"CHINA UNICOM GSM",2
04-13 11:01:36.868 D/AT      ( 1552): AT< +COPS: 0,2,"46001",2
04-13 11:01:36.868 D/AT      ( 1552): AT< OK
04-13 11:01:36.868 D/RILC    ( 1552): [0015]< OPERATOR {CHINA UNICOM GSM,CHINA UNICOM GSM,46001}
04-13 11:01:36.868 D/RILJ    ( 1678): [0016]> GPRS_REGISTRATION_STATE
04-13 11:01:36.878 D/RILJ    ( 1678): [0015]< OPERATOR {CHINA UNICOM GSM, CHINA UNICOM GSM, 46001}
04-13 11:01:36.888 D/RILC    ( 1552): [0016]> GPRS_REGISTRATION_STATE 
04-13 11:01:36.888 D/RIL     ( 1552): onRequest: GPRS_REGISTRATION_STATE
04-13 11:01:36.888 D/AT      ( 1552): AT> AT+CGREG?
04-13 11:01:36.888 D/AT      ( 1552): AT< +CGREG: 2,2
04-13 11:01:36.888 D/AT      ( 1552): AT< OK
04-13 11:01:36.888 D/RILC    ( 1552): [0016]< GPRS_REGISTRATION_STATE {2,(null),(null)}
04-13 11:01:36.888 D/RILJ    ( 1678): [0017]> REGISTRATION_STATE
04-13 11:01:36.918 D/RILJ    ( 1678): [0016]< GPRS_REGISTRATION_STATE {2, null, null}
04-13 11:01:36.918 D/RILC    ( 1552): [0017]> REGISTRATION_STATE 
04-13 11:01:36.918 D/RIL     ( 1552): onRequest: REGISTRATION_STATE
04-13 11:01:36.918 D/AT      ( 1552): AT> AT+CREG?
04-13 11:01:36.928 D/AT      ( 1552): AT< +CREG: 2,1,"A014","002487A1",2
04-13 11:01:36.928 D/AT      ( 1552): AT< OK
04-13 11:01:36.928 D/RILC    ( 1552): [0017]< REGISTRATION_STATE {1,a014,2487a1,3}
04-13 11:01:36.928 D/RILJ    ( 1678): [0017]< REGISTRATION_STATE {1, a014, 2487a1, 3}
04-13 11:01:36.938 D/RILJ    ( 1678): [0018]> QUERY_NETWORK_SELECTION_MODE
04-13 11:01:36.958 D/RILC    ( 1552): [0018]> QUERY_NETWORK_SELECTION_MODE 
04-13 11:01:36.958 D/RIL     ( 1552): onRequest: QUERY_NETWORK_SELECTION_MODE
04-13 11:01:36.958 D/AT      ( 1552): AT> AT+COPS?
04-13 11:01:36.958 D/AT      ( 1552): AT< +COPS: 0,2,"46001",2
04-13 11:01:36.968 D/AT      ( 1552): AT< OK
04-13 11:01:36.968 D/RILC    ( 1552): [0018]< QUERY_NETWORK_SELECTION_MODE {0}
04-13 11:01:36.968 D/GSM     ( 1678): [IccCard] Broadcasting intent ACTION_SIM_STATE_CHANGED READY reason null
04-13 11:01:36.978 D/RILJ    ( 1678): [0018]< QUERY_NETWORK_SELECTION_MODE {0}
04-13 11:01:37.058 V/GSM     ( 1678): SIMRecords:fetchSimRecords 0
04-13 11:01:37.058 D/RILJ    ( 1678): [0019]> getIMSI:RIL_REQUEST_GET_IMSI 11 GET_IMSI
04-13 11:01:37.358 D/RILJ    ( 1678): [0020]> iccIO: SIM_IO 0xc0 0x2fe2  path: 3F00,0,0,15
04-13 11:01:37.358 D/RILC    ( 1552): [0019]> GET_IMSI 
04-13 11:01:37.358 D/RIL     ( 1552): onRequest: GET_IMSI
04-13 11:01:37.358 D/AT      ( 1552): AT> AT+CIMI
04-13 11:01:37.388 D/RILJ    ( 1678): [0021]> iccIO: SIM_IO 0xc0 0x6f40  path: 3F007F10,0,0,15
04-13 11:01:37.388 D/RILJ    ( 1678): [0022]> iccIO: SIM_IO 0xc0 0x6fc9  path: 3F007F20,0,0,15
04-13 11:01:37.398 D/AT      ( 1552): AT< 460010020683648
04-13 11:01:37.398 D/AT      ( 1552): AT< OK
04-13 11:01:37.398 D/RILC    ( 1552): [0019]< GET_IMSI {460010020683648}
04-13 11:01:37.398 D/RILC    ( 1552): [0020]> SIM_IO (cmd=0xC0,efid=0x2FE2,path=3F00,0,0,15,(null),pin2=(null))
04-13 11:01:37.398 D/RIL     ( 1552): onRequest: SIM_IO
04-13 11:01:37.398 D/AT      ( 1552): AT> AT+CRSM=192,12258,0,0,15
04-13 11:01:37.398 D/RILJ    ( 1678): [0019]< GET_IMSI 
04-13 11:01:37.418 D/AT      ( 1552): AT< +CRSM: 144,0,"FFFF000A2FE204FF000000FF020002"
04-13 11:01:37.418 D/AT      ( 1552): AT< OK
04-13 11:01:37.418 D/RILC    ( 1552): [0020]< SIM_IO {sw1=0x90,sw2=0x0,FFFF000A2FE204FF000000FF020002}
04-13 11:01:37.418 D/RILC    ( 1552): [0021]> SIM_IO (cmd=0xC0,efid=0x6F40,path=3F007F10,0,0,15,(null),pin2=(null))
04-13 11:01:37.418 D/RIL     ( 1552): onRequest: SIM_IO
04-13 11:01:37.418 D/AT      ( 1552): AT> AT+CRSM=192,28480,0,0,15
04-13 11:01:37.418 D/RILJ    ( 1678): < iccIO:  0x90 0x0 FFFF000A2FE204FF000000FF020002
04-13 11:01:37.418 D/RILJ    ( 1678): [0020]< SIM_IO IccIoResponse sw1:0x90 sw2:0x0
04-13 11:01:37.428 D/RILJ    ( 1678): [0023]> iccIO: SIM_IO 0xc0 0x6fad  path: 3F007F20,0,0,15
04-13 11:01:37.438 D/RILJ    ( 1678): [0024]> iccIO: SIM_IO 0xc0 0x6fca  path: 3F007F20,0,0,15
04-13 11:01:37.438 D/RILJ    ( 1678): [0025]> iccIO: SIM_IO 0xc0 0x6f11  path: 3F007F20,0,0,15
04-13 11:01:37.448 D/AT      ( 1552): AT< +CRSM: 144,0,"FFFF00386F4004FF000000FF02011C"
04-13 11:01:37.448 D/AT      ( 1552): AT< OK
04-13 11:01:37.448 D/RILC    ( 1552): [0021]< SIM_IO {sw1=0x90,sw2=0x0,FFFF00386F4004FF000000FF02011C}
04-13 11:01:37.448 D/RILC    ( 1552): [0022]> SIM_IO (cmd=0xC0,efid=0x6FC9,path=3F007F20,0,0,15,(null),pin2=(null))
04-13 11:01:37.448 D/RIL     ( 1552): onRequest: SIM_IO
04-13 11:01:37.448 D/AT      ( 1552): AT> AT+CRSM=192,28617,0,0,15
04-13 11:01:37.448 D/RILJ    ( 1678): < iccIO:  0x90 0x0 FFFF00386F4004FF000000FF02011C
04-13 11:01:37.448 D/RILJ    ( 1678): [0021]< SIM_IO IccIoResponse sw1:0x90 sw2:0x0
04-13 11:01:37.458 D/AT      ( 1552): AT< +CRSM: 106,130
04-13 11:01:37.458 D/AT      ( 1552): AT< OK
04-13 11:01:37.458 D/RILC    ( 1552): [0022]< SIM_IO {sw1=0x6A,sw2=0x82,(null)}
04-13 11:01:37.468 D/RILC    ( 1552): [0023]> SIM_IO (cmd=0xC0,efid=0x6FAD,path=3F007F20,0,0,15,(null),pin2=(null))
04-13 11:01:37.468 D/RIL     ( 1552): onRequest: SIM_IO
04-13 11:01:37.468 D/AT      ( 1552): AT> AT+CRSM=192,28589,0,0,15
04-13 11:01:37.468 D/RILJ    ( 1678): [0026]> iccIO: SIM_IO 0xc0 0x6fcb  path: 3F007F20,0,0,15
04-13 11:01:37.478 D/AT      ( 1552): AT< +CRSM: 144,0,"FFFF00046FAD04FF000000FF020002"
04-13 11:01:37.478 D/AT      ( 1552): AT< OK
04-13 11:01:37.488 D/RILC    ( 1552): [0023]< SIM_IO {sw1=0x90,sw2=0x0,FFFF00046FAD04FF000000FF020002}
04-13 11:01:37.488 D/RILC    ( 1552): [0024]> SIM_IO (cmd=0xC0,efid=0x6FCA,path=3F007F20,0,0,15,(null),pin2=(null))
04-13 11:01:37.488 D/RIL     ( 1552): onRequest: SIM_IO
04-13 11:01:37.488 D/AT      ( 1552): AT> AT+CRSM=192,28618,0,0,15
04-13 11:01:37.488 D/RILJ    ( 1678): [0027]> iccIO: SIM_IO 0xc0 0x6f13  path: 3F007F20,0,0,15
04-13 11:01:37.488 D/RILJ    ( 1678): [0028]> iccIO: SIM_IO 0xc0 0x6f46  path: 3F007F20,0,0,15
04-13 11:01:37.498 D/AT      ( 1552): AT< +CRSM: 106,130
04-13 11:01:37.498 D/AT      ( 1552): AT< OK
04-13 11:01:37.498 D/RILC    ( 1552): [0024]< SIM_IO {sw1=0x6A,sw2=0x82,(null)}
04-13 11:01:37.498 D/RILC    ( 1552): [0025]> SIM_IO (cmd=0xC0,efid=0x6F11,path=3F007F20,0,0,15,(null),pin2=(null))
04-13 11:01:37.498 D/RIL     ( 1552): onRequest: SIM_IO
04-13 11:01:37.498 D/AT      ( 1552): AT> AT+CRSM=192,28433,0,0,15
04-13 11:01:37.508 D/AT      ( 1552): AT< +CRSM: 106,130
04-13 11:01:37.508 D/AT      ( 1552): AT< OK
04-13 11:01:37.508 D/RILC    ( 1552): [0025]< SIM_IO {sw1=0x6A,sw2=0x82,(null)}
04-13 11:01:37.508 D/RILC    ( 1552): [0026]> SIM_IO (cmd=0xC0,efid=0x6FCB,path=3F007F20,0,0,15,(null),pin2=(null))
04-13 11:01:37.508 D/RIL     ( 1552): onRequest: SIM_IO
04-13 11:01:37.508 D/AT      ( 1552): AT> AT+CRSM=192,28619,0,0,15
04-13 11:01:37.518 D/RILJ    ( 1678): [0029]> iccIO: SIM_IO 0xc0 0x6fcd  path: 3F007F20,0,0,15
04-13 11:01:37.518 D/AT      ( 1552): AT< +CRSM: 106,130
04-13 11:01:37.518 D/AT      ( 1552): AT< OK
04-13 11:01:37.518 D/RILC    ( 1552): [0026]< SIM_IO {sw1=0x6A,sw2=0x82,(null)}
04-13 11:01:37.518 D/RILC    ( 1552): [0027]> SIM_IO (cmd=0xC0,efid=0x6F13,path=3F007F20,0,0,15,(null),pin2=(null))
04-13 11:01:37.518 D/RIL     ( 1552): onRequest: SIM_IO
04-13 11:01:37.518 D/AT      ( 1552): AT> AT+CRSM=192,28435,0,0,15
04-13 11:01:37.528 D/RILJ    ( 1678): [0030]> iccIO: SIM_IO 0xc0 0x6fc5  path: 3F007F20,0,0,15
04-13 11:01:37.528 D/AT      ( 1552): AT< +CRSM: 106,130
04-13 11:01:37.528 D/AT      ( 1552): AT< OK
04-13 11:01:37.528 D/RILC    ( 1552): [0027]< SIM_IO {sw1=0x6A,sw2=0x82,(null)}
04-13 11:01:37.528 D/RILC    ( 1552): [0028]> SIM_IO (cmd=0xC0,efid=0x6F46,path=3F007F20,0,0,15,(null),pin2=(null))
04-13 11:01:37.528 D/RIL     ( 1552): onRequest: SIM_IO
04-13 11:01:37.528 D/AT      ( 1552): AT> AT+CRSM=192,28486,0,0,15
04-13 11:01:37.548 D/AT      ( 1552): AT< +CRSM: 144,0,"FFFF00116F4604FF000000FF020002"
04-13 11:01:37.548 D/AT      ( 1552): AT< OK
04-13 11:01:37.548 D/RILC    ( 1552): [0028]< SIM_IO {sw1=0x90,sw2=0x0,FFFF00116F4604FF000000FF020002}
04-13 11:01:37.548 D/RILC    ( 1552): [0029]> SIM_IO (cmd=0xC0,efid=0x6FCD,path=3F007F20,0,0,15,(null),pin2=(null))
04-13 11:01:37.548 D/RIL     ( 1552): onRequest: SIM_IO
04-13 11:01:37.548 D/AT      ( 1552): AT> AT+CRSM=192,28621,0,0,15
04-13 11:01:37.558 D/RILJ    ( 1678): [0031]> iccIO: SIM_IO 0xc0 0x6f38  path: 3F007F20,0,0,15
04-13 11:01:37.558 D/RILJ    ( 1678): [0032]> iccIO: SIM_IO 0xc0 0x6f16  path: 3F007F20,0,0,15
04-13 11:01:37.568 D/AT      ( 1552): AT< +CRSM: 144,0,"FFFF00226FCD04FF000000FF020002"
04-13 11:01:37.568 D/AT      ( 1552): AT< OK
04-13 11:01:37.568 D/RILC    ( 1552): [0029]< SIM_IO {sw1=0x90,sw2=0x0,FFFF00226FCD04FF000000FF020002}
04-13 11:01:37.568 D/RILC    ( 1552): [0030]> SIM_IO (cmd=0xC0,efid=0x6FC5,path=3F007F20,0,0,15,(null),pin2=(null))
04-13 11:01:37.568 D/RIL     ( 1552): onRequest: SIM_IO
04-13 11:01:37.568 D/AT      ( 1552): AT> AT+CRSM=192,28613,0,0,15
04-13 11:01:37.578 V/GSM     ( 1678): Check if IMSI shalll be read againnull
04-13 11:01:37.578 V/GSM     ( 1678): Force to get IMSI again 
04-13 11:01:37.578 D/RILJ    ( 1678): [0033]> getIMSI:RIL_REQUEST_GET_IMSI 11 GET_IMSI
04-13 11:01:37.578 D/RILJ    ( 1678): [0034]> GET_SIM_STATUS
04-13 11:01:37.588 D/AT      ( 1552): AT< +CRSM: 144,0,"FFFF00706FC504FF000000FF02010E"
04-13 11:01:37.588 D/AT      ( 1552): AT< OK
04-13 11:01:37.588 D/RILC    ( 1552): [0030]< SIM_IO {sw1=0x90,sw2=0x0,FFFF00706FC504FF000000FF02010E}
04-13 11:01:37.588 D/RILC    ( 1552): [0031]> SIM_IO (cmd=0xC0,efid=0x6F38,path=3F007F20,0,0,15,(null),pin2=(null))
04-13 11:01:37.588 D/RIL     ( 1552): onRequest: SIM_IO
04-13 11:01:37.588 D/AT      ( 1552): AT> AT+CRSM=192,28472,0,0,15
04-13 11:01:37.598 D/RILJ    ( 1678): [0035]> QUERY_FACILITY_LOCK
04-13 11:01:37.608 D/AT      ( 1552): AT< +CRSM: 144,0,"FFFF000A6F3804FF000000FF020002"
04-13 11:01:37.608 D/AT      ( 1552): AT< OK
04-13 11:01:37.608 D/RILC    ( 1552): [0031]< SIM_IO {sw1=0x90,sw2=0x0,FFFF000A6F3804FF000000FF020002}
04-13 11:01:37.608 D/RILC    ( 1552): [0032]> SIM_IO (cmd=0xC0,efid=0x6F16,path=3F007F20,0,0,15,(null),pin2=(null))
04-13 11:01:37.608 D/RIL     ( 1552): onRequest: SIM_IO
04-13 11:01:37.608 D/AT      ( 1552): AT> AT+CRSM=192,28438,0,0,15
04-13 11:01:37.618 D/RILJ    ( 1678): [0036]> QUERY_FACILITY_LOCK
04-13 11:01:37.618 D/AT      ( 1552): AT< +CRSM: 106,130
04-13 11:01:37.618 D/AT      ( 1552): AT< OK
04-13 11:01:37.618 D/RILC    ( 1552): [0032]< SIM_IO {sw1=0x6A,sw2=0x82,(null)}
04-13 11:01:37.618 D/RILC    ( 1552): [0033]> GET_IMSI 
04-13 11:01:37.618 D/RIL     ( 1552): onRequest: GET_IMSI
04-13 11:01:37.618 D/AT      ( 1552): AT> AT+CIMI
04-13 11:01:37.628 D/AT      ( 1552): AT< 460010020683648
04-13 11:01:37.628 D/AT      ( 1552): AT< OK
04-13 11:01:37.628 D/RILC    ( 1552): [0033]< GET_IMSI {460010020683648}
04-13 11:01:37.628 D/RILC    ( 1552): [0034]> GET_SIM_STATUS 
04-13 11:01:37.628 D/RIL     ( 1552): onRequest: GET_SIM_STATUS
04-13 11:01:37.628 D/AT      ( 1552): AT> AT+CPIN?
04-13 11:01:37.658 D/RILJ    ( 1678): [0037]> OPERATOR
04-13 11:01:37.668 D/AT      ( 1552): AT< +CPIN: READY
04-13 11:01:37.668 D/AT      ( 1552): AT< OK
04-13 11:01:37.668 D/RILC    ( 1552): [0034]< GET_SIM_STATUS {[app_type=1,app_state=5,perso_substate=2,                aid_ptr=(null),app_label_ptr=(null),pin1_replaced=0,pin1=0,pin2=0],}
04-13 11:01:37.668 D/AT      ( 1552): AT> AT+CPIN?
04-13 11:01:37.688 D/RILJ    ( 1678): [0038]> GPRS_REGISTRATION_STATE
04-13 11:01:37.688 D/RILJ    ( 1678): [0039]> REGISTRATION_STATE
04-13 11:01:37.698 D/RILJ    ( 1678): [0040]> QUERY_NETWORK_SELECTION_MODE
04-13 11:01:37.698 D/GSM     ( 1678): [DSAC DEB] EVENT_RESTRICTED_STATE_CHANGED
04-13 11:01:37.718 D/AT      ( 1552): AT< +CPIN: READY
04-13 11:01:37.718 D/AT      ( 1552): AT< OK
04-13 11:01:37.718 D/RIL     ( 1552): 	updateRadioStateAfterSimStatus
04-13 11:01:37.718 D/RILC    ( 1552): [0035]> QUERY_FACILITY_LOCK (SC,,7)
04-13 11:01:37.718 D/RIL     ( 1552): onRequest: QUERY_FACILITY_LOCK
04-13 11:01:37.718 D/AT      ( 1552): AT> AT+CLCK="SC",2,"",7
04-13 11:01:37.728 D/GSM     ( 1678): [DSAC DEB] onRestrictedStateChanged
04-13 11:01:37.728 D/GSM     ( 1678): [DSAC DEB] current rs at enter Restricted State CS: none PS:false
04-13 11:01:37.758 D/GSM     ( 1678): [DSAC DEB] new rs Restricted State CS: all PS:false
04-13 11:01:37.768 D/AT      ( 1552): AT< +CLCK: 0
04-13 11:01:37.768 D/AT      ( 1552): AT< OK
04-13 11:01:37.768 D/RILC    ( 1552): [0035]< QUERY_FACILITY_LOCK {0}
04-13 11:01:37.768 D/RILC    ( 1552): [0036]> QUERY_FACILITY_LOCK (FD,,7)
04-13 11:01:37.768 D/RIL     ( 1552): onRequest: QUERY_FACILITY_LOCK
04-13 11:01:37.768 D/AT      ( 1552): AT> AT+CLCK="FD",2,"",7
04-13 11:01:37.768 D/AT      ( 1552): AT< +CLCK: 0
04-13 11:01:37.768 D/AT      ( 1552): AT< OK
04-13 11:01:37.768 D/RILC    ( 1552): [0036]< QUERY_FACILITY_LOCK {0}
04-13 11:01:37.768 D/RILC    ( 1552): [0037]> OPERATOR 
04-13 11:01:37.768 D/RIL     ( 1552): onRequest: OPERATOR
04-13 11:01:37.768 D/AT      ( 1552): AT> AT+COPS=3,0;+COPS?;+COPS=3,2;+COPS?
04-13 11:01:37.768 D/AT      ( 1552): AT< +COPS: 0,0,"CHINA UNICOM GSM",2
04-13 11:01:37.768 D/AT      ( 1552): AT< +COPS: 0,2,"46001",2
04-13 11:01:37.768 D/AT      ( 1552): AT< OK
04-13 11:01:37.768 D/RILC    ( 1552): [0037]< OPERATOR {CHINA UNICOM GSM,CHINA UNICOM GSM,46001}
04-13 11:01:37.768 D/RILC    ( 1552): [0038]> GPRS_REGISTRATION_STATE 
04-13 11:01:37.768 D/RIL     ( 1552): onRequest: GPRS_REGISTRATION_STATE
04-13 11:01:37.768 D/AT      ( 1552): AT> AT+CGREG?
04-13 11:01:37.778 D/AT      ( 1552): AT< +CGREG: 2,2
04-13 11:01:37.778 D/AT      ( 1552): AT< OK
04-13 11:01:37.778 D/RILC    ( 1552): [0038]< GPRS_REGISTRATION_STATE {2,(null),(null)}
04-13 11:01:37.778 D/RILC    ( 1552): [0039]> REGISTRATION_STATE 
04-13 11:01:37.778 D/RIL     ( 1552): onRequest: REGISTRATION_STATE
04-13 11:01:37.778 D/AT      ( 1552): AT> AT+CREG?
04-13 11:01:37.778 D/AT      ( 1552): AT< +CREG: 2,1,"A014","002487A1",2
04-13 11:01:37.778 D/AT      ( 1552): AT< OK
04-13 11:01:37.778 D/RILC    ( 1552): [0039]< REGISTRATION_STATE {1,a014,2487a1,3}
04-13 11:01:37.778 D/RILC    ( 1552): [0040]> QUERY_NETWORK_SELECTION_MODE 
04-13 11:01:37.778 D/RIL     ( 1552): onRequest: QUERY_NETWORK_SELECTION_MODE
04-13 11:01:37.778 D/AT      ( 1552): AT> AT+COPS?
04-13 11:01:37.788 D/AT      ( 1552): AT< +COPS: 0,2,"46001",2
04-13 11:01:37.788 D/AT      ( 1552): AT< OK
04-13 11:01:37.788 D/RILC    ( 1552): [0040]< QUERY_NETWORK_SELECTION_MODE {0}
04-13 11:01:37.788 D/GSM     ( 1678): [DSAC DEB] create notification 1003
04-13 11:01:37.798 D/GSM     ( 1678): [DSAC DEB] put notification Restricted access changed / All Voice services are blocked.
04-13 11:01:37.838 D/GSM     ( 1678): [DSAC DEB] current rs at return Restricted State CS: all PS:false
04-13 11:01:37.858 D/STK     ( 1678): StkService: SET_UP_MENU
04-13 11:01:37.858 D/STK     ( 1678): StkService: TERMINAL RESPONSE: 810301250082028281830100
04-13 11:01:37.858 D/RILJ    ( 1678): [0041]> REQUEST_STK_SEND_TERMINAL_RESPONSE
04-13 11:01:37.868 D/RILC    ( 1552): [0041]> STK_SEND_TERMINAL_RESPONSE (810301250082028281830100)
04-13 11:01:37.868 D/RIL     ( 1552): onRequest: STK_SEND_TERMINAL_RESPONSE
04-13 11:01:37.868 D/RIL     ( 1552): STK send term response command: AT+GTKR="810301250082028281830100"
04-13 11:01:37.868 D/AT      ( 1552): AT> AT+GTKR="810301250082028281830100"
04-13 11:01:37.878 D/AT      ( 1552): AT< OK
04-13 11:01:37.878 D/AT      ( 1552): AT< +GTKS:
04-13 11:01:37.878 D/RILC    ( 1552): [UNSL]< UNSOL_STK_SESSION_END 
04-13 11:01:37.888 D/RILC    ( 1552): [0041]< STK_SEND_TERMINAL_RESPONSE
04-13 11:01:37.907 D/RILJ    ( 1678): < iccIO:  0x6a 0x82 null
04-13 11:01:37.907 D/RILJ    ( 1678): [0022]< SIM_IO IccIoResponse sw1:0x6a sw2:0x82
04-13 11:01:37.918 D/RILJ    ( 1678): < iccIO:  0x90 0x0 FFFF00046FAD04FF000000FF020002
04-13 11:01:37.918 D/RILJ    ( 1678): [0023]< SIM_IO IccIoResponse sw1:0x90 sw2:0x0
04-13 11:01:37.918 D/RILJ    ( 1678): < iccIO:  0x6a 0x82 null
04-13 11:01:37.918 D/RILJ    ( 1678): [0024]< SIM_IO IccIoResponse sw1:0x6a sw2:0x82
04-13 11:01:37.928 D/RILJ    ( 1678): < iccIO:  0x6a 0x82 null
04-13 11:01:37.928 D/RILJ    ( 1678): [0025]< SIM_IO IccIoResponse sw1:0x6a sw2:0x82
04-13 11:01:37.928 D/RILJ    ( 1678): < iccIO:  0x6a 0x82 null
04-13 11:01:37.928 D/RILJ    ( 1678): [0026]< SIM_IO IccIoResponse sw1:0x6a sw2:0x82
04-13 11:01:37.928 D/RILJ    ( 1678): < iccIO:  0x6a 0x82 null
04-13 11:01:37.928 D/RILJ    ( 1678): [0027]< SIM_IO IccIoResponse sw1:0x6a sw2:0x82
04-13 11:01:37.928 D/RILJ    ( 1678): < iccIO:  0x90 0x0 FFFF00116F4604FF000000FF020002
04-13 11:01:37.928 D/RILJ    ( 1678): [0028]< SIM_IO IccIoResponse sw1:0x90 sw2:0x0
04-13 11:01:37.958 D/RILJ    ( 1678): [0042]> OPERATOR
04-13 11:01:37.968 D/RILC    ( 1552): [0042]> OPERATOR 
04-13 11:01:37.968 D/RIL     ( 1552): onRequest: OPERATOR
04-13 11:01:37.968 D/AT      ( 1552): AT> AT+COPS=3,0;+COPS?;+COPS=3,2;+COPS?
04-13 11:01:37.968 D/AT      ( 1552): AT< +COPS: 0,0,"CHINA UNICOM GSM",2
04-13 11:01:37.968 D/AT      ( 1552): AT< +COPS: 0,2,"46001",2
04-13 11:01:37.968 D/AT      ( 1552): AT< OK
04-13 11:01:37.968 D/RILC    ( 1552): [0042]< OPERATOR {CHINA UNICOM GSM,CHINA UNICOM GSM,46001}
04-13 11:01:37.968 D/RILJ    ( 1678): [0043]> GPRS_REGISTRATION_STATE
04-13 11:01:37.998 D/RILJ    ( 1678): < iccIO:  0x90 0x0 FFFF00226FCD04FF000000FF020002
04-13 11:01:37.998 D/RILJ    ( 1678): [0029]< SIM_IO IccIoResponse sw1:0x90 sw2:0x0
04-13 11:01:38.008 D/RILJ    ( 1678): [0044]> REGISTRATION_STATE
04-13 11:01:38.008 D/RILC    ( 1552): [0043]> GPRS_REGISTRATION_STATE 
04-13 11:01:38.008 D/RIL     ( 1552): onRequest: GPRS_REGISTRATION_STATE
04-13 11:01:38.008 D/AT      ( 1552): AT> AT+CGREG?
04-13 11:01:38.008 D/AT      ( 1552): AT< +CGREG: 2,2
04-13 11:01:38.008 D/AT      ( 1552): AT< OK
04-13 11:01:38.008 D/RILC    ( 1552): [0043]< GPRS_REGISTRATION_STATE {2,(null),(null)}
04-13 11:01:38.018 D/RILJ    ( 1678): [0045]> QUERY_NETWORK_SELECTION_MODE
04-13 11:01:38.028 D/RILC    ( 1552): [0044]> REGISTRATION_STATE 
04-13 11:01:38.028 D/RIL     ( 1552): onRequest: REGISTRATION_STATE
04-13 11:01:38.028 D/AT      ( 1552): AT> AT+CREG?
04-13 11:01:38.028 D/AT      ( 1552): AT< +CREG: 2,1,"A014","002487A1",2
04-13 11:01:38.028 D/AT      ( 1552): AT< OK
04-13 11:01:38.028 D/RILC    ( 1552): [0044]< REGISTRATION_STATE {1,a014,2487a1,3}
04-13 11:01:38.038 D/RILJ    ( 1678): [0046]> OPERATOR
04-13 11:01:38.038 D/RILC    ( 1552): [0045]> QUERY_NETWORK_SELECTION_MODE 
04-13 11:01:38.038 D/RIL     ( 1552): onRequest: QUERY_NETWORK_SELECTION_MODE
04-13 11:01:38.038 D/AT      ( 1552): AT> AT+COPS?
04-13 11:01:38.038 D/AT      ( 1552): AT< +COPS: 0,2,"46001",2
04-13 11:01:38.038 D/AT      ( 1552): AT< OK
04-13 11:01:38.038 D/RILC    ( 1552): [0045]< QUERY_NETWORK_SELECTION_MODE {0}
04-13 11:01:38.048 D/RILJ    ( 1678): < iccIO:  0x90 0x0 FFFF00706FC504FF000000FF02010E
04-13 11:01:38.048 D/RILJ    ( 1678): [0030]< SIM_IO IccIoResponse sw1:0x90 sw2:0x0
04-13 11:01:38.048 D/RILJ    ( 1678): < iccIO:  0x90 0x0 FFFF000A6F3804FF000000FF020002
04-13 11:01:38.048 D/RILJ    ( 1678): [0031]< SIM_IO IccIoResponse sw1:0x90 sw2:0x0
04-13 11:01:38.048 D/RILJ    ( 1678): < iccIO:  0x6a 0x82 null
04-13 11:01:38.048 D/RILJ    ( 1678): [0032]< SIM_IO IccIoResponse sw1:0x6a sw2:0x82
04-13 11:01:38.058 D/RILC    ( 1552): [0046]> OPERATOR 
04-13 11:01:38.058 D/RIL     ( 1552): onRequest: OPERATOR
04-13 11:01:38.058 D/AT      ( 1552): AT> AT+COPS=3,0;+COPS?;+COPS=3,2;+COPS?
04-13 11:01:38.058 D/AT      ( 1552): AT< +COPS: 0,0,"CHINA UNICOM GSM",2
04-13 11:01:38.068 D/AT      ( 1552): AT< +COPS: 0,2,"46001",2
04-13 11:01:38.068 D/AT      ( 1552): AT< OK
04-13 11:01:38.068 D/RILC    ( 1552): [0046]< OPERATOR {CHINA UNICOM GSM,CHINA UNICOM GSM,46001}
04-13 11:01:38.088 D/RILJ    ( 1678): [0033]< GET_IMSI 
04-13 11:01:38.108 D/RILJ    ( 1678): [0047]> GPRS_REGISTRATION_STATE
04-13 11:01:38.108 D/RILJ    ( 1678): [0034]< GET_SIM_STATUS com.android.internal.telephony.IccCardStatus@43c6dd00
04-13 11:01:38.138 D/RILC    ( 1552): [0047]> GPRS_REGISTRATION_STATE 
04-13 11:01:38.138 D/RIL     ( 1552): onRequest: GPRS_REGISTRATION_STATE
04-13 11:01:38.148 D/AT      ( 1552): AT> AT+CGREG?
04-13 11:01:38.148 D/AT      ( 1552): AT< +CGREG: 2,2
04-13 11:01:38.148 D/AT      ( 1552): AT< OK
04-13 11:01:38.148 D/RILC    ( 1552): [0047]< GPRS_REGISTRATION_STATE {2,(null),(null)}
04-13 11:01:38.148 D/RILJ    ( 1678): [0048]> REGISTRATION_STATE
04-13 11:01:38.148 D/RILC    ( 1552): [0048]> REGISTRATION_STATE 
04-13 11:01:38.148 D/RIL     ( 1552): onRequest: REGISTRATION_STATE
04-13 11:01:38.148 D/AT      ( 1552): AT> AT+CREG?
04-13 11:01:38.158 D/AT      ( 1552): AT< +CREG: 2,1,"A014","002487A1",2
04-13 11:01:38.158 D/AT      ( 1552): AT< OK
04-13 11:01:38.158 D/RILC    ( 1552): [0048]< REGISTRATION_STATE {1,a014,2487a1,3}
04-13 11:01:38.158 D/RILJ    ( 1678): [0049]> QUERY_NETWORK_SELECTION_MODE
04-13 11:01:38.178 D/RILJ    ( 1678): [0035]< QUERY_FACILITY_LOCK {0}
04-13 11:01:38.178 D/RILJ    ( 1678): [0036]< QUERY_FACILITY_LOCK {0}
04-13 11:01:38.178 D/RILJ    ( 1678): [0037]< OPERATOR {CHINA UNICOM GSM, CHINA UNICOM GSM, 46001}
04-13 11:01:38.178 D/RILJ    ( 1678): [0038]< GPRS_REGISTRATION_STATE {2, null, null}
04-13 11:01:38.178 D/RILJ    ( 1678): [0039]< REGISTRATION_STATE {1, a014, 2487a1, 3}
04-13 11:01:38.178 D/RILJ    ( 1678): [0040]< QUERY_NETWORK_SELECTION_MODE {0}
04-13 11:01:38.208 D/RILJ    ( 1678): [0050]> OPERATOR
04-13 11:01:38.208 D/RILC    ( 1552): [0049]> QUERY_NETWORK_SELECTION_MODE 
04-13 11:01:38.208 D/RIL     ( 1552): onRequest: QUERY_NETWORK_SELECTION_MODE
04-13 11:01:38.208 D/AT      ( 1552): AT> AT+COPS?
04-13 11:01:38.208 D/AT      ( 1552): AT< +COPS: 0,2,"46001",2
04-13 11:01:38.208 D/AT      ( 1552): AT< OK
04-13 11:01:38.208 D/RILC    ( 1552): [0049]< QUERY_NETWORK_SELECTION_MODE {0}
04-13 11:01:38.248 D/RILJ    ( 1678): [0051]> GPRS_REGISTRATION_STATE
04-13 11:01:38.248 D/RILJ    ( 1678): [UNSL]< UNSOL_STK_SESSION_END
04-13 11:01:38.248 D/RILJ    ( 1678): [0041]< REQUEST_STK_SEND_TERMINAL_RESPONSE 
04-13 11:01:38.248 D/RILJ    ( 1678): [0042]< OPERATOR {CHINA UNICOM GSM, CHINA UNICOM GSM, 46001}
04-13 11:01:38.258 D/RILC    ( 1552): [0050]> OPERATOR 
04-13 11:01:38.258 D/RIL     ( 1552): onRequest: OPERATOR
04-13 11:01:38.258 D/AT      ( 1552): AT> AT+COPS=3,0;+COPS?;+COPS=3,2;+COPS?
04-13 11:01:38.258 D/RILJ    ( 1678): [0052]> REGISTRATION_STATE
04-13 11:01:38.258 D/AT      ( 1552): AT< +COPS: 0,0,"CHINA UNICOM GSM",2
04-13 11:01:38.268 D/AT      ( 1552): AT< +COPS: 0,2,"46001",2
04-13 11:01:38.268 D/AT      ( 1552): AT< OK
04-13 11:01:38.268 D/RILC    ( 1552): [0050]< OPERATOR {CHINA UNICOM GSM,CHINA UNICOM GSM,46001}
04-13 11:01:38.268 D/RILC    ( 1552): [0051]> GPRS_REGISTRATION_STATE 
04-13 11:01:38.268 D/RIL     ( 1552): onRequest: GPRS_REGISTRATION_STATE
04-13 11:01:38.268 D/AT      ( 1552): AT> AT+CGREG?
04-13 11:01:38.268 D/AT      ( 1552): AT< +CGREG: 2,2
04-13 11:01:38.268 D/AT      ( 1552): AT< OK
04-13 11:01:38.268 D/RILC    ( 1552): [0051]< GPRS_REGISTRATION_STATE {2,(null),(null)}
04-13 11:01:38.278 D/AT      ( 1552): AT< +CGREG: 1,"A014","002487A1",2,"14"
04-13 11:01:38.278 D/RIL     ( 1552): restrictionState updated: 0
04-13 11:01:38.278 D/RILC    ( 1552): [UNSL]< UNSOL_RESPONSE_NETWORK_STATE_CHANGED 
04-13 11:01:38.278 D/RILJ    ( 1678): [0043]< GPRS_REGISTRATION_STATE {2, null, null}
04-13 11:01:38.278 D/RILC    ( 1552): [UNSL]< UNSOL_RESTRICTED_STATE_CHANGED {0}
04-13 11:01:38.298 D/RILJ    ( 1678): [0053]> QUERY_NETWORK_SELECTION_MODE
04-13 11:01:38.298 D/RILC    ( 1552): [0052]> REGISTRATION_STATE 
04-13 11:01:38.298 D/RIL     ( 1552): onRequest: REGISTRATION_STATE
04-13 11:01:38.298 D/AT      ( 1552): AT> AT+CREG?
04-13 11:01:38.298 D/AT      ( 1552): AT< +CREG: 2,1,"A014","002487A1",2
04-13 11:01:38.298 D/AT      ( 1552): AT< OK
04-13 11:01:38.298 D/RILC    ( 1552): [0052]< REGISTRATION_STATE {1,a014,2487a1,3}
04-13 11:01:38.308 D/RILJ    ( 1678): [0054]> OPERATOR
04-13 11:01:38.308 D/RILC    ( 1552): [0053]> QUERY_NETWORK_SELECTION_MODE 
04-13 11:01:38.308 D/RIL     ( 1552): onRequest: QUERY_NETWORK_SELECTION_MODE
04-13 11:01:38.308 D/AT      ( 1552): AT> AT+COPS?
04-13 11:01:38.318 D/AT      ( 1552): AT< +COPS: 0,2,"46001",2
04-13 11:01:38.318 D/AT      ( 1552): AT< OK
04-13 11:01:38.318 D/RILC    ( 1552): [0053]< QUERY_NETWORK_SELECTION_MODE {0}
04-13 11:01:38.318 D/RILJ    ( 1678): [0044]< REGISTRATION_STATE {1, a014, 2487a1, 3}
04-13 11:01:38.318 D/RILJ    ( 1678): [0045]< QUERY_NETWORK_SELECTION_MODE {0}
04-13 11:01:38.318 D/RILJ    ( 1678): [0046]< OPERATOR {CHINA UNICOM GSM, CHINA UNICOM GSM, 46001}
04-13 11:01:38.318 D/RILJ    ( 1678): [0047]< GPRS_REGISTRATION_STATE {2, null, null}
04-13 11:01:38.318 D/RILJ    ( 1678): [0048]< REGISTRATION_STATE {1, a014, 2487a1, 3}
04-13 11:01:38.318 D/RILJ    ( 1678): [0049]< QUERY_NETWORK_SELECTION_MODE {0}
04-13 11:01:38.328 D/AT      ( 1552): AT< +GTKI: "D0308103012101820281028D25085C0A656C768475286237FF0C6B228FCE60A84F7F75284E2D56FD8054901A4E1A52A1FF01"
04-13 11:01:38.338 D/RILC    ( 1552): [UNSL]< UNSOL_STK_PROACTIVE_COMMAND {D0308103012101820281028D25085C0A656C768475286237FF0C6B228FCE60A84F7F75284E2D56FD8054901A4E1A52A1FF01}
04-13 11:01:38.368 D/RILJ    ( 1678): [0055]> GPRS_REGISTRATION_STATE
04-13 11:01:38.368 D/RILC    ( 1552): [0054]> OPERATOR 
04-13 11:01:38.368 D/RIL     ( 1552): onRequest: OPERATOR
04-13 11:01:38.368 D/AT      ( 1552): AT> AT+COPS=3,0;+COPS?;+COPS=3,2;+COPS?
04-13 11:01:38.368 D/AT      ( 1552): AT< +COPS: 0,0,"CHINA UNICOM GSM",2
04-13 11:01:38.368 D/AT      ( 1552): AT< +COPS: 0,2,"46001",2
04-13 11:01:38.368 D/AT      ( 1552): AT< OK
04-13 11:01:38.368 D/RILC    ( 1552): [0054]< OPERATOR {CHINA UNICOM GSM,CHINA UNICOM GSM,46001}
04-13 11:01:38.378 D/RILJ    ( 1678): [0050]< OPERATOR {CHINA UNICOM GSM, CHINA UNICOM GSM, 46001}
04-13 11:01:38.378 D/RILJ    ( 1678): [0056]> REGISTRATION_STATE
04-13 11:01:38.378 D/RILC    ( 1552): [0055]> GPRS_REGISTRATION_STATE 
04-13 11:01:38.378 D/RIL     ( 1552): onRequest: GPRS_REGISTRATION_STATE
04-13 11:01:38.378 D/AT      ( 1552): AT> AT+CGREG?
04-13 11:01:38.388 D/AT      ( 1552): AT< +CGREG: 2,1,"A014","002487A1",2,"14"
04-13 11:01:38.388 D/AT      ( 1552): AT< OK
04-13 11:01:38.388 D/RILC    ( 1552): [0055]< GPRS_REGISTRATION_STATE {1,a014,2487a1,3}
04-13 11:01:38.388 D/RILJ    ( 1678): [0051]< GPRS_REGISTRATION_STATE {2, null, null}
04-13 11:01:38.388 D/RILJ    ( 1678): [UNSL]< UNSOL_RESPONSE_NETWORK_STATE_CHANGED
04-13 11:01:38.388 V/RILJ    ( 1678): [UNSL]< UNSOL_RESTRICTED_STATE_CHANGED {0}
04-13 11:01:38.398 D/RILJ    ( 1678): [0057]> QUERY_NETWORK_SELECTION_MODE
04-13 11:01:38.398 D/RILC    ( 1552): [0056]> REGISTRATION_STATE 
04-13 11:01:38.398 D/RIL     ( 1552): onRequest: REGISTRATION_STATE
04-13 11:01:38.398 D/AT      ( 1552): AT> AT+CREG?
04-13 11:01:38.398 D/AT      ( 1552): AT< +CREG: 2,1,"A014","002487A1",2
04-13 11:01:38.398 D/AT      ( 1552): AT< OK
04-13 11:01:38.398 D/RILC    ( 1552): [0056]< REGISTRATION_STATE {1,a014,2487a1,3}
04-13 11:01:38.408 D/RILJ    ( 1678): [0052]< REGISTRATION_STATE {1, a014, 2487a1, 3}
04-13 11:01:38.418 D/RILC    ( 1552): [0057]> QUERY_NETWORK_SELECTION_MODE 
04-13 11:01:38.418 D/RIL     ( 1552): onRequest: QUERY_NETWORK_SELECTION_MODE
04-13 11:01:38.418 D/AT      ( 1552): AT> AT+COPS?
04-13 11:01:38.418 D/AT      ( 1552): AT< +COPS: 0,2,"46001",2
04-13 11:01:38.418 D/AT      ( 1552): AT< OK
04-13 11:01:38.418 D/RILC    ( 1552): [0057]< QUERY_NETWORK_SELECTION_MODE {0}
04-13 11:01:38.418 D/GSM     ( 1678): [DSAC DEB] EVENT_RESTRICTED_STATE_CHANGED
04-13 11:01:38.418 D/GSM     ( 1678): [DSAC DEB] onRestrictedStateChanged
04-13 11:01:38.418 D/GSM     ( 1678): [DSAC DEB] current rs at enter Restricted State CS: all PS:false
04-13 11:01:38.418 D/GSM     ( 1678): [DSAC DEB] new rs Restricted State CS: none PS:false
04-13 11:01:38.418 D/GSM     ( 1678): [DSAC DEB] create notification 1004
04-13 11:01:38.418 D/RILJ    ( 1678): [0053]< QUERY_NETWORK_SELECTION_MODE {0}
04-13 11:01:38.448 D/RILJ    ( 1678): [UNSL]< UNSOL_STK_PROACTIVE_COMMAND D0308103012101820281028D25085C0A656C768475286237FF0C6B228FCE60A84F7F75284E2D56FD8054901A4E1A52A1FF01
04-13 11:01:38.448 D/GSM     ( 1678): [DSAC DEB] put notification Restricted access changed / 
04-13 11:01:38.458 D/RILJ    ( 1678): [0054]< OPERATOR {CHINA UNICOM GSM, CHINA UNICOM GSM, 46001}
04-13 11:01:38.478 D/GSM     ( 1678): [DSAC DEB] current rs at return Restricted State CS: none PS:false
04-13 11:01:38.478 D/GSM     ( 1678): [DSAC DEB] EVENT_RESTRICTED_STATE_CHANGED
04-13 11:01:38.478 D/GSM     ( 1678): [DSAC DEB] onRestrictedStateChanged
04-13 11:01:38.478 D/GSM     ( 1678): [DSAC DEB] current rs at enter Restricted State CS: none PS:false
04-13 11:01:38.478 D/GSM     ( 1678): [DSAC DEB] new rs Restricted State CS: none PS:false
04-13 11:01:38.478 D/GSM     ( 1678): [DSAC DEB] current rs at return Restricted State CS: none PS:false
04-13 11:01:38.478 D/GSM     ( 1678): [DSAC DEB] EVENT_RESTRICTED_STATE_CHANGED
04-13 11:01:38.478 D/GSM     ( 1678): [DSAC DEB] onRestrictedStateChanged
04-13 11:01:38.478 D/GSM     ( 1678): [DSAC DEB] current rs at enter Restricted State CS: none PS:false
04-13 11:01:38.478 D/GSM     ( 1678): [DSAC DEB] new rs Restricted State CS: none PS:false
04-13 11:01:38.478 D/GSM     ( 1678): [DSAC DEB] current rs at return Restricted State CS: none PS:false
04-13 11:01:38.478 D/GSM     ( 1678): [DSAC DEB] EVENT_RESTRICTED_STATE_CHANGED
04-13 11:01:38.478 D/GSM     ( 1678): [DSAC DEB] onRestrictedStateChanged
04-13 11:01:38.478 D/GSM     ( 1678): [DSAC DEB] current rs at enter Restricted State CS: none PS:false
04-13 11:01:38.478 D/GSM     ( 1678): [DSAC DEB] new rs Restricted State CS: none PS:false
04-13 11:01:38.478 D/GSM     ( 1678): [DSAC DEB] current rs at return Restricted State CS: none PS:false
04-13 11:01:38.518 D/RILJ    ( 1678): [0055]< GPRS_REGISTRATION_STATE {1, a014, 2487a1, 3}
04-13 11:01:38.518 D/RILJ    ( 1678): [0056]< REGISTRATION_STATE {1, a014, 2487a1, 3}
04-13 11:01:38.518 D/RILJ    ( 1678): [0057]< QUERY_NETWORK_SELECTION_MODE {0}
04-13 11:01:38.548 D/GSM     ( 1678): Baseband version: 40007100F1360102
04-13 11:01:38.548 D/GSM     ( 1678): IMSI: 460010xxxxxxxxx
04-13 11:01:38.548 D/GSM     ( 1678): [IccCard] Broadcasting intent ACTION_SIM_STATE_CHANGED IMSI reason null
04-13 11:01:38.618 D/RILJ    ( 1678): [0058]> iccIO: SIM_IO 0xb0 0x2fe2  path: 3F00,0,0,10
04-13 11:01:38.698 D/RILC    ( 1552): [0058]> SIM_IO (cmd=0xB0,efid=0x2FE2,path=3F00,0,0,10,(null),pin2=(null))
04-13 11:01:38.698 D/RIL     ( 1552): onRequest: SIM_IO
04-13 11:01:38.698 D/AT      ( 1552): AT> AT+CRSM=176,12258,0,0,10
04-13 11:01:38.698 D/RILJ    ( 1678): [0059]> iccIO: SIM_IO 0xb2 0x6f40  path: 3F007F10,1,4,28
04-13 11:01:38.728 D/AT      ( 1552): AT< +CRSM: 144,0,"98681001031020859996"
04-13 11:01:38.728 D/AT      ( 1552): AT< OK
04-13 11:01:38.728 D/RILC    ( 1552): [0058]< SIM_IO {sw1=0x90,sw2=0x0,98681001031020859996}
04-13 11:01:38.728 D/RILJ    ( 1678): < iccIO:  0x90 0x0 98681001031020859996
04-13 11:01:38.728 D/RILJ    ( 1678): [0058]< SIM_IO IccIoResponse sw1:0x90 sw2:0x0
04-13 11:01:38.758 D/RILC    ( 1552): [0059]> SIM_IO (cmd=0xB2,efid=0x6F40,path=3F007F10,1,4,28,(null),pin2=(null))
04-13 11:01:38.758 D/RIL     ( 1552): onRequest: SIM_IO
04-13 11:01:38.758 D/AT      ( 1552): AT> AT+CRSM=178,28480,1,4,28
04-13 11:01:38.787 D/AT      ( 1552): AT< +CRSM: 144,0,"FFFFFFFFFFFFFFFFFFFFFFFFFFFFFFFFFFFFFFFFFFFFFFFFFFFFFFFF"
04-13 11:01:38.787 D/AT      ( 1552): AT< OK
04-13 11:01:38.787 D/RILC    ( 1552): [0059]< SIM_IO {sw1=0x90,sw2=0x0,FFFFFFFFFFFFFFFFFFFFFFFFFFFFFFFFFFFFFFFFFFFFFFFFFFFFFFFF}
04-13 11:01:38.787 D/RILJ    ( 1678): < iccIO:  0x90 0x0 FFFFFFFFFFFFFFFFFFFFFFFFFFFFFFFFFFFFFFFFFFFFFFFFFFFFFFFF
04-13 11:01:38.787 D/RILJ    ( 1678): [0059]< SIM_IO IccIoResponse sw1:0x90 sw2:0x0
04-13 11:01:39.038 D/RILJ    ( 1678): [0060]> iccIO: SIM_IO 0xb0 0x6fad  path: 3F007F20,0,0,4
04-13 11:01:39.058 D/RILC    ( 1552): [0060]> SIM_IO (cmd=0xB0,efid=0x6FAD,path=3F007F20,0,0,4,(null),pin2=(null))
04-13 11:01:39.058 D/RIL     ( 1552): onRequest: SIM_IO
04-13 11:01:39.058 D/AT      ( 1552): AT> AT+CRSM=176,28589,0,0,4
04-13 11:01:39.058 D/RILJ    ( 1678): [0061]> iccIO: SIM_IO 0xb0 0x6f46  path: 3F007F20,0,0,17
04-13 11:01:39.068 D/AT      ( 1552): AT< +CRSM: 144,0,"00000002"
04-13 11:01:39.068 D/AT      ( 1552): AT< OK
04-13 11:01:39.068 D/RILC    ( 1552): [0060]< SIM_IO {sw1=0x90,sw2=0x0,00000002}
04-13 11:01:39.068 D/RILJ    ( 1678): < iccIO:  0x90 0x0 00000002
04-13 11:01:39.068 D/RILJ    ( 1678): [0060]< SIM_IO IccIoResponse sw1:0x90 sw2:0x0
04-13 11:01:39.088 D/RILC    ( 1552): [0061]> SIM_IO (cmd=0xB0,efid=0x6F46,path=3F007F20,0,0,17,(null),pin2=(null))
04-13 11:01:39.088 D/RIL     ( 1552): onRequest: SIM_IO
04-13 11:01:39.088 D/AT      ( 1552): AT> AT+CRSM=176,28486,0,0,17
04-13 11:01:39.088 D/RILJ    ( 1678): [0062]> iccIO: SIM_IO 0xb0 0x6fcd  path: 3F007F20,0,0,34
04-13 11:01:39.118 D/AT      ( 1552): AT< +CRSM: 144,0,"00FFFFFFFFFFFFFFFFFFFFFFFFFFFFFFFF"
04-13 11:01:39.118 D/AT      ( 1552): AT< OK
04-13 11:01:39.118 D/RILC    ( 1552): [0061]< SIM_IO {sw1=0x90,sw2=0x0,00FFFFFFFFFFFFFFFFFFFFFFFFFFFFFFFF}
04-13 11:01:39.118 D/RILJ    ( 1678): < iccIO:  0x90 0x0 00FFFFFFFFFFFFFFFFFFFFFFFFFFFFFFFF
04-13 11:01:39.118 D/RILJ    ( 1678): [0061]< SIM_IO IccIoResponse sw1:0x90 sw2:0x0
04-13 11:01:39.157 D/RILJ    ( 1678): [0063]> iccIO: SIM_IO 0xb2 0x6fc5  path: 3F007F20,1,4,14
04-13 11:01:39.157 D/RILC    ( 1552): [0062]> SIM_IO (cmd=0xB0,efid=0x6FCD,path=3F007F20,0,0,34,(null),pin2=(null))
04-13 11:01:39.157 D/RIL     ( 1552): onRequest: SIM_IO
04-13 11:01:39.157 D/AT      ( 1552): AT> AT+CRSM=176,28621,0,0,34
04-13 11:01:39.168 D/RILJ    ( 1678): [0064]> iccIO: SIM_IO 0xb0 0x6f38  path: 3F007F20,0,0,10
04-13 11:01:39.178 D/GSM     ( 1678): IMSI: 460010xxxxxxxxx
04-13 11:01:39.178 D/AT      ( 1552): AT< +CRSM: 144,0,"FFFFFFFFFFFFFFFFFFFFFFFFFFFFFFFFFFFFFFFFFFFFFFFFFFFFFFFFFFFFFFFFFFFF"
04-13 11:01:39.178 D/AT      ( 1552): AT< OK
04-13 11:01:39.178 D/RILC    ( 1552): [0062]< SIM_IO {sw1=0x90,sw2=0x0,FFFFFFFFFFFFFFFFFFFFFFFFFFFFFFFFFFFFFFFFFFFFFFFFFFFFFFFFFFFFFFFFFFFF}
04-13 11:01:39.178 D/RILJ    ( 1678): < iccIO:  0x90 0x0 FFFFFFFFFFFFFFFFFFFFFFFFFFFFFFFFFFFFFFFFFFFFFFFFFFFFFFFFFFFFFFFFFFFF
04-13 11:01:39.178 D/RILJ    ( 1678): [0062]< SIM_IO IccIoResponse sw1:0x90 sw2:0x0
04-13 11:01:39.178 D/RILC    ( 1552): [0063]> SIM_IO (cmd=0xB2,efid=0x6FC5,path=3F007F20,1,4,14,(null),pin2=(null))
04-13 11:01:39.178 D/RIL     ( 1552): onRequest: SIM_IO
04-13 11:01:39.178 D/AT      ( 1552): AT> AT+CRSM=178,28613,1,4,14
04-13 11:01:39.198 D/AT      ( 1552): AT< +CRSM: 144,0,"FFFFFFFFFFFFFFFFFFFFFFFFFFFF"
04-13 11:01:39.198 D/AT      ( 1552): AT< OK
04-13 11:01:39.198 D/RILC    ( 1552): [0063]< SIM_IO {sw1=0x90,sw2=0x0,FFFFFFFFFFFFFFFFFFFFFFFFFFFF}
04-13 11:01:39.198 D/RILC    ( 1552): [0064]> SIM_IO (cmd=0xB0,efid=0x6F38,path=3F007F20,0,0,10,(null),pin2=(null))
04-13 11:01:39.198 D/RIL     ( 1552): onRequest: SIM_IO
04-13 11:01:39.198 D/AT      ( 1552): AT> AT+CRSM=176,28472,0,0,10
04-13 11:01:39.198 D/RILJ    ( 1678): < iccIO:  0x90 0x0 FFFFFFFFFFFFFFFFFFFFFFFFFFFF
04-13 11:01:39.198 D/RILJ    ( 1678): [0063]< SIM_IO IccIoResponse sw1:0x90 sw2:0x0
04-13 11:01:39.207 D/GSM     ( 1678): [IccCard] Broadcasting intent ACTION_SIM_STATE_CHANGED IMSI reason null
04-13 11:01:39.207 D/AT      ( 1552): AT< +CRSM: 144,0,"9EFFBFFDFF3EDC034001"
04-13 11:01:39.207 D/AT      ( 1552): AT< OK
04-13 11:01:39.207 D/RILC    ( 1552): [0064]< SIM_IO {sw1=0x90,sw2=0x0,9EFFBFFDFF3EDC034001}
04-13 11:01:39.207 D/RILJ    ( 1678): < iccIO:  0x90 0x0 9EFFBFFDFF3EDC034001
04-13 11:01:39.207 D/RILJ    ( 1678): [0064]< SIM_IO IccIoResponse sw1:0x90 sw2:0x0
04-13 11:01:39.248 D/GSM     ( 1678): [IccCard] Query facility lock : false
04-13 11:01:39.248 D/GSM     ( 1678): [IccCard] Query facility lock : false
04-13 11:01:39.248 D/STK     ( 1678): StkService: ril message arrived
04-13 11:01:39.248 D/RILJ    ( 1678): [0065]> OPERATOR
04-13 11:01:39.258 D/RILC    ( 1552): [0065]> OPERATOR 
04-13 11:01:39.258 D/RIL     ( 1552): onRequest: OPERATOR
04-13 11:01:39.258 D/AT      ( 1552): AT> AT+COPS=3,0;+COPS?;+COPS=3,2;+COPS?
04-13 11:01:39.258 D/AT      ( 1552): AT< +COPS: 0,0,"CHINA UNICOM GSM",2
04-13 11:01:39.258 D/AT      ( 1552): AT< +COPS: 0,2,"46001",2
04-13 11:01:39.258 D/AT      ( 1552): AT< OK
04-13 11:01:39.258 D/RILC    ( 1552): [0065]< OPERATOR {CHINA UNICOM GSM,CHINA UNICOM GSM,46001}
