04-13 11:02:43.118 D/GSM     ( 1678): [IccCard] Broadcasting intent ACTION_SIM_STATE_CHANGED LOADED reason null
04-13 11:02:43.188 D/GSM     ( 1678): GSMDataConnTrack handleMessage { what=26 when=138048 obj=android.os.AsyncResult@43cbbfd0 }
04-13 11:02:43.188 D/GSM     ( 1678): [GsmDataConnectionTracker] ***trySetupData due to gprsAttached
04-13 11:02:43.188 D/GSM     ( 1678): [DSAC DEB] trySetupData with mIsPsRestricted=false
04-13 11:02:43.188 I/GSM     ( 1678): Preferred APN:46001:46001:Unicom3G, 25, 46001, uninet, , null, null, null, , -1, *
04-13 11:02:43.188 I/GSM     ( 1678): Waiting APN set to preferred APN
04-13 11:02:43.228 D/GSM     ( 1678): [GsmDataConnectionTracker] Create from allApns : [Unicom3G, 25, 46001, uninet, , null, null, null, , -1, *][CUGSM, 35, 46001, 3gwap, 10.0.0.172, , null, null, 80, -1, default][CUGSM.mms, 36, 46001, 3gwap, , http://mmsc.myuni.com.cn, 10.0.0.172, 80, , -1, mms]
04-13 11:02:43.228 D/GSM     ( 1678): [GsmDataConnectionTracker] Setup waitngApns : [Unicom3G, 25, 46001, uninet, , null, null, null, , -1, *]
04-13 11:02:43.237 D/GSM     ( 1678): [GsmDataConnection-1] DcInactiveState msg.what=EVENT_CONNECT
04-13 11:02:43.237 D/GSM     ( 1678): [GsmDataConnection-1] Connecting to carrier: 'Unicom3G' APN: 'uninet' proxy: '' port: '
04-13 11:02:43.248 D/GSM     ( 1678): [GsmDataConnectionTracker] setState: INITING
04-13 11:02:43.248 D/RILJ    ( 1678): [0149]> SETUP_DATA_CALL 1 0 uninet   3
04-13 11:02:43.278 D/RILC    ( 1552): [0149]> SETUP_DATA_CALL (1,0,uninet,,,3)
04-13 11:02:43.278 D/RIL     ( 1552): onRequest: SETUP_DATA_CALL
04-13 11:02:43.278 D/RIL     ( 1552): ifconfig: addr: pdp_ip0
04-13 11:02:43.278 D/RIL     ( 1552): ifconfig: addr: pdp_ip0
04-13 11:02:43.278 D/RIL     ( 1552): pdp_ip0: ip 172.16.67.235 mask 255.255.255.255 flags [
04-13 11:02:43.278 D/RIL     ( 1552): up point-to-point running]
04-13 11:02:43.278 D/AT      ( 1552): AT> ATE0
04-13 11:02:43.298 D/AT      ( 1552): AT< OK
04-13 11:02:43.318 D/AT      ( 1552): AT> AT+CGDCONT=1,"IP","uninet"
04-13 11:02:43.318 D/AT      ( 1552): AT< OK
04-13 11:02:43.318 D/AT      ( 1552): AT> AT*IPRIC=1,0
04-13 11:02:43.328 D/AT      ( 1552): AT< OK
04-13 11:02:43.328 D/AT      ( 1552): AT> AT*IPDNS=1,1
04-13 11:02:43.338 D/AT      ( 1552): AT< OK
04-13 11:02:43.348 D/AT      ( 1552): AT> AT*IPACT=1,1
04-13 11:02:43.398 D/GSM     ( 1678): GSMDataConnTrack handleMessage { what=4 when=138069 obj=android.os.AsyncResult@43cbc3d0 }
04-13 11:02:43.568 D/GSM     ( 1678): Get PreferredAPN
04-13 11:02:43.918 D/GSM     ( 1678): GSMDataConnTrack handleMessage { what=5 when=138531 obj=simLoaded }
04-13 11:02:43.918 D/GSM     ( 1678): [GsmDataConnectionTracker] ***trySetupData due to simLoaded
04-13 11:02:43.918 D/GSM     ( 1678): [DSAC DEB] trySetupData with mIsPsRestricted=false
04-13 11:02:43.929 D/GSM     ( 1678): [GsmDataConnectionTracker] trySetupData: Not ready for data:  dataState=INITING gprsState=0 sim=true UMTS=true phoneState=IDLE isDataAllowed=true dataEnabled=true roaming=false dataOnRoamingEnable=false ps restricted=false desiredPowerState=true MasterDataEnabled=true
04-13 11:02:46.142 D/AT      ( 1552): AT< OK
04-13 11:02:46.142 D/AT      ( 1552): AT< +CREG: 1,"A014","002487A1",4
04-13 11:02:46.142 D/RIL     ( 1552): restrictionState updated: 0
04-13 11:02:46.142 D/RILC    ( 1552): [UNSL]< UNSOL_RESPONSE_NETWORK_STATE_CHANGED 
04-13 11:02:46.142 D/AT      ( 1552): AT> AT*IPCONFIG?
04-13 11:02:46.148 D/AT      ( 1552): AT< *IPCONFIG: 1,"172.24.251.129","202.106.195.68","202.106.46.151","",""
04-13 11:02:46.148 D/AT      ( 1552): AT< OK
04-13 11:02:46.148 D/RIL     ( 1552): IP address got:172.24.251.129
04-13 11:02:46.148 D/RIL     ( 1552): ifconfig: addr: pdp_ip0
04-13 11:02:46.158 D/RILJ    ( 1678): [UNSL]< UNSOL_RESPONSE_NETWORK_STATE_CHANGED
04-13 11:02:46.168 D/RIL     ( 1552): ifconfig: addr: pdp_ip0
04-13 11:02:46.168 D/RIL     ( 1552): pdp_ip0: ip 172.24.251.129 mask 255.255.255.255 flags [
04-13 11:02:46.168 D/RIL     ( 1552): up point-to-point running]
04-13 11:02:46.168 D/RIL     ( 1552): route add default dev pdp_ip0
04-13 11:02:46.168 D/RIL     ( 1552): route, settings applied successfully
04-13 11:02:46.168 D/RILC    ( 1552): [0149]< SETUP_DATA_CALL {1,pdp_ip0,172.24.251.129}
04-13 11:02:46.168 D/RILC    ( 1552): [UNSL]< UNSOL_RESTRICTED_STATE_CHANGED {0}
04-13 11:02:46.179 D/RILJ    ( 1678): [0149]< SETUP_DATA_CALL {1, pdp_ip0, 172.24.251.129}
04-13 11:02:46.179 D/RILJ    ( 1678): [0150]> OPERATOR
04-13 11:02:46.188 D/GSM     ( 1678): [GsmDataConnection-1] DcActivatingState msg.what=EVENT_SETUP_DATA_CONNECTION_DONE
04-13 11:02:46.188 D/GSM     ( 1678): [GsmDataConnection-1] interface=pdp_ip0 ipAddress=172.24.251.129 gateway= DNS1= DNS2=
04-13 11:02:46.188 D/GSM     ( 1678): [GsmDataConnection-1] DataConnection setup result='SUCCESS' on cid=1
04-13 11:02:46.188 D/GSM     ( 1678): [GsmDataConnection-1] DcInactiveState: setEnterNoticationParams cp,cause
04-13 11:02:46.188 D/GSM     ( 1678): [GsmDataConnection-1] DcActiveState: enter notifyConnectCompleted
04-13 11:02:46.188 D/GSM     ( 1678): [GsmDataConnection-1] notifyConnection at 1302692566192 cause=No Error
04-13 11:02:46.198 D/RILJ    ( 1678): [0151]> GPRS_REGISTRATION_STATE
04-13 11:02:46.198 D/RILC    ( 1552): [0150]> OPERATOR 
04-13 11:02:46.198 D/RIL     ( 1552): onRequest: OPERATOR
04-13 11:02:46.198 D/AT      ( 1552): AT> AT+COPS=3,0;+COPS?;+COPS=3,2;+COPS?
04-13 11:02:46.208 D/AT      ( 1552): AT< +COPS: 0,0,"CHINA UNICOM GSM",4
04-13 11:02:46.208 D/AT      ( 1552): AT< +COPS: 0,2,"46001",4
04-13 11:02:46.208 D/AT      ( 1552): AT< OK
04-13 11:02:46.219 D/RILC    ( 1552): [0150]< OPERATOR {CHINA UNICOM GSM,CHINA UNICOM GSM,46001}
04-13 11:02:46.219 V/RILJ    ( 1678): [UNSL]< UNSOL_RESTRICTED_STATE_CHANGED {0}
04-13 11:02:46.228 D/RILC    ( 1552): [0151]> GPRS_REGISTRATION_STATE 
04-13 11:02:46.228 D/RIL     ( 1552): onRequest: GPRS_REGISTRATION_STATE
04-13 11:02:46.228 D/AT      ( 1552): AT> AT+CGREG?
04-13 11:02:46.228 D/RILJ    ( 1678): [0152]> REGISTRATION_STATE
04-13 11:02:46.228 D/AT      ( 1552): AT< +CGREG: 2,1,"A014","002487A1",4,"14"
04-13 11:02:46.228 D/AT      ( 1552): AT< OK
04-13 11:02:46.228 D/RILC    ( 1552): [0151]< GPRS_REGISTRATION_STATE {1,a014,2487a1,9}
04-13 11:02:46.238 D/RILJ    ( 1678): [0150]< OPERATOR {CHINA UNICOM GSM, CHINA UNICOM GSM, 46001}
04-13 11:02:46.248 D/RILJ    ( 1678): [0153]> QUERY_NETWORK_SELECTION_MODE
04-13 11:02:46.248 D/RILC    ( 1552): [0152]> REGISTRATION_STATE 
04-13 11:02:46.248 D/RIL     ( 1552): onRequest: REGISTRATION_STATE
04-13 11:02:46.248 D/AT      ( 1552): AT> AT+CREG?
04-13 11:02:46.248 D/AT      ( 1552): AT< +CREG: 2,1,"A014","002487A1",4
04-13 11:02:46.268 D/AT      ( 1552): AT< OK
04-13 11:02:46.268 D/RILC    ( 1552): [0152]< REGISTRATION_STATE {1,a014,2487a1,9}
04-13 11:02:46.268 D/RILJ    ( 1678): [0151]< GPRS_REGISTRATION_STATE {1, a014, 2487a1, 9}
04-13 11:02:46.279 D/RILJ    ( 1678): [0152]< REGISTRATION_STATE {1, a014, 2487a1, 9}
04-13 11:02:46.279 D/RILC    ( 1552): [0153]> QUERY_NETWORK_SELECTION_MODE 
04-13 11:02:46.279 D/RIL     ( 1552): onRequest: QUERY_NETWORK_SELECTION_MODE
04-13 11:02:46.279 D/AT      ( 1552): AT> AT+COPS?
04-13 11:02:46.288 D/AT      ( 1552): AT< +COPS: 0,2,"46001",4
04-13 11:02:46.288 D/AT      ( 1552): AT< OK
04-13 11:02:46.288 D/RILC    ( 1552): [0153]< QUERY_NETWORK_SELECTION_MODE {0}
04-13 11:02:46.288 D/GSM     ( 1678): GSMDataConnTrack handleMessage { what=1 when=141145 arg1=1 obj=android.os.AsyncResult@43ca4b50 }
04-13 11:02:46.298 D/GSM     ( 1678): [GsmDataConnectionTracker] setState: CONNECTED
04-13 11:02:46.308 D/RILJ    ( 1678): [0153]< QUERY_NETWORK_SELECTION_MODE {0}
04-13 11:02:46.368 D/GSM     ( 1678): [DataConnection] Start poll NetStat
04-13 11:02:46.368 D/GSM     ( 1678): [DSAC DEB] EVENT_RESTRICTED_STATE_CHANGED
04-13 11:02:46.368 D/GSM     ( 1678): [DSAC DEB] onRestrictedStateChanged
04-13 11:02:46.368 D/GSM     ( 1678): [DSAC DEB] current rs at enter Restricted State CS: none PS:false
04-13 11:02:46.368 D/GSM     ( 1678): [DSAC DEB] new rs Restricted State CS: none PS:false
04-13 11:02:46.368 D/GSM     ( 1678): [DSAC DEB] current rs at return Restricted State CS: none PS:false
04-13 11:02:46.368 D/GSM     ( 1678): Poll ServiceState done:  oldSS=[0 home CHINA UNICOM GSM CHINA UNICOM GSM 46001  UMTS CSS not supported -1 -1RoamInd: -1DefRoamInd: -1EmergOnly: false] newSS=[0 home CHINA UNICOM GSM CHINA UNICOM GSM 46001  HSDPA CSS not supported -1 -1RoamInd: -1DefRoamInd: -1EmergOnly: false] oldGprs=0 newGprs=0 oldType=UMTS newType=HSDPA
04-13 11:02:46.418 D/GSM     ( 1678): RAT switched UMTS -> HSDPA at cell 2394017
04-13 11:02:50.144 D/AT      ( 1552): AT< +CREG: 1,"A014","002487A1",2
04-13 11:02:50.144 D/RIL     ( 1552): restrictionState updated: 0
04-13 11:02:50.144 D/RILC    ( 1552): [UNSL]< UNSOL_RESPONSE_NETWORK_STATE_CHANGED 
04-13 11:02:50.148 D/RILJ    ( 1678): [UNSL]< UNSOL_RESPONSE_NETWORK_STATE_CHANGED
04-13 11:02:50.148 D/RILC    ( 1552): [UNSL]< UNSOL_RESTRICTED_STATE_CHANGED {0}
04-13 11:02:50.148 D/RILJ    ( 1678): [0154]> OPERATOR
04-13 11:02:50.158 V/RILJ    ( 1678): [UNSL]< UNSOL_RESTRICTED_STATE_CHANGED {0}
04-13 11:02:50.158 D/RILC    ( 1552): [0154]> OPERATOR 
04-13 11:02:50.158 D/RIL     ( 1552): onRequest: OPERATOR
04-13 11:02:50.158 D/AT      ( 1552): AT> AT+COPS=3,0;+COPS?;+COPS=3,2;+COPS?
04-13 11:02:50.169 D/AT      ( 1552): AT< +COPS: 0,0,"CHINA UNICOM GSM",2
04-13 11:02:50.169 D/RILJ    ( 1678): [0155]> GPRS_REGISTRATION_STATE
04-13 11:02:50.169 D/AT      ( 1552): AT< +COPS: 0,2,"46001",2
04-13 11:02:50.169 D/AT      ( 1552): AT< OK
04-13 11:02:50.169 D/RILC    ( 1552): [0154]< OPERATOR {CHINA UNICOM GSM,CHINA UNICOM GSM,46001}
04-13 11:02:50.179 D/RILJ    ( 1678): [0154]< OPERATOR {CHINA UNICOM GSM, CHINA UNICOM GSM, 46001}
04-13 11:02:50.198 D/RILC    ( 1552): [0155]> GPRS_REGISTRATION_STATE 
04-13 11:02:50.198 D/RIL     ( 1552): onRequest: GPRS_REGISTRATION_STATE
04-13 11:02:50.198 D/AT      ( 1552): AT> AT+CGREG?
04-13 11:02:50.208 D/AT      ( 1552): AT< +CGREG: 2,1,"A014","002487A1",2,"14"
04-13 11:02:50.208 D/AT      ( 1552): AT< OK
04-13 11:02:50.208 D/RILC    ( 1552): [0155]< GPRS_REGISTRATION_STATE {1,a014,2487a1,3}
04-13 11:02:50.208 D/RILJ    ( 1678): [0155]< GPRS_REGISTRATION_STATE {1, a014, 2487a1, 3}
04-13 11:02:50.218 D/RILJ    ( 1678): [0156]> REGISTRATION_STATE
04-13 11:02:50.238 D/RILC    ( 1552): [0156]> REGISTRATION_STATE 
04-13 11:02:50.238 D/RIL     ( 1552): onRequest: REGISTRATION_STATE
04-13 11:02:50.238 D/AT      ( 1552): AT> AT+CREG?
04-13 11:02:50.248 D/AT      ( 1552): AT< +CREG: 2,1,"A014","002487A1",2
04-13 11:02:50.248 D/AT      ( 1552): AT< OK
04-13 11:02:50.248 D/RILC    ( 1552): [0156]< REGISTRATION_STATE {1,a014,2487a1,3}
04-13 11:02:50.248 D/RILJ    ( 1678): [0156]< REGISTRATION_STATE {1, a014, 2487a1, 3}
04-13 11:02:50.258 D/RILJ    ( 1678): [0157]> QUERY_NETWORK_SELECTION_MODE
04-13 11:02:50.278 D/RILC    ( 1552): [0157]> QUERY_NETWORK_SELECTION_MODE 
04-13 11:02:50.278 D/RIL     ( 1552): onRequest: QUERY_NETWORK_SELECTION_MODE
04-13 11:02:50.278 D/AT      ( 1552): AT> AT+COPS?
04-13 11:02:50.278 D/AT      ( 1552): AT< +COPS: 0,2,"46001",2
04-13 11:02:50.278 D/AT      ( 1552): AT< OK
04-13 11:02:50.278 D/RILC    ( 1552): [0157]< QUERY_NETWORK_SELECTION_MODE {0}
04-13 11:02:50.288 D/GSM     ( 1678): [DSAC DEB] EVENT_RESTRICTED_STATE_CHANGED
04-13 11:02:50.288 D/GSM     ( 1678): [DSAC DEB] onRestrictedStateChanged
04-13 11:02:50.288 D/GSM     ( 1678): [DSAC DEB] current rs at enter Restricted State CS: none PS:false
04-13 11:02:50.288 D/GSM     ( 1678): [DSAC DEB] new rs Restricted State CS: none PS:false
04-13 11:02:50.298 D/RILJ    ( 1678): [0157]< QUERY_NETWORK_SELECTION_MODE {0}
04-13 11:02:50.298 D/GSM     ( 1678): [DSAC DEB] current rs at return Restricted State CS: none PS:false
04-13 11:02:50.298 D/GSM     ( 1678): Poll ServiceState done:  oldSS=[0 home CHINA UNICOM GSM CHINA UNICOM GSM 46001  HSDPA CSS not supported -1 -1RoamInd: -1DefRoamInd: -1EmergOnly: false] newSS=[0 home CHINA UNICOM GSM CHINA UNICOM GSM 46001  UMTS CSS not supported -1 -1RoamInd: -1DefRoamInd: -1EmergOnly: false] oldGprs=0 newGprs=0 oldType=HSDPA newType=UMTS
04-13 11:02:50.298 D/GSM     ( 1678): RAT switched HSDPA -> UMTS at cell 2394017
04-13 11:02:59.420 D/RILJ    ( 1678): [0158]> SIGNAL_STRENGTH
04-13 11:02:59.428 D/RILC    ( 1552): [0158]> SIGNAL_STRENGTH 
04-13 11:02:59.428 D/RIL     ( 1552): onRequest: SIGNAL_STRENGTH
04-13 11:02:59.428 D/AT      ( 1552): AT> AT+CSQ
04-13 11:02:59.428 D/AT      ( 1552): AT< +CSQ: 25,99
04-13 11:02:59.438 D/AT      ( 1552): AT< OK
04-13 11:02:59.438 D/RILC    ( 1552): [0158]< SIGNAL_STRENGTH {[ 25 99]}
04-13 11:02:59.438 D/RILJ    ( 1678): [0158]< SIGNAL_STRENGTH {25, 99, 0, 0, 0, 0, 0}
04-13 11:03:00.698 D/RILJ    ( 1678): [0159]> SCREEN_STATE: false
04-13 11:03:00.698 D/RILC    ( 1552): [0159]> SCREEN_STATE (0)
04-13 11:03:00.698 D/RIL     ( 1552): onRequest: SCREEN_STATE
04-13 11:03:00.698 D/RILC    ( 1552): [0159]< SCREEN_STATE
04-13 11:03:00.698 D/RILJ    ( 1678): [0159]< SCREEN_STATE 
04-13 11:03:00.708 D/GSM     ( 1678): [DataConnection] Stop poll NetStat
04-13 11:03:00.708 D/GSM     ( 1678): [DataConnection] Start poll NetStat
04-13 11:03:03.358 D/RILJ    ( 1678): [0160]> SCREEN_STATE: true
04-13 11:03:03.378 D/RILC    ( 1552): [0160]> SCREEN_STATE (1)
04-13 11:03:03.378 D/RIL     ( 1552): onRequest: SCREEN_STATE
04-13 11:03:03.378 D/RILC    ( 1552): [0160]< SCREEN_STATE
04-13 11:03:03.378 D/RILJ    ( 1678): [0160]< SCREEN_STATE 
04-13 11:03:03.408 D/GSM     ( 1678): [DataConnection] Stop poll NetStat
04-13 11:03:03.408 D/GSM     ( 1678): [DataConnection] Start poll NetStat
