04-13 11:02:38.438 D/RILJ    ( 1678): [0085]> RADIO_POWER
04-13 11:02:38.478 D/RILC    ( 1552): [0085]> RADIO_POWER (1)
04-13 11:02:38.478 D/RIL     ( 1552): onRequest: RADIO_POWER
04-13 11:02:38.478 D/AT      ( 1552): AT> AT+CFUN=1,0
04-13 11:02:38.488 D/AT      ( 1552): AT< OK
04-13 11:02:38.498 D/RILC    ( 1552): [UNSL]< UNSOL_RESPONSE_RADIO_STATE_CHANGED  {RADIO_SIM_NOT_READY}
04-13 11:02:38.498 D/RILB    ( 1678): Notifying: Radio On
04-13 11:02:38.498 D/RILJ    ( 1678): [UNSL]< UNSOL_RESPONSE_RADIO_STATE_CHANGED SIM_NOT_READY
04-13 11:02:38.498 D/AT      ( 1552): AT> AT*PSUTTZ=1
04-13 11:02:38.508 D/RILJ    ( 1678): [0086]> OPERATOR
04-13 11:02:38.518 D/AT      ( 1552): AT< OK
04-13 11:02:38.518 D/AT      ( 1552): AT> AT+CPIN?
04-13 11:02:38.528 D/RILJ    ( 1678): [0087]> GPRS_REGISTRATION_STATE
04-13 11:02:38.558 D/RILJ    ( 1678): [0088]> REGISTRATION_STATE
04-13 11:02:38.578 D/AT      ( 1552): AT< +CPIN: READY
04-13 11:02:38.578 D/AT      ( 1552): AT< OK
04-13 11:02:38.578 D/RILC    ( 1552): [UNSL]< UNSOL_RESPONSE_RADIO_STATE_CHANGED  {RADIO_SIM_READY}
04-13 11:02:38.578 D/AT      ( 1552): AT> AT+CSMS=1
04-13 11:02:38.588 D/RILB    ( 1678): Notifying: SIM ready
04-13 11:02:38.588 D/RILJ    ( 1678): [UNSL]< UNSOL_RESPONSE_RADIO_STATE_CHANGED SIM_READY
04-13 11:02:38.588 D/AT      ( 1552): AT< +CSMS: 1,1,1
04-13 11:02:38.588 D/AT      ( 1552): AT< OK
04-13 11:02:38.588 D/AT      ( 1552): AT> AT+CNMI=2,2,2,1,1
04-13 11:02:38.599 D/AT      ( 1552): AT< OK
04-13 11:02:38.607 D/RILC    ( 1552): [0085]< RADIO_POWER
04-13 11:02:38.607 D/RILC    ( 1552): [0086]> OPERATOR 
04-13 11:02:38.607 D/RIL     ( 1552): onRequest: OPERATOR
04-13 11:02:38.607 D/AT      ( 1552): AT> AT+COPS=3,0;+COPS?;+COPS=3,2;+COPS?
04-13 11:02:38.618 D/AT      ( 1552): AT< +COPS: 0
04-13 11:02:38.627 D/RILJ    ( 1678): [0089]> QUERY_NETWORK_SELECTION_MODE
04-13 11:02:38.627 D/AT      ( 1552): AT< +COPS: 0
04-13 11:02:38.627 D/AT      ( 1552): AT< OK
04-13 11:02:38.638 D/RILC    ( 1552): [0086]< OPERATOR {(null),(null),(null)}
04-13 11:02:38.638 D/RILC    ( 1552): [0087]> GPRS_REGISTRATION_STATE 
04-13 11:02:38.638 D/RIL     ( 1552): onRequest: GPRS_REGISTRATION_STATE
04-13 11:02:38.638 D/AT      ( 1552): AT> AT+CGREG?
04-13 11:02:38.648 D/AT      ( 1552): AT< +CGREG: 2,1,"FFFE","00000000",0,"14"
04-13 11:02:38.648 D/AT      ( 1552): AT< OK
04-13 11:02:38.658 D/RILC    ( 1552): [0087]< GPRS_REGISTRATION_STATE {1,fffe,0,1}
04-13 11:02:38.658 D/RILC    ( 1552): [0088]> REGISTRATION_STATE 
04-13 11:02:38.658 D/RIL     ( 1552): onRequest: REGISTRATION_STATE
04-13 11:02:38.658 D/AT      ( 1552): AT> AT+CREG?
04-13 11:02:38.678 D/RILJ    ( 1678): [0085]< RADIO_POWER 
04-13 11:02:38.678 D/RILJ    ( 1678): [0086]< OPERATOR {null, null, null}
04-13 11:02:38.678 D/RILJ    ( 1678): [0087]< GPRS_REGISTRATION_STATE {1, fffe, 0, 1}
04-13 11:02:38.688 D/RILJ    ( 1678): [0090]> GET_CURRENT_CALLS
04-13 11:02:38.698 D/AT      ( 1552): AT< +CREG: 2,0
04-13 11:02:38.708 D/AT      ( 1552): AT< OK
04-13 11:02:38.708 D/RILC    ( 1552): [0088]< REGISTRATION_STATE {0,(null),(null)}
04-13 11:02:38.708 D/RILC    ( 1552): [0089]> QUERY_NETWORK_SELECTION_MODE 
04-13 11:02:38.708 D/RIL     ( 1552): onRequest: QUERY_NETWORK_SELECTION_MODE
04-13 11:02:38.708 D/AT      ( 1552): AT> AT+COPS?
04-13 11:02:38.727 D/RILJ    ( 1678): [0088]< REGISTRATION_STATE {0, null, null}
04-13 11:02:38.727 D/RILJ    ( 1678): [0091]> OPERATOR
04-13 11:02:38.739 D/AT      ( 1552): AT< +COPS: 0
04-13 11:02:38.739 D/AT      ( 1552): AT< OK
04-13 11:02:38.739 D/RILC    ( 1552): [0089]< QUERY_NETWORK_SELECTION_MODE {0}
04-13 11:02:38.739 D/RILC    ( 1552): [0090]> GET_CURRENT_CALLS 
04-13 11:02:38.739 D/RIL     ( 1552): onRequest: GET_CURRENT_CALLS
04-13 11:02:38.739 D/AT      ( 1552): AT> AT+CLCC
04-13 11:02:38.751 D/AT      ( 1552): AT< OK
04-13 11:02:38.751 D/RILC    ( 1552): [0090]< GET_CURRENT_CALLS }
04-13 11:02:38.778 D/RILJ    ( 1678): [0089]< QUERY_NETWORK_SELECTION_MODE {0}
04-13 11:02:38.788 D/RILC    ( 1552): [0091]> OPERATOR 
04-13 11:02:38.788 D/RIL     ( 1552): onRequest: OPERATOR
04-13 11:02:38.788 D/AT      ( 1552): AT> AT+COPS=3,0;+COPS?;+COPS=3,2;+COPS?
04-13 11:02:38.788 D/AT      ( 1552): AT< +COPS: 0
04-13 11:02:38.788 D/AT      ( 1552): AT< +COPS: 0
04-13 11:02:38.788 D/AT      ( 1552): AT< OK
04-13 11:02:38.788 D/RILC    ( 1552): [0091]< OPERATOR {(null),(null),(null)}
04-13 11:02:38.798 D/RILJ    ( 1678): [0092]> GPRS_REGISTRATION_STATE
04-13 11:02:38.798 D/RILJ    ( 1678): [0090]< GET_CURRENT_CALLS  
04-13 11:02:38.808 D/RILJ    ( 1678): [0091]< OPERATOR {null, null, null}
04-13 11:02:38.818 D/RILC    ( 1552): [0092]> GPRS_REGISTRATION_STATE 
04-13 11:02:38.818 D/RIL     ( 1552): onRequest: GPRS_REGISTRATION_STATE
04-13 11:02:38.818 D/AT      ( 1552): AT> AT+CGREG?
04-13 11:02:38.828 D/AT      ( 1552): AT< +CGREG: 2,1,"FFFE","00000000",0,"14"
04-13 11:02:38.828 D/AT      ( 1552): AT< OK
04-13 11:02:38.828 D/RILC    ( 1552): [0092]< GPRS_REGISTRATION_STATE {1,fffe,0,1}
04-13 11:02:38.828 D/RILJ    ( 1678): [0093]> REGISTRATION_STATE
04-13 11:02:38.887 D/RILJ    ( 1678): [0092]< GPRS_REGISTRATION_STATE {1, fffe, 0, 1}
04-13 11:02:38.928 D/RILC    ( 1552): [0093]> REGISTRATION_STATE 
04-13 11:02:38.928 D/RIL     ( 1552): onRequest: REGISTRATION_STATE
04-13 11:02:38.928 D/AT      ( 1552): AT> AT+CREG?
04-13 11:02:38.938 D/RILJ    ( 1678): [0094]> QUERY_NETWORK_SELECTION_MODE
04-13 11:02:38.938 D/AT      ( 1552): AT< +CREG: 2,0
04-13 11:02:38.938 D/AT      ( 1552): AT< OK
04-13 11:02:38.938 D/RILC    ( 1552): [0093]< REGISTRATION_STATE {0,(null),(null)}
04-13 11:02:38.948 D/AT      ( 1552): AT< +CREG: 2,"FFFE","00000000",0
04-13 11:02:38.948 D/RIL     ( 1552): restrictionState updated: 20
04-13 11:02:38.948 D/RILC    ( 1552): [UNSL]< UNSOL_RESPONSE_NETWORK_STATE_CHANGED 
04-13 11:02:38.958 D/RILC    ( 1552): [UNSL]< UNSOL_RESTRICTED_STATE_CHANGED {20}
04-13 11:02:38.998 D/RILJ    ( 1678): [0095]> OPERATOR
04-13 11:02:38.998 D/RILC    ( 1552): [0094]> QUERY_NETWORK_SELECTION_MODE 
04-13 11:02:38.998 D/RIL     ( 1552): onRequest: QUERY_NETWORK_SELECTION_MODE
04-13 11:02:38.998 D/AT      ( 1552): AT> AT+COPS?
04-13 11:02:39.018 D/AT      ( 1552): AT< +COPS: 0
04-13 11:02:39.027 D/AT      ( 1552): AT< OK
04-13 11:02:39.027 D/RILC    ( 1552): [0094]< QUERY_NETWORK_SELECTION_MODE {0}
04-13 11:02:39.027 D/RILJ    ( 1678): [0093]< REGISTRATION_STATE {0, null, null}
04-13 11:02:39.098 D/RILJ    ( 1678): [UNSL]< UNSOL_RESPONSE_NETWORK_STATE_CHANGED
04-13 11:02:39.098 V/RILJ    ( 1678): [UNSL]< UNSOL_RESTRICTED_STATE_CHANGED {20}
04-13 11:02:39.098 D/RILJ    ( 1678): [0094]< QUERY_NETWORK_SELECTION_MODE {0}
04-13 11:02:39.098 D/RILC    ( 1552): [0095]> OPERATOR 
04-13 11:02:39.098 D/RIL     ( 1552): onRequest: OPERATOR
04-13 11:02:39.098 D/AT      ( 1552): AT> AT+COPS=3,0;+COPS?;+COPS=3,2;+COPS?
04-13 11:02:39.108 D/AT      ( 1552): AT< +COPS: 0
04-13 11:02:39.108 D/AT      ( 1552): AT< +COPS: 0
04-13 11:02:39.108 D/AT      ( 1552): AT< OK
04-13 11:02:39.108 D/RILC    ( 1552): [0095]< OPERATOR {(null),(null),(null)}
04-13 11:02:39.118 D/RILJ    ( 1678): [0096]> GPRS_REGISTRATION_STATE
04-13 11:02:39.178 D/RILJ    ( 1678): [0095]< OPERATOR {null, null, null}
04-13 11:02:39.198 D/RILC    ( 1552): [0096]> GPRS_REGISTRATION_STATE 
04-13 11:02:39.198 D/RIL     ( 1552): onRequest: GPRS_REGISTRATION_STATE
04-13 11:02:39.198 D/AT      ( 1552): AT> AT+CGREG?
04-13 11:02:39.198 D/RILJ    ( 1678): [0097]> REGISTRATION_STATE
04-13 11:02:39.208 D/AT      ( 1552): AT< +CGREG: 2,1,"FFFE","00000000",0,"14"
04-13 11:02:39.218 D/AT      ( 1552): AT< OK
04-13 11:02:39.218 D/RILC    ( 1552): [0096]< GPRS_REGISTRATION_STATE {1,fffe,0,1}
04-13 11:02:39.248 D/RILJ    ( 1678): [0096]< GPRS_REGISTRATION_STATE {1, fffe, 0, 1}
04-13 11:02:39.248 D/RILC    ( 1552): [0097]> REGISTRATION_STATE 
04-13 11:02:39.248 D/RIL     ( 1552): onRequest: REGISTRATION_STATE
04-13 11:02:39.248 D/AT      ( 1552): AT> AT+CREG?
04-13 11:02:39.258 D/AT      ( 1552): AT< +CREG: 2,2
04-13 11:02:39.258 D/AT      ( 1552): AT< OK
04-13 11:02:39.268 D/RILC    ( 1552): [0097]< REGISTRATION_STATE {2,(null),(null)}
04-13 11:02:39.288 D/RILJ    ( 1678): [0098]> QUERY_NETWORK_SELECTION_MODE
04-13 11:02:39.318 D/RILC    ( 1552): [0098]> QUERY_NETWORK_SELECTION_MODE 
04-13 11:02:39.318 D/RIL     ( 1552): onRequest: QUERY_NETWORK_SELECTION_MODE
04-13 11:02:39.318 D/AT      ( 1552): AT> AT+COPS?
04-13 11:02:39.318 D/AT      ( 1552): AT< +COPS: 0
04-13 11:02:39.318 D/AT      ( 1552): AT< OK
04-13 11:02:39.318 D/RILC    ( 1552): [0098]< QUERY_NETWORK_SELECTION_MODE {0}
04-13 11:02:39.328 D/RILJ    ( 1678): [0097]< REGISTRATION_STATE {2, null, null}
04-13 11:02:39.338 D/RILJ    ( 1678): [0098]< QUERY_NETWORK_SELECTION_MODE {0}
04-13 11:02:39.418 D/GSM     ( 1678): [IccCard] Broadcasting intent ACTION_SIM_STATE_CHANGED READY reason null
04-13 11:02:39.518 V/GSM     ( 1678): SIMRecords:fetchSimRecords 0
04-13 11:02:39.518 D/RILJ    ( 1678): [0099]> getIMSI:RIL_REQUEST_GET_IMSI 11 GET_IMSI
04-13 11:02:39.538 D/RILC    ( 1552): [0099]> GET_IMSI 
04-13 11:02:39.538 D/RIL     ( 1552): onRequest: GET_IMSI
04-13 11:02:39.538 D/AT      ( 1552): AT> AT+CIMI
04-13 11:02:39.548 D/RILJ    ( 1678): [0100]> iccIO: SIM_IO 0xc0 0x2fe2  path: 3F00,0,0,15
04-13 11:02:39.558 D/AT      ( 1552): AT< 460010020683648
04-13 11:02:39.558 D/AT      ( 1552): AT< OK
04-13 11:02:39.558 D/RILC    ( 1552): [0099]< GET_IMSI {460010020683648}
04-13 11:02:39.558 D/RILJ    ( 1678): [0099]< GET_IMSI 
04-13 11:02:39.578 D/RILC    ( 1552): [0100]> SIM_IO (cmd=0xC0,efid=0x2FE2,path=3F00,0,0,15,(null),pin2=(null))
04-13 11:02:39.578 D/RIL     ( 1552): onRequest: SIM_IO
04-13 11:02:39.578 D/AT      ( 1552): AT> AT+CRSM=192,12258,0,0,15
04-13 11:02:39.608 D/AT      ( 1552): AT< +CRSM: 144,0,"FFFF000A2FE204FF000000FF020002"
04-13 11:02:39.608 D/AT      ( 1552): AT< OK
04-13 11:02:39.608 D/RILC    ( 1552): [0100]< SIM_IO {sw1=0x90,sw2=0x0,FFFF000A2FE204FF000000FF020002}
04-13 11:02:39.608 D/RILJ    ( 1678): < iccIO:  0x90 0x0 FFFF000A2FE204FF000000FF020002
04-13 11:02:39.608 D/RILJ    ( 1678): [0100]< SIM_IO IccIoResponse sw1:0x90 sw2:0x0
04-13 11:02:39.618 D/RILJ    ( 1678): [0101]> iccIO: SIM_IO 0xc0 0x6f40  path: 3F007F10,0,0,15
04-13 11:02:39.647 D/RILC    ( 1552): [0101]> SIM_IO (cmd=0xC0,efid=0x6F40,path=3F007F10,0,0,15,(null),pin2=(null))
04-13 11:02:39.647 D/RIL     ( 1552): onRequest: SIM_IO
04-13 11:02:39.647 D/AT      ( 1552): AT> AT+CRSM=192,28480,0,0,15
04-13 11:02:39.668 D/RILJ    ( 1678): [0102]> iccIO: SIM_IO 0xc0 0x6fc9  path: 3F007F20,0,0,15
04-13 11:02:39.678 D/AT      ( 1552): AT< +CRSM: 144,0,"FFFF00386F4004FF000000FF02011C"
04-13 11:02:39.678 D/AT      ( 1552): AT< OK
04-13 11:02:39.678 D/RILC    ( 1552): [0101]< SIM_IO {sw1=0x90,sw2=0x0,FFFF00386F4004FF000000FF02011C}
04-13 11:02:39.678 D/RILJ    ( 1678): < iccIO:  0x90 0x0 FFFF00386F4004FF000000FF02011C
04-13 11:02:39.688 D/RILJ    ( 1678): [0101]< SIM_IO IccIoResponse sw1:0x90 sw2:0x0
04-13 11:02:39.698 D/RILC    ( 1552): [0102]> SIM_IO (cmd=0xC0,efid=0x6FC9,path=3F007F20,0,0,15,(null),pin2=(null))
04-13 11:02:39.698 D/RIL     ( 1552): onRequest: SIM_IO
04-13 11:02:39.698 D/AT      ( 1552): AT> AT+CRSM=192,28617,0,0,15
04-13 11:02:39.708 D/AT      ( 1552): AT< +CRSM: 106,130
04-13 11:02:39.708 D/AT      ( 1552): AT< OK
04-13 11:02:39.708 D/RILC    ( 1552): [0102]< SIM_IO {sw1=0x6A,sw2=0x82,(null)}
04-13 11:02:39.708 D/RILJ    ( 1678): < iccIO:  0x6a 0x82 null
04-13 11:02:39.708 D/RILJ    ( 1678): [0102]< SIM_IO IccIoResponse sw1:0x6a sw2:0x82
04-13 11:02:39.718 D/RILJ    ( 1678): [0103]> iccIO: SIM_IO 0xc0 0x6fad  path: 3F007F20,0,0,15
04-13 11:02:39.728 D/RILC    ( 1552): [0103]> SIM_IO (cmd=0xC0,efid=0x6FAD,path=3F007F20,0,0,15,(null),pin2=(null))
04-13 11:02:39.728 D/RIL     ( 1552): onRequest: SIM_IO
04-13 11:02:39.738 D/AT      ( 1552): AT> AT+CRSM=192,28589,0,0,15
04-13 11:02:39.738 D/RILJ    ( 1678): [0104]> iccIO: SIM_IO 0xc0 0x6fca  path: 3F007F20,0,0,15
04-13 11:02:39.758 D/RILJ    ( 1678): [0105]> iccIO: SIM_IO 0xc0 0x6f11  path: 3F007F20,0,0,15
04-13 11:02:39.758 D/AT      ( 1552): AT< +CRSM: 144,0,"FFFF00046FAD04FF000000FF020002"
04-13 11:02:39.758 D/AT      ( 1552): AT< OK
04-13 11:02:39.758 D/RILC    ( 1552): [0103]< SIM_IO {sw1=0x90,sw2=0x0,FFFF00046FAD04FF000000FF020002}
04-13 11:02:39.768 D/RILJ    ( 1678): < iccIO:  0x90 0x0 FFFF00046FAD04FF000000FF020002
04-13 11:02:39.768 D/RILJ    ( 1678): [0103]< SIM_IO IccIoResponse sw1:0x90 sw2:0x0
04-13 11:02:39.768 D/RILC    ( 1552): [0104]> SIM_IO (cmd=0xC0,efid=0x6FCA,path=3F007F20,0,0,15,(null),pin2=(null))
04-13 11:02:39.768 D/RIL     ( 1552): onRequest: SIM_IO
04-13 11:02:39.768 D/AT      ( 1552): AT> AT+CRSM=192,28618,0,0,15
04-13 11:02:39.778 D/AT      ( 1552): AT< +CRSM: 106,130
04-13 11:02:39.778 D/AT      ( 1552): AT< OK
04-13 11:02:39.778 D/RILC    ( 1552): [0104]< SIM_IO {sw1=0x6A,sw2=0x82,(null)}
04-13 11:02:39.778 D/RILJ    ( 1678): < iccIO:  0x6a 0x82 null
04-13 11:02:39.778 D/RILJ    ( 1678): [0104]< SIM_IO IccIoResponse sw1:0x6a sw2:0x82
04-13 11:02:39.788 D/RILC    ( 1552): [0105]> SIM_IO (cmd=0xC0,efid=0x6F11,path=3F007F20,0,0,15,(null),pin2=(null))
04-13 11:02:39.788 D/RIL     ( 1552): onRequest: SIM_IO
04-13 11:02:39.788 D/AT      ( 1552): AT> AT+CRSM=192,28433,0,0,15
04-13 11:02:39.798 D/RILJ    ( 1678): [0106]> iccIO: SIM_IO 0xc0 0x6fcb  path: 3F007F20,0,0,15
04-13 11:02:39.798 D/AT      ( 1552): AT< +CRSM: 106,130
04-13 11:02:39.798 D/AT      ( 1552): AT< OK
04-13 11:02:39.798 D/RILC    ( 1552): [0105]< SIM_IO {sw1=0x6A,sw2=0x82,(null)}
04-13 11:02:39.798 D/RILJ    ( 1678): < iccIO:  0x6a 0x82 null
04-13 11:02:39.808 D/RILJ    ( 1678): [0105]< SIM_IO IccIoResponse sw1:0x6a sw2:0x82
04-13 11:02:39.808 D/RILC    ( 1552): [0106]> SIM_IO (cmd=0xC0,efid=0x6FCB,path=3F007F20,0,0,15,(null),pin2=(null))
04-13 11:02:39.808 D/RIL     ( 1552): onRequest: SIM_IO
04-13 11:02:39.808 D/AT      ( 1552): AT> AT+CRSM=192,28619,0,0,15
04-13 11:02:39.818 D/AT      ( 1552): AT< +CRSM: 106,130
04-13 11:02:39.818 D/AT      ( 1552): AT< OK
04-13 11:02:39.828 D/RILC    ( 1552): [0106]< SIM_IO {sw1=0x6A,sw2=0x82,(null)}
04-13 11:02:39.828 D/RILJ    ( 1678): < iccIO:  0x6a 0x82 null
04-13 11:02:39.828 D/RILJ    ( 1678): [0106]< SIM_IO IccIoResponse sw1:0x6a sw2:0x82
04-13 11:02:39.828 D/RILJ    ( 1678): [0107]> iccIO: SIM_IO 0xc0 0x6f13  path: 3F007F20,0,0,15
04-13 11:02:39.858 D/RILC    ( 1552): [0107]> SIM_IO (cmd=0xC0,efid=0x6F13,path=3F007F20,0,0,15,(null),pin2=(null))
04-13 11:02:39.858 D/RIL     ( 1552): onRequest: SIM_IO
04-13 11:02:39.858 D/AT      ( 1552): AT> AT+CRSM=192,28435,0,0,15
04-13 11:02:39.868 D/RILJ    ( 1678): [0108]> iccIO: SIM_IO 0xc0 0x6f46  path: 3F007F20,0,0,15
04-13 11:02:39.868 D/AT      ( 1552): AT< +CRSM: 106,130
04-13 11:02:39.868 D/AT      ( 1552): AT< OK
04-13 11:02:39.868 D/RILC    ( 1552): [0107]< SIM_IO {sw1=0x6A,sw2=0x82,(null)}
04-13 11:02:39.878 D/RILJ    ( 1678): < iccIO:  0x6a 0x82 null
04-13 11:02:39.878 D/RILJ    ( 1678): [0107]< SIM_IO IccIoResponse sw1:0x6a sw2:0x82
04-13 11:02:39.888 D/RILC    ( 1552): [0108]> SIM_IO (cmd=0xC0,efid=0x6F46,path=3F007F20,0,0,15,(null),pin2=(null))
04-13 11:02:39.888 D/RIL     ( 1552): onRequest: SIM_IO
04-13 11:02:39.888 D/AT      ( 1552): AT> AT+CRSM=192,28486,0,0,15
04-13 11:02:39.898 D/RILJ    ( 1678): [0109]> iccIO: SIM_IO 0xc0 0x6fcd  path: 3F007F20,0,0,15
04-13 11:02:39.908 D/AT      ( 1552): AT< +CRSM: 144,0,"FFFF00116F4604FF000000FF020002"
04-13 11:02:39.908 D/AT      ( 1552): AT< OK
04-13 11:02:39.908 D/RILC    ( 1552): [0108]< SIM_IO {sw1=0x90,sw2=0x0,FFFF00116F4604FF000000FF020002}
04-13 11:02:39.918 D/RILJ    ( 1678): < iccIO:  0x90 0x0 FFFF00116F4604FF000000FF020002
04-13 11:02:39.918 D/RILJ    ( 1678): [0108]< SIM_IO IccIoResponse sw1:0x90 sw2:0x0
04-13 11:02:39.918 D/RILC    ( 1552): [0109]> SIM_IO (cmd=0xC0,efid=0x6FCD,path=3F007F20,0,0,15,(null),pin2=(null))
04-13 11:02:39.918 D/RIL     ( 1552): onRequest: SIM_IO
04-13 11:02:39.918 D/AT      ( 1552): AT> AT+CRSM=192,28621,0,0,15
04-13 11:02:39.928 D/RILJ    ( 1678): [0110]> iccIO: SIM_IO 0xc0 0x6fc5  path: 3F007F20,0,0,15
04-13 11:02:39.938 D/AT      ( 1552): AT< +CRSM: 144,0,"FFFF00226FCD04FF000000FF020002"
04-13 11:02:39.948 D/AT      ( 1552): AT< OK
04-13 11:02:39.948 D/RILC    ( 1552): [0109]< SIM_IO {sw1=0x90,sw2=0x0,FFFF00226FCD04FF000000FF020002}
04-13 11:02:39.948 D/RILJ    ( 1678): < iccIO:  0x90 0x0 FFFF00226FCD04FF000000FF020002
04-13 11:02:39.948 D/RILJ    ( 1678): [0109]< SIM_IO IccIoResponse sw1:0x90 sw2:0x0
04-13 11:02:39.958 D/RILC    ( 1552): [0110]> SIM_IO (cmd=0xC0,efid=0x6FC5,path=3F007F20,0,0,15,(null),pin2=(null))
04-13 11:02:39.958 D/RIL     ( 1552): onRequest: SIM_IO
04-13 11:02:39.958 D/AT      ( 1552): AT> AT+CRSM=192,28613,0,0,15
04-13 11:02:39.967 D/RILJ    ( 1678): [0111]> iccIO: SIM_IO 0xc0 0x6f38  path: 3F007F20,0,0,15
04-13 11:02:39.978 D/AT      ( 1552): AT< +CRSM: 144,0,"FFFF00706FC504FF000000FF02010E"
04-13 11:02:39.978 D/AT      ( 1552): AT< OK
04-13 11:02:39.978 D/RILC    ( 1552): [0110]< SIM_IO {sw1=0x90,sw2=0x0,FFFF00706FC504FF000000FF02010E}
04-13 11:02:39.988 D/RILJ    ( 1678): < iccIO:  0x90 0x0 FFFF00706FC504FF000000FF02010E
04-13 11:02:39.988 D/RILJ    ( 1678): [0110]< SIM_IO IccIoResponse sw1:0x90 sw2:0x0
04-13 11:02:40.008 D/RILC    ( 1552): [0111]> SIM_IO (cmd=0xC0,efid=0x6F38,path=3F007F20,0,0,15,(null),pin2=(null))
04-13 11:02:40.008 D/RIL     ( 1552): onRequest: SIM_IO
04-13 11:02:40.008 D/RILJ    ( 1678): [0112]> iccIO: SIM_IO 0xc0 0x6f16  path: 3F007F20,0,0,15
04-13 11:02:40.008 D/AT      ( 1552): AT> AT+CRSM=192,28472,0,0,15
04-13 11:02:40.031 D/AT      ( 1552): AT< +CREG: 0
04-13 11:02:40.038 D/RIL     ( 1552): restrictionState updated: 20
04-13 11:02:40.038 D/RILC    ( 1552): [UNSL]< UNSOL_RESPONSE_NETWORK_STATE_CHANGED 
04-13 11:02:40.038 D/AT      ( 1552): AT< +CGREG: 0
04-13 11:02:40.038 D/RIL     ( 1552): restrictionState updated: 20
04-13 11:02:40.038 D/RILC    ( 1552): [UNSL]< UNSOL_RESPONSE_NETWORK_STATE_CHANGED 
04-13 11:02:40.038 D/AT      ( 1552): AT< ^MODE: 15
04-13 11:02:40.038 E/RIL     ( 1552): unsupported URC : ^MODE: 15
04-13 11:02:40.038 D/AT      ( 1552): AT< +CREG: 1,"A014","002487A1",2
04-13 11:02:40.038 D/RIL     ( 1552): restrictionState updated: 0
04-13 11:02:40.038 D/RILC    ( 1552): [UNSL]< UNSOL_RESPONSE_NETWORK_STATE_CHANGED 
04-13 11:02:40.038 D/AT      ( 1552): AT< +CGREG: 2
04-13 11:02:40.038 D/RIL     ( 1552): restrictionState updated: 0
04-13 11:02:40.038 D/RILC    ( 1552): [UNSL]< UNSOL_RESPONSE_NETWORK_STATE_CHANGED 
04-13 11:02:40.038 D/AT      ( 1552): AT< +CGEV: ME DETACH
04-13 11:02:40.038 D/RILJ    ( 1678): [UNSL]< UNSOL_RESPONSE_NETWORK_STATE_CHANGED
04-13 11:02:40.048 D/RILJ    ( 1678): [UNSL]< UNSOL_RESPONSE_NETWORK_STATE_CHANGED
04-13 11:02:40.048 D/RILJ    ( 1678): [UNSL]< UNSOL_RESPONSE_NETWORK_STATE_CHANGED
04-13 11:02:40.048 D/RILJ    ( 1678): [UNSL]< UNSOL_RESPONSE_NETWORK_STATE_CHANGED
04-13 11:02:40.059 D/AT      ( 1552): AT< +CRSM: 144,0,"FFFF000A6F3804FF000000FF020002"
04-13 11:02:40.059 D/AT      ( 1552): AT< OK
04-13 11:02:40.059 D/RILC    ( 1552): [0111]< SIM_IO {sw1=0x90,sw2=0x0,FFFF000A6F3804FF000000FF020002}
04-13 11:02:40.059 D/RILC    ( 1552): [UNSL]< UNSOL_RESTRICTED_STATE_CHANGED {0}
04-13 11:02:40.059 D/RILC    ( 1552): [UNSL]< UNSOL_RESTRICTED_STATE_CHANGED {0}
04-13 11:02:40.059 D/RILC    ( 1552): [UNSL]< UNSOL_RESTRICTED_STATE_CHANGED {0}
04-13 11:02:40.059 D/RILC    ( 1552): [UNSL]< UNSOL_RESTRICTED_STATE_CHANGED {0}
04-13 11:02:40.059 D/AT      ( 1552): AT> AT+CGACT?
04-13 11:02:40.059 D/AT      ( 1552): AT< +CGACT: 1,0
04-13 11:02:40.059 D/AT      ( 1552): AT< OK
04-13 11:02:40.059 D/AT      ( 1552): AT> AT+CGDCONT?
04-13 11:02:40.078 D/AT      ( 1552): AT< +CGDCONT: 1,"IP","uninet","0.0.0.0",0,0
04-13 11:02:40.078 D/RILJ    ( 1678): < iccIO:  0x90 0x0 FFFF000A6F3804FF000000FF020002
04-13 11:02:40.078 D/RILJ    ( 1678): [0111]< SIM_IO IccIoResponse sw1:0x90 sw2:0x0
04-13 11:02:40.078 D/AT      ( 1552): AT< OK
04-13 11:02:40.088 D/RILC    ( 1552): [UNSL]< UNSOL_DATA_CALL_LIST_CHANGED {[cid=1,down,IP,uninet,0.0.0.0]}
04-13 11:02:40.088 V/GSM     ( 1678): Check if IMSI shalll be read againnull
04-13 11:02:40.088 V/GSM     ( 1678): Force to get IMSI again 
04-13 11:02:40.088 D/RILJ    ( 1678): [0113]> getIMSI:RIL_REQUEST_GET_IMSI 11 GET_IMSI
04-13 11:02:40.088 D/RILC    ( 1552): [0112]> SIM_IO (cmd=0xC0,efid=0x6F16,path=3F007F20,0,0,15,(null),pin2=(null))
04-13 11:02:40.088 D/RIL     ( 1552): onRequest: SIM_IO
04-13 11:02:40.088 D/AT      ( 1552): AT> AT+CRSM=192,28438,0,0,15
04-13 11:02:40.099 V/RILJ    ( 1678): [UNSL]< UNSOL_RESTRICTED_STATE_CHANGED {0}
04-13 11:02:40.108 D/AT      ( 1552): AT< +CRSM: 106,130
04-13 11:02:40.108 D/AT      ( 1552): AT< OK
04-13 11:02:40.108 D/RILC    ( 1552): [0112]< SIM_IO {sw1=0x6A,sw2=0x82,(null)}
04-13 11:02:40.108 V/RILJ    ( 1678): [UNSL]< UNSOL_RESTRICTED_STATE_CHANGED {0}
04-13 11:02:40.118 D/RILC    ( 1552): [0113]> GET_IMSI 
04-13 11:02:40.118 D/RIL     ( 1552): onRequest: GET_IMSI
04-13 11:02:40.118 D/AT      ( 1552): AT> AT+CIMI
04-13 11:02:40.118 D/RILJ    ( 1678): [0114]> GET_SIM_STATUS
04-13 11:02:40.128 D/AT      ( 1552): AT< 460010020683648
04-13 11:02:40.128 D/AT      ( 1552): AT< OK
04-13 11:02:40.128 D/RILC    ( 1552): [0113]< GET_IMSI {460010020683648}
04-13 11:02:40.148 D/RILC    ( 1552): [0114]> GET_SIM_STATUS 
04-13 11:02:40.148 D/RIL     ( 1552): onRequest: GET_SIM_STATUS
04-13 11:02:40.148 D/AT      ( 1552): AT> AT+CPIN?
04-13 11:02:40.148 D/RILJ    ( 1678): [0115]> QUERY_FACILITY_LOCK
04-13 11:02:40.158 V/RILJ    ( 1678): [UNSL]< UNSOL_RESTRICTED_STATE_CHANGED {0}
04-13 11:02:40.168 D/RILJ    ( 1678): [0116]> QUERY_FACILITY_LOCK
04-13 11:02:40.188 V/RILJ    ( 1678): [UNSL]< UNSOL_RESTRICTED_STATE_CHANGED {0}
04-13 11:02:40.198 D/AT      ( 1552): AT< +CPIN: READY
04-13 11:02:40.198 D/AT      ( 1552): AT< OK
04-13 11:02:40.198 D/RILC    ( 1552): [0114]< GET_SIM_STATUS {[app_type=1,app_state=5,perso_substate=2,                aid_ptr=(null),app_label_ptr=(null),pin1_replaced=0,pin1=0,pin2=0],}
04-13 11:02:40.198 D/AT      ( 1552): AT> AT+CPIN?
04-13 11:02:40.198 D/RILJ    ( 1678): [0117]> OPERATOR
04-13 11:02:40.218 D/RILJ    ( 1678): [UNSL]< UNSOL_DATA_CALL_LIST_CHANGED [DataCallState: { cid: 1, active: 0, type: IP, apn: uninet, address: 0.0.0.0 }]
04-13 11:02:40.228 D/RILJ    ( 1678): [0118]> GPRS_REGISTRATION_STATE
04-13 11:02:40.248 D/AT      ( 1552): AT< +CPIN: READY
04-13 11:02:40.248 D/AT      ( 1552): AT< OK
04-13 11:02:40.248 D/RIL     ( 1552): 	updateRadioStateAfterSimStatus
04-13 11:02:40.248 D/RILC    ( 1552): [0115]> QUERY_FACILITY_LOCK (SC,,7)
04-13 11:02:40.248 D/RIL     ( 1552): onRequest: QUERY_FACILITY_LOCK
04-13 11:02:40.248 D/AT      ( 1552): AT> AT+CLCK="SC",2,"",7
04-13 11:02:40.258 D/RILJ    ( 1678): < iccIO:  0x6a 0x82 null
04-13 11:02:40.258 D/RILJ    ( 1678): [0112]< SIM_IO IccIoResponse sw1:0x6a sw2:0x82
04-13 11:02:40.258 D/RILJ    ( 1678): [0113]< GET_IMSI 
04-13 11:02:40.258 D/RILJ    ( 1678): [0114]< GET_SIM_STATUS com.android.internal.telephony.IccCardStatus@43cb13e8
04-13 11:02:40.268 D/RILJ    ( 1678): [0119]> REGISTRATION_STATE
04-13 11:02:40.278 D/RILJ    ( 1678): [0120]> QUERY_NETWORK_SELECTION_MODE
04-13 11:02:40.298 D/AT      ( 1552): AT< +CLCK: 0
04-13 11:02:40.298 D/AT      ( 1552): AT< OK
04-13 11:02:40.298 D/RILC    ( 1552): [0115]< QUERY_FACILITY_LOCK {0}
04-13 11:02:40.298 D/RILC    ( 1552): [0116]> QUERY_FACILITY_LOCK (FD,,7)
04-13 11:02:40.298 D/RIL     ( 1552): onRequest: QUERY_FACILITY_LOCK
04-13 11:02:40.298 D/AT      ( 1552): AT> AT+CLCK="FD",2,"",7
04-13 11:02:40.298 D/AT      ( 1552): AT< +CLCK: 0
04-13 11:02:40.298 D/AT      ( 1552): AT< OK
04-13 11:02:40.308 D/RILC    ( 1552): [0116]< QUERY_FACILITY_LOCK {0}
04-13 11:02:40.308 D/RILC    ( 1552): [0117]> OPERATOR 
04-13 11:02:40.308 D/RIL     ( 1552): onRequest: OPERATOR
04-13 11:02:40.308 D/AT      ( 1552): AT> AT+COPS=3,0;+COPS?;+COPS=3,2;+COPS?
04-13 11:02:40.308 D/RILJ    ( 1678): [0115]< QUERY_FACILITY_LOCK {0}
04-13 11:02:40.308 D/RILJ    ( 1678): [0116]< QUERY_FACILITY_LOCK {0}
04-13 11:02:40.318 D/AT      ( 1552): AT< +COPS: 0,0,"CHINA UNICOM GSM",2
04-13 11:02:40.318 D/AT      ( 1552): AT< +COPS: 0,2,"46001",2
04-13 11:02:40.318 D/AT      ( 1552): AT< OK
04-13 11:02:40.328 D/GSM     ( 1678): [DSAC DEB] EVENT_RESTRICTED_STATE_CHANGED
04-13 11:02:40.328 D/GSM     ( 1678): [DSAC DEB] onRestrictedStateChanged
04-13 11:02:40.328 D/GSM     ( 1678): [DSAC DEB] current rs at enter Restricted State CS: emergency PS:false
04-13 11:02:40.328 D/GSM     ( 1678): [DSAC DEB] new rs Restricted State CS: all PS:true
04-13 11:02:40.318 D/RILC    ( 1552): [0117]< OPERATOR {CHINA UNICOM GSM,CHINA UNICOM GSM,46001}
04-13 11:02:40.328 D/GSM     ( 1678): [DSAC DEB] create notification 1001
04-13 11:02:40.338 D/RILC    ( 1552): [0118]> GPRS_REGISTRATION_STATE 
04-13 11:02:40.338 D/RIL     ( 1552): onRequest: GPRS_REGISTRATION_STATE
04-13 11:02:40.338 D/AT      ( 1552): AT> AT+CGREG?
04-13 11:02:40.338 D/AT      ( 1552): AT< +CGREG: 2,2
04-13 11:02:40.338 D/AT      ( 1552): AT< OK
04-13 11:02:40.338 D/RILC    ( 1552): [0118]< GPRS_REGISTRATION_STATE {2,(null),(null)}
04-13 11:02:40.338 D/RILC    ( 1552): [0119]> REGISTRATION_STATE 
04-13 11:02:40.338 D/RIL     ( 1552): onRequest: REGISTRATION_STATE
04-13 11:02:40.338 D/AT      ( 1552): AT> AT+CREG?
04-13 11:02:40.358 D/AT      ( 1552): AT< +CREG: 2,1,"A014","002487A1",2
04-13 11:02:40.358 D/AT      ( 1552): AT< OK
04-13 11:02:40.358 D/RILC    ( 1552): [0119]< REGISTRATION_STATE {1,a014,2487a1,3}
04-13 11:02:40.358 D/RILC    ( 1552): [0120]> QUERY_NETWORK_SELECTION_MODE 
04-13 11:02:40.358 D/RIL     ( 1552): onRequest: QUERY_NETWORK_SELECTION_MODE
04-13 11:02:40.358 D/AT      ( 1552): AT> AT+COPS?
04-13 11:02:40.358 D/AT      ( 1552): AT< +COPS: 0,2,"46001",2
04-13 11:02:40.368 D/AT      ( 1552): AT< OK
04-13 11:02:40.368 D/RILC    ( 1552): [0120]< QUERY_NETWORK_SELECTION_MODE {0}
04-13 11:02:40.368 D/RILJ    ( 1678): [0117]< OPERATOR {CHINA UNICOM GSM, CHINA UNICOM GSM, 46001}
04-13 11:02:40.368 D/GSM     ( 1678): [DSAC DEB] put notification Restricted access changed / Data service is blocked.
04-13 11:02:40.378 D/RILJ    ( 1678): [0118]< GPRS_REGISTRATION_STATE {2, null, null}
04-13 11:02:40.398 D/RILJ    ( 1678): [0119]< REGISTRATION_STATE {1, a014, 2487a1, 3}
04-13 11:02:40.418 D/RILJ    ( 1678): [0120]< QUERY_NETWORK_SELECTION_MODE {0}
04-13 11:02:40.418 D/GSM     ( 1678): [DSAC DEB] create notification 1003
04-13 11:02:40.438 D/GSM     ( 1678): [DSAC DEB] put notification Restricted access changed / All Voice services are blocked.
04-13 11:02:40.478 D/GSM     ( 1678): [DSAC DEB] current rs at return Restricted State CS: all PS:true
04-13 11:02:40.478 D/GSM     ( 1678): IMSI: 460010xxxxxxxxx
04-13 11:02:40.478 D/GSM     ( 1678): [IccCard] Broadcasting intent ACTION_SIM_STATE_CHANGED IMSI reason null
04-13 11:02:40.528 D/RILJ    ( 1678): [0121]> iccIO: SIM_IO 0xb0 0x2fe2  path: 3F00,0,0,10
04-13 11:02:40.548 D/RILC    ( 1552): [0121]> SIM_IO (cmd=0xB0,efid=0x2FE2,path=3F00,0,0,10,(null),pin2=(null))
04-13 11:02:40.548 D/RIL     ( 1552): onRequest: SIM_IO
04-13 11:02:40.548 D/AT      ( 1552): AT> AT+CRSM=176,12258,0,0,10
04-13 11:02:40.558 D/RILJ    ( 1678): [0122]> iccIO: SIM_IO 0xb2 0x6f40  path: 3F007F10,1,4,28
04-13 11:02:40.598 D/AT      ( 1552): AT< +CRSM: 144,0,"98681001031020859996"
04-13 11:02:40.598 D/AT      ( 1552): AT< OK
04-13 11:02:40.598 D/RILC    ( 1552): [0121]< SIM_IO {sw1=0x90,sw2=0x0,98681001031020859996}
04-13 11:02:40.598 D/RILJ    ( 1678): < iccIO:  0x90 0x0 98681001031020859996
04-13 11:02:40.608 D/RILJ    ( 1678): [0121]< SIM_IO IccIoResponse sw1:0x90 sw2:0x0
04-13 11:02:40.608 D/RILJ    ( 1678): [0123]> iccIO: SIM_IO 0xb0 0x6fad  path: 3F007F20,0,0,4
04-13 11:02:40.628 D/RILC    ( 1552): [0122]> SIM_IO (cmd=0xB2,efid=0x6F40,path=3F007F10,1,4,28,(null),pin2=(null))
04-13 11:02:40.628 D/RIL     ( 1552): onRequest: SIM_IO
04-13 11:02:40.628 D/AT      ( 1552): AT> AT+CRSM=178,28480,1,4,28
04-13 11:02:40.668 D/RILJ    ( 1678): [0124]> iccIO: SIM_IO 0xb0 0x6f46  path: 3F007F20,0,0,17
04-13 11:02:40.678 D/AT      ( 1552): AT< +CRSM: 144,0,"FFFFFFFFFFFFFFFFFFFFFFFFFFFFFFFFFFFFFFFFFFFFFFFFFFFFFFFF"
04-13 11:02:40.678 D/AT      ( 1552): AT< OK
04-13 11:02:40.678 D/RILC    ( 1552): [0122]< SIM_IO {sw1=0x90,sw2=0x0,FFFFFFFFFFFFFFFFFFFFFFFFFFFFFFFFFFFFFFFFFFFFFFFFFFFFFFFF}
04-13 11:02:40.678 D/RILJ    ( 1678): < iccIO:  0x90 0x0 FFFFFFFFFFFFFFFFFFFFFFFFFFFFFFFFFFFFFFFFFFFFFFFFFFFFFFFF
04-13 11:02:40.678 D/RILJ    ( 1678): [0122]< SIM_IO IccIoResponse sw1:0x90 sw2:0x0
04-13 11:02:40.678 D/RILC    ( 1552): [0123]> SIM_IO (cmd=0xB0,efid=0x6FAD,path=3F007F20,0,0,4,(null),pin2=(null))
04-13 11:02:40.678 D/RIL     ( 1552): onRequest: SIM_IO
04-13 11:02:40.678 D/AT      ( 1552): AT> AT+CRSM=176,28589,0,0,4
04-13 11:02:40.698 D/AT      ( 1552): AT< +CRSM: 144,0,"00000002"
04-13 11:02:40.698 D/AT      ( 1552): AT< OK
04-13 11:02:40.698 D/RILC    ( 1552): [0123]< SIM_IO {sw1=0x90,sw2=0x0,00000002}
04-13 11:02:40.728 D/RILC    ( 1552): [0124]> SIM_IO (cmd=0xB0,efid=0x6F46,path=3F007F20,0,0,17,(null),pin2=(null))
04-13 11:02:40.728 D/RIL     ( 1552): onRequest: SIM_IO
04-13 11:02:40.728 D/AT      ( 1552): AT> AT+CRSM=176,28486,0,0,17
04-13 11:02:40.738 D/RILJ    ( 1678): [0125]> iccIO: SIM_IO 0xb0 0x6fcd  path: 3F007F20,0,0,34
04-13 11:02:40.738 D/RILJ    ( 1678): < iccIO:  0x90 0x0 00000002
04-13 11:02:40.758 D/RILJ    ( 1678): [0123]< SIM_IO IccIoResponse sw1:0x90 sw2:0x0
04-13 11:02:40.768 D/AT      ( 1552): AT< +CRSM: 144,0,"00FFFFFFFFFFFFFFFFFFFFFFFFFFFFFFFF"
04-13 11:02:40.768 D/AT      ( 1552): AT< OK
04-13 11:02:40.768 D/RILC    ( 1552): [0124]< SIM_IO {sw1=0x90,sw2=0x0,00FFFFFFFFFFFFFFFFFFFFFFFFFFFFFFFF}
04-13 11:02:40.808 D/RILJ    ( 1678): [0126]> iccIO: SIM_IO 0xb2 0x6fc5  path: 3F007F20,1,4,14
04-13 11:02:40.808 D/RILJ    ( 1678): < iccIO:  0x90 0x0 00FFFFFFFFFFFFFFFFFFFFFFFFFFFFFFFF
04-13 11:02:40.818 D/RILC    ( 1552): [0125]> SIM_IO (cmd=0xB0,efid=0x6FCD,path=3F007F20,0,0,34,(null),pin2=(null))
04-13 11:02:40.818 D/RIL     ( 1552): onRequest: SIM_IO
04-13 11:02:40.818 D/AT      ( 1552): AT> AT+CRSM=176,28621,0,0,34
04-13 11:02:40.828 D/RILJ    ( 1678): [0124]< SIM_IO IccIoResponse sw1:0x90 sw2:0x0
04-13 11:02:40.837 D/AT      ( 1552): AT< +CRSM: 144,0,"FFFFFFFFFFFFFFFFFFFFFFFFFFFFFFFFFFFFFFFFFFFFFFFFFFFFFFFFFFFFFFFFFFFF"
04-13 11:02:40.837 D/AT      ( 1552): AT< OK
04-13 11:02:40.837 D/RILC    ( 1552): [0125]< SIM_IO {sw1=0x90,sw2=0x0,FFFFFFFFFFFFFFFFFFFFFFFFFFFFFFFFFFFFFFFFFFFFFFFFFFFFFFFFFFFFFFFFFFFF}
04-13 11:02:40.848 D/RILC    ( 1552): [0126]> SIM_IO (cmd=0xB2,efid=0x6FC5,path=3F007F20,1,4,14,(null),pin2=(null))
04-13 11:02:40.848 D/RIL     ( 1552): onRequest: SIM_IO
04-13 11:02:40.848 D/AT      ( 1552): AT> AT+CRSM=178,28613,1,4,14
04-13 11:02:40.848 D/RILJ    ( 1678): < iccIO:  0x90 0x0 FFFFFFFFFFFFFFFFFFFFFFFFFFFFFFFFFFFFFFFFFFFFFFFFFFFFFFFFFFFFFFFFFFFF
04-13 11:02:40.858 D/AT      ( 1552): AT< +CRSM: 144,0,"FFFFFFFFFFFFFFFFFFFFFFFFFFFF"
04-13 11:02:40.858 D/AT      ( 1552): AT< OK
04-13 11:02:40.858 D/RILC    ( 1552): [0126]< SIM_IO {sw1=0x90,sw2=0x0,FFFFFFFFFFFFFFFFFFFFFFFFFFFF}
04-13 11:02:40.868 D/RILJ    ( 1678): [0127]> OPERATOR
04-13 11:02:40.868 D/RILJ    ( 1678): [0125]< SIM_IO IccIoResponse sw1:0x90 sw2:0x0
04-13 11:02:40.888 D/RILJ    ( 1678): < iccIO:  0x90 0x0 FFFFFFFFFFFFFFFFFFFFFFFFFFFF
04-13 11:02:40.898 D/RILJ    ( 1678): [0126]< SIM_IO IccIoResponse sw1:0x90 sw2:0x0
04-13 11:02:40.918 D/RILC    ( 1552): [0127]> OPERATOR 
04-13 11:02:40.918 D/RIL     ( 1552): onRequest: OPERATOR
04-13 11:02:40.918 D/AT      ( 1552): AT> AT+COPS=3,0;+COPS?;+COPS=3,2;+COPS?
04-13 11:02:40.918 D/AT      ( 1552): AT< +COPS: 0,0,"CHINA UNICOM GSM",2
04-13 11:02:40.918 D/AT      ( 1552): AT< +COPS: 0,2,"46001",2
04-13 11:02:40.918 D/AT      ( 1552): AT< OK
04-13 11:02:40.918 D/RILC    ( 1552): [0127]< OPERATOR {CHINA UNICOM GSM,CHINA UNICOM GSM,46001}
04-13 11:02:40.928 D/RILJ    ( 1678): [0127]< OPERATOR {CHINA UNICOM GSM, CHINA UNICOM GSM, 46001}
04-13 11:02:40.928 D/RILJ    ( 1678): [0128]> GPRS_REGISTRATION_STATE
04-13 11:02:40.948 D/RILC    ( 1552): [0128]> GPRS_REGISTRATION_STATE 
04-13 11:02:40.948 D/RIL     ( 1552): onRequest: GPRS_REGISTRATION_STATE
04-13 11:02:40.948 D/AT      ( 1552): AT> AT+CGREG?
04-13 11:02:40.948 D/AT      ( 1552): AT< +CGREG: 2,2
04-13 11:02:40.948 D/AT      ( 1552): AT< OK
04-13 11:02:40.948 D/RILC    ( 1552): [0128]< GPRS_REGISTRATION_STATE {2,(null),(null)}
04-13 11:02:40.968 D/RILJ    ( 1678): [0129]> REGISTRATION_STATE
04-13 11:02:40.968 D/RILJ    ( 1678): [0130]> QUERY_NETWORK_SELECTION_MODE
04-13 11:02:40.978 D/RILC    ( 1552): [0129]> REGISTRATION_STATE 
04-13 11:02:40.978 D/RIL     ( 1552): onRequest: REGISTRATION_STATE
04-13 11:02:40.978 D/AT      ( 1552): AT> AT+CREG?
04-13 11:02:40.978 D/AT      ( 1552): AT< +CREG: 2,1,"A014","002487A1",2
04-13 11:02:40.978 D/AT      ( 1552): AT< OK
04-13 11:02:40.978 D/RILC    ( 1552): [0129]< REGISTRATION_STATE {1,a014,2487a1,3}
04-13 11:02:40.998 D/RILJ    ( 1678): [0128]< GPRS_REGISTRATION_STATE {2, null, null}
04-13 11:02:40.998 D/RILJ    ( 1678): [0131]> OPERATOR
04-13 11:02:41.008 D/RILC    ( 1552): [0130]> QUERY_NETWORK_SELECTION_MODE 
04-13 11:02:41.008 D/RIL     ( 1552): onRequest: QUERY_NETWORK_SELECTION_MODE
04-13 11:02:41.008 D/AT      ( 1552): AT> AT+COPS?
04-13 11:02:41.008 D/AT      ( 1552): AT< +COPS: 0,2,"46001",2
04-13 11:02:41.008 D/AT      ( 1552): AT< OK
04-13 11:02:41.018 D/RILC    ( 1552): [0130]< QUERY_NETWORK_SELECTION_MODE {0}
04-13 11:02:41.027 D/RILJ    ( 1678): [0129]< REGISTRATION_STATE {1, a014, 2487a1, 3}
04-13 11:02:41.038 D/RILC    ( 1552): [0131]> OPERATOR 
04-13 11:02:41.038 D/RIL     ( 1552): onRequest: OPERATOR
04-13 11:02:41.038 D/AT      ( 1552): AT> AT+COPS=3,0;+COPS?;+COPS=3,2;+COPS?
04-13 11:02:41.048 D/AT      ( 1552): AT< +COPS: 0,0,"CHINA UNICOM GSM",2
04-13 11:02:41.048 D/AT      ( 1552): AT< +COPS: 0,2,"46001",2
04-13 11:02:41.048 D/AT      ( 1552): AT< OK
04-13 11:02:41.048 D/RILC    ( 1552): [0131]< OPERATOR {CHINA UNICOM GSM,CHINA UNICOM GSM,46001}
04-13 11:02:41.048 D/RILJ    ( 1678): [0132]> GPRS_REGISTRATION_STATE
04-13 11:02:41.048 D/RILJ    ( 1678): [0130]< QUERY_NETWORK_SELECTION_MODE {0}
04-13 11:02:41.088 D/RILJ    ( 1678): [0131]< OPERATOR {CHINA UNICOM GSM, CHINA UNICOM GSM, 46001}
04-13 11:02:41.098 D/RILC    ( 1552): [0132]> GPRS_REGISTRATION_STATE 
04-13 11:02:41.098 D/RIL     ( 1552): onRequest: GPRS_REGISTRATION_STATE
04-13 11:02:41.098 D/AT      ( 1552): AT> AT+CGREG?
04-13 11:02:41.108 D/AT      ( 1552): AT< +CGREG: 2,2
04-13 11:02:41.108 D/AT      ( 1552): AT< OK
04-13 11:02:41.108 D/RILC    ( 1552): [0132]< GPRS_REGISTRATION_STATE {2,(null),(null)}
04-13 11:02:41.108 D/RILJ    ( 1678): [0133]> REGISTRATION_STATE
04-13 11:02:41.118 D/RILJ    ( 1678): [0134]> QUERY_NETWORK_SELECTION_MODE
04-13 11:02:41.128 D/RILJ    ( 1678): [0132]< GPRS_REGISTRATION_STATE {2, null, null}
04-13 11:02:41.128 D/RILJ    ( 1678): [0135]> OPERATOR
04-13 11:02:41.138 D/RILC    ( 1552): [0133]> REGISTRATION_STATE 
04-13 11:02:41.138 D/RIL     ( 1552): onRequest: REGISTRATION_STATE
04-13 11:02:41.138 D/AT      ( 1552): AT> AT+CREG?
04-13 11:02:41.138 D/AT      ( 1552): AT< +CREG: 2,1,"A014","002487A1",2
04-13 11:02:41.148 D/AT      ( 1552): AT< OK
04-13 11:02:41.148 D/RILC    ( 1552): [0133]< REGISTRATION_STATE {1,a014,2487a1,3}
04-13 11:02:41.158 D/RILJ    ( 1678): [0133]< REGISTRATION_STATE {1, a014, 2487a1, 3}
04-13 11:02:41.158 D/RILJ    ( 1678): [0136]> GPRS_REGISTRATION_STATE
04-13 11:02:41.168 D/RILC    ( 1552): [0134]> QUERY_NETWORK_SELECTION_MODE 
04-13 11:02:41.168 D/RIL     ( 1552): onRequest: QUERY_NETWORK_SELECTION_MODE
04-13 11:02:41.168 D/AT      ( 1552): AT> AT+COPS?
04-13 11:02:41.168 D/AT      ( 1552): AT< +COPS: 0,2,"46001",2
04-13 11:02:41.188 D/AT      ( 1552): AT< OK
04-13 11:02:41.188 D/RILC    ( 1552): [0134]< QUERY_NETWORK_SELECTION_MODE {0}
04-13 11:02:41.188 D/RILJ    ( 1678): [0137]> REGISTRATION_STATE
04-13 11:02:41.188 D/RILJ    ( 1678): [0134]< QUERY_NETWORK_SELECTION_MODE {0}
04-13 11:02:41.188 D/RILC    ( 1552): [0135]> OPERATOR 
04-13 11:02:41.188 D/RIL     ( 1552): onRequest: OPERATOR
04-13 11:02:41.197 D/AT      ( 1552): AT> AT+COPS=3,0;+COPS?;+COPS=3,2;+COPS?
04-13 11:02:41.213 D/AT      ( 1552): AT< +COPS: 0,0,"CHINA UNICOM GSM",2
04-13 11:02:41.213 D/AT      ( 1552): AT< +COPS: 0,2,"46001",2
04-13 11:02:41.213 D/AT      ( 1552): AT< OK
04-13 11:02:41.213 D/RILC    ( 1552): [0135]< OPERATOR {CHINA UNICOM GSM,CHINA UNICOM GSM,46001}
04-13 11:02:41.213 D/RILC    ( 1552): [0136]> GPRS_REGISTRATION_STATE 
04-13 11:02:41.213 D/RIL     ( 1552): onRequest: GPRS_REGISTRATION_STATE
04-13 11:02:41.213 D/AT      ( 1552): AT> AT+CGREG?
04-13 11:02:41.218 D/RILJ    ( 1678): [0135]< OPERATOR {CHINA UNICOM GSM, CHINA UNICOM GSM, 46001}
04-13 11:02:41.218 D/RILJ    ( 1678): [0138]> QUERY_NETWORK_SELECTION_MODE
04-13 11:02:41.228 D/AT      ( 1552): AT< +CGREG: 2,2
04-13 11:02:41.228 D/AT      ( 1552): AT< OK
04-13 11:02:41.228 D/RILC    ( 1552): [0136]< GPRS_REGISTRATION_STATE {2,(null),(null)}
04-13 11:02:41.228 D/RILC    ( 1552): [0137]> REGISTRATION_STATE 
04-13 11:02:41.228 D/RIL     ( 1552): onRequest: REGISTRATION_STATE
04-13 11:02:41.228 D/AT      ( 1552): AT> AT+CREG?
04-13 11:02:41.238 D/RILJ    ( 1678): [0139]> OPERATOR
04-13 11:02:41.238 D/RILJ    ( 1678): [0136]< GPRS_REGISTRATION_STATE {2, null, null}
04-13 11:02:41.248 D/AT      ( 1552): AT< +CREG: 2,1,"A014","002487A1",2
04-13 11:02:41.248 D/AT      ( 1552): AT< OK
04-13 11:02:41.248 D/RILC    ( 1552): [0137]< REGISTRATION_STATE {1,a014,2487a1,3}
04-13 11:02:41.248 D/RILC    ( 1552): [0138]> QUERY_NETWORK_SELECTION_MODE 
04-13 11:02:41.248 D/RIL     ( 1552): onRequest: QUERY_NETWORK_SELECTION_MODE
04-13 11:02:41.248 D/AT      ( 1552): AT> AT+COPS?
04-13 11:02:41.268 D/AT      ( 1552): AT< +COPS: 0,2,"46001",2
04-13 11:02:41.277 D/AT      ( 1552): AT< OK
04-13 11:02:41.277 D/RILC    ( 1552): [0138]< QUERY_NETWORK_SELECTION_MODE {0}
04-13 11:02:41.277 D/RILJ    ( 1678): [0137]< REGISTRATION_STATE {1, a014, 2487a1, 3}
04-13 11:02:41.277 D/RILJ    ( 1678): [0138]< QUERY_NETWORK_SELECTION_MODE {0}
04-13 11:02:41.288 D/RILJ    ( 1678): [0140]> GPRS_REGISTRATION_STATE
04-13 11:02:41.288 D/RILC    ( 1552): [0139]> OPERATOR 
04-13 11:02:41.288 D/RIL     ( 1552): onRequest: OPERATOR
04-13 11:02:41.288 D/AT      ( 1552): AT> AT+COPS=3,0;+COPS?;+COPS=3,2;+COPS?
04-13 11:02:41.298 D/AT      ( 1552): AT< +COPS: 0,0,"CHINA UNICOM GSM",2
04-13 11:02:41.298 D/AT      ( 1552): AT< +COPS: 0,2,"46001",2
04-13 11:02:41.298 D/AT      ( 1552): AT< OK
04-13 11:02:41.298 D/RILC    ( 1552): [0139]< OPERATOR {CHINA UNICOM GSM,CHINA UNICOM GSM,46001}
04-13 11:02:41.308 D/RILJ    ( 1678): [0141]> REGISTRATION_STATE
04-13 11:02:41.308 D/RILC    ( 1552): [0140]> GPRS_REGISTRATION_STATE 
04-13 11:02:41.308 D/RIL     ( 1552): onRequest: GPRS_REGISTRATION_STATE
04-13 11:02:41.308 D/AT      ( 1552): AT> AT+CGREG?
04-13 11:02:41.318 D/RILJ    ( 1678): [0139]< OPERATOR {CHINA UNICOM GSM, CHINA UNICOM GSM, 46001}
04-13 11:02:41.328 D/AT      ( 1552): AT< +CGREG: 2,2
04-13 11:02:41.328 D/AT      ( 1552): AT< OK
04-13 11:02:41.328 D/RILC    ( 1552): [0140]< GPRS_REGISTRATION_STATE {2,(null),(null)}
04-13 11:02:41.338 D/RILC    ( 1552): [0141]> REGISTRATION_STATE 
04-13 11:02:41.338 D/RIL     ( 1552): onRequest: REGISTRATION_STATE
04-13 11:02:41.338 D/AT      ( 1552): AT> AT+CREG?
04-13 11:02:41.348 D/AT      ( 1552): AT< +CREG: 2,1,"A014","002487A1",2
04-13 11:02:41.348 D/RILJ    ( 1678): [0140]< GPRS_REGISTRATION_STATE {2, null, null}
04-13 11:02:41.348 D/AT      ( 1552): AT< OK
04-13 11:02:41.348 D/RILC    ( 1552): [0141]< REGISTRATION_STATE {1,a014,2487a1,3}
04-13 11:02:41.348 D/RILJ    ( 1678): [0142]> QUERY_NETWORK_SELECTION_MODE
04-13 11:02:41.368 D/RILJ    ( 1678): [0141]< REGISTRATION_STATE {1, a014, 2487a1, 3}
04-13 11:02:41.388 D/RILC    ( 1552): [0142]> QUERY_NETWORK_SELECTION_MODE 
04-13 11:02:41.388 D/RIL     ( 1552): onRequest: QUERY_NETWORK_SELECTION_MODE
04-13 11:02:41.388 D/AT      ( 1552): AT> AT+COPS?
04-13 11:02:41.397 D/AT      ( 1552): AT< +COPS: 0,2,"46001",2
04-13 11:02:41.397 D/AT      ( 1552): AT< OK
04-13 11:02:41.397 D/RILC    ( 1552): [0142]< QUERY_NETWORK_SELECTION_MODE {0}
04-13 11:02:41.397 D/RILJ    ( 1678): [0142]< QUERY_NETWORK_SELECTION_MODE {0}
04-13 11:02:41.408 D/RILJ    ( 1678): [0143]> iccIO: SIM_IO 0xb0 0x6f38  path: 3F007F20,0,0,10
04-13 11:02:41.428 D/RILC    ( 1552): [0143]> SIM_IO (cmd=0xB0,efid=0x6F38,path=3F007F20,0,0,10,(null),pin2=(null))
04-13 11:02:41.428 D/RIL     ( 1552): onRequest: SIM_IO
04-13 11:02:41.428 D/AT      ( 1552): AT> AT+CRSM=176,28472,0,0,10
04-13 11:02:41.438 D/GSM     ( 1678): [DSAC DEB] EVENT_RESTRICTED_STATE_CHANGED
04-13 11:02:41.438 D/GSM     ( 1678): [DSAC DEB] onRestrictedStateChanged
04-13 11:02:41.438 D/GSM     ( 1678): [DSAC DEB] current rs at enter Restricted State CS: all PS:true
04-13 11:02:41.438 D/GSM     ( 1678): [DSAC DEB] new rs Restricted State CS: none PS:false
04-13 11:02:41.438 D/GSM     ( 1678): [DSAC DEB] create notification 1002
04-13 11:02:41.457 D/AT      ( 1552): AT< +CRSM: 144,0,"9EFFBFFDFF3EDC034001"
04-13 11:02:41.457 D/AT      ( 1552): AT< OK
04-13 11:02:41.457 D/RILC    ( 1552): [0143]< SIM_IO {sw1=0x90,sw2=0x0,9EFFBFFDFF3EDC034001}
04-13 11:02:41.468 D/GSM     ( 1678): [DSAC DEB] put notification Restricted access changed / 
04-13 11:02:41.478 D/RILJ    ( 1678): < iccIO:  0x90 0x0 9EFFBFFDFF3EDC034001
04-13 11:02:41.478 D/RILJ    ( 1678): [0143]< SIM_IO IccIoResponse sw1:0x90 sw2:0x0
04-13 11:02:41.498 D/GSM     ( 1678): [DSAC DEB] create notification 1004
04-13 11:02:41.517 D/GSM     ( 1678): [DSAC DEB] put notification Restricted access changed / 
04-13 11:02:41.548 D/GSM     ( 1678): [DSAC DEB] current rs at return Restricted State CS: none PS:false
04-13 11:02:41.548 D/GSM     ( 1678): [DSAC DEB] EVENT_RESTRICTED_STATE_CHANGED
04-13 11:02:41.548 D/GSM     ( 1678): [DSAC DEB] onRestrictedStateChanged
04-13 11:02:41.548 D/GSM     ( 1678): [DSAC DEB] current rs at enter Restricted State CS: none PS:false
04-13 11:02:41.548 D/GSM     ( 1678): [DSAC DEB] new rs Restricted State CS: none PS:false
04-13 11:02:41.548 D/GSM     ( 1678): [DSAC DEB] current rs at return Restricted State CS: none PS:false
04-13 11:02:41.548 D/GSM     ( 1678): [DSAC DEB] EVENT_RESTRICTED_STATE_CHANGED
04-13 11:02:41.548 D/GSM     ( 1678): [DSAC DEB] onRestrictedStateChanged
04-13 11:02:41.548 D/GSM     ( 1678): [DSAC DEB] current rs at enter Restricted State CS: none PS:false
04-13 11:02:41.578 D/GSM     ( 1678): [DSAC DEB] new rs Restricted State CS: none PS:false
04-13 11:02:41.578 D/GSM     ( 1678): [DSAC DEB] current rs at return Restricted State CS: none PS:false
04-13 11:02:41.578 D/GSM     ( 1678): [DSAC DEB] EVENT_RESTRICTED_STATE_CHANGED
04-13 11:02:41.578 D/GSM     ( 1678): [DSAC DEB] onRestrictedStateChanged
04-13 11:02:41.578 D/GSM     ( 1678): [DSAC DEB] current rs at enter Restricted State CS: none PS:false
04-13 11:02:41.578 D/GSM     ( 1678): [DSAC DEB] new rs Restricted State CS: none PS:false
04-13 11:02:41.578 D/GSM     ( 1678): [DSAC DEB] current rs at return Restricted State CS: none PS:false
04-13 11:02:41.618 D/GSM     ( 1678): GSMDataConnTrack handleMessage { what=6 when=135190 obj=android.os.AsyncResult@43c6c800 }
04-13 11:02:41.618 D/GSM     ( 1678): IMSI: 460010xxxxxxxxx
04-13 11:02:41.618 D/GSM     ( 1678): [IccCard] Broadcasting intent ACTION_SIM_STATE_CHANGED IMSI reason null
04-13 11:02:41.688 D/GSM     ( 1678): [IccCard] Query facility lock : false
04-13 11:02:41.688 D/GSM     ( 1678): [IccCard] Query facility lock : false
04-13 11:02:41.688 D/GSM     ( 1678): GSMDataConnTrack handleMessage { what=32 when=135283 obj=android.os.AsyncResult@43c82908 }
04-13 11:02:41.707 D/GSM     ( 1678): [DSAC DEB] EVENT_PS_RESTRICT_ENABLED false
04-13 11:02:41.707 D/GSM     ( 1678): [DataConnection] Stop poll NetStat
04-13 11:02:41.728 D/RILJ    ( 1678): [0144]> iccIO: SIM_IO 0xc0 0x6f17  path: 3F007F20,0,0,15
04-13 11:02:41.758 D/GSM     ( 1678): Poll ServiceState done:  oldSS=[3 home null null null  Unknown CSS not supported -1 -1RoamInd: -1DefRoamInd: -1EmergOnly: false] newSS=[0 home CHINA UNICOM GSM CHINA UNICOM GSM 46001  Unknown CSS not supported -1 -1RoamInd: -1DefRoamInd: -1EmergOnly: false] oldGprs=0 newGprs=1 oldType=UMTS newType=UMTS
04-13 11:02:41.811 D/RILC    ( 1552): [0144]> SIM_IO (cmd=0xC0,efid=0x6F17,path=3F007F20,0,0,15,(null),pin2=(null))
04-13 11:02:41.811 D/RIL     ( 1552): onRequest: SIM_IO
04-13 11:02:41.811 D/AT      ( 1552): AT> AT+CRSM=192,28439,0,0,15
04-13 11:02:41.818 D/AT      ( 1552): AT< +CRSM: 106,130
04-13 11:02:41.818 D/AT      ( 1552): AT< OK
04-13 11:02:41.818 D/RILC    ( 1552): [0144]< SIM_IO {sw1=0x6A,sw2=0x82,(null)}
04-13 11:02:41.827 D/RILJ    ( 1678): < iccIO:  0x6a 0x82 null
04-13 11:02:41.827 D/RILJ    ( 1678): [0144]< SIM_IO IccIoResponse sw1:0x6a sw2:0x82
04-13 11:02:42.087 D/GSM     ( 1678): GSMDataConnTrack handleMessage { what=33 when=136394 obj=android.os.AsyncResult@43c82dc0 }
04-13 11:02:42.087 D/GSM     ( 1678): [DSAC DEB] EVENT_PS_RESTRICT_DISABLED true
04-13 11:02:42.087 D/GSM     ( 1678): [GsmDataConnectionTracker] ***trySetupData due to psRestrictEnabled
04-13 11:02:42.087 D/GSM     ( 1678): [DSAC DEB] trySetupData with mIsPsRestricted=false
04-13 11:02:42.087 D/GSM     ( 1678): [GsmDataConnectionTracker] trySetupData: Not ready for data:  dataState=IDLE gprsState=1 sim=false UMTS=true phoneState=IDLE isDataAllowed=true dataEnabled=true roaming=false dataOnRoamingEnable=false ps restricted=false desiredPowerState=true MasterDataEnabled=true
04-13 11:02:42.087 D/GSM     ( 1678): iccid: 89860110300102589969
04-13 11:02:42.128 D/GSM     ( 1678): EF_AD: 00000002
04-13 11:02:42.308 D/AT      ( 1552): AT< +CGREG: 1,"A014","002487A1",2,"14"
04-13 11:02:42.308 D/RIL     ( 1552): restrictionState updated: 0
04-13 11:02:42.308 D/RILC    ( 1552): [UNSL]< UNSOL_RESPONSE_NETWORK_STATE_CHANGED 
04-13 11:02:42.318 D/RILC    ( 1552): [UNSL]< UNSOL_RESTRICTED_STATE_CHANGED {0}
04-13 11:02:42.318 D/RILJ    ( 1678): [UNSL]< UNSOL_RESPONSE_NETWORK_STATE_CHANGED
04-13 11:02:42.318 V/RILJ    ( 1678): [UNSL]< UNSOL_RESTRICTED_STATE_CHANGED {0}
04-13 11:02:42.368 D/GSM     ( 1678): [SIMRecords] Load EF_SPN:  spnDisplayCondition: 0
04-13 11:02:42.438 D/GSM     ( 1678): GSMDataConnTrack handleMessage { what=19 when=136912 obj=android.os.AsyncResult@43cdcea0 }
04-13 11:02:42.448 D/GSM     ( 1678): [DataConnection] Stop poll NetStat
04-13 11:02:42.668 D/GSM     ( 1678): MSISDN: 
04-13 11:02:42.668 D/RILJ    ( 1678): [0145]> OPERATOR
04-13 11:02:42.698 D/RILJ    ( 1678): [0146]> GPRS_REGISTRATION_STATE
04-13 11:02:42.708 D/RILC    ( 1552): [0145]> OPERATOR 
04-13 11:02:42.708 D/RIL     ( 1552): onRequest: OPERATOR
04-13 11:02:42.708 D/AT      ( 1552): AT> AT+COPS=3,0;+COPS?;+COPS=3,2;+COPS?
04-13 11:02:42.718 D/AT      ( 1552): AT< +COPS: 0,0,"CHINA UNICOM GSM",2
04-13 11:02:42.728 D/AT      ( 1552): AT< +COPS: 0,2,"46001",2
04-13 11:02:42.728 D/AT      ( 1552): AT< OK
04-13 11:02:42.728 D/RILC    ( 1552): [0145]< OPERATOR {CHINA UNICOM GSM,CHINA UNICOM GSM,46001}
04-13 11:02:42.728 D/RILJ    ( 1678): [0145]< OPERATOR {CHINA UNICOM GSM, CHINA UNICOM GSM, 46001}
04-13 11:02:42.738 D/RILJ    ( 1678): [0147]> REGISTRATION_STATE
04-13 11:02:42.748 D/RILC    ( 1552): [0146]> GPRS_REGISTRATION_STATE 
04-13 11:02:42.748 D/RIL     ( 1552): onRequest: GPRS_REGISTRATION_STATE
04-13 11:02:42.748 D/AT      ( 1552): AT> AT+CGREG?
04-13 11:02:42.748 D/AT      ( 1552): AT< +CGREG: 2,1,"A014","002487A1",2,"14"
04-13 11:02:42.748 D/AT      ( 1552): AT< OK
04-13 11:02:42.748 D/RILC    ( 1552): [0146]< GPRS_REGISTRATION_STATE {1,a014,2487a1,3}
04-13 11:02:42.768 D/RILJ    ( 1678): [0146]< GPRS_REGISTRATION_STATE {1, a014, 2487a1, 3}
04-13 11:02:42.778 D/RILC    ( 1552): [0147]> REGISTRATION_STATE 
04-13 11:02:42.778 D/RIL     ( 1552): onRequest: REGISTRATION_STATE
04-13 11:02:42.778 D/AT      ( 1552): AT> AT+CREG?
04-13 11:02:42.778 D/RILJ    ( 1678): [0148]> QUERY_NETWORK_SELECTION_MODE
04-13 11:02:42.788 D/AT      ( 1552): AT< +CREG: 2,1,"A014","002487A1",2
04-13 11:02:42.788 D/AT      ( 1552): AT< OK
04-13 11:02:42.788 D/RILC    ( 1552): [0147]< REGISTRATION_STATE {1,a014,2487a1,3}
04-13 11:02:42.808 D/RILJ    ( 1678): [0147]< REGISTRATION_STATE {1, a014, 2487a1, 3}
04-13 11:02:42.818 D/RILC    ( 1552): [0148]> QUERY_NETWORK_SELECTION_MODE 
04-13 11:02:42.818 D/RIL     ( 1552): onRequest: QUERY_NETWORK_SELECTION_MODE
04-13 11:02:42.818 D/AT      ( 1552): AT> AT+COPS?
04-13 11:02:42.818 D/AT      ( 1552): AT< +COPS: 0,2,"46001",2
04-13 11:02:42.818 D/AT      ( 1552): AT< OK
04-13 11:02:42.818 D/RILC    ( 1552): [0148]< QUERY_NETWORK_SELECTION_MODE {0}
04-13 11:02:42.818 D/GSM     ( 1678): [DSAC DEB] EVENT_RESTRICTED_STATE_CHANGED
04-13 11:02:42.837 D/RILJ    ( 1678): [0148]< QUERY_NETWORK_SELECTION_MODE {0}
04-13 11:02:42.848 D/GSM     ( 1678): [DSAC DEB] onRestrictedStateChanged
04-13 11:02:42.848 D/GSM     ( 1678): [DSAC DEB] current rs at enter Restricted State CS: none PS:false
04-13 11:02:42.848 D/GSM     ( 1678): [DSAC DEB] new rs Restricted State CS: none PS:false
04-13 11:02:42.848 D/GSM     ( 1678): [DSAC DEB] current rs at return Restricted State CS: none PS:false
04-13 11:02:42.848 D/GSM     ( 1678): Poll ServiceState done:  oldSS=[0 home CHINA UNICOM GSM CHINA UNICOM GSM 46001  Unknown CSS not supported -1 -1RoamInd: -1DefRoamInd: -1EmergOnly: false] newSS=[0 home CHINA UNICOM GSM CHINA UNICOM GSM 46001  UMTS CSS not supported -1 -1RoamInd: -1DefRoamInd: -1EmergOnly: false] oldGprs=1 newGprs=0 oldType=UMTS newType=UMTS
04-13 11:02:43.088 D/GSM     ( 1678): Invalid or missing EF[MAILBOX]
04-13 11:02:43.098 D/GSM     ( 1678): SIMRecords: record load complete
