04-13 11:03:23.548 D/RILJ    ( 1678): [0166]> RADIO_POWER
04-13 11:03:23.568 D/RILC    ( 1552): [0166]> RADIO_POWER (1)
04-13 11:03:23.568 D/RIL     ( 1552): onRequest: RADIO_POWER
04-13 11:03:23.568 D/AT      ( 1552): AT> AT+CFUN=1,0
04-13 11:03:23.568 D/AT      ( 1552): AT< OK
04-13 11:03:23.568 D/RILC    ( 1552): [UNSL]< UNSOL_RESPONSE_RADIO_STATE_CHANGED  {RADIO_SIM_NOT_READY}
04-13 11:03:23.568 D/AT      ( 1552): AT> AT*PSUTTZ=1
04-13 11:03:23.568 D/RILB    ( 1678): Notifying: Radio On
04-13 11:03:23.568 D/RILJ    ( 1678): [UNSL]< UNSOL_RESPONSE_RADIO_STATE_CHANGED SIM_NOT_READY
04-13 11:03:23.578 D/AT      ( 1552): AT< OK
04-13 11:03:23.578 D/AT      ( 1552): AT> AT+CPIN?
04-13 11:03:23.578 D/RILJ    ( 1678): [0167]> OPERATOR
04-13 11:03:23.598 D/RILJ    ( 1678): [0168]> GPRS_REGISTRATION_STATE
04-13 11:03:23.618 D/RILJ    ( 1678): [0169]> REGISTRATION_STATE
04-13 11:03:23.637 D/AT      ( 1552): AT< +CPIN: READY
04-13 11:03:23.637 D/AT      ( 1552): AT< OK
04-13 11:03:23.637 D/RILC    ( 1552): [UNSL]< UNSOL_RESPONSE_RADIO_STATE_CHANGED  {RADIO_SIM_READY}
04-13 11:03:23.637 D/AT      ( 1552): AT> AT+CSMS=1
04-13 11:03:23.637 D/RILB    ( 1678): Notifying: SIM ready
04-13 11:03:23.637 D/RILJ    ( 1678): [UNSL]< UNSOL_RESPONSE_RADIO_STATE_CHANGED SIM_READY
04-13 11:03:23.637 D/AT      ( 1552): AT< +CSMS: 1,1,1
04-13 11:03:23.637 D/AT      ( 1552): AT< OK
04-13 11:03:23.637 D/AT      ( 1552): AT> AT+CNMI=2,2,2,1,1
04-13 11:03:23.637 D/AT      ( 1552): AT< OK
04-13 11:03:23.637 D/RILC    ( 1552): [0166]< RADIO_POWER
04-13 11:03:23.648 D/RILC    ( 1552): [0167]> OPERATOR 
04-13 11:03:23.648 D/RIL     ( 1552): onRequest: OPERATOR
04-13 11:03:23.648 D/AT      ( 1552): AT> AT+COPS=3,0;+COPS?;+COPS=3,2;+COPS?
04-13 11:03:23.648 D/RILJ    ( 1678): [0166]< RADIO_POWER 
04-13 11:03:23.648 D/AT      ( 1552): AT< +COPS: 0
04-13 11:03:23.648 D/AT      ( 1552): AT< +COPS: 0
04-13 11:03:23.648 D/AT      ( 1552): AT< OK
04-13 11:03:23.648 D/RILC    ( 1552): [0167]< OPERATOR {(null),(null),(null)}
04-13 11:03:23.648 D/RILC    ( 1552): [0168]> GPRS_REGISTRATION_STATE 
04-13 11:03:23.648 D/RIL     ( 1552): onRequest: GPRS_REGISTRATION_STATE
04-13 11:03:23.648 D/AT      ( 1552): AT> AT+CGREG?
04-13 11:03:23.648 D/RILJ    ( 1678): [0167]< OPERATOR {null, null, null}
04-13 11:03:23.648 D/AT      ( 1552): AT< +CGREG: 2,0
04-13 11:03:23.648 D/AT      ( 1552): AT< OK
04-13 11:03:23.658 D/RILC    ( 1552): [0168]< GPRS_REGISTRATION_STATE {0,(null),(null)}
04-13 11:03:23.668 D/RILJ    ( 1678): [0168]< GPRS_REGISTRATION_STATE {0, null, null}
04-13 11:03:23.668 D/RILJ    ( 1678): [0170]> QUERY_NETWORK_SELECTION_MODE
04-13 11:03:23.668 D/RILC    ( 1552): [0169]> REGISTRATION_STATE 
04-13 11:03:23.668 D/RIL     ( 1552): onRequest: REGISTRATION_STATE
04-13 11:03:23.668 D/AT      ( 1552): AT> AT+CREG?
04-13 11:03:23.688 D/AT      ( 1552): AT< +CREG: 1,0
04-13 11:03:23.688 D/AT      ( 1552): AT< OK
04-13 11:03:23.688 D/RILC    ( 1552): [0169]< REGISTRATION_STATE {0,(null),(null)}
04-13 11:03:23.688 D/RILJ    ( 1678): [0169]< REGISTRATION_STATE {0, null, null}
04-13 11:03:23.698 D/RILJ    ( 1678): [0171]> GET_CURRENT_CALLS
04-13 11:03:23.698 D/RILC    ( 1552): [0170]> QUERY_NETWORK_SELECTION_MODE 
04-13 11:03:23.698 D/RIL     ( 1552): onRequest: QUERY_NETWORK_SELECTION_MODE
04-13 11:03:23.698 D/AT      ( 1552): AT> AT+COPS?
04-13 11:03:23.708 D/AT      ( 1552): AT< +COPS: 0
04-13 11:03:23.708 D/AT      ( 1552): AT< OK
04-13 11:03:23.708 D/RILC    ( 1552): [0170]< QUERY_NETWORK_SELECTION_MODE {0}
04-13 11:03:23.728 D/RILC    ( 1552): [0171]> GET_CURRENT_CALLS 
04-13 11:03:23.728 D/RIL     ( 1552): onRequest: GET_CURRENT_CALLS
04-13 11:03:23.728 D/AT      ( 1552): AT> AT+CLCC
04-13 11:03:23.728 D/RILJ    ( 1678): [0172]> OPERATOR
04-13 11:03:23.728 D/AT      ( 1552): AT< OK
04-13 11:03:23.728 D/RILC    ( 1552): [0171]< GET_CURRENT_CALLS }
04-13 11:03:23.748 D/RILJ    ( 1678): [0170]< QUERY_NETWORK_SELECTION_MODE {0}
04-13 11:03:23.748 D/RILJ    ( 1678): [0171]< GET_CURRENT_CALLS  
04-13 11:03:23.758 D/RILC    ( 1552): [0172]> OPERATOR 
04-13 11:03:23.758 D/RIL     ( 1552): onRequest: OPERATOR
04-13 11:03:23.758 D/AT      ( 1552): AT> AT+COPS=3,0;+COPS?;+COPS=3,2;+COPS?
04-13 11:03:23.758 D/AT      ( 1552): AT< +COPS: 0
04-13 11:03:23.758 D/AT      ( 1552): AT< +COPS: 0
04-13 11:03:23.758 D/AT      ( 1552): AT< OK
04-13 11:03:23.758 D/RILC    ( 1552): [0172]< OPERATOR {(null),(null),(null)}
04-13 11:03:23.758 D/RILJ    ( 1678): [0172]< OPERATOR {null, null, null}
04-13 11:03:23.768 D/RILJ    ( 1678): [0173]> GPRS_REGISTRATION_STATE
04-13 11:03:23.798 D/RILC    ( 1552): [0173]> GPRS_REGISTRATION_STATE 
04-13 11:03:23.798 D/RIL     ( 1552): onRequest: GPRS_REGISTRATION_STATE
04-13 11:03:23.798 D/AT      ( 1552): AT> AT+CGREG?
04-13 11:03:23.798 D/AT      ( 1552): AT< +CGREG: 2,0
04-13 11:03:23.798 D/AT      ( 1552): AT< OK
04-13 11:03:23.798 D/RILC    ( 1552): [0173]< GPRS_REGISTRATION_STATE {0,(null),(null)}
04-13 11:03:23.798 D/RILJ    ( 1678): [0174]> REGISTRATION_STATE
04-13 11:03:23.798 D/RILJ    ( 1678): [0173]< GPRS_REGISTRATION_STATE {0, null, null}
04-13 11:03:23.828 D/RILC    ( 1552): [0174]> REGISTRATION_STATE 
04-13 11:03:23.828 D/RIL     ( 1552): onRequest: REGISTRATION_STATE
04-13 11:03:23.828 D/AT      ( 1552): AT> AT+CREG?
04-13 11:03:23.828 D/AT      ( 1552): AT< +CREG: 1,0
04-13 11:03:23.828 D/AT      ( 1552): AT< OK
04-13 11:03:23.828 D/RILC    ( 1552): [0174]< REGISTRATION_STATE {0,(null),(null)}
04-13 11:03:23.828 D/RILJ    ( 1678): [0174]< REGISTRATION_STATE {0, null, null}
04-13 11:03:23.838 D/RILJ    ( 1678): [0175]> QUERY_NETWORK_SELECTION_MODE
04-13 11:03:23.878 D/RILC    ( 1552): [0175]> QUERY_NETWORK_SELECTION_MODE 
04-13 11:03:23.878 D/RIL     ( 1552): onRequest: QUERY_NETWORK_SELECTION_MODE
04-13 11:03:23.878 D/AT      ( 1552): AT> AT+COPS?
04-13 11:03:23.878 D/AT      ( 1552): AT< +COPS: 0
04-13 11:03:23.878 D/AT      ( 1552): AT< OK
04-13 11:03:23.878 D/RILC    ( 1552): [0175]< QUERY_NETWORK_SELECTION_MODE {0}
04-13 11:03:23.878 D/RILJ    ( 1678): [0175]< QUERY_NETWORK_SELECTION_MODE {0}
04-13 11:03:23.888 D/RILJ    ( 1678): [0176]> OPERATOR
04-13 11:03:23.938 D/RILC    ( 1552): [0176]> OPERATOR 
04-13 11:03:23.938 D/RIL     ( 1552): onRequest: OPERATOR
04-13 11:03:23.938 D/AT      ( 1552): AT> AT+COPS=3,0;+COPS?;+COPS=3,2;+COPS?
04-13 11:03:23.938 D/AT      ( 1552): AT< +COPS: 0
04-13 11:03:23.938 D/AT      ( 1552): AT< +COPS: 0
04-13 11:03:23.938 D/AT      ( 1552): AT< OK
04-13 11:03:23.938 D/RILC    ( 1552): [0176]< OPERATOR {(null),(null),(null)}
04-13 11:03:23.938 D/RILJ    ( 1678): [0176]< OPERATOR {null, null, null}
04-13 11:03:23.938 D/RILJ    ( 1678): [0177]> GPRS_REGISTRATION_STATE
04-13 11:03:23.988 D/RILC    ( 1552): [0177]> GPRS_REGISTRATION_STATE 
04-13 11:03:23.988 D/RIL     ( 1552): onRequest: GPRS_REGISTRATION_STATE
04-13 11:03:23.988 D/AT      ( 1552): AT> AT+CGREG?
04-13 11:03:23.988 D/AT      ( 1552): AT< +CGREG: 2,0
04-13 11:03:23.988 D/AT      ( 1552): AT< OK
04-13 11:03:23.988 D/RILC    ( 1552): [0177]< GPRS_REGISTRATION_STATE {0,(null),(null)}
04-13 11:03:23.988 D/RILJ    ( 1678): [0177]< GPRS_REGISTRATION_STATE {0, null, null}
04-13 11:03:23.998 D/RILJ    ( 1678): [0178]> REGISTRATION_STATE
04-13 11:03:24.008 D/AT      ( 1552): AT< +CREG: 2
04-13 11:03:24.008 D/RIL     ( 1552): restrictionState updated: 4
04-13 11:03:24.008 D/RILC    ( 1552): [UNSL]< UNSOL_RESPONSE_NETWORK_STATE_CHANGED 
04-13 11:03:24.008 D/RILC    ( 1552): [UNSL]< UNSOL_RESTRICTED_STATE_CHANGED {4}
04-13 11:03:24.008 D/RILJ    ( 1678): [UNSL]< UNSOL_RESPONSE_NETWORK_STATE_CHANGED
04-13 11:03:24.018 D/RILC    ( 1552): [0178]> REGISTRATION_STATE 
04-13 11:03:24.018 D/RIL     ( 1552): onRequest: REGISTRATION_STATE
04-13 11:03:24.018 D/AT      ( 1552): AT> AT+CREG?
04-13 11:03:24.018 D/AT      ( 1552): AT< +CREG: 1,2
04-13 11:03:24.018 D/AT      ( 1552): AT< OK
04-13 11:03:24.018 D/RILC    ( 1552): [0178]< REGISTRATION_STATE {2,(null),(null)}
04-13 11:03:24.018 D/RILJ    ( 1678): [0179]> QUERY_NETWORK_SELECTION_MODE
04-13 11:03:24.048 V/RILJ    ( 1678): [UNSL]< UNSOL_RESTRICTED_STATE_CHANGED {4}
04-13 11:03:24.048 D/RILJ    ( 1678): [0178]< REGISTRATION_STATE {2, null, null}
04-13 11:03:24.058 D/RILC    ( 1552): [0179]> QUERY_NETWORK_SELECTION_MODE 
04-13 11:03:24.058 D/RIL     ( 1552): onRequest: QUERY_NETWORK_SELECTION_MODE
04-13 11:03:24.058 D/AT      ( 1552): AT> AT+COPS?
04-13 11:03:24.058 D/AT      ( 1552): AT< +COPS: 0
04-13 11:03:24.058 D/AT      ( 1552): AT< OK
04-13 11:03:24.058 D/RILC    ( 1552): [0179]< QUERY_NETWORK_SELECTION_MODE {0}
04-13 11:03:24.058 D/GSM     ( 1678): [IccCard] Broadcasting intent ACTION_SIM_STATE_CHANGED READY reason null
04-13 11:03:24.078 D/RILJ    ( 1678): [0179]< QUERY_NETWORK_SELECTION_MODE {0}
04-13 11:03:24.148 V/GSM     ( 1678): SIMRecords:fetchSimRecords 0
04-13 11:03:24.178 D/RILJ    ( 1678): [0180]> getIMSI:RIL_REQUEST_GET_IMSI 11 GET_IMSI
04-13 11:03:24.187 D/RILC    ( 1552): [0180]> GET_IMSI 
04-13 11:03:24.187 D/RIL     ( 1552): onRequest: GET_IMSI
04-13 11:03:24.187 D/AT      ( 1552): AT> AT+CIMI
04-13 11:03:24.198 D/RILJ    ( 1678): [0181]> iccIO: SIM_IO 0xc0 0x2fe2  path: 3F00,0,0,15
04-13 11:03:24.208 D/AT      ( 1552): AT< 460010020683648
04-13 11:03:24.208 D/AT      ( 1552): AT< OK
04-13 11:03:24.208 D/RILC    ( 1552): [0180]< GET_IMSI {460010020683648}
04-13 11:03:24.208 D/RILJ    ( 1678): [0180]< GET_IMSI 
04-13 11:03:24.218 D/RILC    ( 1552): [0181]> SIM_IO (cmd=0xC0,efid=0x2FE2,path=3F00,0,0,15,(null),pin2=(null))
04-13 11:03:24.218 D/RIL     ( 1552): onRequest: SIM_IO
04-13 11:03:24.218 D/AT      ( 1552): AT> AT+CRSM=192,12258,0,0,15
04-13 11:03:24.218 D/RILJ    ( 1678): [0182]> iccIO: SIM_IO 0xc0 0x6f40  path: 3F007F10,0,0,15
04-13 11:03:24.228 D/RILJ    ( 1678): [0183]> iccIO: SIM_IO 0xc0 0x6fc9  path: 3F007F20,0,0,15
04-13 11:03:24.238 D/AT      ( 1552): AT< +CRSM: 144,0,"FFFF000A2FE204FF000000FF020002"
04-13 11:03:24.238 D/AT      ( 1552): AT< OK
04-13 11:03:24.238 D/RILC    ( 1552): [0181]< SIM_IO {sw1=0x90,sw2=0x0,FFFF000A2FE204FF000000FF020002}
04-13 11:03:24.238 D/RILC    ( 1552): [0182]> SIM_IO (cmd=0xC0,efid=0x6F40,path=3F007F10,0,0,15,(null),pin2=(null))
04-13 11:03:24.238 D/RIL     ( 1552): onRequest: SIM_IO
04-13 11:03:24.238 D/AT      ( 1552): AT> AT+CRSM=192,28480,0,0,15
04-13 11:03:24.238 D/RILJ    ( 1678): < iccIO:  0x90 0x0 FFFF000A2FE204FF000000FF020002
04-13 11:03:24.238 D/RILJ    ( 1678): [0181]< SIM_IO IccIoResponse sw1:0x90 sw2:0x0
04-13 11:03:24.258 D/RILJ    ( 1678): [0184]> iccIO: SIM_IO 0xc0 0x6fad  path: 3F007F20,0,0,15
04-13 11:03:24.258 D/AT      ( 1552): AT< +CRSM: 144,0,"FFFF00386F4004FF000000FF02011C"
04-13 11:03:24.258 D/AT      ( 1552): AT< OK
04-13 11:03:24.268 D/RILC    ( 1552): [0182]< SIM_IO {sw1=0x90,sw2=0x0,FFFF00386F4004FF000000FF02011C}
04-13 11:03:24.268 D/RILC    ( 1552): [0183]> SIM_IO (cmd=0xC0,efid=0x6FC9,path=3F007F20,0,0,15,(null),pin2=(null))
04-13 11:03:24.268 D/RIL     ( 1552): onRequest: SIM_IO
04-13 11:03:24.268 D/AT      ( 1552): AT> AT+CRSM=192,28617,0,0,15
04-13 11:03:24.268 D/RILJ    ( 1678): < iccIO:  0x90 0x0 FFFF00386F4004FF000000FF02011C
04-13 11:03:24.268 D/RILJ    ( 1678): [0182]< SIM_IO IccIoResponse sw1:0x90 sw2:0x0
04-13 11:03:24.268 D/RILJ    ( 1678): [0185]> iccIO: SIM_IO 0xc0 0x6fca  path: 3F007F20,0,0,15
04-13 11:03:24.278 D/AT      ( 1552): AT< +CRSM: 106,130
04-13 11:03:24.278 D/AT      ( 1552): AT< OK
04-13 11:03:24.278 D/RILC    ( 1552): [0183]< SIM_IO {sw1=0x6A,sw2=0x82,(null)}
04-13 11:03:24.278 D/RILC    ( 1552): [0184]> SIM_IO (cmd=0xC0,efid=0x6FAD,path=3F007F20,0,0,15,(null),pin2=(null))
04-13 11:03:24.278 D/RIL     ( 1552): onRequest: SIM_IO
04-13 11:03:24.278 D/AT      ( 1552): AT> AT+CRSM=192,28589,0,0,15
04-13 11:03:24.278 D/RILJ    ( 1678): < iccIO:  0x6a 0x82 null
04-13 11:03:24.278 D/RILJ    ( 1678): [0183]< SIM_IO IccIoResponse sw1:0x6a sw2:0x82
04-13 11:03:24.288 D/RILJ    ( 1678): [0186]> iccIO: SIM_IO 0xc0 0x6f11  path: 3F007F20,0,0,15
04-13 11:03:24.298 D/AT      ( 1552): AT< +CRSM: 144,0,"FFFF00046FAD04FF000000FF020002"
04-13 11:03:24.298 D/AT      ( 1552): AT< OK
04-13 11:03:24.298 D/RILC    ( 1552): [0184]< SIM_IO {sw1=0x90,sw2=0x0,FFFF00046FAD04FF000000FF020002}
04-13 11:03:24.298 D/RILC    ( 1552): [0185]> SIM_IO (cmd=0xC0,efid=0x6FCA,path=3F007F20,0,0,15,(null),pin2=(null))
04-13 11:03:24.298 D/RIL     ( 1552): onRequest: SIM_IO
04-13 11:03:24.298 D/AT      ( 1552): AT> AT+CRSM=192,28618,0,0,15
04-13 11:03:24.298 D/RILJ    ( 1678): < iccIO:  0x90 0x0 FFFF00046FAD04FF000000FF020002
04-13 11:03:24.298 D/RILJ    ( 1678): [0184]< SIM_IO IccIoResponse sw1:0x90 sw2:0x0
04-13 11:03:24.308 D/RILJ    ( 1678): [0187]> iccIO: SIM_IO 0xc0 0x6fcb  path: 3F007F20,0,0,15
04-13 11:03:24.308 D/AT      ( 1552): AT< +CRSM: 106,130
04-13 11:03:24.308 D/AT      ( 1552): AT< OK
04-13 11:03:24.308 D/RILC    ( 1552): [0185]< SIM_IO {sw1=0x6A,sw2=0x82,(null)}
04-13 11:03:24.308 D/RILC    ( 1552): [0186]> SIM_IO (cmd=0xC0,efid=0x6F11,path=3F007F20,0,0,15,(null),pin2=(null))
04-13 11:03:24.308 D/RIL     ( 1552): onRequest: SIM_IO
04-13 11:03:24.308 D/AT      ( 1552): AT> AT+CRSM=192,28433,0,0,15
04-13 11:03:24.308 D/RILJ    ( 1678): < iccIO:  0x6a 0x82 null
04-13 11:03:24.308 D/RILJ    ( 1678): [0185]< SIM_IO IccIoResponse sw1:0x6a sw2:0x82
04-13 11:03:24.318 D/AT      ( 1552): AT< +CRSM: 106,130
04-13 11:03:24.318 D/AT      ( 1552): AT< OK
04-13 11:03:24.318 D/RILC    ( 1552): [0186]< SIM_IO {sw1=0x6A,sw2=0x82,(null)}
04-13 11:03:24.318 D/RILJ    ( 1678): < iccIO:  0x6a 0x82 null
04-13 11:03:24.318 D/RILJ    ( 1678): [0186]< SIM_IO IccIoResponse sw1:0x6a sw2:0x82
04-13 11:03:24.318 D/RILC    ( 1552): [0187]> SIM_IO (cmd=0xC0,efid=0x6FCB,path=3F007F20,0,0,15,(null),pin2=(null))
04-13 11:03:24.318 D/RIL     ( 1552): onRequest: SIM_IO
04-13 11:03:24.318 D/AT      ( 1552): AT> AT+CRSM=192,28619,0,0,15
04-13 11:03:24.318 D/RILJ    ( 1678): [0188]> iccIO: SIM_IO 0xc0 0x6f13  path: 3F007F20,0,0,15
04-13 11:03:24.328 D/AT      ( 1552): AT< +CRSM: 106,130
04-13 11:03:24.328 D/AT      ( 1552): AT< OK
04-13 11:03:24.328 D/RILC    ( 1552): [0187]< SIM_IO {sw1=0x6A,sw2=0x82,(null)}
04-13 11:03:24.328 D/RILJ    ( 1678): < iccIO:  0x6a 0x82 null
04-13 11:03:24.328 D/RILJ    ( 1678): [0187]< SIM_IO IccIoResponse sw1:0x6a sw2:0x82
04-13 11:03:24.338 D/RILC    ( 1552): [0188]> SIM_IO (cmd=0xC0,efid=0x6F13,path=3F007F20,0,0,15,(null),pin2=(null))
04-13 11:03:24.338 D/RIL     ( 1552): onRequest: SIM_IO
04-13 11:03:24.338 D/AT      ( 1552): AT> AT+CRSM=192,28435,0,0,15
04-13 11:03:24.338 D/RILJ    ( 1678): [0189]> iccIO: SIM_IO 0xc0 0x6f46  path: 3F007F20,0,0,15
04-13 11:03:24.348 D/AT      ( 1552): AT< +CRSM: 106,130
04-13 11:03:24.348 D/AT      ( 1552): AT< OK
04-13 11:03:24.348 D/RILC    ( 1552): [0188]< SIM_IO {sw1=0x6A,sw2=0x82,(null)}
04-13 11:03:24.348 D/RILJ    ( 1678): < iccIO:  0x6a 0x82 null
04-13 11:03:24.348 D/RILJ    ( 1678): [0188]< SIM_IO IccIoResponse sw1:0x6a sw2:0x82
04-13 11:03:24.348 D/RILC    ( 1552): [0189]> SIM_IO (cmd=0xC0,efid=0x6F46,path=3F007F20,0,0,15,(null),pin2=(null))
04-13 11:03:24.348 D/RIL     ( 1552): onRequest: SIM_IO
04-13 11:03:24.348 D/AT      ( 1552): AT> AT+CRSM=192,28486,0,0,15
04-13 11:03:24.348 D/RILJ    ( 1678): [0190]> iccIO: SIM_IO 0xc0 0x6fcd  path: 3F007F20,0,0,15
04-13 11:03:24.358 D/RILJ    ( 1678): [0191]> iccIO: SIM_IO 0xc0 0x6fc5  path: 3F007F20,0,0,15
04-13 11:03:24.368 D/AT      ( 1552): AT< +CRSM: 144,0,"FFFF00116F4604FF000000FF020002"
04-13 11:03:24.368 D/AT      ( 1552): AT< OK
04-13 11:03:24.368 D/RILC    ( 1552): [0189]< SIM_IO {sw1=0x90,sw2=0x0,FFFF00116F4604FF000000FF020002}
04-13 11:03:24.368 D/RILC    ( 1552): [0190]> SIM_IO (cmd=0xC0,efid=0x6FCD,path=3F007F20,0,0,15,(null),pin2=(null))
04-13 11:03:24.368 D/RIL     ( 1552): onRequest: SIM_IO
04-13 11:03:24.368 D/AT      ( 1552): AT> AT+CRSM=192,28621,0,0,15
04-13 11:03:24.368 D/RILJ    ( 1678): < iccIO:  0x90 0x0 FFFF00116F4604FF000000FF020002
04-13 11:03:24.368 D/RILJ    ( 1678): [0189]< SIM_IO IccIoResponse sw1:0x90 sw2:0x0
04-13 11:03:24.378 D/RILJ    ( 1678): [0192]> iccIO: SIM_IO 0xc0 0x6f38  path: 3F007F20,0,0,15
04-13 11:03:24.388 D/AT      ( 1552): AT< +CRSM: 144,0,"FFFF00226FCD04FF000000FF020002"
04-13 11:03:24.388 D/AT      ( 1552): AT< OK
04-13 11:03:24.388 D/RILC    ( 1552): [0190]< SIM_IO {sw1=0x90,sw2=0x0,FFFF00226FCD04FF000000FF020002}
04-13 11:03:24.388 D/RILC    ( 1552): [0191]> SIM_IO (cmd=0xC0,efid=0x6FC5,path=3F007F20,0,0,15,(null),pin2=(null))
04-13 11:03:24.388 D/RIL     ( 1552): onRequest: SIM_IO
04-13 11:03:24.388 D/AT      ( 1552): AT> AT+CRSM=192,28613,0,0,15
04-13 11:03:24.388 D/RILJ    ( 1678): < iccIO:  0x90 0x0 FFFF00226FCD04FF000000FF020002
04-13 11:03:24.388 D/RILJ    ( 1678): [0190]< SIM_IO IccIoResponse sw1:0x90 sw2:0x0
04-13 11:03:24.398 D/RILJ    ( 1678): [0193]> iccIO: SIM_IO 0xc0 0x6f16  path: 3F007F20,0,0,15
04-13 11:03:24.398 V/GSM     ( 1678): Check if IMSI shalll be read againnull
04-13 11:03:24.407 V/GSM     ( 1678): Force to get IMSI again 
04-13 11:03:24.407 D/RILJ    ( 1678): [0194]> getIMSI:RIL_REQUEST_GET_IMSI 11 GET_IMSI
04-13 11:03:24.407 D/AT      ( 1552): AT< +CRSM: 144,0,"FFFF00706FC504FF000000FF02010E"
04-13 11:03:24.407 D/AT      ( 1552): AT< OK
04-13 11:03:24.407 D/RILC    ( 1552): [0191]< SIM_IO {sw1=0x90,sw2=0x0,FFFF00706FC504FF000000FF02010E}
04-13 11:03:24.407 D/RILC    ( 1552): [0192]> SIM_IO (cmd=0xC0,efid=0x6F38,path=3F007F20,0,0,15,(null),pin2=(null))
04-13 11:03:24.407 D/RIL     ( 1552): onRequest: SIM_IO
04-13 11:03:24.407 D/AT      ( 1552): AT> AT+CRSM=192,28472,0,0,15
04-13 11:03:24.407 D/RILJ    ( 1678): < iccIO:  0x90 0x0 FFFF00706FC504FF000000FF02010E
04-13 11:03:24.417 D/RILJ    ( 1678): [0191]< SIM_IO IccIoResponse sw1:0x90 sw2:0x0
04-13 11:03:24.417 D/RILJ    ( 1678): [0195]> GET_SIM_STATUS
04-13 11:03:24.427 D/RILJ    ( 1678): [0196]> QUERY_FACILITY_LOCK
04-13 11:03:24.427 D/RILJ    ( 1678): [0197]> QUERY_FACILITY_LOCK
04-13 11:03:24.438 D/AT      ( 1552): AT< +CRSM: 144,0,"FFFF000A6F3804FF000000FF020002"
04-13 11:03:24.438 D/AT      ( 1552): AT< OK
04-13 11:03:24.438 D/RILC    ( 1552): [0192]< SIM_IO {sw1=0x90,sw2=0x0,FFFF000A6F3804FF000000FF020002}
04-13 11:03:24.438 D/RILC    ( 1552): [0193]> SIM_IO (cmd=0xC0,efid=0x6F16,path=3F007F20,0,0,15,(null),pin2=(null))
04-13 11:03:24.438 D/RIL     ( 1552): onRequest: SIM_IO
04-13 11:03:24.438 D/AT      ( 1552): AT> AT+CRSM=192,28438,0,0,15
04-13 11:03:24.438 D/RILJ    ( 1678): < iccIO:  0x90 0x0 FFFF000A6F3804FF000000FF020002
04-13 11:03:24.438 D/RILJ    ( 1678): [0192]< SIM_IO IccIoResponse sw1:0x90 sw2:0x0
04-13 11:03:24.447 D/AT      ( 1552): AT< +CRSM: 106,130
04-13 11:03:24.447 D/AT      ( 1552): AT< OK
04-13 11:03:24.447 D/RILC    ( 1552): [0193]< SIM_IO {sw1=0x6A,sw2=0x82,(null)}
04-13 11:03:24.447 D/RILC    ( 1552): [0194]> GET_IMSI 
04-13 11:03:24.447 D/RIL     ( 1552): onRequest: GET_IMSI
04-13 11:03:24.447 D/AT      ( 1552): AT> AT+CIMI
04-13 11:03:24.447 D/RILJ    ( 1678): < iccIO:  0x6a 0x82 null
04-13 11:03:24.447 D/RILJ    ( 1678): [0193]< SIM_IO IccIoResponse sw1:0x6a sw2:0x82
04-13 11:03:24.458 D/AT      ( 1552): AT< 460010020683648
04-13 11:03:24.458 D/AT      ( 1552): AT< OK
04-13 11:03:24.458 D/RILC    ( 1552): [0194]< GET_IMSI {460010020683648}
04-13 11:03:24.458 D/RILC    ( 1552): [0195]> GET_SIM_STATUS 
04-13 11:03:24.458 D/RIL     ( 1552): onRequest: GET_SIM_STATUS
04-13 11:03:24.458 D/AT      ( 1552): AT> AT+CPIN?
04-13 11:03:24.468 D/RILJ    ( 1678): [0198]> OPERATOR
04-13 11:03:24.468 D/RILJ    ( 1678): [0194]< GET_IMSI 
04-13 11:03:24.478 D/RILJ    ( 1678): [0199]> GPRS_REGISTRATION_STATE
04-13 11:03:24.478 D/RILJ    ( 1678): [0200]> REGISTRATION_STATE
04-13 11:03:24.478 D/RILJ    ( 1678): [0201]> QUERY_NETWORK_SELECTION_MODE
04-13 11:03:24.498 D/AT      ( 1552): AT< +CPIN: READY
04-13 11:03:24.498 D/AT      ( 1552): AT< OK
04-13 11:03:24.498 D/RILC    ( 1552): [0195]< GET_SIM_STATUS {[app_type=1,app_state=5,perso_substate=2,                aid_ptr=(null),app_label_ptr=(null),pin1_replaced=0,pin1=0,pin2=0],}
04-13 11:03:24.498 D/AT      ( 1552): AT> AT+CPIN?
04-13 11:03:24.498 D/RILJ    ( 1678): [0195]< GET_SIM_STATUS com.android.internal.telephony.IccCardStatus@43cf5b58
04-13 11:03:24.518 D/GSM     ( 1678): [DSAC DEB] EVENT_RESTRICTED_STATE_CHANGED
04-13 11:03:24.518 D/GSM     ( 1678): [DSAC DEB] onRestrictedStateChanged
04-13 11:03:24.518 D/GSM     ( 1678): [DSAC DEB] current rs at enter Restricted State CS: none PS:false
04-13 11:03:24.518 D/GSM     ( 1678): [DSAC DEB] new rs Restricted State CS: all PS:false
04-13 11:03:24.518 D/GSM     ( 1678): [DSAC DEB] create notification 1003
04-13 11:03:24.528 D/GSM     ( 1678): [DSAC DEB] put notification Restricted access changed / All Voice services are blocked.
04-13 11:03:24.537 D/AT      ( 1552): AT< +CPIN: READY
04-13 11:03:24.537 D/AT      ( 1552): AT< OK
04-13 11:03:24.537 D/RIL     ( 1552): 	updateRadioStateAfterSimStatus
04-13 11:03:24.537 D/RILC    ( 1552): [0196]> QUERY_FACILITY_LOCK (SC,,7)
04-13 11:03:24.537 D/RIL     ( 1552): onRequest: QUERY_FACILITY_LOCK
04-13 11:03:24.537 D/AT      ( 1552): AT> AT+CLCK="SC",2,"",7
04-13 11:03:24.568 D/GSM     ( 1678): [DSAC DEB] current rs at return Restricted State CS: all PS:false
04-13 11:03:24.568 D/GSM     ( 1678): IMSI: 460010xxxxxxxxx
04-13 11:03:24.578 D/GSM     ( 1678): [IccCard] Broadcasting intent ACTION_SIM_STATE_CHANGED IMSI reason null
04-13 11:03:24.588 D/AT      ( 1552): AT< +CLCK: 0
04-13 11:03:24.588 D/AT      ( 1552): AT< OK
04-13 11:03:24.588 D/RILC    ( 1552): [0196]< QUERY_FACILITY_LOCK {0}
04-13 11:03:24.588 D/RILC    ( 1552): [0197]> QUERY_FACILITY_LOCK (FD,,7)
04-13 11:03:24.588 D/RIL     ( 1552): onRequest: QUERY_FACILITY_LOCK
04-13 11:03:24.588 D/AT      ( 1552): AT> AT+CLCK="FD",2,"",7
04-13 11:03:24.588 D/RILJ    ( 1678): [0196]< QUERY_FACILITY_LOCK {0}
04-13 11:03:24.588 D/AT      ( 1552): AT< +CLCK: 0
04-13 11:03:24.588 D/AT      ( 1552): AT< OK
04-13 11:03:24.588 D/RILC    ( 1552): [0197]< QUERY_FACILITY_LOCK {0}
04-13 11:03:24.588 D/RILC    ( 1552): [0198]> OPERATOR 
04-13 11:03:24.588 D/RIL     ( 1552): onRequest: OPERATOR
04-13 11:03:24.588 D/AT      ( 1552): AT> AT+COPS=3,0;+COPS?;+COPS=3,2;+COPS?
04-13 11:03:24.588 D/RILJ    ( 1678): [0197]< QUERY_FACILITY_LOCK {0}
04-13 11:03:24.598 D/AT      ( 1552): AT< +COPS: 0
04-13 11:03:24.598 D/AT      ( 1552): AT< +COPS: 0
04-13 11:03:24.598 D/AT      ( 1552): AT< OK
04-13 11:03:24.598 D/RILC    ( 1552): [0198]< OPERATOR {(null),(null),(null)}
04-13 11:03:24.598 D/RILC    ( 1552): [0199]> GPRS_REGISTRATION_STATE 
04-13 11:03:24.598 D/RIL     ( 1552): onRequest: GPRS_REGISTRATION_STATE
04-13 11:03:24.598 D/AT      ( 1552): AT> AT+CGREG?
04-13 11:03:24.598 D/RILJ    ( 1678): [0198]< OPERATOR {null, null, null}
04-13 11:03:24.608 D/AT      ( 1552): AT< +CGREG: 2,0
04-13 11:03:24.608 D/AT      ( 1552): AT< OK
04-13 11:03:24.608 D/RILC    ( 1552): [0199]< GPRS_REGISTRATION_STATE {0,(null),(null)}
04-13 11:03:24.608 D/RILC    ( 1552): [0200]> REGISTRATION_STATE 
04-13 11:03:24.608 D/RIL     ( 1552): onRequest: REGISTRATION_STATE
04-13 11:03:24.608 D/AT      ( 1552): AT> AT+CREG?
04-13 11:03:24.608 D/RILJ    ( 1678): [0199]< GPRS_REGISTRATION_STATE {0, null, null}
04-13 11:03:24.608 D/AT      ( 1552): AT< +CREG: 1,2
04-13 11:03:24.608 D/AT      ( 1552): AT< OK
04-13 11:03:24.608 D/RILC    ( 1552): [0200]< REGISTRATION_STATE {2,(null),(null)}
04-13 11:03:24.608 D/RILC    ( 1552): [0201]> QUERY_NETWORK_SELECTION_MODE 
04-13 11:03:24.608 D/RIL     ( 1552): onRequest: QUERY_NETWORK_SELECTION_MODE
04-13 11:03:24.608 D/AT      ( 1552): AT> AT+COPS?
04-13 11:03:24.628 D/AT      ( 1552): AT< +COPS: 0
04-13 11:03:24.628 D/RILJ    ( 1678): [0202]> iccIO: SIM_IO 0xb0 0x2fe2  path: 3F00,0,0,10
04-13 11:03:24.628 D/AT      ( 1552): AT< OK
04-13 11:03:24.628 D/RILC    ( 1552): [0201]< QUERY_NETWORK_SELECTION_MODE {0}
04-13 11:03:24.628 D/RILJ    ( 1678): [0200]< REGISTRATION_STATE {2, null, null}
04-13 11:03:24.648 D/RILC    ( 1552): [0202]> SIM_IO (cmd=0xB0,efid=0x2FE2,path=3F00,0,0,10,(null),pin2=(null))
04-13 11:03:24.648 D/RIL     ( 1552): onRequest: SIM_IO
04-13 11:03:24.648 D/AT      ( 1552): AT> AT+CRSM=176,12258,0,0,10
04-13 11:03:24.648 D/RILJ    ( 1678): [0201]< QUERY_NETWORK_SELECTION_MODE {0}
04-13 11:03:24.648 D/RILJ    ( 1678): [0203]> iccIO: SIM_IO 0xb2 0x6f40  path: 3F007F10,1,4,28
04-13 11:03:24.678 D/AT      ( 1552): AT< +CRSM: 144,0,"98681001031020859996"
04-13 11:03:24.678 D/AT      ( 1552): AT< OK
04-13 11:03:24.678 D/RILC    ( 1552): [0202]< SIM_IO {sw1=0x90,sw2=0x0,98681001031020859996}
04-13 11:03:24.678 D/RILJ    ( 1678): < iccIO:  0x90 0x0 98681001031020859996
04-13 11:03:24.678 D/RILJ    ( 1678): [0202]< SIM_IO IccIoResponse sw1:0x90 sw2:0x0
04-13 11:03:24.688 D/RILC    ( 1552): [0203]> SIM_IO (cmd=0xB2,efid=0x6F40,path=3F007F10,1,4,28,(null),pin2=(null))
04-13 11:03:24.688 D/RIL     ( 1552): onRequest: SIM_IO
04-13 11:03:24.688 D/AT      ( 1552): AT> AT+CRSM=178,28480,1,4,28
04-13 11:03:24.688 D/RILJ    ( 1678): [0204]> iccIO: SIM_IO 0xb0 0x6fad  path: 3F007F20,0,0,4
04-13 11:03:24.708 D/RILJ    ( 1678): [0205]> iccIO: SIM_IO 0xb0 0x6f46  path: 3F007F20,0,0,17
04-13 11:03:24.718 D/AT      ( 1552): AT< +CRSM: 144,0,"FFFFFFFFFFFFFFFFFFFFFFFFFFFFFFFFFFFFFFFFFFFFFFFFFFFFFFFF"
04-13 11:03:24.718 D/AT      ( 1552): AT< OK
04-13 11:03:24.718 D/RILC    ( 1552): [0203]< SIM_IO {sw1=0x90,sw2=0x0,FFFFFFFFFFFFFFFFFFFFFFFFFFFFFFFFFFFFFFFFFFFFFFFFFFFFFFFF}
04-13 11:03:24.718 D/RILC    ( 1552): [0204]> SIM_IO (cmd=0xB0,efid=0x6FAD,path=3F007F20,0,0,4,(null),pin2=(null))
04-13 11:03:24.718 D/RIL     ( 1552): onRequest: SIM_IO
04-13 11:03:24.718 D/AT      ( 1552): AT> AT+CRSM=176,28589,0,0,4
04-13 11:03:24.718 D/RILJ    ( 1678): < iccIO:  0x90 0x0 FFFFFFFFFFFFFFFFFFFFFFFFFFFFFFFFFFFFFFFFFFFFFFFFFFFFFFFF
04-13 11:03:24.718 D/RILJ    ( 1678): [0203]< SIM_IO IccIoResponse sw1:0x90 sw2:0x0
04-13 11:03:24.728 D/AT      ( 1552): AT< +CRSM: 144,0,"00000002"
04-13 11:03:24.728 D/AT      ( 1552): AT< OK
04-13 11:03:24.728 D/RILC    ( 1552): [0204]< SIM_IO {sw1=0x90,sw2=0x0,00000002}
04-13 11:03:24.728 D/RILJ    ( 1678): < iccIO:  0x90 0x0 00000002
04-13 11:03:24.728 D/RILJ    ( 1678): [0204]< SIM_IO IccIoResponse sw1:0x90 sw2:0x0
04-13 11:03:24.748 D/RILC    ( 1552): [0205]> SIM_IO (cmd=0xB0,efid=0x6F46,path=3F007F20,0,0,17,(null),pin2=(null))
04-13 11:03:24.748 D/RIL     ( 1552): onRequest: SIM_IO
04-13 11:03:24.748 D/AT      ( 1552): AT> AT+CRSM=176,28486,0,0,17
04-13 11:03:24.748 D/RILJ    ( 1678): [0206]> iccIO: SIM_IO 0xb0 0x6fcd  path: 3F007F20,0,0,34
04-13 11:03:24.768 D/AT      ( 1552): AT< +CRSM: 144,0,"00FFFFFFFFFFFFFFFFFFFFFFFFFFFFFFFF"
04-13 11:03:24.768 D/AT      ( 1552): AT< OK
04-13 11:03:24.768 D/RILC    ( 1552): [0205]< SIM_IO {sw1=0x90,sw2=0x0,00FFFFFFFFFFFFFFFFFFFFFFFFFFFFFFFF}
04-13 11:03:24.778 D/RILJ    ( 1678): < iccIO:  0x90 0x0 00FFFFFFFFFFFFFFFFFFFFFFFFFFFFFFFF
04-13 11:03:24.778 D/RILJ    ( 1678): [0205]< SIM_IO IccIoResponse sw1:0x90 sw2:0x0
04-13 11:03:24.788 D/RILC    ( 1552): [0206]> SIM_IO (cmd=0xB0,efid=0x6FCD,path=3F007F20,0,0,34,(null),pin2=(null))
04-13 11:03:24.788 D/RIL     ( 1552): onRequest: SIM_IO
04-13 11:03:24.788 D/AT      ( 1552): AT> AT+CRSM=176,28621,0,0,34
04-13 11:03:24.798 D/RILJ    ( 1678): [0207]> iccIO: SIM_IO 0xb2 0x6fc5  path: 3F007F20,1,4,14
04-13 11:03:24.798 D/RILJ    ( 1678): [0208]> iccIO: SIM_IO 0xb0 0x6f38  path: 3F007F20,0,0,10
04-13 11:03:24.808 D/AT      ( 1552): AT< +CRSM: 144,0,"FFFFFFFFFFFFFFFFFFFFFFFFFFFFFFFFFFFFFFFFFFFFFFFFFFFFFFFFFFFFFFFFFFFF"
04-13 11:03:24.808 D/AT      ( 1552): AT< OK
04-13 11:03:24.808 D/RILC    ( 1552): [0206]< SIM_IO {sw1=0x90,sw2=0x0,FFFFFFFFFFFFFFFFFFFFFFFFFFFFFFFFFFFFFFFFFFFFFFFFFFFFFFFFFFFFFFFFFFFF}
04-13 11:03:24.808 D/RILC    ( 1552): [0207]> SIM_IO (cmd=0xB2,efid=0x6FC5,path=3F007F20,1,4,14,(null),pin2=(null))
04-13 11:03:24.808 D/RIL     ( 1552): onRequest: SIM_IO
04-13 11:03:24.808 D/AT      ( 1552): AT> AT+CRSM=178,28613,1,4,14
04-13 11:03:24.808 D/RILJ    ( 1678): < iccIO:  0x90 0x0 FFFFFFFFFFFFFFFFFFFFFFFFFFFFFFFFFFFFFFFFFFFFFFFFFFFFFFFFFFFFFFFFFFFF
04-13 11:03:24.808 D/RILJ    ( 1678): [0206]< SIM_IO IccIoResponse sw1:0x90 sw2:0x0
04-13 11:03:24.828 D/AT      ( 1552): AT< +CRSM: 144,0,"FFFFFFFFFFFFFFFFFFFFFFFFFFFF"
04-13 11:03:24.828 D/AT      ( 1552): AT< OK
04-13 11:03:24.828 D/AT      ( 1552): AT< +CREG: 1
04-13 11:03:24.828 D/RIL     ( 1552): restrictionState updated: 0
04-13 11:03:24.828 D/RILC    ( 1552): [UNSL]< UNSOL_RESPONSE_NETWORK_STATE_CHANGED 
04-13 11:03:24.828 D/AT      ( 1552): AT< +CGREG: 2
04-13 11:03:24.828 D/RIL     ( 1552): restrictionState updated: 0
04-13 11:03:24.828 D/RILC    ( 1552): [UNSL]< UNSOL_RESPONSE_NETWORK_STATE_CHANGED 
04-13 11:03:24.828 D/RILC    ( 1552): [0207]< SIM_IO {sw1=0x90,sw2=0x0,FFFFFFFFFFFFFFFFFFFFFFFFFFFF}
04-13 11:03:24.828 D/RILC    ( 1552): [UNSL]< UNSOL_RESTRICTED_STATE_CHANGED {0}
04-13 11:03:24.828 D/RILC    ( 1552): [UNSL]< UNSOL_RESTRICTED_STATE_CHANGED {0}
04-13 11:03:24.828 D/RILJ    ( 1678): [UNSL]< UNSOL_RESPONSE_NETWORK_STATE_CHANGED
04-13 11:03:24.828 D/RILJ    ( 1678): [UNSL]< UNSOL_RESPONSE_NETWORK_STATE_CHANGED
04-13 11:03:24.828 D/RILJ    ( 1678): < iccIO:  0x90 0x0 FFFFFFFFFFFFFFFFFFFFFFFFFFFF
04-13 11:03:24.828 D/RILJ    ( 1678): [0207]< SIM_IO IccIoResponse sw1:0x90 sw2:0x0
04-13 11:03:24.828 V/RILJ    ( 1678): [UNSL]< UNSOL_RESTRICTED_STATE_CHANGED {0}
04-13 11:03:24.828 V/RILJ    ( 1678): [UNSL]< UNSOL_RESTRICTED_STATE_CHANGED {0}
04-13 11:03:24.837 D/RILC    ( 1552): [0208]> SIM_IO (cmd=0xB0,efid=0x6F38,path=3F007F20,0,0,10,(null),pin2=(null))
04-13 11:03:24.837 D/RIL     ( 1552): onRequest: SIM_IO
04-13 11:03:24.837 D/AT      ( 1552): AT> AT+CRSM=176,28472,0,0,10
04-13 11:03:24.837 D/GSM     ( 1678): IMSI: 460010xxxxxxxxx
04-13 11:03:24.837 D/GSM     ( 1678): [IccCard] Broadcasting intent ACTION_SIM_STATE_CHANGED IMSI reason null
04-13 11:03:24.848 D/AT      ( 1552): AT< +CRSM: 144,0,"9EFFBFFDFF3EDC034001"
04-13 11:03:24.848 D/AT      ( 1552): AT< OK
04-13 11:03:24.848 D/RILC    ( 1552): [0208]< SIM_IO {sw1=0x90,sw2=0x0,9EFFBFFDFF3EDC034001}
04-13 11:03:24.858 D/RILJ    ( 1678): < iccIO:  0x90 0x0 9EFFBFFDFF3EDC034001
04-13 11:03:24.858 D/RILJ    ( 1678): [0208]< SIM_IO IccIoResponse sw1:0x90 sw2:0x0
04-13 11:03:24.867 D/GSM     ( 1678): [IccCard] Query facility lock : false
04-13 11:03:24.867 D/GSM     ( 1678): [IccCard] Query facility lock : false
04-13 11:03:24.867 D/GSM     ( 1678): Poll ServiceState done:  oldSS=[3 home null null null  Unknown CSS not supported -1 -1RoamInd: -1DefRoamInd: -1EmergOnly: false] newSS=[1 home null null null  Unknown CSS not supported -1 -1RoamInd: -1DefRoamInd: -1EmergOnly: false] oldGprs=0 newGprs=1 oldType=UMTS newType=UMTS
04-13 11:03:24.928 D/RILJ    ( 1678): [0209]> iccIO: SIM_IO 0xc0 0x6f17  path: 3F007F20,0,0,15
04-13 11:03:24.958 D/RILC    ( 1552): [0209]> SIM_IO (cmd=0xC0,efid=0x6F17,path=3F007F20,0,0,15,(null),pin2=(null))
04-13 11:03:24.958 D/RIL     ( 1552): onRequest: SIM_IO
04-13 11:03:24.958 D/AT      ( 1552): AT> AT+CRSM=192,28439,0,0,15
04-13 11:03:24.958 D/RILJ    ( 1678): [0210]> OPERATOR
04-13 11:03:24.968 D/AT      ( 1552): AT< +CRSM: 106,130
04-13 11:03:24.968 D/AT      ( 1552): AT< OK
04-13 11:03:24.968 D/RILC    ( 1552): [0209]< SIM_IO {sw1=0x6A,sw2=0x82,(null)}
04-13 11:03:24.968 D/RILJ    ( 1678): < iccIO:  0x6a 0x82 null
04-13 11:03:24.968 D/RILJ    ( 1678): [0209]< SIM_IO IccIoResponse sw1:0x6a sw2:0x82
04-13 11:03:24.988 D/RILC    ( 1552): [0210]> OPERATOR 
04-13 11:03:24.988 D/RIL     ( 1552): onRequest: OPERATOR
04-13 11:03:24.988 D/AT      ( 1552): AT> AT+COPS=3,0;+COPS?;+COPS=3,2;+COPS?
04-13 11:03:24.988 D/AT      ( 1552): AT< +COPS: 0,0,"CHINA UNICOM GSM",2
04-13 11:03:24.998 D/AT      ( 1552): AT< +COPS: 0,2,"46001",2
04-13 11:03:24.998 D/AT      ( 1552): AT< OK
04-13 11:03:24.998 D/RILC    ( 1552): [0210]< OPERATOR {CHINA UNICOM GSM,CHINA UNICOM GSM,46001}
04-13 11:03:24.998 D/RILJ    ( 1678): [0210]< OPERATOR {CHINA UNICOM GSM, CHINA UNICOM GSM, 46001}
04-13 11:03:24.998 D/RILJ    ( 1678): [0211]> GPRS_REGISTRATION_STATE
04-13 11:03:25.018 D/RILC    ( 1552): [0211]> GPRS_REGISTRATION_STATE 
04-13 11:03:25.018 D/RIL     ( 1552): onRequest: GPRS_REGISTRATION_STATE
04-13 11:03:25.018 D/AT      ( 1552): AT> AT+CGREG?
04-13 11:03:25.018 D/AT      ( 1552): AT< +CGREG: 2,2
04-13 11:03:25.018 D/AT      ( 1552): AT< OK
04-13 11:03:25.018 D/RILC    ( 1552): [0211]< GPRS_REGISTRATION_STATE {2,(null),(null)}
04-13 11:03:25.018 D/RILJ    ( 1678): [0212]> REGISTRATION_STATE
04-13 11:03:25.028 D/RILC    ( 1552): [0212]> REGISTRATION_STATE 
04-13 11:03:25.028 D/RIL     ( 1552): onRequest: REGISTRATION_STATE
04-13 11:03:25.028 D/AT      ( 1552): AT> AT+CREG?
04-13 11:03:25.028 D/AT      ( 1552): AT< +CREG: 1,1
04-13 11:03:25.028 D/AT      ( 1552): AT< OK
04-13 11:03:25.028 D/RILC    ( 1552): [0212]< REGISTRATION_STATE {1,(null),(null)}
04-13 11:03:25.028 D/RILJ    ( 1678): [0213]> QUERY_NETWORK_SELECTION_MODE
04-13 11:03:25.038 D/RILJ    ( 1678): [0211]< GPRS_REGISTRATION_STATE {2, null, null}
04-13 11:03:25.058 D/RILJ    ( 1678): [0212]< REGISTRATION_STATE {1, null, null}
04-13 11:03:25.058 D/RILC    ( 1552): [0213]> QUERY_NETWORK_SELECTION_MODE 
04-13 11:03:25.058 D/RIL     ( 1552): onRequest: QUERY_NETWORK_SELECTION_MODE
04-13 11:03:25.058 D/AT      ( 1552): AT> AT+COPS?
04-13 11:03:25.058 D/AT      ( 1552): AT< +COPS: 0,2,"46001",2
04-13 11:03:25.058 D/AT      ( 1552): AT< OK
04-13 11:03:25.058 D/RILC    ( 1552): [0213]< QUERY_NETWORK_SELECTION_MODE {0}
04-13 11:03:25.068 D/RILJ    ( 1678): [0214]> OPERATOR
04-13 11:03:25.158 D/RILJ    ( 1678): [0213]< QUERY_NETWORK_SELECTION_MODE {0}
04-13 11:03:25.158 D/RILC    ( 1552): [0214]> OPERATOR 
04-13 11:03:25.158 D/RIL     ( 1552): onRequest: OPERATOR
04-13 11:03:25.158 D/AT      ( 1552): AT> AT+COPS=3,0;+COPS?;+COPS=3,2;+COPS?
04-13 11:03:25.158 D/AT      ( 1552): AT< +COPS: 0,0,"CHINA UNICOM GSM",2
04-13 11:03:25.158 D/AT      ( 1552): AT< +COPS: 0,2,"46001",2
04-13 11:03:25.158 D/AT      ( 1552): AT< OK
04-13 11:03:25.158 D/RILC    ( 1552): [0214]< OPERATOR {CHINA UNICOM GSM,CHINA UNICOM GSM,46001}
04-13 11:03:25.168 D/RILJ    ( 1678): [0214]< OPERATOR {CHINA UNICOM GSM, CHINA UNICOM GSM, 46001}
04-13 11:03:25.168 D/RILJ    ( 1678): [0215]> GPRS_REGISTRATION_STATE
04-13 11:03:25.178 D/RILC    ( 1552): [0215]> GPRS_REGISTRATION_STATE 
04-13 11:03:25.178 D/RIL     ( 1552): onRequest: GPRS_REGISTRATION_STATE
04-13 11:03:25.178 D/AT      ( 1552): AT> AT+CGREG?
04-13 11:03:25.178 D/AT      ( 1552): AT< +CGREG: 2,2
04-13 11:03:25.178 D/AT      ( 1552): AT< OK
04-13 11:03:25.178 D/RILC    ( 1552): [0215]< GPRS_REGISTRATION_STATE {2,(null),(null)}
04-13 11:03:25.178 D/RILJ    ( 1678): [0215]< GPRS_REGISTRATION_STATE {2, null, null}
04-13 11:03:25.188 D/RILJ    ( 1678): [0216]> REGISTRATION_STATE
04-13 11:03:25.188 D/RILC    ( 1552): [0216]> REGISTRATION_STATE 
04-13 11:03:25.188 D/RIL     ( 1552): onRequest: REGISTRATION_STATE
04-13 11:03:25.188 D/AT      ( 1552): AT> AT+CREG?
04-13 11:03:25.197 D/AT      ( 1552): AT< +CREG: 1,1
04-13 11:03:25.197 D/AT      ( 1552): AT< OK
04-13 11:03:25.197 D/RILC    ( 1552): [0216]< REGISTRATION_STATE {1,(null),(null)}
04-13 11:03:25.197 D/RILJ    ( 1678): [0217]> QUERY_NETWORK_SELECTION_MODE
04-13 11:03:25.197 D/RILJ    ( 1678): [0216]< REGISTRATION_STATE {1, null, null}
04-13 11:03:25.208 D/RILC    ( 1552): [0217]> QUERY_NETWORK_SELECTION_MODE 
04-13 11:03:25.208 D/RIL     ( 1552): onRequest: QUERY_NETWORK_SELECTION_MODE
04-13 11:03:25.208 D/AT      ( 1552): AT> AT+COPS?
04-13 11:03:25.208 D/AT      ( 1552): AT< +COPS: 0,2,"46001",2
04-13 11:03:25.208 D/AT      ( 1552): AT< OK
04-13 11:03:25.208 D/RILC    ( 1552): [0217]< QUERY_NETWORK_SELECTION_MODE {0}
04-13 11:03:25.218 D/GSM     ( 1678): [DSAC DEB] EVENT_RESTRICTED_STATE_CHANGED
04-13 11:03:25.218 D/GSM     ( 1678): [DSAC DEB] onRestrictedStateChanged
04-13 11:03:25.218 D/GSM     ( 1678): [DSAC DEB] current rs at enter Restricted State CS: all PS:false
04-13 11:03:25.218 D/GSM     ( 1678): [DSAC DEB] new rs Restricted State CS: none PS:false
04-13 11:03:25.218 D/GSM     ( 1678): [DSAC DEB] create notification 1004
04-13 11:03:25.218 D/RILJ    ( 1678): [0217]< QUERY_NETWORK_SELECTION_MODE {0}
04-13 11:03:25.238 D/GSM     ( 1678): [DSAC DEB] put notification Restricted access changed / 
04-13 11:03:25.258 D/GSM     ( 1678): [DSAC DEB] current rs at return Restricted State CS: none PS:false
04-13 11:03:25.278 D/GSM     ( 1678): [DSAC DEB] EVENT_RESTRICTED_STATE_CHANGED
04-13 11:03:25.278 D/GSM     ( 1678): [DSAC DEB] onRestrictedStateChanged
04-13 11:03:25.288 D/GSM     ( 1678): [DSAC DEB] current rs at enter Restricted State CS: none PS:false
04-13 11:03:25.288 D/GSM     ( 1678): [DSAC DEB] new rs Restricted State CS: none PS:false
04-13 11:03:25.298 D/GSM     ( 1678): [DSAC DEB] current rs at return Restricted State CS: none PS:false
04-13 11:03:25.318 D/GSM     ( 1678): GSMDataConnTrack handleMessage { what=19 when=179888 obj=android.os.AsyncResult@43cfed80 }
04-13 11:03:25.328 D/GSM     ( 1678): [DataConnection] Stop poll NetStat
04-13 11:03:25.358 D/GSM     ( 1678): iccid: 89860110300102589969
04-13 11:03:25.358 D/GSM     ( 1678): EF_AD: 00000002
04-13 11:03:25.618 D/GSM     ( 1678): [SIMRecords] Load EF_SPN:  spnDisplayCondition: 0
04-13 11:03:25.618 D/GSM     ( 1678): Poll ServiceState done:  oldSS=[1 home null null null  Unknown CSS not supported -1 -1RoamInd: -1DefRoamInd: -1EmergOnly: false] newSS=[0 home CHINA UNICOM GSM CHINA UNICOM GSM 46001  Unknown CSS not supported -1 -1RoamInd: -1DefRoamInd: -1EmergOnly: false] oldGprs=1 newGprs=1 oldType=UMTS newType=UMTS
04-13 11:03:25.688 D/GSM     ( 1678): MSISDN: 
04-13 11:03:25.728 D/GSM     ( 1678): Invalid or missing EF[MAILBOX]
04-13 11:03:25.738 D/GSM     ( 1678): SIMRecords: record load complete
04-13 11:03:25.738 D/GSM     ( 1678): [IccCard] Broadcasting intent ACTION_SIM_STATE_CHANGED LOADED reason null
04-13 11:03:25.768 D/GSM     ( 1678): GSMDataConnTrack handleMessage { what=4 when=180697 obj=android.os.AsyncResult@43c1a4b0 }
04-13 11:03:25.888 D/GSM     ( 1678): Get PreferredAPN
04-13 11:03:25.998 D/GSM     ( 1678): GSMDataConnTrack handleMessage { what=5 when=180844 obj=simLoaded }
04-13 11:03:26.008 D/GSM     ( 1678): [GsmDataConnectionTracker] ***trySetupData due to simLoaded
04-13 11:03:26.008 D/GSM     ( 1678): [DSAC DEB] trySetupData with mIsPsRestricted=false
04-13 11:03:26.008 D/GSM     ( 1678): [GsmDataConnectionTracker] trySetupData: Not ready for data:  dataState=IDLE gprsState=1 sim=true UMTS=true phoneState=IDLE isDataAllowed=true dataEnabled=true roaming=false dataOnRoamingEnable=false ps restricted=false desiredPowerState=true MasterDataEnabled=true
04-13 11:03:28.908 D/RILJ    ( 1678): [0218]> SCREEN_STATE: false
04-13 11:03:28.918 D/RILC    ( 1552): [0218]> SCREEN_STATE (0)
04-13 11:03:28.918 D/RIL     ( 1552): onRequest: SCREEN_STATE
04-13 11:03:28.918 D/RILC    ( 1552): [0218]< SCREEN_STATE
04-13 11:03:28.918 D/RILJ    ( 1678): [0218]< SCREEN_STATE 
04-13 11:03:28.958 D/GSM     ( 1678): [DataConnection] Stop poll NetStat
04-13 11:03:32.038 D/RILJ    ( 1678): [0219]> SCREEN_STATE: true
04-13 11:03:32.078 D/RILC    ( 1552): [0219]> SCREEN_STATE (1)
04-13 11:03:32.078 D/RIL     ( 1552): onRequest: SCREEN_STATE
04-13 11:03:32.078 D/RILC    ( 1552): [0219]< SCREEN_STATE
04-13 11:03:32.078 D/RILJ    ( 1678): [0219]< SCREEN_STATE 
04-13 11:03:32.148 D/GSM     ( 1678): [DataConnection] Stop poll NetStat
04-13 11:03:35.678 D/RILJ    ( 1678): [0220]> SCREEN_STATE: false
04-13 11:03:35.688 D/RILC    ( 1552): [0220]> SCREEN_STATE (0)
04-13 11:03:35.688 D/RIL     ( 1552): onRequest: SCREEN_STATE
04-13 11:03:35.688 D/RILC    ( 1552): [0220]< SCREEN_STATE
04-13 11:03:35.688 D/RILJ    ( 1678): [0220]< SCREEN_STATE 
04-13 11:03:35.718 D/GSM     ( 1678): [DataConnection] Stop poll NetStat
04-13 11:03:37.568 D/RILJ    ( 1678): [0221]> SCREEN_STATE: true
04-13 11:03:37.588 D/RILC    ( 1552): [0221]> SCREEN_STATE (1)
04-13 11:03:37.588 D/RIL     ( 1552): onRequest: SCREEN_STATE
04-13 11:03:37.588 D/RILC    ( 1552): [0221]< SCREEN_STATE
04-13 11:03:37.588 D/RILJ    ( 1678): [0221]< SCREEN_STATE 
04-13 11:03:37.648 D/GSM     ( 1678): [DataConnection] Stop poll NetStat
04-13 11:03:44.059 D/RILJ    ( 1678): [0222]> SIGNAL_STRENGTH
04-13 11:03:44.068 D/RILC    ( 1552): [0222]> SIGNAL_STRENGTH 
04-13 11:03:44.068 D/RIL     ( 1552): onRequest: SIGNAL_STRENGTH
04-13 11:03:44.068 D/AT      ( 1552): AT> AT+CSQ
04-13 11:03:44.068 D/AT      ( 1552): AT< +CSQ: 29,99
04-13 11:03:44.068 D/AT      ( 1552): AT< OK
04-13 11:03:44.068 D/RILC    ( 1552): [0222]< SIGNAL_STRENGTH {[ 29 99]}
04-13 11:03:44.068 D/RILJ    ( 1678): [0222]< SIGNAL_STRENGTH {29, 99, 0, 0, 0, 0, 0}
04-13 11:03:59.148 D/GSM     ( 1678): Data shutdown complete.
