04-13 11:01:38.698 D/RILJ    ( 1678): [0059]> iccIO: SIM_IO 0xb2 0x6f40  path: 3F007F10,1,4,28
04-13 11:01:38.728 D/AT      ( 1552): AT< +CRSM: 144,0,"98681001031020859996"
04-13 11:01:38.728 D/AT      ( 1552): AT< OK
04-13 11:01:38.728 D/RILC    ( 1552): [0058]< SIM_IO {sw1=0x90,sw2=0x0,98681001031020859996}
04-13 11:01:38.728 D/RILJ    ( 1678): < iccIO:  0x90 0x0 98681001031020859996
04-13 11:01:38.728 D/RILJ    ( 1678): [0058]< SIM_IO IccIoResponse sw1:0x90 sw2:0x0
04-13 11:01:38.758 D/RILC    ( 1552): [0059]> SIM_IO (cmd=0xB2,efid=0x6F40,path=3F007F10,1,4,28,(null),pin2=(null))
04-13 11:01:38.758 D/RIL     ( 1552): onRequest: SIM_IO
04-13 11:01:38.758 D/AT      ( 1552): AT> AT+CRSM=178,28480,1,4,28
04-13 11:01:38.787 D/AT      ( 1552): AT< +CRSM: 144,0,"FFFFFFFFFFFFFFFFFFFFFFFFFFFFFFFFFFFFFFFFFFFFFFFFFFFFFFFF"
04-13 11:01:38.787 D/AT      ( 1552): AT< OK
04-13 11:01:38.787 D/RILC    ( 1552): [0059]< SIM_IO {sw1=0x90,sw2=0x0,FFFFFFFFFFFFFFFFFFFFFFFFFFFFFFFFFFFFFFFFFFFFFFFFFFFFFFFF}
04-13 11:01:38.787 D/RILJ    ( 1678): < iccIO:  0x90 0x0 FFFFFFFFFFFFFFFFFFFFFFFFFFFFFFFFFFFFFFFFFFFFFFFFFFFFFFFF
04-13 11:01:38.787 D/RILJ    ( 1678): [0059]< SIM_IO IccIoResponse sw1:0x90 sw2:0x0
04-13 11:01:39.038 D/RILJ    ( 1678): [0060]> iccIO: SIM_IO 0xb0 0x6fad  path: 3F007F20,0,0,4
04-13 11:01:39.058 D/RILC    ( 1552): [0060]> SIM_IO (cmd=0xB0,efid=0x6FAD,path=3F007F20,0,0,4,(null),pin2=(null))
04-13 11:01:39.058 D/RIL     ( 1552): onRequest: SIM_IO
04-13 11:01:39.058 D/AT      ( 1552): AT> AT+CRSM=176,28589,0,0,4
04-13 11:01:39.058 D/RILJ    ( 1678): [0061]> iccIO: SIM_IO 0xb0 0x6f46  path: 3F007F20,0,0,17
04-13 11:01:39.068 D/AT      ( 1552): AT< +CRSM: 144,0,"00000002"
04-13 11:01:39.068 D/AT      ( 1552): AT< OK
04-13 11:01:39.068 D/RILC    ( 1552): [0060]< SIM_IO {sw1=0x90,sw2=0x0,00000002}
04-13 11:01:39.068 D/RILJ    ( 1678): < iccIO:  0x90 0x0 00000002
04-13 11:01:39.068 D/RILJ    ( 1678): [0060]< SIM_IO IccIoResponse sw1:0x90 sw2:0x0
04-13 11:01:39.088 D/RILC    ( 1552): [0061]> SIM_IO (cmd=0xB0,efid=0x6F46,path=3F007F20,0,0,17,(null),pin2=(null))
04-13 11:01:39.088 D/RIL     ( 1552): onRequest: SIM_IO
04-13 11:01:39.088 D/AT      ( 1552): AT> AT+CRSM=176,28486,0,0,17
04-13 11:01:39.088 D/RILJ    ( 1678): [0062]> iccIO: SIM_IO 0xb0 0x6fcd  path: 3F007F20,0,0,34
04-13 11:01:39.118 D/AT      ( 1552): AT< +CRSM: 144,0,"00FFFFFFFFFFFFFFFFFFFFFFFFFFFFFFFF"
04-13 11:01:39.118 D/AT      ( 1552): AT< OK
04-13 11:01:39.118 D/RILC    ( 1552): [0061]< SIM_IO {sw1=0x90,sw2=0x0,00FFFFFFFFFFFFFFFFFFFFFFFFFFFFFFFF}
04-13 11:01:39.118 D/RILJ    ( 1678): < iccIO:  0x90 0x0 00FFFFFFFFFFFFFFFFFFFFFFFFFFFFFFFF
04-13 11:01:39.118 D/RILJ    ( 1678): [0061]< SIM_IO IccIoResponse sw1:0x90 sw2:0x0
04-13 11:01:39.157 D/RILJ    ( 1678): [0063]> iccIO: SIM_IO 0xb2 0x6fc5  path: 3F007F20,1,4,14
04-13 11:01:39.157 D/RILC    ( 1552): [0062]> SIM_IO (cmd=0xB0,efid=0x6FCD,path=3F007F20,0,0,34,(null),pin2=(null))
04-13 11:01:39.157 D/RIL     ( 1552): onRequest: SIM_IO
04-13 11:01:39.157 D/AT      ( 1552): AT> AT+CRSM=176,28621,0,0,34
04-13 11:01:39.168 D/RILJ    ( 1678): [0064]> iccIO: SIM_IO 0xb0 0x6f38  path: 3F007F20,0,0,10
04-13 11:01:39.178 D/GSM     ( 1678): IMSI: 460010xxxxxxxxx
04-13 11:01:39.178 D/AT      ( 1552): AT< +CRSM: 144,0,"FFFFFFFFFFFFFFFFFFFFFFFFFFFFFFFFFFFFFFFFFFFFFFFFFFFFFFFFFFFFFFFFFFFF"
04-13 11:01:39.178 D/AT      ( 1552): AT< OK
04-13 11:01:39.178 D/RILC    ( 1552): [0062]< SIM_IO {sw1=0x90,sw2=0x0,FFFFFFFFFFFFFFFFFFFFFFFFFFFFFFFFFFFFFFFFFFFFFFFFFFFFFFFFFFFFFFFFFFFF}
04-13 11:01:39.178 D/RILJ    ( 1678): < iccIO:  0x90 0x0 FFFFFFFFFFFFFFFFFFFFFFFFFFFFFFFFFFFFFFFFFFFFFFFFFFFFFFFFFFFFFFFFFFFF
04-13 11:01:39.178 D/RILJ    ( 1678): [0062]< SIM_IO IccIoResponse sw1:0x90 sw2:0x0
04-13 11:01:39.178 D/RILC    ( 1552): [0063]> SIM_IO (cmd=0xB2,efid=0x6FC5,path=3F007F20,1,4,14,(null),pin2=(null))
04-13 11:01:39.178 D/RIL     ( 1552): onRequest: SIM_IO
04-13 11:01:39.178 D/AT      ( 1552): AT> AT+CRSM=178,28613,1,4,14
04-13 11:01:39.198 D/AT      ( 1552): AT< +CRSM: 144,0,"FFFFFFFFFFFFFFFFFFFFFFFFFFFF"
04-13 11:01:39.198 D/AT      ( 1552): AT< OK
04-13 11:01:39.198 D/RILC    ( 1552): [0063]< SIM_IO {sw1=0x90,sw2=0x0,FFFFFFFFFFFFFFFFFFFFFFFFFFFF}
04-13 11:01:39.198 D/RILC    ( 1552): [0064]> SIM_IO (cmd=0xB0,efid=0x6F38,path=3F007F20,0,0,10,(null),pin2=(null))
04-13 11:01:39.198 D/RIL     ( 1552): onRequest: SIM_IO
04-13 11:01:39.198 D/AT      ( 1552): AT> AT+CRSM=176,28472,0,0,10
04-13 11:01:39.198 D/RILJ    ( 1678): < iccIO:  0x90 0x0 FFFFFFFFFFFFFFFFFFFFFFFFFFFF
04-13 11:01:39.198 D/RILJ    ( 1678): [0063]< SIM_IO IccIoResponse sw1:0x90 sw2:0x0
04-13 11:01:39.207 D/GSM     ( 1678): [IccCard] Broadcasting intent ACTION_SIM_STATE_CHANGED IMSI reason null
04-13 11:01:39.207 D/AT      ( 1552): AT< +CRSM: 144,0,"9EFFBFFDFF3EDC034001"
04-13 11:01:39.207 D/AT      ( 1552): AT< OK
04-13 11:01:39.207 D/RILC    ( 1552): [0064]< SIM_IO {sw1=0x90,sw2=0x0,9EFFBFFDFF3EDC034001}
04-13 11:01:39.207 D/RILJ    ( 1678): < iccIO:  0x90 0x0 9EFFBFFDFF3EDC034001
04-13 11:01:39.207 D/RILJ    ( 1678): [0064]< SIM_IO IccIoResponse sw1:0x90 sw2:0x0
04-13 11:01:39.248 D/GSM     ( 1678): [IccCard] Query facility lock : false
04-13 11:01:39.248 D/GSM     ( 1678): [IccCard] Query facility lock : false
04-13 11:01:39.248 D/STK     ( 1678): StkService: ril message arrived
04-13 11:01:39.248 D/RILJ    ( 1678): [0065]> OPERATOR
04-13 11:01:39.258 D/RILC    ( 1552): [0065]> OPERATOR 
04-13 11:01:39.258 D/RIL     ( 1552): onRequest: OPERATOR
04-13 11:01:39.258 D/AT      ( 1552): AT> AT+COPS=3,0;+COPS?;+COPS=3,2;+COPS?
04-13 11:01:39.258 D/AT      ( 1552): AT< +COPS: 0,0,"CHINA UNICOM GSM",2
04-13 11:01:39.258 D/AT      ( 1552): AT< +COPS: 0,2,"46001",2
04-13 11:01:39.258 D/AT      ( 1552): AT< OK
04-13 11:01:39.258 D/RILC    ( 1552): [0065]< OPERATOR {CHINA UNICOM GSM,CHINA UNICOM GSM,46001}
04-13 11:01:39.258 D/RILJ    ( 1678): [0065]< OPERATOR {CHINA UNICOM GSM, CHINA UNICOM GSM, 46001}
04-13 11:01:39.328 D/RILJ    ( 1678): [0066]> GPRS_REGISTRATION_STATE
04-13 11:01:39.338 D/RILC    ( 1552): [0066]> GPRS_REGISTRATION_STATE 
04-13 11:01:39.338 D/RIL     ( 1552): onRequest: GPRS_REGISTRATION_STATE
04-13 11:01:39.338 D/AT      ( 1552): AT> AT+CGREG?
04-13 11:01:39.338 D/AT      ( 1552): AT< +CGREG: 2,1,"A014","002487A1",2,"14"
04-13 11:01:39.338 D/AT      ( 1552): AT< OK
04-13 11:01:39.338 D/RILC    ( 1552): [0066]< GPRS_REGISTRATION_STATE {1,a014,2487a1,3}
04-13 11:01:39.348 D/RILJ    ( 1678): [0066]< GPRS_REGISTRATION_STATE {1, a014, 2487a1, 3}
04-13 11:01:39.348 D/RILJ    ( 1678): [0067]> REGISTRATION_STATE
04-13 11:01:39.358 D/RILC    ( 1552): [0067]> REGISTRATION_STATE 
04-13 11:01:39.358 D/RIL     ( 1552): onRequest: REGISTRATION_STATE
04-13 11:01:39.358 D/AT      ( 1552): AT> AT+CREG?
04-13 11:01:39.358 D/AT      ( 1552): AT< +CREG: 2,1,"A014","002487A1",2
04-13 11:01:39.358 D/AT      ( 1552): AT< OK
04-13 11:01:39.358 D/RILC    ( 1552): [0067]< REGISTRATION_STATE {1,a014,2487a1,3}
04-13 11:01:39.358 D/RILJ    ( 1678): [0067]< REGISTRATION_STATE {1, a014, 2487a1, 3}
04-13 11:01:39.378 D/RILJ    ( 1678): [0068]> QUERY_NETWORK_SELECTION_MODE
04-13 11:01:39.398 D/RILC    ( 1552): [0068]> QUERY_NETWORK_SELECTION_MODE 
04-13 11:01:39.398 D/RIL     ( 1552): onRequest: QUERY_NETWORK_SELECTION_MODE
04-13 11:01:39.398 D/AT      ( 1552): AT> AT+COPS?
04-13 11:01:39.398 D/AT      ( 1552): AT< +COPS: 0,2,"46001",2
04-13 11:01:39.398 D/AT      ( 1552): AT< OK
04-13 11:01:39.398 D/RILC    ( 1552): [0068]< QUERY_NETWORK_SELECTION_MODE {0}
04-13 11:01:39.398 D/RILJ    ( 1678): [0068]< QUERY_NETWORK_SELECTION_MODE {0}
04-13 11:01:39.408 D/GSM     ( 1678): [DSAC DEB] EVENT_RESTRICTED_STATE_CHANGED
04-13 11:01:39.408 D/GSM     ( 1678): [DSAC DEB] onRestrictedStateChanged
04-13 11:01:39.408 D/GSM     ( 1678): [DSAC DEB] current rs at enter Restricted State CS: none PS:false
04-13 11:01:39.408 D/GSM     ( 1678): [DSAC DEB] new rs Restricted State CS: none PS:false
04-13 11:01:39.408 D/GSM     ( 1678): [DSAC DEB] current rs at return Restricted State CS: none PS:false
04-13 11:01:39.408 D/STK     ( 1678): StkService: ril message arrived
04-13 11:01:39.418 D/STK     ( 1678): CommandParamsFactory: process DisplayText
04-13 11:01:39.418 D/STK     ( 1678): StkService: Return current sInstance
04-13 11:01:39.458 D/STK     ( 1678): StkAppService: SET_UP_MENU
04-13 11:01:39.458 D/STK     ( 1678): StkAppService: Install App
04-13 11:01:39.528 D/RILJ    ( 1678): [0069]> iccIO: SIM_IO 0xc0 0x6f17  path: 3F007F20,0,0,15
04-13 11:01:39.548 D/RILC    ( 1552): [0069]> SIM_IO (cmd=0xC0,efid=0x6F17,path=3F007F20,0,0,15,(null),pin2=(null))
04-13 11:01:39.548 D/RIL     ( 1552): onRequest: SIM_IO
04-13 11:01:39.548 D/AT      ( 1552): AT> AT+CRSM=192,28439,0,0,15
04-13 11:01:39.558 D/AT      ( 1552): AT< +CRSM: 106,130
04-13 11:01:39.558 D/AT      ( 1552): AT< OK
04-13 11:01:39.558 D/RILC    ( 1552): [0069]< SIM_IO {sw1=0x6A,sw2=0x82,(null)}
04-13 11:01:39.558 D/RILJ    ( 1678): < iccIO:  0x6a 0x82 null
04-13 11:01:39.558 D/RILJ    ( 1678): [0069]< SIM_IO IccIoResponse sw1:0x6a sw2:0x82
04-13 11:01:39.628 D/STK     ( 1678): StkService: SESSION END
04-13 11:01:40.188 E/GSM     ( 1678): Wrong network type: 0
04-13 11:01:40.188 D/GSM     ( 1678): Poll ServiceState done:  oldSS=[3 home null null null  Unknown CSS not supported -1 -1RoamInd: -1DefRoamInd: -1EmergOnly: false] newSS=[0 home CHINA UNICOM GSM CHINA UNICOM GSM 46001  UMTS CSS not supported -1 -1RoamInd: -1DefRoamInd: -1EmergOnly: false] oldGprs=1 newGprs=0 oldType=unknown newType=UMTS
04-13 11:01:40.188 E/GSM     ( 1678): Wrong network type: 0
04-13 11:01:40.188 D/GSM     ( 1678): RAT switched unknown -> UMTS at cell 2394017
04-13 11:01:40.368 D/STK     ( 1678): StkService: DISPLAY_TEXT
04-13 11:01:40.378 D/GSM     ( 1678): iccid: 89860110300102589969
04-13 11:01:40.388 D/GSM     ( 1678): EF_AD: 00000002
04-13 11:01:40.678 D/GSM     ( 1678): [SIMRecords] Load EF_SPN:  spnDisplayCondition: 0
04-13 11:01:40.758 D/GSM     ( 1678): GSMDataConnTrack handleMessage { what=26 when=75282 obj=android.os.AsyncResult@43ca0ae0 }
04-13 11:01:40.768 D/GSM     ( 1678): [GsmDataConnectionTracker] ***trySetupData due to gprsAttached
04-13 11:01:40.768 D/GSM     ( 1678): [DSAC DEB] trySetupData with mIsPsRestricted=false
04-13 11:01:40.878 D/GSM     ( 1678): [GsmDataConnectionTracker] trySetupData: Not ready for data:  dataState=IDLE gprsState=0 sim=false UMTS=true phoneState=IDLE isDataAllowed=true dataEnabled=true roaming=false dataOnRoamingEnable=false ps restricted=false desiredPowerState=true MasterDataEnabled=true
04-13 11:01:40.878 D/GSM     ( 1678): MSISDN: 
04-13 11:01:40.888 D/GSM     ( 1678): Invalid or missing EF[MAILBOX]
04-13 11:01:40.888 D/GSM     ( 1678): SIMRecords: record load complete
04-13 11:01:40.908 D/GSM     ( 1678): [IccCard] Broadcasting intent ACTION_SIM_STATE_CHANGED LOADED reason null
04-13 11:01:41.168 D/GSM     ( 1678): GSMDataConnTrack handleMessage { what=4 when=75863 obj=android.os.AsyncResult@43ca7c00 }
04-13 11:01:41.528 D/GSM     ( 1678): Get PreferredAPN
04-13 11:01:44.148 D/GSM     ( 1678): GSMDataConnTrack handleMessage { what=5 when=76522 obj=simLoaded }
04-13 11:01:44.178 D/GSM     ( 1678): [GsmDataConnectionTracker] ***trySetupData due to simLoaded
04-13 11:01:44.178 D/GSM     ( 1678): [DSAC DEB] trySetupData with mIsPsRestricted=false
04-13 11:01:44.178 I/GSM     ( 1678): Preferred APN:46001:46001:Unicom3G, 25, 46001, uninet, , null, null, null, , -1, *
04-13 11:01:44.198 I/GSM     ( 1678): Waiting APN set to preferred APN
04-13 11:01:44.198 D/GSM     ( 1678): [GsmDataConnectionTracker] Create from allApns : [Unicom3G, 25, 46001, uninet, , null, null, null, , -1, *][CUGSM, 35, 46001, 3gwap, 10.0.0.172, , null, null, 80, -1, default][CUGSM.mms, 36, 46001, 3gwap, , http://mmsc.myuni.com.cn, 10.0.0.172, 80, , -1, mms]
04-13 11:01:44.208 D/GSM     ( 1678): [GsmDataConnectionTracker] Setup waitngApns : [Unicom3G, 25, 46001, uninet, , null, null, null, , -1, *]
04-13 11:01:44.228 D/GSM     ( 1678): [GsmDataConnection-1] DcInactiveState msg.what=EVENT_CONNECT
04-13 11:01:44.228 D/GSM     ( 1678): [GsmDataConnection-1] Connecting to carrier: 'Unicom3G' APN: 'uninet' proxy: '' port: '
04-13 11:01:44.228 D/RILJ    ( 1678): [0070]> SETUP_DATA_CALL 1 0 uninet   3
04-13 11:01:44.228 D/GSM     ( 1678): [GsmDataConnectionTracker] setState: INITING
04-13 11:01:44.238 D/RILC    ( 1552): [0070]> SETUP_DATA_CALL (1,0,uninet,,,3)
04-13 11:01:44.238 D/RIL     ( 1552): onRequest: SETUP_DATA_CALL
04-13 11:01:44.238 D/RIL     ( 1552): ifconfig: addr: pdp_ip0
04-13 11:01:44.358 D/RIL     ( 1552): ifconfig: addr: pdp_ip0
04-13 11:01:44.358 D/AT      ( 1552): AT> ATE0
04-13 11:01:44.358 D/AT      ( 1552): AT< OK
04-13 11:01:44.358 D/AT      ( 1552): AT> AT+CGDCONT=1,"IP","uninet"
04-13 11:01:44.368 D/AT      ( 1552): AT< OK
04-13 11:01:44.368 D/AT      ( 1552): AT> AT*IPRIC=1,0
04-13 11:01:44.368 D/AT      ( 1552): AT< OK
04-13 11:01:44.378 D/AT      ( 1552): AT> AT*IPDNS=1,1
04-13 11:01:44.388 D/AT      ( 1552): AT< OK
04-13 11:01:44.388 D/AT      ( 1552): AT> AT*IPACT=1,1
04-13 11:01:47.170 D/AT      ( 1552): AT< OK
04-13 11:01:47.170 D/AT      ( 1552): AT< +CREG: 1,"A014","002487A1",4
04-13 11:01:47.170 D/RIL     ( 1552): restrictionState updated: 0
04-13 11:01:47.170 D/RILC    ( 1552): [UNSL]< UNSOL_RESPONSE_NETWORK_STATE_CHANGED 
04-13 11:01:47.170 D/AT      ( 1552): AT> AT*IPCONFIG?
04-13 11:01:47.170 D/RILJ    ( 1678): [UNSL]< UNSOL_RESPONSE_NETWORK_STATE_CHANGED
04-13 11:01:47.170 D/RILJ    ( 1678): [0071]> OPERATOR
04-13 11:01:47.170 D/AT      ( 1552): AT< *IPCONFIG: 1,"172.16.67.235","202.106.195.68","202.106.46.151","",""
04-13 11:01:47.170 D/AT      ( 1552): AT< OK
04-13 11:01:47.170 D/RIL     ( 1552): IP address got:172.16.67.235
04-13 11:01:47.178 D/RILJ    ( 1678): [0072]> GPRS_REGISTRATION_STATE
04-13 11:01:47.178 D/RILJ    ( 1678): [0073]> REGISTRATION_STATE
04-13 11:01:47.188 D/RIL     ( 1552): ifconfig: addr: pdp_ip0
04-13 11:01:47.188 D/RIL     ( 1552): ifconfig: addr: pdp_ip0
04-13 11:01:47.188 D/RIL     ( 1552): pdp_ip0: ip 172.16.67.235 mask 255.255.255.255 flags [
04-13 11:01:47.188 D/RIL     ( 1552): up point-to-point running]
04-13 11:01:47.188 D/RIL     ( 1552): route add default dev pdp_ip0
04-13 11:01:47.188 D/RIL     ( 1552): route, settings applied successfully
04-13 11:01:47.188 D/RILC    ( 1552): [0070]< SETUP_DATA_CALL {1,pdp_ip0,172.16.67.235}
04-13 11:01:47.198 D/RILJ    ( 1678): [0074]> QUERY_NETWORK_SELECTION_MODE
04-13 11:01:47.208 D/RILC    ( 1552): [0071]> OPERATOR 
04-13 11:01:47.208 D/RIL     ( 1552): onRequest: OPERATOR
04-13 11:01:47.208 D/AT      ( 1552): AT> AT+COPS=3,0;+COPS?;+COPS=3,2;+COPS?
04-13 11:01:47.208 D/RILJ    ( 1678): [0070]< SETUP_DATA_CALL {1, pdp_ip0, 172.16.67.235}
04-13 11:01:47.208 D/GSM     ( 1678): [GsmDataConnection-1] DcActivatingState msg.what=EVENT_SETUP_DATA_CONNECTION_DONE
04-13 11:01:47.208 D/GSM     ( 1678): [GsmDataConnection-1] interface=pdp_ip0 ipAddress=172.16.67.235 gateway= DNS1= DNS2=
04-13 11:01:47.208 D/GSM     ( 1678): [GsmDataConnection-1] DataConnection setup result='SUCCESS' on cid=1
04-13 11:01:47.208 D/GSM     ( 1678): [GsmDataConnection-1] DcInactiveState: setEnterNoticationParams cp,cause
04-13 11:01:47.208 D/GSM     ( 1678): [GsmDataConnection-1] DcActiveState: enter notifyConnectCompleted
04-13 11:01:47.208 D/GSM     ( 1678): [GsmDataConnection-1] notifyConnection at 1302692507213 cause=No Error
04-13 11:01:47.219 D/AT      ( 1552): AT< +COPS: 0,0,"CHINA UNICOM GSM",4
04-13 11:01:47.219 D/AT      ( 1552): AT< +COPS: 0,2,"46001",4
04-13 11:01:47.219 D/AT      ( 1552): AT< OK
04-13 11:01:47.219 D/RILC    ( 1552): [0071]< OPERATOR {CHINA UNICOM GSM,CHINA UNICOM GSM,46001}
04-13 11:01:47.219 D/RILC    ( 1552): [0072]> GPRS_REGISTRATION_STATE 
04-13 11:01:47.219 D/RIL     ( 1552): onRequest: GPRS_REGISTRATION_STATE
04-13 11:01:47.219 D/AT      ( 1552): AT> AT+CGREG?
04-13 11:01:47.219 D/RILJ    ( 1678): [0071]< OPERATOR {CHINA UNICOM GSM, CHINA UNICOM GSM, 46001}
04-13 11:01:47.228 D/AT      ( 1552): AT< +CGREG: 2,1,"A014","002487A1",4,"14"
04-13 11:01:47.228 D/AT      ( 1552): AT< OK
04-13 11:01:47.228 D/RILC    ( 1552): [0072]< GPRS_REGISTRATION_STATE {1,a014,2487a1,9}
04-13 11:01:47.228 D/RILC    ( 1552): [0073]> REGISTRATION_STATE 
04-13 11:01:47.228 D/RIL     ( 1552): onRequest: REGISTRATION_STATE
04-13 11:01:47.228 D/AT      ( 1552): AT> AT+CREG?
04-13 11:01:47.238 D/AT      ( 1552): AT< +CREG: 2,1,"A014","002487A1",4
04-13 11:01:47.238 D/AT      ( 1552): AT< OK
04-13 11:01:47.238 D/RILC    ( 1552): [0073]< REGISTRATION_STATE {1,a014,2487a1,9}
04-13 11:01:47.238 D/RILC    ( 1552): [0074]> QUERY_NETWORK_SELECTION_MODE 
04-13 11:01:47.238 D/RIL     ( 1552): onRequest: QUERY_NETWORK_SELECTION_MODE
04-13 11:01:47.238 D/AT      ( 1552): AT> AT+COPS?
04-13 11:01:47.249 D/AT      ( 1552): AT< +COPS: 0,2,"46001",4
04-13 11:01:47.258 D/AT      ( 1552): AT< OK
04-13 11:01:47.268 D/RILJ    ( 1678): [0072]< GPRS_REGISTRATION_STATE {1, a014, 2487a1, 9}
04-13 11:01:47.268 D/RILJ    ( 1678): [0073]< REGISTRATION_STATE {1, a014, 2487a1, 9}
04-13 11:01:47.268 D/GSM     ( 1678): GSMDataConnTrack handleMessage { what=1 when=82165 arg1=1 obj=android.os.AsyncResult@43cb9ba8 }
04-13 11:01:47.268 D/GSM     ( 1678): [GsmDataConnectionTracker] setState: CONNECTED
04-13 11:01:47.268 D/RILC    ( 1552): [0074]< QUERY_NETWORK_SELECTION_MODE {0}
04-13 11:01:47.268 D/RILJ    ( 1678): [0074]< QUERY_NETWORK_SELECTION_MODE {0}
04-13 11:01:47.268 D/RILC    ( 1552): [UNSL]< UNSOL_RESTRICTED_STATE_CHANGED {0}
04-13 11:01:47.278 V/RILJ    ( 1678): [UNSL]< UNSOL_RESTRICTED_STATE_CHANGED {0}
04-13 11:01:47.308 D/GSM     ( 1678): [DataConnection] Start poll NetStat
04-13 11:01:47.358 D/GSM     ( 1678): Poll ServiceState done:  oldSS=[0 home CHINA UNICOM GSM CHINA UNICOM GSM 46001  UMTS CSS not supported -1 -1RoamInd: -1DefRoamInd: -1EmergOnly: false] newSS=[0 home CHINA UNICOM GSM CHINA UNICOM GSM 46001  HSDPA CSS not supported -1 -1RoamInd: -1DefRoamInd: -1EmergOnly: false] oldGprs=0 newGprs=0 oldType=UMTS newType=HSDPA
04-13 11:01:47.358 D/GSM     ( 1678): RAT switched UMTS -> HSDPA at cell 2394017
04-13 11:01:47.508 D/GSM     ( 1678): [DSAC DEB] EVENT_RESTRICTED_STATE_CHANGED
04-13 11:01:47.528 D/GSM     ( 1678): [DSAC DEB] onRestrictedStateChanged
04-13 11:01:47.528 D/GSM     ( 1678): [DSAC DEB] current rs at enter Restricted State CS: none PS:false
04-13 11:01:47.528 D/GSM     ( 1678): [DSAC DEB] new rs Restricted State CS: none PS:false
04-13 11:01:47.528 D/GSM     ( 1678): [DSAC DEB] current rs at return Restricted State CS: none PS:false
04-13 11:01:51.211 D/AT      ( 1552): AT< +CREG: 1,"A014","002487A1",2
04-13 11:01:51.211 D/RIL     ( 1552): restrictionState updated: 0
04-13 11:01:51.211 D/RILC    ( 1552): [UNSL]< UNSOL_RESPONSE_NETWORK_STATE_CHANGED 
04-13 11:01:51.211 D/RILJ    ( 1678): [UNSL]< UNSOL_RESPONSE_NETWORK_STATE_CHANGED
04-13 11:01:51.211 D/RILC    ( 1552): [UNSL]< UNSOL_RESTRICTED_STATE_CHANGED {0}
04-13 11:01:51.211 D/RILJ    ( 1678): [0075]> OPERATOR
04-13 11:01:51.218 D/RILC    ( 1552): [0075]> OPERATOR 
04-13 11:01:51.218 D/RIL     ( 1552): onRequest: OPERATOR
04-13 11:01:51.218 D/AT      ( 1552): AT> AT+COPS=3,0;+COPS?;+COPS=3,2;+COPS?
04-13 11:01:51.218 D/AT      ( 1552): AT< +COPS: 0,0,"CHINA UNICOM GSM",2
04-13 11:01:51.218 D/AT      ( 1552): AT< +COPS: 0,2,"46001",2
04-13 11:01:51.218 D/AT      ( 1552): AT< OK
04-13 11:01:51.218 D/RILC    ( 1552): [0075]< OPERATOR {CHINA UNICOM GSM,CHINA UNICOM GSM,46001}
04-13 11:01:51.218 V/RILJ    ( 1678): [UNSL]< UNSOL_RESTRICTED_STATE_CHANGED {0}
04-13 11:01:51.218 D/RILJ    ( 1678): [0076]> GPRS_REGISTRATION_STATE
04-13 11:01:51.238 D/RILJ    ( 1678): [0075]< OPERATOR {CHINA UNICOM GSM, CHINA UNICOM GSM, 46001}
04-13 11:01:51.248 D/RILJ    ( 1678): [0077]> REGISTRATION_STATE
04-13 11:01:51.248 D/RILC    ( 1552): [0076]> GPRS_REGISTRATION_STATE 
04-13 11:01:51.248 D/RIL     ( 1552): onRequest: GPRS_REGISTRATION_STATE
04-13 11:01:51.248 D/AT      ( 1552): AT> AT+CGREG?
04-13 11:01:51.248 D/AT      ( 1552): AT< +CGREG: 2,1,"A014","002487A1",2,"14"
04-13 11:01:51.248 D/AT      ( 1552): AT< OK
04-13 11:01:51.248 D/RILC    ( 1552): [0076]< GPRS_REGISTRATION_STATE {1,a014,2487a1,3}
04-13 11:01:51.258 D/RILJ    ( 1678): [0078]> QUERY_NETWORK_SELECTION_MODE
04-13 11:01:51.258 D/RILC    ( 1552): [0077]> REGISTRATION_STATE 
04-13 11:01:51.258 D/RIL     ( 1552): onRequest: REGISTRATION_STATE
04-13 11:01:51.258 D/AT      ( 1552): AT> AT+CREG?
04-13 11:01:51.258 D/AT      ( 1552): AT< +CREG: 2,1,"A014","002487A1",2
04-13 11:01:51.258 D/AT      ( 1552): AT< OK
04-13 11:01:51.258 D/RILC    ( 1552): [0077]< REGISTRATION_STATE {1,a014,2487a1,3}
04-13 11:01:51.268 D/RILJ    ( 1678): [0076]< GPRS_REGISTRATION_STATE {1, a014, 2487a1, 3}
04-13 11:01:51.278 D/GSM     ( 1678): [DSAC DEB] EVENT_RESTRICTED_STATE_CHANGED
04-13 11:01:51.278 D/GSM     ( 1678): [DSAC DEB] onRestrictedStateChanged
04-13 11:01:51.278 D/GSM     ( 1678): [DSAC DEB] current rs at enter Restricted State CS: none PS:false
04-13 11:01:51.278 D/GSM     ( 1678): [DSAC DEB] new rs Restricted State CS: none PS:false
04-13 11:01:51.278 D/GSM     ( 1678): [DSAC DEB] current rs at return Restricted State CS: none PS:false
04-13 11:01:51.278 D/RILC    ( 1552): [0078]> QUERY_NETWORK_SELECTION_MODE 
04-13 11:01:51.278 D/RIL     ( 1552): onRequest: QUERY_NETWORK_SELECTION_MODE
04-13 11:01:51.278 D/AT      ( 1552): AT> AT+COPS?
04-13 11:01:51.278 D/AT      ( 1552): AT< +COPS: 0,2,"46001",2
04-13 11:01:51.278 D/AT      ( 1552): AT< OK
04-13 11:01:51.278 D/RILC    ( 1552): [0078]< QUERY_NETWORK_SELECTION_MODE {0}
04-13 11:01:51.308 D/RILJ    ( 1678): [0077]< REGISTRATION_STATE {1, a014, 2487a1, 3}
04-13 11:01:51.308 D/RILJ    ( 1678): [0078]< QUERY_NETWORK_SELECTION_MODE {0}
04-13 11:01:51.308 D/GSM     ( 1678): Poll ServiceState done:  oldSS=[0 home CHINA UNICOM GSM CHINA UNICOM GSM 46001  HSDPA CSS not supported -1 -1RoamInd: -1DefRoamInd: -1EmergOnly: false] newSS=[0 home CHINA UNICOM GSM CHINA UNICOM GSM 46001  UMTS CSS not supported -1 -1RoamInd: -1DefRoamInd: -1EmergOnly: false] oldGprs=0 newGprs=0 oldType=HSDPA newType=UMTS
04-13 11:01:51.308 D/GSM     ( 1678): RAT switched HSDPA -> UMTS at cell 2394017
04-13 11:01:51.608 D/STK     ( 1678): StkAppService$ServiceHandler: OP_BOOT_COMPLETED
04-13 11:01:56.908 D/STK     ( 1678): StkAppService: DISPLAY_TEXT
04-13 11:01:56.978 D/RILJ    ( 1678): [0079]> SIGNAL_STRENGTH
04-13 11:01:56.998 D/RILC    ( 1552): [0079]> SIGNAL_STRENGTH 
04-13 11:01:56.998 D/RIL     ( 1552): onRequest: SIGNAL_STRENGTH
04-13 11:01:56.998 D/AT      ( 1552): AT> AT+CSQ
04-13 11:01:56.998 D/AT      ( 1552): AT< +CSQ: 31,99
04-13 11:01:56.998 D/AT      ( 1552): AT< OK
04-13 11:01:56.998 D/RILC    ( 1552): [0079]< SIGNAL_STRENGTH {[ 31 99]}
04-13 11:01:56.998 D/RILJ    ( 1678): [0079]< SIGNAL_STRENGTH {31, 99, 0, 0, 0, 0, 0}
04-13 11:02:03.198 D/STK     ( 1678): StkAppService: RES_ID_CONFIRM
04-13 11:02:03.598 D/STK     ( 1678): StkService: TERMINAL RESPONSE: 810301210182028281830100
04-13 11:02:03.608 D/RILJ    ( 1678): [0080]> REQUEST_STK_SEND_TERMINAL_RESPONSE
04-13 11:02:03.698 D/RILC    ( 1552): [0080]> STK_SEND_TERMINAL_RESPONSE (810301210182028281830100)
04-13 11:02:03.698 D/RIL     ( 1552): onRequest: STK_SEND_TERMINAL_RESPONSE
04-13 11:02:03.698 D/RIL     ( 1552): STK send term response command: AT+GTKR="810301210182028281830100"
04-13 11:02:03.698 D/AT      ( 1552): AT> AT+GTKR="810301210182028281830100"
04-13 11:02:03.728 D/AT      ( 1552): AT< OK
04-13 11:02:03.728 D/AT      ( 1552): AT< +GTKS:
04-13 11:02:03.728 D/RILC    ( 1552): [UNSL]< UNSOL_STK_SESSION_END 
04-13 11:02:03.738 D/RILJ    ( 1678): [UNSL]< UNSOL_STK_SESSION_END
04-13 11:02:03.738 D/RILC    ( 1552): [0080]< STK_SEND_TERMINAL_RESPONSE
04-13 11:02:03.738 D/RILJ    ( 1678): [0080]< REQUEST_STK_SEND_TERMINAL_RESPONSE 
04-13 11:02:04.168 D/STK     ( 1678): StkService: ril message arrived
04-13 11:02:04.168 D/STK     ( 1678): StkService: SESSION END
04-13 11:02:17.122 D/RILJ    ( 1678): [0081]> SIGNAL_STRENGTH
04-13 11:02:17.128 D/RILC    ( 1552): [0081]> SIGNAL_STRENGTH 
04-13 11:02:17.128 D/RIL     ( 1552): onRequest: SIGNAL_STRENGTH
04-13 11:02:17.128 D/AT      ( 1552): AT> AT+CSQ
04-13 11:02:17.138 D/AT      ( 1552): AT< +CSQ: 30,99
04-13 11:02:17.138 D/AT      ( 1552): AT< OK
04-13 11:02:17.138 D/RILC    ( 1552): [0081]< SIGNAL_STRENGTH {[ 30 99]}
04-13 11:02:17.138 D/RILJ    ( 1678): [0081]< SIGNAL_STRENGTH {30, 99, 0, 0, 0, 0, 0}
04-13 11:02:27.492 D/RILJ    ( 1678): [0082]> RADIO_POWER
04-13 11:02:27.492 D/RILC    ( 1552): [0082]> RADIO_POWER (0)
04-13 11:02:27.492 D/RIL     ( 1552): onRequest: RADIO_POWER
04-13 11:02:27.492 D/AT      ( 1552): AT> AT+CFUN=4,0
04-13 11:02:27.508 D/GSM     ( 1678): GSMDataConnTrack handleMessage { what=34 when=120939 arg1=1 obj=radioTurnedOff }
04-13 11:02:27.508 D/GSM     ( 1678): [GsmDataConnectionTracker] Clean up connection due to radioTurnedOff
04-13 11:02:27.508 D/GSM     ( 1678): [GsmDataConnectionTracker] setState: DISCONNECTING
04-13 11:02:27.518 D/GSM     ( 1678): [GsmDataConnectionTracker] cleanUpConnection: teardown, call conn.disconnect
04-13 11:02:27.518 D/GSM     ( 1678): [GsmDataConnection-1] DcActiveState msg.what=EVENT_DISCONNECT
04-13 11:02:27.518 D/GSM     ( 1678): [GsmDataConnection-1] tearDownData radio is on, call deactivateDataCall
04-13 11:02:27.518 D/RILJ    ( 1678): [0083]> DEACTIVATE_DATA_CALL 1
04-13 11:02:27.528 D/GSM     ( 1678): [DataConnection] Stop poll NetStat
04-13 11:02:29.218 D/AT      ( 1552): AT< OK
04-13 11:02:29.218 D/AT      ( 1552): AT< +CREG: 0
04-13 11:02:29.218 D/RIL     ( 1552): restrictionState updated: 4
04-13 11:02:29.218 D/RILC    ( 1552): [UNSL]< UNSOL_RESPONSE_NETWORK_STATE_CHANGED 
04-13 11:02:29.218 D/AT      ( 1552): AT< *IPACT: 0,1
04-13 11:02:29.218 D/AT      ( 1552): AT< +CGREG: 0
04-13 11:02:29.218 D/RIL     ( 1552): restrictionState updated: 20
04-13 11:02:29.218 D/RILC    ( 1552): [UNSL]< UNSOL_RESPONSE_NETWORK_STATE_CHANGED 
04-13 11:02:29.218 D/RILC    ( 1552): [UNSL]< UNSOL_RESPONSE_RADIO_STATE_CHANGED  {RADIO_OFF}
04-13 11:02:29.218 D/RILC    ( 1552): [0082]< RADIO_POWER
04-13 11:02:29.218 D/RILC    ( 1552): [0083]> DEACTIVATE_DATA_CALL (1)
04-13 11:02:29.218 D/RIL     ( 1552): onRequest: DEACTIVATE_DATA_CALL
04-13 11:02:29.218 D/RILC    ( 1552): [0083]< DEACTIVATE_DATA_CALL fails by E_RAIDO_NOT_AVAILABLE
04-13 11:02:29.218 D/RILC    ( 1552): [UNSL]< UNSOL_RESTRICTED_STATE_CHANGED {20}
04-13 11:02:29.218 D/AT      ( 1552): AT> AT+CGACT?
04-13 11:02:29.218 D/RILJ    ( 1678): [UNSL]< UNSOL_RESPONSE_NETWORK_STATE_CHANGED
04-13 11:02:29.218 D/RILJ    ( 1678): [UNSL]< UNSOL_RESPONSE_NETWORK_STATE_CHANGED
04-13 11:02:29.218 D/RILB    ( 1678): Notifying: radio off or not available
04-13 11:02:29.218 D/RILJ    ( 1678): [UNSL]< UNSOL_RESPONSE_RADIO_STATE_CHANGED RADIO_OFF
04-13 11:02:29.228 D/GSM     ( 1678): Poll ServiceState done:  oldSS=[0 home CHINA UNICOM GSM CHINA UNICOM GSM 46001  UMTS CSS not supported -1 -1RoamInd: -1DefRoamInd: -1EmergOnly: false] newSS=[3 home null null null  Unknown CSS not supported -1 -1RoamInd: -1DefRoamInd: -1EmergOnly: false] oldGprs=0 newGprs=0 oldType=UMTS newType=UMTS
04-13 11:02:29.228 D/AT      ( 1552): AT< +CGACT: 1,0
04-13 11:02:29.228 D/AT      ( 1552): AT< OK
04-13 11:02:29.228 D/AT      ( 1552): AT> AT+CGDCONT?
04-13 11:02:29.228 D/AT      ( 1552): AT< +CGDCONT: 1,"IP","uninet","0.0.0.0",0,0
04-13 11:02:29.228 D/AT      ( 1552): AT< OK
04-13 11:02:29.228 D/RILC    ( 1552): [UNSL]< UNSOL_DATA_CALL_LIST_CHANGED {[cid=1,down,IP,uninet,0.0.0.0]}
04-13 11:02:29.228 D/RILC    ( 1552): [UNSL]< UNSOL_RESTRICTED_STATE_CHANGED {20}
04-13 11:02:29.257 D/RILJ    ( 1678): [0082]< RADIO_POWER 
04-13 11:02:29.257 D/RILJ    ( 1678): [0083]< DEACTIVATE_DATA_CALL error: com.android.internal.telephony.CommandException: RADIO_NOT_AVAILABLE
04-13 11:02:29.267 D/GSM     ( 1678): [GsmDataConnection-1] DcDisconnectingState msg.what=EVENT_DEACTIVATE_DONE
04-13 11:02:29.267 D/GSM     ( 1678): [GsmDataConnection-1] DcInactiveState: setEnterNoticationParams dp
04-13 11:02:29.267 D/GSM     ( 1678): [GsmDataConnection-1] DcInactiveState: enter notifyDisconnectCompleted
04-13 11:02:29.267 D/GSM     ( 1678): [GsmDataConnection-1] NotifyDisconnectCompleted
04-13 11:02:29.267 D/GSM     ( 1678): [GsmDataConnection-1] msg.what=25 msg.obj=radioTurnedOff
04-13 11:02:29.267 D/GSM     ( 1678): [GsmDataConnection-1] clearSettings
04-13 11:02:29.308 V/RILJ    ( 1678): [UNSL]< UNSOL_RESTRICTED_STATE_CHANGED {20}
04-13 11:02:29.318 D/RILJ    ( 1678): [UNSL]< UNSOL_DATA_CALL_LIST_CHANGED [DataCallState: { cid: 1, active: 0, type: IP, apn: uninet, address: 0.0.0.0 }]
04-13 11:02:29.328 D/GSM     ( 1678): Poll ServiceState done:  oldSS=[3 home null null null  Unknown CSS not supported -1 -1RoamInd: -1DefRoamInd: -1EmergOnly: false] newSS=[3 home null null null  Unknown CSS not supported -1 -1RoamInd: -1DefRoamInd: -1EmergOnly: false] oldGprs=0 newGprs=0 oldType=UMTS newType=UMTS
04-13 11:02:29.338 V/RILJ    ( 1678): [UNSL]< UNSOL_RESTRICTED_STATE_CHANGED {20}
04-13 11:02:29.348 D/GSM     ( 1678): Poll ServiceState done:  oldSS=[3 home null null null  Unknown CSS not supported -1 -1RoamInd: -1DefRoamInd: -1EmergOnly: false] newSS=[3 home null null null  Unknown CSS not supported -1 -1RoamInd: -1DefRoamInd: -1EmergOnly: false] oldGprs=0 newGprs=0 oldType=UMTS newType=UMTS
04-13 11:02:29.368 D/GSM     ( 1678): GSMDataConnTrack handleMessage { what=12 when=124179 obj=android.os.AsyncResult@43c226b0 }
04-13 11:02:29.368 D/GSM     ( 1678): [GsmDataConnectionTracker] Radio is off and clean up all connection
04-13 11:02:29.378 D/GSM     ( 1678): [GsmDataConnectionTracker] Clean up connection due to radioTurnedOff
04-13 11:02:29.378 D/GSM     ( 1678): [GsmDataConnectionTracker] setState: DISCONNECTING
04-13 11:02:29.378 D/GSM     ( 1678): [GsmDataConnectionTracker] cleanUpConnection: !tearDown, call conn.resetSynchronously
04-13 11:02:29.378 D/GSM     ( 1678): [GsmDataConnection-1] DcInactiveState: msg.what=EVENT_RESET, ignore we're already reset
04-13 11:02:29.378 D/GSM     ( 1678): [GsmDataConnection-1] NotifyDisconnectCompleted
04-13 11:02:29.398 D/GSM     ( 1678): [DataConnection] Stop poll NetStat
04-13 11:02:29.398 D/GSM     ( 1678): [GsmDataConnectionTracker] cleanupConnection: !notificationDeferred
04-13 11:02:29.398 D/GSM     ( 1678): [GsmDataConnectionTracker] gotoIdleAndNotifyDataConnection: reason=radioTurnedOff
04-13 11:02:29.398 D/GSM     ( 1678): [GsmDataConnectionTracker] setState: IDLE
04-13 11:02:29.398 D/GSM     ( 1678): [GsmDataConnection-1] clearSettings
04-13 11:02:29.418 D/GSM     ( 1678): [IccCard] Broadcasting intent ACTION_SIM_STATE_CHANGED NOT_READY reason null
04-13 11:02:29.438 D/GSM     ( 1678): GSMDataConnTrack handleMessage { what=25 when=124229 obj=android.os.AsyncResult@43c22a90 }
04-13 11:02:29.438 D/GSM     ( 1678): [GsmDataConnectionTracker] EVENT_DISCONNECT_DONE
04-13 11:02:29.438 D/GSM     ( 1678): [GsmDataConnectionTracker] setState: IDLE
04-13 11:02:29.488 D/GSM     ( 1678): [DSAC DEB] EVENT_RESTRICTED_STATE_CHANGED
04-13 11:02:29.488 D/GSM     ( 1678): [DSAC DEB] onRestrictedStateChanged
04-13 11:02:29.488 D/GSM     ( 1678): [DSAC DEB] current rs at enter Restricted State CS: none PS:false
04-13 11:02:29.497 D/GSM     ( 1678): [DSAC DEB] new rs Restricted State CS: emergency PS:false
04-13 11:02:29.497 D/GSM     ( 1678): [DSAC DEB] create notification 1006
04-13 11:02:29.508 D/GSM     ( 1678): [DSAC DEB] put notification Restricted access changed / Emergency service is blocked.
04-13 11:02:29.528 D/GSM     ( 1678): [DSAC DEB] current rs at return Restricted State CS: emergency PS:false
04-13 11:02:29.528 D/GSM     ( 1678): GSMDataConnTrack handleMessage { what=6 when=124286 obj=android.os.AsyncResult@43c2f8c0 }
04-13 11:02:29.528 D/GSM     ( 1678): [DSAC DEB] EVENT_RESTRICTED_STATE_CHANGED
04-13 11:02:29.528 D/GSM     ( 1678): [DSAC DEB] onRestrictedStateChanged
04-13 11:02:29.528 D/GSM     ( 1678): [DSAC DEB] current rs at enter Restricted State CS: emergency PS:false
04-13 11:02:29.538 D/GSM     ( 1678): [DSAC DEB] new rs Restricted State CS: emergency PS:false
04-13 11:02:29.538 D/GSM     ( 1678): [DSAC DEB] create notification 1004
04-13 11:02:29.548 D/GSM     ( 1678): [DSAC DEB] put notification Restricted access changed / 
04-13 11:02:29.548 D/GSM     ( 1678): [DSAC DEB] current rs at return Restricted State CS: emergency PS:false
04-13 11:02:37.168 D/RILJ    ( 1678): [0084]> SIGNAL_STRENGTH
04-13 11:02:37.178 D/RILC    ( 1552): [0084]> SIGNAL_STRENGTH 
04-13 11:02:37.178 D/RIL     ( 1552): onRequest: SIGNAL_STRENGTH
04-13 11:02:37.178 D/RILC    ( 1552): [0084]< SIGNAL_STRENGTH fails by E_RAIDO_NOT_AVAILABLE
04-13 11:02:37.178 D/RILJ    ( 1678): [0084]< SIGNAL_STRENGTH error: com.android.internal.telephony.CommandException: RADIO_NOT_AVAILABLE
04-13 11:02:38.438 D/RILJ    ( 1678): [0085]> RADIO_POWER
04-13 11:02:38.478 D/RILC    ( 1552): [0085]> RADIO_POWER (1)
04-13 11:02:38.478 D/RIL     ( 1552): onRequest: RADIO_POWER
04-13 11:02:38.478 D/AT      ( 1552): AT> AT+CFUN=1,0
04-13 11:02:38.488 D/AT      ( 1552): AT< OK
04-13 11:02:38.498 D/RILC    ( 1552): [UNSL]< UNSOL_RESPONSE_RADIO_STATE_CHANGED  {RADIO_SIM_NOT_READY}
04-13 11:02:38.498 D/RILB    ( 1678): Notifying: Radio On
04-13 11:02:38.498 D/RILJ    ( 1678): [UNSL]< UNSOL_RESPONSE_RADIO_STATE_CHANGED SIM_NOT_READY
04-13 11:02:38.498 D/AT      ( 1552): AT> AT*PSUTTZ=1
04-13 11:02:38.508 D/RILJ    ( 1678): [0086]> OPERATOR
04-13 11:02:38.518 D/AT      ( 1552): AT< OK
04-13 11:02:38.518 D/AT      ( 1552): AT> AT+CPIN?
04-13 11:02:38.528 D/RILJ    ( 1678): [0087]> GPRS_REGISTRATION_STATE
04-13 11:02:38.558 D/RILJ    ( 1678): [0088]> REGISTRATION_STATE
04-13 11:02:38.578 D/AT      ( 1552): AT< +CPIN: READY
04-13 11:02:38.578 D/AT      ( 1552): AT< OK
04-13 11:02:38.578 D/RILC    ( 1552): [UNSL]< UNSOL_RESPONSE_RADIO_STATE_CHANGED  {RADIO_SIM_READY}
04-13 11:02:38.578 D/AT      ( 1552): AT> AT+CSMS=1
04-13 11:02:38.588 D/RILB    ( 1678): Notifying: SIM ready
04-13 11:02:38.588 D/RILJ    ( 1678): [UNSL]< UNSOL_RESPONSE_RADIO_STATE_CHANGED SIM_READY
04-13 11:02:38.588 D/AT      ( 1552): AT< +CSMS: 1,1,1
04-13 11:02:38.588 D/AT      ( 1552): AT< OK
04-13 11:02:38.588 D/AT      ( 1552): AT> AT+CNMI=2,2,2,1,1
04-13 11:02:38.599 D/AT      ( 1552): AT< OK
04-13 11:02:38.607 D/RILC    ( 1552): [0085]< RADIO_POWER
04-13 11:02:38.607 D/RILC    ( 1552): [0086]> OPERATOR 
04-13 11:02:38.607 D/RIL     ( 1552): onRequest: OPERATOR
04-13 11:02:38.607 D/AT      ( 1552): AT> AT+COPS=3,0;+COPS?;+COPS=3,2;+COPS?
04-13 11:02:38.618 D/AT      ( 1552): AT< +COPS: 0
04-13 11:02:38.627 D/RILJ    ( 1678): [0089]> QUERY_NETWORK_SELECTION_MODE
04-13 11:02:38.627 D/AT      ( 1552): AT< +COPS: 0
04-13 11:02:38.627 D/AT      ( 1552): AT< OK
04-13 11:02:38.638 D/RILC    ( 1552): [0086]< OPERATOR {(null),(null),(null)}
04-13 11:02:38.638 D/RILC    ( 1552): [0087]> GPRS_REGISTRATION_STATE 
04-13 11:02:38.638 D/RIL     ( 1552): onRequest: GPRS_REGISTRATION_STATE
04-13 11:02:38.638 D/AT      ( 1552): AT> AT+CGREG?
04-13 11:02:38.648 D/AT      ( 1552): AT< +CGREG: 2,1,"FFFE","00000000",0,"14"
04-13 11:02:38.648 D/AT      ( 1552): AT< OK
04-13 11:02:38.658 D/RILC    ( 1552): [0087]< GPRS_REGISTRATION_STATE {1,fffe,0,1}
04-13 11:02:38.658 D/RILC    ( 1552): [0088]> REGISTRATION_STATE 
04-13 11:02:38.658 D/RIL     ( 1552): onRequest: REGISTRATION_STATE
04-13 11:02:38.658 D/AT      ( 1552): AT> AT+CREG?
04-13 11:02:38.678 D/RILJ    ( 1678): [0085]< RADIO_POWER 
04-13 11:02:38.678 D/RILJ    ( 1678): [0086]< OPERATOR {null, null, null}
04-13 11:02:38.678 D/RILJ    ( 1678): [0087]< GPRS_REGISTRATION_STATE {1, fffe, 0, 1}
04-13 11:02:38.688 D/RILJ    ( 1678): [0090]> GET_CURRENT_CALLS
04-13 11:02:38.698 D/AT      ( 1552): AT< +CREG: 2,0
04-13 11:02:38.708 D/AT      ( 1552): AT< OK
04-13 11:02:38.708 D/RILC    ( 1552): [0088]< REGISTRATION_STATE {0,(null),(null)}
04-13 11:02:38.708 D/RILC    ( 1552): [0089]> QUERY_NETWORK_SELECTION_MODE 
04-13 11:02:38.708 D/RIL     ( 1552): onRequest: QUERY_NETWORK_SELECTION_MODE
04-13 11:02:38.708 D/AT      ( 1552): AT> AT+COPS?
04-13 11:02:38.727 D/RILJ    ( 1678): [0088]< REGISTRATION_STATE {0, null, null}
04-13 11:02:38.727 D/RILJ    ( 1678): [0091]> OPERATOR
04-13 11:02:38.739 D/AT      ( 1552): AT< +COPS: 0
04-13 11:02:38.739 D/AT      ( 1552): AT< OK
04-13 11:02:38.739 D/RILC    ( 1552): [0089]< QUERY_NETWORK_SELECTION_MODE {0}
04-13 11:02:38.739 D/RILC    ( 1552): [0090]> GET_CURRENT_CALLS 
04-13 11:02:38.739 D/RIL     ( 1552): onRequest: GET_CURRENT_CALLS
04-13 11:02:38.739 D/AT      ( 1552): AT> AT+CLCC
04-13 11:02:38.751 D/AT      ( 1552): AT< OK
04-13 11:02:38.751 D/RILC    ( 1552): [0090]< GET_CURRENT_CALLS }
04-13 11:02:38.778 D/RILJ    ( 1678): [0089]< QUERY_NETWORK_SELECTION_MODE {0}
04-13 11:02:38.788 D/RILC    ( 1552): [0091]> OPERATOR 
04-13 11:02:38.788 D/RIL     ( 1552): onRequest: OPERATOR
04-13 11:02:38.788 D/AT      ( 1552): AT> AT+COPS=3,0;+COPS?;+COPS=3,2;+COPS?
04-13 11:02:38.788 D/AT      ( 1552): AT< +COPS: 0
04-13 11:02:38.788 D/AT      ( 1552): AT< +COPS: 0
04-13 11:02:38.788 D/AT      ( 1552): AT< OK
04-13 11:02:38.788 D/RILC    ( 1552): [0091]< OPERATOR {(null),(null),(null)}
04-13 11:02:38.798 D/RILJ    ( 1678): [0092]> GPRS_REGISTRATION_STATE
04-13 11:02:38.798 D/RILJ    ( 1678): [0090]< GET_CURRENT_CALLS  
04-13 11:02:38.808 D/RILJ    ( 1678): [0091]< OPERATOR {null, null, null}
04-13 11:02:38.818 D/RILC    ( 1552): [0092]> GPRS_REGISTRATION_STATE 
04-13 11:02:38.818 D/RIL     ( 1552): onRequest: GPRS_REGISTRATION_STATE
04-13 11:02:38.818 D/AT      ( 1552): AT> AT+CGREG?
04-13 11:02:38.828 D/AT      ( 1552): AT< +CGREG: 2,1,"FFFE","00000000",0,"14"
04-13 11:02:38.828 D/AT      ( 1552): AT< OK
04-13 11:02:38.828 D/RILC    ( 1552): [0092]< GPRS_REGISTRATION_STATE {1,fffe,0,1}
04-13 11:02:38.828 D/RILJ    ( 1678): [0093]> REGISTRATION_STATE
04-13 11:02:38.887 D/RILJ    ( 1678): [0092]< GPRS_REGISTRATION_STATE {1, fffe, 0, 1}
04-13 11:02:38.928 D/RILC    ( 1552): [0093]> REGISTRATION_STATE 
04-13 11:02:38.928 D/RIL     ( 1552): onRequest: REGISTRATION_STATE
04-13 11:02:38.928 D/AT      ( 1552): AT> AT+CREG?
04-13 11:02:38.938 D/RILJ    ( 1678): [0094]> QUERY_NETWORK_SELECTION_MODE
04-13 11:02:38.938 D/AT      ( 1552): AT< +CREG: 2,0
04-13 11:02:38.938 D/AT      ( 1552): AT< OK
04-13 11:02:38.938 D/RILC    ( 1552): [0093]< REGISTRATION_STATE {0,(null),(null)}
04-13 11:02:38.948 D/AT      ( 1552): AT< +CREG: 2,"FFFE","00000000",0
04-13 11:02:38.948 D/RIL     ( 1552): restrictionState updated: 20
04-13 11:02:38.948 D/RILC    ( 1552): [UNSL]< UNSOL_RESPONSE_NETWORK_STATE_CHANGED 
04-13 11:02:38.958 D/RILC    ( 1552): [UNSL]< UNSOL_RESTRICTED_STATE_CHANGED {20}
04-13 11:02:38.998 D/RILJ    ( 1678): [0095]> OPERATOR
04-13 11:02:38.998 D/RILC    ( 1552): [0094]> QUERY_NETWORK_SELECTION_MODE 
04-13 11:02:38.998 D/RIL     ( 1552): onRequest: QUERY_NETWORK_SELECTION_MODE
04-13 11:02:38.998 D/AT      ( 1552): AT> AT+COPS?
04-13 11:02:39.018 D/AT      ( 1552): AT< +COPS: 0
04-13 11:02:39.027 D/AT      ( 1552): AT< OK
04-13 11:02:39.027 D/RILC    ( 1552): [0094]< QUERY_NETWORK_SELECTION_MODE {0}
04-13 11:02:39.027 D/RILJ    ( 1678): [0093]< REGISTRATION_STATE {0, null, null}
04-13 11:02:39.098 D/RILJ    ( 1678): [UNSL]< UNSOL_RESPONSE_NETWORK_STATE_CHANGED
04-13 11:02:39.098 V/RILJ    ( 1678): [UNSL]< UNSOL_RESTRICTED_STATE_CHANGED {20}
04-13 11:02:39.098 D/RILJ    ( 1678): [0094]< QUERY_NETWORK_SELECTION_MODE {0}
04-13 11:02:39.098 D/RILC    ( 1552): [0095]> OPERATOR 
04-13 11:02:39.098 D/RIL     ( 1552): onRequest: OPERATOR
04-13 11:02:39.098 D/AT      ( 1552): AT> AT+COPS=3,0;+COPS?;+COPS=3,2;+COPS?
04-13 11:02:39.108 D/AT      ( 1552): AT< +COPS: 0
04-13 11:02:39.108 D/AT      ( 1552): AT< +COPS: 0
04-13 11:02:39.108 D/AT      ( 1552): AT< OK
04-13 11:02:39.108 D/RILC    ( 1552): [0095]< OPERATOR {(null),(null),(null)}
04-13 11:02:39.118 D/RILJ    ( 1678): [0096]> GPRS_REGISTRATION_STATE
04-13 11:02:39.178 D/RILJ    ( 1678): [0095]< OPERATOR {null, null, null}
04-13 11:02:39.198 D/RILC    ( 1552): [0096]> GPRS_REGISTRATION_STATE 
04-13 11:02:39.198 D/RIL     ( 1552): onRequest: GPRS_REGISTRATION_STATE
04-13 11:02:39.198 D/AT      ( 1552): AT> AT+CGREG?
04-13 11:02:39.198 D/RILJ    ( 1678): [0097]> REGISTRATION_STATE
04-13 11:02:39.208 D/AT      ( 1552): AT< +CGREG: 2,1,"FFFE","00000000",0,"14"
04-13 11:02:39.218 D/AT      ( 1552): AT< OK
04-13 11:02:39.218 D/RILC    ( 1552): [0096]< GPRS_REGISTRATION_STATE {1,fffe,0,1}
04-13 11:02:39.248 D/RILJ    ( 1678): [0096]< GPRS_REGISTRATION_STATE {1, fffe, 0, 1}
04-13 11:02:39.248 D/RILC    ( 1552): [0097]> REGISTRATION_STATE 
04-13 11:02:39.248 D/RIL     ( 1552): onRequest: REGISTRATION_STATE
04-13 11:02:39.248 D/AT      ( 1552): AT> AT+CREG?
04-13 11:02:39.258 D/AT      ( 1552): AT< +CREG: 2,2
04-13 11:02:39.258 D/AT      ( 1552): AT< OK
04-13 11:02:39.268 D/RILC    ( 1552): [0097]< REGISTRATION_STATE {2,(null),(null)}
04-13 11:02:39.288 D/RILJ    ( 1678): [0098]> QUERY_NETWORK_SELECTION_MODE
04-13 11:02:39.318 D/RILC    ( 1552): [0098]> QUERY_NETWORK_SELECTION_MODE 
04-13 11:02:39.318 D/RIL     ( 1552): onRequest: QUERY_NETWORK_SELECTION_MODE
04-13 11:02:39.318 D/AT      ( 1552): AT> AT+COPS?
04-13 11:02:39.318 D/AT      ( 1552): AT< +COPS: 0
04-13 11:02:39.318 D/AT      ( 1552): AT< OK
04-13 11:02:39.318 D/RILC    ( 1552): [0098]< QUERY_NETWORK_SELECTION_MODE {0}
04-13 11:02:39.328 D/RILJ    ( 1678): [0097]< REGISTRATION_STATE {2, null, null}
04-13 11:02:39.338 D/RILJ    ( 1678): [0098]< QUERY_NETWORK_SELECTION_MODE {0}
04-13 11:02:39.418 D/GSM     ( 1678): [IccCard] Broadcasting intent ACTION_SIM_STATE_CHANGED READY reason null
04-13 11:02:39.518 V/GSM     ( 1678): SIMRecords:fetchSimRecords 0
04-13 11:02:39.518 D/RILJ    ( 1678): [0099]> getIMSI:RIL_REQUEST_GET_IMSI 11 GET_IMSI
04-13 11:02:39.538 D/RILC    ( 1552): [0099]> GET_IMSI 
04-13 11:02:39.538 D/RIL     ( 1552): onRequest: GET_IMSI
04-13 11:02:39.538 D/AT      ( 1552): AT> AT+CIMI
04-13 11:02:39.548 D/RILJ    ( 1678): [0100]> iccIO: SIM_IO 0xc0 0x2fe2  path: 3F00,0,0,15
04-13 11:02:39.558 D/AT      ( 1552): AT< 460010020683648
04-13 11:02:39.558 D/AT      ( 1552): AT< OK
04-13 11:02:39.558 D/RILC    ( 1552): [0099]< GET_IMSI {460010020683648}
04-13 11:02:39.558 D/RILJ    ( 1678): [0099]< GET_IMSI 
04-13 11:02:39.578 D/RILC    ( 1552): [0100]> SIM_IO (cmd=0xC0,efid=0x2FE2,path=3F00,0,0,15,(null),pin2=(null))
04-13 11:02:39.578 D/RIL     ( 1552): onRequest: SIM_IO
04-13 11:02:39.578 D/AT      ( 1552): AT> AT+CRSM=192,12258,0,0,15
04-13 11:02:39.608 D/AT      ( 1552): AT< +CRSM: 144,0,"FFFF000A2FE204FF000000FF020002"
04-13 11:02:39.608 D/AT      ( 1552): AT< OK
04-13 11:02:39.608 D/RILC    ( 1552): [0100]< SIM_IO {sw1=0x90,sw2=0x0,FFFF000A2FE204FF000000FF020002}
04-13 11:02:39.608 D/RILJ    ( 1678): < iccIO:  0x90 0x0 FFFF000A2FE204FF000000FF020002
04-13 11:02:39.608 D/RILJ    ( 1678): [0100]< SIM_IO IccIoResponse sw1:0x90 sw2:0x0
04-13 11:02:39.618 D/RILJ    ( 1678): [0101]> iccIO: SIM_IO 0xc0 0x6f40  path: 3F007F10,0,0,15
04-13 11:02:39.647 D/RILC    ( 1552): [0101]> SIM_IO (cmd=0xC0,efid=0x6F40,path=3F007F10,0,0,15,(null),pin2=(null))
04-13 11:02:39.647 D/RIL     ( 1552): onRequest: SIM_IO
04-13 11:02:39.647 D/AT      ( 1552): AT> AT+CRSM=192,28480,0,0,15
04-13 11:02:39.668 D/RILJ    ( 1678): [0102]> iccIO: SIM_IO 0xc0 0x6fc9  path: 3F007F20,0,0,15
04-13 11:02:39.678 D/AT      ( 1552): AT< +CRSM: 144,0,"FFFF00386F4004FF000000FF02011C"
04-13 11:02:39.678 D/AT      ( 1552): AT< OK
04-13 11:02:39.678 D/RILC    ( 1552): [0101]< SIM_IO {sw1=0x90,sw2=0x0,FFFF00386F4004FF000000FF02011C}
04-13 11:02:39.678 D/RILJ    ( 1678): < iccIO:  0x90 0x0 FFFF00386F4004FF000000FF02011C
04-13 11:02:39.688 D/RILJ    ( 1678): [0101]< SIM_IO IccIoResponse sw1:0x90 sw2:0x0
04-13 11:02:39.698 D/RILC    ( 1552): [0102]> SIM_IO (cmd=0xC0,efid=0x6FC9,path=3F007F20,0,0,15,(null),pin2=(null))
04-13 11:02:39.698 D/RIL     ( 1552): onRequest: SIM_IO
04-13 11:02:39.698 D/AT      ( 1552): AT> AT+CRSM=192,28617,0,0,15
04-13 11:02:39.708 D/AT      ( 1552): AT< +CRSM: 106,130
04-13 11:02:39.708 D/AT      ( 1552): AT< OK
04-13 11:02:39.708 D/RILC    ( 1552): [0102]< SIM_IO {sw1=0x6A,sw2=0x82,(null)}
04-13 11:02:39.708 D/RILJ    ( 1678): < iccIO:  0x6a 0x82 null
04-13 11:02:39.708 D/RILJ    ( 1678): [0102]< SIM_IO IccIoResponse sw1:0x6a sw2:0x82
04-13 11:02:39.718 D/RILJ    ( 1678): [0103]> iccIO: SIM_IO 0xc0 0x6fad  path: 3F007F20,0,0,15
04-13 11:02:39.728 D/RILC    ( 1552): [0103]> SIM_IO (cmd=0xC0,efid=0x6FAD,path=3F007F20,0,0,15,(null),pin2=(null))
04-13 11:02:39.728 D/RIL     ( 1552): onRequest: SIM_IO
04-13 11:02:39.738 D/AT      ( 1552): AT> AT+CRSM=192,28589,0,0,15
04-13 11:02:39.738 D/RILJ    ( 1678): [0104]> iccIO: SIM_IO 0xc0 0x6fca  path: 3F007F20,0,0,15
04-13 11:02:39.758 D/RILJ    ( 1678): [0105]> iccIO: SIM_IO 0xc0 0x6f11  path: 3F007F20,0,0,15
04-13 11:02:39.758 D/AT      ( 1552): AT< +CRSM: 144,0,"FFFF00046FAD04FF000000FF020002"
04-13 11:02:39.758 D/AT      ( 1552): AT< OK
04-13 11:02:39.758 D/RILC    ( 1552): [0103]< SIM_IO {sw1=0x90,sw2=0x0,FFFF00046FAD04FF000000FF020002}
04-13 11:02:39.768 D/RILJ    ( 1678): < iccIO:  0x90 0x0 FFFF00046FAD04FF000000FF020002
04-13 11:02:39.768 D/RILJ    ( 1678): [0103]< SIM_IO IccIoResponse sw1:0x90 sw2:0x0
04-13 11:02:39.768 D/RILC    ( 1552): [0104]> SIM_IO (cmd=0xC0,efid=0x6FCA,path=3F007F20,0,0,15,(null),pin2=(null))
04-13 11:02:39.768 D/RIL     ( 1552): onRequest: SIM_IO
04-13 11:02:39.768 D/AT      ( 1552): AT> AT+CRSM=192,28618,0,0,15
04-13 11:02:39.778 D/AT      ( 1552): AT< +CRSM: 106,130
04-13 11:02:39.778 D/AT      ( 1552): AT< OK
04-13 11:02:39.778 D/RILC    ( 1552): [0104]< SIM_IO {sw1=0x6A,sw2=0x82,(null)}
04-13 11:02:39.778 D/RILJ    ( 1678): < iccIO:  0x6a 0x82 null
04-13 11:02:39.778 D/RILJ    ( 1678): [0104]< SIM_IO IccIoResponse sw1:0x6a sw2:0x82
04-13 11:02:39.788 D/RILC    ( 1552): [0105]> SIM_IO (cmd=0xC0,efid=0x6F11,path=3F007F20,0,0,15,(null),pin2=(null))
04-13 11:02:39.788 D/RIL     ( 1552): onRequest: SIM_IO
04-13 11:02:39.788 D/AT      ( 1552): AT> AT+CRSM=192,28433,0,0,15
04-13 11:02:39.798 D/RILJ    ( 1678): [0106]> iccIO: SIM_IO 0xc0 0x6fcb  path: 3F007F20,0,0,15
04-13 11:02:39.798 D/AT      ( 1552): AT< +CRSM: 106,130
04-13 11:02:39.798 D/AT      ( 1552): AT< OK
04-13 11:02:39.798 D/RILC    ( 1552): [0105]< SIM_IO {sw1=0x6A,sw2=0x82,(null)}
04-13 11:02:39.798 D/RILJ    ( 1678): < iccIO:  0x6a 0x82 null
04-13 11:02:39.808 D/RILJ    ( 1678): [0105]< SIM_IO IccIoResponse sw1:0x6a sw2:0x82
04-13 11:02:39.808 D/RILC    ( 1552): [0106]> SIM_IO (cmd=0xC0,efid=0x6FCB,path=3F007F20,0,0,15,(null),pin2=(null))
04-13 11:02:39.808 D/RIL     ( 1552): onRequest: SIM_IO
04-13 11:02:39.808 D/AT      ( 1552): AT> AT+CRSM=192,28619,0,0,15
04-13 11:02:39.818 D/AT      ( 1552): AT< +CRSM: 106,130
04-13 11:02:39.818 D/AT      ( 1552): AT< OK
04-13 11:02:39.828 D/RILC    ( 1552): [0106]< SIM_IO {sw1=0x6A,sw2=0x82,(null)}
04-13 11:02:39.828 D/RILJ    ( 1678): < iccIO:  0x6a 0x82 null
04-13 11:02:39.828 D/RILJ    ( 1678): [0106]< SIM_IO IccIoResponse sw1:0x6a sw2:0x82
04-13 11:02:39.828 D/RILJ    ( 1678): [0107]> iccIO: SIM_IO 0xc0 0x6f13  path: 3F007F20,0,0,15
04-13 11:02:39.858 D/RILC    ( 1552): [0107]> SIM_IO (cmd=0xC0,efid=0x6F13,path=3F007F20,0,0,15,(null),pin2=(null))
04-13 11:02:39.858 D/RIL     ( 1552): onRequest: SIM_IO
04-13 11:02:39.858 D/AT      ( 1552): AT> AT+CRSM=192,28435,0,0,15
04-13 11:02:39.868 D/RILJ    ( 1678): [0108]> iccIO: SIM_IO 0xc0 0x6f46  path: 3F007F20,0,0,15
04-13 11:02:39.868 D/AT      ( 1552): AT< +CRSM: 106,130
04-13 11:02:39.868 D/AT      ( 1552): AT< OK
04-13 11:02:39.868 D/RILC    ( 1552): [0107]< SIM_IO {sw1=0x6A,sw2=0x82,(null)}
04-13 11:02:39.878 D/RILJ    ( 1678): < iccIO:  0x6a 0x82 null
04-13 11:02:39.878 D/RILJ    ( 1678): [0107]< SIM_IO IccIoResponse sw1:0x6a sw2:0x82
04-13 11:02:39.888 D/RILC    ( 1552): [0108]> SIM_IO (cmd=0xC0,efid=0x6F46,path=3F007F20,0,0,15,(null),pin2=(null))
04-13 11:02:39.888 D/RIL     ( 1552): onRequest: SIM_IO
04-13 11:02:39.888 D/AT      ( 1552): AT> AT+CRSM=192,28486,0,0,15
04-13 11:02:39.898 D/RILJ    ( 1678): [0109]> iccIO: SIM_IO 0xc0 0x6fcd  path: 3F007F20,0,0,15
04-13 11:02:39.908 D/AT      ( 1552): AT< +CRSM: 144,0,"FFFF00116F4604FF000000FF020002"
04-13 11:02:39.908 D/AT      ( 1552): AT< OK
04-13 11:02:39.908 D/RILC    ( 1552): [0108]< SIM_IO {sw1=0x90,sw2=0x0,FFFF00116F4604FF000000FF020002}
04-13 11:02:39.918 D/RILJ    ( 1678): < iccIO:  0x90 0x0 FFFF00116F4604FF000000FF020002
04-13 11:02:39.918 D/RILJ    ( 1678): [0108]< SIM_IO IccIoResponse sw1:0x90 sw2:0x0
04-13 11:02:39.918 D/RILC    ( 1552): [0109]> SIM_IO (cmd=0xC0,efid=0x6FCD,path=3F007F20,0,0,15,(null),pin2=(null))
04-13 11:02:39.918 D/RIL     ( 1552): onRequest: SIM_IO
04-13 11:02:39.918 D/AT      ( 1552): AT> AT+CRSM=192,28621,0,0,15
04-13 11:02:39.928 D/RILJ    ( 1678): [0110]> iccIO: SIM_IO 0xc0 0x6fc5  path: 3F007F20,0,0,15
04-13 11:02:39.938 D/AT      ( 1552): AT< +CRSM: 144,0,"FFFF00226FCD04FF000000FF020002"
04-13 11:02:39.948 D/AT      ( 1552): AT< OK
04-13 11:02:39.948 D/RILC    ( 1552): [0109]< SIM_IO {sw1=0x90,sw2=0x0,FFFF00226FCD04FF000000FF020002}
04-13 11:02:39.948 D/RILJ    ( 1678): < iccIO:  0x90 0x0 FFFF00226FCD04FF000000FF020002
04-13 11:02:39.948 D/RILJ    ( 1678): [0109]< SIM_IO IccIoResponse sw1:0x90 sw2:0x0
04-13 11:02:39.958 D/RILC    ( 1552): [0110]> SIM_IO (cmd=0xC0,efid=0x6FC5,path=3F007F20,0,0,15,(null),pin2=(null))
04-13 11:02:39.958 D/RIL     ( 1552): onRequest: SIM_IO
04-13 11:02:39.958 D/AT      ( 1552): AT> AT+CRSM=192,28613,0,0,15
04-13 11:02:39.967 D/RILJ    ( 1678): [0111]> iccIO: SIM_IO 0xc0 0x6f38  path: 3F007F20,0,0,15
04-13 11:02:39.978 D/AT      ( 1552): AT< +CRSM: 144,0,"FFFF00706FC504FF000000FF02010E"
04-13 11:02:39.978 D/AT      ( 1552): AT< OK
