04-13 11:02:39.978 D/RILC    ( 1552): [0110]< SIM_IO {sw1=0x90,sw2=0x0,FFFF00706FC504FF000000FF02010E}
04-13 11:02:39.988 D/RILJ    ( 1678): < iccIO:  0x90 0x0 FFFF00706FC504FF000000FF02010E
04-13 11:02:39.988 D/RILJ    ( 1678): [0110]< SIM_IO IccIoResponse sw1:0x90 sw2:0x0
04-13 11:02:40.008 D/RILC    ( 1552): [0111]> SIM_IO (cmd=0xC0,efid=0x6F38,path=3F007F20,0,0,15,(null),pin2=(null))
04-13 11:02:40.008 D/RIL     ( 1552): onRequest: SIM_IO
04-13 11:02:40.008 D/RILJ    ( 1678): [0112]> iccIO: SIM_IO 0xc0 0x6f16  path: 3F007F20,0,0,15
04-13 11:02:40.008 D/AT      ( 1552): AT> AT+CRSM=192,28472,0,0,15
04-13 11:02:40.031 D/AT      ( 1552): AT< +CREG: 0
04-13 11:02:40.038 D/RIL     ( 1552): restrictionState updated: 20
04-13 11:02:40.038 D/RILC    ( 1552): [UNSL]< UNSOL_RESPONSE_NETWORK_STATE_CHANGED 
04-13 11:02:40.038 D/AT      ( 1552): AT< +CGREG: 0
04-13 11:02:40.038 D/RIL     ( 1552): restrictionState updated: 20
04-13 11:02:40.038 D/RILC    ( 1552): [UNSL]< UNSOL_RESPONSE_NETWORK_STATE_CHANGED 
04-13 11:02:40.038 D/AT      ( 1552): AT< ^MODE: 15
04-13 11:02:40.038 E/RIL     ( 1552): unsupported URC : ^MODE: 15
04-13 11:02:40.038 D/AT      ( 1552): AT< +CREG: 1,"A014","002487A1",2
04-13 11:02:40.038 D/RIL     ( 1552): restrictionState updated: 0
04-13 11:02:40.038 D/RILC    ( 1552): [UNSL]< UNSOL_RESPONSE_NETWORK_STATE_CHANGED 
04-13 11:02:40.038 D/AT      ( 1552): AT< +CGREG: 2
04-13 11:02:40.038 D/RIL     ( 1552): restrictionState updated: 0
04-13 11:02:40.038 D/RILC    ( 1552): [UNSL]< UNSOL_RESPONSE_NETWORK_STATE_CHANGED 
04-13 11:02:40.038 D/AT      ( 1552): AT< +CGEV: ME DETACH
04-13 11:02:40.038 D/RILJ    ( 1678): [UNSL]< UNSOL_RESPONSE_NETWORK_STATE_CHANGED
04-13 11:02:40.048 D/RILJ    ( 1678): [UNSL]< UNSOL_RESPONSE_NETWORK_STATE_CHANGED
04-13 11:02:40.048 D/RILJ    ( 1678): [UNSL]< UNSOL_RESPONSE_NETWORK_STATE_CHANGED
04-13 11:02:40.048 D/RILJ    ( 1678): [UNSL]< UNSOL_RESPONSE_NETWORK_STATE_CHANGED
04-13 11:02:40.059 D/AT      ( 1552): AT< +CRSM: 144,0,"FFFF000A6F3804FF000000FF020002"
04-13 11:02:40.059 D/AT      ( 1552): AT< OK
04-13 11:02:40.059 D/RILC    ( 1552): [0111]< SIM_IO {sw1=0x90,sw2=0x0,FFFF000A6F3804FF000000FF020002}
04-13 11:02:40.059 D/RILC    ( 1552): [UNSL]< UNSOL_RESTRICTED_STATE_CHANGED {0}
04-13 11:02:40.059 D/RILC    ( 1552): [UNSL]< UNSOL_RESTRICTED_STATE_CHANGED {0}
04-13 11:02:40.059 D/RILC    ( 1552): [UNSL]< UNSOL_RESTRICTED_STATE_CHANGED {0}
04-13 11:02:40.059 D/RILC    ( 1552): [UNSL]< UNSOL_RESTRICTED_STATE_CHANGED {0}
04-13 11:02:40.059 D/AT      ( 1552): AT> AT+CGACT?
04-13 11:02:40.059 D/AT      ( 1552): AT< +CGACT: 1,0
04-13 11:02:40.059 D/AT      ( 1552): AT< OK
04-13 11:02:40.059 D/AT      ( 1552): AT> AT+CGDCONT?
04-13 11:02:40.078 D/AT      ( 1552): AT< +CGDCONT: 1,"IP","uninet","0.0.0.0",0,0
04-13 11:02:40.078 D/RILJ    ( 1678): < iccIO:  0x90 0x0 FFFF000A6F3804FF000000FF020002
04-13 11:02:40.078 D/RILJ    ( 1678): [0111]< SIM_IO IccIoResponse sw1:0x90 sw2:0x0
04-13 11:02:40.078 D/AT      ( 1552): AT< OK
04-13 11:02:40.088 D/RILC    ( 1552): [UNSL]< UNSOL_DATA_CALL_LIST_CHANGED {[cid=1,down,IP,uninet,0.0.0.0]}
04-13 11:02:40.088 V/GSM     ( 1678): Check if IMSI shalll be read againnull
04-13 11:02:40.088 V/GSM     ( 1678): Force to get IMSI again 
04-13 11:02:40.088 D/RILJ    ( 1678): [0113]> getIMSI:RIL_REQUEST_GET_IMSI 11 GET_IMSI
04-13 11:02:40.088 D/RILC    ( 1552): [0112]> SIM_IO (cmd=0xC0,efid=0x6F16,path=3F007F20,0,0,15,(null),pin2=(null))
04-13 11:02:40.088 D/RIL     ( 1552): onRequest: SIM_IO
04-13 11:02:40.088 D/AT      ( 1552): AT> AT+CRSM=192,28438,0,0,15
04-13 11:02:40.099 V/RILJ    ( 1678): [UNSL]< UNSOL_RESTRICTED_STATE_CHANGED {0}
04-13 11:02:40.108 D/AT      ( 1552): AT< +CRSM: 106,130
04-13 11:02:40.108 D/AT      ( 1552): AT< OK
04-13 11:02:40.108 D/RILC    ( 1552): [0112]< SIM_IO {sw1=0x6A,sw2=0x82,(null)}
04-13 11:02:40.108 V/RILJ    ( 1678): [UNSL]< UNSOL_RESTRICTED_STATE_CHANGED {0}
04-13 11:02:40.118 D/RILC    ( 1552): [0113]> GET_IMSI 
04-13 11:02:40.118 D/RIL     ( 1552): onRequest: GET_IMSI
04-13 11:02:40.118 D/AT      ( 1552): AT> AT+CIMI
04-13 11:02:40.118 D/RILJ    ( 1678): [0114]> GET_SIM_STATUS
04-13 11:02:40.128 D/AT      ( 1552): AT< 460010020683648
04-13 11:02:40.128 D/AT      ( 1552): AT< OK
04-13 11:02:40.128 D/RILC    ( 1552): [0113]< GET_IMSI {460010020683648}
04-13 11:02:40.148 D/RILC    ( 1552): [0114]> GET_SIM_STATUS 
04-13 11:02:40.148 D/RIL     ( 1552): onRequest: GET_SIM_STATUS
04-13 11:02:40.148 D/AT      ( 1552): AT> AT+CPIN?
04-13 11:02:40.148 D/RILJ    ( 1678): [0115]> QUERY_FACILITY_LOCK
04-13 11:02:40.158 V/RILJ    ( 1678): [UNSL]< UNSOL_RESTRICTED_STATE_CHANGED {0}
04-13 11:02:40.168 D/RILJ    ( 1678): [0116]> QUERY_FACILITY_LOCK
04-13 11:02:40.188 V/RILJ    ( 1678): [UNSL]< UNSOL_RESTRICTED_STATE_CHANGED {0}
04-13 11:02:40.198 D/AT      ( 1552): AT< +CPIN: READY
04-13 11:02:40.198 D/AT      ( 1552): AT< OK
04-13 11:02:40.198 D/RILC    ( 1552): [0114]< GET_SIM_STATUS {[app_type=1,app_state=5,perso_substate=2,                aid_ptr=(null),app_label_ptr=(null),pin1_replaced=0,pin1=0,pin2=0],}
04-13 11:02:40.198 D/AT      ( 1552): AT> AT+CPIN?
04-13 11:02:40.198 D/RILJ    ( 1678): [0117]> OPERATOR
04-13 11:02:40.218 D/RILJ    ( 1678): [UNSL]< UNSOL_DATA_CALL_LIST_CHANGED [DataCallState: { cid: 1, active: 0, type: IP, apn: uninet, address: 0.0.0.0 }]
04-13 11:02:40.228 D/RILJ    ( 1678): [0118]> GPRS_REGISTRATION_STATE
04-13 11:02:40.248 D/AT      ( 1552): AT< +CPIN: READY
04-13 11:02:40.248 D/AT      ( 1552): AT< OK
04-13 11:02:40.248 D/RIL     ( 1552): 	updateRadioStateAfterSimStatus
04-13 11:02:40.248 D/RILC    ( 1552): [0115]> QUERY_FACILITY_LOCK (SC,,7)
04-13 11:02:40.248 D/RIL     ( 1552): onRequest: QUERY_FACILITY_LOCK
04-13 11:02:40.248 D/AT      ( 1552): AT> AT+CLCK="SC",2,"",7
04-13 11:02:40.258 D/RILJ    ( 1678): < iccIO:  0x6a 0x82 null
04-13 11:02:40.258 D/RILJ    ( 1678): [0112]< SIM_IO IccIoResponse sw1:0x6a sw2:0x82
04-13 11:02:40.258 D/RILJ    ( 1678): [0113]< GET_IMSI 
04-13 11:02:40.258 D/RILJ    ( 1678): [0114]< GET_SIM_STATUS com.android.internal.telephony.IccCardStatus@43cb13e8
04-13 11:02:40.268 D/RILJ    ( 1678): [0119]> REGISTRATION_STATE
04-13 11:02:40.278 D/RILJ    ( 1678): [0120]> QUERY_NETWORK_SELECTION_MODE
04-13 11:02:40.298 D/AT      ( 1552): AT< +CLCK: 0
04-13 11:02:40.298 D/AT      ( 1552): AT< OK
04-13 11:02:40.298 D/RILC    ( 1552): [0115]< QUERY_FACILITY_LOCK {0}
04-13 11:02:40.298 D/RILC    ( 1552): [0116]> QUERY_FACILITY_LOCK (FD,,7)
04-13 11:02:40.298 D/RIL     ( 1552): onRequest: QUERY_FACILITY_LOCK
04-13 11:02:40.298 D/AT      ( 1552): AT> AT+CLCK="FD",2,"",7
04-13 11:02:40.298 D/AT      ( 1552): AT< +CLCK: 0
04-13 11:02:40.298 D/AT      ( 1552): AT< OK
04-13 11:02:40.308 D/RILC    ( 1552): [0116]< QUERY_FACILITY_LOCK {0}
04-13 11:02:40.308 D/RILC    ( 1552): [0117]> OPERATOR 
04-13 11:02:40.308 D/RIL     ( 1552): onRequest: OPERATOR
04-13 11:02:40.308 D/AT      ( 1552): AT> AT+COPS=3,0;+COPS?;+COPS=3,2;+COPS?
04-13 11:02:40.308 D/RILJ    ( 1678): [0115]< QUERY_FACILITY_LOCK {0}
04-13 11:02:40.308 D/RILJ    ( 1678): [0116]< QUERY_FACILITY_LOCK {0}
04-13 11:02:40.318 D/AT      ( 1552): AT< +COPS: 0,0,"CHINA UNICOM GSM",2
04-13 11:02:40.318 D/AT      ( 1552): AT< +COPS: 0,2,"46001",2
04-13 11:02:40.318 D/AT      ( 1552): AT< OK
04-13 11:02:40.328 D/GSM     ( 1678): [DSAC DEB] EVENT_RESTRICTED_STATE_CHANGED
04-13 11:02:40.328 D/GSM     ( 1678): [DSAC DEB] onRestrictedStateChanged
04-13 11:02:40.328 D/GSM     ( 1678): [DSAC DEB] current rs at enter Restricted State CS: emergency PS:false
04-13 11:02:40.328 D/GSM     ( 1678): [DSAC DEB] new rs Restricted State CS: all PS:true
04-13 11:02:40.318 D/RILC    ( 1552): [0117]< OPERATOR {CHINA UNICOM GSM,CHINA UNICOM GSM,46001}
04-13 11:02:40.328 D/GSM     ( 1678): [DSAC DEB] create notification 1001
04-13 11:02:40.338 D/RILC    ( 1552): [0118]> GPRS_REGISTRATION_STATE 
04-13 11:02:40.338 D/RIL     ( 1552): onRequest: GPRS_REGISTRATION_STATE
04-13 11:02:40.338 D/AT      ( 1552): AT> AT+CGREG?
04-13 11:02:40.338 D/AT      ( 1552): AT< +CGREG: 2,2
04-13 11:02:40.338 D/AT      ( 1552): AT< OK
04-13 11:02:40.338 D/RILC    ( 1552): [0118]< GPRS_REGISTRATION_STATE {2,(null),(null)}
04-13 11:02:40.338 D/RILC    ( 1552): [0119]> REGISTRATION_STATE 
04-13 11:02:40.338 D/RIL     ( 1552): onRequest: REGISTRATION_STATE
04-13 11:02:40.338 D/AT      ( 1552): AT> AT+CREG?
04-13 11:02:40.358 D/AT      ( 1552): AT< +CREG: 2,1,"A014","002487A1",2
04-13 11:02:40.358 D/AT      ( 1552): AT< OK
04-13 11:02:40.358 D/RILC    ( 1552): [0119]< REGISTRATION_STATE {1,a014,2487a1,3}
04-13 11:02:40.358 D/RILC    ( 1552): [0120]> QUERY_NETWORK_SELECTION_MODE 
04-13 11:02:40.358 D/RIL     ( 1552): onRequest: QUERY_NETWORK_SELECTION_MODE
04-13 11:02:40.358 D/AT      ( 1552): AT> AT+COPS?
04-13 11:02:40.358 D/AT      ( 1552): AT< +COPS: 0,2,"46001",2
04-13 11:02:40.368 D/AT      ( 1552): AT< OK
04-13 11:02:40.368 D/RILC    ( 1552): [0120]< QUERY_NETWORK_SELECTION_MODE {0}
04-13 11:02:40.368 D/RILJ    ( 1678): [0117]< OPERATOR {CHINA UNICOM GSM, CHINA UNICOM GSM, 46001}
04-13 11:02:40.368 D/GSM     ( 1678): [DSAC DEB] put notification Restricted access changed / Data service is blocked.
04-13 11:02:40.378 D/RILJ    ( 1678): [0118]< GPRS_REGISTRATION_STATE {2, null, null}
04-13 11:02:40.398 D/RILJ    ( 1678): [0119]< REGISTRATION_STATE {1, a014, 2487a1, 3}
04-13 11:02:40.418 D/RILJ    ( 1678): [0120]< QUERY_NETWORK_SELECTION_MODE {0}
04-13 11:02:40.418 D/GSM     ( 1678): [DSAC DEB] create notification 1003
04-13 11:02:40.438 D/GSM     ( 1678): [DSAC DEB] put notification Restricted access changed / All Voice services are blocked.
04-13 11:02:40.478 D/GSM     ( 1678): [DSAC DEB] current rs at return Restricted State CS: all PS:true
04-13 11:02:40.478 D/GSM     ( 1678): IMSI: 460010xxxxxxxxx
04-13 11:02:40.478 D/GSM     ( 1678): [IccCard] Broadcasting intent ACTION_SIM_STATE_CHANGED IMSI reason null
04-13 11:02:40.528 D/RILJ    ( 1678): [0121]> iccIO: SIM_IO 0xb0 0x2fe2  path: 3F00,0,0,10
04-13 11:02:40.548 D/RILC    ( 1552): [0121]> SIM_IO (cmd=0xB0,efid=0x2FE2,path=3F00,0,0,10,(null),pin2=(null))
04-13 11:02:40.548 D/RIL     ( 1552): onRequest: SIM_IO
04-13 11:02:40.548 D/AT      ( 1552): AT> AT+CRSM=176,12258,0,0,10
04-13 11:02:40.558 D/RILJ    ( 1678): [0122]> iccIO: SIM_IO 0xb2 0x6f40  path: 3F007F10,1,4,28
04-13 11:02:40.598 D/AT      ( 1552): AT< +CRSM: 144,0,"98681001031020859996"
04-13 11:02:40.598 D/AT      ( 1552): AT< OK
04-13 11:02:40.598 D/RILC    ( 1552): [0121]< SIM_IO {sw1=0x90,sw2=0x0,98681001031020859996}
04-13 11:02:40.598 D/RILJ    ( 1678): < iccIO:  0x90 0x0 98681001031020859996
04-13 11:02:40.608 D/RILJ    ( 1678): [0121]< SIM_IO IccIoResponse sw1:0x90 sw2:0x0
04-13 11:02:40.608 D/RILJ    ( 1678): [0123]> iccIO: SIM_IO 0xb0 0x6fad  path: 3F007F20,0,0,4
04-13 11:02:40.628 D/RILC    ( 1552): [0122]> SIM_IO (cmd=0xB2,efid=0x6F40,path=3F007F10,1,4,28,(null),pin2=(null))
04-13 11:02:40.628 D/RIL     ( 1552): onRequest: SIM_IO
04-13 11:02:40.628 D/AT      ( 1552): AT> AT+CRSM=178,28480,1,4,28
04-13 11:02:40.668 D/RILJ    ( 1678): [0124]> iccIO: SIM_IO 0xb0 0x6f46  path: 3F007F20,0,0,17
04-13 11:02:40.678 D/AT      ( 1552): AT< +CRSM: 144,0,"FFFFFFFFFFFFFFFFFFFFFFFFFFFFFFFFFFFFFFFFFFFFFFFFFFFFFFFF"
04-13 11:02:40.678 D/AT      ( 1552): AT< OK
04-13 11:02:40.678 D/RILC    ( 1552): [0122]< SIM_IO {sw1=0x90,sw2=0x0,FFFFFFFFFFFFFFFFFFFFFFFFFFFFFFFFFFFFFFFFFFFFFFFFFFFFFFFF}
04-13 11:02:40.678 D/RILJ    ( 1678): < iccIO:  0x90 0x0 FFFFFFFFFFFFFFFFFFFFFFFFFFFFFFFFFFFFFFFFFFFFFFFFFFFFFFFF
04-13 11:02:40.678 D/RILJ    ( 1678): [0122]< SIM_IO IccIoResponse sw1:0x90 sw2:0x0
04-13 11:02:40.678 D/RILC    ( 1552): [0123]> SIM_IO (cmd=0xB0,efid=0x6FAD,path=3F007F20,0,0,4,(null),pin2=(null))
04-13 11:02:40.678 D/RIL     ( 1552): onRequest: SIM_IO
04-13 11:02:40.678 D/AT      ( 1552): AT> AT+CRSM=176,28589,0,0,4
04-13 11:02:40.698 D/AT      ( 1552): AT< +CRSM: 144,0,"00000002"
04-13 11:02:40.698 D/AT      ( 1552): AT< OK
04-13 11:02:40.698 D/RILC    ( 1552): [0123]< SIM_IO {sw1=0x90,sw2=0x0,00000002}
04-13 11:02:40.728 D/RILC    ( 1552): [0124]> SIM_IO (cmd=0xB0,efid=0x6F46,path=3F007F20,0,0,17,(null),pin2=(null))
04-13 11:02:40.728 D/RIL     ( 1552): onRequest: SIM_IO
04-13 11:02:40.728 D/AT      ( 1552): AT> AT+CRSM=176,28486,0,0,17
04-13 11:02:40.738 D/RILJ    ( 1678): [0125]> iccIO: SIM_IO 0xb0 0x6fcd  path: 3F007F20,0,0,34
04-13 11:02:40.738 D/RILJ    ( 1678): < iccIO:  0x90 0x0 00000002
04-13 11:02:40.758 D/RILJ    ( 1678): [0123]< SIM_IO IccIoResponse sw1:0x90 sw2:0x0
04-13 11:02:40.768 D/AT      ( 1552): AT< +CRSM: 144,0,"00FFFFFFFFFFFFFFFFFFFFFFFFFFFFFFFF"
04-13 11:02:40.768 D/AT      ( 1552): AT< OK
04-13 11:02:40.768 D/RILC    ( 1552): [0124]< SIM_IO {sw1=0x90,sw2=0x0,00FFFFFFFFFFFFFFFFFFFFFFFFFFFFFFFF}
04-13 11:02:40.808 D/RILJ    ( 1678): [0126]> iccIO: SIM_IO 0xb2 0x6fc5  path: 3F007F20,1,4,14
04-13 11:02:40.808 D/RILJ    ( 1678): < iccIO:  0x90 0x0 00FFFFFFFFFFFFFFFFFFFFFFFFFFFFFFFF
04-13 11:02:40.818 D/RILC    ( 1552): [0125]> SIM_IO (cmd=0xB0,efid=0x6FCD,path=3F007F20,0,0,34,(null),pin2=(null))
04-13 11:02:40.818 D/RIL     ( 1552): onRequest: SIM_IO
04-13 11:02:40.818 D/AT      ( 1552): AT> AT+CRSM=176,28621,0,0,34
04-13 11:02:40.828 D/RILJ    ( 1678): [0124]< SIM_IO IccIoResponse sw1:0x90 sw2:0x0
04-13 11:02:40.837 D/AT      ( 1552): AT< +CRSM: 144,0,"FFFFFFFFFFFFFFFFFFFFFFFFFFFFFFFFFFFFFFFFFFFFFFFFFFFFFFFFFFFFFFFFFFFF"
04-13 11:02:40.837 D/AT      ( 1552): AT< OK
04-13 11:02:40.837 D/RILC    ( 1552): [0125]< SIM_IO {sw1=0x90,sw2=0x0,FFFFFFFFFFFFFFFFFFFFFFFFFFFFFFFFFFFFFFFFFFFFFFFFFFFFFFFFFFFFFFFFFFFF}
04-13 11:02:40.848 D/RILC    ( 1552): [0126]> SIM_IO (cmd=0xB2,efid=0x6FC5,path=3F007F20,1,4,14,(null),pin2=(null))
04-13 11:02:40.848 D/RIL     ( 1552): onRequest: SIM_IO
04-13 11:02:40.848 D/AT      ( 1552): AT> AT+CRSM=178,28613,1,4,14
04-13 11:02:40.848 D/RILJ    ( 1678): < iccIO:  0x90 0x0 FFFFFFFFFFFFFFFFFFFFFFFFFFFFFFFFFFFFFFFFFFFFFFFFFFFFFFFFFFFFFFFFFFFF
04-13 11:02:40.858 D/AT      ( 1552): AT< +CRSM: 144,0,"FFFFFFFFFFFFFFFFFFFFFFFFFFFF"
04-13 11:02:40.858 D/AT      ( 1552): AT< OK
04-13 11:02:40.858 D/RILC    ( 1552): [0126]< SIM_IO {sw1=0x90,sw2=0x0,FFFFFFFFFFFFFFFFFFFFFFFFFFFF}
04-13 11:02:40.868 D/RILJ    ( 1678): [0127]> OPERATOR
04-13 11:02:40.868 D/RILJ    ( 1678): [0125]< SIM_IO IccIoResponse sw1:0x90 sw2:0x0
04-13 11:02:40.888 D/RILJ    ( 1678): < iccIO:  0x90 0x0 FFFFFFFFFFFFFFFFFFFFFFFFFFFF
04-13 11:02:40.898 D/RILJ    ( 1678): [0126]< SIM_IO IccIoResponse sw1:0x90 sw2:0x0
04-13 11:02:40.918 D/RILC    ( 1552): [0127]> OPERATOR 
04-13 11:02:40.918 D/RIL     ( 1552): onRequest: OPERATOR
04-13 11:02:40.918 D/AT      ( 1552): AT> AT+COPS=3,0;+COPS?;+COPS=3,2;+COPS?
04-13 11:02:40.918 D/AT      ( 1552): AT< +COPS: 0,0,"CHINA UNICOM GSM",2
04-13 11:02:40.918 D/AT      ( 1552): AT< +COPS: 0,2,"46001",2
04-13 11:02:40.918 D/AT      ( 1552): AT< OK
04-13 11:02:40.918 D/RILC    ( 1552): [0127]< OPERATOR {CHINA UNICOM GSM,CHINA UNICOM GSM,46001}
04-13 11:02:40.928 D/RILJ    ( 1678): [0127]< OPERATOR {CHINA UNICOM GSM, CHINA UNICOM GSM, 46001}
04-13 11:02:40.928 D/RILJ    ( 1678): [0128]> GPRS_REGISTRATION_STATE
04-13 11:02:40.948 D/RILC    ( 1552): [0128]> GPRS_REGISTRATION_STATE 
04-13 11:02:40.948 D/RIL     ( 1552): onRequest: GPRS_REGISTRATION_STATE
04-13 11:02:40.948 D/AT      ( 1552): AT> AT+CGREG?
04-13 11:02:40.948 D/AT      ( 1552): AT< +CGREG: 2,2
04-13 11:02:40.948 D/AT      ( 1552): AT< OK
04-13 11:02:40.948 D/RILC    ( 1552): [0128]< GPRS_REGISTRATION_STATE {2,(null),(null)}
04-13 11:02:40.968 D/RILJ    ( 1678): [0129]> REGISTRATION_STATE
04-13 11:02:40.968 D/RILJ    ( 1678): [0130]> QUERY_NETWORK_SELECTION_MODE
04-13 11:02:40.978 D/RILC    ( 1552): [0129]> REGISTRATION_STATE 
04-13 11:02:40.978 D/RIL     ( 1552): onRequest: REGISTRATION_STATE
04-13 11:02:40.978 D/AT      ( 1552): AT> AT+CREG?
04-13 11:02:40.978 D/AT      ( 1552): AT< +CREG: 2,1,"A014","002487A1",2
04-13 11:02:40.978 D/AT      ( 1552): AT< OK
04-13 11:02:40.978 D/RILC    ( 1552): [0129]< REGISTRATION_STATE {1,a014,2487a1,3}
04-13 11:02:40.998 D/RILJ    ( 1678): [0128]< GPRS_REGISTRATION_STATE {2, null, null}
04-13 11:02:40.998 D/RILJ    ( 1678): [0131]> OPERATOR
04-13 11:02:41.008 D/RILC    ( 1552): [0130]> QUERY_NETWORK_SELECTION_MODE 
04-13 11:02:41.008 D/RIL     ( 1552): onRequest: QUERY_NETWORK_SELECTION_MODE
04-13 11:02:41.008 D/AT      ( 1552): AT> AT+COPS?
04-13 11:02:41.008 D/AT      ( 1552): AT< +COPS: 0,2,"46001",2
04-13 11:02:41.008 D/AT      ( 1552): AT< OK
04-13 11:02:41.018 D/RILC    ( 1552): [0130]< QUERY_NETWORK_SELECTION_MODE {0}
04-13 11:02:41.027 D/RILJ    ( 1678): [0129]< REGISTRATION_STATE {1, a014, 2487a1, 3}
04-13 11:02:41.038 D/RILC    ( 1552): [0131]> OPERATOR 
04-13 11:02:41.038 D/RIL     ( 1552): onRequest: OPERATOR
04-13 11:02:41.038 D/AT      ( 1552): AT> AT+COPS=3,0;+COPS?;+COPS=3,2;+COPS?
04-13 11:02:41.048 D/AT      ( 1552): AT< +COPS: 0,0,"CHINA UNICOM GSM",2
04-13 11:02:41.048 D/AT      ( 1552): AT< +COPS: 0,2,"46001",2
04-13 11:02:41.048 D/AT      ( 1552): AT< OK
04-13 11:02:41.048 D/RILC    ( 1552): [0131]< OPERATOR {CHINA UNICOM GSM,CHINA UNICOM GSM,46001}
04-13 11:02:41.048 D/RILJ    ( 1678): [0132]> GPRS_REGISTRATION_STATE
04-13 11:02:41.048 D/RILJ    ( 1678): [0130]< QUERY_NETWORK_SELECTION_MODE {0}
04-13 11:02:41.088 D/RILJ    ( 1678): [0131]< OPERATOR {CHINA UNICOM GSM, CHINA UNICOM GSM, 46001}
04-13 11:02:41.098 D/RILC    ( 1552): [0132]> GPRS_REGISTRATION_STATE 
04-13 11:02:41.098 D/RIL     ( 1552): onRequest: GPRS_REGISTRATION_STATE
04-13 11:02:41.098 D/AT      ( 1552): AT> AT+CGREG?
04-13 11:02:41.108 D/AT      ( 1552): AT< +CGREG: 2,2
04-13 11:02:41.108 D/AT      ( 1552): AT< OK
04-13 11:02:41.108 D/RILC    ( 1552): [0132]< GPRS_REGISTRATION_STATE {2,(null),(null)}
04-13 11:02:41.108 D/RILJ    ( 1678): [0133]> REGISTRATION_STATE
04-13 11:02:41.118 D/RILJ    ( 1678): [0134]> QUERY_NETWORK_SELECTION_MODE
04-13 11:02:41.128 D/RILJ    ( 1678): [0132]< GPRS_REGISTRATION_STATE {2, null, null}
04-13 11:02:41.128 D/RILJ    ( 1678): [0135]> OPERATOR
04-13 11:02:41.138 D/RILC    ( 1552): [0133]> REGISTRATION_STATE 
04-13 11:02:41.138 D/RIL     ( 1552): onRequest: REGISTRATION_STATE
04-13 11:02:41.138 D/AT      ( 1552): AT> AT+CREG?
04-13 11:02:41.138 D/AT      ( 1552): AT< +CREG: 2,1,"A014","002487A1",2
04-13 11:02:41.148 D/AT      ( 1552): AT< OK
04-13 11:02:41.148 D/RILC    ( 1552): [0133]< REGISTRATION_STATE {1,a014,2487a1,3}
04-13 11:02:41.158 D/RILJ    ( 1678): [0133]< REGISTRATION_STATE {1, a014, 2487a1, 3}
04-13 11:02:41.158 D/RILJ    ( 1678): [0136]> GPRS_REGISTRATION_STATE
04-13 11:02:41.168 D/RILC    ( 1552): [0134]> QUERY_NETWORK_SELECTION_MODE 
04-13 11:02:41.168 D/RIL     ( 1552): onRequest: QUERY_NETWORK_SELECTION_MODE
04-13 11:02:41.168 D/AT      ( 1552): AT> AT+COPS?
04-13 11:02:41.168 D/AT      ( 1552): AT< +COPS: 0,2,"46001",2
04-13 11:02:41.188 D/AT      ( 1552): AT< OK
04-13 11:02:41.188 D/RILC    ( 1552): [0134]< QUERY_NETWORK_SELECTION_MODE {0}
04-13 11:02:41.188 D/RILJ    ( 1678): [0137]> REGISTRATION_STATE
04-13 11:02:41.188 D/RILJ    ( 1678): [0134]< QUERY_NETWORK_SELECTION_MODE {0}
04-13 11:02:41.188 D/RILC    ( 1552): [0135]> OPERATOR 
04-13 11:02:41.188 D/RIL     ( 1552): onRequest: OPERATOR
04-13 11:02:41.197 D/AT      ( 1552): AT> AT+COPS=3,0;+COPS?;+COPS=3,2;+COPS?
04-13 11:02:41.213 D/AT      ( 1552): AT< +COPS: 0,0,"CHINA UNICOM GSM",2
04-13 11:02:41.213 D/AT      ( 1552): AT< +COPS: 0,2,"46001",2
04-13 11:02:41.213 D/AT      ( 1552): AT< OK
04-13 11:02:41.213 D/RILC    ( 1552): [0135]< OPERATOR {CHINA UNICOM GSM,CHINA UNICOM GSM,46001}
04-13 11:02:41.213 D/RILC    ( 1552): [0136]> GPRS_REGISTRATION_STATE 
04-13 11:02:41.213 D/RIL     ( 1552): onRequest: GPRS_REGISTRATION_STATE
04-13 11:02:41.213 D/AT      ( 1552): AT> AT+CGREG?
04-13 11:02:41.218 D/RILJ    ( 1678): [0135]< OPERATOR {CHINA UNICOM GSM, CHINA UNICOM GSM, 46001}
04-13 11:02:41.218 D/RILJ    ( 1678): [0138]> QUERY_NETWORK_SELECTION_MODE
04-13 11:02:41.228 D/AT      ( 1552): AT< +CGREG: 2,2
04-13 11:02:41.228 D/AT      ( 1552): AT< OK
04-13 11:02:41.228 D/RILC    ( 1552): [0136]< GPRS_REGISTRATION_STATE {2,(null),(null)}
04-13 11:02:41.228 D/RILC    ( 1552): [0137]> REGISTRATION_STATE 
04-13 11:02:41.228 D/RIL     ( 1552): onRequest: REGISTRATION_STATE
04-13 11:02:41.228 D/AT      ( 1552): AT> AT+CREG?
04-13 11:02:41.238 D/RILJ    ( 1678): [0139]> OPERATOR
04-13 11:02:41.238 D/RILJ    ( 1678): [0136]< GPRS_REGISTRATION_STATE {2, null, null}
04-13 11:02:41.248 D/AT      ( 1552): AT< +CREG: 2,1,"A014","002487A1",2
04-13 11:02:41.248 D/AT      ( 1552): AT< OK
04-13 11:02:41.248 D/RILC    ( 1552): [0137]< REGISTRATION_STATE {1,a014,2487a1,3}
04-13 11:02:41.248 D/RILC    ( 1552): [0138]> QUERY_NETWORK_SELECTION_MODE 
04-13 11:02:41.248 D/RIL     ( 1552): onRequest: QUERY_NETWORK_SELECTION_MODE
04-13 11:02:41.248 D/AT      ( 1552): AT> AT+COPS?
04-13 11:02:41.268 D/AT      ( 1552): AT< +COPS: 0,2,"46001",2
04-13 11:02:41.277 D/AT      ( 1552): AT< OK
04-13 11:02:41.277 D/RILC    ( 1552): [0138]< QUERY_NETWORK_SELECTION_MODE {0}
04-13 11:02:41.277 D/RILJ    ( 1678): [0137]< REGISTRATION_STATE {1, a014, 2487a1, 3}
04-13 11:02:41.277 D/RILJ    ( 1678): [0138]< QUERY_NETWORK_SELECTION_MODE {0}
04-13 11:02:41.288 D/RILJ    ( 1678): [0140]> GPRS_REGISTRATION_STATE
04-13 11:02:41.288 D/RILC    ( 1552): [0139]> OPERATOR 
04-13 11:02:41.288 D/RIL     ( 1552): onRequest: OPERATOR
04-13 11:02:41.288 D/AT      ( 1552): AT> AT+COPS=3,0;+COPS?;+COPS=3,2;+COPS?
04-13 11:02:41.298 D/AT      ( 1552): AT< +COPS: 0,0,"CHINA UNICOM GSM",2
04-13 11:02:41.298 D/AT      ( 1552): AT< +COPS: 0,2,"46001",2
04-13 11:02:41.298 D/AT      ( 1552): AT< OK
04-13 11:02:41.298 D/RILC    ( 1552): [0139]< OPERATOR {CHINA UNICOM GSM,CHINA UNICOM GSM,46001}
04-13 11:02:41.308 D/RILJ    ( 1678): [0141]> REGISTRATION_STATE
04-13 11:02:41.308 D/RILC    ( 1552): [0140]> GPRS_REGISTRATION_STATE 
04-13 11:02:41.308 D/RIL     ( 1552): onRequest: GPRS_REGISTRATION_STATE
04-13 11:02:41.308 D/AT      ( 1552): AT> AT+CGREG?
04-13 11:02:41.318 D/RILJ    ( 1678): [0139]< OPERATOR {CHINA UNICOM GSM, CHINA UNICOM GSM, 46001}
04-13 11:02:41.328 D/AT      ( 1552): AT< +CGREG: 2,2
04-13 11:02:41.328 D/AT      ( 1552): AT< OK
04-13 11:02:41.328 D/RILC    ( 1552): [0140]< GPRS_REGISTRATION_STATE {2,(null),(null)}
04-13 11:02:41.338 D/RILC    ( 1552): [0141]> REGISTRATION_STATE 
04-13 11:02:41.338 D/RIL     ( 1552): onRequest: REGISTRATION_STATE
04-13 11:02:41.338 D/AT      ( 1552): AT> AT+CREG?
04-13 11:02:41.348 D/AT      ( 1552): AT< +CREG: 2,1,"A014","002487A1",2
04-13 11:02:41.348 D/RILJ    ( 1678): [0140]< GPRS_REGISTRATION_STATE {2, null, null}
04-13 11:02:41.348 D/AT      ( 1552): AT< OK
04-13 11:02:41.348 D/RILC    ( 1552): [0141]< REGISTRATION_STATE {1,a014,2487a1,3}
04-13 11:02:41.348 D/RILJ    ( 1678): [0142]> QUERY_NETWORK_SELECTION_MODE
04-13 11:02:41.368 D/RILJ    ( 1678): [0141]< REGISTRATION_STATE {1, a014, 2487a1, 3}
04-13 11:02:41.388 D/RILC    ( 1552): [0142]> QUERY_NETWORK_SELECTION_MODE 
04-13 11:02:41.388 D/RIL     ( 1552): onRequest: QUERY_NETWORK_SELECTION_MODE
04-13 11:02:41.388 D/AT      ( 1552): AT> AT+COPS?
04-13 11:02:41.397 D/AT      ( 1552): AT< +COPS: 0,2,"46001",2
04-13 11:02:41.397 D/AT      ( 1552): AT< OK
04-13 11:02:41.397 D/RILC    ( 1552): [0142]< QUERY_NETWORK_SELECTION_MODE {0}
04-13 11:02:41.397 D/RILJ    ( 1678): [0142]< QUERY_NETWORK_SELECTION_MODE {0}
04-13 11:02:41.408 D/RILJ    ( 1678): [0143]> iccIO: SIM_IO 0xb0 0x6f38  path: 3F007F20,0,0,10
04-13 11:02:41.428 D/RILC    ( 1552): [0143]> SIM_IO (cmd=0xB0,efid=0x6F38,path=3F007F20,0,0,10,(null),pin2=(null))
04-13 11:02:41.428 D/RIL     ( 1552): onRequest: SIM_IO
04-13 11:02:41.428 D/AT      ( 1552): AT> AT+CRSM=176,28472,0,0,10
04-13 11:02:41.438 D/GSM     ( 1678): [DSAC DEB] EVENT_RESTRICTED_STATE_CHANGED
04-13 11:02:41.438 D/GSM     ( 1678): [DSAC DEB] onRestrictedStateChanged
04-13 11:02:41.438 D/GSM     ( 1678): [DSAC DEB] current rs at enter Restricted State CS: all PS:true
04-13 11:02:41.438 D/GSM     ( 1678): [DSAC DEB] new rs Restricted State CS: none PS:false
04-13 11:02:41.438 D/GSM     ( 1678): [DSAC DEB] create notification 1002
04-13 11:02:41.457 D/AT      ( 1552): AT< +CRSM: 144,0,"9EFFBFFDFF3EDC034001"
04-13 11:02:41.457 D/AT      ( 1552): AT< OK
04-13 11:02:41.457 D/RILC    ( 1552): [0143]< SIM_IO {sw1=0x90,sw2=0x0,9EFFBFFDFF3EDC034001}
04-13 11:02:41.468 D/GSM     ( 1678): [DSAC DEB] put notification Restricted access changed / 
04-13 11:02:41.478 D/RILJ    ( 1678): < iccIO:  0x90 0x0 9EFFBFFDFF3EDC034001
04-13 11:02:41.478 D/RILJ    ( 1678): [0143]< SIM_IO IccIoResponse sw1:0x90 sw2:0x0
04-13 11:02:41.498 D/GSM     ( 1678): [DSAC DEB] create notification 1004
04-13 11:02:41.517 D/GSM     ( 1678): [DSAC DEB] put notification Restricted access changed / 
04-13 11:02:41.548 D/GSM     ( 1678): [DSAC DEB] current rs at return Restricted State CS: none PS:false
04-13 11:02:41.548 D/GSM     ( 1678): [DSAC DEB] EVENT_RESTRICTED_STATE_CHANGED
04-13 11:02:41.548 D/GSM     ( 1678): [DSAC DEB] onRestrictedStateChanged
04-13 11:02:41.548 D/GSM     ( 1678): [DSAC DEB] current rs at enter Restricted State CS: none PS:false
04-13 11:02:41.548 D/GSM     ( 1678): [DSAC DEB] new rs Restricted State CS: none PS:false
04-13 11:02:41.548 D/GSM     ( 1678): [DSAC DEB] current rs at return Restricted State CS: none PS:false
04-13 11:02:41.548 D/GSM     ( 1678): [DSAC DEB] EVENT_RESTRICTED_STATE_CHANGED
04-13 11:02:41.548 D/GSM     ( 1678): [DSAC DEB] onRestrictedStateChanged
04-13 11:02:41.548 D/GSM     ( 1678): [DSAC DEB] current rs at enter Restricted State CS: none PS:false
04-13 11:02:41.578 D/GSM     ( 1678): [DSAC DEB] new rs Restricted State CS: none PS:false
04-13 11:02:41.578 D/GSM     ( 1678): [DSAC DEB] current rs at return Restricted State CS: none PS:false
04-13 11:02:41.578 D/GSM     ( 1678): [DSAC DEB] EVENT_RESTRICTED_STATE_CHANGED
04-13 11:02:41.578 D/GSM     ( 1678): [DSAC DEB] onRestrictedStateChanged
04-13 11:02:41.578 D/GSM     ( 1678): [DSAC DEB] current rs at enter Restricted State CS: none PS:false
04-13 11:02:41.578 D/GSM     ( 1678): [DSAC DEB] new rs Restricted State CS: none PS:false
04-13 11:02:41.578 D/GSM     ( 1678): [DSAC DEB] current rs at return Restricted State CS: none PS:false
04-13 11:02:41.618 D/GSM     ( 1678): GSMDataConnTrack handleMessage { what=6 when=135190 obj=android.os.AsyncResult@43c6c800 }
04-13 11:02:41.618 D/GSM     ( 1678): IMSI: 460010xxxxxxxxx
04-13 11:02:41.618 D/GSM     ( 1678): [IccCard] Broadcasting intent ACTION_SIM_STATE_CHANGED IMSI reason null
04-13 11:02:41.688 D/GSM     ( 1678): [IccCard] Query facility lock : false
04-13 11:02:41.688 D/GSM     ( 1678): [IccCard] Query facility lock : false
04-13 11:02:41.688 D/GSM     ( 1678): GSMDataConnTrack handleMessage { what=32 when=135283 obj=android.os.AsyncResult@43c82908 }
04-13 11:02:41.707 D/GSM     ( 1678): [DSAC DEB] EVENT_PS_RESTRICT_ENABLED false
04-13 11:02:41.707 D/GSM     ( 1678): [DataConnection] Stop poll NetStat
04-13 11:02:41.728 D/RILJ    ( 1678): [0144]> iccIO: SIM_IO 0xc0 0x6f17  path: 3F007F20,0,0,15
04-13 11:02:41.758 D/GSM     ( 1678): Poll ServiceState done:  oldSS=[3 home null null null  Unknown CSS not supported -1 -1RoamInd: -1DefRoamInd: -1EmergOnly: false] newSS=[0 home CHINA UNICOM GSM CHINA UNICOM GSM 46001  Unknown CSS not supported -1 -1RoamInd: -1DefRoamInd: -1EmergOnly: false] oldGprs=0 newGprs=1 oldType=UMTS newType=UMTS
04-13 11:02:41.811 D/RILC    ( 1552): [0144]> SIM_IO (cmd=0xC0,efid=0x6F17,path=3F007F20,0,0,15,(null),pin2=(null))
04-13 11:02:41.811 D/RIL     ( 1552): onRequest: SIM_IO
04-13 11:02:41.811 D/AT      ( 1552): AT> AT+CRSM=192,28439,0,0,15
04-13 11:02:41.818 D/AT      ( 1552): AT< +CRSM: 106,130
04-13 11:02:41.818 D/AT      ( 1552): AT< OK
04-13 11:02:41.818 D/RILC    ( 1552): [0144]< SIM_IO {sw1=0x6A,sw2=0x82,(null)}
04-13 11:02:41.827 D/RILJ    ( 1678): < iccIO:  0x6a 0x82 null
04-13 11:02:41.827 D/RILJ    ( 1678): [0144]< SIM_IO IccIoResponse sw1:0x6a sw2:0x82
04-13 11:02:42.087 D/GSM     ( 1678): GSMDataConnTrack handleMessage { what=33 when=136394 obj=android.os.AsyncResult@43c82dc0 }
04-13 11:02:42.087 D/GSM     ( 1678): [DSAC DEB] EVENT_PS_RESTRICT_DISABLED true
04-13 11:02:42.087 D/GSM     ( 1678): [GsmDataConnectionTracker] ***trySetupData due to psRestrictEnabled
04-13 11:02:42.087 D/GSM     ( 1678): [DSAC DEB] trySetupData with mIsPsRestricted=false
04-13 11:02:42.087 D/GSM     ( 1678): [GsmDataConnectionTracker] trySetupData: Not ready for data:  dataState=IDLE gprsState=1 sim=false UMTS=true phoneState=IDLE isDataAllowed=true dataEnabled=true roaming=false dataOnRoamingEnable=false ps restricted=false desiredPowerState=true MasterDataEnabled=true
04-13 11:02:42.087 D/GSM     ( 1678): iccid: 89860110300102589969
04-13 11:02:42.128 D/GSM     ( 1678): EF_AD: 00000002
04-13 11:02:42.308 D/AT      ( 1552): AT< +CGREG: 1,"A014","002487A1",2,"14"
04-13 11:02:42.308 D/RIL     ( 1552): restrictionState updated: 0
04-13 11:02:42.308 D/RILC    ( 1552): [UNSL]< UNSOL_RESPONSE_NETWORK_STATE_CHANGED 
04-13 11:02:42.318 D/RILC    ( 1552): [UNSL]< UNSOL_RESTRICTED_STATE_CHANGED {0}
04-13 11:02:42.318 D/RILJ    ( 1678): [UNSL]< UNSOL_RESPONSE_NETWORK_STATE_CHANGED
04-13 11:02:42.318 V/RILJ    ( 1678): [UNSL]< UNSOL_RESTRICTED_STATE_CHANGED {0}
04-13 11:02:42.368 D/GSM     ( 1678): [SIMRecords] Load EF_SPN:  spnDisplayCondition: 0
04-13 11:02:42.438 D/GSM     ( 1678): GSMDataConnTrack handleMessage { what=19 when=136912 obj=android.os.AsyncResult@43cdcea0 }
04-13 11:02:42.448 D/GSM     ( 1678): [DataConnection] Stop poll NetStat
04-13 11:02:42.668 D/GSM     ( 1678): MSISDN: 
04-13 11:02:42.668 D/RILJ    ( 1678): [0145]> OPERATOR
04-13 11:02:42.698 D/RILJ    ( 1678): [0146]> GPRS_REGISTRATION_STATE
04-13 11:02:42.708 D/RILC    ( 1552): [0145]> OPERATOR 
04-13 11:02:42.708 D/RIL     ( 1552): onRequest: OPERATOR
04-13 11:02:42.708 D/AT      ( 1552): AT> AT+COPS=3,0;+COPS?;+COPS=3,2;+COPS?
04-13 11:02:42.718 D/AT      ( 1552): AT< +COPS: 0,0,"CHINA UNICOM GSM",2
04-13 11:02:42.728 D/AT      ( 1552): AT< +COPS: 0,2,"46001",2
04-13 11:02:42.728 D/AT      ( 1552): AT< OK
04-13 11:02:42.728 D/RILC    ( 1552): [0145]< OPERATOR {CHINA UNICOM GSM,CHINA UNICOM GSM,46001}
04-13 11:02:42.728 D/RILJ    ( 1678): [0145]< OPERATOR {CHINA UNICOM GSM, CHINA UNICOM GSM, 46001}
04-13 11:02:42.738 D/RILJ    ( 1678): [0147]> REGISTRATION_STATE
04-13 11:02:42.748 D/RILC    ( 1552): [0146]> GPRS_REGISTRATION_STATE 
04-13 11:02:42.748 D/RIL     ( 1552): onRequest: GPRS_REGISTRATION_STATE
04-13 11:02:42.748 D/AT      ( 1552): AT> AT+CGREG?
04-13 11:02:42.748 D/AT      ( 1552): AT< +CGREG: 2,1,"A014","002487A1",2,"14"
04-13 11:02:42.748 D/AT      ( 1552): AT< OK
04-13 11:02:42.748 D/RILC    ( 1552): [0146]< GPRS_REGISTRATION_STATE {1,a014,2487a1,3}
04-13 11:02:42.768 D/RILJ    ( 1678): [0146]< GPRS_REGISTRATION_STATE {1, a014, 2487a1, 3}
04-13 11:02:42.778 D/RILC    ( 1552): [0147]> REGISTRATION_STATE 
04-13 11:02:42.778 D/RIL     ( 1552): onRequest: REGISTRATION_STATE
04-13 11:02:42.778 D/AT      ( 1552): AT> AT+CREG?
04-13 11:02:42.778 D/RILJ    ( 1678): [0148]> QUERY_NETWORK_SELECTION_MODE
04-13 11:02:42.788 D/AT      ( 1552): AT< +CREG: 2,1,"A014","002487A1",2
04-13 11:02:42.788 D/AT      ( 1552): AT< OK
04-13 11:02:42.788 D/RILC    ( 1552): [0147]< REGISTRATION_STATE {1,a014,2487a1,3}
04-13 11:02:42.808 D/RILJ    ( 1678): [0147]< REGISTRATION_STATE {1, a014, 2487a1, 3}
04-13 11:02:42.818 D/RILC    ( 1552): [0148]> QUERY_NETWORK_SELECTION_MODE 
04-13 11:02:42.818 D/RIL     ( 1552): onRequest: QUERY_NETWORK_SELECTION_MODE
04-13 11:02:42.818 D/AT      ( 1552): AT> AT+COPS?
04-13 11:02:42.818 D/AT      ( 1552): AT< +COPS: 0,2,"46001",2
04-13 11:02:42.818 D/AT      ( 1552): AT< OK
04-13 11:02:42.818 D/RILC    ( 1552): [0148]< QUERY_NETWORK_SELECTION_MODE {0}
04-13 11:02:42.818 D/GSM     ( 1678): [DSAC DEB] EVENT_RESTRICTED_STATE_CHANGED
04-13 11:02:42.837 D/RILJ    ( 1678): [0148]< QUERY_NETWORK_SELECTION_MODE {0}
04-13 11:02:42.848 D/GSM     ( 1678): [DSAC DEB] onRestrictedStateChanged
04-13 11:02:42.848 D/GSM     ( 1678): [DSAC DEB] current rs at enter Restricted State CS: none PS:false
04-13 11:02:42.848 D/GSM     ( 1678): [DSAC DEB] new rs Restricted State CS: none PS:false
04-13 11:02:42.848 D/GSM     ( 1678): [DSAC DEB] current rs at return Restricted State CS: none PS:false
04-13 11:02:42.848 D/GSM     ( 1678): Poll ServiceState done:  oldSS=[0 home CHINA UNICOM GSM CHINA UNICOM GSM 46001  Unknown CSS not supported -1 -1RoamInd: -1DefRoamInd: -1EmergOnly: false] newSS=[0 home CHINA UNICOM GSM CHINA UNICOM GSM 46001  UMTS CSS not supported -1 -1RoamInd: -1DefRoamInd: -1EmergOnly: false] oldGprs=1 newGprs=0 oldType=UMTS newType=UMTS
04-13 11:02:43.088 D/GSM     ( 1678): Invalid or missing EF[MAILBOX]
04-13 11:02:43.098 D/GSM     ( 1678): SIMRecords: record load complete
04-13 11:02:43.118 D/GSM     ( 1678): [IccCard] Broadcasting intent ACTION_SIM_STATE_CHANGED LOADED reason null
04-13 11:02:43.188 D/GSM     ( 1678): GSMDataConnTrack handleMessage { what=26 when=138048 obj=android.os.AsyncResult@43cbbfd0 }
04-13 11:02:43.188 D/GSM     ( 1678): [GsmDataConnectionTracker] ***trySetupData due to gprsAttached
04-13 11:02:43.188 D/GSM     ( 1678): [DSAC DEB] trySetupData with mIsPsRestricted=false
04-13 11:02:43.188 I/GSM     ( 1678): Preferred APN:46001:46001:Unicom3G, 25, 46001, uninet, , null, null, null, , -1, *
04-13 11:02:43.188 I/GSM     ( 1678): Waiting APN set to preferred APN
04-13 11:02:43.228 D/GSM     ( 1678): [GsmDataConnectionTracker] Create from allApns : [Unicom3G, 25, 46001, uninet, , null, null, null, , -1, *][CUGSM, 35, 46001, 3gwap, 10.0.0.172, , null, null, 80, -1, default][CUGSM.mms, 36, 46001, 3gwap, , http://mmsc.myuni.com.cn, 10.0.0.172, 80, , -1, mms]
04-13 11:02:43.228 D/GSM     ( 1678): [GsmDataConnectionTracker] Setup waitngApns : [Unicom3G, 25, 46001, uninet, , null, null, null, , -1, *]
04-13 11:02:43.237 D/GSM     ( 1678): [GsmDataConnection-1] DcInactiveState msg.what=EVENT_CONNECT
04-13 11:02:43.237 D/GSM     ( 1678): [GsmDataConnection-1] Connecting to carrier: 'Unicom3G' APN: 'uninet' proxy: '' port: '
04-13 11:02:43.248 D/GSM     ( 1678): [GsmDataConnectionTracker] setState: INITING
04-13 11:02:43.248 D/RILJ    ( 1678): [0149]> SETUP_DATA_CALL 1 0 uninet   3
04-13 11:02:43.278 D/RILC    ( 1552): [0149]> SETUP_DATA_CALL (1,0,uninet,,,3)
04-13 11:02:43.278 D/RIL     ( 1552): onRequest: SETUP_DATA_CALL
04-13 11:02:43.278 D/RIL     ( 1552): ifconfig: addr: pdp_ip0
04-13 11:02:43.278 D/RIL     ( 1552): ifconfig: addr: pdp_ip0
04-13 11:02:43.278 D/RIL     ( 1552): pdp_ip0: ip 172.16.67.235 mask 255.255.255.255 flags [
04-13 11:02:43.278 D/RIL     ( 1552): up point-to-point running]
04-13 11:02:43.278 D/AT      ( 1552): AT> ATE0
04-13 11:02:43.298 D/AT      ( 1552): AT< OK
04-13 11:02:43.318 D/AT      ( 1552): AT> AT+CGDCONT=1,"IP","uninet"
04-13 11:02:43.318 D/AT      ( 1552): AT< OK
04-13 11:02:43.318 D/AT      ( 1552): AT> AT*IPRIC=1,0
04-13 11:02:43.328 D/AT      ( 1552): AT< OK
04-13 11:02:43.328 D/AT      ( 1552): AT> AT*IPDNS=1,1
04-13 11:02:43.338 D/AT      ( 1552): AT< OK
04-13 11:02:43.348 D/AT      ( 1552): AT> AT*IPACT=1,1
04-13 11:02:43.398 D/GSM     ( 1678): GSMDataConnTrack handleMessage { what=4 when=138069 obj=android.os.AsyncResult@43cbc3d0 }
04-13 11:02:43.568 D/GSM     ( 1678): Get PreferredAPN
04-13 11:02:43.918 D/GSM     ( 1678): GSMDataConnTrack handleMessage { what=5 when=138531 obj=simLoaded }
04-13 11:02:43.918 D/GSM     ( 1678): [GsmDataConnectionTracker] ***trySetupData due to simLoaded
04-13 11:02:43.918 D/GSM     ( 1678): [DSAC DEB] trySetupData with mIsPsRestricted=false
04-13 11:02:43.929 D/GSM     ( 1678): [GsmDataConnectionTracker] trySetupData: Not ready for data:  dataState=INITING gprsState=0 sim=true UMTS=true phoneState=IDLE isDataAllowed=true dataEnabled=true roaming=false dataOnRoamingEnable=false ps restricted=false desiredPowerState=true MasterDataEnabled=true
04-13 11:02:46.142 D/AT      ( 1552): AT< OK
04-13 11:02:46.142 D/AT      ( 1552): AT< +CREG: 1,"A014","002487A1",4
04-13 11:02:46.142 D/RIL     ( 1552): restrictionState updated: 0
04-13 11:02:46.142 D/RILC    ( 1552): [UNSL]< UNSOL_RESPONSE_NETWORK_STATE_CHANGED 
04-13 11:02:46.142 D/AT      ( 1552): AT> AT*IPCONFIG?
04-13 11:02:46.148 D/AT      ( 1552): AT< *IPCONFIG: 1,"172.24.251.129","202.106.195.68","202.106.46.151","",""
04-13 11:02:46.148 D/AT      ( 1552): AT< OK
04-13 11:02:46.148 D/RIL     ( 1552): IP address got:172.24.251.129
04-13 11:02:46.148 D/RIL     ( 1552): ifconfig: addr: pdp_ip0
04-13 11:02:46.158 D/RILJ    ( 1678): [UNSL]< UNSOL_RESPONSE_NETWORK_STATE_CHANGED
04-13 11:02:46.168 D/RIL     ( 1552): ifconfig: addr: pdp_ip0
04-13 11:02:46.168 D/RIL     ( 1552): pdp_ip0: ip 172.24.251.129 mask 255.255.255.255 flags [
04-13 11:02:46.168 D/RIL     ( 1552): up point-to-point running]
04-13 11:02:46.168 D/RIL     ( 1552): route add default dev pdp_ip0
04-13 11:02:46.168 D/RIL     ( 1552): route, settings applied successfully
04-13 11:02:46.168 D/RILC    ( 1552): [0149]< SETUP_DATA_CALL {1,pdp_ip0,172.24.251.129}
04-13 11:02:46.168 D/RILC    ( 1552): [UNSL]< UNSOL_RESTRICTED_STATE_CHANGED {0}
04-13 11:02:46.179 D/RILJ    ( 1678): [0149]< SETUP_DATA_CALL {1, pdp_ip0, 172.24.251.129}
04-13 11:02:46.179 D/RILJ    ( 1678): [0150]> OPERATOR
04-13 11:02:46.188 D/GSM     ( 1678): [GsmDataConnection-1] DcActivatingState msg.what=EVENT_SETUP_DATA_CONNECTION_DONE
04-13 11:02:46.188 D/GSM     ( 1678): [GsmDataConnection-1] interface=pdp_ip0 ipAddress=172.24.251.129 gateway= DNS1= DNS2=
04-13 11:02:46.188 D/GSM     ( 1678): [GsmDataConnection-1] DataConnection setup result='SUCCESS' on cid=1
04-13 11:02:46.188 D/GSM     ( 1678): [GsmDataConnection-1] DcInactiveState: setEnterNoticationParams cp,cause
04-13 11:02:46.188 D/GSM     ( 1678): [GsmDataConnection-1] DcActiveState: enter notifyConnectCompleted
04-13 11:02:46.188 D/GSM     ( 1678): [GsmDataConnection-1] notifyConnection at 1302692566192 cause=No Error
04-13 11:02:46.198 D/RILJ    ( 1678): [0151]> GPRS_REGISTRATION_STATE
04-13 11:02:46.198 D/RILC    ( 1552): [0150]> OPERATOR 
04-13 11:02:46.198 D/RIL     ( 1552): onRequest: OPERATOR
04-13 11:02:46.198 D/AT      ( 1552): AT> AT+COPS=3,0;+COPS?;+COPS=3,2;+COPS?
04-13 11:02:46.208 D/AT      ( 1552): AT< +COPS: 0,0,"CHINA UNICOM GSM",4
04-13 11:02:46.208 D/AT      ( 1552): AT< +COPS: 0,2,"46001",4
04-13 11:02:46.208 D/AT      ( 1552): AT< OK
04-13 11:02:46.219 D/RILC    ( 1552): [0150]< OPERATOR {CHINA UNICOM GSM,CHINA UNICOM GSM,46001}
04-13 11:02:46.219 V/RILJ    ( 1678): [UNSL]< UNSOL_RESTRICTED_STATE_CHANGED {0}
04-13 11:02:46.228 D/RILC    ( 1552): [0151]> GPRS_REGISTRATION_STATE 
04-13 11:02:46.228 D/RIL     ( 1552): onRequest: GPRS_REGISTRATION_STATE
04-13 11:02:46.228 D/AT      ( 1552): AT> AT+CGREG?
04-13 11:02:46.228 D/RILJ    ( 1678): [0152]> REGISTRATION_STATE
04-13 11:02:46.228 D/AT      ( 1552): AT< +CGREG: 2,1,"A014","002487A1",4,"14"
04-13 11:02:46.228 D/AT      ( 1552): AT< OK
04-13 11:02:46.228 D/RILC    ( 1552): [0151]< GPRS_REGISTRATION_STATE {1,a014,2487a1,9}
04-13 11:02:46.238 D/RILJ    ( 1678): [0150]< OPERATOR {CHINA UNICOM GSM, CHINA UNICOM GSM, 46001}
04-13 11:02:46.248 D/RILJ    ( 1678): [0153]> QUERY_NETWORK_SELECTION_MODE
04-13 11:02:46.248 D/RILC    ( 1552): [0152]> REGISTRATION_STATE 
04-13 11:02:46.248 D/RIL     ( 1552): onRequest: REGISTRATION_STATE
04-13 11:02:46.248 D/AT      ( 1552): AT> AT+CREG?
04-13 11:02:46.248 D/AT      ( 1552): AT< +CREG: 2,1,"A014","002487A1",4
04-13 11:02:46.268 D/AT      ( 1552): AT< OK
04-13 11:02:46.268 D/RILC    ( 1552): [0152]< REGISTRATION_STATE {1,a014,2487a1,9}
04-13 11:02:46.268 D/RILJ    ( 1678): [0151]< GPRS_REGISTRATION_STATE {1, a014, 2487a1, 9}
04-13 11:02:46.279 D/RILJ    ( 1678): [0152]< REGISTRATION_STATE {1, a014, 2487a1, 9}
04-13 11:02:46.279 D/RILC    ( 1552): [0153]> QUERY_NETWORK_SELECTION_MODE 
04-13 11:02:46.279 D/RIL     ( 1552): onRequest: QUERY_NETWORK_SELECTION_MODE
04-13 11:02:46.279 D/AT      ( 1552): AT> AT+COPS?
04-13 11:02:46.288 D/AT      ( 1552): AT< +COPS: 0,2,"46001",4
04-13 11:02:46.288 D/AT      ( 1552): AT< OK
04-13 11:02:46.288 D/RILC    ( 1552): [0153]< QUERY_NETWORK_SELECTION_MODE {0}
04-13 11:02:46.288 D/GSM     ( 1678): GSMDataConnTrack handleMessage { what=1 when=141145 arg1=1 obj=android.os.AsyncResult@43ca4b50 }
04-13 11:02:46.298 D/GSM     ( 1678): [GsmDataConnectionTracker] setState: CONNECTED
04-13 11:02:46.308 D/RILJ    ( 1678): [0153]< QUERY_NETWORK_SELECTION_MODE {0}
04-13 11:02:46.368 D/GSM     ( 1678): [DataConnection] Start poll NetStat
04-13 11:02:46.368 D/GSM     ( 1678): [DSAC DEB] EVENT_RESTRICTED_STATE_CHANGED
04-13 11:02:46.368 D/GSM     ( 1678): [DSAC DEB] onRestrictedStateChanged
04-13 11:02:46.368 D/GSM     ( 1678): [DSAC DEB] current rs at enter Restricted State CS: none PS:false
04-13 11:02:46.368 D/GSM     ( 1678): [DSAC DEB] new rs Restricted State CS: none PS:false
04-13 11:02:46.368 D/GSM     ( 1678): [DSAC DEB] current rs at return Restricted State CS: none PS:false
04-13 11:02:46.368 D/GSM     ( 1678): Poll ServiceState done:  oldSS=[0 home CHINA UNICOM GSM CHINA UNICOM GSM 46001  UMTS CSS not supported -1 -1RoamInd: -1DefRoamInd: -1EmergOnly: false] newSS=[0 home CHINA UNICOM GSM CHINA UNICOM GSM 46001  HSDPA CSS not supported -1 -1RoamInd: -1DefRoamInd: -1EmergOnly: false] oldGprs=0 newGprs=0 oldType=UMTS newType=HSDPA
04-13 11:02:46.418 D/GSM     ( 1678): RAT switched UMTS -> HSDPA at cell 2394017
04-13 11:02:50.144 D/AT      ( 1552): AT< +CREG: 1,"A014","002487A1",2
04-13 11:02:50.144 D/RIL     ( 1552): restrictionState updated: 0
04-13 11:02:50.144 D/RILC    ( 1552): [UNSL]< UNSOL_RESPONSE_NETWORK_STATE_CHANGED 
04-13 11:02:50.148 D/RILJ    ( 1678): [UNSL]< UNSOL_RESPONSE_NETWORK_STATE_CHANGED
04-13 11:02:50.148 D/RILC    ( 1552): [UNSL]< UNSOL_RESTRICTED_STATE_CHANGED {0}
04-13 11:02:50.148 D/RILJ    ( 1678): [0154]> OPERATOR
04-13 11:02:50.158 V/RILJ    ( 1678): [UNSL]< UNSOL_RESTRICTED_STATE_CHANGED {0}
04-13 11:02:50.158 D/RILC    ( 1552): [0154]> OPERATOR 
04-13 11:02:50.158 D/RIL     ( 1552): onRequest: OPERATOR
04-13 11:02:50.158 D/AT      ( 1552): AT> AT+COPS=3,0;+COPS?;+COPS=3,2;+COPS?
04-13 11:02:50.169 D/AT      ( 1552): AT< +COPS: 0,0,"CHINA UNICOM GSM",2
04-13 11:02:50.169 D/RILJ    ( 1678): [0155]> GPRS_REGISTRATION_STATE
04-13 11:02:50.169 D/AT      ( 1552): AT< +COPS: 0,2,"46001",2
04-13 11:02:50.169 D/AT      ( 1552): AT< OK
04-13 11:02:50.169 D/RILC    ( 1552): [0154]< OPERATOR {CHINA UNICOM GSM,CHINA UNICOM GSM,46001}
04-13 11:02:50.179 D/RILJ    ( 1678): [0154]< OPERATOR {CHINA UNICOM GSM, CHINA UNICOM GSM, 46001}
04-13 11:02:50.198 D/RILC    ( 1552): [0155]> GPRS_REGISTRATION_STATE 
04-13 11:02:50.198 D/RIL     ( 1552): onRequest: GPRS_REGISTRATION_STATE
04-13 11:02:50.198 D/AT      ( 1552): AT> AT+CGREG?
04-13 11:02:50.208 D/AT      ( 1552): AT< +CGREG: 2,1,"A014","002487A1",2,"14"
04-13 11:02:50.208 D/AT      ( 1552): AT< OK
04-13 11:02:50.208 D/RILC    ( 1552): [0155]< GPRS_REGISTRATION_STATE {1,a014,2487a1,3}
04-13 11:02:50.208 D/RILJ    ( 1678): [0155]< GPRS_REGISTRATION_STATE {1, a014, 2487a1, 3}
04-13 11:02:50.218 D/RILJ    ( 1678): [0156]> REGISTRATION_STATE
04-13 11:02:50.238 D/RILC    ( 1552): [0156]> REGISTRATION_STATE 
04-13 11:02:50.238 D/RIL     ( 1552): onRequest: REGISTRATION_STATE
04-13 11:02:50.238 D/AT      ( 1552): AT> AT+CREG?
04-13 11:02:50.248 D/AT      ( 1552): AT< +CREG: 2,1,"A014","002487A1",2
04-13 11:02:50.248 D/AT      ( 1552): AT< OK
04-13 11:02:50.248 D/RILC    ( 1552): [0156]< REGISTRATION_STATE {1,a014,2487a1,3}
04-13 11:02:50.248 D/RILJ    ( 1678): [0156]< REGISTRATION_STATE {1, a014, 2487a1, 3}
04-13 11:02:50.258 D/RILJ    ( 1678): [0157]> QUERY_NETWORK_SELECTION_MODE
04-13 11:02:50.278 D/RILC    ( 1552): [0157]> QUERY_NETWORK_SELECTION_MODE 
04-13 11:02:50.278 D/RIL     ( 1552): onRequest: QUERY_NETWORK_SELECTION_MODE
04-13 11:02:50.278 D/AT      ( 1552): AT> AT+COPS?
04-13 11:02:50.278 D/AT      ( 1552): AT< +COPS: 0,2,"46001",2
04-13 11:02:50.278 D/AT      ( 1552): AT< OK
04-13 11:02:50.278 D/RILC    ( 1552): [0157]< QUERY_NETWORK_SELECTION_MODE {0}
04-13 11:02:50.288 D/GSM     ( 1678): [DSAC DEB] EVENT_RESTRICTED_STATE_CHANGED
04-13 11:02:50.288 D/GSM     ( 1678): [DSAC DEB] onRestrictedStateChanged
04-13 11:02:50.288 D/GSM     ( 1678): [DSAC DEB] current rs at enter Restricted State CS: none PS:false
04-13 11:02:50.288 D/GSM     ( 1678): [DSAC DEB] new rs Restricted State CS: none PS:false
04-13 11:02:50.298 D/RILJ    ( 1678): [0157]< QUERY_NETWORK_SELECTION_MODE {0}
04-13 11:02:50.298 D/GSM     ( 1678): [DSAC DEB] current rs at return Restricted State CS: none PS:false
04-13 11:02:50.298 D/GSM     ( 1678): Poll ServiceState done:  oldSS=[0 home CHINA UNICOM GSM CHINA UNICOM GSM 46001  HSDPA CSS not supported -1 -1RoamInd: -1DefRoamInd: -1EmergOnly: false] newSS=[0 home CHINA UNICOM GSM CHINA UNICOM GSM 46001  UMTS CSS not supported -1 -1RoamInd: -1DefRoamInd: -1EmergOnly: false] oldGprs=0 newGprs=0 oldType=HSDPA newType=UMTS
04-13 11:02:50.298 D/GSM     ( 1678): RAT switched HSDPA -> UMTS at cell 2394017
04-13 11:02:59.420 D/RILJ    ( 1678): [0158]> SIGNAL_STRENGTH
04-13 11:02:59.428 D/RILC    ( 1552): [0158]> SIGNAL_STRENGTH 
04-13 11:02:59.428 D/RIL     ( 1552): onRequest: SIGNAL_STRENGTH
04-13 11:02:59.428 D/AT      ( 1552): AT> AT+CSQ
04-13 11:02:59.428 D/AT      ( 1552): AT< +CSQ: 25,99
04-13 11:02:59.438 D/AT      ( 1552): AT< OK
04-13 11:02:59.438 D/RILC    ( 1552): [0158]< SIGNAL_STRENGTH {[ 25 99]}
04-13 11:02:59.438 D/RILJ    ( 1678): [0158]< SIGNAL_STRENGTH {25, 99, 0, 0, 0, 0, 0}
04-13 11:03:00.698 D/RILJ    ( 1678): [0159]> SCREEN_STATE: false
04-13 11:03:00.698 D/RILC    ( 1552): [0159]> SCREEN_STATE (0)
04-13 11:03:00.698 D/RIL     ( 1552): onRequest: SCREEN_STATE
04-13 11:03:00.698 D/RILC    ( 1552): [0159]< SCREEN_STATE
04-13 11:03:00.698 D/RILJ    ( 1678): [0159]< SCREEN_STATE 
04-13 11:03:00.708 D/GSM     ( 1678): [DataConnection] Stop poll NetStat
04-13 11:03:00.708 D/GSM     ( 1678): [DataConnection] Start poll NetStat
04-13 11:03:03.358 D/RILJ    ( 1678): [0160]> SCREEN_STATE: true
04-13 11:03:03.378 D/RILC    ( 1552): [0160]> SCREEN_STATE (1)
04-13 11:03:03.378 D/RIL     ( 1552): onRequest: SCREEN_STATE
04-13 11:03:03.378 D/RILC    ( 1552): [0160]< SCREEN_STATE
04-13 11:03:03.378 D/RILJ    ( 1678): [0160]< SCREEN_STATE 
04-13 11:03:03.408 D/GSM     ( 1678): [DataConnection] Stop poll NetStat
04-13 11:03:03.408 D/GSM     ( 1678): [DataConnection] Start poll NetStat
04-13 11:03:11.278 D/RILJ    ( 1678): [0161]> RADIO_POWER
04-13 11:03:11.278 D/RILC    ( 1552): [0161]> RADIO_POWER (0)
04-13 11:03:11.278 D/RIL     ( 1552): onRequest: RADIO_POWER
04-13 11:03:11.278 D/AT      ( 1552): AT> AT+CFUN=4,0
04-13 11:03:11.288 D/GSM     ( 1678): GSMDataConnTrack handleMessage { what=34 when=164729 arg1=1 obj=radioTurnedOff }
04-13 11:03:11.288 D/GSM     ( 1678): [GsmDataConnectionTracker] Clean up connection due to radioTurnedOff
04-13 11:03:11.288 D/GSM     ( 1678): [GsmDataConnectionTracker] setState: DISCONNECTING
04-13 11:03:11.288 D/GSM     ( 1678): [GsmDataConnectionTracker] cleanUpConnection: teardown, call conn.disconnect
04-13 11:03:11.298 D/GSM     ( 1678): [GsmDataConnection-1] DcActiveState msg.what=EVENT_DISCONNECT
04-13 11:03:11.298 D/GSM     ( 1678): [GsmDataConnection-1] tearDownData radio is on, call deactivateDataCall
04-13 11:03:11.298 D/RILJ    ( 1678): [0162]> DEACTIVATE_DATA_CALL 1
04-13 11:03:11.298 D/GSM     ( 1678): [DataConnection] Stop poll NetStat
04-13 11:03:13.047 D/AT      ( 1552): AT< OK
04-13 11:03:13.047 D/RILC    ( 1552): [UNSL]< UNSOL_RESPONSE_RADIO_STATE_CHANGED  {RADIO_OFF}
04-13 11:03:13.047 D/RILC    ( 1552): [0161]< RADIO_POWER
04-13 11:03:13.047 D/RILC    ( 1552): [0162]> DEACTIVATE_DATA_CALL (1)
04-13 11:03:13.047 D/RIL     ( 1552): onRequest: DEACTIVATE_DATA_CALL
04-13 11:03:13.047 D/RILC    ( 1552): [0162]< DEACTIVATE_DATA_CALL fails by E_RAIDO_NOT_AVAILABLE
04-13 11:03:13.047 D/RILB    ( 1678): Notifying: radio off or not available
04-13 11:03:13.047 D/RILJ    ( 1678): [UNSL]< UNSOL_RESPONSE_RADIO_STATE_CHANGED RADIO_OFF
04-13 11:03:13.047 D/RILJ    ( 1678): [0161]< RADIO_POWER 
04-13 11:03:13.047 D/RILJ    ( 1678): [0162]< DEACTIVATE_DATA_CALL error: com.android.internal.telephony.CommandException: RADIO_NOT_AVAILABLE
04-13 11:03:13.047 D/GSM     ( 1678): Poll ServiceState done:  oldSS=[0 home CHINA UNICOM GSM CHINA UNICOM GSM 46001  UMTS CSS not supported -1 -1RoamInd: -1DefRoamInd: -1EmergOnly: false] newSS=[3 home null null null  Unknown CSS not supported -1 -1RoamInd: -1DefRoamInd: -1EmergOnly: false] oldGprs=0 newGprs=0 oldType=UMTS newType=UMTS
04-13 11:03:13.088 D/GSM     ( 1678): [GsmDataConnection-1] DcDisconnectingState msg.what=EVENT_DEACTIVATE_DONE
04-13 11:03:13.088 D/GSM     ( 1678): [GsmDataConnection-1] DcInactiveState: setEnterNoticationParams dp
04-13 11:03:13.088 D/GSM     ( 1678): [GsmDataConnection-1] DcInactiveState: enter notifyDisconnectCompleted
04-13 11:03:13.088 D/GSM     ( 1678): [GsmDataConnection-1] NotifyDisconnectCompleted
04-13 11:03:13.088 D/GSM     ( 1678): [GsmDataConnection-1] msg.what=25 msg.obj=radioTurnedOff
04-13 11:03:13.088 D/GSM     ( 1678): [GsmDataConnection-1] clearSettings
04-13 11:03:13.138 D/GSM     ( 1678): GSMDataConnTrack handleMessage { what=12 when=168002 obj=android.os.AsyncResult@43c77300 }
04-13 11:03:13.148 D/GSM     ( 1678): [GsmDataConnectionTracker] Radio is off and clean up all connection
04-13 11:03:13.148 D/GSM     ( 1678): [GsmDataConnectionTracker] Clean up connection due to radioTurnedOff
04-13 11:03:13.148 D/GSM     ( 1678): [GsmDataConnectionTracker] setState: DISCONNECTING
04-13 11:03:13.148 D/GSM     ( 1678): [GsmDataConnectionTracker] cleanUpConnection: !tearDown, call conn.resetSynchronously
