04-18 11:37:22.410 D/RIL     ( 1474): onRequest: SIM_IO

04-18 11:37:22.410 D/AT      ( 1474): AT> AT+CRSM=178,28474,222,4,28

04-18 11:37:22.430 D/AT      ( 1474): AT< +CRSM: 144,0,"4D4158582043415245204E4FFFFF06818100222699FFFFFFFFFFFFFF"

04-18 11:37:22.430 D/AT      ( 1474): AT< OK

04-18 11:37:22.430 D/RILC    ( 1474): [0294]< SIM_IO {sw1=0x90,sw2=0x0,4D4158582043415245204E4FFFFF06818100222699FFFFFFFFFFFFFF}

04-18 11:37:22.430 D/RILJ    ( 1591): < iccIO:  0x90 0x0 4D4158582043415245204E4FFFFF06818100222699FFFFFFFFFFFFFF

04-18 11:37:22.430 D/RILJ    ( 1591): [0294]< SIM_IO IccIoResponse sw1:0x90 sw2:0x0

04-18 11:37:22.430 D/RILJ    ( 1591): [0295]> iccIO: SIM_IO 0xb2 0x6f3a  path: 3F007F10,223,4,28

04-18 11:37:22.430 D/RILC    ( 1474): [0295]> SIM_IO (cmd=0xB2,efid=0x6F3A,path=3F007F10,223,4,28,(null),pin2=(null))

04-18 11:37:22.430 D/RIL     ( 1474): onRequest: SIM_IO

04-18 11:37:22.430 D/AT      ( 1474): AT> AT+CRSM=178,28474,223,4,28

04-18 11:37:22.450 D/AT      ( 1474): AT< +CRSM: 144,0,"4D4158582043415245204E4FFFFF06818100222699FFFFFFFFFFFFFF"

04-18 11:37:22.450 D/AT      ( 1474): AT< OK

04-18 11:37:22.450 D/RILC    ( 1474): [0295]< SIM_IO {sw1=0x90,sw2=0x0,4D4158582043415245204E4FFFFF06818100222699FFFFFFFFFFFFFF}

04-18 11:37:22.450 D/RILJ    ( 1591): < iccIO:  0x90 0x0 4D4158582043415245204E4FFFFF06818100222699FFFFFFFFFFFFFF

04-18 11:37:22.450 D/RILJ    ( 1591): [0295]< SIM_IO IccIoResponse sw1:0x90 sw2:0x0

04-18 11:37:22.450 D/RILJ    ( 1591): [0296]> iccIO: SIM_IO 0xb2 0x6f3a  path: 3F007F10,224,4,28

04-18 11:37:22.450 D/RILC    ( 1474): [0296]> SIM_IO (cmd=0xB2,efid=0x6F3A,path=3F007F10,224,4,28,(null),pin2=(null))

04-18 11:37:22.450 D/RIL     ( 1474): onRequest: SIM_IO

04-18 11:37:22.450 D/AT      ( 1474): AT> AT+CRSM=178,28474,224,4,28

04-18 11:37:22.470 D/AT      ( 1474): AT< +CRSM: 144,0,"4D4158582043415245204E4FFFFF06818100222699FFFFFFFFFFFFFF"

04-18 11:37:22.470 D/AT      ( 1474): AT< OK

04-18 11:37:22.470 D/RILC    ( 1474): [0296]< SIM_IO {sw1=0x90,sw2=0x0,4D4158582043415245204E4FFFFF06818100222699FFFFFFFFFFFFFF}

04-18 11:37:22.470 D/RILJ    ( 1591): < iccIO:  0x90 0x0 4D4158582043415245204E4FFFFF06818100222699FFFFFFFFFFFFFF

04-18 11:37:22.470 D/RILJ    ( 1591): [0296]< SIM_IO IccIoResponse sw1:0x90 sw2:0x0

04-18 11:37:22.470 D/RILJ    ( 1591): [0297]> iccIO: SIM_IO 0xb2 0x6f3a  path: 3F007F10,225,4,28

04-18 11:37:22.470 D/RILC    ( 1474): [0297]> SIM_IO (cmd=0xB2,efid=0x6F3A,path=3F007F10,225,4,28,(null),pin2=(null))

04-18 11:37:22.470 D/RIL     ( 1474): onRequest: SIM_IO

04-18 11:37:22.470 D/AT      ( 1474): AT> AT+CRSM=178,28474,225,4,28

04-18 11:37:22.489 D/AT      ( 1474): AT< +CRSM: 144,0,"4D4158582043415245204E4FFFFF06818100222699FFFFFFFFFFFFFF"

04-18 11:37:22.489 D/AT      ( 1474): AT< OK

04-18 11:37:22.489 D/RILC    ( 1474): [0297]< SIM_IO {sw1=0x90,sw2=0x0,4D4158582043415245204E4FFFFF06818100222699FFFFFFFFFFFFFF}

04-18 11:37:22.489 D/RILJ    ( 1591): < iccIO:  0x90 0x0 4D4158582043415245204E4FFFFF06818100222699FFFFFFFFFFFFFF

04-18 11:37:22.489 D/RILJ    ( 1591): [0297]< SIM_IO IccIoResponse sw1:0x90 sw2:0x0

04-18 11:37:22.489 D/RILJ    ( 1591): [0298]> iccIO: SIM_IO 0xb2 0x6f3a  path: 3F007F10,226,4,28

04-18 11:37:22.500 D/RILC    ( 1474): [0298]> SIM_IO (cmd=0xB2,efid=0x6F3A,path=3F007F10,226,4,28,(null),pin2=(null))

04-18 11:37:22.500 D/RIL     ( 1474): onRequest: SIM_IO

04-18 11:37:22.500 D/AT      ( 1474): AT> AT+CRSM=178,28474,226,4,28

04-18 11:37:22.510 D/AT      ( 1474): AT< +CRSM: 144,0,"4D4158582043415245204E4FFFFF06818100222699FFFFFFFFFFFFFF"

04-18 11:37:22.510 D/AT      ( 1474): AT< OK

04-18 11:37:22.510 D/RILC    ( 1474): [0298]< SIM_IO {sw1=0x90,sw2=0x0,4D4158582043415245204E4FFFFF06818100222699FFFFFFFFFFFFFF}

04-18 11:37:22.510 D/RILJ    ( 1591): < iccIO:  0x90 0x0 4D4158582043415245204E4FFFFF06818100222699FFFFFFFFFFFFFF

04-18 11:37:22.510 D/RILJ    ( 1591): [0298]< SIM_IO IccIoResponse sw1:0x90 sw2:0x0

04-18 11:37:22.510 D/RILJ    ( 1591): [0299]> iccIO: SIM_IO 0xb2 0x6f3a  path: 3F007F10,227,4,28

04-18 11:37:22.520 D/RILC    ( 1474): [0299]> SIM_IO (cmd=0xB2,efid=0x6F3A,path=3F007F10,227,4,28,(null),pin2=(null))

04-18 11:37:22.520 D/RIL     ( 1474): onRequest: SIM_IO

04-18 11:37:22.520 D/AT      ( 1474): AT> AT+CRSM=178,28474,227,4,28

04-18 11:37:22.530 D/AT      ( 1474): AT< +CRSM: 144,0,"805728FFFFFFFFFFFFFFFFFFFFFF03818168FFFFFFFFFFFFFFFFFFFF"

04-18 11:37:22.530 D/AT      ( 1474): AT< OK

04-18 11:37:22.530 D/RILC    ( 1474): [0299]< SIM_IO {sw1=0x90,sw2=0x0,805728FFFFFFFFFFFFFFFFFFFFFF03818168FFFFFFFFFFFFFFFFFFFF}

04-18 11:37:22.530 D/RILJ    ( 1591): < iccIO:  0x90 0x0 805728FFFFFFFFFFFFFFFFFFFFFF03818168FFFFFFFFFFFFFFFFFFFF

04-18 11:37:22.530 D/RILJ    ( 1591): [0299]< SIM_IO IccIoResponse sw1:0x90 sw2:0x0

04-18 11:37:22.530 D/RILJ    ( 1591): [0300]> iccIO: SIM_IO 0xb2 0x6f3a  path: 3F007F10,228,4,28

04-18 11:37:22.540 D/RILC    ( 1474): [0300]> SIM_IO (cmd=0xB2,efid=0x6F3A,path=3F007F10,228,4,28,(null),pin2=(null))

04-18 11:37:22.540 D/RIL     ( 1474): onRequest: SIM_IO

04-18 11:37:22.540 D/AT      ( 1474): AT> AT+CRSM=178,28474,228,4,28

04-18 11:37:22.550 D/AT      ( 1474): AT< +CRSM: 144,0,"65FFFFFFFFFFFFFFFFFFFFFFFFFF04812222F2FFFFFFFFFFFFFFFFFF"

04-18 11:37:22.550 D/AT      ( 1474): AT< OK

04-18 11:37:22.550 D/RILC    ( 1474): [0300]< SIM_IO {sw1=0x90,sw2=0x0,65FFFFFFFFFFFFFFFFFFFFFFFFFF04812222F2FFFFFFFFFFFFFFFFFF}

04-18 11:37:22.550 D/RILJ    ( 1591): < iccIO:  0x90 0x0 65FFFFFFFFFFFFFFFFFFFFFFFFFF04812222F2FFFFFFFFFFFFFFFFFF

04-18 11:37:22.560 D/RILJ    ( 1591): [0300]< SIM_IO IccIoResponse sw1:0x90 sw2:0x0

04-18 11:37:22.560 D/RILJ    ( 1591): [0301]> iccIO: SIM_IO 0xb2 0x6f3a  path: 3F007F10,229,4,28

04-18 11:37:22.560 D/RILC    ( 1474): [0301]> SIM_IO (cmd=0xB2,efid=0x6F3A,path=3F007F10,229,4,28,(null),pin2=(null))

04-18 11:37:22.560 D/RIL     ( 1474): onRequest: SIM_IO

04-18 11:37:22.560 D/AT      ( 1474): AT> AT+CRSM=178,28474,229,4,28

04-18 11:37:22.570 D/AT      ( 1474): AT< +CRSM: 144,0,"65FFFFFFFFFFFFFFFFFFFFFFFFFF07812145424552F5FFFFFFFFFFFF"

04-18 11:37:22.570 D/AT      ( 1474): AT< OK

04-18 11:37:22.570 D/RILC    ( 1474): [0301]< SIM_IO {sw1=0x90,sw2=0x0,65FFFFFFFFFFFFFFFFFFFFFFFFFF07812145424552F5FFFFFFFFFFFF}

04-18 11:37:22.580 D/RILJ    ( 1591): < iccIO:  0x90 0x0 65FFFFFFFFFFFFFFFFFFFFFFFFFF07812145424552F5FFFFFFFFFFFF

04-18 11:37:22.580 D/RILJ    ( 1591): [0301]< SIM_IO IccIoResponse sw1:0x90 sw2:0x0

04-18 11:37:22.580 D/RILJ    ( 1591): [0302]> iccIO: SIM_IO 0xb2 0x6f3a  path: 3F007F10,230,4,28

04-18 11:37:22.580 D/RILC    ( 1474): [0302]> SIM_IO (cmd=0xB2,efid=0x6F3A,path=3F007F10,230,4,28,(null),pin2=(null))

04-18 11:37:22.580 D/RIL     ( 1474): onRequest: SIM_IO

04-18 11:37:22.580 D/AT      ( 1474): AT> AT+CRSM=178,28474,230,4,28

04-18 11:37:22.600 D/AT      ( 1474): AT< +CRSM: 144,0,"6579FFFFFFFFFFFFFFFFFFFFFFFF0B8121243455555555555562FFFF"

04-18 11:37:22.600 D/AT      ( 1474): AT< OK

04-18 11:37:22.600 D/RILC    ( 1474): [0302]< SIM_IO {sw1=0x90,sw2=0x0,6579FFFFFFFFFFFFFFFFFFFFFFFF0B8121243455555555555562FFFF}

04-18 11:37:22.600 D/RILJ    ( 1591): < iccIO:  0x90 0x0 6579FFFFFFFFFFFFFFFFFFFFFFFF0B8121243455555555555562FFFF

04-18 11:37:22.600 D/RILJ    ( 1591): [0302]< SIM_IO IccIoResponse sw1:0x90 sw2:0x0

04-18 11:37:22.600 D/RILJ    ( 1591): [0303]> iccIO: SIM_IO 0xb2 0x6f3a  path: 3F007F10,231,4,28

04-18 11:37:22.600 D/RILC    ( 1474): [0303]> SIM_IO (cmd=0xB2,efid=0x6F3A,path=3F007F10,231,4,28,(null),pin2=(null))

04-18 11:37:22.600 D/RIL     ( 1474): onRequest: SIM_IO

04-18 11:37:22.600 D/AT      ( 1474): AT> AT+CRSM=178,28474,231,4,28

04-18 11:37:22.620 D/AT      ( 1474): AT< +CRSM: 144,0,"805E385E3854755475FFFFFFFFFF0481638925FFFFFFFFFFFFFFFFFF"

04-18 11:37:22.620 D/AT      ( 1474): AT< OK

04-18 11:37:22.620 D/RILC    ( 1474): [0303]< SIM_IO {sw1=0x90,sw2=0x0,805E385E3854755475FFFFFFFFFF0481638925FFFFFFFFFFFFFFFFFF}

04-18 11:37:22.620 D/RILJ    ( 1591): < iccIO:  0x90 0x0 805E385E3854755475FFFFFFFFFF0481638925FFFFFFFFFFFFFFFFFF

04-18 11:37:22.620 D/RILJ    ( 1591): [0303]< SIM_IO IccIoResponse sw1:0x90 sw2:0x0

04-18 11:37:22.620 D/RILJ    ( 1591): [0304]> iccIO: SIM_IO 0xb2 0x6f3a  path: 3F007F10,232,4,28

04-18 11:37:22.620 D/RILC    ( 1474): [0304]> SIM_IO (cmd=0xB2,efid=0x6F3A,path=3F007F10,232,4,28,(null),pin2=(null))

04-18 11:37:22.620 D/RIL     ( 1474): onRequest: SIM_IO

04-18 11:37:22.620 D/AT      ( 1474): AT> AT+CRSM=178,28474,232,4,28

04-18 11:37:22.639 D/AT      ( 1474): AT< +CRSM: 144,0,"FFFFFFFFFFFFFFFFFFFFFFFFFFFFFFFFFFFFFFFFFFFFFFFFFFFFFFFF"

04-18 11:37:22.639 D/AT      ( 1474): AT< OK

04-18 11:37:22.639 D/RILC    ( 1474): [0304]< SIM_IO {sw1=0x90,sw2=0x0,FFFFFFFFFFFFFFFFFFFFFFFFFFFFFFFFFFFFFFFFFFFFFFFFFFFFFFFF}

04-18 11:37:22.639 D/RILJ    ( 1591): < iccIO:  0x90 0x0 FFFFFFFFFFFFFFFFFFFFFFFFFFFFFFFFFFFFFFFFFFFFFFFFFFFFFFFF

04-18 11:37:22.639 D/RILJ    ( 1591): [0304]< SIM_IO IccIoResponse sw1:0x90 sw2:0x0

04-18 11:37:22.639 D/RILJ    ( 1591): [0305]> iccIO: SIM_IO 0xb2 0x6f3a  path: 3F007F10,233,4,28

04-18 11:37:22.650 D/RILC    ( 1474): [0305]> SIM_IO (cmd=0xB2,efid=0x6F3A,path=3F007F10,233,4,28,(null),pin2=(null))

04-18 11:37:22.650 D/RIL     ( 1474): onRequest: SIM_IO

04-18 11:37:22.650 D/AT      ( 1474): AT> AT+CRSM=178,28474,233,4,28

04-18 11:37:22.660 D/AT      ( 1474): AT< +CRSM: 144,0,"FFFFFFFFFFFFFFFFFFFFFFFFFFFFFFFFFFFFFFFFFFFFFFFFFFFFFFFF"

04-18 11:37:22.660 D/AT      ( 1474): AT< OK

04-18 11:37:22.660 D/RILC    ( 1474): [0305]< SIM_IO {sw1=0x90,sw2=0x0,FFFFFFFFFFFFFFFFFFFFFFFFFFFFFFFFFFFFFFFFFFFFFFFFFFFFFFFF}

04-18 11:37:22.660 D/RILJ    ( 1591): < iccIO:  0x90 0x0 FFFFFFFFFFFFFFFFFFFFFFFFFFFFFFFFFFFFFFFFFFFFFFFFFFFFFFFF

04-18 11:37:22.660 D/RILJ    ( 1591): [0305]< SIM_IO IccIoResponse sw1:0x90 sw2:0x0

04-18 11:37:22.660 D/RILJ    ( 1591): [0306]> iccIO: SIM_IO 0xb2 0x6f3a  path: 3F007F10,234,4,28

04-18 11:37:22.669 D/RILC    ( 1474): [0306]> SIM_IO (cmd=0xB2,efid=0x6F3A,path=3F007F10,234,4,28,(null),pin2=(null))

04-18 11:37:22.669 D/RIL     ( 1474): onRequest: SIM_IO

04-18 11:37:22.669 D/AT      ( 1474): AT> AT+CRSM=178,28474,234,4,28

04-18 11:37:22.680 D/AT      ( 1474): AT< +CRSM: 144,0,"FFFFFFFFFFFFFFFFFFFFFFFFFFFFFFFFFFFFFFFFFFFFFFFFFFFFFFFF"

04-18 11:37:22.680 D/AT      ( 1474): AT< OK

04-18 11:37:22.680 D/RILC    ( 1474): [0306]< SIM_IO {sw1=0x90,sw2=0x0,FFFFFFFFFFFFFFFFFFFFFFFFFFFFFFFFFFFFFFFFFFFFFFFFFFFFFFFF}

04-18 11:37:22.680 D/RILJ    ( 1591): < iccIO:  0x90 0x0 FFFFFFFFFFFFFFFFFFFFFFFFFFFFFFFFFFFFFFFFFFFFFFFFFFFFFFFF

04-18 11:37:22.690 D/RILJ    ( 1591): [0306]< SIM_IO IccIoResponse sw1:0x90 sw2:0x0

04-18 11:37:22.690 D/RILJ    ( 1591): [0307]> iccIO: SIM_IO 0xb2 0x6f3a  path: 3F007F10,235,4,28

04-18 11:37:22.690 D/RILC    ( 1474): [0307]> SIM_IO (cmd=0xB2,efid=0x6F3A,path=3F007F10,235,4,28,(null),pin2=(null))

04-18 11:37:22.690 D/RIL     ( 1474): onRequest: SIM_IO

04-18 11:37:22.690 D/AT      ( 1474): AT> AT+CRSM=178,28474,235,4,28

04-18 11:37:22.700 D/AT      ( 1474): AT< +CRSM: 144,0,"FFFFFFFFFFFFFFFFFFFFFFFFFFFFFFFFFFFFFFFFFFFFFFFFFFFFFFFF"

04-18 11:37:22.700 D/AT      ( 1474): AT< OK

04-18 11:37:22.700 D/RILC    ( 1474): [0307]< SIM_IO {sw1=0x90,sw2=0x0,FFFFFFFFFFFFFFFFFFFFFFFFFFFFFFFFFFFFFFFFFFFFFFFFFFFFFFFF}

04-18 11:37:22.710 D/RILJ    ( 1591): < iccIO:  0x90 0x0 FFFFFFFFFFFFFFFFFFFFFFFFFFFFFFFFFFFFFFFFFFFFFFFFFFFFFFFF

04-18 11:37:22.710 D/RILJ    ( 1591): [0307]< SIM_IO IccIoResponse sw1:0x90 sw2:0x0

04-18 11:37:22.710 D/RILJ    ( 1591): [0308]> iccIO: SIM_IO 0xb2 0x6f3a  path: 3F007F10,236,4,28

04-18 11:37:22.710 D/RILC    ( 1474): [0308]> SIM_IO (cmd=0xB2,efid=0x6F3A,path=3F007F10,236,4,28,(null),pin2=(null))

04-18 11:37:22.710 D/RIL     ( 1474): onRequest: SIM_IO

04-18 11:37:22.710 D/AT      ( 1474): AT> AT+CRSM=178,28474,236,4,28

04-18 11:37:22.730 D/AT      ( 1474): AT< +CRSM: 144,0,"FFFFFFFFFFFFFFFFFFFFFFFFFFFFFFFFFFFFFFFFFFFFFFFFFFFFFFFF"

04-18 11:37:22.730 D/AT      ( 1474): AT< OK

04-18 11:37:22.730 D/RILC    ( 1474): [0308]< SIM_IO {sw1=0x90,sw2=0x0,FFFFFFFFFFFFFFFFFFFFFFFFFFFFFFFFFFFFFFFFFFFFFFFFFFFFFFFF}

04-18 11:37:22.730 D/RILJ    ( 1591): < iccIO:  0x90 0x0 FFFFFFFFFFFFFFFFFFFFFFFFFFFFFFFFFFFFFFFFFFFFFFFFFFFFFFFF

04-18 11:37:22.730 D/RILJ    ( 1591): [0308]< SIM_IO IccIoResponse sw1:0x90 sw2:0x0

04-18 11:37:22.730 D/RILJ    ( 1591): [0309]> iccIO: SIM_IO 0xb2 0x6f3a  path: 3F007F10,237,4,28

04-18 11:37:22.730 D/RILC    ( 1474): [0309]> SIM_IO (cmd=0xB2,efid=0x6F3A,path=3F007F10,237,4,28,(null),pin2=(null))

04-18 11:37:22.730 D/RIL     ( 1474): onRequest: SIM_IO

04-18 11:37:22.730 D/AT      ( 1474): AT> AT+CRSM=178,28474,237,4,28

04-18 11:37:22.750 D/AT      ( 1474): AT< +CRSM: 144,0,"FFFFFFFFFFFFFFFFFFFFFFFFFFFFFFFFFFFFFFFFFFFFFFFFFFFFFFFF"

04-18 11:37:22.750 D/AT      ( 1474): AT< OK

04-18 11:37:22.750 D/RILC    ( 1474): [0309]< SIM_IO {sw1=0x90,sw2=0x0,FFFFFFFFFFFFFFFFFFFFFFFFFFFFFFFFFFFFFFFFFFFFFFFFFFFFFFFF}

04-18 11:37:22.750 D/RILJ    ( 1591): < iccIO:  0x90 0x0 FFFFFFFFFFFFFFFFFFFFFFFFFFFFFFFFFFFFFFFFFFFFFFFFFFFFFFFF

04-18 11:37:22.750 D/RILJ    ( 1591): [0309]< SIM_IO IccIoResponse sw1:0x90 sw2:0x0

04-18 11:37:22.750 D/RILJ    ( 1591): [0310]> iccIO: SIM_IO 0xb2 0x6f3a  path: 3F007F10,238,4,28

04-18 11:37:22.750 D/RILC    ( 1474): [0310]> SIM_IO (cmd=0xB2,efid=0x6F3A,path=3F007F10,238,4,28,(null),pin2=(null))

04-18 11:37:22.750 D/RIL     ( 1474): onRequest: SIM_IO

04-18 11:37:22.750 D/AT      ( 1474): AT> AT+CRSM=178,28474,238,4,28

04-18 11:37:22.770 D/AT      ( 1474): AT< +CRSM: 144,0,"FFFFFFFFFFFFFFFFFFFFFFFFFFFFFFFFFFFFFFFFFFFFFFFFFFFFFFFF"

04-18 11:37:22.770 D/AT      ( 1474): AT< OK

04-18 11:37:22.770 D/RILC    ( 1474): [0310]< SIM_IO {sw1=0x90,sw2=0x0,FFFFFFFFFFFFFFFFFFFFFFFFFFFFFFFFFFFFFFFFFFFFFFFFFFFFFFFF}

04-18 11:37:22.770 D/RILJ    ( 1591): < iccIO:  0x90 0x0 FFFFFFFFFFFFFFFFFFFFFFFFFFFFFFFFFFFFFFFFFFFFFFFFFFFFFFFF

04-18 11:37:22.770 D/RILJ    ( 1591): [0310]< SIM_IO IccIoResponse sw1:0x90 sw2:0x0

04-18 11:37:22.770 D/RILJ    ( 1591): [0311]> iccIO: SIM_IO 0xb2 0x6f3a  path: 3F007F10,239,4,28

04-18 11:37:22.770 D/RILC    ( 1474): [0311]> SIM_IO (cmd=0xB2,efid=0x6F3A,path=3F007F10,239,4,28,(null),pin2=(null))

04-18 11:37:22.770 D/RIL     ( 1474): onRequest: SIM_IO

04-18 11:37:22.770 D/AT      ( 1474): AT> AT+CRSM=178,28474,239,4,28

04-18 11:37:22.790 D/AT      ( 1474): AT< +CRSM: 144,0,"FFFFFFFFFFFFFFFFFFFFFFFFFFFFFFFFFFFFFFFFFFFFFFFFFFFFFFFF"

04-18 11:37:22.790 D/AT      ( 1474): AT< OK

04-18 11:37:22.790 D/RILC    ( 1474): [0311]< SIM_IO {sw1=0x90,sw2=0x0,FFFFFFFFFFFFFFFFFFFFFFFFFFFFFFFFFFFFFFFFFFFFFFFFFFFFFFFF}

04-18 11:37:22.790 D/RILJ    ( 1591): < iccIO:  0x90 0x0 FFFFFFFFFFFFFFFFFFFFFFFFFFFFFFFFFFFFFFFFFFFFFFFFFFFFFFFF

04-18 11:37:22.790 D/RILJ    ( 1591): [0311]< SIM_IO IccIoResponse sw1:0x90 sw2:0x0

04-18 11:37:22.790 D/RILJ    ( 1591): [0312]> iccIO: SIM_IO 0xb2 0x6f3a  path: 3F007F10,240,4,28

04-18 11:37:22.820 D/RILC    ( 1474): [0312]> SIM_IO (cmd=0xB2,efid=0x6F3A,path=3F007F10,240,4,28,(null),pin2=(null))

04-18 11:37:22.820 D/RIL     ( 1474): onRequest: SIM_IO

04-18 11:37:22.820 D/AT      ( 1474): AT> AT+CRSM=178,28474,240,4,28

04-18 11:37:22.839 D/AT      ( 1474): AT< +CRSM: 144,0,"FFFFFFFFFFFFFFFFFFFFFFFFFFFFFFFFFFFFFFFFFFFFFFFFFFFFFFFF"

04-18 11:37:22.839 D/AT      ( 1474): AT< OK

04-18 11:37:22.839 D/RILC    ( 1474): [0312]< SIM_IO {sw1=0x90,sw2=0x0,FFFFFFFFFFFFFFFFFFFFFFFFFFFFFFFFFFFFFFFFFFFFFFFFFFFFFFFF}

04-18 11:37:22.839 D/RILJ    ( 1591): < iccIO:  0x90 0x0 FFFFFFFFFFFFFFFFFFFFFFFFFFFFFFFFFFFFFFFFFFFFFFFFFFFFFFFF

04-18 11:37:22.839 D/RILJ    ( 1591): [0312]< SIM_IO IccIoResponse sw1:0x90 sw2:0x0

04-18 11:37:22.839 D/RILJ    ( 1591): [0313]> iccIO: SIM_IO 0xb2 0x6f3a  path: 3F007F10,241,4,28

04-18 11:37:22.839 D/RILC    ( 1474): [0313]> SIM_IO (cmd=0xB2,efid=0x6F3A,path=3F007F10,241,4,28,(null),pin2=(null))

04-18 11:37:22.839 D/RIL     ( 1474): onRequest: SIM_IO

04-18 11:37:22.839 D/AT      ( 1474): AT> AT+CRSM=178,28474,241,4,28

04-18 11:37:22.860 D/AT      ( 1474): AT< +CRSM: 144,0,"FFFFFFFFFFFFFFFFFFFFFFFFFFFFFFFFFFFFFFFFFFFFFFFFFFFFFFFF"

04-18 11:37:22.860 D/AT      ( 1474): AT< OK

04-18 11:37:22.860 D/RILC    ( 1474): [0313]< SIM_IO {sw1=0x90,sw2=0x0,FFFFFFFFFFFFFFFFFFFFFFFFFFFFFFFFFFFFFFFFFFFFFFFFFFFFFFFF}

04-18 11:37:22.860 D/RILJ    ( 1591): < iccIO:  0x90 0x0 FFFFFFFFFFFFFFFFFFFFFFFFFFFFFFFFFFFFFFFFFFFFFFFFFFFFFFFF

04-18 11:37:22.860 D/RILJ    ( 1591): [0313]< SIM_IO IccIoResponse sw1:0x90 sw2:0x0

04-18 11:37:22.860 D/RILJ    ( 1591): [0314]> iccIO: SIM_IO 0xb2 0x6f3a  path: 3F007F10,242,4,28

04-18 11:37:22.870 D/RILC    ( 1474): [0314]> SIM_IO (cmd=0xB2,efid=0x6F3A,path=3F007F10,242,4,28,(null),pin2=(null))

04-18 11:37:22.870 D/RIL     ( 1474): onRequest: SIM_IO

04-18 11:37:22.870 D/AT      ( 1474): AT> AT+CRSM=178,28474,242,4,28

04-18 11:37:22.880 D/AT      ( 1474): AT< +CRSM: 144,0,"FFFFFFFFFFFFFFFFFFFFFFFFFFFFFFFFFFFFFFFFFFFFFFFFFFFFFFFF"

04-18 11:37:22.880 D/AT      ( 1474): AT< OK

04-18 11:37:22.880 D/RILC    ( 1474): [0314]< SIM_IO {sw1=0x90,sw2=0x0,FFFFFFFFFFFFFFFFFFFFFFFFFFFFFFFFFFFFFFFFFFFFFFFFFFFFFFFF}

04-18 11:37:22.880 D/RILJ    ( 1591): < iccIO:  0x90 0x0 FFFFFFFFFFFFFFFFFFFFFFFFFFFFFFFFFFFFFFFFFFFFFFFFFFFFFFFF

04-18 11:37:22.880 D/RILJ    ( 1591): [0314]< SIM_IO IccIoResponse sw1:0x90 sw2:0x0

04-18 11:37:22.890 D/RILJ    ( 1591): [0315]> iccIO: SIM_IO 0xb2 0x6f3a  path: 3F007F10,243,4,28

04-18 11:37:22.890 D/RILC    ( 1474): [0315]> SIM_IO (cmd=0xB2,efid=0x6F3A,path=3F007F10,243,4,28,(null),pin2=(null))

04-18 11:37:22.890 D/RIL     ( 1474): onRequest: SIM_IO

04-18 11:37:22.890 D/AT      ( 1474): AT> AT+CRSM=178,28474,243,4,28

04-18 11:37:22.909 D/AT      ( 1474): AT< +CRSM: 144,0,"FFFFFFFFFFFFFFFFFFFFFFFFFFFFFFFFFFFFFFFFFFFFFFFFFFFFFFFF"

04-18 11:37:22.909 D/AT      ( 1474): AT< OK

04-18 11:37:22.909 D/RILC    ( 1474): [0315]< SIM_IO {sw1=0x90,sw2=0x0,FFFFFFFFFFFFFFFFFFFFFFFFFFFFFFFFFFFFFFFFFFFFFFFFFFFFFFFF}

04-18 11:37:22.909 D/RILJ    ( 1591): < iccIO:  0x90 0x0 FFFFFFFFFFFFFFFFFFFFFFFFFFFFFFFFFFFFFFFFFFFFFFFFFFFFFFFF

04-18 11:37:22.909 D/RILJ    ( 1591): [0315]< SIM_IO IccIoResponse sw1:0x90 sw2:0x0

04-18 11:37:22.909 D/RILJ    ( 1591): [0316]> iccIO: SIM_IO 0xb2 0x6f3a  path: 3F007F10,244,4,28

04-18 11:37:22.920 D/RILC    ( 1474): [0316]> SIM_IO (cmd=0xB2,efid=0x6F3A,path=3F007F10,244,4,28,(null),pin2=(null))

04-18 11:37:22.920 D/RIL     ( 1474): onRequest: SIM_IO

04-18 11:37:22.920 D/AT      ( 1474): AT> AT+CRSM=178,28474,244,4,28

04-18 11:37:22.940 D/AT      ( 1474): AT< +CRSM: 144,0,"FFFFFFFFFFFFFFFFFFFFFFFFFFFFFFFFFFFFFFFFFFFFFFFFFFFFFFFF"

04-18 11:37:22.940 D/AT      ( 1474): AT< OK

04-18 11:37:22.940 D/RILC    ( 1474): [0316]< SIM_IO {sw1=0x90,sw2=0x0,FFFFFFFFFFFFFFFFFFFFFFFFFFFFFFFFFFFFFFFFFFFFFFFFFFFFFFFF}

04-18 11:37:22.940 D/RILJ    ( 1591): < iccIO:  0x90 0x0 FFFFFFFFFFFFFFFFFFFFFFFFFFFFFFFFFFFFFFFFFFFFFFFFFFFFFFFF

04-18 11:37:22.940 D/RILJ    ( 1591): [0316]< SIM_IO IccIoResponse sw1:0x90 sw2:0x0

04-18 11:37:22.940 D/RILJ    ( 1591): [0317]> iccIO: SIM_IO 0xb2 0x6f3a  path: 3F007F10,245,4,28

04-18 11:37:22.940 D/RILC    ( 1474): [0317]> SIM_IO (cmd=0xB2,efid=0x6F3A,path=3F007F10,245,4,28,(null),pin2=(null))

04-18 11:37:22.940 D/RIL     ( 1474): onRequest: SIM_IO

04-18 11:37:22.940 D/AT      ( 1474): AT> AT+CRSM=178,28474,245,4,28

04-18 11:37:22.960 D/AT      ( 1474): AT< +CRSM: 144,0,"FFFFFFFFFFFFFFFFFFFFFFFFFFFFFFFFFFFFFFFFFFFFFFFFFFFFFFFF"

04-18 11:37:22.960 D/AT      ( 1474): AT< OK

04-18 11:37:22.960 D/RILC    ( 1474): [0317]< SIM_IO {sw1=0x90,sw2=0x0,FFFFFFFFFFFFFFFFFFFFFFFFFFFFFFFFFFFFFFFFFFFFFFFFFFFFFFFF}

04-18 11:37:22.960 D/RILJ    ( 1591): < iccIO:  0x90 0x0 FFFFFFFFFFFFFFFFFFFFFFFFFFFFFFFFFFFFFFFFFFFFFFFFFFFFFFFF

04-18 11:37:22.960 D/RILJ    ( 1591): [0317]< SIM_IO IccIoResponse sw1:0x90 sw2:0x0

04-18 11:37:22.960 D/RILJ    ( 1591): [0318]> iccIO: SIM_IO 0xb2 0x6f3a  path: 3F007F10,246,4,28

04-18 11:37:22.970 D/RILC    ( 1474): [0318]> SIM_IO (cmd=0xB2,efid=0x6F3A,path=3F007F10,246,4,28,(null),pin2=(null))

04-18 11:37:22.970 D/RIL     ( 1474): onRequest: SIM_IO

04-18 11:37:22.970 D/AT      ( 1474): AT> AT+CRSM=178,28474,246,4,28

04-18 11:37:22.980 D/AT      ( 1474): AT< +CRSM: 144,0,"FFFFFFFFFFFFFFFFFFFFFFFFFFFFFFFFFFFFFFFFFFFFFFFFFFFFFFFF"

04-18 11:37:22.980 D/AT      ( 1474): AT< OK

04-18 11:37:22.980 D/RILC    ( 1474): [0318]< SIM_IO {sw1=0x90,sw2=0x0,FFFFFFFFFFFFFFFFFFFFFFFFFFFFFFFFFFFFFFFFFFFFFFFFFFFFFFFF}

04-18 11:37:22.980 D/RILJ    ( 1591): < iccIO:  0x90 0x0 FFFFFFFFFFFFFFFFFFFFFFFFFFFFFFFFFFFFFFFFFFFFFFFFFFFFFFFF

04-18 11:37:22.980 D/RILJ    ( 1591): [0318]< SIM_IO IccIoResponse sw1:0x90 sw2:0x0

04-18 11:37:22.990 D/RILJ    ( 1591): [0319]> iccIO: SIM_IO 0xb2 0x6f3a  path: 3F007F10,247,4,28

04-18 11:37:22.990 D/RILC    ( 1474): [0319]> SIM_IO (cmd=0xB2,efid=0x6F3A,path=3F007F10,247,4,28,(null),pin2=(null))

04-18 11:37:22.990 D/RIL     ( 1474): onRequest: SIM_IO

04-18 11:37:22.990 D/AT      ( 1474): AT> AT+CRSM=178,28474,247,4,28

04-18 11:37:23.000 D/AT      ( 1474): AT< +CRSM: 144,0,"FFFFFFFFFFFFFFFFFFFFFFFFFFFFFFFFFFFFFFFFFFFFFFFFFFFFFFFF"

04-18 11:37:23.000 D/AT      ( 1474): AT< OK

04-18 11:37:23.000 D/RILC    ( 1474): [0319]< SIM_IO {sw1=0x90,sw2=0x0,FFFFFFFFFFFFFFFFFFFFFFFFFFFFFFFFFFFFFFFFFFFFFFFFFFFFFFFF}

04-18 11:37:23.000 D/RILJ    ( 1591): < iccIO:  0x90 0x0 FFFFFFFFFFFFFFFFFFFFFFFFFFFFFFFFFFFFFFFFFFFFFFFFFFFFFFFF

04-18 11:37:23.000 D/RILJ    ( 1591): [0319]< SIM_IO IccIoResponse sw1:0x90 sw2:0x0

04-18 11:37:23.010 D/RILJ    ( 1591): [0320]> iccIO: SIM_IO 0xb2 0x6f3a  path: 3F007F10,248,4,28

04-18 11:37:23.010 D/RILC    ( 1474): [0320]> SIM_IO (cmd=0xB2,efid=0x6F3A,path=3F007F10,248,4,28,(null),pin2=(null))

04-18 11:37:23.010 D/RIL     ( 1474): onRequest: SIM_IO

04-18 11:37:23.010 D/AT      ( 1474): AT> AT+CRSM=178,28474,248,4,28

04-18 11:37:23.030 D/AT      ( 1474): AT< +CRSM: 144,0,"FFFFFFFFFFFFFFFFFFFFFFFFFFFFFFFFFFFFFFFFFFFFFFFFFFFFFFFF"

04-18 11:37:23.030 D/AT      ( 1474): AT< OK

04-18 11:37:23.030 D/RILC    ( 1474): [0320]< SIM_IO {sw1=0x90,sw2=0x0,FFFFFFFFFFFFFFFFFFFFFFFFFFFFFFFFFFFFFFFFFFFFFFFFFFFFFFFF}

04-18 11:37:23.030 D/RILJ    ( 1591): < iccIO:  0x90 0x0 FFFFFFFFFFFFFFFFFFFFFFFFFFFFFFFFFFFFFFFFFFFFFFFFFFFFFFFF

04-18 11:37:23.030 D/RILJ    ( 1591): [0320]< SIM_IO IccIoResponse sw1:0x90 sw2:0x0

04-18 11:37:23.030 D/RILJ    ( 1591): [0321]> iccIO: SIM_IO 0xb2 0x6f3a  path: 3F007F10,249,4,28

04-18 11:37:23.060 D/RILC    ( 1474): [0321]> SIM_IO (cmd=0xB2,efid=0x6F3A,path=3F007F10,249,4,28,(null),pin2=(null))

04-18 11:37:23.060 D/RIL     ( 1474): onRequest: SIM_IO

04-18 11:37:23.060 D/AT      ( 1474): AT> AT+CRSM=178,28474,249,4,28

04-18 11:37:23.080 D/AT      ( 1474): AT< +CRSM: 144,0,"FFFFFFFFFFFFFFFFFFFFFFFFFFFFFFFFFFFFFFFFFFFFFFFFFFFFFFFF"

04-18 11:37:23.080 D/AT      ( 1474): AT< OK

04-18 11:37:23.080 D/RILC    ( 1474): [0321]< SIM_IO {sw1=0x90,sw2=0x0,FFFFFFFFFFFFFFFFFFFFFFFFFFFFFFFFFFFFFFFFFFFFFFFFFFFFFFFF}

04-18 11:37:23.080 D/RILJ    ( 1591): < iccIO:  0x90 0x0 FFFFFFFFFFFFFFFFFFFFFFFFFFFFFFFFFFFFFFFFFFFFFFFFFFFFFFFF

04-18 11:37:23.080 D/RILJ    ( 1591): [0321]< SIM_IO IccIoResponse sw1:0x90 sw2:0x0

04-18 11:37:23.080 D/RILJ    ( 1591): [0322]> iccIO: SIM_IO 0xb2 0x6f3a  path: 3F007F10,250,4,28

04-18 11:37:23.090 D/RILC    ( 1474): [0322]> SIM_IO (cmd=0xB2,efid=0x6F3A,path=3F007F10,250,4,28,(null),pin2=(null))

04-18 11:37:23.090 D/RIL     ( 1474): onRequest: SIM_IO

04-18 11:37:23.090 D/AT      ( 1474): AT> AT+CRSM=178,28474,250,4,28

04-18 11:37:23.100 D/AT      ( 1474): AT< +CRSM: 144,0,"FFFFFFFFFFFFFFFFFFFFFFFFFFFFFFFFFFFFFFFFFFFFFFFFFFFFFFFF"

04-18 11:37:23.100 D/AT      ( 1474): AT< OK

04-18 11:37:23.100 D/RILC    ( 1474): [0322]< SIM_IO {sw1=0x90,sw2=0x0,FFFFFFFFFFFFFFFFFFFFFFFFFFFFFFFFFFFFFFFFFFFFFFFFFFFFFFFF}

04-18 11:37:23.100 D/RILJ    ( 1591): < iccIO:  0x90 0x0 FFFFFFFFFFFFFFFFFFFFFFFFFFFFFFFFFFFFFFFFFFFFFFFFFFFFFFFF

04-18 11:37:23.100 D/RILJ    ( 1591): [0322]< SIM_IO IccIoResponse sw1:0x90 sw2:0x0

04-18 11:37:25.020 D/STK     ( 1591): StkAppService: SET_UP_MENU

04-18 11:37:25.020 D/STK     ( 1591): StkAppService: Install App

04-18 11:37:25.419 D/STK     ( 1591): StkAppService: DISPLAY_TEXT

04-18 11:37:28.239 D/STK     ( 1591): StkAppService: RES_ID_CONFIRM

04-18 11:37:28.319 D/STK     ( 1591): StkService: TERMINAL RESPONSE: 810301210082028281830100

04-18 11:37:28.319 D/RILJ    ( 1591): [0323]> REQUEST_STK_SEND_TERMINAL_RESPONSE

04-18 11:37:28.330 D/RILC    ( 1474): [0323]> STK_SEND_TERMINAL_RESPONSE (810301210082028281830100)

04-18 11:37:28.330 D/RIL     ( 1474): onRequest: STK_SEND_TERMINAL_RESPONSE

04-18 11:37:28.330 D/RIL     ( 1474): STK send term response command: AT+GTKR="810301210082028281830100"

04-18 11:37:28.330 D/AT      ( 1474): AT> AT+GTKR="810301210082028281830100"

04-18 11:37:28.359 D/AT      ( 1474): AT< OK

04-18 11:37:28.359 D/AT      ( 1474): AT< +GTKS:

04-18 11:37:28.359 D/RILC    ( 1474): [UNSL]< UNSOL_STK_SESSION_END 

04-18 11:37:28.359 D/RILJ    ( 1591): [UNSL]< UNSOL_STK_SESSION_END

04-18 11:37:28.359 D/RILC    ( 1474): [0323]< STK_SEND_TERMINAL_RESPONSE

04-18 11:37:28.370 D/RILJ    ( 1591): [0323]< REQUEST_STK_SEND_TERMINAL_RESPONSE 

04-18 11:37:28.380 D/STK     ( 1591): StkService: ril message arrived

04-18 11:37:28.380 D/STK     ( 1591): StkService: SESSION END

04-18 11:37:34.779 D/RILJ    ( 1591): [0324]> SIGNAL_STRENGTH

04-18 11:37:34.779 D/RILC    ( 1474): [0324]> SIGNAL_STRENGTH 

04-18 11:37:34.779 D/RIL     ( 1474): onRequest: SIGNAL_STRENGTH

04-18 11:37:34.779 D/AT      ( 1474): AT> AT+CSQ

04-18 11:37:34.790 D/AT      ( 1474): AT< +CSQ: 22,99

04-18 11:37:34.790 D/AT      ( 1474): AT< OK

04-18 11:37:34.790 D/RILC    ( 1474): [0324]< SIGNAL_STRENGTH {[ 22 99]}

04-18 11:37:34.790 D/RILJ    ( 1591): [0324]< SIGNAL_STRENGTH {22, 99, 0, 0, 0, 0, 0}

04-18 11:37:51.054 D/AT      ( 1474): AT< +CMT: "A",60

04-18 11:37:51.054 D/AT      ( 1474): AT< 0891683108200105F06405A10180F60008114081113362232C05000362020256FD51856F2B6E3853EF8D2D4E70516856FD901A752879FB52A85145503C53615145503C3002

04-18 11:37:51.054 D/RILC    ( 1474): [UNSL]< UNSOL_RESPONSE_NEW_SMS {0891683108200105F06405A10180F60008114081113362232C05000362020256FD51856F2B6E3853EF8D2D4E70516856FD901A752879FB52A85145503C53615145503C3002}

04-18 11:37:51.054 D/RILJ    ( 1591): [UNSL]< UNSOL_RESPONSE_NEW_SMS

04-18 11:37:51.060 D/GSM     ( 1591): SMS SC address: +8613800210500

04-18 11:37:51.070 D/GSM     ( 1591): SMS SC timestamp: 1303097606000

04-18 11:37:51.080 D/SMS     ( 1591): New SMS Message Received

04-18 11:37:51.140 D/RILJ    ( 1591): [0325]> SMS_ACKNOWLEDGE true 0

04-18 11:37:51.150 D/RILC    ( 1474): [0325]> SMS_ACKNOWLEDGE (1,0)

04-18 11:37:51.150 D/RIL     ( 1474): onRequest: SMS_ACKNOWLEDGE

04-18 11:37:51.150 D/AT      ( 1474): AT> AT+CNMA=1

04-18 11:37:51.150 D/AT      ( 1474): AT< OK

04-18 11:37:51.150 D/RILC    ( 1474): [0325]< SMS_ACKNOWLEDGE

04-18 11:37:51.150 D/RILJ    ( 1591): [0325]< SMS_ACKNOWLEDGE 

04-18 11:37:54.799 D/RILJ    ( 1591): [0326]> SIGNAL_STRENGTH

04-18 11:37:54.820 D/RILC    ( 1474): [0326]> SIGNAL_STRENGTH 

04-18 11:37:54.820 D/RIL     ( 1474): onRequest: SIGNAL_STRENGTH

04-18 11:37:54.820 D/AT      ( 1474): AT> AT+CSQ

04-18 11:37:54.829 D/AT      ( 1474): AT< +CSQ: 23,99

04-18 11:37:54.829 D/AT      ( 1474): AT< OK

04-18 11:37:54.829 D/RILC    ( 1474): [0326]< SIGNAL_STRENGTH {[ 23 99]}

04-18 11:37:54.829 D/RILJ    ( 1591): [0326]< SIGNAL_STRENGTH {23, 99, 0, 0, 0, 0, 0}

04-18 11:38:15.779 E/PHONE   ( 1591): Error! This function should never be executed, inactive CDMAPhone.

04-18 11:38:15.779 D/GSM     ( 1591): dialing w/ mmi 'null'...

04-18 11:38:15.790 D/GSM     ( 1591): [GSMConn] acquireWakeLock

04-18 11:38:15.790 D/RILJ    ( 1591): [0327]> SET_MUTE false

04-18 11:38:15.799 D/RILC    ( 1474): [0327]> SET_MUTE (0)

04-18 11:38:15.799 D/RIL     ( 1474): onRequest: SET_MUTE

04-18 11:38:15.799 D/AT      ( 1474): AT> AT+CMUT=0

04-18 11:38:15.799 D/AT      ( 1474): AT< +CME ERROR: 3

04-18 11:38:15.799 D/RILC    ( 1474): [0327]< SET_MUTE fails by E_GENERIC_FAILURE

04-18 11:38:15.799 D/RILJ    ( 1591): [0327]< SET_MUTE error: com.android.internal.telephony.CommandException: GENERIC_FAILURE

04-18 11:38:15.810 D/RILJ    ( 1591): [0328]> DIAL

04-18 11:38:15.810 D/RILC    ( 1474): [0328]> DIAL (num=13701680906,clir=0)

04-18 11:38:15.810 D/RIL     ( 1474): onRequest: DIAL

04-18 11:38:15.810 D/AT      ( 1474): AT> ATD13701680906;

04-18 11:38:15.819 D/AT      ( 1474): AT< OK

04-18 11:38:15.819 D/RILC    ( 1474): [0328]< DIAL

04-18 11:38:15.819 D/RILJ    ( 1591): [0328]< DIAL 

04-18 11:38:16.269 D/RILJ    ( 1591): [0329]> SIGNAL_STRENGTH

04-18 11:38:16.269 D/RILC    ( 1474): [0329]> SIGNAL_STRENGTH 

04-18 11:38:16.269 D/RIL     ( 1474): onRequest: SIGNAL_STRENGTH

04-18 11:38:16.269 D/AT      ( 1474): AT> AT+CSQ

04-18 11:38:16.269 D/AT      ( 1474): AT< +CSQ: 21,0

04-18 11:38:16.280 D/AT      ( 1474): AT< OK

04-18 11:38:16.280 D/RILC    ( 1474): [0329]< SIGNAL_STRENGTH {[ 21 0]}

04-18 11:38:16.280 D/RILJ    ( 1591): [0329]< SIGNAL_STRENGTH {21, 0, 0, 0, 0, 0, 0}

04-18 11:38:16.340 D/RILJ    ( 1591): [0330]> SET_MUTE false

04-18 11:38:16.369 D/RILC    ( 1474): [0330]> SET_MUTE (0)

04-18 11:38:16.369 D/RIL     ( 1474): onRequest: SET_MUTE

04-18 11:38:16.369 D/AT      ( 1474): AT> AT+CMUT=0

04-18 11:38:16.369 D/AT      ( 1474): AT< +CME ERROR: 3

04-18 11:38:16.369 D/RILC    ( 1474): [0330]< SET_MUTE fails by E_GENERIC_FAILURE

04-18 11:38:16.369 D/RILJ    ( 1591): [0330]< SET_MUTE error: com.android.internal.telephony.CommandException: GENERIC_FAILURE

04-18 11:38:16.389 D/RILJ    ( 1591): [0331]> GET_CURRENT_CALLS

04-18 11:38:16.389 D/RILC    ( 1474): [0331]> GET_CURRENT_CALLS 

04-18 11:38:16.389 D/RIL     ( 1474): onRequest: GET_CURRENT_CALLS

04-18 11:38:16.389 D/AT      ( 1474): AT> AT+CLCC

04-18 11:38:16.400 D/AT      ( 1474): AT< +CLCC: 1,0,2,0,0,"13701680906",129

04-18 11:38:16.400 D/AT      ( 1474): AT< OK

04-18 11:38:16.400 D/RILC    ( 1474): [0331]< GET_CURRENT_CALLS {[id=1,DIALING,toa=129,norm,mo,als=0,voc,noevp,13701680906,cli=0,name='(null)',0}

04-18 11:38:16.400 D/RILJ    ( 1591): InCall VoicePrivacy is disabled

04-18 11:38:16.400 D/RILJ    ( 1591): [0331]< GET_CURRENT_CALLS  [id=1,DIALING,toa=129,norm,mo,0,voc,noevp,,cli=1,,0] 

04-18 11:38:16.410 D/GSM     ( 1591): GSMDataConnTrack handleMessage { what=14 when=134630 obj=android.os.AsyncResult@43cc7d70 }

04-18 11:38:16.529 D/RILJ    ( 1591): [0332]> SET_MUTE false

04-18 11:38:16.539 D/RILC    ( 1474): [0332]> SET_MUTE (0)

04-18 11:38:16.539 D/RIL     ( 1474): onRequest: SET_MUTE

04-18 11:38:16.539 D/AT      ( 1474): AT> AT+CMUT=0

04-18 11:38:16.550 D/AT      ( 1474): AT< +CME ERROR: 3

04-18 11:38:16.550 D/RILC    ( 1474): [0332]< SET_MUTE fails by E_GENERIC_FAILURE

04-18 11:38:16.550 D/RILJ    ( 1591): [0332]< SET_MUTE error: com.android.internal.telephony.CommandException: GENERIC_FAILURE

04-18 11:38:16.569 D/RILJ    ( 1591): [0333]> SET_MUTE false

04-18 11:38:16.579 D/RILC    ( 1474): [0333]> SET_MUTE (0)

04-18 11:38:16.579 D/RIL     ( 1474): onRequest: SET_MUTE

04-18 11:38:16.579 D/AT      ( 1474): AT> AT+CMUT=0

04-18 11:38:16.579 D/AT      ( 1474): AT< +CME ERROR: 3

04-18 11:38:16.579 D/RILC    ( 1474): [0333]< SET_MUTE fails by E_GENERIC_FAILURE

04-18 11:38:16.579 D/RILJ    ( 1591): [0333]< SET_MUTE error: com.android.internal.telephony.CommandException: GENERIC_FAILURE

04-18 11:38:16.900 D/RILC    ( 1474): [UNSL]< UNSOL_RESPONSE_CALL_STATE_CHANGED 

04-18 11:38:16.900 D/RILJ    ( 1591): [UNSL]< UNSOL_RESPONSE_CALL_STATE_CHANGED

04-18 11:38:16.959 D/GSM     ( 1591): [GSMConn] update: parent=DIALING, hasNewParent=false, wasConnectingInOrOut=true, wasHolding=false, isConnectingInOrOut=true, changed=false

04-18 11:38:17.040 D/RILJ    ( 1591): [0334]> GET_CURRENT_CALLS

04-18 11:38:17.040 D/RILC    ( 1474): [0334]> GET_CURRENT_CALLS 

04-18 11:38:17.040 D/RIL     ( 1474): onRequest: GET_CURRENT_CALLS

04-18 11:38:17.040 D/AT      ( 1474): AT> AT+CLCC

04-18 11:38:17.040 D/AT      ( 1474): AT< +CLCC: 1,0,2,0,0,"13701680906",129

04-18 11:38:17.050 D/AT      ( 1474): AT< OK

04-18 11:38:17.050 D/RILC    ( 1474): [0334]< GET_CURRENT_CALLS {[id=1,DIALING,toa=129,norm,mo,als=0,voc,noevp,13701680906,cli=0,name='(null)',0}

04-18 11:38:17.050 D/RILJ    ( 1591): InCall VoicePrivacy is disabled

04-18 11:38:17.050 D/RILJ    ( 1591): [0334]< GET_CURRENT_CALLS  [id=1,DIALING,toa=129,norm,mo,0,voc,noevp,,cli=1,,0] 

04-18 11:38:17.299 D/RILJ    ( 1591): [0335]> SET_MUTE false

04-18 11:38:17.299 D/RILC    ( 1474): [0335]> SET_MUTE (0)

04-18 11:38:17.299 D/RIL     ( 1474): onRequest: SET_MUTE

04-18 11:38:17.299 D/AT      ( 1474): AT> AT+CMUT=0

04-18 11:38:17.299 D/AT      ( 1474): AT< +CME ERROR: 3

04-18 11:38:17.309 D/RILC    ( 1474): [0335]< SET_MUTE fails by E_GENERIC_FAILURE

04-18 11:38:17.309 D/RILJ    ( 1591): [0335]< SET_MUTE error: com.android.internal.telephony.CommandException: GENERIC_FAILURE

04-18 11:38:17.329 D/GSM     ( 1591): [GSMConn] update: parent=DIALING, hasNewParent=false, wasConnectingInOrOut=true, wasHolding=false, isConnectingInOrOut=true, changed=false

04-18 11:38:17.549 D/RILC    ( 1474): [UNSL]< UNSOL_RESPONSE_CALL_STATE_CHANGED 

04-18 11:38:17.549 D/RILJ    ( 1591): [UNSL]< UNSOL_RESPONSE_CALL_STATE_CHANGED

04-18 11:38:17.559 D/RILJ    ( 1591): [0336]> GET_CURRENT_CALLS

04-18 11:38:17.559 D/RILC    ( 1474): [0336]> GET_CURRENT_CALLS 

04-18 11:38:17.559 D/RIL     ( 1474): onRequest: GET_CURRENT_CALLS

04-18 11:38:17.559 D/AT      ( 1474): AT> AT+CLCC

04-18 11:38:17.569 D/AT      ( 1474): AT< +CLCC: 1,0,2,0,0,"13701680906",129

04-18 11:38:17.569 D/AT      ( 1474): AT< OK

04-18 11:38:17.569 D/RILC    ( 1474): [0336]< GET_CURRENT_CALLS {[id=1,DIALING,toa=129,norm,mo,als=0,voc,noevp,13701680906,cli=0,name='(null)',0}

04-18 11:38:17.569 D/RILJ    ( 1591): InCall VoicePrivacy is disabled

04-18 11:38:17.569 D/RILJ    ( 1591): [0336]< GET_CURRENT_CALLS  [id=1,DIALING,toa=129,norm,mo,0,voc,noevp,,cli=1,,0] 

04-18 11:38:17.579 D/GSM     ( 1591): [GSMConn] update: parent=DIALING, hasNewParent=false, wasConnectingInOrOut=true, wasHolding=false, isConnectingInOrOut=true, changed=false

04-18 11:38:18.071 D/RILC    ( 1474): [UNSL]< UNSOL_RESPONSE_CALL_STATE_CHANGED 

04-18 11:38:18.071 D/RILJ    ( 1591): [UNSL]< UNSOL_RESPONSE_CALL_STATE_CHANGED

04-18 11:38:18.071 D/RILJ    ( 1591): [0337]> GET_CURRENT_CALLS

04-18 11:38:18.080 D/RILC    ( 1474): [0337]> GET_CURRENT_CALLS 

04-18 11:38:18.080 D/RIL     ( 1474): onRequest: GET_CURRENT_CALLS

04-18 11:38:18.080 D/AT      ( 1474): AT> AT+CLCC

04-18 11:38:18.080 D/AT      ( 1474): AT< +CLCC: 1,0,2,0,0,"13701680906",129

04-18 11:38:18.080 D/AT      ( 1474): AT< OK

04-18 11:38:18.080 D/RILC    ( 1474): [0337]< GET_CURRENT_CALLS {[id=1,DIALING,toa=129,norm,mo,als=0,voc,noevp,13701680906,cli=0,name='(null)',0}

04-18 11:38:18.080 D/RILJ    ( 1591): InCall VoicePrivacy is disabled

04-18 11:38:18.089 D/RILJ    ( 1591): [0337]< GET_CURRENT_CALLS  [id=1,DIALING,toa=129,norm,mo,0,voc,noevp,,cli=1,,0] 

04-18 11:38:18.099 D/GSM     ( 1591): [GSMConn] update: parent=DIALING, hasNewParent=false, wasConnectingInOrOut=true, wasHolding=false, isConnectingInOrOut=true, changed=false

04-18 11:38:18.589 D/RILC    ( 1474): [UNSL]< UNSOL_RESPONSE_CALL_STATE_CHANGED 

04-18 11:38:18.589 D/RILJ    ( 1591): [UNSL]< UNSOL_RESPONSE_CALL_STATE_CHANGED

04-18 11:38:18.600 D/RILJ    ( 1591): [0338]> GET_CURRENT_CALLS

04-18 11:38:18.610 D/RILC    ( 1474): [0338]> GET_CURRENT_CALLS 

04-18 11:38:18.610 D/RIL     ( 1474): onRequest: GET_CURRENT_CALLS

04-18 11:38:18.610 D/AT      ( 1474): AT> AT+CLCC

04-18 11:38:18.610 D/AT      ( 1474): AT< +CLCC: 1,0,2,0,0,"13701680906",129

04-18 11:38:18.620 D/AT      ( 1474): AT< OK

04-18 11:38:18.620 D/RILC    ( 1474): [0338]< GET_CURRENT_CALLS {[id=1,DIALING,toa=129,norm,mo,als=0,voc,noevp,13701680906,cli=0,name='(null)',0}

04-18 11:38:18.620 D/RILJ    ( 1591): InCall VoicePrivacy is disabled

04-18 11:38:18.620 D/RILJ    ( 1591): [0338]< GET_CURRENT_CALLS  [id=1,DIALING,toa=129,norm,mo,0,voc,noevp,,cli=1,,0] 

04-18 11:38:18.649 D/GSM     ( 1591): [GSMConn] update: parent=DIALING, hasNewParent=false, wasConnectingInOrOut=true, wasHolding=false, isConnectingInOrOut=true, changed=false

04-18 11:38:19.119 D/RILC    ( 1474): [UNSL]< UNSOL_RESPONSE_CALL_STATE_CHANGED 

04-18 11:38:19.119 D/RILJ    ( 1591): [UNSL]< UNSOL_RESPONSE_CALL_STATE_CHANGED

04-18 11:38:19.119 D/RILJ    ( 1591): [0339]> GET_CURRENT_CALLS

04-18 11:38:19.130 D/RILC    ( 1474): [0339]> GET_CURRENT_CALLS 

04-18 11:38:19.130 D/RIL     ( 1474): onRequest: GET_CURRENT_CALLS

04-18 11:38:19.130 D/AT      ( 1474): AT> AT+CLCC

04-18 11:38:19.130 D/AT      ( 1474): AT< +CLCC: 1,0,2,0,0,"13701680906",129

04-18 11:38:19.130 D/AT      ( 1474): AT< OK

04-18 11:38:19.130 D/RILC    ( 1474): [0339]< GET_CURRENT_CALLS {[id=1,DIALING,toa=129,norm,mo,als=0,voc,noevp,13701680906,cli=0,name='(null)',0}

04-18 11:38:19.130 D/RILJ    ( 1591): InCall VoicePrivacy is disabled

04-18 11:38:19.130 D/RILJ    ( 1591): [0339]< GET_CURRENT_CALLS  [id=1,DIALING,toa=129,norm,mo,0,voc,noevp,,cli=1,,0] 

04-18 11:38:19.130 D/GSM     ( 1591): [GSMConn] update: parent=DIALING, hasNewParent=false, wasConnectingInOrOut=true, wasHolding=false, isConnectingInOrOut=true, changed=false

04-18 11:38:19.630 D/RILC    ( 1474): [UNSL]< UNSOL_RESPONSE_CALL_STATE_CHANGED 

04-18 11:38:19.630 D/RILJ    ( 1591): [UNSL]< UNSOL_RESPONSE_CALL_STATE_CHANGED

04-18 11:38:19.640 D/RILJ    ( 1591): [0340]> GET_CURRENT_CALLS

04-18 11:38:19.640 D/RILC    ( 1474): [0340]> GET_CURRENT_CALLS 

04-18 11:38:19.640 D/RIL     ( 1474): onRequest: GET_CURRENT_CALLS

04-18 11:38:19.640 D/AT      ( 1474): AT> AT+CLCC

04-18 11:38:19.650 D/AT      ( 1474): AT< +CLCC: 1,0,2,0,0,"13701680906",129

04-18 11:38:19.650 D/AT      ( 1474): AT< OK

04-18 11:38:19.650 D/RILC    ( 1474): [0340]< GET_CURRENT_CALLS {[id=1,DIALING,toa=129,norm,mo,als=0,voc,noevp,13701680906,cli=0,name='(null)',0}

04-18 11:38:19.650 D/RILJ    ( 1591): InCall VoicePrivacy is disabled

04-18 11:38:19.650 D/RILJ    ( 1591): [0340]< GET_CURRENT_CALLS  [id=1,DIALING,toa=129,norm,mo,0,voc,noevp,,cli=1,,0] 

04-18 11:38:19.660 D/GSM     ( 1591): [GSMConn] update: parent=DIALING, hasNewParent=false, wasConnectingInOrOut=true, wasHolding=false, isConnectingInOrOut=true, changed=false

04-18 11:38:20.154 D/RILC    ( 1474): [UNSL]< UNSOL_RESPONSE_CALL_STATE_CHANGED 

04-18 11:38:20.154 D/RILJ    ( 1591): [UNSL]< UNSOL_RESPONSE_CALL_STATE_CHANGED

04-18 11:38:20.160 D/RILJ    ( 1591): [0341]> GET_CURRENT_CALLS

04-18 11:38:20.170 D/RILC    ( 1474): [0341]> GET_CURRENT_CALLS 

04-18 11:38:20.170 D/RIL     ( 1474): onRequest: GET_CURRENT_CALLS

04-18 11:38:20.170 D/AT      ( 1474): AT> AT+CLCC

04-18 11:38:20.180 D/AT      ( 1474): AT< +CLCC: 1,0,2,0,0,"13701680906",129

04-18 11:38:20.180 D/AT      ( 1474): AT< OK

04-18 11:38:20.180 D/RILC    ( 1474): [0341]< GET_CURRENT_CALLS {[id=1,DIALING,toa=129,norm,mo,als=0,voc,noevp,13701680906,cli=0,name='(null)',0}

04-18 11:38:20.180 D/RILJ    ( 1591): InCall VoicePrivacy is disabled

04-18 11:38:20.180 D/RILJ    ( 1591): [0341]< GET_CURRENT_CALLS  [id=1,DIALING,toa=129,norm,mo,0,voc,noevp,,cli=1,,0] 

04-18 11:38:20.200 D/GSM     ( 1591): [GSMConn] update: parent=DIALING, hasNewParent=false, wasConnectingInOrOut=true, wasHolding=false, isConnectingInOrOut=true, changed=false

04-18 11:38:20.680 D/RILC    ( 1474): [UNSL]< UNSOL_RESPONSE_CALL_STATE_CHANGED 

04-18 11:38:20.680 D/RILJ    ( 1591): [UNSL]< UNSOL_RESPONSE_CALL_STATE_CHANGED

04-18 11:38:20.689 D/RILJ    ( 1591): [0342]> GET_CURRENT_CALLS

04-18 11:38:20.700 D/RILC    ( 1474): [0342]> GET_CURRENT_CALLS 

04-18 11:38:20.700 D/RIL     ( 1474): onRequest: GET_CURRENT_CALLS

04-18 11:38:20.700 D/AT      ( 1474): AT> AT+CLCC

04-18 11:38:20.710 D/AT      ( 1474): AT< +CLCC: 1,0,2,0,0,"13701680906",129

04-18 11:38:20.710 D/AT      ( 1474): AT< OK

04-18 11:38:20.710 D/RILC    ( 1474): [0342]< GET_CURRENT_CALLS {[id=1,DIALING,toa=129,norm,mo,als=0,voc,noevp,13701680906,cli=0,name='(null)',0}

04-18 11:38:20.720 D/RILJ    ( 1591): InCall VoicePrivacy is disabled

04-18 11:38:20.720 D/RILJ    ( 1591): [0342]< GET_CURRENT_CALLS  [id=1,DIALING,toa=129,norm,mo,0,voc,noevp,,cli=1,,0] 

04-18 11:38:20.739 D/GSM     ( 1591): [GSMConn] update: parent=DIALING, hasNewParent=false, wasConnectingInOrOut=true, wasHolding=false, isConnectingInOrOut=true, changed=false

04-18 11:38:21.212 D/RILC    ( 1474): [UNSL]< UNSOL_RESPONSE_CALL_STATE_CHANGED 

04-18 11:38:21.220 D/RILJ    ( 1591): [UNSL]< UNSOL_RESPONSE_CALL_STATE_CHANGED

04-18 11:38:21.220 D/RILJ    ( 1591): [0343]> GET_CURRENT_CALLS

04-18 11:38:21.230 D/RILC    ( 1474): [0343]> GET_CURRENT_CALLS 

04-18 11:38:21.230 D/RIL     ( 1474): onRequest: GET_CURRENT_CALLS

04-18 11:38:21.230 D/AT      ( 1474): AT> AT+CLCC

04-18 11:38:21.230 D/AT      ( 1474): AT< +CLCC: 1,0,2,0,0,"13701680906",129

04-18 11:38:21.240 D/AT      ( 1474): AT< OK

04-18 11:38:21.240 D/RILC    ( 1474): [0343]< GET_CURRENT_CALLS {[id=1,DIALING,toa=129,norm,mo,als=0,voc,noevp,13701680906,cli=0,name='(null)',0}

04-18 11:38:21.240 D/RILJ    ( 1591): InCall VoicePrivacy is disabled

04-18 11:38:21.240 D/RILJ    ( 1591): [0343]< GET_CURRENT_CALLS  [id=1,DIALING,toa=129,norm,mo,0,voc,noevp,,cli=1,,0] 

04-18 11:38:21.250 D/GSM     ( 1591): [GSMConn] update: parent=DIALING, hasNewParent=false, wasConnectingInOrOut=true, wasHolding=false, isConnectingInOrOut=true, changed=false

04-18 11:38:21.739 D/RILC    ( 1474): [UNSL]< UNSOL_RESPONSE_CALL_STATE_CHANGED 

04-18 11:38:21.739 D/RILJ    ( 1591): [UNSL]< UNSOL_RESPONSE_CALL_STATE_CHANGED

04-18 11:38:21.739 D/RILJ    ( 1591): [0344]> GET_CURRENT_CALLS

04-18 11:38:21.750 D/RILC    ( 1474): [0344]> GET_CURRENT_CALLS 

04-18 11:38:21.750 D/RIL     ( 1474): onRequest: GET_CURRENT_CALLS

04-18 11:38:21.750 D/AT      ( 1474): AT> AT+CLCC

04-18 11:38:21.760 D/AT      ( 1474): AT< +CLCC: 1,0,2,0,0,"13701680906",129

04-18 11:38:21.760 D/AT      ( 1474): AT< OK

04-18 11:38:21.760 D/RILC    ( 1474): [0344]< GET_CURRENT_CALLS {[id=1,DIALING,toa=129,norm,mo,als=0,voc,noevp,13701680906,cli=0,name='(null)',0}

04-18 11:38:21.760 D/RILJ    ( 1591): InCall VoicePrivacy is disabled

04-18 11:38:21.760 D/RILJ    ( 1591): [0344]< GET_CURRENT_CALLS  [id=1,DIALING,toa=129,norm,mo,0,voc,noevp,,cli=1,,0] 

04-18 11:38:21.770 D/GSM     ( 1591): [GSMConn] update: parent=DIALING, hasNewParent=false, wasConnectingInOrOut=true, wasHolding=false, isConnectingInOrOut=true, changed=false

04-18 11:38:22.260 D/RILC    ( 1474): [UNSL]< UNSOL_RESPONSE_CALL_STATE_CHANGED 

04-18 11:38:22.260 D/RILJ    ( 1591): [UNSL]< UNSOL_RESPONSE_CALL_STATE_CHANGED

04-18 11:38:22.270 D/RILJ    ( 1591): [0345]> GET_CURRENT_CALLS

04-18 11:38:22.300 D/RILC    ( 1474): [0345]> GET_CURRENT_CALLS 

04-18 11:38:22.300 D/RIL     ( 1474): onRequest: GET_CURRENT_CALLS

04-18 11:38:22.300 D/AT      ( 1474): AT> AT+CLCC

04-18 11:38:22.310 D/AT      ( 1474): AT< +CLCC: 1,0,3,0,0,"13701680906",129

04-18 11:38:22.320 D/AT      ( 1474): AT< OK

04-18 11:38:22.320 D/RILC    ( 1474): [0345]< GET_CURRENT_CALLS {[id=1,ALERTING,toa=129,norm,mo,als=0,voc,noevp,13701680906,cli=0,name='(null)',0}

04-18 11:38:22.320 D/RILJ    ( 1591): InCall VoicePrivacy is disabled

04-18 11:38:22.320 D/RILJ    ( 1591): [0345]< GET_CURRENT_CALLS  [id=1,ALERTING,toa=129,norm,mo,0,voc,noevp,,cli=1,,0] 

04-18 11:38:22.330 D/GSM     ( 1591): [GSMConn] update: parent=ALERTING, hasNewParent=false, wasConnectingInOrOut=true, wasHolding=false, isConnectingInOrOut=true, changed=true

04-18 11:38:22.419 D/RILJ    ( 1591): [0346]> SET_MUTE false

04-18 11:38:22.429 D/RILC    ( 1474): [0346]> SET_MUTE (0)

04-18 11:38:22.429 D/RIL     ( 1474): onRequest: SET_MUTE

04-18 11:38:22.429 D/AT      ( 1474): AT> AT+CMUT=0

04-18 11:38:22.429 D/AT      ( 1474): AT< +CME ERROR: 3

04-18 11:38:22.440 D/RILC    ( 1474): [0346]< SET_MUTE fails by E_GENERIC_FAILURE

04-18 11:38:22.440 D/RILJ    ( 1591): [0346]< SET_MUTE error: com.android.internal.telephony.CommandException: GENERIC_FAILURE

04-18 11:38:22.822 D/RILC    ( 1474): [UNSL]< UNSOL_RESPONSE_CALL_STATE_CHANGED 

04-18 11:38:22.822 D/RILJ    ( 1591): [UNSL]< UNSOL_RESPONSE_CALL_STATE_CHANGED

04-18 11:38:22.829 D/RILJ    ( 1591): [0347]> GET_CURRENT_CALLS

04-18 11:38:22.840 D/RILC    ( 1474): [0347]> GET_CURRENT_CALLS 

04-18 11:38:22.840 D/RIL     ( 1474): onRequest: GET_CURRENT_CALLS

04-18 11:38:22.840 D/AT      ( 1474): AT> AT+CLCC

04-18 11:38:22.840 D/AT      ( 1474): AT< +CLCC: 1,0,3,0,0,"13701680906",129

04-18 11:38:22.840 D/AT      ( 1474): AT< OK

04-18 11:38:22.840 D/RILC    ( 1474): [0347]< GET_CURRENT_CALLS {[id=1,ALERTING,toa=129,norm,mo,als=0,voc,noevp,13701680906,cli=0,name='(null)',0}

04-18 11:38:22.850 D/RILJ    ( 1591): InCall VoicePrivacy is disabled

04-18 11:38:22.850 D/RILJ    ( 1591): [0347]< GET_CURRENT_CALLS  [id=1,ALERTING,toa=129,norm,mo,0,voc,noevp,,cli=1,,0] 

04-18 11:38:22.860 D/GSM     ( 1591): [GSMConn] update: parent=ALERTING, hasNewParent=false, wasConnectingInOrOut=true, wasHolding=false, isConnectingInOrOut=true, changed=false

04-18 11:38:23.340 D/RILC    ( 1474): [UNSL]< UNSOL_RESPONSE_CALL_STATE_CHANGED 

04-18 11:38:23.350 D/RILJ    ( 1591): [UNSL]< UNSOL_RESPONSE_CALL_STATE_CHANGED

04-18 11:38:23.350 D/RILJ    ( 1591): [0348]> GET_CURRENT_CALLS

04-18 11:38:23.360 D/RILC    ( 1474): [0348]> GET_CURRENT_CALLS 

04-18 11:38:23.360 D/RIL     ( 1474): onRequest: GET_CURRENT_CALLS

04-18 11:38:23.360 D/AT      ( 1474): AT> AT+CLCC

04-18 11:38:23.370 D/AT      ( 1474): AT< +CLCC: 1,0,3,0,0,"13701680906",129

04-18 11:38:23.370 D/AT      ( 1474): AT< OK

04-18 11:38:23.370 D/RILC    ( 1474): [0348]< GET_CURRENT_CALLS {[id=1,ALERTING,toa=129,norm,mo,als=0,voc,noevp,13701680906,cli=0,name='(null)',0}

04-18 11:38:23.380 D/RILJ    ( 1591): InCall VoicePrivacy is disabled

04-18 11:38:23.380 D/RILJ    ( 1591): [0348]< GET_CURRENT_CALLS  [id=1,ALERTING,toa=129,norm,mo,0,voc,noevp,,cli=1,,0] 

04-18 11:38:23.400 D/GSM     ( 1591): [GSMConn] update: parent=ALERTING, hasNewParent=false, wasConnectingInOrOut=true, wasHolding=false, isConnectingInOrOut=true, changed=false

04-18 11:38:23.880 D/RILC    ( 1474): [UNSL]< UNSOL_RESPONSE_CALL_STATE_CHANGED 

04-18 11:38:23.880 D/RILJ    ( 1591): [UNSL]< UNSOL_RESPONSE_CALL_STATE_CHANGED

04-18 11:38:23.890 D/RILJ    ( 1591): [0349]> GET_CURRENT_CALLS

04-18 11:38:23.900 D/RILC    ( 1474): [0349]> GET_CURRENT_CALLS 

04-18 11:38:23.900 D/RIL     ( 1474): onRequest: GET_CURRENT_CALLS

04-18 11:38:23.900 D/AT      ( 1474): AT> AT+CLCC

04-18 11:38:23.910 D/AT      ( 1474): AT< +CLCC: 1,0,3,0,0,"13701680906",129

04-18 11:38:23.910 D/AT      ( 1474): AT< OK

04-18 11:38:23.910 D/RILC    ( 1474): [0349]< GET_CURRENT_CALLS {[id=1,ALERTING,toa=129,norm,mo,als=0,voc,noevp,13701680906,cli=0,name='(null)',0}

04-18 11:38:23.910 D/RILJ    ( 1591): InCall VoicePrivacy is disabled

04-18 11:38:23.920 D/RILJ    ( 1591): [0349]< GET_CURRENT_CALLS  [id=1,ALERTING,toa=129,norm,mo,0,voc,noevp,,cli=1,,0] 

04-18 11:38:23.940 D/GSM     ( 1591): [GSMConn] update: parent=ALERTING, hasNewParent=false, wasConnectingInOrOut=true, wasHolding=false, isConnectingInOrOut=true, changed=false

04-18 11:38:24.411 D/RILC    ( 1474): [UNSL]< UNSOL_RESPONSE_CALL_STATE_CHANGED 

04-18 11:38:24.420 D/RILJ    ( 1591): [UNSL]< UNSOL_RESPONSE_CALL_STATE_CHANGED

04-18 11:38:24.430 D/RILJ    ( 1591): [0350]> GET_CURRENT_CALLS

04-18 11:38:24.440 D/RILC    ( 1474): [0350]> GET_CURRENT_CALLS 

04-18 11:38:24.440 D/RIL     ( 1474): onRequest: GET_CURRENT_CALLS

04-18 11:38:24.440 D/AT      ( 1474): AT> AT+CLCC

04-18 11:38:24.450 D/AT      ( 1474): AT< +CLCC: 1,0,0,0,0,"13701680906",129

04-18 11:38:24.450 D/AT      ( 1474): AT< OK

04-18 11:38:24.450 D/RILC    ( 1474): [0350]< GET_CURRENT_CALLS {[id=1,ACTIVE,toa=129,norm,mo,als=0,voc,noevp,13701680906,cli=0,name='(null)',0}

04-18 11:38:24.450 D/RILJ    ( 1591): InCall VoicePrivacy is disabled

04-18 11:38:24.450 D/RILJ    ( 1591): [0350]< GET_CURRENT_CALLS  [id=1,ACTIVE,toa=129,norm,mo,0,voc,noevp,,cli=1,,0] 

04-18 11:38:24.470 D/GSM     ( 1591): [GSMConn] update: parent=ACTIVE, hasNewParent=false, wasConnectingInOrOut=true, wasHolding=false, isConnectingInOrOut=false, changed=true

04-18 11:38:24.480 D/GSM     ( 1591): [GSMConn] onConnectedInOrOut: connectTime=1303097904482

04-18 11:38:24.480 D/GSM     ( 1591): [GSMConn] releaseWakeLock

04-18 11:38:24.569 D/RILJ    ( 1591): [0351]> SET_MUTE false

04-18 11:38:24.569 D/RILC    ( 1474): [0351]> SET_MUTE (0)

04-18 11:38:24.569 D/RIL     ( 1474): onRequest: SET_MUTE

04-18 11:38:24.569 D/AT      ( 1474): AT> AT+CMUT=0

04-18 11:38:24.579 D/AT      ( 1474): AT< OK

04-18 11:38:24.579 D/RILC    ( 1474): [0351]< SET_MUTE

04-18 11:38:24.579 D/RILJ    ( 1591): [0351]< SET_MUTE 

04-18 11:38:36.960 D/RILJ    ( 1591): [0352]> SIGNAL_STRENGTH

04-18 11:38:36.969 D/RILC    ( 1474): [0352]> SIGNAL_STRENGTH 

04-18 11:38:36.969 D/RIL     ( 1474): onRequest: SIGNAL_STRENGTH

04-18 11:38:36.969 D/AT      ( 1474): AT> AT+CSQ

04-18 11:38:36.979 D/AT      ( 1474): AT< +CSQ: 17,2

04-18 11:38:36.979 D/AT      ( 1474): AT< OK

04-18 11:38:36.979 D/RILC    ( 1474): [0352]< SIGNAL_STRENGTH {[ 17 2]}

04-18 11:38:36.979 D/RILJ    ( 1591): [0352]< SIGNAL_STRENGTH {17, 2, 0, 0, 0, 0, 0}

04-18 11:38:55.479 D/AT      ( 1474): AT< RING

04-18 11:38:55.479 D/RILC    ( 1474): [UNSL]< UNSOL_RESPONSE_CALL_STATE_CHANGED 

04-18 11:38:55.489 D/RILJ    ( 1591): [UNSL]< UNSOL_RESPONSE_CALL_STATE_CHANGED

04-18 11:38:55.500 D/RILJ    ( 1591): [0353]> GET_CURRENT_CALLS

04-18 11:38:55.509 D/RILC    ( 1474): [0353]> GET_CURRENT_CALLS 

04-18 11:38:55.509 D/RIL     ( 1474): onRequest: GET_CURRENT_CALLS

04-18 11:38:55.509 D/AT      ( 1474): AT> AT+CLCC

