04-18 11:38:55.520 D/AT      ( 1474): AT< +CLCC: 1,0,0,0,0,"13701680906",129

04-18 11:38:55.520 D/AT      ( 1474): AT< +CLCC: 2,1,4,0,0,"02150806223",129

04-18 11:38:55.520 D/AT      ( 1474): AT< OK

04-18 11:38:55.520 D/RILC    ( 1474): [0353]< GET_CURRENT_CALLS {[id=1,ACTIVE,toa=129,norm,mo,als=0,voc,noevp,13701680906,cli=0,name='(null)',0][id=2,INCOMING,toa=129,norm,mt,als=0,voc,noevp,02150806223,cli=0,name='(null)',0}

04-18 11:38:55.520 D/RILJ    ( 1591): InCall VoicePrivacy is disabled

04-18 11:38:55.520 D/RILJ    ( 1591): InCall VoicePrivacy is disabled

04-18 11:38:55.520 D/RILJ    ( 1591): [0353]< GET_CURRENT_CALLS  [id=1,ACTIVE,toa=129,norm,mo,0,voc,noevp,,cli=1,,0] [id=2,INCOMING,toa=129,norm,mt,0,voc,noevp,,cli=1,,0] 

04-18 11:38:55.549 D/GSM     ( 1591): [GSMConn] update: parent=ACTIVE, hasNewParent=false, wasConnectingInOrOut=false, wasHolding=false, isConnectingInOrOut=false, changed=false

04-18 11:38:55.549 D/GSM     ( 1591): [GSMConn] acquireWakeLock

04-18 11:38:55.699 D/RILJ    ( 1591): [0354]> SET_MUTE false

04-18 11:38:55.699 D/RILC    ( 1474): [0354]> SET_MUTE (0)

04-18 11:38:55.699 D/RIL     ( 1474): onRequest: SET_MUTE

04-18 11:38:55.699 D/AT      ( 1474): AT> AT+CMUT=0

04-18 11:38:55.709 D/AT      ( 1474): AT< OK

04-18 11:38:55.709 D/RILC    ( 1474): [0354]< SET_MUTE

04-18 11:38:55.709 D/RILJ    ( 1591): [0354]< SET_MUTE 

04-18 11:38:56.019 D/RILC    ( 1474): [UNSL]< UNSOL_RESPONSE_CALL_STATE_CHANGED 

04-18 11:38:56.019 D/RILJ    ( 1591): [UNSL]< UNSOL_RESPONSE_CALL_STATE_CHANGED

04-18 11:38:56.499 D/RILJ    ( 1591): [0355]> GET_CURRENT_CALLS

04-18 11:38:56.509 D/RILC    ( 1474): [0355]> GET_CURRENT_CALLS 

04-18 11:38:56.509 D/RIL     ( 1474): onRequest: GET_CURRENT_CALLS

04-18 11:38:56.509 D/AT      ( 1474): AT> AT+CLCC

04-18 11:38:56.509 D/AT      ( 1474): AT< +CLCC: 1,0,0,0,0,"13701680906",129

04-18 11:38:56.509 D/AT      ( 1474): AT< +CLCC: 2,1,4,0,0,"02150806223",129

04-18 11:38:56.509 D/AT      ( 1474): AT< OK

04-18 11:38:56.509 D/RILC    ( 1474): [0355]< GET_CURRENT_CALLS {[id=1,ACTIVE,toa=129,norm,mo,als=0,voc,noevp,13701680906,cli=0,name='(null)',0][id=2,INCOMING,toa=129,norm,mt,als=0,voc,noevp,02150806223,cli=0,name='(null)',0}

04-18 11:38:56.520 D/RILJ    ( 1591): InCall VoicePrivacy is disabled

04-18 11:38:56.520 D/RILJ    ( 1591): InCall VoicePrivacy is disabled

04-18 11:38:56.520 D/RILJ    ( 1591): [0355]< GET_CURRENT_CALLS  [id=1,ACTIVE,toa=129,norm,mo,0,voc,noevp,,cli=1,,0] [id=2,INCOMING,toa=129,norm,mt,0,voc,noevp,,cli=1,,0] 

04-18 11:38:56.629 D/RILJ    ( 1591): [0356]> SET_MUTE false

04-18 11:38:56.629 D/RILC    ( 1474): [0356]> SET_MUTE (0)

04-18 11:38:56.629 D/RIL     ( 1474): onRequest: SET_MUTE

04-18 11:38:56.629 D/AT      ( 1474): AT> AT+CMUT=0

04-18 11:38:56.640 D/AT      ( 1474): AT< OK

04-18 11:38:56.640 D/RILC    ( 1474): [0356]< SET_MUTE

04-18 11:38:56.640 D/RILJ    ( 1591): [0356]< SET_MUTE 

04-18 11:38:56.669 D/GSM     ( 1591): [GSMConn] update: parent=ACTIVE, hasNewParent=false, wasConnectingInOrOut=false, wasHolding=false, isConnectingInOrOut=false, changed=false

04-18 11:38:56.669 D/GSM     ( 1591): [GSMConn] update: parent=INCOMING, hasNewParent=false, wasConnectingInOrOut=true, wasHolding=false, isConnectingInOrOut=true, changed=false

04-18 11:38:57.019 D/RILC    ( 1474): [UNSL]< UNSOL_RESPONSE_CALL_STATE_CHANGED 

04-18 11:38:57.019 D/RILJ    ( 1591): [UNSL]< UNSOL_RESPONSE_CALL_STATE_CHANGED

04-18 11:38:57.019 D/RILJ    ( 1591): [0357]> GET_CURRENT_CALLS

04-18 11:38:57.029 D/RILC    ( 1474): [0357]> GET_CURRENT_CALLS 

04-18 11:38:57.029 D/RIL     ( 1474): onRequest: GET_CURRENT_CALLS

04-18 11:38:57.029 D/AT      ( 1474): AT> AT+CLCC

04-18 11:38:57.029 D/AT      ( 1474): AT< +CLCC: 1,0,0,0,0,"13701680906",129

04-18 11:38:57.029 D/AT      ( 1474): AT< +CLCC: 2,1,4,0,0,"02150806223",129

04-18 11:38:57.029 D/AT      ( 1474): AT< OK

04-18 11:38:57.029 D/RILC    ( 1474): [0357]< GET_CURRENT_CALLS {[id=1,ACTIVE,toa=129,norm,mo,als=0,voc,noevp,13701680906,cli=0,name='(null)',0][id=2,INCOMING,toa=129,norm,mt,als=0,voc,noevp,02150806223,cli=0,name='(null)',0}

04-18 11:38:57.029 D/RILJ    ( 1591): InCall VoicePrivacy is disabled

04-18 11:38:57.029 D/RILJ    ( 1591): InCall VoicePrivacy is disabled

04-18 11:38:57.039 D/RILJ    ( 1591): [0357]< GET_CURRENT_CALLS  [id=1,ACTIVE,toa=129,norm,mo,0,voc,noevp,,cli=1,,0] [id=2,INCOMING,toa=129,norm,mt,0,voc,noevp,,cli=1,,0] 

04-18 11:38:57.049 D/RILJ    ( 1591): [0358]> SIGNAL_STRENGTH

04-18 11:38:57.049 D/RILC    ( 1474): [0358]> SIGNAL_STRENGTH 

04-18 11:38:57.049 D/RIL     ( 1474): onRequest: SIGNAL_STRENGTH

04-18 11:38:57.049 D/AT      ( 1474): AT> AT+CSQ

04-18 11:38:57.049 D/AT      ( 1474): AT< +CSQ: 17,0

04-18 11:38:57.049 D/AT      ( 1474): AT< OK

04-18 11:38:57.049 D/RILC    ( 1474): [0358]< SIGNAL_STRENGTH {[ 17 0]}

04-18 11:38:57.060 D/RILJ    ( 1591): [0358]< SIGNAL_STRENGTH {17, 0, 0, 0, 0, 0, 0}

04-18 11:38:57.069 D/GSM     ( 1591): [GSMConn] update: parent=ACTIVE, hasNewParent=false, wasConnectingInOrOut=false, wasHolding=false, isConnectingInOrOut=false, changed=false

04-18 11:38:57.069 D/GSM     ( 1591): [GSMConn] update: parent=INCOMING, hasNewParent=false, wasConnectingInOrOut=true, wasHolding=false, isConnectingInOrOut=true, changed=false

04-18 11:38:57.529 D/RILC    ( 1474): [UNSL]< UNSOL_RESPONSE_CALL_STATE_CHANGED 

04-18 11:38:57.529 D/RILJ    ( 1591): [UNSL]< UNSOL_RESPONSE_CALL_STATE_CHANGED

04-18 11:38:57.540 D/RILJ    ( 1591): [0359]> GET_CURRENT_CALLS

04-18 11:38:57.550 D/RILC    ( 1474): [0359]> GET_CURRENT_CALLS 

04-18 11:38:57.550 D/RIL     ( 1474): onRequest: GET_CURRENT_CALLS

04-18 11:38:57.550 D/AT      ( 1474): AT> AT+CLCC

04-18 11:38:57.559 D/AT      ( 1474): AT< +CLCC: 1,0,0,0,0,"13701680906",129

04-18 11:38:57.559 D/AT      ( 1474): AT< +CLCC: 2,1,4,0,0,"02150806223",129

04-18 11:38:57.559 D/AT      ( 1474): AT< OK

04-18 11:38:57.559 D/RILC    ( 1474): [0359]< GET_CURRENT_CALLS {[id=1,ACTIVE,toa=129,norm,mo,als=0,voc,noevp,13701680906,cli=0,name='(null)',0][id=2,INCOMING,toa=129,norm,mt,als=0,voc,noevp,02150806223,cli=0,name='(null)',0}

04-18 11:38:57.559 D/RILJ    ( 1591): InCall VoicePrivacy is disabled

04-18 11:38:57.559 D/RILJ    ( 1591): InCall VoicePrivacy is disabled

04-18 11:38:57.559 D/RILJ    ( 1591): [0359]< GET_CURRENT_CALLS  [id=1,ACTIVE,toa=129,norm,mo,0,voc,noevp,,cli=1,,0] [id=2,INCOMING,toa=129,norm,mt,0,voc,noevp,,cli=1,,0] 

04-18 11:38:57.580 D/GSM     ( 1591): [GSMConn] update: parent=ACTIVE, hasNewParent=false, wasConnectingInOrOut=false, wasHolding=false, isConnectingInOrOut=false, changed=false

04-18 11:38:57.580 D/GSM     ( 1591): [GSMConn] update: parent=INCOMING, hasNewParent=false, wasConnectingInOrOut=true, wasHolding=false, isConnectingInOrOut=true, changed=false

04-18 11:38:58.061 D/RILC    ( 1474): [UNSL]< UNSOL_RESPONSE_CALL_STATE_CHANGED 

04-18 11:38:58.061 D/RILJ    ( 1591): [UNSL]< UNSOL_RESPONSE_CALL_STATE_CHANGED

04-18 11:38:58.069 D/RILJ    ( 1591): [0360]> GET_CURRENT_CALLS

04-18 11:38:58.080 D/RILC    ( 1474): [0360]> GET_CURRENT_CALLS 

04-18 11:38:58.080 D/RIL     ( 1474): onRequest: GET_CURRENT_CALLS

04-18 11:38:58.080 D/AT      ( 1474): AT> AT+CLCC

04-18 11:38:58.080 D/AT      ( 1474): AT< +CLCC: 1,0,0,0,0,"13701680906",129

04-18 11:38:58.089 D/AT      ( 1474): AT< +CLCC: 2,1,4,0,0,"02150806223",129

04-18 11:38:58.089 D/AT      ( 1474): AT< OK

04-18 11:38:58.089 D/RILC    ( 1474): [0360]< GET_CURRENT_CALLS {[id=1,ACTIVE,toa=129,norm,mo,als=0,voc,noevp,13701680906,cli=0,name='(null)',0][id=2,INCOMING,toa=129,norm,mt,als=0,voc,noevp,02150806223,cli=0,name='(null)',0}

04-18 11:38:58.089 D/RILJ    ( 1591): InCall VoicePrivacy is disabled

04-18 11:38:58.089 D/RILJ    ( 1591): InCall VoicePrivacy is disabled

04-18 11:38:58.089 D/RILJ    ( 1591): [0360]< GET_CURRENT_CALLS  [id=1,ACTIVE,toa=129,norm,mo,0,voc,noevp,,cli=1,,0] [id=2,INCOMING,toa=129,norm,mt,0,voc,noevp,,cli=1,,0] 

04-18 11:38:58.109 D/GSM     ( 1591): [GSMConn] update: parent=ACTIVE, hasNewParent=false, wasConnectingInOrOut=false, wasHolding=false, isConnectingInOrOut=false, changed=false

04-18 11:38:58.120 D/GSM     ( 1591): [GSMConn] update: parent=INCOMING, hasNewParent=false, wasConnectingInOrOut=true, wasHolding=false, isConnectingInOrOut=true, changed=false

04-18 11:38:58.589 D/RILC    ( 1474): [UNSL]< UNSOL_RESPONSE_CALL_STATE_CHANGED 

04-18 11:38:58.589 D/RILJ    ( 1591): [UNSL]< UNSOL_RESPONSE_CALL_STATE_CHANGED

04-18 11:38:58.609 D/RILJ    ( 1591): [0361]> GET_CURRENT_CALLS

04-18 11:38:58.620 D/RILC    ( 1474): [0361]> GET_CURRENT_CALLS 

04-18 11:38:58.620 D/RIL     ( 1474): onRequest: GET_CURRENT_CALLS

04-18 11:38:58.620 D/AT      ( 1474): AT> AT+CLCC

04-18 11:38:58.620 D/AT      ( 1474): AT< +CLCC: 1,0,0,0,0,"13701680906",129

04-18 11:38:58.620 D/AT      ( 1474): AT< +CLCC: 2,1,4,0,0,"02150806223",129

04-18 11:38:58.620 D/AT      ( 1474): AT< OK

04-18 11:38:58.620 D/RILC    ( 1474): [0361]< GET_CURRENT_CALLS {[id=1,ACTIVE,toa=129,norm,mo,als=0,voc,noevp,13701680906,cli=0,name='(null)',0][id=2,INCOMING,toa=129,norm,mt,als=0,voc,noevp,02150806223,cli=0,name='(null)',0}

04-18 11:38:58.620 D/RILJ    ( 1591): InCall VoicePrivacy is disabled

04-18 11:38:58.620 D/RILJ    ( 1591): InCall VoicePrivacy is disabled

04-18 11:38:58.629 D/RILJ    ( 1591): [0361]< GET_CURRENT_CALLS  [id=1,ACTIVE,toa=129,norm,mo,0,voc,noevp,,cli=1,,0] [id=2,INCOMING,toa=129,norm,mt,0,voc,noevp,,cli=1,,0] 

04-18 11:38:58.680 D/GSM     ( 1591): [GSMConn] update: parent=ACTIVE, hasNewParent=false, wasConnectingInOrOut=false, wasHolding=false, isConnectingInOrOut=false, changed=false

04-18 11:38:58.680 D/GSM     ( 1591): [GSMConn] update: parent=INCOMING, hasNewParent=false, wasConnectingInOrOut=true, wasHolding=false, isConnectingInOrOut=true, changed=false

04-18 11:38:59.109 D/RILJ    ( 1591): [0362]> SET_MUTE false

04-18 11:38:59.119 D/RILC    ( 1474): [0362]> SET_MUTE (0)

04-18 11:38:59.119 D/RIL     ( 1474): onRequest: SET_MUTE

04-18 11:38:59.119 D/AT      ( 1474): AT> AT+CMUT=0

04-18 11:38:59.119 D/AT      ( 1474): AT< OK

04-18 11:38:59.119 D/RILC    ( 1474): [0362]< SET_MUTE

04-18 11:38:59.119 D/RILJ    ( 1591): [0362]< SET_MUTE 

04-18 11:38:59.129 D/RILC    ( 1474): [UNSL]< UNSOL_RESPONSE_CALL_STATE_CHANGED 

04-18 11:38:59.129 D/RILJ    ( 1591): [UNSL]< UNSOL_RESPONSE_CALL_STATE_CHANGED

04-18 11:38:59.129 D/RILJ    ( 1591): [0363]> ANSWER

04-18 11:38:59.139 D/RILC    ( 1474): [0363]> ANSWER 

04-18 11:38:59.139 D/RIL     ( 1474): onRequest: ANSWER

04-18 11:38:59.139 D/AT      ( 1474): AT> ATA

04-18 11:38:59.139 D/AT      ( 1474): AT< ERROR

04-18 11:38:59.139 D/RILC    ( 1474): [0363]< ANSWER

04-18 11:38:59.139 D/RILJ    ( 1591): [0363]< ANSWER 

04-18 11:38:59.259 D/RILJ    ( 1591): [0364]> GET_CURRENT_CALLS

04-18 11:38:59.269 D/RILC    ( 1474): [0364]> GET_CURRENT_CALLS 

04-18 11:38:59.269 D/RIL     ( 1474): onRequest: GET_CURRENT_CALLS

04-18 11:38:59.269 D/AT      ( 1474): AT> AT+CLCC

04-18 11:38:59.269 D/AT      ( 1474): AT< +CLCC: 1,0,0,0,0,"13701680906",129

04-18 11:38:59.269 D/AT      ( 1474): AT< +CLCC: 2,1,4,0,0,"02150806223",129

04-18 11:38:59.269 D/AT      ( 1474): AT< OK

04-18 11:38:59.269 D/RILC    ( 1474): [0364]< GET_CURRENT_CALLS {[id=1,ACTIVE,toa=129,norm,mo,als=0,voc,noevp,13701680906,cli=0,name='(null)',0][id=2,INCOMING,toa=129,norm,mt,als=0,voc,noevp,02150806223,cli=0,name='(null)',0}

04-18 11:38:59.280 D/RILJ    ( 1591): InCall VoicePrivacy is disabled

04-18 11:38:59.280 D/RILJ    ( 1591): InCall VoicePrivacy is disabled

04-18 11:38:59.280 D/RILJ    ( 1591): [0364]< GET_CURRENT_CALLS  [id=1,ACTIVE,toa=129,norm,mo,0,voc,noevp,,cli=1,,0] [id=2,INCOMING,toa=129,norm,mt,0,voc,noevp,,cli=1,,0] 

04-18 11:38:59.320 D/GSM     ( 1591): [GSMConn] update: parent=ACTIVE, hasNewParent=false, wasConnectingInOrOut=false, wasHolding=false, isConnectingInOrOut=false, changed=false

04-18 11:38:59.320 D/GSM     ( 1591): [GSMConn] update: parent=INCOMING, hasNewParent=false, wasConnectingInOrOut=true, wasHolding=false, isConnectingInOrOut=true, changed=false

04-18 11:38:59.779 D/RILC    ( 1474): [UNSL]< UNSOL_RESPONSE_CALL_STATE_CHANGED 

04-18 11:38:59.779 D/RILJ    ( 1591): [UNSL]< UNSOL_RESPONSE_CALL_STATE_CHANGED

04-18 11:38:59.790 D/RILJ    ( 1591): [0365]> GET_CURRENT_CALLS

04-18 11:38:59.799 D/RILC    ( 1474): [0365]> GET_CURRENT_CALLS 

04-18 11:38:59.799 D/RIL     ( 1474): onRequest: GET_CURRENT_CALLS

04-18 11:38:59.799 D/AT      ( 1474): AT> AT+CLCC

04-18 11:38:59.810 D/AT      ( 1474): AT< +CLCC: 1,0,0,0,0,"13701680906",129

04-18 11:38:59.810 D/AT      ( 1474): AT< +CLCC: 2,1,4,0,0,"02150806223",129

04-18 11:38:59.810 D/AT      ( 1474): AT< OK

04-18 11:38:59.810 D/RILC    ( 1474): [0365]< GET_CURRENT_CALLS {[id=1,ACTIVE,toa=129,norm,mo,als=0,voc,noevp,13701680906,cli=0,name='(null)',0][id=2,INCOMING,toa=129,norm,mt,als=0,voc,noevp,02150806223,cli=0,name='(null)',0}

04-18 11:38:59.810 D/RILJ    ( 1591): InCall VoicePrivacy is disabled

04-18 11:38:59.810 D/RILJ    ( 1591): InCall VoicePrivacy is disabled

04-18 11:38:59.820 D/RILJ    ( 1591): [0365]< GET_CURRENT_CALLS  [id=1,ACTIVE,toa=129,norm,mo,0,voc,noevp,,cli=1,,0] [id=2,INCOMING,toa=129,norm,mt,0,voc,noevp,,cli=1,,0] 

04-18 11:38:59.839 D/GSM     ( 1591): [GSMConn] update: parent=ACTIVE, hasNewParent=false, wasConnectingInOrOut=false, wasHolding=false, isConnectingInOrOut=false, changed=false

04-18 11:38:59.839 D/GSM     ( 1591): [GSMConn] update: parent=INCOMING, hasNewParent=false, wasConnectingInOrOut=true, wasHolding=false, isConnectingInOrOut=true, changed=false

04-18 11:39:00.312 D/RILC    ( 1474): [UNSL]< UNSOL_RESPONSE_CALL_STATE_CHANGED 

04-18 11:39:00.312 D/RILJ    ( 1591): [UNSL]< UNSOL_RESPONSE_CALL_STATE_CHANGED

04-18 11:39:00.319 D/RILJ    ( 1591): [0366]> GET_CURRENT_CALLS

04-18 11:39:00.319 D/RILC    ( 1474): [0366]> GET_CURRENT_CALLS 

04-18 11:39:00.319 D/RIL     ( 1474): onRequest: GET_CURRENT_CALLS

04-18 11:39:00.319 D/AT      ( 1474): AT> AT+CLCC

04-18 11:39:00.329 D/AT      ( 1474): AT< +CLCC: 1,0,0,0,0,"13701680906",129

04-18 11:39:00.329 D/AT      ( 1474): AT< +CLCC: 2,1,4,0,0,"02150806223",129

04-18 11:39:00.329 D/AT      ( 1474): AT< OK

04-18 11:39:00.329 D/RILC    ( 1474): [0366]< GET_CURRENT_CALLS {[id=1,ACTIVE,toa=129,norm,mo,als=0,voc,noevp,13701680906,cli=0,name='(null)',0][id=2,INCOMING,toa=129,norm,mt,als=0,voc,noevp,02150806223,cli=0,name='(null)',0}

04-18 11:39:00.329 D/RILJ    ( 1591): InCall VoicePrivacy is disabled

04-18 11:39:00.329 D/RILJ    ( 1591): InCall VoicePrivacy is disabled

04-18 11:39:00.329 D/RILJ    ( 1591): [0366]< GET_CURRENT_CALLS  [id=1,ACTIVE,toa=129,norm,mo,0,voc,noevp,,cli=1,,0] [id=2,INCOMING,toa=129,norm,mt,0,voc,noevp,,cli=1,,0] 

04-18 11:39:00.339 D/GSM     ( 1591): [GSMConn] update: parent=ACTIVE, hasNewParent=false, wasConnectingInOrOut=false, wasHolding=false, isConnectingInOrOut=false, changed=false

04-18 11:39:00.339 D/GSM     ( 1591): [GSMConn] update: parent=INCOMING, hasNewParent=false, wasConnectingInOrOut=true, wasHolding=false, isConnectingInOrOut=true, changed=false

04-18 11:39:00.489 D/AT      ( 1474): AT< RING

04-18 11:39:00.489 D/RILC    ( 1474): [UNSL]< UNSOL_RESPONSE_CALL_STATE_CHANGED 

04-18 11:39:00.489 D/RILJ    ( 1591): [UNSL]< UNSOL_RESPONSE_CALL_STATE_CHANGED

04-18 11:39:00.489 D/RILJ    ( 1591): [0367]> GET_CURRENT_CALLS

04-18 11:39:00.499 D/RILC    ( 1474): [0367]> GET_CURRENT_CALLS 

04-18 11:39:00.499 D/RIL     ( 1474): onRequest: GET_CURRENT_CALLS

04-18 11:39:00.499 D/AT      ( 1474): AT> AT+CLCC

04-18 11:39:00.499 D/AT      ( 1474): AT< +CLCC: 1,0,0,0,0,"13701680906",129

04-18 11:39:00.509 D/AT      ( 1474): AT< +CLCC: 2,1,4,0,0,"02150806223",129

04-18 11:39:00.509 D/AT      ( 1474): AT< OK

04-18 11:39:00.509 D/RILC    ( 1474): [0367]< GET_CURRENT_CALLS {[id=1,ACTIVE,toa=129,norm,mo,als=0,voc,noevp,13701680906,cli=0,name='(null)',0][id=2,INCOMING,toa=129,norm,mt,als=0,voc,noevp,02150806223,cli=0,name='(null)',0}

04-18 11:39:00.509 D/RILJ    ( 1591): InCall VoicePrivacy is disabled

04-18 11:39:00.509 D/RILJ    ( 1591): InCall VoicePrivacy is disabled

04-18 11:39:00.509 D/RILJ    ( 1591): [0367]< GET_CURRENT_CALLS  [id=1,ACTIVE,toa=129,norm,mo,0,voc,noevp,,cli=1,,0] [id=2,INCOMING,toa=129,norm,mt,0,voc,noevp,,cli=1,,0] 

04-18 11:39:00.519 D/GSM     ( 1591): [GSMConn] update: parent=ACTIVE, hasNewParent=false, wasConnectingInOrOut=false, wasHolding=false, isConnectingInOrOut=false, changed=false

04-18 11:39:00.530 D/GSM     ( 1591): [GSMConn] update: parent=INCOMING, hasNewParent=false, wasConnectingInOrOut=true, wasHolding=false, isConnectingInOrOut=true, changed=false

04-18 11:39:00.829 D/RILC    ( 1474): [UNSL]< UNSOL_RESPONSE_CALL_STATE_CHANGED 

04-18 11:39:00.829 D/RILJ    ( 1591): [UNSL]< UNSOL_RESPONSE_CALL_STATE_CHANGED

04-18 11:39:00.840 D/RILJ    ( 1591): [0368]> GET_CURRENT_CALLS

04-18 11:39:00.850 D/RILC    ( 1474): [0368]> GET_CURRENT_CALLS 

04-18 11:39:00.850 D/RIL     ( 1474): onRequest: GET_CURRENT_CALLS

04-18 11:39:00.850 D/AT      ( 1474): AT> AT+CLCC

04-18 11:39:00.850 D/AT      ( 1474): AT< +CLCC: 1,0,0,0,0,"13701680906",129

04-18 11:39:00.850 D/AT      ( 1474): AT< +CLCC: 2,1,4,0,0,"02150806223",129

04-18 11:39:00.850 D/AT      ( 1474): AT< OK

04-18 11:39:00.850 D/RILC    ( 1474): [0368]< GET_CURRENT_CALLS {[id=1,ACTIVE,toa=129,norm,mo,als=0,voc,noevp,13701680906,cli=0,name='(null)',0][id=2,INCOMING,toa=129,norm,mt,als=0,voc,noevp,02150806223,cli=0,name='(null)',0}

04-18 11:39:00.850 D/RILJ    ( 1591): InCall VoicePrivacy is disabled

04-18 11:39:00.850 D/RILJ    ( 1591): InCall VoicePrivacy is disabled

04-18 11:39:00.859 D/RILJ    ( 1591): [0368]< GET_CURRENT_CALLS  [id=1,ACTIVE,toa=129,norm,mo,0,voc,noevp,,cli=1,,0] [id=2,INCOMING,toa=129,norm,mt,0,voc,noevp,,cli=1,,0] 

04-18 11:39:00.859 D/GSM     ( 1591): [GSMConn] update: parent=ACTIVE, hasNewParent=false, wasConnectingInOrOut=false, wasHolding=false, isConnectingInOrOut=false, changed=false

04-18 11:39:00.870 D/GSM     ( 1591): [GSMConn] update: parent=INCOMING, hasNewParent=false, wasConnectingInOrOut=true, wasHolding=false, isConnectingInOrOut=true, changed=false

04-18 11:39:01.011 D/RILC    ( 1474): [UNSL]< UNSOL_RESPONSE_CALL_STATE_CHANGED 

04-18 11:39:01.011 D/RILJ    ( 1591): [UNSL]< UNSOL_RESPONSE_CALL_STATE_CHANGED

04-18 11:39:01.011 D/RILJ    ( 1591): [0369]> GET_CURRENT_CALLS

04-18 11:39:01.020 D/RILC    ( 1474): [0369]> GET_CURRENT_CALLS 

04-18 11:39:01.020 D/RIL     ( 1474): onRequest: GET_CURRENT_CALLS

04-18 11:39:01.020 D/AT      ( 1474): AT> AT+CLCC

04-18 11:39:01.020 D/AT      ( 1474): AT< +CLCC: 1,0,0,0,0,"13701680906",129

04-18 11:39:01.029 D/AT      ( 1474): AT< +CLCC: 2,1,4,0,0,"02150806223",129

04-18 11:39:01.029 D/AT      ( 1474): AT< OK

04-18 11:39:01.029 D/RILC    ( 1474): [0369]< GET_CURRENT_CALLS {[id=1,ACTIVE,toa=129,norm,mo,als=0,voc,noevp,13701680906,cli=0,name='(null)',0][id=2,INCOMING,toa=129,norm,mt,als=0,voc,noevp,02150806223,cli=0,name='(null)',0}

04-18 11:39:01.029 D/RILJ    ( 1591): InCall VoicePrivacy is disabled

04-18 11:39:01.029 D/RILJ    ( 1591): InCall VoicePrivacy is disabled

04-18 11:39:01.029 D/RILJ    ( 1591): [0369]< GET_CURRENT_CALLS  [id=1,ACTIVE,toa=129,norm,mo,0,voc,noevp,,cli=1,,0] [id=2,INCOMING,toa=129,norm,mt,0,voc,noevp,,cli=1,,0] 

04-18 11:39:01.039 D/GSM     ( 1591): [GSMConn] update: parent=ACTIVE, hasNewParent=false, wasConnectingInOrOut=false, wasHolding=false, isConnectingInOrOut=false, changed=false

04-18 11:39:01.050 D/GSM     ( 1591): [GSMConn] update: parent=INCOMING, hasNewParent=false, wasConnectingInOrOut=true, wasHolding=false, isConnectingInOrOut=true, changed=false

04-18 11:39:01.352 D/RILC    ( 1474): [UNSL]< UNSOL_RESPONSE_CALL_STATE_CHANGED 

04-18 11:39:01.352 D/RILJ    ( 1591): [UNSL]< UNSOL_RESPONSE_CALL_STATE_CHANGED

04-18 11:39:01.359 D/RILJ    ( 1591): [0370]> GET_CURRENT_CALLS

04-18 11:39:01.380 D/RILC    ( 1474): [0370]> GET_CURRENT_CALLS 

04-18 11:39:01.380 D/RIL     ( 1474): onRequest: GET_CURRENT_CALLS

04-18 11:39:01.380 D/AT      ( 1474): AT> AT+CLCC

04-18 11:39:01.390 D/AT      ( 1474): AT< +CLCC: 1,0,0,0,0,"13701680906",129

04-18 11:39:01.390 D/AT      ( 1474): AT< +CLCC: 2,1,4,0,0,"02150806223",129

04-18 11:39:01.390 D/AT      ( 1474): AT< OK

04-18 11:39:01.390 D/RILC    ( 1474): [0370]< GET_CURRENT_CALLS {[id=1,ACTIVE,toa=129,norm,mo,als=0,voc,noevp,13701680906,cli=0,name='(null)',0][id=2,INCOMING,toa=129,norm,mt,als=0,voc,noevp,02150806223,cli=0,name='(null)',0}

04-18 11:39:01.390 D/RILJ    ( 1591): InCall VoicePrivacy is disabled

04-18 11:39:01.390 D/RILJ    ( 1591): InCall VoicePrivacy is disabled

04-18 11:39:01.390 D/RILJ    ( 1591): [0370]< GET_CURRENT_CALLS  [id=1,ACTIVE,toa=129,norm,mo,0,voc,noevp,,cli=1,,0] [id=2,INCOMING,toa=129,norm,mt,0,voc,noevp,,cli=1,,0] 

04-18 11:39:01.419 D/GSM     ( 1591): [GSMConn] update: parent=ACTIVE, hasNewParent=false, wasConnectingInOrOut=false, wasHolding=false, isConnectingInOrOut=false, changed=false

04-18 11:39:01.419 D/GSM     ( 1591): [GSMConn] update: parent=INCOMING, hasNewParent=false, wasConnectingInOrOut=true, wasHolding=false, isConnectingInOrOut=true, changed=false

04-18 11:39:01.529 D/RILC    ( 1474): [UNSL]< UNSOL_RESPONSE_CALL_STATE_CHANGED 

04-18 11:39:01.529 D/RILJ    ( 1591): [UNSL]< UNSOL_RESPONSE_CALL_STATE_CHANGED

04-18 11:39:01.539 D/RILJ    ( 1591): [0371]> GET_CURRENT_CALLS

04-18 11:39:01.549 D/RILC    ( 1474): [0371]> GET_CURRENT_CALLS 

04-18 11:39:01.549 D/RIL     ( 1474): onRequest: GET_CURRENT_CALLS

04-18 11:39:01.549 D/AT      ( 1474): AT> AT+CLCC

04-18 11:39:01.560 D/AT      ( 1474): AT< +CLCC: 1,0,0,0,0,"13701680906",129

04-18 11:39:01.560 D/AT      ( 1474): AT< +CLCC: 2,1,4,0,0,"02150806223",129

04-18 11:39:01.560 D/AT      ( 1474): AT< OK

04-18 11:39:01.560 D/RILC    ( 1474): [0371]< GET_CURRENT_CALLS {[id=1,ACTIVE,toa=129,norm,mo,als=0,voc,noevp,13701680906,cli=0,name='(null)',0][id=2,INCOMING,toa=129,norm,mt,als=0,voc,noevp,02150806223,cli=0,name='(null)',0}

04-18 11:39:01.560 D/RILJ    ( 1591): InCall VoicePrivacy is disabled

04-18 11:39:01.560 D/RILJ    ( 1591): InCall VoicePrivacy is disabled

04-18 11:39:01.569 D/RILJ    ( 1591): [0371]< GET_CURRENT_CALLS  [id=1,ACTIVE,toa=129,norm,mo,0,voc,noevp,,cli=1,,0] [id=2,INCOMING,toa=129,norm,mt,0,voc,noevp,,cli=1,,0] 

04-18 11:39:01.589 D/GSM     ( 1591): [GSMConn] update: parent=ACTIVE, hasNewParent=false, wasConnectingInOrOut=false, wasHolding=false, isConnectingInOrOut=false, changed=false

04-18 11:39:01.589 D/GSM     ( 1591): [GSMConn] update: parent=INCOMING, hasNewParent=false, wasConnectingInOrOut=true, wasHolding=false, isConnectingInOrOut=true, changed=false

04-18 11:39:01.889 D/RILC    ( 1474): [UNSL]< UNSOL_RESPONSE_CALL_STATE_CHANGED 

04-18 11:39:01.889 D/RILJ    ( 1591): [UNSL]< UNSOL_RESPONSE_CALL_STATE_CHANGED

04-18 11:39:01.900 D/RILJ    ( 1591): [0372]> GET_CURRENT_CALLS

04-18 11:39:01.910 D/RILC    ( 1474): [0372]> GET_CURRENT_CALLS 

04-18 11:39:01.910 D/RIL     ( 1474): onRequest: GET_CURRENT_CALLS

04-18 11:39:01.910 D/AT      ( 1474): AT> AT+CLCC

04-18 11:39:01.910 D/AT      ( 1474): AT< +CLCC: 1,0,0,0,0,"13701680906",129

04-18 11:39:01.920 D/AT      ( 1474): AT< +CLCC: 2,1,4,0,0,"02150806223",129

04-18 11:39:01.920 D/AT      ( 1474): AT< OK

04-18 11:39:01.920 D/RILC    ( 1474): [0372]< GET_CURRENT_CALLS {[id=1,ACTIVE,toa=129,norm,mo,als=0,voc,noevp,13701680906,cli=0,name='(null)',0][id=2,INCOMING,toa=129,norm,mt,als=0,voc,noevp,02150806223,cli=0,name='(null)',0}

04-18 11:39:01.920 D/RILJ    ( 1591): InCall VoicePrivacy is disabled

04-18 11:39:01.920 D/RILJ    ( 1591): InCall VoicePrivacy is disabled

04-18 11:39:01.920 D/RILJ    ( 1591): [0372]< GET_CURRENT_CALLS  [id=1,ACTIVE,toa=129,norm,mo,0,voc,noevp,,cli=1,,0] [id=2,INCOMING,toa=129,norm,mt,0,voc,noevp,,cli=1,,0] 

04-18 11:39:01.939 D/GSM     ( 1591): [GSMConn] update: parent=ACTIVE, hasNewParent=false, wasConnectingInOrOut=false, wasHolding=false, isConnectingInOrOut=false, changed=false

04-18 11:39:01.949 D/GSM     ( 1591): [GSMConn] update: parent=INCOMING, hasNewParent=false, wasConnectingInOrOut=true, wasHolding=false, isConnectingInOrOut=true, changed=false

04-18 11:39:02.060 D/RILC    ( 1474): [UNSL]< UNSOL_RESPONSE_CALL_STATE_CHANGED 

04-18 11:39:02.060 D/RILJ    ( 1591): [UNSL]< UNSOL_RESPONSE_CALL_STATE_CHANGED

04-18 11:39:02.060 D/RILJ    ( 1591): [0373]> GET_CURRENT_CALLS

04-18 11:39:02.069 D/RILC    ( 1474): [0373]> GET_CURRENT_CALLS 

04-18 11:39:02.069 D/RIL     ( 1474): onRequest: GET_CURRENT_CALLS

04-18 11:39:02.069 D/AT      ( 1474): AT> AT+CLCC

04-18 11:39:02.069 D/AT      ( 1474): AT< +CLCC: 1,0,0,0,0,"13701680906",129

04-18 11:39:02.069 D/AT      ( 1474): AT< +CLCC: 2,1,4,0,0,"02150806223",129

04-18 11:39:02.069 D/AT      ( 1474): AT< OK

04-18 11:39:02.069 D/RILC    ( 1474): [0373]< GET_CURRENT_CALLS {[id=1,ACTIVE,toa=129,norm,mo,als=0,voc,noevp,13701680906,cli=0,name='(null)',0][id=2,INCOMING,toa=129,norm,mt,als=0,voc,noevp,02150806223,cli=0,name='(null)',0}

04-18 11:39:02.079 D/RILJ    ( 1591): InCall VoicePrivacy is disabled

04-18 11:39:02.079 D/RILJ    ( 1591): InCall VoicePrivacy is disabled

04-18 11:39:02.079 D/RILJ    ( 1591): [0373]< GET_CURRENT_CALLS  [id=1,ACTIVE,toa=129,norm,mo,0,voc,noevp,,cli=1,,0] [id=2,INCOMING,toa=129,norm,mt,0,voc,noevp,,cli=1,,0] 

04-18 11:39:02.089 D/GSM     ( 1591): [GSMConn] update: parent=ACTIVE, hasNewParent=false, wasConnectingInOrOut=false, wasHolding=false, isConnectingInOrOut=false, changed=false

04-18 11:39:02.089 D/GSM     ( 1591): [GSMConn] update: parent=INCOMING, hasNewParent=false, wasConnectingInOrOut=true, wasHolding=false, isConnectingInOrOut=true, changed=false

04-18 11:39:02.419 D/RILC    ( 1474): [UNSL]< UNSOL_RESPONSE_CALL_STATE_CHANGED 

04-18 11:39:02.419 D/RILJ    ( 1591): [UNSL]< UNSOL_RESPONSE_CALL_STATE_CHANGED

04-18 11:39:02.429 D/RILJ    ( 1591): [0374]> GET_CURRENT_CALLS

04-18 11:39:02.429 D/RILC    ( 1474): [0374]> GET_CURRENT_CALLS 

04-18 11:39:02.429 D/RIL     ( 1474): onRequest: GET_CURRENT_CALLS

04-18 11:39:02.429 D/AT      ( 1474): AT> AT+CLCC

04-18 11:39:02.429 D/AT      ( 1474): AT< +CLCC: 1,0,0,0,0,"13701680906",129

04-18 11:39:02.429 D/AT      ( 1474): AT< +CLCC: 2,1,4,0,0,"02150806223",129

04-18 11:39:02.429 D/AT      ( 1474): AT< OK

04-18 11:39:02.429 D/RILC    ( 1474): [0374]< GET_CURRENT_CALLS {[id=1,ACTIVE,toa=129,norm,mo,als=0,voc,noevp,13701680906,cli=0,name='(null)',0][id=2,INCOMING,toa=129,norm,mt,als=0,voc,noevp,02150806223,cli=0,name='(null)',0}

04-18 11:39:02.439 D/RILJ    ( 1591): InCall VoicePrivacy is disabled

04-18 11:39:02.439 D/RILJ    ( 1591): InCall VoicePrivacy is disabled

04-18 11:39:02.439 D/RILJ    ( 1591): [0374]< GET_CURRENT_CALLS  [id=1,ACTIVE,toa=129,norm,mo,0,voc,noevp,,cli=1,,0] [id=2,INCOMING,toa=129,norm,mt,0,voc,noevp,,cli=1,,0] 

04-18 11:39:02.449 D/GSM     ( 1591): [GSMConn] update: parent=ACTIVE, hasNewParent=false, wasConnectingInOrOut=false, wasHolding=false, isConnectingInOrOut=false, changed=false

04-18 11:39:02.449 D/GSM     ( 1591): [GSMConn] update: parent=INCOMING, hasNewParent=false, wasConnectingInOrOut=true, wasHolding=false, isConnectingInOrOut=true, changed=false

04-18 11:39:02.580 D/RILC    ( 1474): [UNSL]< UNSOL_RESPONSE_CALL_STATE_CHANGED 

04-18 11:39:02.580 D/RILJ    ( 1591): [UNSL]< UNSOL_RESPONSE_CALL_STATE_CHANGED

04-18 11:39:02.580 D/RILJ    ( 1591): [0375]> GET_CURRENT_CALLS

04-18 11:39:02.580 D/RILC    ( 1474): [0375]> GET_CURRENT_CALLS 

04-18 11:39:02.580 D/RIL     ( 1474): onRequest: GET_CURRENT_CALLS

04-18 11:39:02.580 D/AT      ( 1474): AT> AT+CLCC

04-18 11:39:02.580 D/AT      ( 1474): AT< +CLCC: 1,0,0,0,0,"13701680906",129

04-18 11:39:02.589 D/AT      ( 1474): AT< +CLCC: 2,1,4,0,0,"02150806223",129

04-18 11:39:02.589 D/AT      ( 1474): AT< OK

04-18 11:39:02.589 D/RILC    ( 1474): [0375]< GET_CURRENT_CALLS {[id=1,ACTIVE,toa=129,norm,mo,als=0,voc,noevp,13701680906,cli=0,name='(null)',0][id=2,INCOMING,toa=129,norm,mt,als=0,voc,noevp,02150806223,cli=0,name='(null)',0}

04-18 11:39:02.589 D/RILJ    ( 1591): InCall VoicePrivacy is disabled

04-18 11:39:02.589 D/RILJ    ( 1591): InCall VoicePrivacy is disabled

04-18 11:39:02.589 D/RILJ    ( 1591): [0375]< GET_CURRENT_CALLS  [id=1,ACTIVE,toa=129,norm,mo,0,voc,noevp,,cli=1,,0] [id=2,INCOMING,toa=129,norm,mt,0,voc,noevp,,cli=1,,0] 

04-18 11:39:02.589 D/GSM     ( 1591): [GSMConn] update: parent=ACTIVE, hasNewParent=false, wasConnectingInOrOut=false, wasHolding=false, isConnectingInOrOut=false, changed=false

04-18 11:39:02.589 D/GSM     ( 1591): [GSMConn] update: parent=INCOMING, hasNewParent=false, wasConnectingInOrOut=true, wasHolding=false, isConnectingInOrOut=true, changed=false

04-18 11:39:02.940 D/RILC    ( 1474): [UNSL]< UNSOL_RESPONSE_CALL_STATE_CHANGED 

04-18 11:39:02.940 D/RILJ    ( 1591): [UNSL]< UNSOL_RESPONSE_CALL_STATE_CHANGED

04-18 11:39:02.940 D/RILJ    ( 1591): [0376]> GET_CURRENT_CALLS

04-18 11:39:02.949 D/RILC    ( 1474): [0376]> GET_CURRENT_CALLS 

04-18 11:39:02.949 D/RIL     ( 1474): onRequest: GET_CURRENT_CALLS

04-18 11:39:02.949 D/AT      ( 1474): AT> AT+CLCC

04-18 11:39:02.949 D/AT      ( 1474): AT< +CLCC: 1,0,0,0,0,"13701680906",129

04-18 11:39:02.949 D/AT      ( 1474): AT< +CLCC: 2,1,4,0,0,"02150806223",129

04-18 11:39:02.949 D/AT      ( 1474): AT< OK

04-18 11:39:02.949 D/RILC    ( 1474): [0376]< GET_CURRENT_CALLS {[id=1,ACTIVE,toa=129,norm,mo,als=0,voc,noevp,13701680906,cli=0,name='(null)',0][id=2,INCOMING,toa=129,norm,mt,als=0,voc,noevp,02150806223,cli=0,name='(null)',0}

04-18 11:39:02.960 D/RILJ    ( 1591): InCall VoicePrivacy is disabled

04-18 11:39:02.960 D/RILJ    ( 1591): InCall VoicePrivacy is disabled

04-18 11:39:02.960 D/RILJ    ( 1591): [0376]< GET_CURRENT_CALLS  [id=1,ACTIVE,toa=129,norm,mo,0,voc,noevp,,cli=1,,0] [id=2,INCOMING,toa=129,norm,mt,0,voc,noevp,,cli=1,,0] 

04-18 11:39:02.969 D/GSM     ( 1591): [GSMConn] update: parent=ACTIVE, hasNewParent=false, wasConnectingInOrOut=false, wasHolding=false, isConnectingInOrOut=false, changed=false

04-18 11:39:02.969 D/GSM     ( 1591): [GSMConn] update: parent=INCOMING, hasNewParent=false, wasConnectingInOrOut=true, wasHolding=false, isConnectingInOrOut=true, changed=false

04-18 11:39:03.091 D/RILC    ( 1474): [UNSL]< UNSOL_RESPONSE_CALL_STATE_CHANGED 

04-18 11:39:03.091 D/RILJ    ( 1591): [UNSL]< UNSOL_RESPONSE_CALL_STATE_CHANGED

04-18 11:39:03.091 D/RILJ    ( 1591): [0377]> GET_CURRENT_CALLS

04-18 11:39:03.099 D/RILC    ( 1474): [0377]> GET_CURRENT_CALLS 

04-18 11:39:03.099 D/RIL     ( 1474): onRequest: GET_CURRENT_CALLS

04-18 11:39:03.099 D/AT      ( 1474): AT> AT+CLCC

04-18 11:39:03.099 D/AT      ( 1474): AT< +CLCC: 1,0,0,0,0,"13701680906",129

04-18 11:39:03.099 D/AT      ( 1474): AT< +CLCC: 2,1,4,0,0,"02150806223",129

04-18 11:39:03.099 D/AT      ( 1474): AT< OK

04-18 11:39:03.109 D/RILC    ( 1474): [0377]< GET_CURRENT_CALLS {[id=1,ACTIVE,toa=129,norm,mo,als=0,voc,noevp,13701680906,cli=0,name='(null)',0][id=2,INCOMING,toa=129,norm,mt,als=0,voc,noevp,02150806223,cli=0,name='(null)',0}

04-18 11:39:03.109 D/RILJ    ( 1591): InCall VoicePrivacy is disabled

04-18 11:39:03.109 D/RILJ    ( 1591): InCall VoicePrivacy is disabled

04-18 11:39:03.109 D/RILJ    ( 1591): [0377]< GET_CURRENT_CALLS  [id=1,ACTIVE,toa=129,norm,mo,0,voc,noevp,,cli=1,,0] [id=2,INCOMING,toa=129,norm,mt,0,voc,noevp,,cli=1,,0] 

04-18 11:39:03.120 D/GSM     ( 1591): [GSMConn] update: parent=ACTIVE, hasNewParent=false, wasConnectingInOrOut=false, wasHolding=false, isConnectingInOrOut=false, changed=false

04-18 11:39:03.130 D/GSM     ( 1591): [GSMConn] update: parent=INCOMING, hasNewParent=false, wasConnectingInOrOut=true, wasHolding=false, isConnectingInOrOut=true, changed=false

04-18 11:39:03.459 D/RILC    ( 1474): [UNSL]< UNSOL_RESPONSE_CALL_STATE_CHANGED 

04-18 11:39:03.459 D/RILJ    ( 1591): [UNSL]< UNSOL_RESPONSE_CALL_STATE_CHANGED

04-18 11:39:03.459 D/RILJ    ( 1591): [0378]> GET_CURRENT_CALLS

04-18 11:39:03.459 D/RILC    ( 1474): [0378]> GET_CURRENT_CALLS 

04-18 11:39:03.459 D/RIL     ( 1474): onRequest: GET_CURRENT_CALLS

04-18 11:39:03.459 D/AT      ( 1474): AT> AT+CLCC

04-18 11:39:03.469 D/AT      ( 1474): AT< +CLCC: 1,0,0,0,0,"13701680906",129

04-18 11:39:03.469 D/AT      ( 1474): AT< +CLCC: 2,1,4,0,0,"02150806223",129

04-18 11:39:03.469 D/AT      ( 1474): AT< OK

04-18 11:39:03.469 D/RILC    ( 1474): [0378]< GET_CURRENT_CALLS {[id=1,ACTIVE,toa=129,norm,mo,als=0,voc,noevp,13701680906,cli=0,name='(null)',0][id=2,INCOMING,toa=129,norm,mt,als=0,voc,noevp,02150806223,cli=0,name='(null)',0}

04-18 11:39:03.469 D/RILJ    ( 1591): InCall VoicePrivacy is disabled

04-18 11:39:03.469 D/RILJ    ( 1591): InCall VoicePrivacy is disabled

04-18 11:39:03.469 D/RILJ    ( 1591): [0378]< GET_CURRENT_CALLS  [id=1,ACTIVE,toa=129,norm,mo,0,voc,noevp,,cli=1,,0] [id=2,INCOMING,toa=129,norm,mt,0,voc,noevp,,cli=1,,0] 

04-18 11:39:03.469 D/GSM     ( 1591): [GSMConn] update: parent=ACTIVE, hasNewParent=false, wasConnectingInOrOut=false, wasHolding=false, isConnectingInOrOut=false, changed=false

04-18 11:39:03.480 D/GSM     ( 1591): [GSMConn] update: parent=INCOMING, hasNewParent=false, wasConnectingInOrOut=true, wasHolding=false, isConnectingInOrOut=true, changed=false

04-18 11:39:03.610 D/RILC    ( 1474): [UNSL]< UNSOL_RESPONSE_CALL_STATE_CHANGED 

04-18 11:39:03.610 D/RILJ    ( 1591): [UNSL]< UNSOL_RESPONSE_CALL_STATE_CHANGED

04-18 11:39:03.610 D/RILJ    ( 1591): [0379]> GET_CURRENT_CALLS

04-18 11:39:03.619 D/RILC    ( 1474): [0379]> GET_CURRENT_CALLS 

04-18 11:39:03.619 D/RIL     ( 1474): onRequest: GET_CURRENT_CALLS

04-18 11:39:03.619 D/AT      ( 1474): AT> AT+CLCC

04-18 11:39:03.619 D/AT      ( 1474): AT< +CLCC: 1,0,0,0,0,"13701680906",129

04-18 11:39:03.619 D/AT      ( 1474): AT< +CLCC: 2,1,4,0,0,"02150806223",129

04-18 11:39:03.619 D/AT      ( 1474): AT< OK

04-18 11:39:03.619 D/RILC    ( 1474): [0379]< GET_CURRENT_CALLS {[id=1,ACTIVE,toa=129,norm,mo,als=0,voc,noevp,13701680906,cli=0,name='(null)',0][id=2,INCOMING,toa=129,norm,mt,als=0,voc,noevp,02150806223,cli=0,name='(null)',0}

04-18 11:39:03.619 D/RILJ    ( 1591): InCall VoicePrivacy is disabled

04-18 11:39:03.619 D/RILJ    ( 1591): InCall VoicePrivacy is disabled

04-18 11:39:03.619 D/RILJ    ( 1591): [0379]< GET_CURRENT_CALLS  [id=1,ACTIVE,toa=129,norm,mo,0,voc,noevp,,cli=1,,0] [id=2,INCOMING,toa=129,norm,mt,0,voc,noevp,,cli=1,,0] 

04-18 11:39:03.629 D/GSM     ( 1591): [GSMConn] update: parent=ACTIVE, hasNewParent=false, wasConnectingInOrOut=false, wasHolding=false, isConnectingInOrOut=false, changed=false

04-18 11:39:03.629 D/GSM     ( 1591): [GSMConn] update: parent=INCOMING, hasNewParent=false, wasConnectingInOrOut=true, wasHolding=false, isConnectingInOrOut=true, changed=false

04-18 11:39:03.969 D/RILC    ( 1474): [UNSL]< UNSOL_RESPONSE_CALL_STATE_CHANGED 

04-18 11:39:03.969 D/RILJ    ( 1591): [UNSL]< UNSOL_RESPONSE_CALL_STATE_CHANGED

04-18 11:39:03.980 D/RILJ    ( 1591): [0380]> GET_CURRENT_CALLS

04-18 11:39:03.989 D/RILC    ( 1474): [0380]> GET_CURRENT_CALLS 

04-18 11:39:03.989 D/RIL     ( 1474): onRequest: GET_CURRENT_CALLS

04-18 11:39:03.989 D/AT      ( 1474): AT> AT+CLCC

04-18 11:39:03.989 D/AT      ( 1474): AT< +CLCC: 1,0,0,0,0,"13701680906",129

04-18 11:39:03.989 D/AT      ( 1474): AT< +CLCC: 2,1,4,0,0,"02150806223",129

04-18 11:39:03.989 D/AT      ( 1474): AT< OK

04-18 11:39:03.989 D/RILC    ( 1474): [0380]< GET_CURRENT_CALLS {[id=1,ACTIVE,toa=129,norm,mo,als=0,voc,noevp,13701680906,cli=0,name='(null)',0][id=2,INCOMING,toa=129,norm,mt,als=0,voc,noevp,02150806223,cli=0,name='(null)',0}

04-18 11:39:03.989 D/RILJ    ( 1591): InCall VoicePrivacy is disabled

04-18 11:39:03.989 D/RILJ    ( 1591): InCall VoicePrivacy is disabled

04-18 11:39:03.999 D/RILJ    ( 1591): [0380]< GET_CURRENT_CALLS  [id=1,ACTIVE,toa=129,norm,mo,0,voc,noevp,,cli=1,,0] [id=2,INCOMING,toa=129,norm,mt,0,voc,noevp,,cli=1,,0] 

04-18 11:39:04.009 D/GSM     ( 1591): [GSMConn] update: parent=ACTIVE, hasNewParent=false, wasConnectingInOrOut=false, wasHolding=false, isConnectingInOrOut=false, changed=false

04-18 11:39:04.009 D/GSM     ( 1591): [GSMConn] update: parent=INCOMING, hasNewParent=false, wasConnectingInOrOut=true, wasHolding=false, isConnectingInOrOut=true, changed=false

04-18 11:39:04.121 D/RILC    ( 1474): [UNSL]< UNSOL_RESPONSE_CALL_STATE_CHANGED 

04-18 11:39:04.121 D/RILJ    ( 1591): [UNSL]< UNSOL_RESPONSE_CALL_STATE_CHANGED

04-18 11:39:04.129 D/RILJ    ( 1591): [0381]> GET_CURRENT_CALLS

04-18 11:39:04.140 D/RILC    ( 1474): [0381]> GET_CURRENT_CALLS 

04-18 11:39:04.140 D/RIL     ( 1474): onRequest: GET_CURRENT_CALLS

04-18 11:39:04.140 D/AT      ( 1474): AT> AT+CLCC

04-18 11:39:04.140 D/AT      ( 1474): AT< +CLCC: 1,0,0,0,0,"13701680906",129

04-18 11:39:04.140 D/AT      ( 1474): AT< +CLCC: 2,1,4,0,0,"02150806223",129

04-18 11:39:04.140 D/AT      ( 1474): AT< OK

04-18 11:39:04.140 D/RILC    ( 1474): [0381]< GET_CURRENT_CALLS {[id=1,ACTIVE,toa=129,norm,mo,als=0,voc,noevp,13701680906,cli=0,name='(null)',0][id=2,INCOMING,toa=129,norm,mt,als=0,voc,noevp,02150806223,cli=0,name='(null)',0}

04-18 11:39:04.149 D/RILJ    ( 1591): InCall VoicePrivacy is disabled

04-18 11:39:04.149 D/RILJ    ( 1591): InCall VoicePrivacy is disabled

04-18 11:39:04.149 D/RILJ    ( 1591): [0381]< GET_CURRENT_CALLS  [id=1,ACTIVE,toa=129,norm,mo,0,voc,noevp,,cli=1,,0] [id=2,INCOMING,toa=129,norm,mt,0,voc,noevp,,cli=1,,0] 

04-18 11:39:04.159 D/GSM     ( 1591): [GSMConn] update: parent=ACTIVE, hasNewParent=false, wasConnectingInOrOut=false, wasHolding=false, isConnectingInOrOut=false, changed=false

04-18 11:39:04.159 D/GSM     ( 1591): [GSMConn] update: parent=INCOMING, hasNewParent=false, wasConnectingInOrOut=true, wasHolding=false, isConnectingInOrOut=true, changed=false

04-18 11:39:04.490 D/RILC    ( 1474): [UNSL]< UNSOL_RESPONSE_CALL_STATE_CHANGED 

04-18 11:39:04.490 D/RILJ    ( 1591): [UNSL]< UNSOL_RESPONSE_CALL_STATE_CHANGED

04-18 11:39:04.500 D/RILJ    ( 1591): [0382]> GET_CURRENT_CALLS

04-18 11:39:04.509 D/RILC    ( 1474): [0382]> GET_CURRENT_CALLS 

04-18 11:39:04.509 D/RIL     ( 1474): onRequest: GET_CURRENT_CALLS

04-18 11:39:04.509 D/AT      ( 1474): AT> AT+CLCC

04-18 11:39:04.509 D/AT      ( 1474): AT< +CLCC: 1,0,0,0,0,"13701680906",129

04-18 11:39:04.509 D/AT      ( 1474): AT< +CLCC: 2,1,4,0,0,"02150806223",129

04-18 11:39:04.509 D/AT      ( 1474): AT< OK

04-18 11:39:04.509 D/RILC    ( 1474): [0382]< GET_CURRENT_CALLS {[id=1,ACTIVE,toa=129,norm,mo,als=0,voc,noevp,13701680906,cli=0,name='(null)',0][id=2,INCOMING,toa=129,norm,mt,als=0,voc,noevp,02150806223,cli=0,name='(null)',0}

04-18 11:39:04.519 D/RILJ    ( 1591): InCall VoicePrivacy is disabled

04-18 11:39:04.519 D/RILJ    ( 1591): InCall VoicePrivacy is disabled

04-18 11:39:04.519 D/RILJ    ( 1591): [0382]< GET_CURRENT_CALLS  [id=1,ACTIVE,toa=129,norm,mo,0,voc,noevp,,cli=1,,0] [id=2,INCOMING,toa=129,norm,mt,0,voc,noevp,,cli=1,,0] 

04-18 11:39:04.529 D/GSM     ( 1591): [GSMConn] update: parent=ACTIVE, hasNewParent=false, wasConnectingInOrOut=false, wasHolding=false, isConnectingInOrOut=false, changed=false

04-18 11:39:04.529 D/GSM     ( 1591): [GSMConn] update: parent=INCOMING, hasNewParent=false, wasConnectingInOrOut=true, wasHolding=false, isConnectingInOrOut=true, changed=false

04-18 11:39:04.643 D/RILC    ( 1474): [UNSL]< UNSOL_RESPONSE_CALL_STATE_CHANGED 

04-18 11:39:04.643 D/RILJ    ( 1591): [UNSL]< UNSOL_RESPONSE_CALL_STATE_CHANGED

04-18 11:39:04.649 D/RILJ    ( 1591): [0383]> GET_CURRENT_CALLS

04-18 11:39:04.659 D/RILC    ( 1474): [0383]> GET_CURRENT_CALLS 

04-18 11:39:04.659 D/RIL     ( 1474): onRequest: GET_CURRENT_CALLS

04-18 11:39:04.659 D/AT      ( 1474): AT> AT+CLCC

04-18 11:39:04.659 D/AT      ( 1474): AT< +CLCC: 1,0,0,0,0,"13701680906",129

04-18 11:39:04.669 D/AT      ( 1474): AT< +CLCC: 2,1,4,0,0,"02150806223",129

04-18 11:39:04.669 D/AT      ( 1474): AT< OK

04-18 11:39:04.669 D/RILC    ( 1474): [0383]< GET_CURRENT_CALLS {[id=1,ACTIVE,toa=129,norm,mo,als=0,voc,noevp,13701680906,cli=0,name='(null)',0][id=2,INCOMING,toa=129,norm,mt,als=0,voc,noevp,02150806223,cli=0,name='(null)',0}

04-18 11:39:04.669 D/RILJ    ( 1591): InCall VoicePrivacy is disabled

04-18 11:39:04.669 D/RILJ    ( 1591): InCall VoicePrivacy is disabled

04-18 11:39:04.669 D/RILJ    ( 1591): [0383]< GET_CURRENT_CALLS  [id=1,ACTIVE,toa=129,norm,mo,0,voc,noevp,,cli=1,,0] [id=2,INCOMING,toa=129,norm,mt,0,voc,noevp,,cli=1,,0] 

04-18 11:39:04.689 D/GSM     ( 1591): [GSMConn] update: parent=ACTIVE, hasNewParent=false, wasConnectingInOrOut=false, wasHolding=false, isConnectingInOrOut=false, changed=false

04-18 11:39:04.689 D/GSM     ( 1591): [GSMConn] update: parent=INCOMING, hasNewParent=false, wasConnectingInOrOut=true, wasHolding=false, isConnectingInOrOut=true, changed=false

04-18 11:39:05.012 D/RILC    ( 1474): [UNSL]< UNSOL_RESPONSE_CALL_STATE_CHANGED 

04-18 11:39:05.019 D/RILJ    ( 1591): [UNSL]< UNSOL_RESPONSE_CALL_STATE_CHANGED

04-18 11:39:05.019 D/RILJ    ( 1591): [0384]> GET_CURRENT_CALLS

04-18 11:39:05.029 D/RILC    ( 1474): [0384]> GET_CURRENT_CALLS 

04-18 11:39:05.029 D/RIL     ( 1474): onRequest: GET_CURRENT_CALLS

04-18 11:39:05.029 D/AT      ( 1474): AT> AT+CLCC

04-18 11:39:05.040 D/AT      ( 1474): AT< +CLCC: 1,0,0,0,0,"13701680906",129

04-18 11:39:05.040 D/AT      ( 1474): AT< +CLCC: 2,1,4,0,0,"02150806223",129

04-18 11:39:05.040 D/AT      ( 1474): AT< OK

04-18 11:39:05.040 D/RILC    ( 1474): [0384]< GET_CURRENT_CALLS {[id=1,ACTIVE,toa=129,norm,mo,als=0,voc,noevp,13701680906,cli=0,name='(null)',0][id=2,INCOMING,toa=129,norm,mt,als=0,voc,noevp,02150806223,cli=0,name='(null)',0}

04-18 11:39:05.040 D/RILJ    ( 1591): InCall VoicePrivacy is disabled

04-18 11:39:05.040 D/RILJ    ( 1591): InCall VoicePrivacy is disabled

04-18 11:39:05.040 D/RILJ    ( 1591): [0384]< GET_CURRENT_CALLS  [id=1,ACTIVE,toa=129,norm,mo,0,voc,noevp,,cli=1,,0] [id=2,INCOMING,toa=129,norm,mt,0,voc,noevp,,cli=1,,0] 

04-18 11:39:05.059 D/GSM     ( 1591): [GSMConn] update: parent=ACTIVE, hasNewParent=false, wasConnectingInOrOut=false, wasHolding=false, isConnectingInOrOut=false, changed=false

04-18 11:39:05.059 D/GSM     ( 1591): [GSMConn] update: parent=INCOMING, hasNewParent=false, wasConnectingInOrOut=true, wasHolding=false, isConnectingInOrOut=true, changed=false

04-18 11:39:05.171 D/RILC    ( 1474): [UNSL]< UNSOL_RESPONSE_CALL_STATE_CHANGED 

04-18 11:39:05.171 D/RILJ    ( 1591): [UNSL]< UNSOL_RESPONSE_CALL_STATE_CHANGED

04-18 11:39:05.179 D/RILJ    ( 1591): [0385]> GET_CURRENT_CALLS

04-18 11:39:05.179 D/RILC    ( 1474): [0385]> GET_CURRENT_CALLS 

04-18 11:39:05.179 D/RIL     ( 1474): onRequest: GET_CURRENT_CALLS

04-18 11:39:05.179 D/AT      ( 1474): AT> AT+CLCC

04-18 11:39:05.189 D/AT      ( 1474): AT< +CLCC: 1,0,0,0,0,"13701680906",129

04-18 11:39:05.189 D/AT      ( 1474): AT< +CLCC: 2,1,4,0,0,"02150806223",129

04-18 11:39:05.189 D/AT      ( 1474): AT< OK

04-18 11:39:05.189 D/RILC    ( 1474): [0385]< GET_CURRENT_CALLS {[id=1,ACTIVE,toa=129,norm,mo,als=0,voc,noevp,13701680906,cli=0,name='(null)',0][id=2,INCOMING,toa=129,norm,mt,als=0,voc,noevp,02150806223,cli=0,name='(null)',0}

04-18 11:39:05.189 D/RILJ    ( 1591): InCall VoicePrivacy is disabled

04-18 11:39:05.189 D/RILJ    ( 1591): InCall VoicePrivacy is disabled

04-18 11:39:05.189 D/RILJ    ( 1591): [0385]< GET_CURRENT_CALLS  [id=1,ACTIVE,toa=129,norm,mo,0,voc,noevp,,cli=1,,0] [id=2,INCOMING,toa=129,norm,mt,0,voc,noevp,,cli=1,,0] 

04-18 11:39:05.209 D/GSM     ( 1591): [GSMConn] update: parent=ACTIVE, hasNewParent=false, wasConnectingInOrOut=false, wasHolding=false, isConnectingInOrOut=false, changed=false

04-18 11:39:05.209 D/GSM     ( 1591): [GSMConn] update: parent=INCOMING, hasNewParent=false, wasConnectingInOrOut=true, wasHolding=false, isConnectingInOrOut=true, changed=false

04-18 11:39:05.502 D/AT      ( 1474): AT< RING

04-18 11:39:05.502 D/RILC    ( 1474): [UNSL]< UNSOL_RESPONSE_CALL_STATE_CHANGED 

04-18 11:39:05.502 D/RILJ    ( 1591): [UNSL]< UNSOL_RESPONSE_CALL_STATE_CHANGED

04-18 11:39:05.509 D/RILJ    ( 1591): [0386]> GET_CURRENT_CALLS

04-18 11:39:05.520 D/RILC    ( 1474): [0386]> GET_CURRENT_CALLS 

04-18 11:39:05.520 D/RIL     ( 1474): onRequest: GET_CURRENT_CALLS

04-18 11:39:05.520 D/AT      ( 1474): AT> AT+CLCC

04-18 11:39:05.529 D/AT      ( 1474): AT< +CLCC: 1,0,0,0,0,"13701680906",129

04-18 11:39:05.529 D/AT      ( 1474): AT< +CLCC: 2,1,4,0,0,"02150806223",129

04-18 11:39:05.529 D/AT      ( 1474): AT< OK

04-18 11:39:05.529 D/RILC    ( 1474): [0386]< GET_CURRENT_CALLS {[id=1,ACTIVE,toa=129,norm,mo,als=0,voc,noevp,13701680906,cli=0,name='(null)',0][id=2,INCOMING,toa=129,norm,mt,als=0,voc,noevp,02150806223,cli=0,name='(null)',0}

04-18 11:39:05.529 D/RILJ    ( 1591): InCall VoicePrivacy is disabled

04-18 11:39:05.529 D/RILJ    ( 1591): InCall VoicePrivacy is disabled

04-18 11:39:05.529 D/RILJ    ( 1591): [0386]< GET_CURRENT_CALLS  [id=1,ACTIVE,toa=129,norm,mo,0,voc,noevp,,cli=1,,0] [id=2,INCOMING,toa=129,norm,mt,0,voc,noevp,,cli=1,,0] 

04-18 11:39:05.539 D/RILC    ( 1474): [UNSL]< UNSOL_RESPONSE_CALL_STATE_CHANGED 

04-18 11:39:05.549 D/RILJ    ( 1591): [UNSL]< UNSOL_RESPONSE_CALL_STATE_CHANGED

04-18 11:39:05.559 D/GSM     ( 1591): [GSMConn] update: parent=ACTIVE, hasNewParent=false, wasConnectingInOrOut=false, wasHolding=false, isConnectingInOrOut=false, changed=false

04-18 11:39:05.570 D/GSM     ( 1591): [GSMConn] update: parent=INCOMING, hasNewParent=false, wasConnectingInOrOut=true, wasHolding=false, isConnectingInOrOut=true, changed=false

04-18 11:39:05.570 D/RILJ    ( 1591): [0387]> GET_CURRENT_CALLS

04-18 11:39:05.580 D/RILC    ( 1474): [0387]> GET_CURRENT_CALLS 

04-18 11:39:05.580 D/RIL     ( 1474): onRequest: GET_CURRENT_CALLS

04-18 11:39:05.580 D/AT      ( 1474): AT> AT+CLCC

04-18 11:39:05.590 D/AT      ( 1474): AT< +CLCC: 1,0,0,0,0,"13701680906",129

04-18 11:39:05.590 D/AT      ( 1474): AT< +CLCC: 2,1,4,0,0,"02150806223",129

04-18 11:39:05.590 D/AT      ( 1474): AT< OK

04-18 11:39:05.590 D/RILC    ( 1474): [0387]< GET_CURRENT_CALLS {[id=1,ACTIVE,toa=129,norm,mo,als=0,voc,noevp,13701680906,cli=0,name='(null)',0][id=2,INCOMING,toa=129,norm,mt,als=0,voc,noevp,02150806223,cli=0,name='(null)',0}

04-18 11:39:05.599 D/RILJ    ( 1591): InCall VoicePrivacy is disabled

04-18 11:39:05.599 D/RILJ    ( 1591): InCall VoicePrivacy is disabled

04-18 11:39:05.599 D/RILJ    ( 1591): [0387]< GET_CURRENT_CALLS  [id=1,ACTIVE,toa=129,norm,mo,0,voc,noevp,,cli=1,,0] [id=2,INCOMING,toa=129,norm,mt,0,voc,noevp,,cli=1,,0] 

04-18 11:39:05.619 D/GSM     ( 1591): [GSMConn] update: parent=ACTIVE, hasNewParent=false, wasConnectingInOrOut=false, wasHolding=false, isConnectingInOrOut=false, changed=false

04-18 11:39:05.619 D/GSM     ( 1591): [GSMConn] update: parent=INCOMING, hasNewParent=false, wasConnectingInOrOut=true, wasHolding=false, isConnectingInOrOut=true, changed=false

04-18 11:39:05.690 D/RILC    ( 1474): [UNSL]< UNSOL_RESPONSE_CALL_STATE_CHANGED 

04-18 11:39:05.690 D/RILJ    ( 1591): [UNSL]< UNSOL_RESPONSE_CALL_STATE_CHANGED

04-18 11:39:05.690 D/RILJ    ( 1591): [0388]> GET_CURRENT_CALLS

04-18 11:39:05.700 D/RILC    ( 1474): [0388]> GET_CURRENT_CALLS 

04-18 11:39:05.700 D/RIL     ( 1474): onRequest: GET_CURRENT_CALLS

04-18 11:39:05.700 D/AT      ( 1474): AT> AT+CLCC

04-18 11:39:05.700 D/AT      ( 1474): AT< +CLCC: 1,0,0,0,0,"13701680906",129

04-18 11:39:05.700 D/AT      ( 1474): AT< +CLCC: 2,1,4,0,0,"02150806223",129

04-18 11:39:05.700 D/AT      ( 1474): AT< OK

04-18 11:39:05.700 D/RILC    ( 1474): [0388]< GET_CURRENT_CALLS {[id=1,ACTIVE,toa=129,norm,mo,als=0,voc,noevp,13701680906,cli=0,name='(null)',0][id=2,INCOMING,toa=129,norm,mt,als=0,voc,noevp,02150806223,cli=0,name='(null)',0}

04-18 11:39:05.700 D/RILJ    ( 1591): InCall VoicePrivacy is disabled

04-18 11:39:05.700 D/RILJ    ( 1591): InCall VoicePrivacy is disabled

04-18 11:39:05.709 D/RILJ    ( 1591): [0388]< GET_CURRENT_CALLS  [id=1,ACTIVE,toa=129,norm,mo,0,voc,noevp,,cli=1,,0] [id=2,INCOMING,toa=129,norm,mt,0,voc,noevp,,cli=1,,0] 

04-18 11:39:05.709 D/GSM     ( 1591): [GSMConn] update: parent=ACTIVE, hasNewParent=false, wasConnectingInOrOut=false, wasHolding=false, isConnectingInOrOut=false, changed=false

04-18 11:39:05.709 D/GSM     ( 1591): [GSMConn] update: parent=INCOMING, hasNewParent=false, wasConnectingInOrOut=true, wasHolding=false, isConnectingInOrOut=true, changed=false

04-18 11:39:06.029 D/RILC    ( 1474): [UNSL]< UNSOL_RESPONSE_CALL_STATE_CHANGED 

04-18 11:39:06.029 D/RILJ    ( 1591): [UNSL]< UNSOL_RESPONSE_CALL_STATE_CHANGED

04-18 11:39:06.039 D/RILJ    ( 1591): [0389]> GET_CURRENT_CALLS

04-18 11:39:06.039 D/RILC    ( 1474): [0389]> GET_CURRENT_CALLS 

04-18 11:39:06.039 D/RIL     ( 1474): onRequest: GET_CURRENT_CALLS

04-18 11:39:06.039 D/AT      ( 1474): AT> AT+CLCC

04-18 11:39:06.049 D/AT      ( 1474): AT< +CLCC: 1,0,0,0,0,"13701680906",129

04-18 11:39:06.049 D/AT      ( 1474): AT< +CLCC: 2,1,4,0,0,"02150806223",129

04-18 11:39:06.049 D/AT      ( 1474): AT< OK

04-18 11:39:06.049 D/RILC    ( 1474): [0389]< GET_CURRENT_CALLS {[id=1,ACTIVE,toa=129,norm,mo,als=0,voc,noevp,13701680906,cli=0,name='(null)',0][id=2,INCOMING,toa=129,norm,mt,als=0,voc,noevp,02150806223,cli=0,name='(null)',0}

04-18 11:39:06.049 D/RILJ    ( 1591): InCall VoicePrivacy is disabled

04-18 11:39:06.049 D/RILJ    ( 1591): InCall VoicePrivacy is disabled

04-18 11:39:06.060 D/RILJ    ( 1591): [0389]< GET_CURRENT_CALLS  [id=1,ACTIVE,toa=129,norm,mo,0,voc,noevp,,cli=1,,0] [id=2,INCOMING,toa=129,norm,mt,0,voc,noevp,,cli=1,,0] 

04-18 11:39:06.060 D/GSM     ( 1591): [GSMConn] update: parent=ACTIVE, hasNewParent=false, wasConnectingInOrOut=false, wasHolding=false, isConnectingInOrOut=false, changed=false

