04-18 11:39:06.070 D/GSM     ( 1591): [GSMConn] update: parent=INCOMING, hasNewParent=false, wasConnectingInOrOut=true, wasHolding=false, isConnectingInOrOut=true, changed=false

04-18 11:39:06.100 D/RILC    ( 1474): [UNSL]< UNSOL_RESPONSE_CALL_STATE_CHANGED 

04-18 11:39:06.100 D/RILJ    ( 1591): [UNSL]< UNSOL_RESPONSE_CALL_STATE_CHANGED

04-18 11:39:06.100 D/RILJ    ( 1591): [0390]> GET_CURRENT_CALLS

04-18 11:39:06.100 D/RILC    ( 1474): [0390]> GET_CURRENT_CALLS 

04-18 11:39:06.100 D/RIL     ( 1474): onRequest: GET_CURRENT_CALLS

04-18 11:39:06.100 D/AT      ( 1474): AT> AT+CLCC

04-18 11:39:06.109 D/AT      ( 1474): AT< +CLCC: 1,0,0,0,0,"13701680906",129

04-18 11:39:06.109 D/AT      ( 1474): AT< +CLCC: 2,1,4,0,0,"02150806223",129

04-18 11:39:06.109 D/AT      ( 1474): AT< OK

04-18 11:39:06.109 D/RILC    ( 1474): [0390]< GET_CURRENT_CALLS {[id=1,ACTIVE,toa=129,norm,mo,als=0,voc,noevp,13701680906,cli=0,name='(null)',0][id=2,INCOMING,toa=129,norm,mt,als=0,voc,noevp,02150806223,cli=0,name='(null)',0}

04-18 11:39:06.109 D/RILJ    ( 1591): InCall VoicePrivacy is disabled

04-18 11:39:06.109 D/RILJ    ( 1591): InCall VoicePrivacy is disabled

04-18 11:39:06.109 D/RILJ    ( 1591): [0390]< GET_CURRENT_CALLS  [id=1,ACTIVE,toa=129,norm,mo,0,voc,noevp,,cli=1,,0] [id=2,INCOMING,toa=129,norm,mt,0,voc,noevp,,cli=1,,0] 

04-18 11:39:06.120 D/GSM     ( 1591): [GSMConn] update: parent=ACTIVE, hasNewParent=false, wasConnectingInOrOut=false, wasHolding=false, isConnectingInOrOut=false, changed=false

04-18 11:39:06.120 D/GSM     ( 1591): [GSMConn] update: parent=INCOMING, hasNewParent=false, wasConnectingInOrOut=true, wasHolding=false, isConnectingInOrOut=true, changed=false

04-18 11:39:06.199 D/RILC    ( 1474): [UNSL]< UNSOL_RESPONSE_CALL_STATE_CHANGED 

04-18 11:39:06.199 D/RILJ    ( 1591): [UNSL]< UNSOL_RESPONSE_CALL_STATE_CHANGED

04-18 11:39:06.209 D/RILJ    ( 1591): [0391]> GET_CURRENT_CALLS

04-18 11:39:06.209 D/RILC    ( 1474): [0391]> GET_CURRENT_CALLS 

04-18 11:39:06.209 D/RIL     ( 1474): onRequest: GET_CURRENT_CALLS

04-18 11:39:06.209 D/AT      ( 1474): AT> AT+CLCC

04-18 11:39:06.209 D/AT      ( 1474): AT< +CLCC: 1,0,0,0,0,"13701680906",129

04-18 11:39:06.209 D/AT      ( 1474): AT< +CLCC: 2,1,4,0,0,"02150806223",129

04-18 11:39:06.219 D/AT      ( 1474): AT< OK

04-18 11:39:06.219 D/RILC    ( 1474): [0391]< GET_CURRENT_CALLS {[id=1,ACTIVE,toa=129,norm,mo,als=0,voc,noevp,13701680906,cli=0,name='(null)',0][id=2,INCOMING,toa=129,norm,mt,als=0,voc,noevp,02150806223,cli=0,name='(null)',0}

04-18 11:39:06.219 D/RILJ    ( 1591): InCall VoicePrivacy is disabled

04-18 11:39:06.219 D/RILJ    ( 1591): InCall VoicePrivacy is disabled

04-18 11:39:06.219 D/RILJ    ( 1591): [0391]< GET_CURRENT_CALLS  [id=1,ACTIVE,toa=129,norm,mo,0,voc,noevp,,cli=1,,0] [id=2,INCOMING,toa=129,norm,mt,0,voc,noevp,,cli=1,,0] 

04-18 11:39:06.229 D/GSM     ( 1591): [GSMConn] update: parent=ACTIVE, hasNewParent=false, wasConnectingInOrOut=false, wasHolding=false, isConnectingInOrOut=false, changed=false

04-18 11:39:06.229 D/GSM     ( 1591): [GSMConn] update: parent=INCOMING, hasNewParent=false, wasConnectingInOrOut=true, wasHolding=false, isConnectingInOrOut=true, changed=false

04-18 11:39:06.556 D/RILC    ( 1474): [UNSL]< UNSOL_RESPONSE_CALL_STATE_CHANGED 

04-18 11:39:06.556 D/RILJ    ( 1591): [UNSL]< UNSOL_RESPONSE_CALL_STATE_CHANGED

04-18 11:39:06.559 D/RILJ    ( 1591): [0392]> GET_CURRENT_CALLS

04-18 11:39:06.569 D/RILC    ( 1474): [0392]> GET_CURRENT_CALLS 

04-18 11:39:06.569 D/RIL     ( 1474): onRequest: GET_CURRENT_CALLS

04-18 11:39:06.569 D/AT      ( 1474): AT> AT+CLCC

04-18 11:39:06.569 D/AT      ( 1474): AT< +CLCC: 1,0,0,0,0,"13701680906",129

04-18 11:39:06.569 D/AT      ( 1474): AT< +CLCC: 2,1,4,0,0,"02150806223",129

04-18 11:39:06.569 D/AT      ( 1474): AT< OK

04-18 11:39:06.569 D/RILC    ( 1474): [0392]< GET_CURRENT_CALLS {[id=1,ACTIVE,toa=129,norm,mo,als=0,voc,noevp,13701680906,cli=0,name='(null)',0][id=2,INCOMING,toa=129,norm,mt,als=0,voc,noevp,02150806223,cli=0,name='(null)',0}

04-18 11:39:06.579 D/RILJ    ( 1591): InCall VoicePrivacy is disabled

04-18 11:39:06.579 D/RILJ    ( 1591): InCall VoicePrivacy is disabled

04-18 11:39:06.579 D/RILJ    ( 1591): [0392]< GET_CURRENT_CALLS  [id=1,ACTIVE,toa=129,norm,mo,0,voc,noevp,,cli=1,,0] [id=2,INCOMING,toa=129,norm,mt,0,voc,noevp,,cli=1,,0] 

04-18 11:39:06.589 D/GSM     ( 1591): [GSMConn] update: parent=ACTIVE, hasNewParent=false, wasConnectingInOrOut=false, wasHolding=false, isConnectingInOrOut=false, changed=false

04-18 11:39:06.589 D/GSM     ( 1591): [GSMConn] update: parent=INCOMING, hasNewParent=false, wasConnectingInOrOut=true, wasHolding=false, isConnectingInOrOut=true, changed=false

04-18 11:39:06.613 D/RILC    ( 1474): [UNSL]< UNSOL_RESPONSE_CALL_STATE_CHANGED 

04-18 11:39:06.613 D/RILJ    ( 1591): [UNSL]< UNSOL_RESPONSE_CALL_STATE_CHANGED

04-18 11:39:06.613 D/RILJ    ( 1591): [0393]> GET_CURRENT_CALLS

04-18 11:39:06.619 D/RILC    ( 1474): [0393]> GET_CURRENT_CALLS 

04-18 11:39:06.619 D/RIL     ( 1474): onRequest: GET_CURRENT_CALLS

04-18 11:39:06.619 D/AT      ( 1474): AT> AT+CLCC

04-18 11:39:06.630 D/AT      ( 1474): AT< +CLCC: 1,0,0,0,0,"13701680906",129

04-18 11:39:06.630 D/AT      ( 1474): AT< +CLCC: 2,1,4,0,0,"02150806223",129

04-18 11:39:06.630 D/AT      ( 1474): AT< OK

04-18 11:39:06.630 D/RILC    ( 1474): [0393]< GET_CURRENT_CALLS {[id=1,ACTIVE,toa=129,norm,mo,als=0,voc,noevp,13701680906,cli=0,name='(null)',0][id=2,INCOMING,toa=129,norm,mt,als=0,voc,noevp,02150806223,cli=0,name='(null)',0}

04-18 11:39:06.630 D/RILJ    ( 1591): InCall VoicePrivacy is disabled

04-18 11:39:06.630 D/RILJ    ( 1591): InCall VoicePrivacy is disabled

04-18 11:39:06.630 D/RILJ    ( 1591): [0393]< GET_CURRENT_CALLS  [id=1,ACTIVE,toa=129,norm,mo,0,voc,noevp,,cli=1,,0] [id=2,INCOMING,toa=129,norm,mt,0,voc,noevp,,cli=1,,0] 

04-18 11:39:06.649 D/GSM     ( 1591): [GSMConn] update: parent=ACTIVE, hasNewParent=false, wasConnectingInOrOut=false, wasHolding=false, isConnectingInOrOut=false, changed=false

04-18 11:39:06.649 D/GSM     ( 1591): [GSMConn] update: parent=INCOMING, hasNewParent=false, wasConnectingInOrOut=true, wasHolding=false, isConnectingInOrOut=true, changed=false

04-18 11:39:06.720 D/RILC    ( 1474): [UNSL]< UNSOL_RESPONSE_CALL_STATE_CHANGED 

04-18 11:39:06.720 D/RILJ    ( 1591): [UNSL]< UNSOL_RESPONSE_CALL_STATE_CHANGED

04-18 11:39:06.729 D/RILJ    ( 1591): [0394]> GET_CURRENT_CALLS

04-18 11:39:06.729 D/RILC    ( 1474): [0394]> GET_CURRENT_CALLS 

04-18 11:39:06.729 D/RIL     ( 1474): onRequest: GET_CURRENT_CALLS

04-18 11:39:06.729 D/AT      ( 1474): AT> AT+CLCC

04-18 11:39:06.739 D/AT      ( 1474): AT< +CLCC: 1,0,0,0,0,"13701680906",129

04-18 11:39:06.739 D/AT      ( 1474): AT< +CLCC: 2,1,4,0,0,"02150806223",129

04-18 11:39:06.739 D/AT      ( 1474): AT< OK

04-18 11:39:06.739 D/RILC    ( 1474): [0394]< GET_CURRENT_CALLS {[id=1,ACTIVE,toa=129,norm,mo,als=0,voc,noevp,13701680906,cli=0,name='(null)',0][id=2,INCOMING,toa=129,norm,mt,als=0,voc,noevp,02150806223,cli=0,name='(null)',0}

04-18 11:39:06.739 D/RILJ    ( 1591): InCall VoicePrivacy is disabled

04-18 11:39:06.739 D/RILJ    ( 1591): InCall VoicePrivacy is disabled

04-18 11:39:06.749 D/RILJ    ( 1591): [0394]< GET_CURRENT_CALLS  [id=1,ACTIVE,toa=129,norm,mo,0,voc,noevp,,cli=1,,0] [id=2,INCOMING,toa=129,norm,mt,0,voc,noevp,,cli=1,,0] 

04-18 11:39:06.780 D/GSM     ( 1591): [GSMConn] update: parent=ACTIVE, hasNewParent=false, wasConnectingInOrOut=false, wasHolding=false, isConnectingInOrOut=false, changed=false

04-18 11:39:06.789 D/GSM     ( 1591): [GSMConn] update: parent=INCOMING, hasNewParent=false, wasConnectingInOrOut=true, wasHolding=false, isConnectingInOrOut=true, changed=false

04-18 11:39:07.080 D/RILC    ( 1474): [UNSL]< UNSOL_RESPONSE_CALL_STATE_CHANGED 

04-18 11:39:07.080 D/RILJ    ( 1591): [UNSL]< UNSOL_RESPONSE_CALL_STATE_CHANGED

04-18 11:39:07.089 D/RILJ    ( 1591): [0395]> GET_CURRENT_CALLS

04-18 11:39:07.089 D/RILC    ( 1474): [0395]> GET_CURRENT_CALLS 

04-18 11:39:07.089 D/RIL     ( 1474): onRequest: GET_CURRENT_CALLS

04-18 11:39:07.089 D/AT      ( 1474): AT> AT+CLCC

04-18 11:39:07.100 D/AT      ( 1474): AT< +CLCC: 1,0,0,0,0,"13701680906",129

04-18 11:39:07.100 D/AT      ( 1474): AT< +CLCC: 2,1,4,0,0,"02150806223",129

04-18 11:39:07.100 D/AT      ( 1474): AT< OK

04-18 11:39:07.100 D/RILC    ( 1474): [0395]< GET_CURRENT_CALLS {[id=1,ACTIVE,toa=129,norm,mo,als=0,voc,noevp,13701680906,cli=0,name='(null)',0][id=2,INCOMING,toa=129,norm,mt,als=0,voc,noevp,02150806223,cli=0,name='(null)',0}

04-18 11:39:07.100 D/RILJ    ( 1591): InCall VoicePrivacy is disabled

04-18 11:39:07.100 D/RILJ    ( 1591): InCall VoicePrivacy is disabled

04-18 11:39:07.109 D/RILJ    ( 1591): [0395]< GET_CURRENT_CALLS  [id=1,ACTIVE,toa=129,norm,mo,0,voc,noevp,,cli=1,,0] [id=2,INCOMING,toa=129,norm,mt,0,voc,noevp,,cli=1,,0] 

04-18 11:39:07.109 D/GSM     ( 1591): [GSMConn] update: parent=ACTIVE, hasNewParent=false, wasConnectingInOrOut=false, wasHolding=false, isConnectingInOrOut=false, changed=false

04-18 11:39:07.109 D/GSM     ( 1591): [GSMConn] update: parent=INCOMING, hasNewParent=false, wasConnectingInOrOut=true, wasHolding=false, isConnectingInOrOut=true, changed=false

04-18 11:39:07.129 D/RILC    ( 1474): [UNSL]< UNSOL_RESPONSE_CALL_STATE_CHANGED 

04-18 11:39:07.129 D/RILJ    ( 1591): [UNSL]< UNSOL_RESPONSE_CALL_STATE_CHANGED

04-18 11:39:07.140 D/RILJ    ( 1591): [0396]> GET_CURRENT_CALLS

04-18 11:39:07.149 D/RILC    ( 1474): [0396]> GET_CURRENT_CALLS 

04-18 11:39:07.149 D/RIL     ( 1474): onRequest: GET_CURRENT_CALLS

04-18 11:39:07.149 D/AT      ( 1474): AT> AT+CLCC

04-18 11:39:07.149 D/AT      ( 1474): AT< +CLCC: 1,0,0,0,0,"13701680906",129

04-18 11:39:07.149 D/AT      ( 1474): AT< +CLCC: 2,1,4,0,0,"02150806223",129

04-18 11:39:07.149 D/AT      ( 1474): AT< OK

04-18 11:39:07.149 D/RILC    ( 1474): [0396]< GET_CURRENT_CALLS {[id=1,ACTIVE,toa=129,norm,mo,als=0,voc,noevp,13701680906,cli=0,name='(null)',0][id=2,INCOMING,toa=129,norm,mt,als=0,voc,noevp,02150806223,cli=0,name='(null)',0}

04-18 11:39:07.149 D/RILJ    ( 1591): InCall VoicePrivacy is disabled

04-18 11:39:07.149 D/RILJ    ( 1591): InCall VoicePrivacy is disabled

04-18 11:39:07.159 D/RILJ    ( 1591): [0396]< GET_CURRENT_CALLS  [id=1,ACTIVE,toa=129,norm,mo,0,voc,noevp,,cli=1,,0] [id=2,INCOMING,toa=129,norm,mt,0,voc,noevp,,cli=1,,0] 

04-18 11:39:07.159 D/GSM     ( 1591): [GSMConn] update: parent=ACTIVE, hasNewParent=false, wasConnectingInOrOut=false, wasHolding=false, isConnectingInOrOut=false, changed=false

04-18 11:39:07.170 D/GSM     ( 1591): [GSMConn] update: parent=INCOMING, hasNewParent=false, wasConnectingInOrOut=true, wasHolding=false, isConnectingInOrOut=true, changed=false

04-18 11:39:07.239 D/RILC    ( 1474): [UNSL]< UNSOL_RESPONSE_CALL_STATE_CHANGED 

04-18 11:39:07.239 D/RILJ    ( 1591): [UNSL]< UNSOL_RESPONSE_CALL_STATE_CHANGED

04-18 11:39:07.239 D/RILJ    ( 1591): [0397]> GET_CURRENT_CALLS

04-18 11:39:07.249 D/RILC    ( 1474): [0397]> GET_CURRENT_CALLS 

04-18 11:39:07.249 D/RIL     ( 1474): onRequest: GET_CURRENT_CALLS

04-18 11:39:07.249 D/AT      ( 1474): AT> AT+CLCC

04-18 11:39:07.249 D/AT      ( 1474): AT< +CLCC: 1,0,0,0,0,"13701680906",129

04-18 11:39:07.260 D/AT      ( 1474): AT< +CLCC: 2,1,4,0,0,"02150806223",129

04-18 11:39:07.260 D/AT      ( 1474): AT< OK

04-18 11:39:07.260 D/RILC    ( 1474): [0397]< GET_CURRENT_CALLS {[id=1,ACTIVE,toa=129,norm,mo,als=0,voc,noevp,13701680906,cli=0,name='(null)',0][id=2,INCOMING,toa=129,norm,mt,als=0,voc,noevp,02150806223,cli=0,name='(null)',0}

04-18 11:39:07.260 D/RILJ    ( 1591): InCall VoicePrivacy is disabled

04-18 11:39:07.260 D/RILJ    ( 1591): InCall VoicePrivacy is disabled

04-18 11:39:07.260 D/RILJ    ( 1591): [0397]< GET_CURRENT_CALLS  [id=1,ACTIVE,toa=129,norm,mo,0,voc,noevp,,cli=1,,0] [id=2,INCOMING,toa=129,norm,mt,0,voc,noevp,,cli=1,,0] 

04-18 11:39:07.260 D/GSM     ( 1591): [GSMConn] update: parent=ACTIVE, hasNewParent=false, wasConnectingInOrOut=false, wasHolding=false, isConnectingInOrOut=false, changed=false

04-18 11:39:07.269 D/GSM     ( 1591): [GSMConn] update: parent=INCOMING, hasNewParent=false, wasConnectingInOrOut=true, wasHolding=false, isConnectingInOrOut=true, changed=false

04-18 11:39:07.601 D/RILC    ( 1474): [UNSL]< UNSOL_RESPONSE_CALL_STATE_CHANGED 

04-18 11:39:07.601 D/RILJ    ( 1591): [UNSL]< UNSOL_RESPONSE_CALL_STATE_CHANGED

04-18 11:39:07.610 D/RILJ    ( 1591): [0398]> GET_CURRENT_CALLS

04-18 11:39:07.620 D/RILC    ( 1474): [0398]> GET_CURRENT_CALLS 

04-18 11:39:07.620 D/RIL     ( 1474): onRequest: GET_CURRENT_CALLS

04-18 11:39:07.620 D/AT      ( 1474): AT> AT+CLCC

04-18 11:39:07.629 D/AT      ( 1474): AT< +CLCC: 1,0,0,0,0,"13701680906",129

04-18 11:39:07.629 D/AT      ( 1474): AT< +CLCC: 2,1,4,0,0,"02150806223",129

04-18 11:39:07.629 D/AT      ( 1474): AT< OK

04-18 11:39:07.629 D/RILC    ( 1474): [0398]< GET_CURRENT_CALLS {[id=1,ACTIVE,toa=129,norm,mo,als=0,voc,noevp,13701680906,cli=0,name='(null)',0][id=2,INCOMING,toa=129,norm,mt,als=0,voc,noevp,02150806223,cli=0,name='(null)',0}

04-18 11:39:07.629 D/RILJ    ( 1591): InCall VoicePrivacy is disabled

04-18 11:39:07.629 D/RILJ    ( 1591): InCall VoicePrivacy is disabled

04-18 11:39:07.639 D/RILJ    ( 1591): [0398]< GET_CURRENT_CALLS  [id=1,ACTIVE,toa=129,norm,mo,0,voc,noevp,,cli=1,,0] [id=2,INCOMING,toa=129,norm,mt,0,voc,noevp,,cli=1,,0] 

04-18 11:39:07.649 D/RILC    ( 1474): [UNSL]< UNSOL_RESPONSE_CALL_STATE_CHANGED 

04-18 11:39:07.659 D/RILJ    ( 1591): [UNSL]< UNSOL_RESPONSE_CALL_STATE_CHANGED

04-18 11:39:07.669 D/GSM     ( 1591): [GSMConn] update: parent=ACTIVE, hasNewParent=false, wasConnectingInOrOut=false, wasHolding=false, isConnectingInOrOut=false, changed=false

04-18 11:39:07.669 D/GSM     ( 1591): [GSMConn] update: parent=INCOMING, hasNewParent=false, wasConnectingInOrOut=true, wasHolding=false, isConnectingInOrOut=true, changed=false

04-18 11:39:07.680 D/RILJ    ( 1591): [0399]> GET_CURRENT_CALLS

04-18 11:39:07.729 D/RILC    ( 1474): [0399]> GET_CURRENT_CALLS 

04-18 11:39:07.729 D/RIL     ( 1474): onRequest: GET_CURRENT_CALLS

04-18 11:39:07.729 D/AT      ( 1474): AT> AT+CLCC

04-18 11:39:07.740 D/AT      ( 1474): AT< +CLCC: 1,0,0,0,0,"13701680906",129

04-18 11:39:07.740 D/AT      ( 1474): AT< +CLCC: 2,1,4,0,0,"02150806223",129

04-18 11:39:07.740 D/AT      ( 1474): AT< OK

04-18 11:39:07.740 D/RILC    ( 1474): [0399]< GET_CURRENT_CALLS {[id=1,ACTIVE,toa=129,norm,mo,als=0,voc,noevp,13701680906,cli=0,name='(null)',0][id=2,INCOMING,toa=129,norm,mt,als=0,voc,noevp,02150806223,cli=0,name='(null)',0}

04-18 11:39:07.749 D/RILJ    ( 1591): InCall VoicePrivacy is disabled

04-18 11:39:07.749 D/RILJ    ( 1591): InCall VoicePrivacy is disabled

04-18 11:39:07.749 D/RILJ    ( 1591): [0399]< GET_CURRENT_CALLS  [id=1,ACTIVE,toa=129,norm,mo,0,voc,noevp,,cli=1,,0] [id=2,INCOMING,toa=129,norm,mt,0,voc,noevp,,cli=1,,0] 

04-18 11:39:07.759 D/RILC    ( 1474): [UNSL]< UNSOL_RESPONSE_CALL_STATE_CHANGED 

04-18 11:39:07.759 D/RILJ    ( 1591): [UNSL]< UNSOL_RESPONSE_CALL_STATE_CHANGED

04-18 11:39:07.779 D/GSM     ( 1591): [GSMConn] update: parent=ACTIVE, hasNewParent=false, wasConnectingInOrOut=false, wasHolding=false, isConnectingInOrOut=false, changed=false

04-18 11:39:07.789 D/GSM     ( 1591): [GSMConn] update: parent=INCOMING, hasNewParent=false, wasConnectingInOrOut=true, wasHolding=false, isConnectingInOrOut=true, changed=false

04-18 11:39:07.789 D/RILJ    ( 1591): [0400]> GET_CURRENT_CALLS

04-18 11:39:07.800 D/RILC    ( 1474): [0400]> GET_CURRENT_CALLS 

04-18 11:39:07.800 D/RIL     ( 1474): onRequest: GET_CURRENT_CALLS

04-18 11:39:07.800 D/AT      ( 1474): AT> AT+CLCC

04-18 11:39:07.800 D/AT      ( 1474): AT< +CLCC: 1,0,0,0,0,"13701680906",129

04-18 11:39:07.800 D/AT      ( 1474): AT< +CLCC: 2,1,4,0,0,"02150806223",129

04-18 11:39:07.800 D/AT      ( 1474): AT< OK

04-18 11:39:07.800 D/RILC    ( 1474): [0400]< GET_CURRENT_CALLS {[id=1,ACTIVE,toa=129,norm,mo,als=0,voc,noevp,13701680906,cli=0,name='(null)',0][id=2,INCOMING,toa=129,norm,mt,als=0,voc,noevp,02150806223,cli=0,name='(null)',0}

04-18 11:39:07.800 D/RILJ    ( 1591): InCall VoicePrivacy is disabled

04-18 11:39:07.800 D/RILJ    ( 1591): InCall VoicePrivacy is disabled

04-18 11:39:07.800 D/RILJ    ( 1591): [0400]< GET_CURRENT_CALLS  [id=1,ACTIVE,toa=129,norm,mo,0,voc,noevp,,cli=1,,0] [id=2,INCOMING,toa=129,norm,mt,0,voc,noevp,,cli=1,,0] 

04-18 11:39:07.829 D/GSM     ( 1591): [GSMConn] update: parent=ACTIVE, hasNewParent=false, wasConnectingInOrOut=false, wasHolding=false, isConnectingInOrOut=false, changed=false

04-18 11:39:07.829 D/GSM     ( 1591): [GSMConn] update: parent=INCOMING, hasNewParent=false, wasConnectingInOrOut=true, wasHolding=false, isConnectingInOrOut=true, changed=false

04-18 11:39:08.129 D/RILC    ( 1474): [UNSL]< UNSOL_RESPONSE_CALL_STATE_CHANGED 

04-18 11:39:08.129 D/RILJ    ( 1591): [UNSL]< UNSOL_RESPONSE_CALL_STATE_CHANGED

04-18 11:39:08.139 D/RILJ    ( 1591): [0401]> GET_CURRENT_CALLS

04-18 11:39:08.149 D/RILC    ( 1474): [0401]> GET_CURRENT_CALLS 

04-18 11:39:08.149 D/RIL     ( 1474): onRequest: GET_CURRENT_CALLS

04-18 11:39:08.149 D/AT      ( 1474): AT> AT+CLCC

04-18 11:39:08.149 D/AT      ( 1474): AT< +CLCC: 1,0,0,0,0,"13701680906",129

04-18 11:39:08.149 D/AT      ( 1474): AT< +CLCC: 2,1,4,0,0,"02150806223",129

04-18 11:39:08.149 D/AT      ( 1474): AT< OK

04-18 11:39:08.149 D/RILC    ( 1474): [0401]< GET_CURRENT_CALLS {[id=1,ACTIVE,toa=129,norm,mo,als=0,voc,noevp,13701680906,cli=0,name='(null)',0][id=2,INCOMING,toa=129,norm,mt,als=0,voc,noevp,02150806223,cli=0,name='(null)',0}

04-18 11:39:08.149 D/RILJ    ( 1591): InCall VoicePrivacy is disabled

04-18 11:39:08.149 D/RILJ    ( 1591): InCall VoicePrivacy is disabled

04-18 11:39:08.160 D/RILJ    ( 1591): [0401]< GET_CURRENT_CALLS  [id=1,ACTIVE,toa=129,norm,mo,0,voc,noevp,,cli=1,,0] [id=2,INCOMING,toa=129,norm,mt,0,voc,noevp,,cli=1,,0] 

04-18 11:39:08.160 D/GSM     ( 1591): [GSMConn] update: parent=ACTIVE, hasNewParent=false, wasConnectingInOrOut=false, wasHolding=false, isConnectingInOrOut=false, changed=false

04-18 11:39:08.170 D/GSM     ( 1591): [GSMConn] update: parent=INCOMING, hasNewParent=false, wasConnectingInOrOut=true, wasHolding=false, isConnectingInOrOut=true, changed=false

04-18 11:39:08.239 D/RILC    ( 1474): [UNSL]< UNSOL_RESPONSE_CALL_STATE_CHANGED 

04-18 11:39:08.249 D/RILJ    ( 1591): [UNSL]< UNSOL_RESPONSE_CALL_STATE_CHANGED

04-18 11:39:08.249 D/RILJ    ( 1591): [0402]> GET_CURRENT_CALLS

04-18 11:39:08.259 D/RILC    ( 1474): [0402]> GET_CURRENT_CALLS 

04-18 11:39:08.259 D/RIL     ( 1474): onRequest: GET_CURRENT_CALLS

04-18 11:39:08.259 D/AT      ( 1474): AT> AT+CLCC

04-18 11:39:08.259 D/AT      ( 1474): AT< +CLCC: 1,0,0,0,0,"13701680906",129

04-18 11:39:08.259 D/AT      ( 1474): AT< +CLCC: 2,1,4,0,0,"02150806223",129

04-18 11:39:08.259 D/AT      ( 1474): AT< OK

04-18 11:39:08.259 D/RILC    ( 1474): [0402]< GET_CURRENT_CALLS {[id=1,ACTIVE,toa=129,norm,mo,als=0,voc,noevp,13701680906,cli=0,name='(null)',0][id=2,INCOMING,toa=129,norm,mt,als=0,voc,noevp,02150806223,cli=0,name='(null)',0}

04-18 11:39:08.259 D/RILJ    ( 1591): InCall VoicePrivacy is disabled

04-18 11:39:08.259 D/RILJ    ( 1591): InCall VoicePrivacy is disabled

04-18 11:39:08.269 D/RILJ    ( 1591): [0402]< GET_CURRENT_CALLS  [id=1,ACTIVE,toa=129,norm,mo,0,voc,noevp,,cli=1,,0] [id=2,INCOMING,toa=129,norm,mt,0,voc,noevp,,cli=1,,0] 

04-18 11:39:08.280 D/GSM     ( 1591): [GSMConn] update: parent=ACTIVE, hasNewParent=false, wasConnectingInOrOut=false, wasHolding=false, isConnectingInOrOut=false, changed=false

04-18 11:39:08.280 D/GSM     ( 1591): [GSMConn] update: parent=INCOMING, hasNewParent=false, wasConnectingInOrOut=true, wasHolding=false, isConnectingInOrOut=true, changed=false

04-18 11:39:08.305 D/RILC    ( 1474): [UNSL]< UNSOL_RESPONSE_CALL_STATE_CHANGED 

04-18 11:39:08.305 D/RILJ    ( 1591): [UNSL]< UNSOL_RESPONSE_CALL_STATE_CHANGED

04-18 11:39:08.305 D/RILJ    ( 1591): [0403]> GET_CURRENT_CALLS

04-18 11:39:08.309 D/RILC    ( 1474): [0403]> GET_CURRENT_CALLS 

04-18 11:39:08.309 D/RIL     ( 1474): onRequest: GET_CURRENT_CALLS

04-18 11:39:08.309 D/AT      ( 1474): AT> AT+CLCC

04-18 11:39:08.319 D/AT      ( 1474): AT< +CLCC: 1,0,0,0,0,"13701680906",129

04-18 11:39:08.319 D/AT      ( 1474): AT< +CLCC: 2,1,4,0,0,"02150806223",129

04-18 11:39:08.319 D/AT      ( 1474): AT< OK

04-18 11:39:08.319 D/RILC    ( 1474): [0403]< GET_CURRENT_CALLS {[id=1,ACTIVE,toa=129,norm,mo,als=0,voc,noevp,13701680906,cli=0,name='(null)',0][id=2,INCOMING,toa=129,norm,mt,als=0,voc,noevp,02150806223,cli=0,name='(null)',0}

04-18 11:39:08.319 D/RILJ    ( 1591): InCall VoicePrivacy is disabled

04-18 11:39:08.319 D/RILJ    ( 1591): InCall VoicePrivacy is disabled

04-18 11:39:08.319 D/RILJ    ( 1591): [0403]< GET_CURRENT_CALLS  [id=1,ACTIVE,toa=129,norm,mo,0,voc,noevp,,cli=1,,0] [id=2,INCOMING,toa=129,norm,mt,0,voc,noevp,,cli=1,,0] 

04-18 11:39:08.340 D/GSM     ( 1591): [GSMConn] update: parent=ACTIVE, hasNewParent=false, wasConnectingInOrOut=false, wasHolding=false, isConnectingInOrOut=false, changed=false

04-18 11:39:08.340 D/GSM     ( 1591): [GSMConn] update: parent=INCOMING, hasNewParent=false, wasConnectingInOrOut=true, wasHolding=false, isConnectingInOrOut=true, changed=false

04-18 11:39:08.654 D/RILC    ( 1474): [UNSL]< UNSOL_RESPONSE_CALL_STATE_CHANGED 

04-18 11:39:08.659 D/RILJ    ( 1591): [UNSL]< UNSOL_RESPONSE_CALL_STATE_CHANGED

04-18 11:39:08.659 D/RILJ    ( 1591): [0404]> GET_CURRENT_CALLS

04-18 11:39:08.669 D/RILC    ( 1474): [0404]> GET_CURRENT_CALLS 

04-18 11:39:08.669 D/RIL     ( 1474): onRequest: GET_CURRENT_CALLS

04-18 11:39:08.669 D/AT      ( 1474): AT> AT+CLCC

04-18 11:39:08.680 D/AT      ( 1474): AT< +CLCC: 1,0,0,0,0,"13701680906",129

04-18 11:39:08.680 D/AT      ( 1474): AT< +CLCC: 2,1,4,0,0,"02150806223",129

04-18 11:39:08.680 D/AT      ( 1474): AT< OK

04-18 11:39:08.680 D/RILC    ( 1474): [0404]< GET_CURRENT_CALLS {[id=1,ACTIVE,toa=129,norm,mo,als=0,voc,noevp,13701680906,cli=0,name='(null)',0][id=2,INCOMING,toa=129,norm,mt,als=0,voc,noevp,02150806223,cli=0,name='(null)',0}

04-18 11:39:08.689 D/RILJ    ( 1591): InCall VoicePrivacy is disabled

04-18 11:39:08.689 D/RILJ    ( 1591): InCall VoicePrivacy is disabled

04-18 11:39:08.689 D/RILJ    ( 1591): [0404]< GET_CURRENT_CALLS  [id=1,ACTIVE,toa=129,norm,mo,0,voc,noevp,,cli=1,,0] [id=2,INCOMING,toa=129,norm,mt,0,voc,noevp,,cli=1,,0] 

04-18 11:39:08.710 D/GSM     ( 1591): [GSMConn] update: parent=ACTIVE, hasNewParent=false, wasConnectingInOrOut=false, wasHolding=false, isConnectingInOrOut=false, changed=false

04-18 11:39:08.710 D/GSM     ( 1591): [GSMConn] update: parent=INCOMING, hasNewParent=false, wasConnectingInOrOut=true, wasHolding=false, isConnectingInOrOut=true, changed=false

04-18 11:39:08.760 D/RILC    ( 1474): [UNSL]< UNSOL_RESPONSE_CALL_STATE_CHANGED 

04-18 11:39:08.769 D/RILJ    ( 1591): [UNSL]< UNSOL_RESPONSE_CALL_STATE_CHANGED

04-18 11:39:08.769 D/RILJ    ( 1591): [0405]> GET_CURRENT_CALLS

04-18 11:39:08.789 D/RILC    ( 1474): [0405]> GET_CURRENT_CALLS 

04-18 11:39:08.789 D/RIL     ( 1474): onRequest: GET_CURRENT_CALLS

04-18 11:39:08.789 D/AT      ( 1474): AT> AT+CLCC

04-18 11:39:08.789 D/AT      ( 1474): AT< +CLCC: 1,0,0,0,0,"13701680906",129

04-18 11:39:08.789 D/AT      ( 1474): AT< +CLCC: 2,1,4,0,0,"02150806223",129

04-18 11:39:08.789 D/AT      ( 1474): AT< OK

04-18 11:39:08.789 D/RILC    ( 1474): [0405]< GET_CURRENT_CALLS {[id=1,ACTIVE,toa=129,norm,mo,als=0,voc,noevp,13701680906,cli=0,name='(null)',0][id=2,INCOMING,toa=129,norm,mt,als=0,voc,noevp,02150806223,cli=0,name='(null)',0}

04-18 11:39:08.799 D/RILJ    ( 1591): InCall VoicePrivacy is disabled

04-18 11:39:08.799 D/RILJ    ( 1591): InCall VoicePrivacy is disabled

04-18 11:39:08.799 D/RILJ    ( 1591): [0405]< GET_CURRENT_CALLS  [id=1,ACTIVE,toa=129,norm,mo,0,voc,noevp,,cli=1,,0] [id=2,INCOMING,toa=129,norm,mt,0,voc,noevp,,cli=1,,0] 

04-18 11:39:08.820 D/RILC    ( 1474): [UNSL]< UNSOL_RESPONSE_CALL_STATE_CHANGED 

04-18 11:39:08.820 D/RILJ    ( 1591): [UNSL]< UNSOL_RESPONSE_CALL_STATE_CHANGED

04-18 11:39:08.849 D/GSM     ( 1591): [GSMConn] update: parent=ACTIVE, hasNewParent=false, wasConnectingInOrOut=false, wasHolding=false, isConnectingInOrOut=false, changed=false

04-18 11:39:08.849 D/GSM     ( 1591): [GSMConn] update: parent=INCOMING, hasNewParent=false, wasConnectingInOrOut=true, wasHolding=false, isConnectingInOrOut=true, changed=false

04-18 11:39:08.849 D/RILJ    ( 1591): [0406]> GET_CURRENT_CALLS

04-18 11:39:08.859 D/RILC    ( 1474): [0406]> GET_CURRENT_CALLS 

04-18 11:39:08.859 D/RIL     ( 1474): onRequest: GET_CURRENT_CALLS

04-18 11:39:08.859 D/AT      ( 1474): AT> AT+CLCC

04-18 11:39:08.869 D/AT      ( 1474): AT< +CLCC: 1,0,0,0,0,"13701680906",129

04-18 11:39:08.869 D/AT      ( 1474): AT< +CLCC: 2,1,4,0,0,"02150806223",129

04-18 11:39:08.869 D/AT      ( 1474): AT< OK

04-18 11:39:08.869 D/RILC    ( 1474): [0406]< GET_CURRENT_CALLS {[id=1,ACTIVE,toa=129,norm,mo,als=0,voc,noevp,13701680906,cli=0,name='(null)',0][id=2,INCOMING,toa=129,norm,mt,als=0,voc,noevp,02150806223,cli=0,name='(null)',0}

04-18 11:39:08.869 D/RILJ    ( 1591): InCall VoicePrivacy is disabled

04-18 11:39:08.869 D/RILJ    ( 1591): InCall VoicePrivacy is disabled

04-18 11:39:08.869 D/RILJ    ( 1591): [0406]< GET_CURRENT_CALLS  [id=1,ACTIVE,toa=129,norm,mo,0,voc,noevp,,cli=1,,0] [id=2,INCOMING,toa=129,norm,mt,0,voc,noevp,,cli=1,,0] 

04-18 11:39:08.889 D/GSM     ( 1591): [GSMConn] update: parent=ACTIVE, hasNewParent=false, wasConnectingInOrOut=false, wasHolding=false, isConnectingInOrOut=false, changed=false

04-18 11:39:08.889 D/GSM     ( 1591): [GSMConn] update: parent=INCOMING, hasNewParent=false, wasConnectingInOrOut=true, wasHolding=false, isConnectingInOrOut=true, changed=false

04-18 11:39:09.189 D/RILC    ( 1474): [UNSL]< UNSOL_RESPONSE_CALL_STATE_CHANGED 

04-18 11:39:09.189 D/RILJ    ( 1591): [UNSL]< UNSOL_RESPONSE_CALL_STATE_CHANGED

04-18 11:39:09.189 D/RILJ    ( 1591): [0407]> GET_CURRENT_CALLS

04-18 11:39:09.199 D/RILC    ( 1474): [0407]> GET_CURRENT_CALLS 

04-18 11:39:09.199 D/RIL     ( 1474): onRequest: GET_CURRENT_CALLS

04-18 11:39:09.199 D/AT      ( 1474): AT> AT+CLCC

04-18 11:39:09.209 D/AT      ( 1474): AT< +CLCC: 1,0,0,0,0,"13701680906",129

04-18 11:39:09.219 D/AT      ( 1474): AT< +CLCC: 2,1,4,0,0,"02150806223",129

04-18 11:39:09.219 D/AT      ( 1474): AT< OK

04-18 11:39:09.219 D/RILC    ( 1474): [0407]< GET_CURRENT_CALLS {[id=1,ACTIVE,toa=129,norm,mo,als=0,voc,noevp,13701680906,cli=0,name='(null)',0][id=2,INCOMING,toa=129,norm,mt,als=0,voc,noevp,02150806223,cli=0,name='(null)',0}

04-18 11:39:09.219 D/RILJ    ( 1591): InCall VoicePrivacy is disabled

04-18 11:39:09.219 D/RILJ    ( 1591): InCall VoicePrivacy is disabled

04-18 11:39:09.219 D/RILJ    ( 1591): [0407]< GET_CURRENT_CALLS  [id=1,ACTIVE,toa=129,norm,mo,0,voc,noevp,,cli=1,,0] [id=2,INCOMING,toa=129,norm,mt,0,voc,noevp,,cli=1,,0] 

04-18 11:39:09.240 D/GSM     ( 1591): [GSMConn] update: parent=ACTIVE, hasNewParent=false, wasConnectingInOrOut=false, wasHolding=false, isConnectingInOrOut=false, changed=false

04-18 11:39:09.240 D/GSM     ( 1591): [GSMConn] update: parent=INCOMING, hasNewParent=false, wasConnectingInOrOut=true, wasHolding=false, isConnectingInOrOut=true, changed=false

04-18 11:39:09.300 D/RILC    ( 1474): [UNSL]< UNSOL_RESPONSE_CALL_STATE_CHANGED 

04-18 11:39:09.300 D/RILJ    ( 1591): [UNSL]< UNSOL_RESPONSE_CALL_STATE_CHANGED

04-18 11:39:09.300 D/RILJ    ( 1591): [0408]> GET_CURRENT_CALLS

04-18 11:39:09.300 D/RILC    ( 1474): [0408]> GET_CURRENT_CALLS 

04-18 11:39:09.300 D/RIL     ( 1474): onRequest: GET_CURRENT_CALLS

04-18 11:39:09.300 D/AT      ( 1474): AT> AT+CLCC

04-18 11:39:09.310 D/AT      ( 1474): AT< +CLCC: 1,0,0,0,0,"13701680906",129

04-18 11:39:09.310 D/AT      ( 1474): AT< +CLCC: 2,1,4,0,0,"02150806223",129

04-18 11:39:09.310 D/AT      ( 1474): AT< OK

04-18 11:39:09.310 D/RILC    ( 1474): [0408]< GET_CURRENT_CALLS {[id=1,ACTIVE,toa=129,norm,mo,als=0,voc,noevp,13701680906,cli=0,name='(null)',0][id=2,INCOMING,toa=129,norm,mt,als=0,voc,noevp,02150806223,cli=0,name='(null)',0}

04-18 11:39:09.310 D/RILJ    ( 1591): InCall VoicePrivacy is disabled

04-18 11:39:09.310 D/RILJ    ( 1591): InCall VoicePrivacy is disabled

04-18 11:39:09.310 D/RILJ    ( 1591): [0408]< GET_CURRENT_CALLS  [id=1,ACTIVE,toa=129,norm,mo,0,voc,noevp,,cli=1,,0] [id=2,INCOMING,toa=129,norm,mt,0,voc,noevp,,cli=1,,0] 

04-18 11:39:09.319 D/GSM     ( 1591): [GSMConn] update: parent=ACTIVE, hasNewParent=false, wasConnectingInOrOut=false, wasHolding=false, isConnectingInOrOut=false, changed=false

04-18 11:39:09.319 D/GSM     ( 1591): [GSMConn] update: parent=INCOMING, hasNewParent=false, wasConnectingInOrOut=true, wasHolding=false, isConnectingInOrOut=true, changed=false

04-18 11:39:09.373 D/RILC    ( 1474): [UNSL]< UNSOL_RESPONSE_CALL_STATE_CHANGED 

04-18 11:39:09.373 D/RILJ    ( 1591): [UNSL]< UNSOL_RESPONSE_CALL_STATE_CHANGED

04-18 11:39:09.379 D/RILJ    ( 1591): [0409]> GET_CURRENT_CALLS

04-18 11:39:09.379 D/RILC    ( 1474): [0409]> GET_CURRENT_CALLS 

04-18 11:39:09.379 D/RIL     ( 1474): onRequest: GET_CURRENT_CALLS

04-18 11:39:09.379 D/AT      ( 1474): AT> AT+CLCC

04-18 11:39:09.379 D/AT      ( 1474): AT< +CLCC: 1,0,0,0,0,"13701680906",129

04-18 11:39:09.389 D/AT      ( 1474): AT< +CLCC: 2,1,4,0,0,"02150806223",129

04-18 11:39:09.389 D/AT      ( 1474): AT< OK

04-18 11:39:09.389 D/RILC    ( 1474): [0409]< GET_CURRENT_CALLS {[id=1,ACTIVE,toa=129,norm,mo,als=0,voc,noevp,13701680906,cli=0,name='(null)',0][id=2,INCOMING,toa=129,norm,mt,als=0,voc,noevp,02150806223,cli=0,name='(null)',0}

04-18 11:39:09.389 D/RILJ    ( 1591): InCall VoicePrivacy is disabled

04-18 11:39:09.389 D/RILJ    ( 1591): InCall VoicePrivacy is disabled

04-18 11:39:09.389 D/RILJ    ( 1591): [0409]< GET_CURRENT_CALLS  [id=1,ACTIVE,toa=129,norm,mo,0,voc,noevp,,cli=1,,0] [id=2,INCOMING,toa=129,norm,mt,0,voc,noevp,,cli=1,,0] 

04-18 11:39:09.399 D/GSM     ( 1591): [GSMConn] update: parent=ACTIVE, hasNewParent=false, wasConnectingInOrOut=false, wasHolding=false, isConnectingInOrOut=false, changed=false

04-18 11:39:09.399 D/GSM     ( 1591): [GSMConn] update: parent=INCOMING, hasNewParent=false, wasConnectingInOrOut=true, wasHolding=false, isConnectingInOrOut=true, changed=false

04-18 11:39:09.720 D/RILC    ( 1474): [UNSL]< UNSOL_RESPONSE_CALL_STATE_CHANGED 

04-18 11:39:09.720 D/RILJ    ( 1591): [UNSL]< UNSOL_RESPONSE_CALL_STATE_CHANGED

04-18 11:39:09.730 D/RILJ    ( 1591): [0410]> GET_CURRENT_CALLS

04-18 11:39:09.739 D/RILC    ( 1474): [0410]> GET_CURRENT_CALLS 

04-18 11:39:09.739 D/RIL     ( 1474): onRequest: GET_CURRENT_CALLS

04-18 11:39:09.739 D/AT      ( 1474): AT> AT+CLCC

04-18 11:39:09.749 D/AT      ( 1474): AT< +CLCC: 1,0,0,0,0,"13701680906",129

04-18 11:39:09.749 D/AT      ( 1474): AT< +CLCC: 2,1,4,0,0,"02150806223",129

04-18 11:39:09.749 D/AT      ( 1474): AT< OK

04-18 11:39:09.749 D/RILC    ( 1474): [0410]< GET_CURRENT_CALLS {[id=1,ACTIVE,toa=129,norm,mo,als=0,voc,noevp,13701680906,cli=0,name='(null)',0][id=2,INCOMING,toa=129,norm,mt,als=0,voc,noevp,02150806223,cli=0,name='(null)',0}

04-18 11:39:09.759 D/RILJ    ( 1591): InCall VoicePrivacy is disabled

04-18 11:39:09.759 D/RILJ    ( 1591): InCall VoicePrivacy is disabled

04-18 11:39:09.759 D/RILJ    ( 1591): [0410]< GET_CURRENT_CALLS  [id=1,ACTIVE,toa=129,norm,mo,0,voc,noevp,,cli=1,,0] [id=2,INCOMING,toa=129,norm,mt,0,voc,noevp,,cli=1,,0] 

04-18 11:39:09.780 D/GSM     ( 1591): [GSMConn] update: parent=ACTIVE, hasNewParent=false, wasConnectingInOrOut=false, wasHolding=false, isConnectingInOrOut=false, changed=false

04-18 11:39:09.789 D/GSM     ( 1591): [GSMConn] update: parent=INCOMING, hasNewParent=false, wasConnectingInOrOut=true, wasHolding=false, isConnectingInOrOut=true, changed=false

04-18 11:39:09.809 D/RILC    ( 1474): [UNSL]< UNSOL_RESPONSE_CALL_STATE_CHANGED 

04-18 11:39:09.809 D/RILJ    ( 1591): [UNSL]< UNSOL_RESPONSE_CALL_STATE_CHANGED

04-18 11:39:09.859 D/RILJ    ( 1591): [0411]> GET_CURRENT_CALLS

04-18 11:39:09.870 D/RILC    ( 1474): [0411]> GET_CURRENT_CALLS 

04-18 11:39:09.870 D/RIL     ( 1474): onRequest: GET_CURRENT_CALLS

04-18 11:39:09.870 D/AT      ( 1474): AT> AT+CLCC

04-18 11:39:09.870 D/AT      ( 1474): AT< +CLCC: 1,0,0,0,0,"13701680906",129

04-18 11:39:09.879 D/AT      ( 1474): AT< +CLCC: 2,1,4,0,0,"02150806223",129

04-18 11:39:09.879 D/AT      ( 1474): AT< OK

04-18 11:39:09.879 D/RILC    ( 1474): [0411]< GET_CURRENT_CALLS {[id=1,ACTIVE,toa=129,norm,mo,als=0,voc,noevp,13701680906,cli=0,name='(null)',0][id=2,INCOMING,toa=129,norm,mt,als=0,voc,noevp,02150806223,cli=0,name='(null)',0}

04-18 11:39:09.879 D/RILJ    ( 1591): InCall VoicePrivacy is disabled

04-18 11:39:09.879 D/RILJ    ( 1591): InCall VoicePrivacy is disabled

04-18 11:39:09.879 D/RILJ    ( 1591): [0411]< GET_CURRENT_CALLS  [id=1,ACTIVE,toa=129,norm,mo,0,voc,noevp,,cli=1,,0] [id=2,INCOMING,toa=129,norm,mt,0,voc,noevp,,cli=1,,0] 

04-18 11:39:09.889 D/RILC    ( 1474): [UNSL]< UNSOL_RESPONSE_CALL_STATE_CHANGED 

04-18 11:39:09.900 D/RILJ    ( 1591): [UNSL]< UNSOL_RESPONSE_CALL_STATE_CHANGED

04-18 11:39:09.909 D/GSM     ( 1591): [GSMConn] update: parent=ACTIVE, hasNewParent=false, wasConnectingInOrOut=false, wasHolding=false, isConnectingInOrOut=false, changed=false

04-18 11:39:09.909 D/GSM     ( 1591): [GSMConn] update: parent=INCOMING, hasNewParent=false, wasConnectingInOrOut=true, wasHolding=false, isConnectingInOrOut=true, changed=false

04-18 11:39:09.909 D/RILJ    ( 1591): [0412]> GET_CURRENT_CALLS

04-18 11:39:09.919 D/RILC    ( 1474): [0412]> GET_CURRENT_CALLS 

04-18 11:39:09.919 D/RIL     ( 1474): onRequest: GET_CURRENT_CALLS

04-18 11:39:09.919 D/AT      ( 1474): AT> AT+CLCC

04-18 11:39:09.919 D/AT      ( 1474): AT< +CLCC: 1,0,0,0,0,"13701680906",129

04-18 11:39:09.919 D/AT      ( 1474): AT< +CLCC: 2,1,4,0,0,"02150806223",129

04-18 11:39:09.919 D/AT      ( 1474): AT< OK

04-18 11:39:09.919 D/RILC    ( 1474): [0412]< GET_CURRENT_CALLS {[id=1,ACTIVE,toa=129,norm,mo,als=0,voc,noevp,13701680906,cli=0,name='(null)',0][id=2,INCOMING,toa=129,norm,mt,als=0,voc,noevp,02150806223,cli=0,name='(null)',0}

04-18 11:39:09.919 D/RILJ    ( 1591): InCall VoicePrivacy is disabled

04-18 11:39:09.919 D/RILJ    ( 1591): InCall VoicePrivacy is disabled

04-18 11:39:09.929 D/RILJ    ( 1591): [0412]< GET_CURRENT_CALLS  [id=1,ACTIVE,toa=129,norm,mo,0,voc,noevp,,cli=1,,0] [id=2,INCOMING,toa=129,norm,mt,0,voc,noevp,,cli=1,,0] 

04-18 11:39:09.949 D/GSM     ( 1591): [GSMConn] update: parent=ACTIVE, hasNewParent=false, wasConnectingInOrOut=false, wasHolding=false, isConnectingInOrOut=false, changed=false

04-18 11:39:09.949 D/GSM     ( 1591): [GSMConn] update: parent=INCOMING, hasNewParent=false, wasConnectingInOrOut=true, wasHolding=false, isConnectingInOrOut=true, changed=false

04-18 11:39:10.260 D/RILC    ( 1474): [UNSL]< UNSOL_RESPONSE_CALL_STATE_CHANGED 

04-18 11:39:10.260 D/RILJ    ( 1591): [UNSL]< UNSOL_RESPONSE_CALL_STATE_CHANGED

04-18 11:39:10.260 D/RILJ    ( 1591): [0413]> GET_CURRENT_CALLS

04-18 11:39:10.269 D/RILC    ( 1474): [0413]> GET_CURRENT_CALLS 

04-18 11:39:10.269 D/RIL     ( 1474): onRequest: GET_CURRENT_CALLS

04-18 11:39:10.269 D/AT      ( 1474): AT> AT+CLCC

04-18 11:39:10.269 D/AT      ( 1474): AT< +CLCC: 1,0,0,0,0,"13701680906",129

04-18 11:39:10.279 D/AT      ( 1474): AT< +CLCC: 2,1,4,0,0,"02150806223",129

04-18 11:39:10.279 D/AT      ( 1474): AT< OK

04-18 11:39:10.279 D/RILC    ( 1474): [0413]< GET_CURRENT_CALLS {[id=1,ACTIVE,toa=129,norm,mo,als=0,voc,noevp,13701680906,cli=0,name='(null)',0][id=2,INCOMING,toa=129,norm,mt,als=0,voc,noevp,02150806223,cli=0,name='(null)',0}

04-18 11:39:10.279 D/RILJ    ( 1591): InCall VoicePrivacy is disabled

04-18 11:39:10.279 D/RILJ    ( 1591): InCall VoicePrivacy is disabled

04-18 11:39:10.279 D/RILJ    ( 1591): [0413]< GET_CURRENT_CALLS  [id=1,ACTIVE,toa=129,norm,mo,0,voc,noevp,,cli=1,,0] [id=2,INCOMING,toa=129,norm,mt,0,voc,noevp,,cli=1,,0] 

04-18 11:39:10.289 D/GSM     ( 1591): [GSMConn] update: parent=ACTIVE, hasNewParent=false, wasConnectingInOrOut=false, wasHolding=false, isConnectingInOrOut=false, changed=false

04-18 11:39:10.289 D/GSM     ( 1591): [GSMConn] update: parent=INCOMING, hasNewParent=false, wasConnectingInOrOut=true, wasHolding=false, isConnectingInOrOut=true, changed=false

04-18 11:39:10.380 D/RILC    ( 1474): [UNSL]< UNSOL_RESPONSE_CALL_STATE_CHANGED 

04-18 11:39:10.380 D/RILJ    ( 1591): [UNSL]< UNSOL_RESPONSE_CALL_STATE_CHANGED

04-18 11:39:10.380 D/RILJ    ( 1591): [0414]> GET_CURRENT_CALLS

04-18 11:39:10.389 D/RILC    ( 1474): [0414]> GET_CURRENT_CALLS 

04-18 11:39:10.389 D/RIL     ( 1474): onRequest: GET_CURRENT_CALLS

04-18 11:39:10.389 D/AT      ( 1474): AT> AT+CLCC

04-18 11:39:10.389 D/AT      ( 1474): AT< +CLCC: 1,0,0,0,0,"13701680906",129

04-18 11:39:10.389 D/AT      ( 1474): AT< +CLCC: 2,1,4,0,0,"02150806223",129

04-18 11:39:10.389 D/AT      ( 1474): AT< OK

04-18 11:39:10.389 D/RILC    ( 1474): [0414]< GET_CURRENT_CALLS {[id=1,ACTIVE,toa=129,norm,mo,als=0,voc,noevp,13701680906,cli=0,name='(null)',0][id=2,INCOMING,toa=129,norm,mt,als=0,voc,noevp,02150806223,cli=0,name='(null)',0}

04-18 11:39:10.389 D/RILJ    ( 1591): InCall VoicePrivacy is disabled

04-18 11:39:10.389 D/RILJ    ( 1591): InCall VoicePrivacy is disabled

04-18 11:39:10.389 D/RILJ    ( 1591): [0414]< GET_CURRENT_CALLS  [id=1,ACTIVE,toa=129,norm,mo,0,voc,noevp,,cli=1,,0] [id=2,INCOMING,toa=129,norm,mt,0,voc,noevp,,cli=1,,0] 

04-18 11:39:10.399 D/GSM     ( 1591): [GSMConn] update: parent=ACTIVE, hasNewParent=false, wasConnectingInOrOut=false, wasHolding=false, isConnectingInOrOut=false, changed=false

04-18 11:39:10.399 D/GSM     ( 1591): [GSMConn] update: parent=INCOMING, hasNewParent=false, wasConnectingInOrOut=true, wasHolding=false, isConnectingInOrOut=true, changed=false

04-18 11:39:10.421 D/RILC    ( 1474): [UNSL]< UNSOL_RESPONSE_CALL_STATE_CHANGED 

04-18 11:39:10.429 D/RILJ    ( 1591): [UNSL]< UNSOL_RESPONSE_CALL_STATE_CHANGED

04-18 11:39:10.429 D/RILJ    ( 1591): [0415]> GET_CURRENT_CALLS

04-18 11:39:10.440 D/RILC    ( 1474): [0415]> GET_CURRENT_CALLS 

04-18 11:39:10.440 D/RIL     ( 1474): onRequest: GET_CURRENT_CALLS

04-18 11:39:10.440 D/AT      ( 1474): AT> AT+CLCC

04-18 11:39:10.440 D/AT      ( 1474): AT< +CLCC: 1,0,0,0,0,"13701680906",129

04-18 11:39:10.440 D/AT      ( 1474): AT< +CLCC: 2,1,4,0,0,"02150806223",129

04-18 11:39:10.440 D/AT      ( 1474): AT< OK

04-18 11:39:10.440 D/RILC    ( 1474): [0415]< GET_CURRENT_CALLS {[id=1,ACTIVE,toa=129,norm,mo,als=0,voc,noevp,13701680906,cli=0,name='(null)',0][id=2,INCOMING,toa=129,norm,mt,als=0,voc,noevp,02150806223,cli=0,name='(null)',0}

04-18 11:39:10.440 D/RILJ    ( 1591): InCall VoicePrivacy is disabled

04-18 11:39:10.440 D/RILJ    ( 1591): InCall VoicePrivacy is disabled

04-18 11:39:10.449 D/RILJ    ( 1591): [0415]< GET_CURRENT_CALLS  [id=1,ACTIVE,toa=129,norm,mo,0,voc,noevp,,cli=1,,0] [id=2,INCOMING,toa=129,norm,mt,0,voc,noevp,,cli=1,,0] 

04-18 11:39:10.449 D/GSM     ( 1591): [GSMConn] update: parent=ACTIVE, hasNewParent=false, wasConnectingInOrOut=false, wasHolding=false, isConnectingInOrOut=false, changed=false

04-18 11:39:10.449 D/GSM     ( 1591): [GSMConn] update: parent=INCOMING, hasNewParent=false, wasConnectingInOrOut=true, wasHolding=false, isConnectingInOrOut=true, changed=false

04-18 11:39:10.509 D/AT      ( 1474): AT< RING

04-18 11:39:10.509 D/RILC    ( 1474): [UNSL]< UNSOL_RESPONSE_CALL_STATE_CHANGED 

04-18 11:39:10.509 D/RILJ    ( 1591): [UNSL]< UNSOL_RESPONSE_CALL_STATE_CHANGED

04-18 11:39:10.509 D/RILJ    ( 1591): [0416]> GET_CURRENT_CALLS

04-18 11:39:10.519 D/RILC    ( 1474): [0416]> GET_CURRENT_CALLS 

04-18 11:39:10.519 D/RIL     ( 1474): onRequest: GET_CURRENT_CALLS

04-18 11:39:10.519 D/AT      ( 1474): AT> AT+CLCC

04-18 11:39:10.519 D/AT      ( 1474): AT< +CLCC: 1,0,0,0,0,"13701680906",129

04-18 11:39:10.519 D/AT      ( 1474): AT< +CLCC: 2,1,4,0,0,"02150806223",129

04-18 11:39:10.519 D/AT      ( 1474): AT< OK

04-18 11:39:10.519 D/RILC    ( 1474): [0416]< GET_CURRENT_CALLS {[id=1,ACTIVE,toa=129,norm,mo,als=0,voc,noevp,13701680906,cli=0,name='(null)',0][id=2,INCOMING,toa=129,norm,mt,als=0,voc,noevp,02150806223,cli=0,name='(null)',0}

04-18 11:39:10.519 D/RILJ    ( 1591): InCall VoicePrivacy is disabled

04-18 11:39:10.529 D/RILJ    ( 1591): InCall VoicePrivacy is disabled

04-18 11:39:10.529 D/RILJ    ( 1591): [0416]< GET_CURRENT_CALLS  [id=1,ACTIVE,toa=129,norm,mo,0,voc,noevp,,cli=1,,0] [id=2,INCOMING,toa=129,norm,mt,0,voc,noevp,,cli=1,,0] 

04-18 11:39:10.529 D/GSM     ( 1591): [GSMConn] update: parent=ACTIVE, hasNewParent=false, wasConnectingInOrOut=false, wasHolding=false, isConnectingInOrOut=false, changed=false

04-18 11:39:10.539 D/GSM     ( 1591): [GSMConn] update: parent=INCOMING, hasNewParent=false, wasConnectingInOrOut=true, wasHolding=false, isConnectingInOrOut=true, changed=false

04-18 11:39:10.779 D/RILC    ( 1474): [UNSL]< UNSOL_RESPONSE_CALL_STATE_CHANGED 

04-18 11:39:10.779 D/RILJ    ( 1591): [UNSL]< UNSOL_RESPONSE_CALL_STATE_CHANGED

04-18 11:39:10.809 D/RILJ    ( 1591): [0417]> GET_CURRENT_CALLS

04-18 11:39:10.849 D/RILC    ( 1474): [0417]> GET_CURRENT_CALLS 

04-18 11:39:10.849 D/RIL     ( 1474): onRequest: GET_CURRENT_CALLS

04-18 11:39:10.849 D/AT      ( 1474): AT> AT+CLCC

04-18 11:39:10.849 D/AT      ( 1474): AT< +CLCC: 1,0,0,0,0,"13701680906",129

04-18 11:39:10.849 D/AT      ( 1474): AT< +CLCC: 2,1,4,0,0,"02150806223",129

04-18 11:39:10.849 D/AT      ( 1474): AT< OK

04-18 11:39:10.849 D/RILC    ( 1474): [0417]< GET_CURRENT_CALLS {[id=1,ACTIVE,toa=129,norm,mo,als=0,voc,noevp,13701680906,cli=0,name='(null)',0][id=2,INCOMING,toa=129,norm,mt,als=0,voc,noevp,02150806223,cli=0,name='(null)',0}

04-18 11:39:10.849 D/RILJ    ( 1591): InCall VoicePrivacy is disabled

04-18 11:39:10.849 D/RILJ    ( 1591): InCall VoicePrivacy is disabled

04-18 11:39:10.860 D/RILJ    ( 1591): [0417]< GET_CURRENT_CALLS  [id=1,ACTIVE,toa=129,norm,mo,0,voc,noevp,,cli=1,,0] [id=2,INCOMING,toa=129,norm,mt,0,voc,noevp,,cli=1,,0] 

04-18 11:39:10.879 D/GSM     ( 1591): [GSMConn] update: parent=ACTIVE, hasNewParent=false, wasConnectingInOrOut=false, wasHolding=false, isConnectingInOrOut=false, changed=false

04-18 11:39:10.879 D/GSM     ( 1591): [GSMConn] update: parent=INCOMING, hasNewParent=false, wasConnectingInOrOut=true, wasHolding=false, isConnectingInOrOut=true, changed=false

04-18 11:39:10.889 D/RILC    ( 1474): [UNSL]< UNSOL_RESPONSE_CALL_STATE_CHANGED 

04-18 11:39:10.889 D/RILJ    ( 1591): [UNSL]< UNSOL_RESPONSE_CALL_STATE_CHANGED

04-18 11:39:10.899 D/RILJ    ( 1591): [0418]> GET_CURRENT_CALLS

d
