04-18 11:37:16.930 D/RILJ    ( 1591): [0240]< SIM_IO IccIoResponse sw1:0x90 sw2:0x0

04-18 11:37:16.930 D/GSM     ( 1591): MSISDN: 15821663420

04-18 11:37:16.980 D/AT      ( 1474): AT< +CRSM: 148,4

04-18 11:37:16.980 D/AT      ( 1474): AT< OK

04-18 11:37:16.980 D/RILC    ( 1474): [0241]< SIM_IO {sw1=0x94,sw2=0x4,(null)}

04-18 11:37:16.980 D/RILC    ( 1474): [0242]> SIM_IO (cmd=0xB0,efid=0x6FAD,path=3F007F20,0,0,3,(null),pin2=(null))

04-18 11:37:16.980 D/RIL     ( 1474): onRequest: SIM_IO

04-18 11:37:16.980 D/AT      ( 1474): AT> AT+CRSM=176,28589,0,0,3

04-18 11:37:16.980 D/RILJ    ( 1591): < iccIO:  0x94 0x4 null

04-18 11:37:16.980 D/RILJ    ( 1591): [0241]< SIM_IO IccIoResponse sw1:0x94 sw2:0x4

04-18 11:37:16.990 D/GSM     ( 1591): Invalid or missing EF[MAILBOX]

04-18 11:37:17.100 D/AT      ( 1474): AT< +CRSM: 144,0,"000000"

04-18 11:37:17.100 D/AT      ( 1474): AT< OK

04-18 11:37:17.100 D/RILC    ( 1474): [0242]< SIM_IO {sw1=0x90,sw2=0x0,000000}

04-18 11:37:17.100 D/RILC    ( 1474): [0243]> OPERATOR 

04-18 11:37:17.100 D/RIL     ( 1474): onRequest: OPERATOR

04-18 11:37:17.110 D/AT      ( 1474): AT> AT+COPS=3,0;+COPS?;+COPS=3,2;+COPS?

04-18 11:37:17.110 D/RILJ    ( 1591): < iccIO:  0x90 0x0 000000

04-18 11:37:17.110 D/RILJ    ( 1591): [0242]< SIM_IO IccIoResponse sw1:0x90 sw2:0x0

04-18 11:37:17.110 D/GSM     ( 1591): EF_AD: 000000

04-18 11:37:17.110 D/GSM     ( 1591): SIMRecords: MNC length not present in EF_AD

04-18 11:37:17.120 D/AT      ( 1474): AT< +COPS: 0,0,"CHINA MOBILE",3

04-18 11:37:17.159 D/AT      ( 1474): AT< +COPS: 0,2,"46000",3

04-18 11:37:17.159 D/AT      ( 1474): AT< OK

04-18 11:37:17.159 D/RILC    ( 1474): [0243]< OPERATOR {CHINA MOBILE,CHINA MOBILE,46000}

04-18 11:37:17.159 D/RILC    ( 1474): [0244]> GPRS_REGISTRATION_STATE 

04-18 11:37:17.159 D/RIL     ( 1474): onRequest: GPRS_REGISTRATION_STATE

04-18 11:37:17.159 D/AT      ( 1474): AT> AT+CGREG?

04-18 11:37:17.159 D/RILJ    ( 1591): [0243]< OPERATOR {CHINA MOBILE, CHINA MOBILE, 46000}

04-18 11:37:17.159 D/AT      ( 1474): AT< +CGREG: 2,2

04-18 11:37:17.159 D/AT      ( 1474): AT< OK

04-18 11:37:17.159 D/RILC    ( 1474): [0244]< GPRS_REGISTRATION_STATE {2,(null),(null)}

04-18 11:37:17.159 D/RILC    ( 1474): [0245]> REGISTRATION_STATE 

04-18 11:37:17.159 D/RIL     ( 1474): onRequest: REGISTRATION_STATE

04-18 11:37:17.159 D/AT      ( 1474): AT> AT+CREG?

04-18 11:37:17.159 D/RILJ    ( 1591): [0244]< GPRS_REGISTRATION_STATE {2, null, null}

04-18 11:37:17.159 D/AT      ( 1474): AT< +CREG: 2,1,"18C3","0000F321",3

04-18 11:37:17.159 D/AT      ( 1474): AT< OK

04-18 11:37:17.159 D/RILC    ( 1474): [0245]< REGISTRATION_STATE {1,18c3,f321,2}

04-18 11:37:17.159 D/RILC    ( 1474): [0246]> QUERY_NETWORK_SELECTION_MODE 

04-18 11:37:17.159 D/RIL     ( 1474): onRequest: QUERY_NETWORK_SELECTION_MODE

04-18 11:37:17.159 D/AT      ( 1474): AT> AT+COPS?

04-18 11:37:17.170 D/RILJ    ( 1591): [0245]< REGISTRATION_STATE {1, 18c3, f321, 2}

04-18 11:37:17.170 D/AT      ( 1474): AT< +COPS: 0,2,"46000",3

04-18 11:37:17.170 D/AT      ( 1474): AT< OK

04-18 11:37:17.170 D/RILC    ( 1474): [0246]< QUERY_NETWORK_SELECTION_MODE {0}

04-18 11:37:17.170 D/RILC    ( 1474): [0247]> OPERATOR 

04-18 11:37:17.170 D/RIL     ( 1474): onRequest: OPERATOR

04-18 11:37:17.170 D/AT      ( 1474): AT> AT+COPS=3,0;+COPS?;+COPS=3,2;+COPS?

04-18 11:37:17.170 D/RILJ    ( 1591): [0246]< QUERY_NETWORK_SELECTION_MODE {0}

04-18 11:37:17.170 D/AT      ( 1474): AT< +COPS: 0,0,"CHINA MOBILE",3

04-18 11:37:17.170 D/AT      ( 1474): AT< +COPS: 0,2,"46000",3

04-18 11:37:17.170 D/AT      ( 1474): AT< OK

04-18 11:37:17.170 D/RILC    ( 1474): [0247]< OPERATOR {CHINA MOBILE,CHINA MOBILE,46000}

04-18 11:37:17.170 D/RILC    ( 1474): [0248]> GPRS_REGISTRATION_STATE 

04-18 11:37:17.170 D/RIL     ( 1474): onRequest: GPRS_REGISTRATION_STATE

04-18 11:37:17.170 D/AT      ( 1474): AT> AT+CGREG?

04-18 11:37:17.180 D/RILJ    ( 1591): [0247]< OPERATOR {CHINA MOBILE, CHINA MOBILE, 46000}

04-18 11:37:17.180 D/AT      ( 1474): AT< +CGREG: 2,2

04-18 11:37:17.180 D/AT      ( 1474): AT< OK

04-18 11:37:17.180 D/RILC    ( 1474): [0248]< GPRS_REGISTRATION_STATE {2,(null),(null)}

04-18 11:37:17.180 D/RILC    ( 1474): [0249]> REGISTRATION_STATE 

04-18 11:37:17.180 D/RIL     ( 1474): onRequest: REGISTRATION_STATE

04-18 11:37:17.180 D/AT      ( 1474): AT> AT+CREG?

04-18 11:37:17.180 D/RILJ    ( 1591): [0248]< GPRS_REGISTRATION_STATE {2, null, null}

04-18 11:37:17.180 D/AT      ( 1474): AT< +CREG: 2,1,"18C3","0000F321",3

04-18 11:37:17.180 D/AT      ( 1474): AT< OK

04-18 11:37:17.180 D/RILC    ( 1474): [0249]< REGISTRATION_STATE {1,18c3,f321,2}

04-18 11:37:17.180 D/RILC    ( 1474): [0250]> QUERY_NETWORK_SELECTION_MODE 

04-18 11:37:17.180 D/RIL     ( 1474): onRequest: QUERY_NETWORK_SELECTION_MODE

04-18 11:37:17.180 D/AT      ( 1474): AT> AT+COPS?

04-18 11:37:17.180 D/RILJ    ( 1591): [0249]< REGISTRATION_STATE {1, 18c3, f321, 2}

04-18 11:37:17.180 D/AT      ( 1474): AT< +COPS: 0,2,"46000",3

04-18 11:37:17.200 D/AT      ( 1474): AT< OK

04-18 11:37:17.200 D/RILC    ( 1474): [0250]< QUERY_NETWORK_SELECTION_MODE {0}

04-18 11:37:17.200 D/RILC    ( 1474): [0251]> GET_NEIGHBORING_CELL_IDS 

04-18 11:37:17.200 D/RIL     ( 1474): onRequest: GET_NEIGHBORING_CELL_IDS

04-18 11:37:17.200 D/AT      ( 1474): AT> AT*PSENGI=1

04-18 11:37:17.210 D/RILJ    ( 1591): [0250]< QUERY_NETWORK_SELECTION_MODE {0}

04-18 11:37:17.210 D/AT      ( 1474): AT< *PSNCI: 0

04-18 11:37:17.210 E/RIL     ( 1474): unsupported URC : *PSNCI: 0

04-18 11:37:17.210 D/AT      ( 1474): AT< *PSNCI: 544,-100,-100,0,0,24,65535

04-18 11:37:17.210 E/RIL     ( 1474): unsupported URC : *PSNCI: 544,-100,-100,0,0,24,65535

04-18 11:37:17.210 D/AT      ( 1474): AT< *PSNCI: 512,-100,-100,0,0,22,65535

04-18 11:37:17.210 E/RIL     ( 1474): unsupported URC : *PSNCI: 512,-100,-100,0,0,22,65535

04-18 11:37:17.210 D/AT      ( 1474): AT< *PSNCI: 532,-100,-100,0,0,21,62210

04-18 11:37:17.210 E/RIL     ( 1474): unsupported URC : *PSNCI: 532,-100,-100,0,0,21,62210

04-18 11:37:17.210 D/AT      ( 1474): AT< OK

04-18 11:37:17.210 D/RIL     ( 1474): 0 cells found !

04-18 11:37:17.210 D/RILC    ( 1474): [0251]< GET_NEIGHBORING_CELL_IDS }

04-18 11:37:17.210 D/RILC    ( 1474): [0252]> SIM_IO (cmd=0xB0,efid=0x6F46,path=3F007F20,0,0,17,(null),pin2=(null))

04-18 11:37:17.210 D/RIL     ( 1474): onRequest: SIM_IO

04-18 11:37:17.210 D/AT      ( 1474): AT> AT+CRSM=176,28486,0,0,17

04-18 11:37:17.210 D/RILJ    ( 1591): [0251]< REQUEST_GET_NEIGHBORING_CELL_IDS  

04-18 11:37:17.260 E/GSM     ( 1591): Wrong network type: 0

04-18 11:37:17.260 D/GSM     ( 1591): Poll ServiceState done:  oldSS=[1 home null null null  Unknown CSS not supported -1 -1RoamInd: -1DefRoamInd: -1] newSS=[0 home CHINA MOBILE CHINA MOBILE 46000  Unknown CSS not supported -1 -1RoamInd: -1DefRoamInd: -1] oldGprs=1 newGprs=1 oldType=unknown newType=EDGE

04-18 11:37:17.260 E/GSM     ( 1591): Wrong network type: 0

04-18 11:37:17.260 D/GSM     ( 1591): RAT switched unknown -> EDGE at cell 62241

04-18 11:37:17.280 D/AT      ( 1474): AT< +CRSM: 144,0,"00434D4343FFFFFFFFFFFFFFFFFFFFFFFF"

04-18 11:37:17.280 D/AT      ( 1474): AT< OK

04-18 11:37:17.280 D/RILC    ( 1474): [0252]< SIM_IO {sw1=0x90,sw2=0x0,00434D4343FFFFFFFFFFFFFFFFFFFFFFFF}

04-18 11:37:17.280 D/RILC    ( 1474): [0253]> SIM_IO (cmd=0xB0,efid=0x6F38,path=3F007F20,0,0,9,(null),pin2=(null))

04-18 11:37:17.280 D/RIL     ( 1474): onRequest: SIM_IO

04-18 11:37:17.280 D/AT      ( 1474): AT> AT+CRSM=176,28472,0,0,9

04-18 11:37:17.280 D/RILJ    ( 1591): < iccIO:  0x90 0x0 00434D4343FFFFFFFFFFFFFFFFFFFFFFFF

04-18 11:37:17.280 D/RILJ    ( 1591): [0252]< SIM_IO IccIoResponse sw1:0x90 sw2:0x0

04-18 11:37:17.360 D/AT      ( 1474): AT< +CRSM: 144,0,"FF3FFFFF00003F0300"

04-18 11:37:17.360 D/AT      ( 1474): AT< OK

04-18 11:37:17.360 D/RILC    ( 1474): [0253]< SIM_IO {sw1=0x90,sw2=0x0,FF3FFFFF00003F0300}

04-18 11:37:17.360 D/RILC    ( 1474): [0254]> SIM_IO (cmd=0xB2,efid=0x6F3A,path=3F007F10,190,4,28,(null),pin2=(null))

04-18 11:37:17.360 D/RIL     ( 1474): onRequest: SIM_IO

04-18 11:37:17.360 D/AT      ( 1474): AT> AT+CRSM=178,28474,190,4,28

04-18 11:37:17.360 D/RILJ    ( 1591): < iccIO:  0x90 0x0 FF3FFFFF00003F0300

04-18 11:37:17.360 D/RILJ    ( 1591): [0253]< SIM_IO IccIoResponse sw1:0x90 sw2:0x0

04-18 11:37:17.429 D/AT      ( 1474): AT< +CRSM: 144,0,"8000460046004609090909FFFFFF058101606655FFFFFFFFFFFFFFFF"

04-18 11:37:17.429 D/AT      ( 1474): AT< OK

04-18 11:37:17.429 D/RILC    ( 1474): [0254]< SIM_IO {sw1=0x90,sw2=0x0,8000460046004609090909FFFFFF058101606655FFFFFFFFFFFFFFFF}

04-18 11:37:17.429 D/RILC    ( 1474): [UNSL]< UNSOL_RESTRICTED_STATE_CHANGED {0}

04-18 11:37:17.429 D/RILC    ( 1474): [UNSL]< UNSOL_RESTRICTED_STATE_CHANGED {0}

04-18 11:37:17.429 D/RILJ    ( 1591): < iccIO:  0x90 0x0 8000460046004609090909FFFFFF058101606655FFFFFFFFFFFFFFFF

04-18 11:37:17.429 D/RILJ    ( 1591): [0254]< SIM_IO IccIoResponse sw1:0x90 sw2:0x0

04-18 11:37:17.440 V/RILJ    ( 1591): [UNSL]< UNSOL_RESTRICTED_STATE_CHANGED {0}

04-18 11:37:17.440 V/RILJ    ( 1591): [UNSL]< UNSOL_RESTRICTED_STATE_CHANGED {0}

04-18 11:37:17.610 D/RILJ    ( 1591): [0255]> iccIO: SIM_IO 0xb2 0x6f3a  path: 3F007F10,191,4,28

04-18 11:37:17.610 D/RILC    ( 1474): [0255]> SIM_IO (cmd=0xB2,efid=0x6F3A,path=3F007F10,191,4,28,(null),pin2=(null))

04-18 11:37:17.610 D/RIL     ( 1474): onRequest: SIM_IO

04-18 11:37:17.610 D/AT      ( 1474): AT> AT+CRSM=178,28474,191,4,28

04-18 11:37:17.629 D/GSM     ( 1591): [DSAC DEB] EVENT_RESTRICTED_STATE_CHANGED

04-18 11:37:17.629 D/GSM     ( 1591): [DSAC DEB] onRestrictedStateChanged

04-18 11:37:17.629 D/GSM     ( 1591): [DSAC DEB] current rs at enter Restricted State CS: emergency PS:false

04-18 11:37:17.629 D/GSM     ( 1591): [DSAC DEB] new rs Restricted State CS: none PS:false

04-18 11:37:17.629 D/GSM     ( 1591): [DSAC DEB] create notification 1004

04-18 11:37:17.629 D/AT      ( 1474): AT< +CRSM: 144,0,"8000460046004609090909FFFFFF058101606655FFFFFFFFFFFFFFFF"

04-18 11:37:17.629 D/AT      ( 1474): AT< OK

04-18 11:37:17.629 D/RILC    ( 1474): [0255]< SIM_IO {sw1=0x90,sw2=0x0,8000460046004609090909FFFFFF058101606655FFFFFFFFFFFFFFFF}

04-18 11:37:17.640 D/RILJ    ( 1591): < iccIO:  0x90 0x0 8000460046004609090909FFFFFF058101606655FFFFFFFFFFFFFFFF

04-18 11:37:17.640 D/RILJ    ( 1591): [0255]< SIM_IO IccIoResponse sw1:0x90 sw2:0x0

04-18 11:37:17.689 D/GSM     ( 1591): [DSAC DEB] put notification è®¿é—®å—é™æƒ…å†µå·²å‘ç”Ÿå˜åŒ– / 

04-18 11:37:17.739 D/GSM     ( 1591): [DSAC DEB] current rs at return Restricted State CS: none PS:false

04-18 11:37:17.739 D/GSM     ( 1591): [DSAC DEB] EVENT_RESTRICTED_STATE_CHANGED

04-18 11:37:17.739 D/GSM     ( 1591): [DSAC DEB] onRestrictedStateChanged

04-18 11:37:17.739 D/GSM     ( 1591): [DSAC DEB] current rs at enter Restricted State CS: none PS:false

04-18 11:37:17.739 D/GSM     ( 1591): [DSAC DEB] new rs Restricted State CS: none PS:false

04-18 11:37:17.739 D/GSM     ( 1591): [DSAC DEB] current rs at return Restricted State CS: none PS:false

04-18 11:37:17.780 D/GSM     ( 1591): [SIMRecords] Load EF_SPN: CMCC spnDisplayCondition: 0

04-18 11:37:17.780 D/GSM     ( 1591): SIMRecords: record load complete

04-18 11:37:17.780 D/GSM     ( 1591): [IccCard] Broadcasting intent ACTION_SIM_STATE_CHANGED LOADED reason null

04-18 11:37:17.849 D/RILJ    ( 1591): [0256]> iccIO: SIM_IO 0xb2 0x6f3a  path: 3F007F10,192,4,28

04-18 11:37:18.410 D/GSM     ( 1591): GSMDataConnTrack handleMessage { what=4 when=76587 obj=android.os.AsyncResult@43cc5660 }

04-18 11:37:18.410 D/RILC    ( 1474): [0256]> SIM_IO (cmd=0xB2,efid=0x6F3A,path=3F007F10,192,4,28,(null),pin2=(null))

04-18 11:37:18.410 D/RIL     ( 1474): onRequest: SIM_IO

04-18 11:37:18.410 D/AT      ( 1474): AT> AT+CRSM=178,28474,192,4,28

04-18 11:37:18.530 D/AT      ( 1474): AT< +CRSM: 144,0,"4D4158582043415245204E4FFFFF06818100222699FFFFFFFFFFFFFF"

04-18 11:37:18.530 D/AT      ( 1474): AT< OK

04-18 11:37:18.530 D/RILC    ( 1474): [0256]< SIM_IO {sw1=0x90,sw2=0x0,4D4158582043415245204E4FFFFF06818100222699FFFFFFFFFFFFFF}

04-18 11:37:18.530 D/RILJ    ( 1591): < iccIO:  0x90 0x0 4D4158582043415245204E4FFFFF06818100222699FFFFFFFFFFFFFF

04-18 11:37:18.530 D/RILJ    ( 1591): [0256]< SIM_IO IccIoResponse sw1:0x90 sw2:0x0

04-18 11:37:18.689 D/GSM     ( 1591): Get PreferredAPN

04-18 11:37:19.000 D/RILJ    ( 1591): [0257]> REQUEST_GET_NEIGHBORING_CELL_IDS

04-18 11:37:19.000 D/RILC    ( 1474): [0257]> GET_NEIGHBORING_CELL_IDS 

04-18 11:37:19.000 D/RIL     ( 1474): onRequest: GET_NEIGHBORING_CELL_IDS

04-18 11:37:19.000 D/AT      ( 1474): AT> AT*PSENGI=1

04-18 11:37:19.009 D/AT      ( 1474): AT< *PSNCI: 0

04-18 11:37:19.009 E/RIL     ( 1474): unsupported URC : *PSNCI: 0

04-18 11:37:19.009 D/AT      ( 1474): AT< *PSNCI: 544,-100,-100,0,0,24,65535

04-18 11:37:19.009 E/RIL     ( 1474): unsupported URC : *PSNCI: 544,-100,-100,0,0,24,65535

04-18 11:37:19.009 D/AT      ( 1474): AT< *PSNCI: 512,-100,-100,0,0,22,65535

04-18 11:37:19.009 E/RIL     ( 1474): unsupported URC : *PSNCI: 512,-100,-100,0,0,22,65535

04-18 11:37:19.009 D/AT      ( 1474): AT< *PSNCI: 532,-100,-100,0,0,21,62210

04-18 11:37:19.009 E/RIL     ( 1474): unsupported URC : *PSNCI: 532,-100,-100,0,0,21,62210

04-18 11:37:19.009 D/AT      ( 1474): AT< OK

04-18 11:37:19.009 D/RIL     ( 1474): 0 cells found !

04-18 11:37:19.009 D/RILC    ( 1474): [0257]< GET_NEIGHBORING_CELL_IDS }

04-18 11:37:19.009 D/RILJ    ( 1591): [0257]< REQUEST_GET_NEIGHBORING_CELL_IDS  

04-18 11:37:19.009 D/RILJ    ( 1591): [0258]> iccIO: SIM_IO 0xb2 0x6f3a  path: 3F007F10,193,4,28

04-18 11:37:19.009 D/RILC    ( 1474): [0258]> SIM_IO (cmd=0xB2,efid=0x6F3A,path=3F007F10,193,4,28,(null),pin2=(null))

04-18 11:37:19.009 D/RIL     ( 1474): onRequest: SIM_IO

04-18 11:37:19.009 D/AT      ( 1474): AT> AT+CRSM=178,28474,193,4,28

04-18 11:37:19.040 D/AT      ( 1474): AT< +CRSM: 144,0,"4D4158582043415245204E4FFFFF06818100222699FFFFFFFFFFFFFF"

04-18 11:37:19.040 D/AT      ( 1474): AT< OK

04-18 11:37:19.040 D/RILC    ( 1474): [0258]< SIM_IO {sw1=0x90,sw2=0x0,4D4158582043415245204E4FFFFF06818100222699FFFFFFFFFFFFFF}

04-18 11:37:19.040 D/RILJ    ( 1591): < iccIO:  0x90 0x0 4D4158582043415245204E4FFFFF06818100222699FFFFFFFFFFFFFF

04-18 11:37:19.040 D/RILJ    ( 1591): [0258]< SIM_IO IccIoResponse sw1:0x90 sw2:0x0

04-18 11:37:19.040 D/GSM     ( 1591): GSMDataConnTrack handleMessage { what=5 when=77495 obj=simLoaded }

04-18 11:37:19.050 D/GSM     ( 1591): [GsmDataConnectionTracker] ***trySetupData due to simLoaded

04-18 11:37:19.050 D/GSM     ( 1591): [DSAC DEB] trySetupData with mIsPsRestricted=false

04-18 11:37:19.080 D/AT      ( 1474): AT< *PSUTTZ: 2011,4,18,3,37,19,"+32",0

04-18 11:37:19.080 D/RIL     ( 1474): NITZ line: 2011/4/18,3:37:19+32,0

04-18 11:37:19.090 D/RILC    ( 1474): [UNSL]< UNSOL_NITZ_TIME_RECEIVED {2011/4/18,3:37:19+32,0}

04-18 11:37:19.090 D/AT      ( 1474): AT< +CGREG: 1,"18C3","0000F321",3,"01"

04-18 11:37:19.090 D/RIL     ( 1474): > > PS state: no need to be updated newState=18

04-18 11:37:19.090 D/RIL     ( 1474): restrictionState updated: 0

04-18 11:37:19.090 D/RILC    ( 1474): [UNSL]< UNSOL_RESPONSE_NETWORK_STATE_CHANGED 

04-18 11:37:19.090 D/RILC    ( 1474): [UNSL]< UNSOL_RESTRICTED_STATE_CHANGED {0}

04-18 11:37:19.090 D/RILJ    ( 1591): [UNSL]< UNSOL_NITZ_TIME_RECEIVED 2011/4/18,3:37:19+32,0

04-18 11:37:19.090 D/RILJ    ( 1591): [UNSL]< UNSOL_RESPONSE_NETWORK_STATE_CHANGED

04-18 11:37:19.090 V/RILJ    ( 1591): [UNSL]< UNSOL_RESTRICTED_STATE_CHANGED {0}

04-18 11:37:19.090 D/GSM     ( 1591): [GsmDataConnectionTracker] trySetupData: Not ready for data:  dataState=IDLE gprsState=1 sim=true UMTS=false phoneState=IDLE isDataAllowed=true dataEnabled=true roaming=false dataOnRoamingEnable=false ps restricted=false desiredPowerState=true MasterDataEnabled=true

04-18 11:37:19.090 D/RILJ    ( 1591): [0259]> iccIO: SIM_IO 0xb2 0x6f3a  path: 3F007F10,194,4,28

04-18 11:37:19.100 D/RILC    ( 1474): [0259]> SIM_IO (cmd=0xB2,efid=0x6F3A,path=3F007F10,194,4,28,(null),pin2=(null))

04-18 11:37:19.100 D/RIL     ( 1474): onRequest: SIM_IO

04-18 11:37:19.100 D/AT      ( 1474): AT> AT+CRSM=178,28474,194,4,28

04-18 11:37:19.100 I/GSM     ( 1591): NITZ: 2011/4/18,3:37:19+32,0,77890 start=77903 delay=13

04-18 11:37:19.120 D/AT      ( 1474): AT< +CRSM: 144,0,"4D4158582043415245204E4FFFFF06818100222699FFFFFFFFFFFFFF"

04-18 11:37:19.120 D/AT      ( 1474): AT< OK

04-18 11:37:19.120 D/RILC    ( 1474): [0259]< SIM_IO {sw1=0x90,sw2=0x0,4D4158582043415245204E4FFFFF06818100222699FFFFFFFFFFFFFF}

04-18 11:37:19.210 D/RILJ    ( 1591): < iccIO:  0x90 0x0 4D4158582043415245204E4FFFFF06818100222699FFFFFFFFFFFFFF

04-18 11:37:19.210 D/RILJ    ( 1591): [0259]< SIM_IO IccIoResponse sw1:0x90 sw2:0x0

04-18 11:37:19.300 D/RILJ    ( 1591): [0260]> OPERATOR

04-18 11:37:19.300 D/RILC    ( 1474): [0260]> OPERATOR 

04-18 11:37:19.300 D/RIL     ( 1474): onRequest: OPERATOR

04-18 11:37:19.300 D/AT      ( 1474): AT> AT+COPS=3,0;+COPS?;+COPS=3,2;+COPS?

04-18 11:37:19.300 D/AT      ( 1474): AT< +COPS: 0,0,"CHINA MOBILE",3

04-18 11:37:19.300 D/AT      ( 1474): AT< +COPS: 0,2,"46000",3

04-18 11:37:19.300 D/AT      ( 1474): AT< OK

04-18 11:37:19.300 D/RILC    ( 1474): [0260]< OPERATOR {CHINA MOBILE,CHINA MOBILE,46000}

04-18 11:37:19.310 D/RILJ    ( 1591): [0260]< OPERATOR {CHINA MOBILE, CHINA MOBILE, 46000}

04-18 11:37:19.340 D/RILJ    ( 1591): [0261]> GPRS_REGISTRATION_STATE

04-18 11:37:19.340 D/RILC    ( 1474): [0261]> GPRS_REGISTRATION_STATE 

04-18 11:37:19.340 D/RIL     ( 1474): onRequest: GPRS_REGISTRATION_STATE

04-18 11:37:19.340 D/AT      ( 1474): AT> AT+CGREG?

04-18 11:37:19.340 D/AT      ( 1474): AT< +CGREG: 2,1,"18C3","0000F321",3,"01"

04-18 11:37:19.340 D/AT      ( 1474): AT< OK

04-18 11:37:19.340 D/RILC    ( 1474): [0261]< GPRS_REGISTRATION_STATE {1,18c3,f321,2}

04-18 11:37:19.340 D/RILJ    ( 1591): [0261]< GPRS_REGISTRATION_STATE {1, 18c3, f321, 2}

04-18 11:37:19.359 D/RILJ    ( 1591): [0262]> REGISTRATION_STATE

04-18 11:37:19.369 D/RILC    ( 1474): [0262]> REGISTRATION_STATE 

04-18 11:37:19.369 D/RIL     ( 1474): onRequest: REGISTRATION_STATE

04-18 11:37:19.369 D/AT      ( 1474): AT> AT+CREG?

04-18 11:37:19.369 D/AT      ( 1474): AT< +CREG: 2,1,"18C3","0000F321",3

04-18 11:37:19.369 D/AT      ( 1474): AT< OK

04-18 11:37:19.369 D/RILC    ( 1474): [0262]< REGISTRATION_STATE {1,18c3,f321,2}

04-18 11:37:19.369 D/RILJ    ( 1591): [0262]< REGISTRATION_STATE {1, 18c3, f321, 2}

04-18 11:37:19.379 D/RILJ    ( 1591): [0263]> QUERY_NETWORK_SELECTION_MODE

04-18 11:37:19.419 D/RILC    ( 1474): [0263]> QUERY_NETWORK_SELECTION_MODE 

04-18 11:37:19.419 D/RIL     ( 1474): onRequest: QUERY_NETWORK_SELECTION_MODE

04-18 11:37:19.419 D/AT      ( 1474): AT> AT+COPS?

04-18 11:37:19.430 D/AT      ( 1474): AT< +COPS: 0,2,"46000",3

04-18 11:37:19.430 D/AT      ( 1474): AT< OK

04-18 11:37:19.430 D/RILC    ( 1474): [0263]< QUERY_NETWORK_SELECTION_MODE {0}

04-18 11:37:19.430 D/RILJ    ( 1591): [0263]< QUERY_NETWORK_SELECTION_MODE {0}

04-18 11:37:19.430 D/GSM     ( 1591): [DSAC DEB] EVENT_RESTRICTED_STATE_CHANGED

04-18 11:37:19.430 D/GSM     ( 1591): [DSAC DEB] onRestrictedStateChanged

04-18 11:37:19.430 D/GSM     ( 1591): [DSAC DEB] current rs at enter Restricted State CS: none PS:false

04-18 11:37:19.430 D/GSM     ( 1591): [DSAC DEB] new rs Restricted State CS: none PS:false

04-18 11:37:19.430 D/GSM     ( 1591): [DSAC DEB] current rs at return Restricted State CS: none PS:false

04-18 11:37:19.430 D/RILJ    ( 1591): [0264]> iccIO: SIM_IO 0xb2 0x6f3a  path: 3F007F10,195,4,28

04-18 11:37:19.440 D/RILC    ( 1474): [0264]> SIM_IO (cmd=0xB2,efid=0x6F3A,path=3F007F10,195,4,28,(null),pin2=(null))

04-18 11:37:19.440 D/RIL     ( 1474): onRequest: SIM_IO

04-18 11:37:19.440 D/AT      ( 1474): AT> AT+CRSM=178,28474,195,4,28

04-18 11:37:19.440 D/GSM     ( 1591): Poll ServiceState done:  oldSS=[0 home CHINA MOBILE CHINA MOBILE 46000  Unknown CSS not supported -1 -1RoamInd: -1DefRoamInd: -1] newSS=[0 home CHINA MOBILE CHINA MOBILE 46000  EDGE CSS not supported -1 -1RoamInd: -1DefRoamInd: -1] oldGprs=1 newGprs=0 oldType=EDGE newType=EDGE

04-18 11:37:19.460 D/AT      ( 1474): AT< +CRSM: 144,0,"4D4158582043415245204E4FFFFF06818100222699FFFFFFFFFFFFFF"

04-18 11:37:19.460 D/AT      ( 1474): AT< OK

04-18 11:37:19.460 D/RILC    ( 1474): [0264]< SIM_IO {sw1=0x90,sw2=0x0,4D4158582043415245204E4FFFFF06818100222699FFFFFFFFFFFFFF}

04-18 11:37:19.460 D/RILJ    ( 1591): < iccIO:  0x90 0x0 4D4158582043415245204E4FFFFF06818100222699FFFFFFFFFFFFFF

04-18 11:37:19.460 D/RILJ    ( 1591): [0264]< SIM_IO IccIoResponse sw1:0x90 sw2:0x0

04-18 11:37:19.530 D/RILJ    ( 1591): [0265]> iccIO: SIM_IO 0xb2 0x6f3a  path: 3F007F10,196,4,28

04-18 11:37:19.530 D/RILC    ( 1474): [0265]> SIM_IO (cmd=0xB2,efid=0x6F3A,path=3F007F10,196,4,28,(null),pin2=(null))

04-18 11:37:19.530 D/RIL     ( 1474): onRequest: SIM_IO

04-18 11:37:19.530 D/AT      ( 1474): AT> AT+CRSM=178,28474,196,4,28

04-18 11:37:19.550 D/GSM     ( 1591): GSMDataConnTrack handleMessage { what=26 when=78334 obj=android.os.AsyncResult@43c844d0 }

04-18 11:37:19.550 D/GSM     ( 1591): [GsmDataConnectionTracker] ***trySetupData due to gprsAttached

04-18 11:37:19.550 D/GSM     ( 1591): [DSAC DEB] trySetupData with mIsPsRestricted=false

04-18 11:37:19.550 I/GSM     ( 1591): Preferred APN:46002:46002:ä¸­å›½ç§»åŠ¨å› ç‰¹ç½‘è®¾ç½®, 50, 46002, cmnet, null, null, null, null, null, -1, default

04-18 11:37:19.550 I/GSM     ( 1591): Waiting APN set to preferred APN

04-18 11:37:19.560 D/AT      ( 1474): AT< +CRSM: 144,0,"4D4158582043415245204E4FFFFF06818100222699FFFFFFFFFFFFFF"

04-18 11:37:19.560 D/AT      ( 1474): AT< OK

04-18 11:37:19.560 D/RILC    ( 1474): [0265]< SIM_IO {sw1=0x90,sw2=0x0,4D4158582043415245204E4FFFFF06818100222699FFFFFFFFFFFFFF}

04-18 11:37:19.560 D/RILJ    ( 1591): < iccIO:  0x90 0x0 4D4158582043415245204E4FFFFF06818100222699FFFFFFFFFFFFFF

04-18 11:37:19.560 D/RILJ    ( 1591): [0265]< SIM_IO IccIoResponse sw1:0x90 sw2:0x0

04-18 11:37:19.590 D/GSM     ( 1591): [GsmDataConnectionTracker] Create from allApns : [ä¸­å›½ç§»åŠ¨å› ç‰¹ç½‘è®¾ç½®, 50, 46002, cmnet, null, null, null, null, null, -1, default][ä¸­å›½ç§»åŠ¨WAPè®¾ç½®, 51, 46002, cmwap, 10.0.0.172, null, null, null, 80, -1, default][ä¸­å›½ç§»åŠ¨å½©ä¿¡è®¾ç½®, 52, 46002, cmwap, 10.0.0.172, http://mmsc.monternet.com, 10.0.0.172, 80, 80, -1, mms]

04-18 11:37:19.590 D/GSM     ( 1591): [GsmDataConnectionTracker] Setup waitngApns : [ä¸­å›½ç§»åŠ¨å› ç‰¹ç½‘è®¾ç½®, 50, 46002, cmnet, null, null, null, null, null, -1, default]

04-18 11:37:19.590 D/GSM     ( 1591): [PdpConnection] DataConnection.getState()

04-18 11:37:19.590 D/GSM     ( 1591): [PdpConnection] Connecting to carrier: 'ä¸­å›½ç§»åŠ¨å› ç‰¹ç½‘è®¾ç½®' APN: 'cmnet' proxy: 'null' port: 'null

04-18 11:37:19.590 D/RILJ    ( 1591): [0266]> SETUP_DATA_CALL 1 0 cmnet null null 0

04-18 11:37:19.590 D/RILC    ( 1474): [0266]> SETUP_DATA_CALL (1,0,cmnet,(null),(null),0)

04-18 11:37:19.590 D/RIL     ( 1474): onRequest: SETUP_DATA_CALL

04-18 11:37:19.590 D/RIL     ( 1474): ifconfig: addr: pdp_ip0

04-18 11:37:19.609 D/GSM     ( 1591): [GsmDataConnectionTracker] setState: INITING

04-18 11:37:19.690 D/RILJ    ( 1591): [0267]> iccIO: SIM_IO 0xb2 0x6f3a  path: 3F007F10,197,4,28

04-18 11:37:19.710 D/RIL     ( 1474): ifconfig: addr: pdp_ip0

04-18 11:37:19.710 D/AT      ( 1474): AT> ATE0

04-18 11:37:19.710 D/AT      ( 1474): AT< OK

04-18 11:37:19.710 D/AT      ( 1474): AT> AT+CGDCONT=1,"IP","cmnet"

04-18 11:37:19.710 D/AT      ( 1474): AT< OK

04-18 11:37:19.710 D/AT      ( 1474): AT> AT*IPRIC=1,0

04-18 11:37:19.710 D/AT      ( 1474): AT< OK

04-18 11:37:19.710 D/AT      ( 1474): AT> AT*IPDNS=1,1

04-18 11:37:19.710 D/AT      ( 1474): AT< OK

04-18 11:37:19.710 D/AT      ( 1474): AT> AT*IPACT=1,1

04-18 11:37:20.130 D/RILJ    ( 1591): [0268]> SCREEN_STATE: true

04-18 11:37:20.140 D/GSM     ( 1591): [DataConnection] Stop poll NetStat

04-18 11:37:20.760 D/AT      ( 1474): AT< OK

04-18 11:37:20.760 D/AT      ( 1474): AT> AT*IPCONFIG?

04-18 11:37:20.760 D/AT      ( 1474): AT< *IPCONFIG: 1,"10.68.32.192","211.136.112.50","211.136.150.66","",""

04-18 11:37:20.760 D/AT      ( 1474): AT< OK

04-18 11:37:20.760 D/RIL     ( 1474): IP address got:10.68.32.192

04-18 11:37:20.760 D/RIL     ( 1474): ifconfig: addr: pdp_ip0

04-18 11:37:20.760 D/RIL     ( 1474): ifconfig: addr: pdp_ip0

04-18 11:37:20.760 D/RIL     ( 1474): pdp_ip0: ip 10.68.32.192 mask 255.255.255.255 flags [

04-18 11:37:20.760 D/RIL     ( 1474): up point-to-point running]

04-18 11:37:20.760 D/RIL     ( 1474): route add default dev pdp_ip0

04-18 11:37:20.760 D/RIL     ( 1474): route, settings applied successfully

04-18 11:37:20.760 D/RILC    ( 1474): [0266]< SETUP_DATA_CALL {1,pdp_ip0,10.68.32.192}

04-18 11:37:20.760 D/RILC    ( 1474): [0267]> SIM_IO (cmd=0xB2,efid=0x6F3A,path=3F007F10,197,4,28,(null),pin2=(null))

04-18 11:37:20.760 D/RIL     ( 1474): onRequest: SIM_IO

04-18 11:37:20.760 D/AT      ( 1474): AT> AT+CRSM=178,28474,197,4,28

04-18 11:37:20.760 D/RILJ    ( 1591): [0266]< SETUP_DATA_CALL {1, pdp_ip0, 10.68.32.192}

04-18 11:37:20.760 D/GSM     ( 1591): [PdpConnection] DataConnection.handleMessage()

04-18 11:37:20.760 D/GSM     ( 1591): [PdpConnection] interface=pdp_ip0 ipAddress=10.68.32.192 gateway= DNS1= DNS2=

04-18 11:37:20.770 D/GSM     ( 1591): [PdpConnection] Notify PDP success at 1303097840769

04-18 11:37:20.770 D/GSM     ( 1591): [PdpConnection] PDP setup on cid = 1

04-18 11:37:20.770 D/GSM     ( 1591): GSMDataConnTrack handleMessage { what=1 when=79570 arg1=1 obj=android.os.AsyncResult@43c8c3f0 }

04-18 11:37:20.770 D/GSM     ( 1591): [GsmDataConnectionTracker] setState: CONNECTED

04-18 11:37:20.799 D/AT      ( 1474): AT< +CRSM: 144,0,"4D4158582043415245204E4FFFFF06818100222699FFFFFFFFFFFFFF"

04-18 11:37:20.799 D/AT      ( 1474): AT< OK

04-18 11:37:20.799 D/RILC    ( 1474): [0267]< SIM_IO {sw1=0x90,sw2=0x0,4D4158582043415245204E4FFFFF06818100222699FFFFFFFFFFFFFF}

04-18 11:37:20.799 D/RILC    ( 1474): [0268]> SCREEN_STATE (1)

04-18 11:37:20.799 D/RIL     ( 1474): onRequest: SCREEN_STATE

04-18 11:37:20.799 D/RILC    ( 1474): [0268]< SCREEN_STATE

04-18 11:37:20.799 D/RILJ    ( 1591): < iccIO:  0x90 0x0 4D4158582043415245204E4FFFFF06818100222699FFFFFFFFFFFFFF

04-18 11:37:20.799 D/RILJ    ( 1591): [0267]< SIM_IO IccIoResponse sw1:0x90 sw2:0x0

04-18 11:37:20.799 D/RILJ    ( 1591): [0268]< SCREEN_STATE 

04-18 11:37:21.020 D/GSM     ( 1591): [DataConnection] Start poll NetStat

04-18 11:37:21.070 D/RILJ    ( 1591): [0269]> iccIO: SIM_IO 0xb2 0x6f3a  path: 3F007F10,198,4,28

04-18 11:37:21.080 D/RILC    ( 1474): [0269]> SIM_IO (cmd=0xB2,efid=0x6F3A,path=3F007F10,198,4,28,(null),pin2=(null))

04-18 11:37:21.080 D/RIL     ( 1474): onRequest: SIM_IO

04-18 11:37:21.080 D/AT      ( 1474): AT> AT+CRSM=178,28474,198,4,28

04-18 11:37:21.110 D/AT      ( 1474): AT< +CRSM: 144,0,"4D4158582043415245204E4FFFFF06818100222699FFFFFFFFFFFFFF"

04-18 11:37:21.110 D/AT      ( 1474): AT< OK

04-18 11:37:21.110 D/RILC    ( 1474): [0269]< SIM_IO {sw1=0x90,sw2=0x0,4D4158582043415245204E4FFFFF06818100222699FFFFFFFFFFFFFF}

04-18 11:37:21.110 D/RILJ    ( 1591): < iccIO:  0x90 0x0 4D4158582043415245204E4FFFFF06818100222699FFFFFFFFFFFFFF

04-18 11:37:21.110 D/RILJ    ( 1591): [0269]< SIM_IO IccIoResponse sw1:0x90 sw2:0x0

04-18 11:37:21.190 D/RILJ    ( 1591): [0270]> iccIO: SIM_IO 0xb2 0x6f3a  path: 3F007F10,199,4,28

04-18 11:37:21.190 D/RILC    ( 1474): [0270]> SIM_IO (cmd=0xB2,efid=0x6F3A,path=3F007F10,199,4,28,(null),pin2=(null))

04-18 11:37:21.190 D/RIL     ( 1474): onRequest: SIM_IO

04-18 11:37:21.190 D/AT      ( 1474): AT> AT+CRSM=178,28474,199,4,28

04-18 11:37:21.200 D/GSM     ( 1591): GSMDataConnTrack handleMessage { what=23 when=80007 }

04-18 11:37:21.200 D/GSM     ( 1591): [GsmDataConnectionTracker] Clean up connection due to dataDisabled

04-18 11:37:21.210 D/GSM     ( 1591): [GsmDataConnectionTracker] setState: DISCONNECTING

04-18 11:37:21.210 D/RILJ    ( 1591): [0271]> DEACTIVATE_DATA_CALL 1

04-18 11:37:21.210 D/AT      ( 1474): AT< +CRSM: 144,0,"4D4158582043415245204E4FFFFF06818100222699FFFFFFFFFFFFFF"

04-18 11:37:21.210 D/AT      ( 1474): AT< OK

04-18 11:37:21.210 D/RILC    ( 1474): [0270]< SIM_IO {sw1=0x90,sw2=0x0,4D4158582043415245204E4FFFFF06818100222699FFFFFFFFFFFFFF}

04-18 11:37:21.210 D/RILJ    ( 1591): < iccIO:  0x90 0x0 4D4158582043415245204E4FFFFF06818100222699FFFFFFFFFFFFFF

04-18 11:37:21.210 D/RILJ    ( 1591): [0270]< SIM_IO IccIoResponse sw1:0x90 sw2:0x0

04-18 11:37:21.210 D/RILC    ( 1474): [0271]> DEACTIVATE_DATA_CALL (1)

04-18 11:37:21.210 D/RIL     ( 1474): onRequest: DEACTIVATE_DATA_CALL

04-18 11:37:21.210 D/RIL     ( 1474): ifconfig: addr: pdp_ip0

04-18 11:37:21.220 D/GSM     ( 1591): [DataConnection] Stop poll NetStat

04-18 11:37:21.220 D/RILJ    ( 1591): [0272]> iccIO: SIM_IO 0xb2 0x6f3a  path: 3F007F10,200,4,28

04-18 11:37:21.230 D/AT      ( 1474): AT< +CGEV: ME DEACT "IP", "0.0.0.0", 1

04-18 11:37:21.230 D/RIL     ( 1474): ifconfig: addr: pdp_ip0

04-18 11:37:21.230 D/RIL     ( 1474): pdp_ip0: ip 10.68.32.192 mask 255.255.255.255 flags [

04-18 11:37:21.230 D/RIL     ( 1474): down point-to-point]

04-18 11:37:21.230 D/AT      ( 1474): AT> AT*IPACT=0,1

04-18 11:37:21.230 D/AT      ( 1474): AT< OK

04-18 11:37:21.230 D/RILC    ( 1474): [0271]< DEACTIVATE_DATA_CALL

04-18 11:37:21.230 D/RILC    ( 1474): [0272]> SIM_IO (cmd=0xB2,efid=0x6F3A,path=3F007F10,200,4,28,(null),pin2=(null))

04-18 11:37:21.230 D/RIL     ( 1474): onRequest: SIM_IO

04-18 11:37:21.230 D/AT      ( 1474): AT> AT+CRSM=178,28474,200,4,28

04-18 11:37:21.230 D/RILJ    ( 1591): [0271]< DEACTIVATE_DATA_CALL 

04-18 11:37:21.230 D/GSM     ( 1591): [PdpConnection] DataConnection.handleMessage()

04-18 11:37:21.230 D/GSM     ( 1591): [PdpConnection] Notify PDP disconnect

04-18 11:37:21.230 D/GSM     ( 1591): [PdpConnection] DataConnection.clearSettings()

04-18 11:37:21.230 D/GSM     ( 1591): [PdpConnection] PDP Connection Deactivated

04-18 11:37:21.230 D/GSM     ( 1591): GSMDataConnTrack handleMessage { what=25 when=80037 obj=android.os.AsyncResult@43c91628 }

04-18 11:37:21.230 D/GSM     ( 1591): [GsmDataConnectionTracker] EVENT_DISCONNECT_DONE

04-18 11:37:21.230 D/GSM     ( 1591): [GsmDataConnectionTracker] setState: IDLE

04-18 11:37:21.240 D/AT      ( 1474): AT< +CRSM: 144,0,"4D4158582043415245204E4FFFFF06818100222699FFFFFFFFFFFFFF"

04-18 11:37:21.240 D/AT      ( 1474): AT< OK

04-18 11:37:21.250 D/RILC    ( 1474): [0272]< SIM_IO {sw1=0x90,sw2=0x0,4D4158582043415245204E4FFFFF06818100222699FFFFFFFFFFFFFF}

04-18 11:37:21.250 D/AT      ( 1474): AT> AT+CGACT?

04-18 11:37:21.250 D/RILJ    ( 1591): < iccIO:  0x90 0x0 4D4158582043415245204E4FFFFF06818100222699FFFFFFFFFFFFFF

04-18 11:37:21.250 D/RILJ    ( 1591): [0272]< SIM_IO IccIoResponse sw1:0x90 sw2:0x0

04-18 11:37:21.250 D/AT      ( 1474): AT< +CGACT: 1,0

04-18 11:37:21.250 D/AT      ( 1474): AT< OK

04-18 11:37:21.250 D/AT      ( 1474): AT> AT+CGDCONT?

04-18 11:37:21.250 D/AT      ( 1474): AT< +CGDCONT: 1,"IP","cmnet","0.0.0.0",0,0

04-18 11:37:21.250 D/AT      ( 1474): AT< OK

04-18 11:37:21.250 D/RILC    ( 1474): [UNSL]< UNSOL_DATA_CALL_LIST_CHANGED {[cid=1,down,IP,cmnet,0.0.0.0]}

04-18 11:37:21.280 D/RILJ    ( 1591): [UNSL]< UNSOL_DATA_CALL_LIST_CHANGED [DataCallState: { cid: 1, active: 0, type: IP, apn: cmnet, address: 0.0.0.0 }]

04-18 11:37:21.390 D/GSM     ( 1591): [GsmDataConnectionTracker] ***trySetupData due to dataDisabled

04-18 11:37:21.390 D/GSM     ( 1591): [DSAC DEB] trySetupData with mIsPsRestricted=false

04-18 11:37:21.390 D/GSM     ( 1591): [GsmDataConnectionTracker] trySetupData: Not ready for data:  dataState=IDLE gprsState=0 sim=true UMTS=false phoneState=IDLE isDataAllowed=false dataEnabled=false roaming=false dataOnRoamingEnable=false ps restricted=false desiredPowerState=true MasterDataEnabled=true

04-18 11:37:21.390 D/RILJ    ( 1591): [0273]> iccIO: SIM_IO 0xb2 0x6f3a  path: 3F007F10,201,4,28

04-18 11:37:21.740 D/GSM     ( 1591): GSMDataConnTrack handleMessage { what=6 when=80086 obj=android.os.AsyncResult@43c934f0 }

04-18 11:37:21.740 D/RILC    ( 1474): [0273]> SIM_IO (cmd=0xB2,efid=0x6F3A,path=3F007F10,201,4,28,(null),pin2=(null))

04-18 11:37:21.740 D/RIL     ( 1474): onRequest: SIM_IO

04-18 11:37:21.740 D/AT      ( 1474): AT> AT+CRSM=178,28474,201,4,28

04-18 11:37:21.809 D/AT      ( 1474): AT< +CRSM: 144,0,"4D4158582043415245204E4FFFFF06818100222699FFFFFFFFFFFFFF"

04-18 11:37:21.809 D/AT      ( 1474): AT< OK

04-18 11:37:21.809 D/RILC    ( 1474): [0273]< SIM_IO {sw1=0x90,sw2=0x0,4D4158582043415245204E4FFFFF06818100222699FFFFFFFFFFFFFF}

04-18 11:37:21.809 D/RILJ    ( 1591): < iccIO:  0x90 0x0 4D4158582043415245204E4FFFFF06818100222699FFFFFFFFFFFFFF

04-18 11:37:21.809 D/RILJ    ( 1591): [0273]< SIM_IO IccIoResponse sw1:0x90 sw2:0x0

04-18 11:37:21.809 D/RILJ    ( 1591): [0274]> iccIO: SIM_IO 0xb2 0x6f3a  path: 3F007F10,202,4,28

04-18 11:37:21.830 D/RILC    ( 1474): [0274]> SIM_IO (cmd=0xB2,efid=0x6F3A,path=3F007F10,202,4,28,(null),pin2=(null))

04-18 11:37:21.830 D/RIL     ( 1474): onRequest: SIM_IO

04-18 11:37:21.830 D/AT      ( 1474): AT> AT+CRSM=178,28474,202,4,28

04-18 11:37:21.840 D/AT      ( 1474): AT< +CRSM: 144,0,"4D4158582043415245204E4FFFFF06818100222699FFFFFFFFFFFFFF"

04-18 11:37:21.840 D/AT      ( 1474): AT< OK

04-18 11:37:21.840 D/RILC    ( 1474): [0274]< SIM_IO {sw1=0x90,sw2=0x0,4D4158582043415245204E4FFFFF06818100222699FFFFFFFFFFFFFF}

04-18 11:37:21.840 D/RILJ    ( 1591): < iccIO:  0x90 0x0 4D4158582043415245204E4FFFFF06818100222699FFFFFFFFFFFFFF

04-18 11:37:21.840 D/RILJ    ( 1591): [0274]< SIM_IO IccIoResponse sw1:0x90 sw2:0x0

04-18 11:37:21.840 D/RILJ    ( 1591): [0275]> iccIO: SIM_IO 0xb2 0x6f3a  path: 3F007F10,203,4,28

04-18 11:37:21.850 D/RILC    ( 1474): [0275]> SIM_IO (cmd=0xB2,efid=0x6F3A,path=3F007F10,203,4,28,(null),pin2=(null))

04-18 11:37:21.850 D/RIL     ( 1474): onRequest: SIM_IO

04-18 11:37:21.850 D/AT      ( 1474): AT> AT+CRSM=178,28474,203,4,28

04-18 11:37:21.859 D/AT      ( 1474): AT< +CRSM: 144,0,"4D4158582043415245204E4FFFFF06818100222699FFFFFFFFFFFFFF"

04-18 11:37:21.859 D/AT      ( 1474): AT< OK

04-18 11:37:21.859 D/RILC    ( 1474): [0275]< SIM_IO {sw1=0x90,sw2=0x0,4D4158582043415245204E4FFFFF06818100222699FFFFFFFFFFFFFF}

04-18 11:37:21.869 D/RILJ    ( 1591): < iccIO:  0x90 0x0 4D4158582043415245204E4FFFFF06818100222699FFFFFFFFFFFFFF

04-18 11:37:21.869 D/RILJ    ( 1591): [0275]< SIM_IO IccIoResponse sw1:0x90 sw2:0x0

04-18 11:37:21.869 D/RILJ    ( 1591): [0276]> iccIO: SIM_IO 0xb2 0x6f3a  path: 3F007F10,204,4,28

04-18 11:37:21.869 D/RILC    ( 1474): [0276]> SIM_IO (cmd=0xB2,efid=0x6F3A,path=3F007F10,204,4,28,(null),pin2=(null))

04-18 11:37:21.869 D/RIL     ( 1474): onRequest: SIM_IO

04-18 11:37:21.869 D/AT      ( 1474): AT> AT+CRSM=178,28474,204,4,28

04-18 11:37:21.890 D/AT      ( 1474): AT< +CRSM: 144,0,"4D4158582043415245204E4FFFFF06818100222699FFFFFFFFFFFFFF"

04-18 11:37:21.890 D/AT      ( 1474): AT< OK

04-18 11:37:21.890 D/RILC    ( 1474): [0276]< SIM_IO {sw1=0x90,sw2=0x0,4D4158582043415245204E4FFFFF06818100222699FFFFFFFFFFFFFF}

04-18 11:37:21.890 D/RILJ    ( 1591): < iccIO:  0x90 0x0 4D4158582043415245204E4FFFFF06818100222699FFFFFFFFFFFFFF

04-18 11:37:21.890 D/RILJ    ( 1591): [0276]< SIM_IO IccIoResponse sw1:0x90 sw2:0x0

04-18 11:37:21.890 D/RILJ    ( 1591): [0277]> iccIO: SIM_IO 0xb2 0x6f3a  path: 3F007F10,205,4,28

04-18 11:37:21.899 D/RILC    ( 1474): [0277]> SIM_IO (cmd=0xB2,efid=0x6F3A,path=3F007F10,205,4,28,(null),pin2=(null))

04-18 11:37:21.899 D/RIL     ( 1474): onRequest: SIM_IO

04-18 11:37:21.899 D/AT      ( 1474): AT> AT+CRSM=178,28474,205,4,28

04-18 11:37:21.910 D/AT      ( 1474): AT< +CRSM: 144,0,"4D4158582043415245204E4FFFFF06818100222699FFFFFFFFFFFFFF"

04-18 11:37:21.910 D/AT      ( 1474): AT< OK

04-18 11:37:21.910 D/RILC    ( 1474): [0277]< SIM_IO {sw1=0x90,sw2=0x0,4D4158582043415245204E4FFFFF06818100222699FFFFFFFFFFFFFF}

04-18 11:37:21.910 D/RILJ    ( 1591): < iccIO:  0x90 0x0 4D4158582043415245204E4FFFFF06818100222699FFFFFFFFFFFFFF

04-18 11:37:21.910 D/RILJ    ( 1591): [0277]< SIM_IO IccIoResponse sw1:0x90 sw2:0x0

04-18 11:37:21.919 D/RILJ    ( 1591): [0278]> iccIO: SIM_IO 0xb2 0x6f3a  path: 3F007F10,206,4,28

04-18 11:37:21.919 D/RILC    ( 1474): [0278]> SIM_IO (cmd=0xB2,efid=0x6F3A,path=3F007F10,206,4,28,(null),pin2=(null))

04-18 11:37:21.919 D/RIL     ( 1474): onRequest: SIM_IO

04-18 11:37:21.919 D/AT      ( 1474): AT> AT+CRSM=178,28474,206,4,28

04-18 11:37:21.930 D/AT      ( 1474): AT< +CRSM: 144,0,"4D4158582043415245204E4FFFFF06818100222699FFFFFFFFFFFFFF"

04-18 11:37:21.930 D/AT      ( 1474): AT< OK

04-18 11:37:21.939 D/RILC    ( 1474): [0278]< SIM_IO {sw1=0x90,sw2=0x0,4D4158582043415245204E4FFFFF06818100222699FFFFFFFFFFFFFF}

04-18 11:37:21.939 D/RILJ    ( 1591): < iccIO:  0x90 0x0 4D4158582043415245204E4FFFFF06818100222699FFFFFFFFFFFFFF

04-18 11:37:21.939 D/RILJ    ( 1591): [0278]< SIM_IO IccIoResponse sw1:0x90 sw2:0x0

04-18 11:37:21.939 D/RILJ    ( 1591): [0279]> iccIO: SIM_IO 0xb2 0x6f3a  path: 3F007F10,207,4,28

04-18 11:37:21.939 D/RILC    ( 1474): [0279]> SIM_IO (cmd=0xB2,efid=0x6F3A,path=3F007F10,207,4,28,(null),pin2=(null))

04-18 11:37:21.939 D/RIL     ( 1474): onRequest: SIM_IO

04-18 11:37:21.939 D/AT      ( 1474): AT> AT+CRSM=178,28474,207,4,28

04-18 11:37:21.959 D/AT      ( 1474): AT< +CRSM: 144,0,"4D4158582043415245204E4FFFFF06818100222699FFFFFFFFFFFFFF"

04-18 11:37:21.959 D/AT      ( 1474): AT< OK

04-18 11:37:21.959 D/RILC    ( 1474): [0279]< SIM_IO {sw1=0x90,sw2=0x0,4D4158582043415245204E4FFFFF06818100222699FFFFFFFFFFFFFF}

04-18 11:37:21.959 D/RILJ    ( 1591): < iccIO:  0x90 0x0 4D4158582043415245204E4FFFFF06818100222699FFFFFFFFFFFFFF

04-18 11:37:21.959 D/RILJ    ( 1591): [0279]< SIM_IO IccIoResponse sw1:0x90 sw2:0x0

04-18 11:37:21.959 D/RILJ    ( 1591): [0280]> iccIO: SIM_IO 0xb2 0x6f3a  path: 3F007F10,208,4,28

04-18 11:37:21.970 D/RILC    ( 1474): [0280]> SIM_IO (cmd=0xB2,efid=0x6F3A,path=3F007F10,208,4,28,(null),pin2=(null))

04-18 11:37:21.970 D/RIL     ( 1474): onRequest: SIM_IO

04-18 11:37:21.970 D/AT      ( 1474): AT> AT+CRSM=178,28474,208,4,28

04-18 11:37:21.980 D/AT      ( 1474): AT< +CRSM: 144,0,"4D4158582043415245204E4FFFFF06818100222699FFFFFFFFFFFFFF"

04-18 11:37:21.980 D/AT      ( 1474): AT< OK

04-18 11:37:21.980 D/RILC    ( 1474): [0280]< SIM_IO {sw1=0x90,sw2=0x0,4D4158582043415245204E4FFFFF06818100222699FFFFFFFFFFFFFF}

04-18 11:37:21.980 D/RILJ    ( 1591): < iccIO:  0x90 0x0 4D4158582043415245204E4FFFFF06818100222699FFFFFFFFFFFFFF

04-18 11:37:21.980 D/RILJ    ( 1591): [0280]< SIM_IO IccIoResponse sw1:0x90 sw2:0x0

04-18 11:37:21.990 D/RILJ    ( 1591): [0281]> iccIO: SIM_IO 0xb2 0x6f3a  path: 3F007F10,209,4,28

04-18 11:37:21.990 D/RILC    ( 1474): [0281]> SIM_IO (cmd=0xB2,efid=0x6F3A,path=3F007F10,209,4,28,(null),pin2=(null))

04-18 11:37:21.990 D/RIL     ( 1474): onRequest: SIM_IO

04-18 11:37:21.990 D/AT      ( 1474): AT> AT+CRSM=178,28474,209,4,28

04-18 11:37:22.000 D/AT      ( 1474): AT< +CRSM: 144,0,"4D4158582043415245204E4FFFFF06818100222699FFFFFFFFFFFFFF"

04-18 11:37:22.000 D/AT      ( 1474): AT< OK

04-18 11:37:22.010 D/RILC    ( 1474): [0281]< SIM_IO {sw1=0x90,sw2=0x0,4D4158582043415245204E4FFFFF06818100222699FFFFFFFFFFFFFF}

04-18 11:37:22.010 D/RILJ    ( 1591): < iccIO:  0x90 0x0 4D4158582043415245204E4FFFFF06818100222699FFFFFFFFFFFFFF

04-18 11:37:22.010 D/RILJ    ( 1591): [0281]< SIM_IO IccIoResponse sw1:0x90 sw2:0x0

04-18 11:37:22.010 D/RILJ    ( 1591): [0282]> iccIO: SIM_IO 0xb2 0x6f3a  path: 3F007F10,210,4,28

04-18 11:37:22.010 D/RILC    ( 1474): [0282]> SIM_IO (cmd=0xB2,efid=0x6F3A,path=3F007F10,210,4,28,(null),pin2=(null))

04-18 11:37:22.010 D/RIL     ( 1474): onRequest: SIM_IO

04-18 11:37:22.010 D/AT      ( 1474): AT> AT+CRSM=178,28474,210,4,28

04-18 11:37:22.029 D/AT      ( 1474): AT< +CRSM: 144,0,"4D4158582043415245204E4FFFFF06818100222699FFFFFFFFFFFFFF"

04-18 11:37:22.029 D/AT      ( 1474): AT< OK

04-18 11:37:22.029 D/RILC    ( 1474): [0282]< SIM_IO {sw1=0x90,sw2=0x0,4D4158582043415245204E4FFFFF06818100222699FFFFFFFFFFFFFF}

04-18 11:37:22.029 D/RILJ    ( 1591): < iccIO:  0x90 0x0 4D4158582043415245204E4FFFFF06818100222699FFFFFFFFFFFFFF

04-18 11:37:22.029 D/RILJ    ( 1591): [0282]< SIM_IO IccIoResponse sw1:0x90 sw2:0x0

04-18 11:37:22.029 D/RILJ    ( 1591): [0283]> iccIO: SIM_IO 0xb2 0x6f3a  path: 3F007F10,211,4,28

04-18 11:37:22.029 D/RILC    ( 1474): [0283]> SIM_IO (cmd=0xB2,efid=0x6F3A,path=3F007F10,211,4,28,(null),pin2=(null))

04-18 11:37:22.029 D/RIL     ( 1474): onRequest: SIM_IO

04-18 11:37:22.029 D/AT      ( 1474): AT> AT+CRSM=178,28474,211,4,28

04-18 11:37:22.050 D/AT      ( 1474): AT< +CRSM: 144,0,"4D4158582043415245204E4FFFFF06818100222699FFFFFFFFFFFFFF"

04-18 11:37:22.050 D/AT      ( 1474): AT< OK

04-18 11:37:22.050 D/RILC    ( 1474): [0283]< SIM_IO {sw1=0x90,sw2=0x0,4D4158582043415245204E4FFFFF06818100222699FFFFFFFFFFFFFF}

04-18 11:37:22.060 D/RILJ    ( 1591): < iccIO:  0x90 0x0 4D4158582043415245204E4FFFFF06818100222699FFFFFFFFFFFFFF

04-18 11:37:22.060 D/RILJ    ( 1591): [0283]< SIM_IO IccIoResponse sw1:0x90 sw2:0x0

04-18 11:37:22.060 D/RILJ    ( 1591): [0284]> iccIO: SIM_IO 0xb2 0x6f3a  path: 3F007F10,212,4,28

04-18 11:37:22.060 D/RILC    ( 1474): [0284]> SIM_IO (cmd=0xB2,efid=0x6F3A,path=3F007F10,212,4,28,(null),pin2=(null))

04-18 11:37:22.060 D/RIL     ( 1474): onRequest: SIM_IO

04-18 11:37:22.060 D/AT      ( 1474): AT> AT+CRSM=178,28474,212,4,28

04-18 11:37:22.080 D/AT      ( 1474): AT< +CRSM: 144,0,"4D4158582043415245204E4FFFFF06818100222699FFFFFFFFFFFFFF"

04-18 11:37:22.080 D/AT      ( 1474): AT< OK

04-18 11:37:22.080 D/RILC    ( 1474): [0284]< SIM_IO {sw1=0x90,sw2=0x0,4D4158582043415245204E4FFFFF06818100222699FFFFFFFFFFFFFF}

04-18 11:37:22.100 D/RILJ    ( 1591): < iccIO:  0x90 0x0 4D4158582043415245204E4FFFFF06818100222699FFFFFFFFFFFFFF

04-18 11:37:22.110 D/RILJ    ( 1591): [0284]< SIM_IO IccIoResponse sw1:0x90 sw2:0x0

04-18 11:37:22.110 D/RILJ    ( 1591): [0285]> iccIO: SIM_IO 0xb2 0x6f3a  path: 3F007F10,213,4,28

04-18 11:37:22.110 D/RILC    ( 1474): [0285]> SIM_IO (cmd=0xB2,efid=0x6F3A,path=3F007F10,213,4,28,(null),pin2=(null))

04-18 11:37:22.110 D/RIL     ( 1474): onRequest: SIM_IO

04-18 11:37:22.110 D/AT      ( 1474): AT> AT+CRSM=178,28474,213,4,28

04-18 11:37:22.130 D/AT      ( 1474): AT< +CRSM: 144,0,"4D4158582043415245204E4FFFFF06818100222699FFFFFFFFFFFFFF"

04-18 11:37:22.130 D/AT      ( 1474): AT< OK

04-18 11:37:22.130 D/RILC    ( 1474): [0285]< SIM_IO {sw1=0x90,sw2=0x0,4D4158582043415245204E4FFFFF06818100222699FFFFFFFFFFFFFF}

04-18 11:37:22.140 D/RILJ    ( 1591): < iccIO:  0x90 0x0 4D4158582043415245204E4FFFFF06818100222699FFFFFFFFFFFFFF

04-18 11:37:22.140 D/RILJ    ( 1591): [0285]< SIM_IO IccIoResponse sw1:0x90 sw2:0x0

04-18 11:37:22.140 D/RILJ    ( 1591): [0286]> iccIO: SIM_IO 0xb2 0x6f3a  path: 3F007F10,214,4,28

04-18 11:37:22.140 D/RILC    ( 1474): [0286]> SIM_IO (cmd=0xB2,efid=0x6F3A,path=3F007F10,214,4,28,(null),pin2=(null))

04-18 11:37:22.140 D/RIL     ( 1474): onRequest: SIM_IO

04-18 11:37:22.140 D/AT      ( 1474): AT> AT+CRSM=178,28474,214,4,28

04-18 11:37:22.159 D/AT      ( 1474): AT< +CRSM: 144,0,"4D4158582043415245204E4FFFFF06818100222699FFFFFFFFFFFFFF"

04-18 11:37:22.159 D/AT      ( 1474): AT< OK

04-18 11:37:22.159 D/RILC    ( 1474): [0286]< SIM_IO {sw1=0x90,sw2=0x0,4D4158582043415245204E4FFFFF06818100222699FFFFFFFFFFFFFF}

04-18 11:37:22.159 D/RILJ    ( 1591): < iccIO:  0x90 0x0 4D4158582043415245204E4FFFFF06818100222699FFFFFFFFFFFFFF

04-18 11:37:22.159 D/RILJ    ( 1591): [0286]< SIM_IO IccIoResponse sw1:0x90 sw2:0x0

04-18 11:37:22.170 D/RILJ    ( 1591): [0287]> iccIO: SIM_IO 0xb2 0x6f3a  path: 3F007F10,215,4,28

04-18 11:37:22.170 D/RILC    ( 1474): [0287]> SIM_IO (cmd=0xB2,efid=0x6F3A,path=3F007F10,215,4,28,(null),pin2=(null))

04-18 11:37:22.170 D/RIL     ( 1474): onRequest: SIM_IO

04-18 11:37:22.170 D/AT      ( 1474): AT> AT+CRSM=178,28474,215,4,28

04-18 11:37:22.189 D/AT      ( 1474): AT< +CRSM: 144,0,"4D4158582043415245204E4FFFFF06818100222699FFFFFFFFFFFFFF"

04-18 11:37:22.189 D/AT      ( 1474): AT< OK

04-18 11:37:22.189 D/RILC    ( 1474): [0287]< SIM_IO {sw1=0x90,sw2=0x0,4D4158582043415245204E4FFFFF06818100222699FFFFFFFFFFFFFF}

04-18 11:37:22.200 D/RILJ    ( 1591): < iccIO:  0x90 0x0 4D4158582043415245204E4FFFFF06818100222699FFFFFFFFFFFFFF

04-18 11:37:22.200 D/RILJ    ( 1591): [0287]< SIM_IO IccIoResponse sw1:0x90 sw2:0x0

04-18 11:37:22.200 D/RILJ    ( 1591): [0288]> iccIO: SIM_IO 0xb2 0x6f3a  path: 3F007F10,216,4,28

04-18 11:37:22.210 D/RILC    ( 1474): [0288]> SIM_IO (cmd=0xB2,efid=0x6F3A,path=3F007F10,216,4,28,(null),pin2=(null))

04-18 11:37:22.210 D/RIL     ( 1474): onRequest: SIM_IO

04-18 11:37:22.210 D/AT      ( 1474): AT> AT+CRSM=178,28474,216,4,28

04-18 11:37:22.220 D/AT      ( 1474): AT< +CRSM: 144,0,"4D4158582043415245204E4FFFFF06818100222699FFFFFFFFFFFFFF"

04-18 11:37:22.220 D/AT      ( 1474): AT< OK

04-18 11:37:22.220 D/RILC    ( 1474): [0288]< SIM_IO {sw1=0x90,sw2=0x0,4D4158582043415245204E4FFFFF06818100222699FFFFFFFFFFFFFF}

04-18 11:37:22.230 D/RILJ    ( 1591): < iccIO:  0x90 0x0 4D4158582043415245204E4FFFFF06818100222699FFFFFFFFFFFFFF

04-18 11:37:22.230 D/RILJ    ( 1591): [0288]< SIM_IO IccIoResponse sw1:0x90 sw2:0x0

04-18 11:37:22.230 D/RILJ    ( 1591): [0289]> iccIO: SIM_IO 0xb2 0x6f3a  path: 3F007F10,217,4,28

04-18 11:37:22.239 D/RILC    ( 1474): [0289]> SIM_IO (cmd=0xB2,efid=0x6F3A,path=3F007F10,217,4,28,(null),pin2=(null))

04-18 11:37:22.239 D/RIL     ( 1474): onRequest: SIM_IO

04-18 11:37:22.239 D/AT      ( 1474): AT> AT+CRSM=178,28474,217,4,28

04-18 11:37:22.250 D/AT      ( 1474): AT< +CRSM: 144,0,"4D4158582043415245204E4FFFFF06818100222699FFFFFFFFFFFFFF"

04-18 11:37:22.250 D/AT      ( 1474): AT< OK

04-18 11:37:22.250 D/RILC    ( 1474): [0289]< SIM_IO {sw1=0x90,sw2=0x0,4D4158582043415245204E4FFFFF06818100222699FFFFFFFFFFFFFF}

04-18 11:37:22.250 D/RILJ    ( 1591): < iccIO:  0x90 0x0 4D4158582043415245204E4FFFFF06818100222699FFFFFFFFFFFFFF

04-18 11:37:22.250 D/RILJ    ( 1591): [0289]< SIM_IO IccIoResponse sw1:0x90 sw2:0x0

04-18 11:37:22.250 D/RILJ    ( 1591): [0290]> iccIO: SIM_IO 0xb2 0x6f3a  path: 3F007F10,218,4,28

04-18 11:37:22.260 D/RILC    ( 1474): [0290]> SIM_IO (cmd=0xB2,efid=0x6F3A,path=3F007F10,218,4,28,(null),pin2=(null))

04-18 11:37:22.260 D/RIL     ( 1474): onRequest: SIM_IO

04-18 11:37:22.260 D/AT      ( 1474): AT> AT+CRSM=178,28474,218,4,28

04-18 11:37:22.270 D/AT      ( 1474): AT< +CRSM: 144,0,"4D4158582043415245204E4FFFFF06818100222699FFFFFFFFFFFFFF"

04-18 11:37:22.270 D/AT      ( 1474): AT< OK

04-18 11:37:22.270 D/RILC    ( 1474): [0290]< SIM_IO {sw1=0x90,sw2=0x0,4D4158582043415245204E4FFFFF06818100222699FFFFFFFFFFFFFF}

04-18 11:37:22.280 D/RILJ    ( 1591): < iccIO:  0x90 0x0 4D4158582043415245204E4FFFFF06818100222699FFFFFFFFFFFFFF

04-18 11:37:22.280 D/RILJ    ( 1591): [0290]< SIM_IO IccIoResponse sw1:0x90 sw2:0x0

04-18 11:37:22.280 D/RILJ    ( 1591): [0291]> iccIO: SIM_IO 0xb2 0x6f3a  path: 3F007F10,219,4,28

04-18 11:37:22.290 D/RILC    ( 1474): [0291]> SIM_IO (cmd=0xB2,efid=0x6F3A,path=3F007F10,219,4,28,(null),pin2=(null))

04-18 11:37:22.290 D/RIL     ( 1474): onRequest: SIM_IO

04-18 11:37:22.290 D/AT      ( 1474): AT> AT+CRSM=178,28474,219,4,28

04-18 11:37:22.300 D/AT      ( 1474): AT< +CRSM: 144,0,"4D4158582043415245204E4FFFFF06818100222699FFFFFFFFFFFFFF"

04-18 11:37:22.300 D/AT      ( 1474): AT< OK

04-18 11:37:22.300 D/RILC    ( 1474): [0291]< SIM_IO {sw1=0x90,sw2=0x0,4D4158582043415245204E4FFFFF06818100222699FFFFFFFFFFFFFF}

04-18 11:37:22.310 D/RILJ    ( 1591): < iccIO:  0x90 0x0 4D4158582043415245204E4FFFFF06818100222699FFFFFFFFFFFFFF

04-18 11:37:22.310 D/RILJ    ( 1591): [0291]< SIM_IO IccIoResponse sw1:0x90 sw2:0x0

04-18 11:37:22.310 D/RILJ    ( 1591): [0292]> iccIO: SIM_IO 0xb2 0x6f3a  path: 3F007F10,220,4,28

04-18 11:37:22.310 D/RILC    ( 1474): [0292]> SIM_IO (cmd=0xB2,efid=0x6F3A,path=3F007F10,220,4,28,(null),pin2=(null))

04-18 11:37:22.310 D/RIL     ( 1474): onRequest: SIM_IO

04-18 11:37:22.310 D/AT      ( 1474): AT> AT+CRSM=178,28474,220,4,28

04-18 11:37:22.320 D/AT      ( 1474): AT< +CRSM: 144,0,"4D4158582043415245204E4FFFFF06818100222699FFFFFFFFFFFFFF"

04-18 11:37:22.320 D/AT      ( 1474): AT< OK

04-18 11:37:22.320 D/RILC    ( 1474): [0292]< SIM_IO {sw1=0x90,sw2=0x0,4D4158582043415245204E4FFFFF06818100222699FFFFFFFFFFFFFF}

04-18 11:37:22.330 D/RILJ    ( 1591): < iccIO:  0x90 0x0 4D4158582043415245204E4FFFFF06818100222699FFFFFFFFFFFFFF

04-18 11:37:22.330 D/RILJ    ( 1591): [0292]< SIM_IO IccIoResponse sw1:0x90 sw2:0x0

04-18 11:37:22.330 D/RILJ    ( 1591): [0293]> iccIO: SIM_IO 0xb2 0x6f3a  path: 3F007F10,221,4,28

04-18 11:37:22.330 D/RILC    ( 1474): [0293]> SIM_IO (cmd=0xB2,efid=0x6F3A,path=3F007F10,221,4,28,(null),pin2=(null))

04-18 11:37:22.330 D/RIL     ( 1474): onRequest: SIM_IO

04-18 11:37:22.330 D/AT      ( 1474): AT> AT+CRSM=178,28474,221,4,28

04-18 11:37:22.339 D/AT      ( 1474): AT< +CRSM: 144,0,"4D4158582043415245204E4FFFFF06818100222699FFFFFFFFFFFFFF"

04-18 11:37:22.339 D/AT      ( 1474): AT< OK

04-18 11:37:22.339 D/RILC    ( 1474): [0293]< SIM_IO {sw1=0x90,sw2=0x0,4D4158582043415245204E4FFFFF06818100222699FFFFFFFFFFFFFF}

04-18 11:37:22.359 D/RILJ    ( 1591): < iccIO:  0x90 0x0 4D4158582043415245204E4FFFFF06818100222699FFFFFFFFFFFFFF

04-18 11:37:22.359 D/RILJ    ( 1591): [0293]< SIM_IO IccIoResponse sw1:0x90 sw2:0x0

04-18 11:37:22.359 D/RILJ    ( 1591): [0294]> iccIO: SIM_IO 0xb2 0x6f3a  path: 3F007F10,222,4,28

04-18 11:37:22.410 D/RILC    ( 1474): [0294]> SIM_IO (cmd=0xB2,efid=0x6F3A,path=3F007F10,222,4,28,(null),pin2=(null))

