04-18 15:32:58.735 D/AT      ( 1536): AT< +CLCC: 1,0,0,0,0,"13182827869",129
04-18 15:32:58.735 D/AT      ( 1536): AT< +CLCC: 2,1,5,0,0,"18913956595",161
04-18 15:32:58.735 D/AT      ( 1536): AT< OK
04-18 15:32:58.735 D/RILC    ( 1536): [0136]< GET_CURRENT_CALLS {[id=1,ACTIVE,toa=129,norm,mo,als=0,voc,noevp,13182827869,cli=0,name='(null)',0][id=2,WAITING,toa=161,norm,mt,als=0,voc,noevp,18913956595,cli=0,name='(null)',0}
04-18 15:32:58.745 D/RILJ    ( 1652): InCall VoicePrivacy is disabled
04-18 15:32:58.745 D/RILJ    ( 1652): InCall VoicePrivacy is disabled
04-18 15:32:58.755 D/RILJ    ( 1652): [0136]< GET_CURRENT_CALLS  [id=1,ACTIVE,toa=129,norm,mo,0,voc,noevp,,cli=1,,0] [id=2,WAITING,toa=161,norm,mt,0,voc,noevp,,cli=1,,0] 
04-18 15:32:58.755 D/GSM     ( 1652): [GSMConn] update: parent=ACTIVE, hasNewParent=false, wasConnectingInOrOut=false, wasHolding=false, isConnectingInOrOut=false, changed=false
04-18 15:32:58.755 D/GSM     ( 1652): [GSMConn] update: parent=WAITING, hasNewParent=false, wasConnectingInOrOut=true, wasHolding=false, isConnectingInOrOut=true, changed=false
04-18 15:32:58.965 D/RILC    ( 1536): [UNSL]< UNSOL_RESPONSE_CALL_STATE_CHANGED 
04-18 15:32:58.965 D/RILJ    ( 1652): [UNSL]< UNSOL_RESPONSE_CALL_STATE_CHANGED
04-18 15:32:58.965 D/RILJ    ( 1652): [0137]> GET_CURRENT_CALLS
04-18 15:32:58.975 D/RILC    ( 1536): [0137]> GET_CURRENT_CALLS 
04-18 15:32:58.975 D/RIL     ( 1536): onRequest: GET_CURRENT_CALLS
04-18 15:32:58.975 D/AT      ( 1536): AT> AT+CLCC
04-18 15:32:58.975 D/AT      ( 1536): AT< +CLCC: 1,0,0,0,0,"13182827869",129
04-18 15:32:58.975 D/AT      ( 1536): AT< +CLCC: 2,1,5,0,0,"18913956595",161
04-18 15:32:58.975 D/AT      ( 1536): AT< OK
04-18 15:32:58.985 D/RILC    ( 1536): [0137]< GET_CURRENT_CALLS {[id=1,ACTIVE,toa=129,norm,mo,als=0,voc,noevp,13182827869,cli=0,name='(null)',0][id=2,WAITING,toa=161,norm,mt,als=0,voc,noevp,18913956595,cli=0,name='(null)',0}
04-18 15:32:58.985 D/RILJ    ( 1652): InCall VoicePrivacy is disabled
04-18 15:32:58.985 D/RILJ    ( 1652): InCall VoicePrivacy is disabled
04-18 15:32:58.985 D/RILJ    ( 1652): [0137]< GET_CURRENT_CALLS  [id=1,ACTIVE,toa=129,norm,mo,0,voc,noevp,,cli=1,,0] [id=2,WAITING,toa=161,norm,mt,0,voc,noevp,,cli=1,,0] 
04-18 15:32:58.985 D/GSM     ( 1652): [GSMConn] update: parent=ACTIVE, hasNewParent=false, wasConnectingInOrOut=false, wasHolding=false, isConnectingInOrOut=false, changed=false
04-18 15:32:58.985 D/GSM     ( 1652): [GSMConn] update: parent=WAITING, hasNewParent=false, wasConnectingInOrOut=true, wasHolding=false, isConnectingInOrOut=true, changed=false
04-18 15:32:59.015 D/RILC    ( 1536): [UNSL]< UNSOL_RESPONSE_CALL_STATE_CHANGED 
04-18 15:32:59.025 D/RILJ    ( 1652): [UNSL]< UNSOL_RESPONSE_CALL_STATE_CHANGED
04-18 15:32:59.025 D/RILJ    ( 1652): [0138]> GET_CURRENT_CALLS
04-18 15:32:59.025 D/RILC    ( 1536): [0138]> GET_CURRENT_CALLS 
04-18 15:32:59.025 D/RIL     ( 1536): onRequest: GET_CURRENT_CALLS
04-18 15:32:59.035 D/AT      ( 1536): AT> AT+CLCC
04-18 15:32:59.035 D/AT      ( 1536): AT< +CLCC: 1,0,0,0,0,"13182827869",129
04-18 15:32:59.035 D/AT      ( 1536): AT< +CLCC: 2,1,5,0,0,"18913956595",161
04-18 15:32:59.035 D/AT      ( 1536): AT< OK
04-18 15:32:59.035 D/RILC    ( 1536): [0138]< GET_CURRENT_CALLS {[id=1,ACTIVE,toa=129,norm,mo,als=0,voc,noevp,13182827869,cli=0,name='(null)',0][id=2,WAITING,toa=161,norm,mt,als=0,voc,noevp,18913956595,cli=0,name='(null)',0}
04-18 15:32:59.035 D/RILJ    ( 1652): InCall VoicePrivacy is disabled
04-18 15:32:59.035 D/RILJ    ( 1652): InCall VoicePrivacy is disabled
04-18 15:32:59.035 D/RILJ    ( 1652): [0138]< GET_CURRENT_CALLS  [id=1,ACTIVE,toa=129,norm,mo,0,voc,noevp,,cli=1,,0] [id=2,WAITING,toa=161,norm,mt,0,voc,noevp,,cli=1,,0] 
04-18 15:32:59.045 D/GSM     ( 1652): [GSMConn] update: parent=ACTIVE, hasNewParent=false, wasConnectingInOrOut=false, wasHolding=false, isConnectingInOrOut=false, changed=false
04-18 15:32:59.045 D/GSM     ( 1652): [GSMConn] update: parent=WAITING, hasNewParent=false, wasConnectingInOrOut=true, wasHolding=false, isConnectingInOrOut=true, changed=false
04-18 15:32:59.165 D/RILC    ( 1536): [UNSL]< UNSOL_RESPONSE_CALL_STATE_CHANGED 
04-18 15:32:59.165 D/RILJ    ( 1652): [UNSL]< UNSOL_RESPONSE_CALL_STATE_CHANGED
04-18 15:32:59.165 D/RILJ    ( 1652): [0139]> GET_CURRENT_CALLS
04-18 15:32:59.175 D/RILC    ( 1536): [0139]> GET_CURRENT_CALLS 
04-18 15:32:59.175 D/RIL     ( 1536): onRequest: GET_CURRENT_CALLS
04-18 15:32:59.175 D/AT      ( 1536): AT> AT+CLCC
04-18 15:32:59.175 D/AT      ( 1536): AT< +CLCC: 1,0,0,0,0,"13182827869",129
04-18 15:32:59.175 D/AT      ( 1536): AT< +CLCC: 2,1,5,0,0,"18913956595",161
04-18 15:32:59.175 D/AT      ( 1536): AT< OK
04-18 15:32:59.175 D/RILC    ( 1536): [0139]< GET_CURRENT_CALLS {[id=1,ACTIVE,toa=129,norm,mo,als=0,voc,noevp,13182827869,cli=0,name='(null)',0][id=2,WAITING,toa=161,norm,mt,als=0,voc,noevp,18913956595,cli=0,name='(null)',0}
04-18 15:32:59.175 D/RILJ    ( 1652): InCall VoicePrivacy is disabled
04-18 15:32:59.175 D/RILJ    ( 1652): InCall VoicePrivacy is disabled
04-18 15:32:59.185 D/RILJ    ( 1652): [0139]< GET_CURRENT_CALLS  [id=1,ACTIVE,toa=129,norm,mo,0,voc,noevp,,cli=1,,0] [id=2,WAITING,toa=161,norm,mt,0,voc,noevp,,cli=1,,0] 
04-18 15:32:59.195 D/GSM     ( 1652): [GSMConn] update: parent=ACTIVE, hasNewParent=false, wasConnectingInOrOut=false, wasHolding=false, isConnectingInOrOut=false, changed=false
04-18 15:32:59.195 D/GSM     ( 1652): [GSMConn] update: parent=WAITING, hasNewParent=false, wasConnectingInOrOut=true, wasHolding=false, isConnectingInOrOut=true, changed=false
04-18 15:32:59.235 D/RILC    ( 1536): [UNSL]< UNSOL_RESPONSE_CALL_STATE_CHANGED 
04-18 15:32:59.245 D/RILJ    ( 1652): [UNSL]< UNSOL_RESPONSE_CALL_STATE_CHANGED
04-18 15:32:59.245 D/RILJ    ( 1652): [0140]> GET_CURRENT_CALLS
04-18 15:32:59.245 D/RILC    ( 1536): [0140]> GET_CURRENT_CALLS 
04-18 15:32:59.245 D/RIL     ( 1536): onRequest: GET_CURRENT_CALLS
04-18 15:32:59.245 D/AT      ( 1536): AT> AT+CLCC
04-18 15:32:59.255 D/AT      ( 1536): AT< +CLCC: 1,0,0,0,0,"13182827869",129
04-18 15:32:59.255 D/AT      ( 1536): AT< +CLCC: 2,1,5,0,0,"18913956595",161
04-18 15:32:59.255 D/AT      ( 1536): AT< OK
04-18 15:32:59.255 D/RILC    ( 1536): [0140]< GET_CURRENT_CALLS {[id=1,ACTIVE,toa=129,norm,mo,als=0,voc,noevp,13182827869,cli=0,name='(null)',0][id=2,WAITING,toa=161,norm,mt,als=0,voc,noevp,18913956595,cli=0,name='(null)',0}
04-18 15:32:59.255 D/RILJ    ( 1652): InCall VoicePrivacy is disabled
04-18 15:32:59.255 D/RILJ    ( 1652): InCall VoicePrivacy is disabled
04-18 15:32:59.255 D/RILJ    ( 1652): [0140]< GET_CURRENT_CALLS  [id=1,ACTIVE,toa=129,norm,mo,0,voc,noevp,,cli=1,,0] [id=2,WAITING,toa=161,norm,mt,0,voc,noevp,,cli=1,,0] 
04-18 15:32:59.265 D/GSM     ( 1652): [GSMConn] update: parent=ACTIVE, hasNewParent=false, wasConnectingInOrOut=false, wasHolding=false, isConnectingInOrOut=false, changed=false
04-18 15:32:59.265 D/GSM     ( 1652): [GSMConn] update: parent=WAITING, hasNewParent=false, wasConnectingInOrOut=true, wasHolding=false, isConnectingInOrOut=true, changed=false
04-18 15:32:59.495 D/RILC    ( 1536): [UNSL]< UNSOL_RESPONSE_CALL_STATE_CHANGED 
04-18 15:32:59.495 D/RILJ    ( 1652): [UNSL]< UNSOL_RESPONSE_CALL_STATE_CHANGED
04-18 15:32:59.495 D/RILJ    ( 1652): [0141]> GET_CURRENT_CALLS
04-18 15:32:59.525 D/RILC    ( 1536): [0141]> GET_CURRENT_CALLS 
04-18 15:32:59.525 D/RIL     ( 1536): onRequest: GET_CURRENT_CALLS
04-18 15:32:59.525 D/AT      ( 1536): AT> AT+CLCC
04-18 15:32:59.525 D/AT      ( 1536): AT< +CLCC: 1,0,0,0,0,"13182827869",129
04-18 15:32:59.525 D/AT      ( 1536): AT< +CLCC: 2,1,5,0,0,"18913956595",161
04-18 15:32:59.525 D/AT      ( 1536): AT< OK
04-18 15:32:59.525 D/RILC    ( 1536): [0141]< GET_CURRENT_CALLS {[id=1,ACTIVE,toa=129,norm,mo,als=0,voc,noevp,13182827869,cli=0,name='(null)',0][id=2,WAITING,toa=161,norm,mt,als=0,voc,noevp,18913956595,cli=0,name='(null)',0}
04-18 15:32:59.535 D/RILJ    ( 1652): InCall VoicePrivacy is disabled
04-18 15:32:59.545 D/RILC    ( 1536): [UNSL]< UNSOL_RESPONSE_CALL_STATE_CHANGED 
04-18 15:32:59.545 D/RILJ    ( 1652): InCall VoicePrivacy is disabled
04-18 15:32:59.545 D/RILJ    ( 1652): [0141]< GET_CURRENT_CALLS  [id=1,ACTIVE,toa=129,norm,mo,0,voc,noevp,,cli=1,,0] [id=2,WAITING,toa=161,norm,mt,0,voc,noevp,,cli=1,,0] 
04-18 15:32:59.545 D/GSM     ( 1652): [GSMConn] update: parent=ACTIVE, hasNewParent=false, wasConnectingInOrOut=false, wasHolding=false, isConnectingInOrOut=false, changed=false
04-18 15:32:59.555 D/GSM     ( 1652): [GSMConn] update: parent=WAITING, hasNewParent=false, wasConnectingInOrOut=true, wasHolding=false, isConnectingInOrOut=true, changed=false
04-18 15:32:59.575 D/RILJ    ( 1652): [UNSL]< UNSOL_RESPONSE_CALL_STATE_CHANGED
04-18 15:32:59.585 D/RILJ    ( 1652): [0142]> GET_CURRENT_CALLS
04-18 15:32:59.595 D/RILC    ( 1536): [0142]> GET_CURRENT_CALLS 
04-18 15:32:59.595 D/RIL     ( 1536): onRequest: GET_CURRENT_CALLS
04-18 15:32:59.595 D/AT      ( 1536): AT> AT+CLCC
04-18 15:32:59.605 D/AT      ( 1536): AT< +CLCC: 1,0,0,0,0,"13182827869",129
04-18 15:32:59.605 D/AT      ( 1536): AT< +CLCC: 2,1,5,0,0,"18913956595",161
04-18 15:32:59.605 D/AT      ( 1536): AT< OK
04-18 15:32:59.605 D/RILC    ( 1536): [0142]< GET_CURRENT_CALLS {[id=1,ACTIVE,toa=129,norm,mo,als=0,voc,noevp,13182827869,cli=0,name='(null)',0][id=2,WAITING,toa=161,norm,mt,als=0,voc,noevp,18913956595,cli=0,name='(null)',0}
04-18 15:32:59.605 D/RILJ    ( 1652): InCall VoicePrivacy is disabled
04-18 15:32:59.605 D/RILJ    ( 1652): InCall VoicePrivacy is disabled
04-18 15:32:59.615 D/RILJ    ( 1652): [0142]< GET_CURRENT_CALLS  [id=1,ACTIVE,toa=129,norm,mo,0,voc,noevp,,cli=1,,0] [id=2,WAITING,toa=161,norm,mt,0,voc,noevp,,cli=1,,0] 
04-18 15:32:59.625 D/GSM     ( 1652): [GSMConn] update: parent=ACTIVE, hasNewParent=false, wasConnectingInOrOut=false, wasHolding=false, isConnectingInOrOut=false, changed=false
04-18 15:32:59.625 D/GSM     ( 1652): [GSMConn] update: parent=WAITING, hasNewParent=false, wasConnectingInOrOut=true, wasHolding=false, isConnectingInOrOut=true, changed=false
04-18 15:32:59.675 D/RILC    ( 1536): [UNSL]< UNSOL_RESPONSE_CALL_STATE_CHANGED 
04-18 15:32:59.675 D/RILJ    ( 1652): [UNSL]< UNSOL_RESPONSE_CALL_STATE_CHANGED
04-18 15:32:59.685 D/RILJ    ( 1652): [0143]> GET_CURRENT_CALLS
04-18 15:32:59.685 D/RILC    ( 1536): [0143]> GET_CURRENT_CALLS 
04-18 15:32:59.685 D/RIL     ( 1536): onRequest: GET_CURRENT_CALLS
04-18 15:32:59.685 D/AT      ( 1536): AT> AT+CLCC
04-18 15:32:59.685 D/AT      ( 1536): AT< +CLCC: 1,0,0,0,0,"13182827869",129
04-18 15:32:59.685 D/AT      ( 1536): AT< +CLCC: 2,1,5,0,0,"18913956595",161
04-18 15:32:59.685 D/AT      ( 1536): AT< OK
04-18 15:32:59.685 D/RILC    ( 1536): [0143]< GET_CURRENT_CALLS {[id=1,ACTIVE,toa=129,norm,mo,als=0,voc,noevp,13182827869,cli=0,name='(null)',0][id=2,WAITING,toa=161,norm,mt,als=0,voc,noevp,18913956595,cli=0,name='(null)',0}
04-18 15:32:59.685 D/RILJ    ( 1652): InCall VoicePrivacy is disabled
04-18 15:32:59.685 D/RILJ    ( 1652): InCall VoicePrivacy is disabled
04-18 15:32:59.685 D/RILJ    ( 1652): [0143]< GET_CURRENT_CALLS  [id=1,ACTIVE,toa=129,norm,mo,0,voc,noevp,,cli=1,,0] [id=2,WAITING,toa=161,norm,mt,0,voc,noevp,,cli=1,,0] 
04-18 15:32:59.705 D/GSM     ( 1652): [GSMConn] update: parent=ACTIVE, hasNewParent=false, wasConnectingInOrOut=false, wasHolding=false, isConnectingInOrOut=false, changed=false
04-18 15:32:59.705 D/GSM     ( 1652): [GSMConn] update: parent=WAITING, hasNewParent=false, wasConnectingInOrOut=true, wasHolding=false, isConnectingInOrOut=true, changed=false
04-18 15:32:59.755 D/RILC    ( 1536): [UNSL]< UNSOL_RESPONSE_CALL_STATE_CHANGED 
04-18 15:32:59.755 D/RILJ    ( 1652): [UNSL]< UNSOL_RESPONSE_CALL_STATE_CHANGED
04-18 15:32:59.755 D/RILJ    ( 1652): [0144]> GET_CURRENT_CALLS
04-18 15:32:59.765 D/RILC    ( 1536): [0144]> GET_CURRENT_CALLS 
04-18 15:32:59.765 D/RIL     ( 1536): onRequest: GET_CURRENT_CALLS
04-18 15:32:59.765 D/AT      ( 1536): AT> AT+CLCC
04-18 15:32:59.765 D/AT      ( 1536): AT< +CLCC: 1,0,0,0,0,"13182827869",129
04-18 15:32:59.765 D/AT      ( 1536): AT< +CLCC: 2,1,5,0,0,"18913956595",161
04-18 15:32:59.765 D/AT      ( 1536): AT< OK
04-18 15:32:59.765 D/RILC    ( 1536): [0144]< GET_CURRENT_CALLS {[id=1,ACTIVE,toa=129,norm,mo,als=0,voc,noevp,13182827869,cli=0,name='(null)',0][id=2,WAITING,toa=161,norm,mt,als=0,voc,noevp,18913956595,cli=0,name='(null)',0}
04-18 15:32:59.765 D/RILJ    ( 1652): InCall VoicePrivacy is disabled
04-18 15:32:59.765 D/RILJ    ( 1652): InCall VoicePrivacy is disabled
04-18 15:32:59.765 D/RILJ    ( 1652): [0144]< GET_CURRENT_CALLS  [id=1,ACTIVE,toa=129,norm,mo,0,voc,noevp,,cli=1,,0] [id=2,WAITING,toa=161,norm,mt,0,voc,noevp,,cli=1,,0] 
04-18 15:32:59.775 D/GSM     ( 1652): [GSMConn] update: parent=ACTIVE, hasNewParent=false, wasConnectingInOrOut=false, wasHolding=false, isConnectingInOrOut=false, changed=false
04-18 15:32:59.775 D/GSM     ( 1652): [GSMConn] update: parent=WAITING, hasNewParent=false, wasConnectingInOrOut=true, wasHolding=false, isConnectingInOrOut=true, changed=false
04-18 15:33:00.035 D/RILC    ( 1536): [UNSL]< UNSOL_RESPONSE_CALL_STATE_CHANGED 
04-18 15:33:00.035 D/RILJ    ( 1652): [UNSL]< UNSOL_RESPONSE_CALL_STATE_CHANGED
04-18 15:33:00.035 D/RILJ    ( 1652): [0145]> GET_CURRENT_CALLS
04-18 15:33:00.045 D/RILC    ( 1536): [0145]> GET_CURRENT_CALLS 
04-18 15:33:00.045 D/RIL     ( 1536): onRequest: GET_CURRENT_CALLS
04-18 15:33:00.045 D/AT      ( 1536): AT> AT+CLCC
04-18 15:33:00.045 D/AT      ( 1536): AT< +CLCC: 1,0,0,0,0,"13182827869",129
04-18 15:33:00.045 D/AT      ( 1536): AT< +CLCC: 2,1,5,0,0,"18913956595",161
04-18 15:33:00.045 D/AT      ( 1536): AT< OK
04-18 15:33:00.045 D/RILC    ( 1536): [0145]< GET_CURRENT_CALLS {[id=1,ACTIVE,toa=129,norm,mo,als=0,voc,noevp,13182827869,cli=0,name='(null)',0][id=2,WAITING,toa=161,norm,mt,als=0,voc,noevp,18913956595,cli=0,name='(null)',0}
04-18 15:33:00.045 D/RILJ    ( 1652): InCall VoicePrivacy is disabled
04-18 15:33:00.045 D/RILJ    ( 1652): InCall VoicePrivacy is disabled
04-18 15:33:00.055 D/RILJ    ( 1652): [0145]< GET_CURRENT_CALLS  [id=1,ACTIVE,toa=129,norm,mo,0,voc,noevp,,cli=1,,0] [id=2,WAITING,toa=161,norm,mt,0,voc,noevp,,cli=1,,0] 
04-18 15:33:00.065 D/GSM     ( 1652): [GSMConn] update: parent=ACTIVE, hasNewParent=false, wasConnectingInOrOut=false, wasHolding=false, isConnectingInOrOut=false, changed=false
04-18 15:33:00.075 D/GSM     ( 1652): [GSMConn] update: parent=WAITING, hasNewParent=false, wasConnectingInOrOut=true, wasHolding=false, isConnectingInOrOut=true, changed=false
04-18 15:33:00.105 D/RILC    ( 1536): [UNSL]< UNSOL_RESPONSE_CALL_STATE_CHANGED 
04-18 15:33:00.105 D/RILJ    ( 1652): [UNSL]< UNSOL_RESPONSE_CALL_STATE_CHANGED
04-18 15:33:00.105 D/RILJ    ( 1652): [0146]> GET_CURRENT_CALLS
04-18 15:33:00.145 D/RILC    ( 1536): [0146]> GET_CURRENT_CALLS 
04-18 15:33:00.145 D/RIL     ( 1536): onRequest: GET_CURRENT_CALLS
04-18 15:33:00.145 D/AT      ( 1536): AT> AT+CLCC
04-18 15:33:00.155 D/AT      ( 1536): AT< +CLCC: 1,0,0,0,0,"13182827869",129
04-18 15:33:00.155 D/AT      ( 1536): AT< +CLCC: 2,1,5,0,0,"18913956595",161
04-18 15:33:00.155 D/AT      ( 1536): AT< OK
04-18 15:33:00.155 D/RILC    ( 1536): [0146]< GET_CURRENT_CALLS {[id=1,ACTIVE,toa=129,norm,mo,als=0,voc,noevp,13182827869,cli=0,name='(null)',0][id=2,WAITING,toa=161,norm,mt,als=0,voc,noevp,18913956595,cli=0,name='(null)',0}
04-18 15:33:00.155 D/RILJ    ( 1652): InCall VoicePrivacy is disabled
04-18 15:33:00.155 D/RILJ    ( 1652): InCall VoicePrivacy is disabled
04-18 15:33:00.155 D/RILJ    ( 1652): [0146]< GET_CURRENT_CALLS  [id=1,ACTIVE,toa=129,norm,mo,0,voc,noevp,,cli=1,,0] [id=2,WAITING,toa=161,norm,mt,0,voc,noevp,,cli=1,,0] 
04-18 15:33:00.165 D/GSM     ( 1652): [GSMConn] update: parent=ACTIVE, hasNewParent=false, wasConnectingInOrOut=false, wasHolding=false, isConnectingInOrOut=false, changed=false
04-18 15:33:00.165 D/GSM     ( 1652): [GSMConn] update: parent=WAITING, hasNewParent=false, wasConnectingInOrOut=true, wasHolding=false, isConnectingInOrOut=true, changed=false
04-18 15:33:00.185 D/RILC    ( 1536): [UNSL]< UNSOL_RESPONSE_CALL_STATE_CHANGED 
04-18 15:33:00.195 D/RILJ    ( 1652): [UNSL]< UNSOL_RESPONSE_CALL_STATE_CHANGED
04-18 15:33:00.235 D/RILJ    ( 1652): [0147]> GET_CURRENT_CALLS
04-18 15:33:00.265 D/RILC    ( 1536): [0147]> GET_CURRENT_CALLS 
04-18 15:33:00.265 D/RIL     ( 1536): onRequest: GET_CURRENT_CALLS
04-18 15:33:00.265 D/AT      ( 1536): AT> AT+CLCC
04-18 15:33:00.265 D/AT      ( 1536): AT< +CLCC: 1,0,0,0,0,"13182827869",129
04-18 15:33:00.275 D/AT      ( 1536): AT< +CLCC: 2,1,5,0,0,"18913956595",161
04-18 15:33:00.275 D/AT      ( 1536): AT< OK
04-18 15:33:00.275 D/RILC    ( 1536): [0147]< GET_CURRENT_CALLS {[id=1,ACTIVE,toa=129,norm,mo,als=0,voc,noevp,13182827869,cli=0,name='(null)',0][id=2,WAITING,toa=161,norm,mt,als=0,voc,noevp,18913956595,cli=0,name='(null)',0}
04-18 15:33:00.275 D/RILJ    ( 1652): InCall VoicePrivacy is disabled
04-18 15:33:00.275 D/RILJ    ( 1652): InCall VoicePrivacy is disabled
04-18 15:33:00.275 D/RILJ    ( 1652): [0147]< GET_CURRENT_CALLS  [id=1,ACTIVE,toa=129,norm,mo,0,voc,noevp,,cli=1,,0] [id=2,WAITING,toa=161,norm,mt,0,voc,noevp,,cli=1,,0] 
04-18 15:33:00.285 D/GSM     ( 1652): [GSMConn] update: parent=ACTIVE, hasNewParent=false, wasConnectingInOrOut=false, wasHolding=false, isConnectingInOrOut=false, changed=false
04-18 15:33:00.285 D/GSM     ( 1652): [GSMConn] update: parent=WAITING, hasNewParent=false, wasConnectingInOrOut=true, wasHolding=false, isConnectingInOrOut=true, changed=false
04-18 15:33:00.285 D/RILC    ( 1536): [UNSL]< UNSOL_RESPONSE_CALL_STATE_CHANGED 
04-18 15:33:00.325 D/RILJ    ( 1652): [UNSL]< UNSOL_RESPONSE_CALL_STATE_CHANGED
04-18 15:33:00.345 D/RILJ    ( 1652): [0148]> GET_CURRENT_CALLS
04-18 15:33:00.365 D/RILC    ( 1536): [0148]> GET_CURRENT_CALLS 
04-18 15:33:00.365 D/RIL     ( 1536): onRequest: GET_CURRENT_CALLS
04-18 15:33:00.365 D/AT      ( 1536): AT> AT+CLCC
04-18 15:33:00.365 D/AT      ( 1536): AT< +CLCC: 1,0,0,0,0,"13182827869",129
04-18 15:33:00.365 D/AT      ( 1536): AT< +CLCC: 2,1,5,0,0,"18913956595",161
04-18 15:33:00.365 D/AT      ( 1536): AT< OK
04-18 15:33:00.365 D/RILC    ( 1536): [0148]< GET_CURRENT_CALLS {[id=1,ACTIVE,toa=129,norm,mo,als=0,voc,noevp,13182827869,cli=0,name='(null)',0][id=2,WAITING,toa=161,norm,mt,als=0,voc,noevp,18913956595,cli=0,name='(null)',0}
04-18 15:33:00.375 D/RILJ    ( 1652): InCall VoicePrivacy is disabled
04-18 15:33:00.375 D/RILJ    ( 1652): InCall VoicePrivacy is disabled
04-18 15:33:00.375 D/RILJ    ( 1652): [0148]< GET_CURRENT_CALLS  [id=1,ACTIVE,toa=129,norm,mo,0,voc,noevp,,cli=1,,0] [id=2,WAITING,toa=161,norm,mt,0,voc,noevp,,cli=1,,0] 
04-18 15:33:00.415 D/GSM     ( 1652): [GSMConn] update: parent=ACTIVE, hasNewParent=false, wasConnectingInOrOut=false, wasHolding=false, isConnectingInOrOut=false, changed=false
04-18 15:33:00.415 D/GSM     ( 1652): [GSMConn] update: parent=WAITING, hasNewParent=false, wasConnectingInOrOut=true, wasHolding=false, isConnectingInOrOut=true, changed=false
04-18 15:33:00.555 D/RILC    ( 1536): [UNSL]< UNSOL_RESPONSE_CALL_STATE_CHANGED 
04-18 15:33:00.555 D/RILJ    ( 1652): [UNSL]< UNSOL_RESPONSE_CALL_STATE_CHANGED
04-18 15:33:00.555 D/RILJ    ( 1652): [0149]> GET_CURRENT_CALLS
04-18 15:33:00.575 D/RILC    ( 1536): [0149]> GET_CURRENT_CALLS 
04-18 15:33:00.575 D/RIL     ( 1536): onRequest: GET_CURRENT_CALLS
04-18 15:33:00.585 D/AT      ( 1536): AT> AT+CLCC
04-18 15:33:00.585 D/AT      ( 1536): AT< +CLCC: 1,0,0,0,0,"13182827869",129
04-18 15:33:00.585 D/AT      ( 1536): AT< +CLCC: 2,1,5,0,0,"18913956595",161
04-18 15:33:00.585 D/AT      ( 1536): AT< OK
04-18 15:33:00.585 D/RILC    ( 1536): [0149]< GET_CURRENT_CALLS {[id=1,ACTIVE,toa=129,norm,mo,als=0,voc,noevp,13182827869,cli=0,name='(null)',0][id=2,WAITING,toa=161,norm,mt,als=0,voc,noevp,18913956595,cli=0,name='(null)',0}
04-18 15:33:00.595 D/RILJ    ( 1652): InCall VoicePrivacy is disabled
04-18 15:33:00.595 D/RILJ    ( 1652): InCall VoicePrivacy is disabled
04-18 15:33:00.595 D/RILJ    ( 1652): [0149]< GET_CURRENT_CALLS  [id=1,ACTIVE,toa=129,norm,mo,0,voc,noevp,,cli=1,,0] [id=2,WAITING,toa=161,norm,mt,0,voc,noevp,,cli=1,,0] 
04-18 15:33:00.605 D/GSM     ( 1652): [GSMConn] update: parent=ACTIVE, hasNewParent=false, wasConnectingInOrOut=false, wasHolding=false, isConnectingInOrOut=false, changed=false
04-18 15:33:00.605 D/GSM     ( 1652): [GSMConn] update: parent=WAITING, hasNewParent=false, wasConnectingInOrOut=true, wasHolding=false, isConnectingInOrOut=true, changed=false
04-18 15:33:00.665 D/RILC    ( 1536): [UNSL]< UNSOL_RESPONSE_CALL_STATE_CHANGED 
04-18 15:33:00.665 D/RILJ    ( 1652): [UNSL]< UNSOL_RESPONSE_CALL_STATE_CHANGED
04-18 15:33:00.675 D/RILJ    ( 1652): [0150]> GET_CURRENT_CALLS
04-18 15:33:00.695 D/RILC    ( 1536): [0150]> GET_CURRENT_CALLS 
04-18 15:33:00.695 D/RIL     ( 1536): onRequest: GET_CURRENT_CALLS
04-18 15:33:00.695 D/AT      ( 1536): AT> AT+CLCC
04-18 15:33:00.705 D/AT      ( 1536): AT< +CLCC: 1,0,0,0,0,"13182827869",129
04-18 15:33:00.705 D/AT      ( 1536): AT< +CLCC: 2,1,5,0,0,"18913956595",161
04-18 15:33:00.705 D/AT      ( 1536): AT< OK
04-18 15:33:00.705 D/RILC    ( 1536): [0150]< GET_CURRENT_CALLS {[id=1,ACTIVE,toa=129,norm,mo,als=0,voc,noevp,13182827869,cli=0,name='(null)',0][id=2,WAITING,toa=161,norm,mt,als=0,voc,noevp,18913956595,cli=0,name='(null)',0}
04-18 15:33:00.705 D/RILJ    ( 1652): InCall VoicePrivacy is disabled
04-18 15:33:00.705 D/RILJ    ( 1652): InCall VoicePrivacy is disabled
04-18 15:33:00.735 D/RILJ    ( 1652): [0150]< GET_CURRENT_CALLS  [id=1,ACTIVE,toa=129,norm,mo,0,voc,noevp,,cli=1,,0] [id=2,WAITING,toa=161,norm,mt,0,voc,noevp,,cli=1,,0] 
04-18 15:33:00.735 D/GSM     ( 1652): [GSMConn] update: parent=ACTIVE, hasNewParent=false, wasConnectingInOrOut=false, wasHolding=false, isConnectingInOrOut=false, changed=false
04-18 15:33:00.735 D/GSM     ( 1652): [GSMConn] update: parent=WAITING, hasNewParent=false, wasConnectingInOrOut=true, wasHolding=false, isConnectingInOrOut=true, changed=false
04-18 15:33:00.785 D/RILC    ( 1536): [UNSL]< UNSOL_RESPONSE_CALL_STATE_CHANGED 
04-18 15:33:00.815 D/RILJ    ( 1652): [UNSL]< UNSOL_RESPONSE_CALL_STATE_CHANGED
04-18 15:33:00.825 D/RILJ    ( 1652): [0151]> GET_CURRENT_CALLS
04-18 15:33:00.835 D/RILC    ( 1536): [0151]> GET_CURRENT_CALLS 
04-18 15:33:00.835 D/RIL     ( 1536): onRequest: GET_CURRENT_CALLS
04-18 15:33:00.835 D/AT      ( 1536): AT> AT+CLCC
04-18 15:33:00.835 D/AT      ( 1536): AT< +CLCC: 1,0,0,0,0,"13182827869",129
04-18 15:33:00.845 D/AT      ( 1536): AT< +CLCC: 2,1,5,0,0,"18913956595",161
04-18 15:33:00.845 D/AT      ( 1536): AT< OK
04-18 15:33:00.845 D/RILC    ( 1536): [0151]< GET_CURRENT_CALLS {[id=1,ACTIVE,toa=129,norm,mo,als=0,voc,noevp,13182827869,cli=0,name='(null)',0][id=2,WAITING,toa=161,norm,mt,als=0,voc,noevp,18913956595,cli=0,name='(null)',0}
04-18 15:33:00.855 D/RILJ    ( 1652): InCall VoicePrivacy is disabled
04-18 15:33:00.865 D/RILJ    ( 1652): InCall VoicePrivacy is disabled
04-18 15:33:00.865 D/RILJ    ( 1652): [0151]< GET_CURRENT_CALLS  [id=1,ACTIVE,toa=129,norm,mo,0,voc,noevp,,cli=1,,0] [id=2,WAITING,toa=161,norm,mt,0,voc,noevp,,cli=1,,0] 
04-18 15:33:00.865 D/GSM     ( 1652): [GSMConn] update: parent=ACTIVE, hasNewParent=false, wasConnectingInOrOut=false, wasHolding=false, isConnectingInOrOut=false, changed=false
04-18 15:33:00.865 D/GSM     ( 1652): [GSMConn] update: parent=WAITING, hasNewParent=false, wasConnectingInOrOut=true, wasHolding=false, isConnectingInOrOut=true, changed=false
04-18 15:33:00.875 D/RILC    ( 1536): [UNSL]< UNSOL_RESPONSE_CALL_STATE_CHANGED 
04-18 15:33:00.885 D/RILJ    ( 1652): [UNSL]< UNSOL_RESPONSE_CALL_STATE_CHANGED
04-18 15:33:00.885 D/RILJ    ( 1652): [0152]> GET_CURRENT_CALLS
04-18 15:33:00.905 D/RILC    ( 1536): [0152]> GET_CURRENT_CALLS 
04-18 15:33:00.905 D/RIL     ( 1536): onRequest: GET_CURRENT_CALLS
04-18 15:33:00.905 D/AT      ( 1536): AT> AT+CLCC
04-18 15:33:00.916 D/AT      ( 1536): AT< +CLCC: 1,0,0,0,0,"13182827869",129
04-18 15:33:00.916 D/AT      ( 1536): AT< +CLCC: 2,1,5,0,0,"18913956595",161
04-18 15:33:00.916 D/AT      ( 1536): AT< OK
04-18 15:33:00.916 D/RILC    ( 1536): [0152]< GET_CURRENT_CALLS {[id=1,ACTIVE,toa=129,norm,mo,als=0,voc,noevp,13182827869,cli=0,name='(null)',0][id=2,WAITING,toa=161,norm,mt,als=0,voc,noevp,18913956595,cli=0,name='(null)',0}
04-18 15:33:00.916 D/RILJ    ( 1652): InCall VoicePrivacy is disabled
04-18 15:33:00.925 D/RILJ    ( 1652): InCall VoicePrivacy is disabled
04-18 15:33:00.925 D/RILJ    ( 1652): [0152]< GET_CURRENT_CALLS  [id=1,ACTIVE,toa=129,norm,mo,0,voc,noevp,,cli=1,,0] [id=2,WAITING,toa=161,norm,mt,0,voc,noevp,,cli=1,,0] 
04-18 15:33:00.935 D/GSM     ( 1652): [GSMConn] update: parent=ACTIVE, hasNewParent=false, wasConnectingInOrOut=false, wasHolding=false, isConnectingInOrOut=false, changed=false
04-18 15:33:00.935 D/GSM     ( 1652): [GSMConn] update: parent=WAITING, hasNewParent=false, wasConnectingInOrOut=true, wasHolding=false, isConnectingInOrOut=true, changed=false
04-18 15:33:01.095 D/RILC    ( 1536): [UNSL]< UNSOL_RESPONSE_CALL_STATE_CHANGED 
04-18 15:33:01.095 D/RILJ    ( 1652): [UNSL]< UNSOL_RESPONSE_CALL_STATE_CHANGED
04-18 15:33:01.105 D/RILJ    ( 1652): [0153]> GET_CURRENT_CALLS
04-18 15:33:01.115 D/RILC    ( 1536): [0153]> GET_CURRENT_CALLS 
04-18 15:33:01.115 D/RIL     ( 1536): onRequest: GET_CURRENT_CALLS
04-18 15:33:01.115 D/AT      ( 1536): AT> AT+CLCC
04-18 15:33:01.125 D/AT      ( 1536): AT< +CLCC: 1,0,0,0,0,"13182827869",129
04-18 15:33:01.125 D/AT      ( 1536): AT< +CLCC: 2,1,5,0,0,"18913956595",161
04-18 15:33:01.125 D/AT      ( 1536): AT< OK
04-18 15:33:01.125 D/RILC    ( 1536): [0153]< GET_CURRENT_CALLS {[id=1,ACTIVE,toa=129,norm,mo,als=0,voc,noevp,13182827869,cli=0,name='(null)',0][id=2,WAITING,toa=161,norm,mt,als=0,voc,noevp,18913956595,cli=0,name='(null)',0}
04-18 15:33:01.125 D/RILJ    ( 1652): InCall VoicePrivacy is disabled
04-18 15:33:01.125 D/RILJ    ( 1652): InCall VoicePrivacy is disabled
04-18 15:33:01.145 D/RILJ    ( 1652): [0153]< GET_CURRENT_CALLS  [id=1,ACTIVE,toa=129,norm,mo,0,voc,noevp,,cli=1,,0] [id=2,WAITING,toa=161,norm,mt,0,voc,noevp,,cli=1,,0] 
04-18 15:33:01.155 D/GSM     ( 1652): [GSMConn] update: parent=ACTIVE, hasNewParent=false, wasConnectingInOrOut=false, wasHolding=false, isConnectingInOrOut=false, changed=false
04-18 15:33:01.155 D/GSM     ( 1652): [GSMConn] update: parent=WAITING, hasNewParent=false, wasConnectingInOrOut=true, wasHolding=false, isConnectingInOrOut=true, changed=false
04-18 15:33:01.212 D/RILC    ( 1536): [UNSL]< UNSOL_RESPONSE_CALL_STATE_CHANGED 
04-18 15:33:01.215 D/RILJ    ( 1652): [UNSL]< UNSOL_RESPONSE_CALL_STATE_CHANGED
04-18 15:33:01.215 D/RILJ    ( 1652): [0154]> GET_CURRENT_CALLS
04-18 15:33:01.225 D/RILC    ( 1536): [0154]> GET_CURRENT_CALLS 
04-18 15:33:01.225 D/RIL     ( 1536): onRequest: GET_CURRENT_CALLS
04-18 15:33:01.225 D/AT      ( 1536): AT> AT+CLCC
04-18 15:33:01.225 D/AT      ( 1536): AT< +CLCC: 1,0,0,0,0,"13182827869",129
04-18 15:33:01.235 D/AT      ( 1536): AT< +CLCC: 2,1,5,0,0,"18913956595",161
04-18 15:33:01.235 D/AT      ( 1536): AT< OK
04-18 15:33:01.235 D/RILC    ( 1536): [0154]< GET_CURRENT_CALLS {[id=1,ACTIVE,toa=129,norm,mo,als=0,voc,noevp,13182827869,cli=0,name='(null)',0][id=2,WAITING,toa=161,norm,mt,als=0,voc,noevp,18913956595,cli=0,name='(null)',0}
04-18 15:33:01.245 D/RILJ    ( 1652): InCall VoicePrivacy is disabled
04-18 15:33:01.245 D/RILJ    ( 1652): InCall VoicePrivacy is disabled
04-18 15:33:01.255 D/RILJ    ( 1652): [0154]< GET_CURRENT_CALLS  [id=1,ACTIVE,toa=129,norm,mo,0,voc,noevp,,cli=1,,0] [id=2,WAITING,toa=161,norm,mt,0,voc,noevp,,cli=1,,0] 
04-18 15:33:01.265 D/GSM     ( 1652): [GSMConn] update: parent=ACTIVE, hasNewParent=false, wasConnectingInOrOut=false, wasHolding=false, isConnectingInOrOut=false, changed=false
04-18 15:33:01.265 D/GSM     ( 1652): [GSMConn] update: parent=WAITING, hasNewParent=false, wasConnectingInOrOut=true, wasHolding=false, isConnectingInOrOut=true, changed=false
04-18 15:33:01.357 D/RILC    ( 1536): [UNSL]< UNSOL_RESPONSE_CALL_STATE_CHANGED 
04-18 15:33:01.365 D/RILJ    ( 1652): [UNSL]< UNSOL_RESPONSE_CALL_STATE_CHANGED
04-18 15:33:01.365 D/RILJ    ( 1652): [0155]> GET_CURRENT_CALLS
04-18 15:33:01.375 D/RILC    ( 1536): [0155]> GET_CURRENT_CALLS 
04-18 15:33:01.375 D/RIL     ( 1536): onRequest: GET_CURRENT_CALLS
04-18 15:33:01.375 D/AT      ( 1536): AT> AT+CLCC
04-18 15:33:01.385 D/AT      ( 1536): AT< +CLCC: 1,0,0,0,0,"13182827869",129
04-18 15:33:01.385 D/AT      ( 1536): AT< +CLCC: 2,1,5,0,0,"18913956595",161
04-18 15:33:01.385 D/AT      ( 1536): AT< OK
04-18 15:33:01.385 D/RILC    ( 1536): [0155]< GET_CURRENT_CALLS {[id=1,ACTIVE,toa=129,norm,mo,als=0,voc,noevp,13182827869,cli=0,name='(null)',0][id=2,WAITING,toa=161,norm,mt,als=0,voc,noevp,18913956595,cli=0,name='(null)',0}
04-18 15:33:01.395 D/RILJ    ( 1652): InCall VoicePrivacy is disabled
04-18 15:33:01.395 D/RILJ    ( 1652): InCall VoicePrivacy is disabled
04-18 15:33:01.395 D/RILJ    ( 1652): [0155]< GET_CURRENT_CALLS  [id=1,ACTIVE,toa=129,norm,mo,0,voc,noevp,,cli=1,,0] [id=2,WAITING,toa=161,norm,mt,0,voc,noevp,,cli=1,,0] 
04-18 15:33:01.395 D/GSM     ( 1652): [GSMConn] update: parent=ACTIVE, hasNewParent=false, wasConnectingInOrOut=false, wasHolding=false, isConnectingInOrOut=false, changed=false
04-18 15:33:01.405 D/GSM     ( 1652): [GSMConn] update: parent=WAITING, hasNewParent=false, wasConnectingInOrOut=true, wasHolding=false, isConnectingInOrOut=true, changed=false
04-18 15:33:01.425 D/RILC    ( 1536): [UNSL]< UNSOL_RESPONSE_CALL_STATE_CHANGED 
04-18 15:33:01.425 D/RILJ    ( 1652): [UNSL]< UNSOL_RESPONSE_CALL_STATE_CHANGED
04-18 15:33:01.435 D/RILJ    ( 1652): [0156]> GET_CURRENT_CALLS
04-18 15:33:01.445 D/RILC    ( 1536): [0156]> GET_CURRENT_CALLS 
04-18 15:33:01.445 D/RIL     ( 1536): onRequest: GET_CURRENT_CALLS
04-18 15:33:01.445 D/AT      ( 1536): AT> AT+CLCC
04-18 15:33:01.456 D/AT      ( 1536): AT< +CLCC: 1,0,0,0,0,"13182827869",129
04-18 15:33:01.456 D/AT      ( 1536): AT< +CLCC: 2,1,5,0,0,"18913956595",161
04-18 15:33:01.456 D/AT      ( 1536): AT< OK
04-18 15:33:01.465 D/RILC    ( 1536): [0156]< GET_CURRENT_CALLS {[id=1,ACTIVE,toa=129,norm,mo,als=0,voc,noevp,13182827869,cli=0,name='(null)',0][id=2,WAITING,toa=161,norm,mt,als=0,voc,noevp,18913956595,cli=0,name='(null)',0}
04-18 15:33:01.465 D/RILJ    ( 1652): InCall VoicePrivacy is disabled
04-18 15:33:01.465 D/RILJ    ( 1652): InCall VoicePrivacy is disabled
04-18 15:33:01.475 D/RILJ    ( 1652): [0156]< GET_CURRENT_CALLS  [id=1,ACTIVE,toa=129,norm,mo,0,voc,noevp,,cli=1,,0] [id=2,WAITING,toa=161,norm,mt,0,voc,noevp,,cli=1,,0] 
04-18 15:33:01.475 D/GSM     ( 1652): [GSMConn] update: parent=ACTIVE, hasNewParent=false, wasConnectingInOrOut=false, wasHolding=false, isConnectingInOrOut=false, changed=false
04-18 15:33:01.475 D/GSM     ( 1652): [GSMConn] update: parent=WAITING, hasNewParent=false, wasConnectingInOrOut=true, wasHolding=false, isConnectingInOrOut=true, changed=false
04-18 15:33:01.629 D/RILC    ( 1536): [UNSL]< UNSOL_RESPONSE_CALL_STATE_CHANGED 
04-18 15:33:01.629 D/RILJ    ( 1652): [UNSL]< UNSOL_RESPONSE_CALL_STATE_CHANGED
04-18 15:33:01.635 D/RILJ    ( 1652): [0157]> GET_CURRENT_CALLS
04-18 15:33:01.635 D/RILC    ( 1536): [0157]> GET_CURRENT_CALLS 
04-18 15:33:01.635 D/RIL     ( 1536): onRequest: GET_CURRENT_CALLS
04-18 15:33:01.635 D/AT      ( 1536): AT> AT+CLCC
04-18 15:33:01.645 D/AT      ( 1536): AT< +CLCC: 1,0,0,0,0,"13182827869",129
04-18 15:33:01.645 D/AT      ( 1536): AT< +CLCC: 2,1,5,0,0,"18913956595",161
04-18 15:33:01.645 D/AT      ( 1536): AT< OK
04-18 15:33:01.645 D/RILC    ( 1536): [0157]< GET_CURRENT_CALLS {[id=1,ACTIVE,toa=129,norm,mo,als=0,voc,noevp,13182827869,cli=0,name='(null)',0][id=2,WAITING,toa=161,norm,mt,als=0,voc,noevp,18913956595,cli=0,name='(null)',0}
04-18 15:33:01.645 D/RILJ    ( 1652): InCall VoicePrivacy is disabled
04-18 15:33:01.645 D/RILJ    ( 1652): InCall VoicePrivacy is disabled
04-18 15:33:01.645 D/RILJ    ( 1652): [0157]< GET_CURRENT_CALLS  [id=1,ACTIVE,toa=129,norm,mo,0,voc,noevp,,cli=1,,0] [id=2,WAITING,toa=161,norm,mt,0,voc,noevp,,cli=1,,0] 
04-18 15:33:01.645 D/GSM     ( 1652): [GSMConn] update: parent=ACTIVE, hasNewParent=false, wasConnectingInOrOut=false, wasHolding=false, isConnectingInOrOut=false, changed=false
04-18 15:33:01.645 D/GSM     ( 1652): [GSMConn] update: parent=WAITING, hasNewParent=false, wasConnectingInOrOut=true, wasHolding=false, isConnectingInOrOut=true, changed=false
04-18 15:33:01.747 D/RILC    ( 1536): [UNSL]< UNSOL_RESPONSE_CALL_STATE_CHANGED 
04-18 15:33:01.747 D/RILJ    ( 1652): [UNSL]< UNSOL_RESPONSE_CALL_STATE_CHANGED
04-18 15:33:01.747 D/RILJ    ( 1652): [0158]> GET_CURRENT_CALLS
04-18 15:33:01.755 D/RILC    ( 1536): [0158]> GET_CURRENT_CALLS 
04-18 15:33:01.755 D/RIL     ( 1536): onRequest: GET_CURRENT_CALLS
04-18 15:33:01.755 D/AT      ( 1536): AT> AT+CLCC
04-18 15:33:01.755 D/AT      ( 1536): AT< +CLCC: 1,0,0,0,0,"13182827869",129
04-18 15:33:01.755 D/AT      ( 1536): AT< +CLCC: 2,1,5,0,0,"18913956595",161
04-18 15:33:01.755 D/AT      ( 1536): AT< OK
04-18 15:33:01.755 D/RILC    ( 1536): [0158]< GET_CURRENT_CALLS {[id=1,ACTIVE,toa=129,norm,mo,als=0,voc,noevp,13182827869,cli=0,name='(null)',0][id=2,WAITING,toa=161,norm,mt,als=0,voc,noevp,18913956595,cli=0,name='(null)',0}
04-18 15:33:01.765 D/RILJ    ( 1652): InCall VoicePrivacy is disabled
04-18 15:33:01.765 D/RILJ    ( 1652): InCall VoicePrivacy is disabled
04-18 15:33:01.775 D/RILJ    ( 1652): [0158]< GET_CURRENT_CALLS  [id=1,ACTIVE,toa=129,norm,mo,0,voc,noevp,,cli=1,,0] [id=2,WAITING,toa=161,norm,mt,0,voc,noevp,,cli=1,,0] 
04-18 15:33:01.775 D/GSM     ( 1652): [GSMConn] update: parent=ACTIVE, hasNewParent=false, wasConnectingInOrOut=false, wasHolding=false, isConnectingInOrOut=false, changed=false
04-18 15:33:01.775 D/GSM     ( 1652): [GSMConn] update: parent=WAITING, hasNewParent=false, wasConnectingInOrOut=true, wasHolding=false, isConnectingInOrOut=true, changed=false
04-18 15:33:01.898 D/RILC    ( 1536): [UNSL]< UNSOL_RESPONSE_CALL_STATE_CHANGED 
04-18 15:33:01.898 D/RILJ    ( 1652): [UNSL]< UNSOL_RESPONSE_CALL_STATE_CHANGED
04-18 15:33:01.905 D/RILJ    ( 1652): [0159]> GET_CURRENT_CALLS
04-18 15:33:01.905 D/RILC    ( 1536): [0159]> GET_CURRENT_CALLS 
04-18 15:33:01.905 D/RIL     ( 1536): onRequest: GET_CURRENT_CALLS
04-18 15:33:01.905 D/AT      ( 1536): AT> AT+CLCC
04-18 15:33:01.915 D/AT      ( 1536): AT< +CLCC: 1,0,0,0,0,"13182827869",129
04-18 15:33:01.915 D/AT      ( 1536): AT< +CLCC: 2,1,5,0,0,"18913956595",161
04-18 15:33:01.915 D/AT      ( 1536): AT< OK
04-18 15:33:01.915 D/RILC    ( 1536): [0159]< GET_CURRENT_CALLS {[id=1,ACTIVE,toa=129,norm,mo,als=0,voc,noevp,13182827869,cli=0,name='(null)',0][id=2,WAITING,toa=161,norm,mt,als=0,voc,noevp,18913956595,cli=0,name='(null)',0}
04-18 15:33:01.915 D/RILJ    ( 1652): InCall VoicePrivacy is disabled
04-18 15:33:01.915 D/RILJ    ( 1652): InCall VoicePrivacy is disabled
04-18 15:33:01.915 D/RILJ    ( 1652): [0159]< GET_CURRENT_CALLS  [id=1,ACTIVE,toa=129,norm,mo,0,voc,noevp,,cli=1,,0] [id=2,WAITING,toa=161,norm,mt,0,voc,noevp,,cli=1,,0] 
04-18 15:33:01.915 D/GSM     ( 1652): [GSMConn] update: parent=ACTIVE, hasNewParent=false, wasConnectingInOrOut=false, wasHolding=false, isConnectingInOrOut=false, changed=false
04-18 15:33:01.915 D/GSM     ( 1652): [GSMConn] update: parent=WAITING, hasNewParent=false, wasConnectingInOrOut=true, wasHolding=false, isConnectingInOrOut=true, changed=false
04-18 15:33:01.975 D/RILC    ( 1536): [UNSL]< UNSOL_RESPONSE_CALL_STATE_CHANGED 
04-18 15:33:01.975 D/RILJ    ( 1652): [UNSL]< UNSOL_RESPONSE_CALL_STATE_CHANGED
04-18 15:33:01.975 D/RILJ    ( 1652): [0160]> GET_CURRENT_CALLS
04-18 15:33:01.985 D/RILC    ( 1536): [0160]> GET_CURRENT_CALLS 
04-18 15:33:01.985 D/RIL     ( 1536): onRequest: GET_CURRENT_CALLS
04-18 15:33:01.985 D/AT      ( 1536): AT> AT+CLCC
04-18 15:33:01.985 D/AT      ( 1536): AT< +CLCC: 1,0,0,0,0,"13182827869",129
04-18 15:33:01.995 D/AT      ( 1536): AT< +CLCC: 2,1,5,0,0,"18913956595",161
04-18 15:33:01.995 D/AT      ( 1536): AT< OK
04-18 15:33:01.995 D/RILC    ( 1536): [0160]< GET_CURRENT_CALLS {[id=1,ACTIVE,toa=129,norm,mo,als=0,voc,noevp,13182827869,cli=0,name='(null)',0][id=2,WAITING,toa=161,norm,mt,als=0,voc,noevp,18913956595,cli=0,name='(null)',0}
04-18 15:33:01.995 D/RILJ    ( 1652): InCall VoicePrivacy is disabled
04-18 15:33:01.995 D/RILJ    ( 1652): InCall VoicePrivacy is disabled
04-18 15:33:02.005 D/RILJ    ( 1652): [0160]< GET_CURRENT_CALLS  [id=1,ACTIVE,toa=129,norm,mo,0,voc,noevp,,cli=1,,0] [id=2,WAITING,toa=161,norm,mt,0,voc,noevp,,cli=1,,0] 
04-18 15:33:02.005 D/GSM     ( 1652): [GSMConn] update: parent=ACTIVE, hasNewParent=false, wasConnectingInOrOut=false, wasHolding=false, isConnectingInOrOut=false, changed=false
04-18 15:33:02.005 D/GSM     ( 1652): [GSMConn] update: parent=WAITING, hasNewParent=false, wasConnectingInOrOut=true, wasHolding=false, isConnectingInOrOut=true, changed=false
04-18 15:33:02.116 D/AT      ( 1536): AT< RING
04-18 15:33:02.116 D/RILC    ( 1536): [UNSL]< UNSOL_RESPONSE_CALL_STATE_CHANGED 
04-18 15:33:02.116 D/AT      ( 1536): AT< +CCWA: "18913956595",161,1,,0
04-18 15:33:02.116 D/RILC    ( 1536): [UNSL]< UNSOL_RESPONSE_CALL_STATE_CHANGED 
04-18 15:33:02.116 D/RILJ    ( 1652): [UNSL]< UNSOL_RESPONSE_CALL_STATE_CHANGED
04-18 15:33:02.116 D/RILJ    ( 1652): [0161]> GET_CURRENT_CALLS
04-18 15:33:02.125 D/RILC    ( 1536): [0161]> GET_CURRENT_CALLS 
04-18 15:33:02.125 D/RIL     ( 1536): onRequest: GET_CURRENT_CALLS
04-18 15:33:02.125 D/AT      ( 1536): AT> AT+CLCC
04-18 15:33:02.125 D/AT      ( 1536): AT< +CLCC: 1,0,0,0,0,"13182827869",129
04-18 15:33:02.125 D/AT      ( 1536): AT< +CLCC: 2,1,5,0,0,"18913956595",161
04-18 15:33:02.125 D/AT      ( 1536): AT< OK
04-18 15:33:02.125 D/RILC    ( 1536): [0161]< GET_CURRENT_CALLS {[id=1,ACTIVE,toa=129,norm,mo,als=0,voc,noevp,13182827869,cli=0,name='(null)',0][id=2,WAITING,toa=161,norm,mt,als=0,voc,noevp,18913956595,cli=0,name='(null)',0}
04-18 15:33:02.135 D/RILJ    ( 1652): [UNSL]< UNSOL_RESPONSE_CALL_STATE_CHANGED
04-18 15:33:02.135 D/RILJ    ( 1652): [0162]> GET_CURRENT_CALLS
04-18 15:33:02.145 D/RILC    ( 1536): [0162]> GET_CURRENT_CALLS 
04-18 15:33:02.145 D/RIL     ( 1536): onRequest: GET_CURRENT_CALLS
04-18 15:33:02.145 D/AT      ( 1536): AT> AT+CLCC
04-18 15:33:02.145 D/AT      ( 1536): AT< +CLCC: 1,0,0,0,0,"13182827869",129
04-18 15:33:02.145 D/AT      ( 1536): AT< +CLCC: 2,1,5,0,0,"18913956595",161
04-18 15:33:02.145 D/AT      ( 1536): AT< OK
04-18 15:33:02.145 D/RILC    ( 1536): [0162]< GET_CURRENT_CALLS {[id=1,ACTIVE,toa=129,norm,mo,als=0,voc,noevp,13182827869,cli=0,name='(null)',0][id=2,WAITING,toa=161,norm,mt,als=0,voc,noevp,18913956595,cli=0,name='(null)',0}
04-18 15:33:02.145 D/RILC    ( 1536): [UNSL]< UNSOL_RESPONSE_CALL_STATE_CHANGED 
04-18 15:33:02.155 D/RILJ    ( 1652): InCall VoicePrivacy is disabled
04-18 15:33:02.155 D/RILJ    ( 1652): InCall VoicePrivacy is disabled
04-18 15:33:02.155 D/RILJ    ( 1652): [0161]< GET_CURRENT_CALLS  [id=1,ACTIVE,toa=129,norm,mo,0,voc,noevp,,cli=1,,0] [id=2,WAITING,toa=161,norm,mt,0,voc,noevp,,cli=1,,0] 
04-18 15:33:02.165 D/RILJ    ( 1652): InCall VoicePrivacy is disabled
04-18 15:33:02.165 D/RILJ    ( 1652): InCall VoicePrivacy is disabled
04-18 15:33:02.165 D/RILJ    ( 1652): [0162]< GET_CURRENT_CALLS  [id=1,ACTIVE,toa=129,norm,mo,0,voc,noevp,,cli=1,,0] [id=2,WAITING,toa=161,norm,mt,0,voc,noevp,,cli=1,,0] 
04-18 15:33:02.165 D/GSM     ( 1652): [GSMConn] update: parent=ACTIVE, hasNewParent=false, wasConnectingInOrOut=false, wasHolding=false, isConnectingInOrOut=false, changed=false
04-18 15:33:02.165 D/GSM     ( 1652): [GSMConn] update: parent=WAITING, hasNewParent=false, wasConnectingInOrOut=true, wasHolding=false, isConnectingInOrOut=true, changed=false
04-18 15:33:02.185 D/RILJ    ( 1652): [UNSL]< UNSOL_RESPONSE_CALL_STATE_CHANGED
04-18 15:33:02.185 D/RILJ    ( 1652): [0163]> GET_CURRENT_CALLS
04-18 15:33:02.195 D/RILC    ( 1536): [0163]> GET_CURRENT_CALLS 
04-18 15:33:02.195 D/RIL     ( 1536): onRequest: GET_CURRENT_CALLS
04-18 15:33:02.195 D/AT      ( 1536): AT> AT+CLCC
04-18 15:33:02.195 D/AT      ( 1536): AT< +CLCC: 1,0,0,0,0,"13182827869",129
04-18 15:33:02.195 D/AT      ( 1536): AT< +CLCC: 2,1,5,0,0,"18913956595",161
04-18 15:33:02.195 D/AT      ( 1536): AT< OK
04-18 15:33:02.195 D/RILC    ( 1536): [0163]< GET_CURRENT_CALLS {[id=1,ACTIVE,toa=129,norm,mo,als=0,voc,noevp,13182827869,cli=0,name='(null)',0][id=2,WAITING,toa=161,norm,mt,als=0,voc,noevp,18913956595,cli=0,name='(null)',0}
04-18 15:33:02.205 D/RILJ    ( 1652): InCall VoicePrivacy is disabled
04-18 15:33:02.205 D/RILJ    ( 1652): InCall VoicePrivacy is disabled
04-18 15:33:02.215 D/RILJ    ( 1652): [0163]< GET_CURRENT_CALLS  [id=1,ACTIVE,toa=129,norm,mo,0,voc,noevp,,cli=1,,0] [id=2,WAITING,toa=161,norm,mt,0,voc,noevp,,cli=1,,0] 
04-18 15:33:02.215 D/GSM     ( 1652): [GSMConn] update: parent=ACTIVE, hasNewParent=false, wasConnectingInOrOut=false, wasHolding=false, isConnectingInOrOut=false, changed=false
04-18 15:33:02.215 D/GSM     ( 1652): [GSMConn] update: parent=WAITING, hasNewParent=false, wasConnectingInOrOut=true, wasHolding=false, isConnectingInOrOut=true, changed=false
04-18 15:33:02.265 D/RILC    ( 1536): [UNSL]< UNSOL_RESPONSE_CALL_STATE_CHANGED 
04-18 15:33:02.265 D/RILJ    ( 1652): [UNSL]< UNSOL_RESPONSE_CALL_STATE_CHANGED
04-18 15:33:02.275 D/RILJ    ( 1652): [0164]> GET_CURRENT_CALLS
04-18 15:33:02.285 D/RILC    ( 1536): [0164]> GET_CURRENT_CALLS 
04-18 15:33:02.285 D/RIL     ( 1536): onRequest: GET_CURRENT_CALLS
04-18 15:33:02.285 D/AT      ( 1536): AT> AT+CLCC
04-18 15:33:02.295 D/AT      ( 1536): AT< +CLCC: 1,0,0,0,0,"13182827869",129
04-18 15:33:02.295 D/AT      ( 1536): AT< +CLCC: 2,1,5,0,0,"18913956595",161
04-18 15:33:02.295 D/AT      ( 1536): AT< OK
04-18 15:33:02.305 D/RILC    ( 1536): [0164]< GET_CURRENT_CALLS {[id=1,ACTIVE,toa=129,norm,mo,als=0,voc,noevp,13182827869,cli=0,name='(null)',0][id=2,WAITING,toa=161,norm,mt,als=0,voc,noevp,18913956595,cli=0,name='(null)',0}
04-18 15:33:02.305 D/RILJ    ( 1652): InCall VoicePrivacy is disabled
04-18 15:33:02.305 D/RILJ    ( 1652): InCall VoicePrivacy is disabled
04-18 15:33:02.305 D/RILJ    ( 1652): [0164]< GET_CURRENT_CALLS  [id=1,ACTIVE,toa=129,norm,mo,0,voc,noevp,,cli=1,,0] [id=2,WAITING,toa=161,norm,mt,0,voc,noevp,,cli=1,,0] 
04-18 15:33:02.315 D/GSM     ( 1652): [GSMConn] update: parent=ACTIVE, hasNewParent=false, wasConnectingInOrOut=false, wasHolding=false, isConnectingInOrOut=false, changed=false
04-18 15:33:02.315 D/GSM     ( 1652): [GSMConn] update: parent=WAITING, hasNewParent=false, wasConnectingInOrOut=true, wasHolding=false, isConnectingInOrOut=true, changed=false
04-18 15:33:02.415 D/RILC    ( 1536): [UNSL]< UNSOL_RESPONSE_CALL_STATE_CHANGED 
04-18 15:33:02.415 D/RILJ    ( 1652): [UNSL]< UNSOL_RESPONSE_CALL_STATE_CHANGED
04-18 15:33:02.415 D/RILJ    ( 1652): [0165]> GET_CURRENT_CALLS
04-18 15:33:02.435 D/RILC    ( 1536): [0165]> GET_CURRENT_CALLS 
04-18 15:33:02.435 D/RIL     ( 1536): onRequest: GET_CURRENT_CALLS
04-18 15:33:02.435 D/AT      ( 1536): AT> AT+CLCC
04-18 15:33:02.445 D/AT      ( 1536): AT< +CLCC: 1,0,0,0,0,"13182827869",129
04-18 15:33:02.445 D/AT      ( 1536): AT< +CLCC: 2,1,5,0,0,"18913956595",161
04-18 15:33:02.445 D/AT      ( 1536): AT< OK
04-18 15:33:02.445 D/RILC    ( 1536): [0165]< GET_CURRENT_CALLS {[id=1,ACTIVE,toa=129,norm,mo,als=0,voc,noevp,13182827869,cli=0,name='(null)',0][id=2,WAITING,toa=161,norm,mt,als=0,voc,noevp,18913956595,cli=0,name='(null)',0}
04-18 15:33:02.445 D/RILJ    ( 1652): InCall VoicePrivacy is disabled
04-18 15:33:02.445 D/RILJ    ( 1652): InCall VoicePrivacy is disabled
04-18 15:33:02.445 D/RILJ    ( 1652): [0165]< GET_CURRENT_CALLS  [id=1,ACTIVE,toa=129,norm,mo,0,voc,noevp,,cli=1,,0] [id=2,WAITING,toa=161,norm,mt,0,voc,noevp,,cli=1,,0] 
04-18 15:33:02.455 D/GSM     ( 1652): [GSMConn] update: parent=ACTIVE, hasNewParent=false, wasConnectingInOrOut=false, wasHolding=false, isConnectingInOrOut=false, changed=false
04-18 15:33:02.455 D/GSM     ( 1652): [GSMConn] update: parent=WAITING, hasNewParent=false, wasConnectingInOrOut=true, wasHolding=false, isConnectingInOrOut=true, changed=false
04-18 15:33:02.495 D/RILC    ( 1536): [UNSL]< UNSOL_RESPONSE_CALL_STATE_CHANGED 
04-18 15:33:02.495 D/RILJ    ( 1652): [UNSL]< UNSOL_RESPONSE_CALL_STATE_CHANGED
04-18 15:33:02.495 D/RILJ    ( 1652): [0166]> GET_CURRENT_CALLS
04-18 15:33:02.505 D/RILC    ( 1536): [0166]> GET_CURRENT_CALLS 
04-18 15:33:02.505 D/RIL     ( 1536): onRequest: GET_CURRENT_CALLS
04-18 15:33:02.505 D/AT      ( 1536): AT> AT+CLCC
04-18 15:33:02.515 D/AT      ( 1536): AT< +CLCC: 1,0,0,0,0,"13182827869",129
04-18 15:33:02.515 D/AT      ( 1536): AT< +CLCC: 2,1,5,0,0,"18913956595",161
04-18 15:33:02.515 D/AT      ( 1536): AT< OK
04-18 15:33:02.515 D/RILC    ( 1536): [0166]< GET_CURRENT_CALLS {[id=1,ACTIVE,toa=129,norm,mo,als=0,voc,noevp,13182827869,cli=0,name='(null)',0][id=2,WAITING,toa=161,norm,mt,als=0,voc,noevp,18913956595,cli=0,name='(null)',0}
04-18 15:33:02.515 D/RILJ    ( 1652): InCall VoicePrivacy is disabled
04-18 15:33:02.515 D/RILJ    ( 1652): InCall VoicePrivacy is disabled
04-18 15:33:02.525 D/RILJ    ( 1652): [0166]< GET_CURRENT_CALLS  [id=1,ACTIVE,toa=129,norm,mo,0,voc,noevp,,cli=1,,0] [id=2,WAITING,toa=161,norm,mt,0,voc,noevp,,cli=1,,0] 
04-18 15:33:02.525 D/GSM     ( 1652): [GSMConn] update: parent=ACTIVE, hasNewParent=false, wasConnectingInOrOut=false, wasHolding=false, isConnectingInOrOut=false, changed=false
04-18 15:33:02.525 D/GSM     ( 1652): [GSMConn] update: parent=WAITING, hasNewParent=false, wasConnectingInOrOut=true, wasHolding=false, isConnectingInOrOut=true, changed=false
04-18 15:33:02.630 D/RILC    ( 1536): [UNSL]< UNSOL_RESPONSE_CALL_STATE_CHANGED 
04-18 15:33:02.630 D/RILJ    ( 1652): [UNSL]< UNSOL_RESPONSE_CALL_STATE_CHANGED
04-18 15:33:02.630 D/RILJ    ( 1652): [0167]> GET_CURRENT_CALLS
04-18 15:33:02.635 D/RILC    ( 1536): [0167]> GET_CURRENT_CALLS 
04-18 15:33:02.635 D/RIL     ( 1536): onRequest: GET_CURRENT_CALLS
04-18 15:33:02.635 D/AT      ( 1536): AT> AT+CLCC
04-18 15:33:02.635 D/AT      ( 1536): AT< +CLCC: 1,0,0,0,0,"13182827869",129
04-18 15:33:02.635 D/AT      ( 1536): AT< +CLCC: 2,1,5,0,0,"18913956595",161
04-18 15:33:02.635 D/AT      ( 1536): AT< OK
04-18 15:33:02.635 D/RILC    ( 1536): [0167]< GET_CURRENT_CALLS {[id=1,ACTIVE,toa=129,norm,mo,als=0,voc,noevp,13182827869,cli=0,name='(null)',0][id=2,WAITING,toa=161,norm,mt,als=0,voc,noevp,18913956595,cli=0,name='(null)',0}
04-18 15:33:02.635 D/RILJ    ( 1652): InCall VoicePrivacy is disabled
04-18 15:33:02.635 D/RILJ    ( 1652): InCall VoicePrivacy is disabled
04-18 15:33:02.635 D/RILJ    ( 1652): [0167]< GET_CURRENT_CALLS  [id=1,ACTIVE,toa=129,norm,mo,0,voc,noevp,,cli=1,,0] [id=2,WAITING,toa=161,norm,mt,0,voc,noevp,,cli=1,,0] 
04-18 15:33:02.645 D/GSM     ( 1652): [GSMConn] update: parent=ACTIVE, hasNewParent=false, wasConnectingInOrOut=false, wasHolding=false, isConnectingInOrOut=false, changed=false
04-18 15:33:02.645 D/GSM     ( 1652): [GSMConn] update: parent=WAITING, hasNewParent=false, wasConnectingInOrOut=true, wasHolding=false, isConnectingInOrOut=true, changed=false
04-18 15:33:02.645 D/RILC    ( 1536): [UNSL]< UNSOL_RESPONSE_CALL_STATE_CHANGED 
04-18 15:33:02.655 D/RILJ    ( 1652): [UNSL]< UNSOL_RESPONSE_CALL_STATE_CHANGED
04-18 15:33:02.655 D/RILJ    ( 1652): [0168]> GET_CURRENT_CALLS
04-18 15:33:02.665 D/RILC    ( 1536): [0168]> GET_CURRENT_CALLS 
04-18 15:33:02.665 D/RIL     ( 1536): onRequest: GET_CURRENT_CALLS
04-18 15:33:02.665 D/AT      ( 1536): AT> AT+CLCC
04-18 15:33:02.675 D/AT      ( 1536): AT< +CLCC: 1,0,0,0,0,"13182827869",129
04-18 15:33:02.685 D/AT      ( 1536): AT< +CLCC: 2,1,5,0,0,"18913956595",161
04-18 15:33:02.685 D/AT      ( 1536): AT< OK
04-18 15:33:02.685 D/RILC    ( 1536): [0168]< GET_CURRENT_CALLS {[id=1,ACTIVE,toa=129,norm,mo,als=0,voc,noevp,13182827869,cli=0,name='(null)',0][id=2,WAITING,toa=161,norm,mt,als=0,voc,noevp,18913956595,cli=0,name='(null)',0}
04-18 15:33:02.685 D/RILJ    ( 1652): InCall VoicePrivacy is disabled
04-18 15:33:02.685 D/RILJ    ( 1652): InCall VoicePrivacy is disabled
04-18 15:33:02.695 D/RILC    ( 1536): [UNSL]< UNSOL_RESPONSE_CALL_STATE_CHANGED 
04-18 15:33:02.705 D/RILJ    ( 1652): [0168]< GET_CURRENT_CALLS  [id=1,ACTIVE,toa=129,norm,mo,0,voc,noevp,,cli=1,,0] [id=2,WAITING,toa=161,norm,mt,0,voc,noevp,,cli=1,,0] 
04-18 15:33:02.735 D/GSM     ( 1652): [GSMConn] update: parent=ACTIVE, hasNewParent=false, wasConnectingInOrOut=false, wasHolding=false, isConnectingInOrOut=false, changed=false
04-18 15:33:02.735 D/GSM     ( 1652): [GSMConn] update: parent=WAITING, hasNewParent=false, wasConnectingInOrOut=true, wasHolding=false, isConnectingInOrOut=true, changed=false
04-18 15:33:02.745 D/RILJ    ( 1652): [UNSL]< UNSOL_RESPONSE_CALL_STATE_CHANGED
04-18 15:33:02.755 D/RILJ    ( 1652): [0169]> GET_CURRENT_CALLS
04-18 15:33:02.755 D/RILC    ( 1536): [0169]> GET_CURRENT_CALLS 
04-18 15:33:02.755 D/RIL     ( 1536): onRequest: GET_CURRENT_CALLS
04-18 15:33:02.755 D/AT      ( 1536): AT> AT+CLCC
04-18 15:33:02.755 D/AT      ( 1536): AT< +CLCC: 1,0,0,0,0,"13182827869",129
04-18 15:33:02.755 D/AT      ( 1536): AT< +CLCC: 2,1,5,0,0,"18913956595",161
04-18 15:33:02.755 D/AT      ( 1536): AT< OK
04-18 15:33:02.755 D/RILC    ( 1536): [0169]< GET_CURRENT_CALLS {[id=1,ACTIVE,toa=129,norm,mo,als=0,voc,noevp,13182827869,cli=0,name='(null)',0][id=2,WAITING,toa=161,norm,mt,als=0,voc,noevp,18913956595,cli=0,name='(null)',0}
04-18 15:33:02.765 D/RILJ    ( 1652): InCall VoicePrivacy is disabled
04-18 15:33:02.765 D/RILJ    ( 1652): InCall VoicePrivacy is disabled
04-18 15:33:02.765 D/RILJ    ( 1652): [0169]< GET_CURRENT_CALLS  [id=1,ACTIVE,toa=129,norm,mo,0,voc,noevp,,cli=1,,0] [id=2,WAITING,toa=161,norm,mt,0,voc,noevp,,cli=1,,0] 
