04-18 15:33:02.775 D/GSM     ( 1652): [GSMConn] update: parent=ACTIVE, hasNewParent=false, wasConnectingInOrOut=false, wasHolding=false, isConnectingInOrOut=false, changed=false
04-18 15:33:02.775 D/GSM     ( 1652): [GSMConn] update: parent=WAITING, hasNewParent=false, wasConnectingInOrOut=true, wasHolding=false, isConnectingInOrOut=true, changed=false
04-18 15:33:02.810 D/RILC    ( 1536): [UNSL]< UNSOL_RESPONSE_CALL_STATE_CHANGED 
04-18 15:33:02.815 D/RILJ    ( 1652): [UNSL]< UNSOL_RESPONSE_CALL_STATE_CHANGED
04-18 15:33:02.815 D/RILJ    ( 1652): [0170]> GET_CURRENT_CALLS
04-18 15:33:02.815 D/RILC    ( 1536): [0170]> GET_CURRENT_CALLS 
04-18 15:33:02.815 D/RIL     ( 1536): onRequest: GET_CURRENT_CALLS
04-18 15:33:02.815 D/AT      ( 1536): AT> AT+CLCC
04-18 15:33:02.815 D/AT      ( 1536): AT< +CLCC: 1,0,0,0,0,"13182827869",129
04-18 15:33:02.815 D/AT      ( 1536): AT< +CLCC: 2,1,5,0,0,"18913956595",161
04-18 15:33:02.815 D/AT      ( 1536): AT< OK
04-18 15:33:02.815 D/RILC    ( 1536): [0170]< GET_CURRENT_CALLS {[id=1,ACTIVE,toa=129,norm,mo,als=0,voc,noevp,13182827869,cli=0,name='(null)',0][id=2,WAITING,toa=161,norm,mt,als=0,voc,noevp,18913956595,cli=0,name='(null)',0}
04-18 15:33:02.825 D/RILJ    ( 1652): InCall VoicePrivacy is disabled
04-18 15:33:02.825 D/RILJ    ( 1652): InCall VoicePrivacy is disabled
04-18 15:33:02.825 D/RILJ    ( 1652): [0170]< GET_CURRENT_CALLS  [id=1,ACTIVE,toa=129,norm,mo,0,voc,noevp,,cli=1,,0] [id=2,WAITING,toa=161,norm,mt,0,voc,noevp,,cli=1,,0] 
04-18 15:33:02.825 D/GSM     ( 1652): [GSMConn] update: parent=ACTIVE, hasNewParent=false, wasConnectingInOrOut=false, wasHolding=false, isConnectingInOrOut=false, changed=false
04-18 15:33:02.825 D/GSM     ( 1652): [GSMConn] update: parent=WAITING, hasNewParent=false, wasConnectingInOrOut=true, wasHolding=false, isConnectingInOrOut=true, changed=false
04-18 15:33:02.948 D/RILC    ( 1536): [UNSL]< UNSOL_RESPONSE_CALL_STATE_CHANGED 
04-18 15:33:02.948 D/RILJ    ( 1652): [UNSL]< UNSOL_RESPONSE_CALL_STATE_CHANGED
04-18 15:33:02.948 D/RILJ    ( 1652): [0171]> GET_CURRENT_CALLS
04-18 15:33:02.948 D/RILC    ( 1536): [0171]> GET_CURRENT_CALLS 
04-18 15:33:02.948 D/RIL     ( 1536): onRequest: GET_CURRENT_CALLS
04-18 15:33:02.955 D/AT      ( 1536): AT> AT+CLCC
04-18 15:33:02.955 D/AT      ( 1536): AT< +CLCC: 1,0,0,0,0,"13182827869",129
04-18 15:33:02.955 D/AT      ( 1536): AT< +CLCC: 2,1,5,0,0,"18913956595",161
04-18 15:33:02.955 D/AT      ( 1536): AT< OK
04-18 15:33:02.955 D/RILC    ( 1536): [0171]< GET_CURRENT_CALLS {[id=1,ACTIVE,toa=129,norm,mo,als=0,voc,noevp,13182827869,cli=0,name='(null)',0][id=2,WAITING,toa=161,norm,mt,als=0,voc,noevp,18913956595,cli=0,name='(null)',0}
04-18 15:33:02.975 D/RILJ    ( 1652): InCall VoicePrivacy is disabled
04-18 15:33:02.975 D/RILJ    ( 1652): InCall VoicePrivacy is disabled
04-18 15:33:02.975 D/RILJ    ( 1652): [0171]< GET_CURRENT_CALLS  [id=1,ACTIVE,toa=129,norm,mo,0,voc,noevp,,cli=1,,0] [id=2,WAITING,toa=161,norm,mt,0,voc,noevp,,cli=1,,0] 
04-18 15:33:02.985 D/GSM     ( 1652): [GSMConn] update: parent=ACTIVE, hasNewParent=false, wasConnectingInOrOut=false, wasHolding=false, isConnectingInOrOut=false, changed=false
04-18 15:33:02.985 D/GSM     ( 1652): [GSMConn] update: parent=WAITING, hasNewParent=false, wasConnectingInOrOut=true, wasHolding=false, isConnectingInOrOut=true, changed=false
04-18 15:33:03.015 D/RILC    ( 1536): [UNSL]< UNSOL_RESPONSE_CALL_STATE_CHANGED 
04-18 15:33:03.025 D/RILJ    ( 1652): [UNSL]< UNSOL_RESPONSE_CALL_STATE_CHANGED
04-18 15:33:03.025 D/RILJ    ( 1652): [0172]> GET_CURRENT_CALLS
04-18 15:33:03.035 D/RILC    ( 1536): [0172]> GET_CURRENT_CALLS 
04-18 15:33:03.035 D/RIL     ( 1536): onRequest: GET_CURRENT_CALLS
04-18 15:33:03.035 D/AT      ( 1536): AT> AT+CLCC
04-18 15:33:03.045 D/AT      ( 1536): AT< +CLCC: 1,0,0,0,0,"13182827869",129
04-18 15:33:03.045 D/AT      ( 1536): AT< +CLCC: 2,1,5,0,0,"18913956595",161
04-18 15:33:03.045 D/AT      ( 1536): AT< OK
04-18 15:33:03.045 D/RILC    ( 1536): [0172]< GET_CURRENT_CALLS {[id=1,ACTIVE,toa=129,norm,mo,als=0,voc,noevp,13182827869,cli=0,name='(null)',0][id=2,WAITING,toa=161,norm,mt,als=0,voc,noevp,18913956595,cli=0,name='(null)',0}
04-18 15:33:03.045 D/RILJ    ( 1652): InCall VoicePrivacy is disabled
04-18 15:33:03.045 D/RILJ    ( 1652): InCall VoicePrivacy is disabled
04-18 15:33:03.055 D/RILJ    ( 1652): [0172]< GET_CURRENT_CALLS  [id=1,ACTIVE,toa=129,norm,mo,0,voc,noevp,,cli=1,,0] [id=2,WAITING,toa=161,norm,mt,0,voc,noevp,,cli=1,,0] 
04-18 15:33:03.055 D/GSM     ( 1652): [GSMConn] update: parent=ACTIVE, hasNewParent=false, wasConnectingInOrOut=false, wasHolding=false, isConnectingInOrOut=false, changed=false
04-18 15:33:03.055 D/GSM     ( 1652): [GSMConn] update: parent=WAITING, hasNewParent=false, wasConnectingInOrOut=true, wasHolding=false, isConnectingInOrOut=true, changed=false
04-18 15:33:03.135 D/RILC    ( 1536): [UNSL]< UNSOL_RESPONSE_CALL_STATE_CHANGED 
04-18 15:33:03.135 D/RILJ    ( 1652): [UNSL]< UNSOL_RESPONSE_CALL_STATE_CHANGED
04-18 15:33:03.145 D/RILJ    ( 1652): [0173]> GET_CURRENT_CALLS
04-18 15:33:03.145 D/RILC    ( 1536): [0173]> GET_CURRENT_CALLS 
04-18 15:33:03.145 D/RIL     ( 1536): onRequest: GET_CURRENT_CALLS
04-18 15:33:03.145 D/AT      ( 1536): AT> AT+CLCC
04-18 15:33:03.145 D/AT      ( 1536): AT< +CLCC: 1,0,0,0,0,"13182827869",129
04-18 15:33:03.145 D/AT      ( 1536): AT< +CLCC: 2,1,5,0,0,"18913956595",161
04-18 15:33:03.145 D/AT      ( 1536): AT< OK
04-18 15:33:03.145 D/RILC    ( 1536): [0173]< GET_CURRENT_CALLS {[id=1,ACTIVE,toa=129,norm,mo,als=0,voc,noevp,13182827869,cli=0,name='(null)',0][id=2,WAITING,toa=161,norm,mt,als=0,voc,noevp,18913956595,cli=0,name='(null)',0}
04-18 15:33:03.155 D/RILJ    ( 1652): InCall VoicePrivacy is disabled
04-18 15:33:03.155 D/RILJ    ( 1652): InCall VoicePrivacy is disabled
04-18 15:33:03.165 D/RILJ    ( 1652): [0173]< GET_CURRENT_CALLS  [id=1,ACTIVE,toa=129,norm,mo,0,voc,noevp,,cli=1,,0] [id=2,WAITING,toa=161,norm,mt,0,voc,noevp,,cli=1,,0] 
04-18 15:33:03.165 D/GSM     ( 1652): [GSMConn] update: parent=ACTIVE, hasNewParent=false, wasConnectingInOrOut=false, wasHolding=false, isConnectingInOrOut=false, changed=false
04-18 15:33:03.165 D/GSM     ( 1652): [GSMConn] update: parent=WAITING, hasNewParent=false, wasConnectingInOrOut=true, wasHolding=false, isConnectingInOrOut=true, changed=false
04-18 15:33:03.185 D/RILC    ( 1536): [UNSL]< UNSOL_RESPONSE_CALL_STATE_CHANGED 
04-18 15:33:03.185 D/RILJ    ( 1652): [UNSL]< UNSOL_RESPONSE_CALL_STATE_CHANGED
04-18 15:33:03.185 D/RILJ    ( 1652): [0174]> GET_CURRENT_CALLS
04-18 15:33:03.195 D/RILC    ( 1536): [0174]> GET_CURRENT_CALLS 
04-18 15:33:03.195 D/RIL     ( 1536): onRequest: GET_CURRENT_CALLS
04-18 15:33:03.195 D/AT      ( 1536): AT> AT+CLCC
04-18 15:33:03.205 D/AT      ( 1536): AT< +CLCC: 1,0,0,0,0,"13182827869",129
04-18 15:33:03.205 D/AT      ( 1536): AT< +CLCC: 2,1,5,0,0,"18913956595",161
04-18 15:33:03.205 D/AT      ( 1536): AT< OK
04-18 15:33:03.205 D/RILC    ( 1536): [0174]< GET_CURRENT_CALLS {[id=1,ACTIVE,toa=129,norm,mo,als=0,voc,noevp,13182827869,cli=0,name='(null)',0][id=2,WAITING,toa=161,norm,mt,als=0,voc,noevp,18913956595,cli=0,name='(null)',0}
04-18 15:33:03.215 D/RILJ    ( 1652): InCall VoicePrivacy is disabled
04-18 15:33:03.215 D/RILJ    ( 1652): InCall VoicePrivacy is disabled
04-18 15:33:03.225 D/RILJ    ( 1652): [0174]< GET_CURRENT_CALLS  [id=1,ACTIVE,toa=129,norm,mo,0,voc,noevp,,cli=1,,0] [id=2,WAITING,toa=161,norm,mt,0,voc,noevp,,cli=1,,0] 
04-18 15:33:03.235 D/GSM     ( 1652): [GSMConn] update: parent=ACTIVE, hasNewParent=false, wasConnectingInOrOut=false, wasHolding=false, isConnectingInOrOut=false, changed=false
04-18 15:33:03.235 D/GSM     ( 1652): [GSMConn] update: parent=WAITING, hasNewParent=false, wasConnectingInOrOut=true, wasHolding=false, isConnectingInOrOut=true, changed=false
04-18 15:33:03.255 D/RILC    ( 1536): [UNSL]< UNSOL_RESPONSE_CALL_STATE_CHANGED 
04-18 15:33:03.265 D/RILJ    ( 1652): [UNSL]< UNSOL_RESPONSE_CALL_STATE_CHANGED
04-18 15:33:03.265 D/RILJ    ( 1652): [0175]> GET_CURRENT_CALLS
04-18 15:33:03.265 D/RILC    ( 1536): [0175]> GET_CURRENT_CALLS 
04-18 15:33:03.265 D/RIL     ( 1536): onRequest: GET_CURRENT_CALLS
04-18 15:33:03.265 D/AT      ( 1536): AT> AT+CLCC
04-18 15:33:03.265 D/AT      ( 1536): AT< +CLCC: 1,0,0,0,0,"13182827869",129
04-18 15:33:03.265 D/AT      ( 1536): AT< +CLCC: 2,1,5,0,0,"18913956595",161
04-18 15:33:03.265 D/AT      ( 1536): AT< OK
04-18 15:33:03.265 D/RILC    ( 1536): [0175]< GET_CURRENT_CALLS {[id=1,ACTIVE,toa=129,norm,mo,als=0,voc,noevp,13182827869,cli=0,name='(null)',0][id=2,WAITING,toa=161,norm,mt,als=0,voc,noevp,18913956595,cli=0,name='(null)',0}
04-18 15:33:03.275 D/RILJ    ( 1652): InCall VoicePrivacy is disabled
04-18 15:33:03.275 D/RILJ    ( 1652): InCall VoicePrivacy is disabled
04-18 15:33:03.285 D/RILJ    ( 1652): [0175]< GET_CURRENT_CALLS  [id=1,ACTIVE,toa=129,norm,mo,0,voc,noevp,,cli=1,,0] [id=2,WAITING,toa=161,norm,mt,0,voc,noevp,,cli=1,,0] 
04-18 15:33:03.285 D/GSM     ( 1652): [GSMConn] update: parent=ACTIVE, hasNewParent=false, wasConnectingInOrOut=false, wasHolding=false, isConnectingInOrOut=false, changed=false
04-18 15:33:03.285 D/GSM     ( 1652): [GSMConn] update: parent=WAITING, hasNewParent=false, wasConnectingInOrOut=true, wasHolding=false, isConnectingInOrOut=true, changed=false
04-18 15:33:03.325 D/RILC    ( 1536): [UNSL]< UNSOL_RESPONSE_CALL_STATE_CHANGED 
04-18 15:33:03.335 D/RILJ    ( 1652): [UNSL]< UNSOL_RESPONSE_CALL_STATE_CHANGED
04-18 15:33:03.395 D/RILJ    ( 1652): [0176]> GET_CURRENT_CALLS
04-18 15:33:03.405 D/RILC    ( 1536): [0176]> GET_CURRENT_CALLS 
04-18 15:33:03.405 D/RIL     ( 1536): onRequest: GET_CURRENT_CALLS
04-18 15:33:03.405 D/AT      ( 1536): AT> AT+CLCC
04-18 15:33:03.405 D/AT      ( 1536): AT< +CLCC: 1,0,0,0,0,"13182827869",129
04-18 15:33:03.405 D/AT      ( 1536): AT< +CLCC: 2,1,5,0,0,"18913956595",161
04-18 15:33:03.405 D/AT      ( 1536): AT< OK
04-18 15:33:03.405 D/RILC    ( 1536): [0176]< GET_CURRENT_CALLS {[id=1,ACTIVE,toa=129,norm,mo,als=0,voc,noevp,13182827869,cli=0,name='(null)',0][id=2,WAITING,toa=161,norm,mt,als=0,voc,noevp,18913956595,cli=0,name='(null)',0}
04-18 15:33:03.405 D/RILJ    ( 1652): InCall VoicePrivacy is disabled
04-18 15:33:03.405 D/RILJ    ( 1652): InCall VoicePrivacy is disabled
04-18 15:33:03.405 D/RILJ    ( 1652): [0176]< GET_CURRENT_CALLS  [id=1,ACTIVE,toa=129,norm,mo,0,voc,noevp,,cli=1,,0] [id=2,WAITING,toa=161,norm,mt,0,voc,noevp,,cli=1,,0] 
04-18 15:33:03.435 D/GSM     ( 1652): [GSMConn] update: parent=ACTIVE, hasNewParent=false, wasConnectingInOrOut=false, wasHolding=false, isConnectingInOrOut=false, changed=false
04-18 15:33:03.435 D/GSM     ( 1652): [GSMConn] update: parent=WAITING, hasNewParent=false, wasConnectingInOrOut=true, wasHolding=false, isConnectingInOrOut=true, changed=false
04-18 15:33:03.455 D/RILC    ( 1536): [UNSL]< UNSOL_RESPONSE_CALL_STATE_CHANGED 
04-18 15:33:03.455 D/RILJ    ( 1652): [UNSL]< UNSOL_RESPONSE_CALL_STATE_CHANGED
04-18 15:33:03.485 D/RILJ    ( 1652): [0177]> GET_CURRENT_CALLS
04-18 15:33:03.485 D/RILC    ( 1536): [0177]> GET_CURRENT_CALLS 
04-18 15:33:03.485 D/RIL     ( 1536): onRequest: GET_CURRENT_CALLS
04-18 15:33:03.485 D/AT      ( 1536): AT> AT+CLCC
04-18 15:33:03.485 D/AT      ( 1536): AT< +CLCC: 1,0,0,0,0,"13182827869",129
04-18 15:33:03.485 D/AT      ( 1536): AT< +CLCC: 2,1,5,0,0,"18913956595",161
04-18 15:33:03.485 D/AT      ( 1536): AT< OK
04-18 15:33:03.485 D/RILC    ( 1536): [0177]< GET_CURRENT_CALLS {[id=1,ACTIVE,toa=129,norm,mo,als=0,voc,noevp,13182827869,cli=0,name='(null)',0][id=2,WAITING,toa=161,norm,mt,als=0,voc,noevp,18913956595,cli=0,name='(null)',0}
04-18 15:33:03.495 D/RILJ    ( 1652): InCall VoicePrivacy is disabled
04-18 15:33:03.495 D/RILJ    ( 1652): InCall VoicePrivacy is disabled
04-18 15:33:03.495 D/RILJ    ( 1652): [0177]< GET_CURRENT_CALLS  [id=1,ACTIVE,toa=129,norm,mo,0,voc,noevp,,cli=1,,0] [id=2,WAITING,toa=161,norm,mt,0,voc,noevp,,cli=1,,0] 
04-18 15:33:03.515 D/GSM     ( 1652): [GSMConn] update: parent=ACTIVE, hasNewParent=false, wasConnectingInOrOut=false, wasHolding=false, isConnectingInOrOut=false, changed=false
04-18 15:33:03.515 D/GSM     ( 1652): [GSMConn] update: parent=WAITING, hasNewParent=false, wasConnectingInOrOut=true, wasHolding=false, isConnectingInOrOut=true, changed=false
04-18 15:33:03.545 D/RILC    ( 1536): [UNSL]< UNSOL_RESPONSE_CALL_STATE_CHANGED 
04-18 15:33:03.545 D/RILJ    ( 1652): [UNSL]< UNSOL_RESPONSE_CALL_STATE_CHANGED
04-18 15:33:03.565 D/RILJ    ( 1652): [0178]> GET_CURRENT_CALLS
04-18 15:33:03.565 D/RILC    ( 1536): [0178]> GET_CURRENT_CALLS 
04-18 15:33:03.565 D/RIL     ( 1536): onRequest: GET_CURRENT_CALLS
04-18 15:33:03.565 D/AT      ( 1536): AT> AT+CLCC
04-18 15:33:03.565 D/AT      ( 1536): AT< +CLCC: 1,0,0,0,0,"13182827869",129
04-18 15:33:03.565 D/AT      ( 1536): AT< +CLCC: 2,1,5,0,0,"18913956595",161
04-18 15:33:03.565 D/AT      ( 1536): AT< OK
04-18 15:33:03.565 D/RILC    ( 1536): [0178]< GET_CURRENT_CALLS {[id=1,ACTIVE,toa=129,norm,mo,als=0,voc,noevp,13182827869,cli=0,name='(null)',0][id=2,WAITING,toa=161,norm,mt,als=0,voc,noevp,18913956595,cli=0,name='(null)',0}
04-18 15:33:03.565 D/RILJ    ( 1652): InCall VoicePrivacy is disabled
04-18 15:33:03.565 D/RILJ    ( 1652): InCall VoicePrivacy is disabled
04-18 15:33:03.575 D/RILJ    ( 1652): [0178]< GET_CURRENT_CALLS  [id=1,ACTIVE,toa=129,norm,mo,0,voc,noevp,,cli=1,,0] [id=2,WAITING,toa=161,norm,mt,0,voc,noevp,,cli=1,,0] 
04-18 15:33:03.605 D/GSM     ( 1652): [GSMConn] update: parent=ACTIVE, hasNewParent=false, wasConnectingInOrOut=false, wasHolding=false, isConnectingInOrOut=false, changed=false
04-18 15:33:03.605 D/GSM     ( 1652): [GSMConn] update: parent=WAITING, hasNewParent=false, wasConnectingInOrOut=true, wasHolding=false, isConnectingInOrOut=true, changed=false
04-18 15:33:03.615 D/RILJ    ( 1652): [0179]> SET_MUTE false
04-18 15:33:03.625 D/RILC    ( 1536): [0179]> SET_MUTE (0)
04-18 15:33:03.625 D/RIL     ( 1536): onRequest: SET_MUTE
04-18 15:33:03.625 D/AT      ( 1536): AT> AT+CMUT=0
04-18 15:33:03.625 D/AT      ( 1536): AT< OK
04-18 15:33:03.625 D/RILC    ( 1536): [0179]< SET_MUTE
04-18 15:33:03.625 D/RILJ    ( 1652): [0179]< SET_MUTE 
04-18 15:33:03.635 D/RILJ    ( 1652): [0180]> REQUEST_SWITCH_WAITING_OR_HOLDING_AND_ACTIVE
04-18 15:33:03.645 D/RILC    ( 1536): [0180]> SWITCH_WAITING_OR_HOLDING_AND_ACTIVE 
04-18 15:33:03.645 D/RIL     ( 1536): onRequest: SWITCH_WAITING_OR_HOLDING_AND_ACTIVE
04-18 15:33:03.645 D/AT      ( 1536): AT> AT+CHLD=2
04-18 15:33:04.528 D/AT      ( 1536): AT< OK
04-18 15:33:04.528 D/RILC    ( 1536): [0180]< SWITCH_WAITING_OR_HOLDING_AND_ACTIVE
04-18 15:33:04.528 D/RILC    ( 1536): [UNSL]< UNSOL_RESPONSE_CALL_STATE_CHANGED 
04-18 15:33:04.528 D/RILC    ( 1536): [UNSL]< UNSOL_RESPONSE_CALL_STATE_CHANGED 
04-18 15:33:04.528 D/RILC    ( 1536): [UNSL]< UNSOL_RESPONSE_CALL_STATE_CHANGED 
04-18 15:33:04.528 D/RILC    ( 1536): [UNSL]< UNSOL_RESPONSE_CALL_STATE_CHANGED 
04-18 15:33:04.528 D/RILC    ( 1536): [UNSL]< UNSOL_RESPONSE_CALL_STATE_CHANGED 
04-18 15:33:04.528 D/RILC    ( 1536): [UNSL]< UNSOL_RESPONSE_CALL_STATE_CHANGED 
04-18 15:33:04.528 D/RILJ    ( 1652): [0180]< REQUEST_SWITCH_WAITING_OR_HOLDING_AND_ACTIVE 
04-18 15:33:04.545 D/RILJ    ( 1652): [0181]> GET_CURRENT_CALLS
04-18 15:33:04.555 D/RILJ    ( 1652): [UNSL]< UNSOL_RESPONSE_CALL_STATE_CHANGED
04-18 15:33:04.555 D/RILJ    ( 1652): [UNSL]< UNSOL_RESPONSE_CALL_STATE_CHANGED
04-18 15:33:04.555 D/RILJ    ( 1652): [UNSL]< UNSOL_RESPONSE_CALL_STATE_CHANGED
04-18 15:33:04.555 D/RILJ    ( 1652): [UNSL]< UNSOL_RESPONSE_CALL_STATE_CHANGED
04-18 15:33:04.565 D/RILC    ( 1536): [0181]> GET_CURRENT_CALLS 
04-18 15:33:04.565 D/RIL     ( 1536): onRequest: GET_CURRENT_CALLS
04-18 15:33:04.565 D/AT      ( 1536): AT> AT+CLCC
04-18 15:33:04.565 D/RILJ    ( 1652): [0182]> GET_CURRENT_CALLS
04-18 15:33:04.575 D/AT      ( 1536): AT< +CLCC: 1,0,1,0,0,"13182827869",129
04-18 15:33:04.575 D/AT      ( 1536): AT< +CLCC: 2,1,0,0,0,"18913956595",161
04-18 15:33:04.575 D/AT      ( 1536): AT< OK
04-18 15:33:04.575 D/RILC    ( 1536): [0181]< GET_CURRENT_CALLS {[id=1,HOLDING,toa=129,norm,mo,als=0,voc,noevp,13182827869,cli=0,name='(null)',0][id=2,ACTIVE,toa=161,norm,mt,als=0,voc,noevp,18913956595,cli=0,name='(null)',0}
04-18 15:33:04.595 D/RILC    ( 1536): [0182]> GET_CURRENT_CALLS 
04-18 15:33:04.595 D/RIL     ( 1536): onRequest: GET_CURRENT_CALLS
04-18 15:33:04.595 D/AT      ( 1536): AT> AT+CLCC
04-18 15:33:04.595 D/RILJ    ( 1652): [0183]> GET_CURRENT_CALLS
04-18 15:33:04.595 D/AT      ( 1536): AT< +CLCC: 1,0,1,0,0,"13182827869",129
04-18 15:33:04.595 D/AT      ( 1536): AT< +CLCC: 2,1,0,0,0,"18913956595",161
04-18 15:33:04.595 D/AT      ( 1536): AT< OK
04-18 15:33:04.595 D/RILC    ( 1536): [0182]< GET_CURRENT_CALLS {[id=1,HOLDING,toa=129,norm,mo,als=0,voc,noevp,13182827869,cli=0,name='(null)',0][id=2,ACTIVE,toa=161,norm,mt,als=0,voc,noevp,18913956595,cli=0,name='(null)',0}
04-18 15:33:04.605 D/RILJ    ( 1652): [UNSL]< UNSOL_RESPONSE_CALL_STATE_CHANGED
04-18 15:33:04.615 D/RILC    ( 1536): [0183]> GET_CURRENT_CALLS 
04-18 15:33:04.615 D/RIL     ( 1536): onRequest: GET_CURRENT_CALLS
04-18 15:33:04.615 D/AT      ( 1536): AT> AT+CLCC
04-18 15:33:04.625 D/AT      ( 1536): AT< +CLCC: 1,0,1,0,0,"13182827869",129
04-18 15:33:04.625 D/AT      ( 1536): AT< +CLCC: 2,1,0,0,0,"18913956595",161
04-18 15:33:04.625 D/AT      ( 1536): AT< OK
04-18 15:33:04.625 D/RILC    ( 1536): [0183]< GET_CURRENT_CALLS {[id=1,HOLDING,toa=129,norm,mo,als=0,voc,noevp,13182827869,cli=0,name='(null)',0][id=2,ACTIVE,toa=161,norm,mt,als=0,voc,noevp,18913956595,cli=0,name='(null)',0}
04-18 15:33:04.625 D/RILJ    ( 1652): [0184]> GET_CURRENT_CALLS
04-18 15:33:04.635 D/RILJ    ( 1652): [UNSL]< UNSOL_RESPONSE_CALL_STATE_CHANGED
04-18 15:33:04.645 D/RILC    ( 1536): [0184]> GET_CURRENT_CALLS 
04-18 15:33:04.645 D/RIL     ( 1536): onRequest: GET_CURRENT_CALLS
04-18 15:33:04.645 D/AT      ( 1536): AT> AT+CLCC
04-18 15:33:04.645 D/AT      ( 1536): AT< +CLCC: 1,0,1,0,0,"13182827869",129
04-18 15:33:04.645 D/AT      ( 1536): AT< +CLCC: 2,1,0,0,0,"18913956595",161
04-18 15:33:04.645 D/AT      ( 1536): AT< OK
04-18 15:33:04.645 D/RILC    ( 1536): [0184]< GET_CURRENT_CALLS {[id=1,HOLDING,toa=129,norm,mo,als=0,voc,noevp,13182827869,cli=0,name='(null)',0][id=2,ACTIVE,toa=161,norm,mt,als=0,voc,noevp,18913956595,cli=0,name='(null)',0}
04-18 15:33:04.655 D/RILJ    ( 1652): InCall VoicePrivacy is disabled
04-18 15:33:04.655 D/RILJ    ( 1652): InCall VoicePrivacy is disabled
04-18 15:33:04.655 D/RILJ    ( 1652): [0181]< GET_CURRENT_CALLS  [id=1,HOLDING,toa=129,norm,mo,0,voc,noevp,,cli=1,,0] [id=2,ACTIVE,toa=161,norm,mt,0,voc,noevp,,cli=1,,0] 
04-18 15:33:04.655 D/RILJ    ( 1652): [0185]> GET_CURRENT_CALLS
04-18 15:33:04.675 D/RILC    ( 1536): [0185]> GET_CURRENT_CALLS 
04-18 15:33:04.675 D/RIL     ( 1536): onRequest: GET_CURRENT_CALLS
04-18 15:33:04.675 D/AT      ( 1536): AT> AT+CLCC
04-18 15:33:04.695 D/AT      ( 1536): AT< +CLCC: 1,0,1,0,0,"13182827869",129
04-18 15:33:04.695 D/AT      ( 1536): AT< +CLCC: 2,1,0,0,0,"18913956595",161
04-18 15:33:04.695 D/AT      ( 1536): AT< OK
04-18 15:33:04.695 D/RILC    ( 1536): [0185]< GET_CURRENT_CALLS {[id=1,HOLDING,toa=129,norm,mo,als=0,voc,noevp,13182827869,cli=0,name='(null)',0][id=2,ACTIVE,toa=161,norm,mt,als=0,voc,noevp,18913956595,cli=0,name='(null)',0}
04-18 15:33:04.695 D/RILJ    ( 1652): [0186]> GET_CURRENT_CALLS
04-18 15:33:04.705 D/RILJ    ( 1652): InCall VoicePrivacy is disabled
04-18 15:33:04.715 D/RILC    ( 1536): [0186]> GET_CURRENT_CALLS 
04-18 15:33:04.715 D/RIL     ( 1536): onRequest: GET_CURRENT_CALLS
04-18 15:33:04.715 D/AT      ( 1536): AT> AT+CLCC
04-18 15:33:04.715 D/AT      ( 1536): AT< +CLCC: 1,0,1,0,0,"13182827869",129
04-18 15:33:04.715 D/AT      ( 1536): AT< +CLCC: 2,1,0,0,0,"18913956595",161
04-18 15:33:04.715 D/AT      ( 1536): AT< OK
04-18 15:33:04.715 D/RILC    ( 1536): [0186]< GET_CURRENT_CALLS {[id=1,HOLDING,toa=129,norm,mo,als=0,voc,noevp,13182827869,cli=0,name='(null)',0][id=2,ACTIVE,toa=161,norm,mt,als=0,voc,noevp,18913956595,cli=0,name='(null)',0}
04-18 15:33:04.725 D/RILJ    ( 1652): [0187]> GET_CURRENT_CALLS
04-18 15:33:04.735 D/RILJ    ( 1652): InCall VoicePrivacy is disabled
04-18 15:33:04.735 D/RILJ    ( 1652): [0182]< GET_CURRENT_CALLS  [id=1,HOLDING,toa=129,norm,mo,0,voc,noevp,,cli=1,,0] [id=2,ACTIVE,toa=161,norm,mt,0,voc,noevp,,cli=1,,0] 
04-18 15:33:04.745 D/RILC    ( 1536): [0187]> GET_CURRENT_CALLS 
04-18 15:33:04.745 D/RIL     ( 1536): onRequest: GET_CURRENT_CALLS
04-18 15:33:04.745 D/AT      ( 1536): AT> AT+CLCC
04-18 15:33:04.745 D/AT      ( 1536): AT< +CLCC: 1,0,1,0,0,"13182827869",129
04-18 15:33:04.745 D/AT      ( 1536): AT< +CLCC: 2,1,0,0,0,"18913956595",161
04-18 15:33:04.745 D/AT      ( 1536): AT< OK
04-18 15:33:04.745 D/RILC    ( 1536): [0187]< GET_CURRENT_CALLS {[id=1,HOLDING,toa=129,norm,mo,als=0,voc,noevp,13182827869,cli=0,name='(null)',0][id=2,ACTIVE,toa=161,norm,mt,als=0,voc,noevp,18913956595,cli=0,name='(null)',0}
04-18 15:33:04.775 D/RILJ    ( 1652): InCall VoicePrivacy is disabled
04-18 15:33:04.775 D/RILJ    ( 1652): InCall VoicePrivacy is disabled
04-18 15:33:04.775 D/RILJ    ( 1652): [0183]< GET_CURRENT_CALLS  [id=1,HOLDING,toa=129,norm,mo,0,voc,noevp,,cli=1,,0] [id=2,ACTIVE,toa=161,norm,mt,0,voc,noevp,,cli=1,,0] 
04-18 15:33:04.805 D/RILJ    ( 1652): InCall VoicePrivacy is disabled
04-18 15:33:04.805 D/RILJ    ( 1652): InCall VoicePrivacy is disabled
04-18 15:33:04.805 D/RILJ    ( 1652): [0184]< GET_CURRENT_CALLS  [id=1,HOLDING,toa=129,norm,mo,0,voc,noevp,,cli=1,,0] [id=2,ACTIVE,toa=161,norm,mt,0,voc,noevp,,cli=1,,0] 
04-18 15:33:04.835 D/RILJ    ( 1652): InCall VoicePrivacy is disabled
04-18 15:33:04.835 D/RILJ    ( 1652): InCall VoicePrivacy is disabled
04-18 15:33:04.835 D/RILJ    ( 1652): [0185]< GET_CURRENT_CALLS  [id=1,HOLDING,toa=129,norm,mo,0,voc,noevp,,cli=1,,0] [id=2,ACTIVE,toa=161,norm,mt,0,voc,noevp,,cli=1,,0] 
04-18 15:33:04.855 D/RILJ    ( 1652): InCall VoicePrivacy is disabled
04-18 15:33:04.855 D/RILJ    ( 1652): InCall VoicePrivacy is disabled
04-18 15:33:04.855 D/RILJ    ( 1652): [0186]< GET_CURRENT_CALLS  [id=1,HOLDING,toa=129,norm,mo,0,voc,noevp,,cli=1,,0] [id=2,ACTIVE,toa=161,norm,mt,0,voc,noevp,,cli=1,,0] 
04-18 15:33:04.875 D/RILJ    ( 1652): InCall VoicePrivacy is disabled
04-18 15:33:04.875 D/RILJ    ( 1652): InCall VoicePrivacy is disabled
04-18 15:33:04.875 D/RILJ    ( 1652): [0187]< GET_CURRENT_CALLS  [id=1,HOLDING,toa=129,norm,mo,0,voc,noevp,,cli=1,,0] [id=2,ACTIVE,toa=161,norm,mt,0,voc,noevp,,cli=1,,0] 
04-18 15:33:04.885 D/GSM     ( 1652): [GSMConn] update: parent=HOLDING, hasNewParent=false, wasConnectingInOrOut=false, wasHolding=false, isConnectingInOrOut=false, changed=true
04-18 15:33:04.885 D/GSM     ( 1652): [GSMConn] update: parent=ACTIVE, hasNewParent=false, wasConnectingInOrOut=true, wasHolding=false, isConnectingInOrOut=false, changed=true
04-18 15:33:04.885 D/GSM     ( 1652): [GSMConn] onConnectedInOrOut: connectTime=1303140784890
04-18 15:33:04.895 D/GSM     ( 1652): [GSMConn] releaseWakeLock
04-18 15:33:05.015 D/RILJ    ( 1652): [0188]> SET_MUTE false
04-18 15:33:05.035 D/RILC    ( 1536): [0188]> SET_MUTE (0)
04-18 15:33:05.035 D/RIL     ( 1536): onRequest: SET_MUTE
04-18 15:33:05.035 D/AT      ( 1536): AT> AT+CMUT=0
04-18 15:33:05.045 D/AT      ( 1536): AT< OK
04-18 15:33:05.045 D/RILC    ( 1536): [0188]< SET_MUTE
04-18 15:33:05.055 D/RILJ    ( 1652): [0188]< SET_MUTE 
04-18 15:33:14.509 D/RILJ    ( 1652): [0189]> SIGNAL_STRENGTH
04-18 15:33:14.515 D/RILC    ( 1536): [0189]> SIGNAL_STRENGTH 
04-18 15:33:14.515 D/RIL     ( 1536): onRequest: SIGNAL_STRENGTH
04-18 15:33:14.515 D/AT      ( 1536): AT> AT+CSQ
04-18 15:33:14.515 D/AT      ( 1536): AT< +CSQ: 23,0
04-18 15:33:14.515 D/AT      ( 1536): AT< OK
04-18 15:33:14.515 D/RILC    ( 1536): [0189]< SIGNAL_STRENGTH {[ 23 0]}
04-18 15:33:14.525 D/RILJ    ( 1652): [0189]< SIGNAL_STRENGTH {23, 0, 0, 0, 0, 0, 0}
04-18 15:33:20.625 D/RILJ    ( 1652): [0190]> SCREEN_STATE: false
04-18 15:33:20.635 D/RILC    ( 1536): [0190]> SCREEN_STATE (0)
04-18 15:33:20.635 D/RIL     ( 1536): onRequest: SCREEN_STATE
04-18 15:33:20.635 D/RILC    ( 1536): [0190]< SCREEN_STATE
04-18 15:33:20.635 D/RILJ    ( 1652): [0190]< SCREEN_STATE 
04-18 15:33:20.665 D/GSM     ( 1652): [DataConnection] Stop poll NetStat
04-18 15:33:20.665 D/GSM     ( 1652): [DataConnection] Start poll NetStat
04-18 15:33:23.787 D/AT      ( 1536): AT< NO CARRIER
04-18 15:33:23.787 D/RILC    ( 1536): [UNSL]< UNSOL_RESPONSE_CALL_STATE_CHANGED 
04-18 15:33:23.787 D/RILJ    ( 1652): [UNSL]< UNSOL_RESPONSE_CALL_STATE_CHANGED
04-18 15:33:23.787 D/RILJ    ( 1652): [0191]> GET_CURRENT_CALLS
04-18 15:33:23.805 D/RILC    ( 1536): [0191]> GET_CURRENT_CALLS 
04-18 15:33:23.805 D/RIL     ( 1536): onRequest: GET_CURRENT_CALLS
04-18 15:33:23.805 D/AT      ( 1536): AT> AT+CLCC
04-18 15:33:23.805 D/AT      ( 1536): AT< +CLCC: 1,0,1,0,0,"13182827869",129
04-18 15:33:23.805 D/AT      ( 1536): AT< OK
04-18 15:33:23.805 D/RILC    ( 1536): [0191]< GET_CURRENT_CALLS {[id=1,HOLDING,toa=129,norm,mo,als=0,voc,noevp,13182827869,cli=0,name='(null)',0}
04-18 15:33:23.815 D/RILJ    ( 1652): InCall VoicePrivacy is disabled
04-18 15:33:23.815 D/RILJ    ( 1652): [0191]< GET_CURRENT_CALLS  [id=1,HOLDING,toa=129,norm,mo,0,voc,noevp,,cli=1,,0] 
04-18 15:33:23.815 D/GSM     ( 1652): [GSMConn] update: parent=HOLDING, hasNewParent=false, wasConnectingInOrOut=false, wasHolding=true, isConnectingInOrOut=false, changed=false
04-18 15:33:23.815 D/RILJ    ( 1652): [0192]> LAST_CALL_FAIL_CAUSE
04-18 15:33:23.825 D/RILC    ( 1536): [0192]> LAST_CALL_FAIL_CAUSE 
04-18 15:33:23.835 D/RIL     ( 1536): onRequest: LAST_CALL_FAIL_CAUSE
04-18 15:33:23.835 D/AT      ( 1536): AT> AT+CEER
04-18 15:33:23.835 D/AT      ( 1536): AT< +CEER: "Cause Select:67 Cause:16"
04-18 15:33:23.835 D/AT      ( 1536): AT< OK
04-18 15:33:23.835 D/RILC    ( 1536): [0192]< LAST_CALL_FAIL_CAUSE {67}
04-18 15:33:23.835 D/RILJ    ( 1652): [0192]< LAST_CALL_FAIL_CAUSE {67}
04-18 15:33:23.835 D/GSM     ( 1652): [GSMConn] onDisconnect: cause=ERROR_UNSPECIFIED
04-18 15:33:23.935 D/RILJ    ( 1652): [0193]> SET_MUTE false
04-18 15:33:23.975 D/RILC    ( 1536): [0193]> SET_MUTE (0)
04-18 15:33:23.975 D/RIL     ( 1536): onRequest: SET_MUTE
04-18 15:33:23.975 D/AT      ( 1536): AT> AT+CMUT=0
04-18 15:33:23.985 D/AT      ( 1536): AT< OK
04-18 15:33:23.985 D/RILC    ( 1536): [0193]< SET_MUTE
04-18 15:33:23.985 D/RILJ    ( 1652): [0193]< SET_MUTE 
04-18 15:33:26.465 D/RILJ    ( 1652): [0194]> SCREEN_STATE: true
04-18 15:33:26.475 D/RILC    ( 1536): [0194]> SCREEN_STATE (1)
04-18 15:33:26.475 D/RIL     ( 1536): onRequest: SCREEN_STATE
04-18 15:33:26.475 D/RILC    ( 1536): [0194]< SCREEN_STATE
04-18 15:33:26.475 D/RILJ    ( 1652): [0194]< SCREEN_STATE 
04-18 15:33:26.585 D/GSM     ( 1652): [DataConnection] Stop poll NetStat
04-18 15:33:26.595 D/GSM     ( 1652): [DataConnection] Start poll NetStat
04-18 15:33:29.565 D/RILJ    ( 1652): [0195]> REQUEST_SWITCH_WAITING_OR_HOLDING_AND_ACTIVE
04-18 15:33:29.585 D/RILC    ( 1536): [0195]> SWITCH_WAITING_OR_HOLDING_AND_ACTIVE 
04-18 15:33:29.585 D/RIL     ( 1536): onRequest: SWITCH_WAITING_OR_HOLDING_AND_ACTIVE
04-18 15:33:29.585 D/AT      ( 1536): AT> AT+CHLD=2
04-18 15:33:30.053 D/AT      ( 1536): AT< OK
04-18 15:33:30.055 D/RILC    ( 1536): [0195]< SWITCH_WAITING_OR_HOLDING_AND_ACTIVE
04-18 15:33:30.055 D/RILJ    ( 1652): [0195]< REQUEST_SWITCH_WAITING_OR_HOLDING_AND_ACTIVE 
04-18 15:33:30.055 D/RILJ    ( 1652): [0196]> GET_CURRENT_CALLS
04-18 15:33:30.065 D/RILC    ( 1536): [0196]> GET_CURRENT_CALLS 
04-18 15:33:30.065 D/RIL     ( 1536): onRequest: GET_CURRENT_CALLS
04-18 15:33:30.065 D/AT      ( 1536): AT> AT+CLCC
04-18 15:33:30.065 D/AT      ( 1536): AT< +CLCC: 1,0,0,0,0,"13182827869",129
04-18 15:33:30.065 D/AT      ( 1536): AT< OK
04-18 15:33:30.065 D/RILC    ( 1536): [0196]< GET_CURRENT_CALLS {[id=1,ACTIVE,toa=129,norm,mo,als=0,voc,noevp,13182827869,cli=0,name='(null)',0}
04-18 15:33:30.075 D/RILJ    ( 1652): InCall VoicePrivacy is disabled
04-18 15:33:30.075 D/RILJ    ( 1652): [0196]< GET_CURRENT_CALLS  [id=1,ACTIVE,toa=129,norm,mo,0,voc,noevp,,cli=1,,0] 
04-18 15:33:30.085 D/GSM     ( 1652): [GSMConn] update: parent=ACTIVE, hasNewParent=false, wasConnectingInOrOut=false, wasHolding=true, isConnectingInOrOut=false, changed=true
04-18 15:33:30.145 D/RILJ    ( 1652): [0197]> SET_MUTE false
04-18 15:33:30.165 D/RILC    ( 1536): [0197]> SET_MUTE (0)
04-18 15:33:30.165 D/RIL     ( 1536): onRequest: SET_MUTE
04-18 15:33:30.165 D/AT      ( 1536): AT> AT+CMUT=0
04-18 15:33:30.175 D/AT      ( 1536): AT< OK
04-18 15:33:30.175 D/RILC    ( 1536): [0197]< SET_MUTE
04-18 15:33:30.175 D/RILJ    ( 1652): [0197]< SET_MUTE 
04-18 15:33:34.576 D/RILJ    ( 1652): [0198]> SIGNAL_STRENGTH
04-18 15:33:34.585 D/RILC    ( 1536): [0198]> SIGNAL_STRENGTH 
04-18 15:33:34.585 D/RIL     ( 1536): onRequest: SIGNAL_STRENGTH
04-18 15:33:34.585 D/AT      ( 1536): AT> AT+CSQ
04-18 15:33:34.585 D/AT      ( 1536): AT< +CSQ: 21,0
04-18 15:33:34.585 D/AT      ( 1536): AT< OK
04-18 15:33:34.585 D/RILC    ( 1536): [0198]< SIGNAL_STRENGTH {[ 21 0]}
04-18 15:33:34.585 D/RILJ    ( 1652): [0198]< SIGNAL_STRENGTH {21, 0, 0, 0, 0, 0, 0}
04-18 15:33:39.395 D/GSM     ( 1652): [GsmCallTracker] hangupForegroundResumeBackground
04-18 15:33:39.415 D/RILJ    ( 1652): [0199]> HANGUP_FOREGROUND_RESUME_BACKGROUND
04-18 15:33:39.435 D/RILC    ( 1536): [0199]> HANGUP_FOREGROUND_RESUME_BACKGROUND 
04-18 15:33:39.435 D/RIL     ( 1536): onRequest: HANGUP_FOREGROUND_RESUME_BACKGROUND
04-18 15:33:39.435 D/AT      ( 1536): AT> AT+CHLD=1
04-18 15:33:39.495 D/RILJ    ( 1652): [0200]> SET_MUTE false
04-18 15:33:39.696 D/AT      ( 1536): AT< OK
04-18 15:33:39.696 D/RILC    ( 1536): [0199]< HANGUP_FOREGROUND_RESUME_BACKGROUND
04-18 15:33:39.696 D/RILC    ( 1536): [0200]> SET_MUTE (0)
04-18 15:33:39.696 D/RIL     ( 1536): onRequest: SET_MUTE
04-18 15:33:39.696 D/AT      ( 1536): AT> AT+CMUT=0
04-18 15:33:39.696 D/RILJ    ( 1652): [0199]< HANGUP_FOREGROUND_RESUME_BACKGROUND 
04-18 15:33:39.705 D/AT      ( 1536): AT< +CME ERROR: 3
04-18 15:33:39.705 D/RILC    ( 1536): [0200]< SET_MUTE fails by E_GENERIC_FAILURE
04-18 15:33:39.705 D/RILJ    ( 1652): [0200]< SET_MUTE error: com.android.internal.telephony.CommandException: GENERIC_FAILURE
04-18 15:33:39.925 D/RILJ    ( 1652): [0201]> GET_CURRENT_CALLS
04-18 15:33:39.945 D/RILC    ( 1536): [0201]> GET_CURRENT_CALLS 
04-18 15:33:39.945 D/RIL     ( 1536): onRequest: GET_CURRENT_CALLS
04-18 15:33:39.945 D/AT      ( 1536): AT> AT+CLCC
04-18 15:33:39.945 D/AT      ( 1536): AT< OK
04-18 15:33:39.945 D/RILC    ( 1536): [0201]< GET_CURRENT_CALLS }
04-18 15:33:39.955 D/RILJ    ( 1652): [0201]< GET_CURRENT_CALLS  
04-18 15:33:39.985 D/GSM     ( 1652): [GSMConn] onDisconnect: cause=LOCAL
04-18 15:33:40.315 D/GSM     ( 1652): GSMDataConnTrack handleMessage { what=15 when=234958 obj=android.os.AsyncResult@43d4f3c0 }
04-18 15:33:40.795 D/RILJ    ( 1652): [0202]> SET_MUTE false
04-18 15:33:40.805 D/RILC    ( 1536): [0202]> SET_MUTE (0)
04-18 15:33:40.805 D/RIL     ( 1536): onRequest: SET_MUTE
04-18 15:33:40.805 D/AT      ( 1536): AT> AT+CMUT=0
04-18 15:33:40.825 D/AT      ( 1536): AT< +CME ERROR: 3
04-18 15:33:40.825 D/RILC    ( 1536): [0202]< SET_MUTE fails by E_GENERIC_FAILURE
04-18 15:33:40.825 D/RILJ    ( 1652): [0202]< SET_MUTE error: com.android.internal.telephony.CommandException: GENERIC_FAILURE
