04-18 15:32:52.095 D/RILJ    ( 1652): [UNSL]< UNSOL_RESPONSE_CALL_STATE_CHANGED
04-18 15:32:52.095 D/RILJ    ( 1652): [0099]> GET_CURRENT_CALLS
04-18 15:32:52.105 D/RILJ    ( 1652): [UNSL]< UNSOL_RESPONSE_CALL_STATE_CHANGED
04-18 15:32:52.105 D/RILC    ( 1536): [0099]> GET_CURRENT_CALLS 
04-18 15:32:52.105 D/RIL     ( 1536): onRequest: GET_CURRENT_CALLS
04-18 15:32:52.105 D/AT      ( 1536): AT> AT+CLCC
04-18 15:32:52.115 D/AT      ( 1536): AT< +CLCC: 1,0,0,0,0,"13182827869",129
04-18 15:32:52.115 D/AT      ( 1536): AT< +CLCC: 2,1,5,0,0,"18913956595",161
04-18 15:32:52.115 D/AT      ( 1536): AT< OK
04-18 15:32:52.115 D/RILC    ( 1536): [0099]< GET_CURRENT_CALLS {[id=1,ACTIVE,toa=129,norm,mo,als=0,voc,noevp,13182827869,cli=0,name='(null)',0][id=2,WAITING,toa=161,norm,mt,als=0,voc,noevp,18913956595,cli=0,name='(null)',0}
04-18 15:32:52.115 D/RILJ    ( 1652): [0100]> GET_CURRENT_CALLS
04-18 15:32:52.125 D/RILJ    ( 1652): InCall VoicePrivacy is disabled
04-18 15:32:52.125 D/RILJ    ( 1652): InCall VoicePrivacy is disabled
04-18 15:32:52.125 D/RILJ    ( 1652): [0099]< GET_CURRENT_CALLS  [id=1,ACTIVE,toa=129,norm,mo,0,voc,noevp,,cli=1,,0] [id=2,WAITING,toa=161,norm,mt,0,voc,noevp,,cli=1,,0] 
04-18 15:32:52.135 D/RILC    ( 1536): [0100]> GET_CURRENT_CALLS 
04-18 15:32:52.135 D/RIL     ( 1536): onRequest: GET_CURRENT_CALLS
04-18 15:32:52.135 D/AT      ( 1536): AT> AT+CLCC
04-18 15:32:52.135 D/AT      ( 1536): AT< +CLCC: 1,0,0,0,0,"13182827869",129
04-18 15:32:52.135 D/AT      ( 1536): AT< +CLCC: 2,1,5,0,0,"18913956595",161
04-18 15:32:52.135 D/AT      ( 1536): AT< OK
04-18 15:32:52.135 D/RILC    ( 1536): [0100]< GET_CURRENT_CALLS {[id=1,ACTIVE,toa=129,norm,mo,als=0,voc,noevp,13182827869,cli=0,name='(null)',0][id=2,WAITING,toa=161,norm,mt,als=0,voc,noevp,18913956595,cli=0,name='(null)',0}
04-18 15:32:52.145 D/RILJ    ( 1652): InCall VoicePrivacy is disabled
04-18 15:32:52.145 D/RILJ    ( 1652): InCall VoicePrivacy is disabled
04-18 15:32:52.145 D/RILJ    ( 1652): [0100]< GET_CURRENT_CALLS  [id=1,ACTIVE,toa=129,norm,mo,0,voc,noevp,,cli=1,,0] [id=2,WAITING,toa=161,norm,mt,0,voc,noevp,,cli=1,,0] 
04-18 15:32:52.145 D/GSM     ( 1652): [GSMConn] update: parent=ACTIVE, hasNewParent=false, wasConnectingInOrOut=false, wasHolding=false, isConnectingInOrOut=false, changed=false
04-18 15:32:52.145 D/GSM     ( 1652): [GSMConn] acquireWakeLock
04-18 15:32:52.615 D/RILC    ( 1536): [UNSL]< UNSOL_RESPONSE_CALL_STATE_CHANGED 
04-18 15:32:52.615 D/RILJ    ( 1652): [UNSL]< UNSOL_RESPONSE_CALL_STATE_CHANGED
04-18 15:32:52.635 D/RILC    ( 1536): [UNSL]< UNSOL_RESPONSE_CALL_STATE_CHANGED 
04-18 15:32:52.635 D/RILJ    ( 1652): [UNSL]< UNSOL_RESPONSE_CALL_STATE_CHANGED
04-18 15:32:52.675 D/RILJ    ( 1652): [0101]> SET_MUTE false
04-18 15:32:52.715 D/RILJ    ( 1652): [0102]> GET_CURRENT_CALLS
04-18 15:32:52.715 D/RILC    ( 1536): [0101]> SET_MUTE (0)
04-18 15:32:52.715 D/RIL     ( 1536): onRequest: SET_MUTE
04-18 15:32:52.715 D/AT      ( 1536): AT> AT+CMUT=0
04-18 15:32:52.725 D/AT      ( 1536): AT< OK
04-18 15:32:52.725 D/RILC    ( 1536): [0101]< SET_MUTE
04-18 15:32:52.725 D/RILJ    ( 1652): [0101]< SET_MUTE 
04-18 15:32:52.745 D/RILC    ( 1536): [0102]> GET_CURRENT_CALLS 
04-18 15:32:52.745 D/RIL     ( 1536): onRequest: GET_CURRENT_CALLS
04-18 15:32:52.745 D/AT      ( 1536): AT> AT+CLCC
04-18 15:32:52.745 D/RILJ    ( 1652): [0103]> GET_CURRENT_CALLS
04-18 15:32:52.745 D/AT      ( 1536): AT< +CLCC: 1,0,0,0,0,"13182827869",129
04-18 15:32:52.745 D/AT      ( 1536): AT< +CLCC: 2,1,5,0,0,"18913956595",161
04-18 15:32:52.745 D/AT      ( 1536): AT< OK
04-18 15:32:52.745 D/RILC    ( 1536): [0102]< GET_CURRENT_CALLS {[id=1,ACTIVE,toa=129,norm,mo,als=0,voc,noevp,13182827869,cli=0,name='(null)',0][id=2,WAITING,toa=161,norm,mt,als=0,voc,noevp,18913956595,cli=0,name='(null)',0}
04-18 15:32:52.745 D/RILJ    ( 1652): InCall VoicePrivacy is disabled
04-18 15:32:52.755 D/RILJ    ( 1652): InCall VoicePrivacy is disabled
04-18 15:32:52.755 D/RILJ    ( 1652): [0102]< GET_CURRENT_CALLS  [id=1,ACTIVE,toa=129,norm,mo,0,voc,noevp,,cli=1,,0] [id=2,WAITING,toa=161,norm,mt,0,voc,noevp,,cli=1,,0] 
04-18 15:32:52.765 D/RILC    ( 1536): [0103]> GET_CURRENT_CALLS 
04-18 15:32:52.765 D/RIL     ( 1536): onRequest: GET_CURRENT_CALLS
04-18 15:32:52.765 D/AT      ( 1536): AT> AT+CLCC
04-18 15:32:52.765 D/AT      ( 1536): AT< +CLCC: 1,0,0,0,0,"13182827869",129
04-18 15:32:52.765 D/AT      ( 1536): AT< +CLCC: 2,1,5,0,0,"18913956595",161
04-18 15:32:52.765 D/AT      ( 1536): AT< OK
04-18 15:32:52.765 D/RILC    ( 1536): [0103]< GET_CURRENT_CALLS {[id=1,ACTIVE,toa=129,norm,mo,als=0,voc,noevp,13182827869,cli=0,name='(null)',0][id=2,WAITING,toa=161,norm,mt,als=0,voc,noevp,18913956595,cli=0,name='(null)',0}
04-18 15:32:52.775 D/RILJ    ( 1652): InCall VoicePrivacy is disabled
04-18 15:32:52.775 D/RILJ    ( 1652): InCall VoicePrivacy is disabled
04-18 15:32:52.775 D/RILJ    ( 1652): [0103]< GET_CURRENT_CALLS  [id=1,ACTIVE,toa=129,norm,mo,0,voc,noevp,,cli=1,,0] [id=2,WAITING,toa=161,norm,mt,0,voc,noevp,,cli=1,,0] 
04-18 15:32:53.045 D/GSM     ( 1652): [GSMConn] update: parent=ACTIVE, hasNewParent=false, wasConnectingInOrOut=false, wasHolding=false, isConnectingInOrOut=false, changed=false
04-18 15:32:53.055 D/GSM     ( 1652): [GSMConn] update: parent=WAITING, hasNewParent=false, wasConnectingInOrOut=true, wasHolding=false, isConnectingInOrOut=true, changed=false
04-18 15:32:53.055 D/RILJ    ( 1652): [0104]> SCREEN_STATE: true
04-18 15:32:53.065 D/RILC    ( 1536): [0104]> SCREEN_STATE (1)
04-18 15:32:53.065 D/RIL     ( 1536): onRequest: SCREEN_STATE
04-18 15:32:53.065 D/RILC    ( 1536): [0104]< SCREEN_STATE
04-18 15:32:53.065 D/RILJ    ( 1652): [0104]< SCREEN_STATE 
04-18 15:32:53.135 D/RILJ    ( 1652): [0105]> SET_MUTE false
04-18 15:32:53.135 D/RILC    ( 1536): [0105]> SET_MUTE (0)
04-18 15:32:53.135 D/RIL     ( 1536): onRequest: SET_MUTE
04-18 15:32:53.135 D/AT      ( 1536): AT> AT+CMUT=0
04-18 15:32:53.135 D/AT      ( 1536): AT< OK
04-18 15:32:53.135 D/RILC    ( 1536): [0105]< SET_MUTE
04-18 15:32:53.135 D/RILJ    ( 1652): [0105]< SET_MUTE 
04-18 15:32:53.185 D/GSM     ( 1652): [DataConnection] Stop poll NetStat
04-18 15:32:53.185 D/GSM     ( 1652): [DataConnection] Start poll NetStat
04-18 15:32:53.245 D/RILC    ( 1536): [UNSL]< UNSOL_RESPONSE_CALL_STATE_CHANGED 
04-18 15:32:53.255 D/RILJ    ( 1652): [UNSL]< UNSOL_RESPONSE_CALL_STATE_CHANGED
04-18 15:32:53.265 D/RILC    ( 1536): [UNSL]< UNSOL_RESPONSE_CALL_STATE_CHANGED 
04-18 15:32:53.265 D/RILJ    ( 1652): [UNSL]< UNSOL_RESPONSE_CALL_STATE_CHANGED
04-18 15:32:53.335 D/RILJ    ( 1652): [0106]> GET_CURRENT_CALLS
04-18 15:32:53.335 D/RILC    ( 1536): [0106]> GET_CURRENT_CALLS 
04-18 15:32:53.335 D/RIL     ( 1536): onRequest: GET_CURRENT_CALLS
04-18 15:32:53.335 D/AT      ( 1536): AT> AT+CLCC
04-18 15:32:53.335 D/AT      ( 1536): AT< +CLCC: 1,0,0,0,0,"13182827869",129
04-18 15:32:53.335 D/AT      ( 1536): AT< +CLCC: 2,1,5,0,0,"18913956595",161
04-18 15:32:53.335 D/AT      ( 1536): AT< OK
04-18 15:32:53.345 D/RILC    ( 1536): [0106]< GET_CURRENT_CALLS {[id=1,ACTIVE,toa=129,norm,mo,als=0,voc,noevp,13182827869,cli=0,name='(null)',0][id=2,WAITING,toa=161,norm,mt,als=0,voc,noevp,18913956595,cli=0,name='(null)',0}
04-18 15:32:53.345 D/RILJ    ( 1652): InCall VoicePrivacy is disabled
04-18 15:32:53.345 D/RILJ    ( 1652): InCall VoicePrivacy is disabled
04-18 15:32:53.345 D/RILJ    ( 1652): [0106]< GET_CURRENT_CALLS  [id=1,ACTIVE,toa=129,norm,mo,0,voc,noevp,,cli=1,,0] [id=2,WAITING,toa=161,norm,mt,0,voc,noevp,,cli=1,,0] 
04-18 15:32:53.345 D/RILJ    ( 1652): [0107]> GET_CURRENT_CALLS
04-18 15:32:53.355 D/RILC    ( 1536): [0107]> GET_CURRENT_CALLS 
04-18 15:32:53.355 D/RIL     ( 1536): onRequest: GET_CURRENT_CALLS
04-18 15:32:53.355 D/AT      ( 1536): AT> AT+CLCC
04-18 15:32:53.365 D/AT      ( 1536): AT< +CLCC: 1,0,0,0,0,"13182827869",129
04-18 15:32:53.365 D/AT      ( 1536): AT< +CLCC: 2,1,5,0,0,"18913956595",161
04-18 15:32:53.365 D/AT      ( 1536): AT< OK
04-18 15:32:53.365 D/RILC    ( 1536): [0107]< GET_CURRENT_CALLS {[id=1,ACTIVE,toa=129,norm,mo,als=0,voc,noevp,13182827869,cli=0,name='(null)',0][id=2,WAITING,toa=161,norm,mt,als=0,voc,noevp,18913956595,cli=0,name='(null)',0}
04-18 15:32:53.365 D/RILJ    ( 1652): InCall VoicePrivacy is disabled
04-18 15:32:53.365 D/RILJ    ( 1652): InCall VoicePrivacy is disabled
04-18 15:32:53.365 D/RILJ    ( 1652): [0107]< GET_CURRENT_CALLS  [id=1,ACTIVE,toa=129,norm,mo,0,voc,noevp,,cli=1,,0] [id=2,WAITING,toa=161,norm,mt,0,voc,noevp,,cli=1,,0] 
04-18 15:32:53.365 D/GSM     ( 1652): [GSMConn] update: parent=ACTIVE, hasNewParent=false, wasConnectingInOrOut=false, wasHolding=false, isConnectingInOrOut=false, changed=false
04-18 15:32:53.365 D/GSM     ( 1652): [GSMConn] update: parent=WAITING, hasNewParent=false, wasConnectingInOrOut=true, wasHolding=false, isConnectingInOrOut=true, changed=false
04-18 15:32:53.847 D/RILC    ( 1536): [UNSL]< UNSOL_RESPONSE_CALL_STATE_CHANGED 
04-18 15:32:53.847 D/RILJ    ( 1652): [UNSL]< UNSOL_RESPONSE_CALL_STATE_CHANGED
04-18 15:32:53.847 D/RILJ    ( 1652): [0108]> GET_CURRENT_CALLS
04-18 15:32:53.847 D/RILC    ( 1536): [0108]> GET_CURRENT_CALLS 
04-18 15:32:53.847 D/RIL     ( 1536): onRequest: GET_CURRENT_CALLS
04-18 15:32:53.847 D/AT      ( 1536): AT> AT+CLCC
04-18 15:32:53.855 D/AT      ( 1536): AT< +CLCC: 1,0,0,0,0,"13182827869",129
04-18 15:32:53.855 D/AT      ( 1536): AT< +CLCC: 2,1,5,0,0,"18913956595",161
04-18 15:32:53.855 D/AT      ( 1536): AT< OK
04-18 15:32:53.855 D/RILC    ( 1536): [0108]< GET_CURRENT_CALLS {[id=1,ACTIVE,toa=129,norm,mo,als=0,voc,noevp,13182827869,cli=0,name='(null)',0][id=2,WAITING,toa=161,norm,mt,als=0,voc,noevp,18913956595,cli=0,name='(null)',0}
04-18 15:32:53.855 D/RILJ    ( 1652): InCall VoicePrivacy is disabled
04-18 15:32:53.855 D/RILJ    ( 1652): InCall VoicePrivacy is disabled
04-18 15:32:53.855 D/RILJ    ( 1652): [0108]< GET_CURRENT_CALLS  [id=1,ACTIVE,toa=129,norm,mo,0,voc,noevp,,cli=1,,0] [id=2,WAITING,toa=161,norm,mt,0,voc,noevp,,cli=1,,0] 
04-18 15:32:53.855 D/GSM     ( 1652): [GSMConn] update: parent=ACTIVE, hasNewParent=false, wasConnectingInOrOut=false, wasHolding=false, isConnectingInOrOut=false, changed=false
04-18 15:32:53.855 D/GSM     ( 1652): [GSMConn] update: parent=WAITING, hasNewParent=false, wasConnectingInOrOut=true, wasHolding=false, isConnectingInOrOut=true, changed=false
04-18 15:32:53.865 D/RILC    ( 1536): [UNSL]< UNSOL_RESPONSE_CALL_STATE_CHANGED 
04-18 15:32:53.865 D/RILJ    ( 1652): [UNSL]< UNSOL_RESPONSE_CALL_STATE_CHANGED
04-18 15:32:53.865 D/RILJ    ( 1652): [0109]> GET_CURRENT_CALLS
04-18 15:32:53.865 D/RILC    ( 1536): [0109]> GET_CURRENT_CALLS 
04-18 15:32:53.865 D/RIL     ( 1536): onRequest: GET_CURRENT_CALLS
04-18 15:32:53.865 D/AT      ( 1536): AT> AT+CLCC
04-18 15:32:53.875 D/AT      ( 1536): AT< +CLCC: 1,0,0,0,0,"13182827869",129
04-18 15:32:53.875 D/AT      ( 1536): AT< +CLCC: 2,1,5,0,0,"18913956595",161
04-18 15:32:53.875 D/AT      ( 1536): AT< OK
04-18 15:32:53.875 D/RILC    ( 1536): [0109]< GET_CURRENT_CALLS {[id=1,ACTIVE,toa=129,norm,mo,als=0,voc,noevp,13182827869,cli=0,name='(null)',0][id=2,WAITING,toa=161,norm,mt,als=0,voc,noevp,18913956595,cli=0,name='(null)',0}
04-18 15:32:53.875 D/RILJ    ( 1652): InCall VoicePrivacy is disabled
04-18 15:32:53.875 D/RILJ    ( 1652): InCall VoicePrivacy is disabled
04-18 15:32:53.875 D/RILJ    ( 1652): [0109]< GET_CURRENT_CALLS  [id=1,ACTIVE,toa=129,norm,mo,0,voc,noevp,,cli=1,,0] [id=2,WAITING,toa=161,norm,mt,0,voc,noevp,,cli=1,,0] 
04-18 15:32:53.885 D/GSM     ( 1652): [GSMConn] update: parent=ACTIVE, hasNewParent=false, wasConnectingInOrOut=false, wasHolding=false, isConnectingInOrOut=false, changed=false
04-18 15:32:53.885 D/GSM     ( 1652): [GSMConn] update: parent=WAITING, hasNewParent=false, wasConnectingInOrOut=true, wasHolding=false, isConnectingInOrOut=true, changed=false
04-18 15:32:54.358 D/RILC    ( 1536): [UNSL]< UNSOL_RESPONSE_CALL_STATE_CHANGED 
04-18 15:32:54.358 D/RILJ    ( 1652): [UNSL]< UNSOL_RESPONSE_CALL_STATE_CHANGED
04-18 15:32:54.358 D/RILJ    ( 1652): [0110]> GET_CURRENT_CALLS
04-18 15:32:54.365 D/RILC    ( 1536): [0110]> GET_CURRENT_CALLS 
04-18 15:32:54.365 D/RIL     ( 1536): onRequest: GET_CURRENT_CALLS
04-18 15:32:54.365 D/AT      ( 1536): AT> AT+CLCC
04-18 15:32:54.365 D/AT      ( 1536): AT< +CLCC: 1,0,0,0,0,"13182827869",129
04-18 15:32:54.365 D/AT      ( 1536): AT< +CLCC: 2,1,5,0,0,"18913956595",161
04-18 15:32:54.365 D/AT      ( 1536): AT< OK
04-18 15:32:54.365 D/RILC    ( 1536): [0110]< GET_CURRENT_CALLS {[id=1,ACTIVE,toa=129,norm,mo,als=0,voc,noevp,13182827869,cli=0,name='(null)',0][id=2,WAITING,toa=161,norm,mt,als=0,voc,noevp,18913956595,cli=0,name='(null)',0}
04-18 15:32:54.365 D/RILJ    ( 1652): InCall VoicePrivacy is disabled
04-18 15:32:54.365 D/RILJ    ( 1652): InCall VoicePrivacy is disabled
04-18 15:32:54.365 D/RILJ    ( 1652): [0110]< GET_CURRENT_CALLS  [id=1,ACTIVE,toa=129,norm,mo,0,voc,noevp,,cli=1,,0] [id=2,WAITING,toa=161,norm,mt,0,voc,noevp,,cli=1,,0] 
04-18 15:32:54.365 D/GSM     ( 1652): [GSMConn] update: parent=ACTIVE, hasNewParent=false, wasConnectingInOrOut=false, wasHolding=false, isConnectingInOrOut=false, changed=false
04-18 15:32:54.365 D/GSM     ( 1652): [GSMConn] update: parent=WAITING, hasNewParent=false, wasConnectingInOrOut=true, wasHolding=false, isConnectingInOrOut=true, changed=false
04-18 15:32:54.375 D/RILC    ( 1536): [UNSL]< UNSOL_RESPONSE_CALL_STATE_CHANGED 
04-18 15:32:54.375 D/RILJ    ( 1652): [UNSL]< UNSOL_RESPONSE_CALL_STATE_CHANGED
04-18 15:32:54.375 D/RILJ    ( 1652): [0111]> GET_CURRENT_CALLS
04-18 15:32:54.385 D/RILC    ( 1536): [0111]> GET_CURRENT_CALLS 
04-18 15:32:54.385 D/RIL     ( 1536): onRequest: GET_CURRENT_CALLS
04-18 15:32:54.385 D/AT      ( 1536): AT> AT+CLCC
04-18 15:32:54.385 D/AT      ( 1536): AT< +CLCC: 1,0,0,0,0,"13182827869",129
04-18 15:32:54.385 D/AT      ( 1536): AT< +CLCC: 2,1,5,0,0,"18913956595",161
04-18 15:32:54.385 D/AT      ( 1536): AT< OK
04-18 15:32:54.385 D/RILC    ( 1536): [0111]< GET_CURRENT_CALLS {[id=1,ACTIVE,toa=129,norm,mo,als=0,voc,noevp,13182827869,cli=0,name='(null)',0][id=2,WAITING,toa=161,norm,mt,als=0,voc,noevp,18913956595,cli=0,name='(null)',0}
04-18 15:32:54.385 D/RILJ    ( 1652): InCall VoicePrivacy is disabled
04-18 15:32:54.385 D/RILJ    ( 1652): InCall VoicePrivacy is disabled
04-18 15:32:54.395 D/RILJ    ( 1652): [0111]< GET_CURRENT_CALLS  [id=1,ACTIVE,toa=129,norm,mo,0,voc,noevp,,cli=1,,0] [id=2,WAITING,toa=161,norm,mt,0,voc,noevp,,cli=1,,0] 
04-18 15:32:54.395 D/GSM     ( 1652): [GSMConn] update: parent=ACTIVE, hasNewParent=false, wasConnectingInOrOut=false, wasHolding=false, isConnectingInOrOut=false, changed=false
04-18 15:32:54.395 D/GSM     ( 1652): [GSMConn] update: parent=WAITING, hasNewParent=false, wasConnectingInOrOut=true, wasHolding=false, isConnectingInOrOut=true, changed=false
04-18 15:32:54.475 D/RILJ    ( 1652): [0112]> SIGNAL_STRENGTH
04-18 15:32:54.475 D/RILC    ( 1536): [0112]> SIGNAL_STRENGTH 
04-18 15:32:54.475 D/RIL     ( 1536): onRequest: SIGNAL_STRENGTH
04-18 15:32:54.475 D/AT      ( 1536): AT> AT+CSQ
04-18 15:32:54.475 D/AT      ( 1536): AT< +CSQ: 24,5
04-18 15:32:54.475 D/AT      ( 1536): AT< OK
04-18 15:32:54.475 D/RILC    ( 1536): [0112]< SIGNAL_STRENGTH {[ 24 5]}
04-18 15:32:54.485 D/RILJ    ( 1652): [0112]< SIGNAL_STRENGTH {24, 5, 0, 0, 0, 0, 0}
04-18 15:32:54.866 D/RILC    ( 1536): [UNSL]< UNSOL_RESPONSE_CALL_STATE_CHANGED 
04-18 15:32:54.866 D/RILJ    ( 1652): [UNSL]< UNSOL_RESPONSE_CALL_STATE_CHANGED
04-18 15:32:54.866 D/RILJ    ( 1652): [0113]> GET_CURRENT_CALLS
04-18 15:32:54.875 D/RILC    ( 1536): [0113]> GET_CURRENT_CALLS 
04-18 15:32:54.875 D/RIL     ( 1536): onRequest: GET_CURRENT_CALLS
04-18 15:32:54.875 D/AT      ( 1536): AT> AT+CLCC
04-18 15:32:54.875 D/AT      ( 1536): AT< +CLCC: 1,0,0,0,0,"13182827869",129
04-18 15:32:54.875 D/AT      ( 1536): AT< +CLCC: 2,1,5,0,0,"18913956595",161
04-18 15:32:54.875 D/AT      ( 1536): AT< OK
04-18 15:32:54.875 D/RILC    ( 1536): [0113]< GET_CURRENT_CALLS {[id=1,ACTIVE,toa=129,norm,mo,als=0,voc,noevp,13182827869,cli=0,name='(null)',0][id=2,WAITING,toa=161,norm,mt,als=0,voc,noevp,18913956595,cli=0,name='(null)',0}
04-18 15:32:54.875 D/RILJ    ( 1652): InCall VoicePrivacy is disabled
04-18 15:32:54.875 D/RILJ    ( 1652): InCall VoicePrivacy is disabled
04-18 15:32:54.885 D/RILJ    ( 1652): [0113]< GET_CURRENT_CALLS  [id=1,ACTIVE,toa=129,norm,mo,0,voc,noevp,,cli=1,,0] [id=2,WAITING,toa=161,norm,mt,0,voc,noevp,,cli=1,,0] 
04-18 15:32:54.885 D/GSM     ( 1652): [GSMConn] update: parent=ACTIVE, hasNewParent=false, wasConnectingInOrOut=false, wasHolding=false, isConnectingInOrOut=false, changed=false
04-18 15:32:54.885 D/GSM     ( 1652): [GSMConn] update: parent=WAITING, hasNewParent=false, wasConnectingInOrOut=true, wasHolding=false, isConnectingInOrOut=true, changed=false
04-18 15:32:54.885 D/RILC    ( 1536): [UNSL]< UNSOL_RESPONSE_CALL_STATE_CHANGED 
04-18 15:32:54.885 D/RILJ    ( 1652): [UNSL]< UNSOL_RESPONSE_CALL_STATE_CHANGED
04-18 15:32:54.895 D/RILJ    ( 1652): [0114]> GET_CURRENT_CALLS
04-18 15:32:54.895 D/RILC    ( 1536): [0114]> GET_CURRENT_CALLS 
04-18 15:32:54.895 D/RIL     ( 1536): onRequest: GET_CURRENT_CALLS
04-18 15:32:54.895 D/AT      ( 1536): AT> AT+CLCC
04-18 15:32:54.895 D/AT      ( 1536): AT< +CLCC: 1,0,0,0,0,"13182827869",129
04-18 15:32:54.895 D/AT      ( 1536): AT< +CLCC: 2,1,5,0,0,"18913956595",161
04-18 15:32:54.895 D/AT      ( 1536): AT< OK
04-18 15:32:54.895 D/RILC    ( 1536): [0114]< GET_CURRENT_CALLS {[id=1,ACTIVE,toa=129,norm,mo,als=0,voc,noevp,13182827869,cli=0,name='(null)',0][id=2,WAITING,toa=161,norm,mt,als=0,voc,noevp,18913956595,cli=0,name='(null)',0}
04-18 15:32:54.895 D/RILJ    ( 1652): InCall VoicePrivacy is disabled
04-18 15:32:54.905 D/RILJ    ( 1652): InCall VoicePrivacy is disabled
04-18 15:32:54.905 D/RILJ    ( 1652): [0114]< GET_CURRENT_CALLS  [id=1,ACTIVE,toa=129,norm,mo,0,voc,noevp,,cli=1,,0] [id=2,WAITING,toa=161,norm,mt,0,voc,noevp,,cli=1,,0] 
04-18 15:32:54.905 D/GSM     ( 1652): [GSMConn] update: parent=ACTIVE, hasNewParent=false, wasConnectingInOrOut=false, wasHolding=false, isConnectingInOrOut=false, changed=false
04-18 15:32:54.905 D/GSM     ( 1652): [GSMConn] update: parent=WAITING, hasNewParent=false, wasConnectingInOrOut=true, wasHolding=false, isConnectingInOrOut=true, changed=false
04-18 15:32:55.376 D/RILC    ( 1536): [UNSL]< UNSOL_RESPONSE_CALL_STATE_CHANGED 
04-18 15:32:55.376 D/RILJ    ( 1652): [UNSL]< UNSOL_RESPONSE_CALL_STATE_CHANGED
04-18 15:32:55.376 D/RILJ    ( 1652): [0115]> GET_CURRENT_CALLS
04-18 15:32:55.385 D/RILC    ( 1536): [0115]> GET_CURRENT_CALLS 
04-18 15:32:55.385 D/RIL     ( 1536): onRequest: GET_CURRENT_CALLS
04-18 15:32:55.385 D/AT      ( 1536): AT> AT+CLCC
04-18 15:32:55.385 D/AT      ( 1536): AT< +CLCC: 1,0,0,0,0,"13182827869",129
04-18 15:32:55.385 D/AT      ( 1536): AT< +CLCC: 2,1,5,0,0,"18913956595",161
04-18 15:32:55.385 D/AT      ( 1536): AT< OK
04-18 15:32:55.385 D/RILC    ( 1536): [0115]< GET_CURRENT_CALLS {[id=1,ACTIVE,toa=129,norm,mo,als=0,voc,noevp,13182827869,cli=0,name='(null)',0][id=2,WAITING,toa=161,norm,mt,als=0,voc,noevp,18913956595,cli=0,name='(null)',0}
04-18 15:32:55.385 D/RILJ    ( 1652): InCall VoicePrivacy is disabled
04-18 15:32:55.385 D/RILJ    ( 1652): InCall VoicePrivacy is disabled
04-18 15:32:55.395 D/RILJ    ( 1652): [0115]< GET_CURRENT_CALLS  [id=1,ACTIVE,toa=129,norm,mo,0,voc,noevp,,cli=1,,0] [id=2,WAITING,toa=161,norm,mt,0,voc,noevp,,cli=1,,0] 
04-18 15:32:55.395 D/GSM     ( 1652): [GSMConn] update: parent=ACTIVE, hasNewParent=false, wasConnectingInOrOut=false, wasHolding=false, isConnectingInOrOut=false, changed=false
04-18 15:32:55.395 D/GSM     ( 1652): [GSMConn] update: parent=WAITING, hasNewParent=false, wasConnectingInOrOut=true, wasHolding=false, isConnectingInOrOut=true, changed=false
04-18 15:32:55.395 D/RILC    ( 1536): [UNSL]< UNSOL_RESPONSE_CALL_STATE_CHANGED 
04-18 15:32:55.405 D/RILJ    ( 1652): [UNSL]< UNSOL_RESPONSE_CALL_STATE_CHANGED
04-18 15:32:55.405 D/RILJ    ( 1652): [0116]> GET_CURRENT_CALLS
04-18 15:32:55.405 D/RILC    ( 1536): [0116]> GET_CURRENT_CALLS 
04-18 15:32:55.405 D/RIL     ( 1536): onRequest: GET_CURRENT_CALLS
04-18 15:32:55.405 D/AT      ( 1536): AT> AT+CLCC
04-18 15:32:55.405 D/AT      ( 1536): AT< +CLCC: 1,0,0,0,0,"13182827869",129
04-18 15:32:55.405 D/AT      ( 1536): AT< +CLCC: 2,1,5,0,0,"18913956595",161
04-18 15:32:55.405 D/AT      ( 1536): AT< OK
04-18 15:32:55.405 D/RILC    ( 1536): [0116]< GET_CURRENT_CALLS {[id=1,ACTIVE,toa=129,norm,mo,als=0,voc,noevp,13182827869,cli=0,name='(null)',0][id=2,WAITING,toa=161,norm,mt,als=0,voc,noevp,18913956595,cli=0,name='(null)',0}
04-18 15:32:55.415 D/RILJ    ( 1652): InCall VoicePrivacy is disabled
04-18 15:32:55.415 D/RILJ    ( 1652): InCall VoicePrivacy is disabled
04-18 15:32:55.415 D/RILJ    ( 1652): [0116]< GET_CURRENT_CALLS  [id=1,ACTIVE,toa=129,norm,mo,0,voc,noevp,,cli=1,,0] [id=2,WAITING,toa=161,norm,mt,0,voc,noevp,,cli=1,,0] 
04-18 15:32:55.415 D/GSM     ( 1652): [GSMConn] update: parent=ACTIVE, hasNewParent=false, wasConnectingInOrOut=false, wasHolding=false, isConnectingInOrOut=false, changed=false
04-18 15:32:55.415 D/GSM     ( 1652): [GSMConn] update: parent=WAITING, hasNewParent=false, wasConnectingInOrOut=true, wasHolding=false, isConnectingInOrOut=true, changed=false
04-18 15:32:55.885 D/RILC    ( 1536): [UNSL]< UNSOL_RESPONSE_CALL_STATE_CHANGED 
04-18 15:32:55.885 D/RILJ    ( 1652): [UNSL]< UNSOL_RESPONSE_CALL_STATE_CHANGED
04-18 15:32:55.895 D/RILJ    ( 1652): [0117]> GET_CURRENT_CALLS
04-18 15:32:55.895 D/RILC    ( 1536): [0117]> GET_CURRENT_CALLS 
04-18 15:32:55.895 D/RIL     ( 1536): onRequest: GET_CURRENT_CALLS
04-18 15:32:55.895 D/AT      ( 1536): AT> AT+CLCC
04-18 15:32:55.895 D/AT      ( 1536): AT< +CLCC: 1,0,0,0,0,"13182827869",129
04-18 15:32:55.895 D/AT      ( 1536): AT< +CLCC: 2,1,5,0,0,"18913956595",161
04-18 15:32:55.895 D/AT      ( 1536): AT< OK
04-18 15:32:55.895 D/RILC    ( 1536): [0117]< GET_CURRENT_CALLS {[id=1,ACTIVE,toa=129,norm,mo,als=0,voc,noevp,13182827869,cli=0,name='(null)',0][id=2,WAITING,toa=161,norm,mt,als=0,voc,noevp,18913956595,cli=0,name='(null)',0}
04-18 15:32:55.895 D/RILJ    ( 1652): InCall VoicePrivacy is disabled
04-18 15:32:55.905 D/RILJ    ( 1652): InCall VoicePrivacy is disabled
04-18 15:32:55.905 D/RILJ    ( 1652): [0117]< GET_CURRENT_CALLS  [id=1,ACTIVE,toa=129,norm,mo,0,voc,noevp,,cli=1,,0] [id=2,WAITING,toa=161,norm,mt,0,voc,noevp,,cli=1,,0] 
04-18 15:32:55.905 D/GSM     ( 1652): [GSMConn] update: parent=ACTIVE, hasNewParent=false, wasConnectingInOrOut=false, wasHolding=false, isConnectingInOrOut=false, changed=false
04-18 15:32:55.905 D/GSM     ( 1652): [GSMConn] update: parent=WAITING, hasNewParent=false, wasConnectingInOrOut=true, wasHolding=false, isConnectingInOrOut=true, changed=false
04-18 15:32:55.915 D/RILC    ( 1536): [UNSL]< UNSOL_RESPONSE_CALL_STATE_CHANGED 
04-18 15:32:55.915 D/RILJ    ( 1652): [UNSL]< UNSOL_RESPONSE_CALL_STATE_CHANGED
04-18 15:32:55.915 D/RILJ    ( 1652): [0118]> GET_CURRENT_CALLS
04-18 15:32:55.915 D/RILC    ( 1536): [0118]> GET_CURRENT_CALLS 
04-18 15:32:55.915 D/RIL     ( 1536): onRequest: GET_CURRENT_CALLS
04-18 15:32:55.915 D/AT      ( 1536): AT> AT+CLCC
04-18 15:32:55.915 D/AT      ( 1536): AT< +CLCC: 1,0,0,0,0,"13182827869",129
04-18 15:32:55.915 D/AT      ( 1536): AT< +CLCC: 2,1,5,0,0,"18913956595",161
04-18 15:32:55.915 D/AT      ( 1536): AT< OK
04-18 15:32:55.925 D/RILC    ( 1536): [0118]< GET_CURRENT_CALLS {[id=1,ACTIVE,toa=129,norm,mo,als=0,voc,noevp,13182827869,cli=0,name='(null)',0][id=2,WAITING,toa=161,norm,mt,als=0,voc,noevp,18913956595,cli=0,name='(null)',0}
04-18 15:32:55.925 D/RILJ    ( 1652): InCall VoicePrivacy is disabled
04-18 15:32:55.925 D/RILJ    ( 1652): InCall VoicePrivacy is disabled
04-18 15:32:55.925 D/RILJ    ( 1652): [0118]< GET_CURRENT_CALLS  [id=1,ACTIVE,toa=129,norm,mo,0,voc,noevp,,cli=1,,0] [id=2,WAITING,toa=161,norm,mt,0,voc,noevp,,cli=1,,0] 
04-18 15:32:55.925 D/GSM     ( 1652): [GSMConn] update: parent=ACTIVE, hasNewParent=false, wasConnectingInOrOut=false, wasHolding=false, isConnectingInOrOut=false, changed=false
04-18 15:32:55.925 D/GSM     ( 1652): [GSMConn] update: parent=WAITING, hasNewParent=false, wasConnectingInOrOut=true, wasHolding=false, isConnectingInOrOut=true, changed=false
04-18 15:32:56.396 D/RILC    ( 1536): [UNSL]< UNSOL_RESPONSE_CALL_STATE_CHANGED 
04-18 15:32:56.405 D/RILJ    ( 1652): [UNSL]< UNSOL_RESPONSE_CALL_STATE_CHANGED
04-18 15:32:56.405 D/RILJ    ( 1652): [0119]> GET_CURRENT_CALLS
04-18 15:32:56.405 D/RILC    ( 1536): [0119]> GET_CURRENT_CALLS 
04-18 15:32:56.405 D/RIL     ( 1536): onRequest: GET_CURRENT_CALLS
04-18 15:32:56.405 D/AT      ( 1536): AT> AT+CLCC
04-18 15:32:56.405 D/AT      ( 1536): AT< +CLCC: 1,0,0,0,0,"13182827869",129
04-18 15:32:56.415 D/AT      ( 1536): AT< +CLCC: 2,1,5,0,0,"18913956595",161
04-18 15:32:56.415 D/AT      ( 1536): AT< OK
04-18 15:32:56.415 D/RILC    ( 1536): [0119]< GET_CURRENT_CALLS {[id=1,ACTIVE,toa=129,norm,mo,als=0,voc,noevp,13182827869,cli=0,name='(null)',0][id=2,WAITING,toa=161,norm,mt,als=0,voc,noevp,18913956595,cli=0,name='(null)',0}
04-18 15:32:56.415 D/RILJ    ( 1652): InCall VoicePrivacy is disabled
04-18 15:32:56.415 D/RILJ    ( 1652): InCall VoicePrivacy is disabled
04-18 15:32:56.415 D/RILJ    ( 1652): [0119]< GET_CURRENT_CALLS  [id=1,ACTIVE,toa=129,norm,mo,0,voc,noevp,,cli=1,,0] [id=2,WAITING,toa=161,norm,mt,0,voc,noevp,,cli=1,,0] 
04-18 15:32:56.415 D/GSM     ( 1652): [GSMConn] update: parent=ACTIVE, hasNewParent=false, wasConnectingInOrOut=false, wasHolding=false, isConnectingInOrOut=false, changed=false
04-18 15:32:56.415 D/GSM     ( 1652): [GSMConn] update: parent=WAITING, hasNewParent=false, wasConnectingInOrOut=true, wasHolding=false, isConnectingInOrOut=true, changed=false
04-18 15:32:56.425 D/RILC    ( 1536): [UNSL]< UNSOL_RESPONSE_CALL_STATE_CHANGED 
04-18 15:32:56.425 D/RILJ    ( 1652): [UNSL]< UNSOL_RESPONSE_CALL_STATE_CHANGED
04-18 15:32:56.425 D/RILJ    ( 1652): [0120]> GET_CURRENT_CALLS
04-18 15:32:56.435 D/RILC    ( 1536): [0120]> GET_CURRENT_CALLS 
04-18 15:32:56.435 D/RIL     ( 1536): onRequest: GET_CURRENT_CALLS
04-18 15:32:56.435 D/AT      ( 1536): AT> AT+CLCC
04-18 15:32:56.435 D/AT      ( 1536): AT< +CLCC: 1,0,0,0,0,"13182827869",129
04-18 15:32:56.435 D/AT      ( 1536): AT< +CLCC: 2,1,5,0,0,"18913956595",161
04-18 15:32:56.435 D/AT      ( 1536): AT< OK
04-18 15:32:56.435 D/RILC    ( 1536): [0120]< GET_CURRENT_CALLS {[id=1,ACTIVE,toa=129,norm,mo,als=0,voc,noevp,13182827869,cli=0,name='(null)',0][id=2,WAITING,toa=161,norm,mt,als=0,voc,noevp,18913956595,cli=0,name='(null)',0}
04-18 15:32:56.435 D/RILJ    ( 1652): InCall VoicePrivacy is disabled
04-18 15:32:56.435 D/RILJ    ( 1652): InCall VoicePrivacy is disabled
04-18 15:32:56.445 D/RILJ    ( 1652): [0120]< GET_CURRENT_CALLS  [id=1,ACTIVE,toa=129,norm,mo,0,voc,noevp,,cli=1,,0] [id=2,WAITING,toa=161,norm,mt,0,voc,noevp,,cli=1,,0] 
04-18 15:32:56.445 D/GSM     ( 1652): [GSMConn] update: parent=ACTIVE, hasNewParent=false, wasConnectingInOrOut=false, wasHolding=false, isConnectingInOrOut=false, changed=false
04-18 15:32:56.445 D/GSM     ( 1652): [GSMConn] update: parent=WAITING, hasNewParent=false, wasConnectingInOrOut=true, wasHolding=false, isConnectingInOrOut=true, changed=false
04-18 15:32:56.915 D/RILC    ( 1536): [UNSL]< UNSOL_RESPONSE_CALL_STATE_CHANGED 
04-18 15:32:56.915 D/RILJ    ( 1652): [UNSL]< UNSOL_RESPONSE_CALL_STATE_CHANGED
04-18 15:32:56.915 D/RILJ    ( 1652): [0121]> GET_CURRENT_CALLS
04-18 15:32:56.915 D/RILC    ( 1536): [0121]> GET_CURRENT_CALLS 
04-18 15:32:56.915 D/RIL     ( 1536): onRequest: GET_CURRENT_CALLS
04-18 15:32:56.915 D/AT      ( 1536): AT> AT+CLCC
04-18 15:32:56.915 D/AT      ( 1536): AT< +CLCC: 1,0,0,0,0,"13182827869",129
04-18 15:32:56.925 D/AT      ( 1536): AT< +CLCC: 2,1,5,0,0,"18913956595",161
04-18 15:32:56.925 D/AT      ( 1536): AT< OK
04-18 15:32:56.925 D/RILC    ( 1536): [0121]< GET_CURRENT_CALLS {[id=1,ACTIVE,toa=129,norm,mo,als=0,voc,noevp,13182827869,cli=0,name='(null)',0][id=2,WAITING,toa=161,norm,mt,als=0,voc,noevp,18913956595,cli=0,name='(null)',0}
04-18 15:32:56.925 D/RILJ    ( 1652): InCall VoicePrivacy is disabled
04-18 15:32:56.925 D/RILJ    ( 1652): InCall VoicePrivacy is disabled
04-18 15:32:56.925 D/RILJ    ( 1652): [0121]< GET_CURRENT_CALLS  [id=1,ACTIVE,toa=129,norm,mo,0,voc,noevp,,cli=1,,0] [id=2,WAITING,toa=161,norm,mt,0,voc,noevp,,cli=1,,0] 
04-18 15:32:56.925 D/GSM     ( 1652): [GSMConn] update: parent=ACTIVE, hasNewParent=false, wasConnectingInOrOut=false, wasHolding=false, isConnectingInOrOut=false, changed=false
04-18 15:32:56.925 D/GSM     ( 1652): [GSMConn] update: parent=WAITING, hasNewParent=false, wasConnectingInOrOut=true, wasHolding=false, isConnectingInOrOut=true, changed=false
04-18 15:32:56.935 D/RILC    ( 1536): [UNSL]< UNSOL_RESPONSE_CALL_STATE_CHANGED 
04-18 15:32:56.935 D/RILJ    ( 1652): [UNSL]< UNSOL_RESPONSE_CALL_STATE_CHANGED
04-18 15:32:56.935 D/RILJ    ( 1652): [0122]> GET_CURRENT_CALLS
04-18 15:32:56.945 D/RILC    ( 1536): [0122]> GET_CURRENT_CALLS 
04-18 15:32:56.945 D/RIL     ( 1536): onRequest: GET_CURRENT_CALLS
04-18 15:32:56.945 D/AT      ( 1536): AT> AT+CLCC
04-18 15:32:56.945 D/AT      ( 1536): AT< +CLCC: 1,0,0,0,0,"13182827869",129
04-18 15:32:56.945 D/AT      ( 1536): AT< +CLCC: 2,1,5,0,0,"18913956595",161
04-18 15:32:56.945 D/AT      ( 1536): AT< OK
04-18 15:32:56.945 D/RILC    ( 1536): [0122]< GET_CURRENT_CALLS {[id=1,ACTIVE,toa=129,norm,mo,als=0,voc,noevp,13182827869,cli=0,name='(null)',0][id=2,WAITING,toa=161,norm,mt,als=0,voc,noevp,18913956595,cli=0,name='(null)',0}
04-18 15:32:56.945 D/RILJ    ( 1652): InCall VoicePrivacy is disabled
04-18 15:32:56.945 D/RILJ    ( 1652): InCall VoicePrivacy is disabled
04-18 15:32:56.945 D/RILJ    ( 1652): [0122]< GET_CURRENT_CALLS  [id=1,ACTIVE,toa=129,norm,mo,0,voc,noevp,,cli=1,,0] [id=2,WAITING,toa=161,norm,mt,0,voc,noevp,,cli=1,,0] 
04-18 15:32:56.945 D/GSM     ( 1652): [GSMConn] update: parent=ACTIVE, hasNewParent=false, wasConnectingInOrOut=false, wasHolding=false, isConnectingInOrOut=false, changed=false
04-18 15:32:56.945 D/GSM     ( 1652): [GSMConn] update: parent=WAITING, hasNewParent=false, wasConnectingInOrOut=true, wasHolding=false, isConnectingInOrOut=true, changed=false
04-18 15:32:57.099 D/AT      ( 1536): AT< RING
04-18 15:32:57.099 D/RILC    ( 1536): [UNSL]< UNSOL_RESPONSE_CALL_STATE_CHANGED 
04-18 15:32:57.099 D/AT      ( 1536): AT< +CCWA: "18913956595",161,1,,0
04-18 15:32:57.099 D/RILC    ( 1536): [UNSL]< UNSOL_RESPONSE_CALL_STATE_CHANGED 
04-18 15:32:57.105 D/RILJ    ( 1652): [UNSL]< UNSOL_RESPONSE_CALL_STATE_CHANGED
04-18 15:32:57.105 D/RILJ    ( 1652): [0123]> GET_CURRENT_CALLS
04-18 15:32:57.105 D/RILC    ( 1536): [0123]> GET_CURRENT_CALLS 
04-18 15:32:57.105 D/RIL     ( 1536): onRequest: GET_CURRENT_CALLS
04-18 15:32:57.105 D/AT      ( 1536): AT> AT+CLCC
04-18 15:32:57.105 D/AT      ( 1536): AT< +CLCC: 1,0,0,0,0,"13182827869",129
04-18 15:32:57.105 D/AT      ( 1536): AT< +CLCC: 2,1,5,0,0,"18913956595",161
04-18 15:32:57.105 D/AT      ( 1536): AT< OK
04-18 15:32:57.105 D/RILC    ( 1536): [0123]< GET_CURRENT_CALLS {[id=1,ACTIVE,toa=129,norm,mo,als=0,voc,noevp,13182827869,cli=0,name='(null)',0][id=2,WAITING,toa=161,norm,mt,als=0,voc,noevp,18913956595,cli=0,name='(null)',0}
04-18 15:32:57.115 D/RILJ    ( 1652): [UNSL]< UNSOL_RESPONSE_CALL_STATE_CHANGED
04-18 15:32:57.115 D/RILJ    ( 1652): InCall VoicePrivacy is disabled
04-18 15:32:57.115 D/RILJ    ( 1652): InCall VoicePrivacy is disabled
04-18 15:32:57.115 D/RILJ    ( 1652): [0123]< GET_CURRENT_CALLS  [id=1,ACTIVE,toa=129,norm,mo,0,voc,noevp,,cli=1,,0] [id=2,WAITING,toa=161,norm,mt,0,voc,noevp,,cli=1,,0] 
04-18 15:32:57.115 D/RILJ    ( 1652): [0124]> GET_CURRENT_CALLS
04-18 15:32:57.125 D/RILC    ( 1536): [0124]> GET_CURRENT_CALLS 
04-18 15:32:57.125 D/RIL     ( 1536): onRequest: GET_CURRENT_CALLS
04-18 15:32:57.125 D/AT      ( 1536): AT> AT+CLCC
04-18 15:32:57.125 D/AT      ( 1536): AT< +CLCC: 1,0,0,0,0,"13182827869",129
04-18 15:32:57.135 D/AT      ( 1536): AT< +CLCC: 2,1,5,0,0,"18913956595",161
04-18 15:32:57.135 D/AT      ( 1536): AT< OK
04-18 15:32:57.135 D/RILC    ( 1536): [0124]< GET_CURRENT_CALLS {[id=1,ACTIVE,toa=129,norm,mo,als=0,voc,noevp,13182827869,cli=0,name='(null)',0][id=2,WAITING,toa=161,norm,mt,als=0,voc,noevp,18913956595,cli=0,name='(null)',0}
04-18 15:32:57.135 D/RILJ    ( 1652): InCall VoicePrivacy is disabled
04-18 15:32:57.135 D/RILJ    ( 1652): InCall VoicePrivacy is disabled
04-18 15:32:57.135 D/RILJ    ( 1652): [0124]< GET_CURRENT_CALLS  [id=1,ACTIVE,toa=129,norm,mo,0,voc,noevp,,cli=1,,0] [id=2,WAITING,toa=161,norm,mt,0,voc,noevp,,cli=1,,0] 
04-18 15:32:57.135 D/GSM     ( 1652): [GSMConn] update: parent=ACTIVE, hasNewParent=false, wasConnectingInOrOut=false, wasHolding=false, isConnectingInOrOut=false, changed=false
04-18 15:32:57.135 D/GSM     ( 1652): [GSMConn] update: parent=WAITING, hasNewParent=false, wasConnectingInOrOut=true, wasHolding=false, isConnectingInOrOut=true, changed=false
04-18 15:32:57.425 D/RILC    ( 1536): [UNSL]< UNSOL_RESPONSE_CALL_STATE_CHANGED 
04-18 15:32:57.425 D/RILJ    ( 1652): [UNSL]< UNSOL_RESPONSE_CALL_STATE_CHANGED
04-18 15:32:57.425 D/RILJ    ( 1652): [0125]> GET_CURRENT_CALLS
04-18 15:32:57.425 D/RILC    ( 1536): [0125]> GET_CURRENT_CALLS 
04-18 15:32:57.425 D/RIL     ( 1536): onRequest: GET_CURRENT_CALLS
04-18 15:32:57.425 D/AT      ( 1536): AT> AT+CLCC
04-18 15:32:57.435 D/AT      ( 1536): AT< +CLCC: 1,0,0,0,0,"13182827869",129
04-18 15:32:57.435 D/AT      ( 1536): AT< +CLCC: 2,1,5,0,0,"18913956595",161
04-18 15:32:57.435 D/AT      ( 1536): AT< OK
04-18 15:32:57.435 D/RILC    ( 1536): [0125]< GET_CURRENT_CALLS {[id=1,ACTIVE,toa=129,norm,mo,als=0,voc,noevp,13182827869,cli=0,name='(null)',0][id=2,WAITING,toa=161,norm,mt,als=0,voc,noevp,18913956595,cli=0,name='(null)',0}
04-18 15:32:57.435 D/RILJ    ( 1652): InCall VoicePrivacy is disabled
04-18 15:32:57.435 D/RILJ    ( 1652): InCall VoicePrivacy is disabled
04-18 15:32:57.435 D/RILJ    ( 1652): [0125]< GET_CURRENT_CALLS  [id=1,ACTIVE,toa=129,norm,mo,0,voc,noevp,,cli=1,,0] [id=2,WAITING,toa=161,norm,mt,0,voc,noevp,,cli=1,,0] 
04-18 15:32:57.445 D/GSM     ( 1652): [GSMConn] update: parent=ACTIVE, hasNewParent=false, wasConnectingInOrOut=false, wasHolding=false, isConnectingInOrOut=false, changed=false
04-18 15:32:57.445 D/GSM     ( 1652): [GSMConn] update: parent=WAITING, hasNewParent=false, wasConnectingInOrOut=true, wasHolding=false, isConnectingInOrOut=true, changed=false
04-18 15:32:57.445 D/RILC    ( 1536): [UNSL]< UNSOL_RESPONSE_CALL_STATE_CHANGED 
04-18 15:32:57.445 D/RILJ    ( 1652): [UNSL]< UNSOL_RESPONSE_CALL_STATE_CHANGED
04-18 15:32:57.445 D/RILJ    ( 1652): [0126]> GET_CURRENT_CALLS
04-18 15:32:57.455 D/RILC    ( 1536): [0126]> GET_CURRENT_CALLS 
04-18 15:32:57.455 D/RIL     ( 1536): onRequest: GET_CURRENT_CALLS
04-18 15:32:57.455 D/AT      ( 1536): AT> AT+CLCC
04-18 15:32:57.455 D/AT      ( 1536): AT< +CLCC: 1,0,0,0,0,"13182827869",129
04-18 15:32:57.455 D/AT      ( 1536): AT< +CLCC: 2,1,5,0,0,"18913956595",161
04-18 15:32:57.455 D/AT      ( 1536): AT< OK
04-18 15:32:57.455 D/RILC    ( 1536): [0126]< GET_CURRENT_CALLS {[id=1,ACTIVE,toa=129,norm,mo,als=0,voc,noevp,13182827869,cli=0,name='(null)',0][id=2,WAITING,toa=161,norm,mt,als=0,voc,noevp,18913956595,cli=0,name='(null)',0}
04-18 15:32:57.455 D/RILJ    ( 1652): InCall VoicePrivacy is disabled
04-18 15:32:57.455 D/RILJ    ( 1652): InCall VoicePrivacy is disabled
04-18 15:32:57.465 D/RILJ    ( 1652): [0126]< GET_CURRENT_CALLS  [id=1,ACTIVE,toa=129,norm,mo,0,voc,noevp,,cli=1,,0] [id=2,WAITING,toa=161,norm,mt,0,voc,noevp,,cli=1,,0] 
04-18 15:32:57.465 D/GSM     ( 1652): [GSMConn] update: parent=ACTIVE, hasNewParent=false, wasConnectingInOrOut=false, wasHolding=false, isConnectingInOrOut=false, changed=false
04-18 15:32:57.465 D/GSM     ( 1652): [GSMConn] update: parent=WAITING, hasNewParent=false, wasConnectingInOrOut=true, wasHolding=false, isConnectingInOrOut=true, changed=false
04-18 15:32:57.606 D/RILC    ( 1536): [UNSL]< UNSOL_RESPONSE_CALL_STATE_CHANGED 
04-18 15:32:57.615 D/RILJ    ( 1652): [UNSL]< UNSOL_RESPONSE_CALL_STATE_CHANGED
04-18 15:32:57.615 D/RILJ    ( 1652): [0127]> GET_CURRENT_CALLS
04-18 15:32:57.615 D/RILC    ( 1536): [0127]> GET_CURRENT_CALLS 
04-18 15:32:57.615 D/RIL     ( 1536): onRequest: GET_CURRENT_CALLS
04-18 15:32:57.615 D/AT      ( 1536): AT> AT+CLCC
04-18 15:32:57.615 D/AT      ( 1536): AT< +CLCC: 1,0,0,0,0,"13182827869",129
04-18 15:32:57.615 D/AT      ( 1536): AT< +CLCC: 2,1,5,0,0,"18913956595",161
04-18 15:32:57.615 D/AT      ( 1536): AT< OK
04-18 15:32:57.615 D/RILC    ( 1536): [0127]< GET_CURRENT_CALLS {[id=1,ACTIVE,toa=129,norm,mo,als=0,voc,noevp,13182827869,cli=0,name='(null)',0][id=2,WAITING,toa=161,norm,mt,als=0,voc,noevp,18913956595,cli=0,name='(null)',0}
04-18 15:32:57.625 D/RILJ    ( 1652): InCall VoicePrivacy is disabled
04-18 15:32:57.625 D/RILJ    ( 1652): InCall VoicePrivacy is disabled
04-18 15:32:57.625 D/RILJ    ( 1652): [0127]< GET_CURRENT_CALLS  [id=1,ACTIVE,toa=129,norm,mo,0,voc,noevp,,cli=1,,0] [id=2,WAITING,toa=161,norm,mt,0,voc,noevp,,cli=1,,0] 
04-18 15:32:57.625 D/GSM     ( 1652): [GSMConn] update: parent=ACTIVE, hasNewParent=false, wasConnectingInOrOut=false, wasHolding=false, isConnectingInOrOut=false, changed=false
04-18 15:32:57.625 D/GSM     ( 1652): [GSMConn] update: parent=WAITING, hasNewParent=false, wasConnectingInOrOut=true, wasHolding=false, isConnectingInOrOut=true, changed=false
04-18 15:32:57.635 D/RILC    ( 1536): [UNSL]< UNSOL_RESPONSE_CALL_STATE_CHANGED 
04-18 15:32:57.635 D/RILJ    ( 1652): [UNSL]< UNSOL_RESPONSE_CALL_STATE_CHANGED
04-18 15:32:57.645 D/RILJ    ( 1652): [0128]> GET_CURRENT_CALLS
04-18 15:32:57.665 D/RILC    ( 1536): [0128]> GET_CURRENT_CALLS 
04-18 15:32:57.665 D/RIL     ( 1536): onRequest: GET_CURRENT_CALLS
04-18 15:32:57.665 D/AT      ( 1536): AT> AT+CLCC
04-18 15:32:57.675 D/AT      ( 1536): AT< +CLCC: 1,0,0,0,0,"13182827869",129
04-18 15:32:57.675 D/AT      ( 1536): AT< +CLCC: 2,1,5,0,0,"18913956595",161
04-18 15:32:57.675 D/AT      ( 1536): AT< OK
04-18 15:32:57.675 D/RILC    ( 1536): [0128]< GET_CURRENT_CALLS {[id=1,ACTIVE,toa=129,norm,mo,als=0,voc,noevp,13182827869,cli=0,name='(null)',0][id=2,WAITING,toa=161,norm,mt,als=0,voc,noevp,18913956595,cli=0,name='(null)',0}
04-18 15:32:57.675 D/RILJ    ( 1652): InCall VoicePrivacy is disabled
04-18 15:32:57.675 D/RILJ    ( 1652): InCall VoicePrivacy is disabled
04-18 15:32:57.675 D/RILJ    ( 1652): [0128]< GET_CURRENT_CALLS  [id=1,ACTIVE,toa=129,norm,mo,0,voc,noevp,,cli=1,,0] [id=2,WAITING,toa=161,norm,mt,0,voc,noevp,,cli=1,,0] 
04-18 15:32:57.685 D/GSM     ( 1652): [GSMConn] update: parent=ACTIVE, hasNewParent=false, wasConnectingInOrOut=false, wasHolding=false, isConnectingInOrOut=false, changed=false
04-18 15:32:57.685 D/GSM     ( 1652): [GSMConn] update: parent=WAITING, hasNewParent=false, wasConnectingInOrOut=true, wasHolding=false, isConnectingInOrOut=true, changed=false
04-18 15:32:57.938 D/RILC    ( 1536): [UNSL]< UNSOL_RESPONSE_CALL_STATE_CHANGED 
04-18 15:32:57.938 D/RILJ    ( 1652): [UNSL]< UNSOL_RESPONSE_CALL_STATE_CHANGED
04-18 15:32:57.938 D/RILJ    ( 1652): [0129]> GET_CURRENT_CALLS
04-18 15:32:57.938 D/RILC    ( 1536): [0129]> GET_CURRENT_CALLS 
04-18 15:32:57.938 D/RIL     ( 1536): onRequest: GET_CURRENT_CALLS
04-18 15:32:57.938 D/AT      ( 1536): AT> AT+CLCC
04-18 15:32:57.945 D/AT      ( 1536): AT< +CLCC: 1,0,0,0,0,"13182827869",129
04-18 15:32:57.945 D/AT      ( 1536): AT< +CLCC: 2,1,5,0,0,"18913956595",161
04-18 15:32:57.945 D/AT      ( 1536): AT< OK
04-18 15:32:57.945 D/RILC    ( 1536): [0129]< GET_CURRENT_CALLS {[id=1,ACTIVE,toa=129,norm,mo,als=0,voc,noevp,13182827869,cli=0,name='(null)',0][id=2,WAITING,toa=161,norm,mt,als=0,voc,noevp,18913956595,cli=0,name='(null)',0}
04-18 15:32:57.945 D/RILJ    ( 1652): InCall VoicePrivacy is disabled
04-18 15:32:57.945 D/RILJ    ( 1652): InCall VoicePrivacy is disabled
04-18 15:32:57.945 D/RILJ    ( 1652): [0129]< GET_CURRENT_CALLS  [id=1,ACTIVE,toa=129,norm,mo,0,voc,noevp,,cli=1,,0] [id=2,WAITING,toa=161,norm,mt,0,voc,noevp,,cli=1,,0] 
04-18 15:32:57.945 D/GSM     ( 1652): [GSMConn] update: parent=ACTIVE, hasNewParent=false, wasConnectingInOrOut=false, wasHolding=false, isConnectingInOrOut=false, changed=false
04-18 15:32:57.945 D/GSM     ( 1652): [GSMConn] update: parent=WAITING, hasNewParent=false, wasConnectingInOrOut=true, wasHolding=false, isConnectingInOrOut=true, changed=false
04-18 15:32:57.955 D/RILC    ( 1536): [UNSL]< UNSOL_RESPONSE_CALL_STATE_CHANGED 
04-18 15:32:57.955 D/RILJ    ( 1652): [UNSL]< UNSOL_RESPONSE_CALL_STATE_CHANGED
04-18 15:32:57.955 D/RILJ    ( 1652): [0130]> GET_CURRENT_CALLS
04-18 15:32:57.965 D/RILC    ( 1536): [0130]> GET_CURRENT_CALLS 
04-18 15:32:57.965 D/RIL     ( 1536): onRequest: GET_CURRENT_CALLS
04-18 15:32:57.965 D/AT      ( 1536): AT> AT+CLCC
04-18 15:32:57.965 D/AT      ( 1536): AT< +CLCC: 1,0,0,0,0,"13182827869",129
04-18 15:32:57.965 D/AT      ( 1536): AT< +CLCC: 2,1,5,0,0,"18913956595",161
04-18 15:32:57.965 D/AT      ( 1536): AT< OK
04-18 15:32:57.965 D/RILC    ( 1536): [0130]< GET_CURRENT_CALLS {[id=1,ACTIVE,toa=129,norm,mo,als=0,voc,noevp,13182827869,cli=0,name='(null)',0][id=2,WAITING,toa=161,norm,mt,als=0,voc,noevp,18913956595,cli=0,name='(null)',0}
04-18 15:32:57.965 D/RILJ    ( 1652): InCall VoicePrivacy is disabled
04-18 15:32:57.965 D/RILJ    ( 1652): InCall VoicePrivacy is disabled
04-18 15:32:57.975 D/RILJ    ( 1652): [0130]< GET_CURRENT_CALLS  [id=1,ACTIVE,toa=129,norm,mo,0,voc,noevp,,cli=1,,0] [id=2,WAITING,toa=161,norm,mt,0,voc,noevp,,cli=1,,0] 
04-18 15:32:57.975 D/GSM     ( 1652): [GSMConn] update: parent=ACTIVE, hasNewParent=false, wasConnectingInOrOut=false, wasHolding=false, isConnectingInOrOut=false, changed=false
04-18 15:32:57.975 D/GSM     ( 1652): [GSMConn] update: parent=WAITING, hasNewParent=false, wasConnectingInOrOut=true, wasHolding=false, isConnectingInOrOut=true, changed=false
04-18 15:32:58.125 D/RILC    ( 1536): [UNSL]< UNSOL_RESPONSE_CALL_STATE_CHANGED 
04-18 15:32:58.125 D/RILJ    ( 1652): [UNSL]< UNSOL_RESPONSE_CALL_STATE_CHANGED
04-18 15:32:58.125 D/RILJ    ( 1652): [0131]> GET_CURRENT_CALLS
04-18 15:32:58.135 D/RILC    ( 1536): [0131]> GET_CURRENT_CALLS 
04-18 15:32:58.135 D/RIL     ( 1536): onRequest: GET_CURRENT_CALLS
04-18 15:32:58.135 D/AT      ( 1536): AT> AT+CLCC
04-18 15:32:58.145 D/AT      ( 1536): AT< +CLCC: 1,0,0,0,0,"13182827869",129
04-18 15:32:58.145 D/AT      ( 1536): AT< +CLCC: 2,1,5,0,0,"18913956595",161
04-18 15:32:58.145 D/AT      ( 1536): AT< OK
04-18 15:32:58.145 D/RILC    ( 1536): [0131]< GET_CURRENT_CALLS {[id=1,ACTIVE,toa=129,norm,mo,als=0,voc,noevp,13182827869,cli=0,name='(null)',0][id=2,WAITING,toa=161,norm,mt,als=0,voc,noevp,18913956595,cli=0,name='(null)',0}
04-18 15:32:58.155 D/RILJ    ( 1652): InCall VoicePrivacy is disabled
04-18 15:32:58.155 D/RILJ    ( 1652): InCall VoicePrivacy is disabled
04-18 15:32:58.175 D/RILJ    ( 1652): [0131]< GET_CURRENT_CALLS  [id=1,ACTIVE,toa=129,norm,mo,0,voc,noevp,,cli=1,,0] [id=2,WAITING,toa=161,norm,mt,0,voc,noevp,,cli=1,,0] 
04-18 15:32:58.175 D/RILC    ( 1536): [UNSL]< UNSOL_RESPONSE_CALL_STATE_CHANGED 
04-18 15:32:58.175 D/GSM     ( 1652): [GSMConn] update: parent=ACTIVE, hasNewParent=false, wasConnectingInOrOut=false, wasHolding=false, isConnectingInOrOut=false, changed=false
04-18 15:32:58.175 D/GSM     ( 1652): [GSMConn] update: parent=WAITING, hasNewParent=false, wasConnectingInOrOut=true, wasHolding=false, isConnectingInOrOut=true, changed=false
04-18 15:32:58.195 D/RILJ    ( 1652): [UNSL]< UNSOL_RESPONSE_CALL_STATE_CHANGED
04-18 15:32:58.195 D/RILJ    ( 1652): [0132]> GET_CURRENT_CALLS
04-18 15:32:58.205 D/RILC    ( 1536): [0132]> GET_CURRENT_CALLS 
04-18 15:32:58.205 D/RIL     ( 1536): onRequest: GET_CURRENT_CALLS
04-18 15:32:58.205 D/AT      ( 1536): AT> AT+CLCC
04-18 15:32:58.215 D/AT      ( 1536): AT< +CLCC: 1,0,0,0,0,"13182827869",129
04-18 15:32:58.215 D/AT      ( 1536): AT< +CLCC: 2,1,5,0,0,"18913956595",161
04-18 15:32:58.215 D/AT      ( 1536): AT< OK
04-18 15:32:58.215 D/RILC    ( 1536): [0132]< GET_CURRENT_CALLS {[id=1,ACTIVE,toa=129,norm,mo,als=0,voc,noevp,13182827869,cli=0,name='(null)',0][id=2,WAITING,toa=161,norm,mt,als=0,voc,noevp,18913956595,cli=0,name='(null)',0}
04-18 15:32:58.225 D/RILJ    ( 1652): InCall VoicePrivacy is disabled
04-18 15:32:58.225 D/RILJ    ( 1652): InCall VoicePrivacy is disabled
04-18 15:32:58.225 D/RILJ    ( 1652): [0132]< GET_CURRENT_CALLS  [id=1,ACTIVE,toa=129,norm,mo,0,voc,noevp,,cli=1,,0] [id=2,WAITING,toa=161,norm,mt,0,voc,noevp,,cli=1,,0] 
04-18 15:32:58.225 D/GSM     ( 1652): [GSMConn] update: parent=ACTIVE, hasNewParent=false, wasConnectingInOrOut=false, wasHolding=false, isConnectingInOrOut=false, changed=false
04-18 15:32:58.225 D/GSM     ( 1652): [GSMConn] update: parent=WAITING, hasNewParent=false, wasConnectingInOrOut=true, wasHolding=false, isConnectingInOrOut=true, changed=false
04-18 15:32:58.449 D/RILC    ( 1536): [UNSL]< UNSOL_RESPONSE_CALL_STATE_CHANGED 
04-18 15:32:58.449 D/RILJ    ( 1652): [UNSL]< UNSOL_RESPONSE_CALL_STATE_CHANGED
04-18 15:32:58.449 D/RILJ    ( 1652): [0133]> GET_CURRENT_CALLS
04-18 15:32:58.455 D/RILC    ( 1536): [0133]> GET_CURRENT_CALLS 
04-18 15:32:58.455 D/RIL     ( 1536): onRequest: GET_CURRENT_CALLS
04-18 15:32:58.455 D/AT      ( 1536): AT> AT+CLCC
04-18 15:32:58.455 D/AT      ( 1536): AT< +CLCC: 1,0,0,0,0,"13182827869",129
04-18 15:32:58.465 D/AT      ( 1536): AT< +CLCC: 2,1,5,0,0,"18913956595",161
04-18 15:32:58.465 D/AT      ( 1536): AT< OK
04-18 15:32:58.465 D/RILC    ( 1536): [0133]< GET_CURRENT_CALLS {[id=1,ACTIVE,toa=129,norm,mo,als=0,voc,noevp,13182827869,cli=0,name='(null)',0][id=2,WAITING,toa=161,norm,mt,als=0,voc,noevp,18913956595,cli=0,name='(null)',0}
04-18 15:32:58.465 D/RILJ    ( 1652): InCall VoicePrivacy is disabled
04-18 15:32:58.465 D/RILJ    ( 1652): InCall VoicePrivacy is disabled
04-18 15:32:58.465 D/RILJ    ( 1652): [0133]< GET_CURRENT_CALLS  [id=1,ACTIVE,toa=129,norm,mo,0,voc,noevp,,cli=1,,0] [id=2,WAITING,toa=161,norm,mt,0,voc,noevp,,cli=1,,0] 
04-18 15:32:58.465 D/RILC    ( 1536): [UNSL]< UNSOL_RESPONSE_CALL_STATE_CHANGED 
04-18 15:32:58.475 D/GSM     ( 1652): [GSMConn] update: parent=ACTIVE, hasNewParent=false, wasConnectingInOrOut=false, wasHolding=false, isConnectingInOrOut=false, changed=false
04-18 15:32:58.475 D/GSM     ( 1652): [GSMConn] update: parent=WAITING, hasNewParent=false, wasConnectingInOrOut=true, wasHolding=false, isConnectingInOrOut=true, changed=false
04-18 15:32:58.495 D/RILJ    ( 1652): [UNSL]< UNSOL_RESPONSE_CALL_STATE_CHANGED
04-18 15:32:58.495 D/RILJ    ( 1652): [0134]> GET_CURRENT_CALLS
04-18 15:32:58.505 D/RILC    ( 1536): [0134]> GET_CURRENT_CALLS 
04-18 15:32:58.515 D/RIL     ( 1536): onRequest: GET_CURRENT_CALLS
04-18 15:32:58.515 D/AT      ( 1536): AT> AT+CLCC
04-18 15:32:58.515 D/AT      ( 1536): AT< +CLCC: 1,0,0,0,0,"13182827869",129
04-18 15:32:58.515 D/AT      ( 1536): AT< +CLCC: 2,1,5,0,0,"18913956595",161
04-18 15:32:58.515 D/AT      ( 1536): AT< OK
04-18 15:32:58.515 D/RILC    ( 1536): [0134]< GET_CURRENT_CALLS {[id=1,ACTIVE,toa=129,norm,mo,als=0,voc,noevp,13182827869,cli=0,name='(null)',0][id=2,WAITING,toa=161,norm,mt,als=0,voc,noevp,18913956595,cli=0,name='(null)',0}
04-18 15:32:58.525 D/RILJ    ( 1652): InCall VoicePrivacy is disabled
04-18 15:32:58.535 D/RILJ    ( 1652): InCall VoicePrivacy is disabled
04-18 15:32:58.535 D/RILJ    ( 1652): [0134]< GET_CURRENT_CALLS  [id=1,ACTIVE,toa=129,norm,mo,0,voc,noevp,,cli=1,,0] [id=2,WAITING,toa=161,norm,mt,0,voc,noevp,,cli=1,,0] 
04-18 15:32:58.545 D/GSM     ( 1652): [GSMConn] update: parent=ACTIVE, hasNewParent=false, wasConnectingInOrOut=false, wasHolding=false, isConnectingInOrOut=false, changed=false
04-18 15:32:58.545 D/GSM     ( 1652): [GSMConn] update: parent=WAITING, hasNewParent=false, wasConnectingInOrOut=true, wasHolding=false, isConnectingInOrOut=true, changed=false
04-18 15:32:58.649 D/RILC    ( 1536): [UNSL]< UNSOL_RESPONSE_CALL_STATE_CHANGED 
04-18 15:32:58.649 D/RILJ    ( 1652): [UNSL]< UNSOL_RESPONSE_CALL_STATE_CHANGED
04-18 15:32:58.655 D/RILJ    ( 1652): [0135]> GET_CURRENT_CALLS
04-18 15:32:58.655 D/RILC    ( 1536): [0135]> GET_CURRENT_CALLS 
04-18 15:32:58.655 D/RIL     ( 1536): onRequest: GET_CURRENT_CALLS
04-18 15:32:58.655 D/AT      ( 1536): AT> AT+CLCC
04-18 15:32:58.665 D/AT      ( 1536): AT< +CLCC: 1,0,0,0,0,"13182827869",129
04-18 15:32:58.665 D/AT      ( 1536): AT< +CLCC: 2,1,5,0,0,"18913956595",161
04-18 15:32:58.665 D/AT      ( 1536): AT< OK
04-18 15:32:58.665 D/RILC    ( 1536): [0135]< GET_CURRENT_CALLS {[id=1,ACTIVE,toa=129,norm,mo,als=0,voc,noevp,13182827869,cli=0,name='(null)',0][id=2,WAITING,toa=161,norm,mt,als=0,voc,noevp,18913956595,cli=0,name='(null)',0}
04-18 15:32:58.675 D/RILJ    ( 1652): InCall VoicePrivacy is disabled
04-18 15:32:58.675 D/RILJ    ( 1652): InCall VoicePrivacy is disabled
04-18 15:32:58.675 D/RILJ    ( 1652): [0135]< GET_CURRENT_CALLS  [id=1,ACTIVE,toa=129,norm,mo,0,voc,noevp,,cli=1,,0] [id=2,WAITING,toa=161,norm,mt,0,voc,noevp,,cli=1,,0] 
04-18 15:32:58.675 D/GSM     ( 1652): [GSMConn] update: parent=ACTIVE, hasNewParent=false, wasConnectingInOrOut=false, wasHolding=false, isConnectingInOrOut=false, changed=false
04-18 15:32:58.675 D/GSM     ( 1652): [GSMConn] update: parent=WAITING, hasNewParent=false, wasConnectingInOrOut=true, wasHolding=false, isConnectingInOrOut=true, changed=false
04-18 15:32:58.725 D/RILC    ( 1536): [UNSL]< UNSOL_RESPONSE_CALL_STATE_CHANGED 
04-18 15:32:58.725 D/RILJ    ( 1652): [UNSL]< UNSOL_RESPONSE_CALL_STATE_CHANGED
04-18 15:32:58.725 D/RILJ    ( 1652): [0136]> GET_CURRENT_CALLS
04-18 15:32:58.735 D/RILC    ( 1536): [0136]> GET_CURRENT_CALLS 
04-18 15:32:58.735 D/RIL     ( 1536): onRequest: GET_CURRENT_CALLS
04-18 15:32:58.735 D/AT      ( 1536): AT> AT+CLCC
