04-18 15:29:57.865 I/RIL     ( 1536): Opening tty device /dev/ttyU0
04-18 15:29:57.865 E/RIL     ( 1536): Opening tty device /dev/ttyU0 pid:1536
04-18 15:29:57.885 E/RIL     ( 1536): **** STERICSSON *** open /dev/ttyU0 returns fd=12 for pid=1536
04-18 15:29:57.885 E/RIL     ( 1536): retrieving tty attributes
04-18 15:29:57.885 E/RIL     ( 1536): setting tty raw attributes
04-18 15:29:57.885 D/RILC    ( 1536): [UNSL]< UNSOL_RESPONSE_RADIO_STATE_CHANGED  {RADIO_OFF}
04-18 15:29:57.885 D/AT      ( 1536): AT> ATE0Q0V1
04-18 15:29:57.885 D/AT      ( 1536): AT< ATE0Q0V1
04-18 15:29:57.885 E/RIL     ( 1536): unsupported URC : ATE0Q0V1
04-18 15:29:57.885 D/AT      ( 1536): AT< OK
04-18 15:29:57.885 D/AT      ( 1536): AT< +CREG: 2,"FFFE","00000000",0
04-18 15:29:58.135 D/AT      ( 1536): AT> ATE0Q0V1
04-18 15:29:58.135 D/RIL     ( 1536): restrictionState updated: 4
04-18 15:29:58.135 D/RILC    ( 1536): [UNSL]< UNSOL_RESPONSE_NETWORK_STATE_CHANGED 
04-18 15:29:58.135 D/AT      ( 1536): AT< OK
04-18 15:29:58.135 D/AT      ( 1536): AT> ATS0=0
04-18 15:29:58.145 D/AT      ( 1536): AT< OK
04-18 15:29:58.145 D/AT      ( 1536): AT> AT+CMEE=1
04-18 15:29:58.145 D/AT      ( 1536): AT< OK
04-18 15:29:58.145 D/AT      ( 1536): AT> AT+CREG=2
04-18 15:29:58.145 D/AT      ( 1536): AT< OK
04-18 15:29:58.145 D/AT      ( 1536): AT> AT+CFUN=1,0
04-18 15:29:58.145 D/AT      ( 1536): AT< OK
04-18 15:29:58.145 D/AT      ( 1536): AT> AT+CGREG=2
04-18 15:29:58.145 D/AT      ( 1536): AT< OK
04-18 15:29:58.145 D/AT      ( 1536): AT> AT+CCWA=1
04-18 15:29:58.145 D/AT      ( 1536): AT< OK
04-18 15:29:58.145 D/AT      ( 1536): AT> AT+CMOD=0
04-18 15:29:58.145 D/AT      ( 1536): AT< OK
04-18 15:29:58.145 D/AT      ( 1536): AT> AT+CMUT=0
04-18 15:29:58.155 D/AT      ( 1536): AT< +CME ERROR: 3
04-18 15:29:58.155 D/AT      ( 1536): AT> AT+CSSN=0,1
04-18 15:29:58.155 D/AT      ( 1536): AT< OK
04-18 15:29:58.155 D/AT      ( 1536): AT> AT+COLP=0
04-18 15:29:58.155 D/AT      ( 1536): AT< OK
04-18 15:29:58.155 D/AT      ( 1536): AT> AT+CUSD=1
04-18 15:29:58.165 D/AT      ( 1536): AT< OK
04-18 15:29:58.165 D/AT      ( 1536): AT> AT+CGEREP=1,0
04-18 15:29:58.165 D/AT      ( 1536): AT< OK
04-18 15:29:58.165 D/AT      ( 1536): AT> AT+CMGF=0
04-18 15:29:58.165 D/AT      ( 1536): AT< OK
04-18 15:29:58.165 D/AT      ( 1536): AT> AT*PSCSSC=1
04-18 15:29:58.165 D/AT      ( 1536): AT< OK
04-18 15:29:58.165 D/RIL     ( 1536): direct ip to be used: yes
04-18 15:29:58.165 D/RIL     ( 1536): Value : 
04-18 15:29:58.165 D/RIL     ( 1536): Silent reset satus :  
04-18 15:29:58.165 D/AT      ( 1536): AT> AT*PSSILRESET=0
04-18 15:29:58.165 D/AT      ( 1536): AT< OK
04-18 15:29:58.165 D/AT      ( 1536): AT> AT+CFUN?
04-18 15:29:58.165 D/AT      ( 1536): AT< +CFUN: 1
04-18 15:29:58.165 D/AT      ( 1536): AT< OK
04-18 15:29:58.165 D/RILC    ( 1536): [UNSL]< UNSOL_RESPONSE_RADIO_STATE_CHANGED  {RADIO_SIM_NOT_READY}
04-18 15:29:58.175 D/AT      ( 1536): AT> AT*PSUTTZ=1
04-18 15:29:58.175 D/AT      ( 1536): AT< OK
04-18 15:29:58.175 D/AT      ( 1536): AT> AT+CPIN?
04-18 15:29:58.205 D/AT      ( 1536): AT< +CPIN: READY
04-18 15:29:58.205 D/AT      ( 1536): AT< OK
04-18 15:29:58.205 D/RILC    ( 1536): [UNSL]< UNSOL_RESPONSE_RADIO_STATE_CHANGED  {RADIO_SIM_READY}
04-18 15:29:58.205 D/AT      ( 1536): AT> AT+CSMS=1
04-18 15:29:58.205 D/AT      ( 1536): AT< +CSMS: 1,1,1
04-18 15:29:58.205 D/AT      ( 1536): AT< OK
04-18 15:29:58.205 D/AT      ( 1536): AT> AT+CNMI=2,2,2,1,1
04-18 15:29:58.205 D/AT      ( 1536): AT< OK
04-18 15:29:58.205 D/RILC    ( 1536): [UNSL]< UNSOL_RESTRICTED_STATE_CHANGED {4}
04-18 15:30:24.475 D/AT      ( 1536): AT< +CREG: 0
04-18 15:30:24.475 D/RIL     ( 1536): restrictionState updated: 4
04-18 15:30:24.475 D/RILC    ( 1536): [UNSL]< UNSOL_RESPONSE_NETWORK_STATE_CHANGED 
04-18 15:30:24.475 D/AT      ( 1536): AT< +CGREG: 0
04-18 15:30:24.475 D/RIL     ( 1536): restrictionState updated: 20
04-18 15:30:24.475 D/RILC    ( 1536): [UNSL]< UNSOL_RESPONSE_NETWORK_STATE_CHANGED 
04-18 15:30:24.475 D/RILC    ( 1536): [UNSL]< UNSOL_RESTRICTED_STATE_CHANGED {20}
04-18 15:30:24.475 D/RILC    ( 1536): [UNSL]< UNSOL_RESTRICTED_STATE_CHANGED {20}
04-18 15:30:33.025 I/PHONE   ( 1652): Network Mode set to 1
04-18 15:30:33.045 I/PHONE   ( 1652): Cdma Subscription set to 1
04-18 15:30:33.125 I/RILC    ( 1536): libril: new connection
04-18 15:30:33.125 D/RILC    ( 1536): [UNSL]< UNSOL_RESPONSE_RADIO_STATE_CHANGED  {RADIO_SIM_READY}
04-18 15:30:33.125 I/RILC    ( 1536): RIL Daemon version: android reference-ril 1.0
04-18 15:30:33.125 I/RILJ    ( 1652): Connected to 'rild' socket
04-18 15:30:33.125 D/RILB    ( 1652): Notifying: radio available
04-18 15:30:33.125 D/RILJ    ( 1652): [0000]> SCREEN_STATE: true
04-18 15:30:33.145 D/RILC    ( 1536): [0000]> SCREEN_STATE (1)
04-18 15:30:33.145 D/RIL     ( 1536): onRequest: SCREEN_STATE
04-18 15:30:33.145 D/RILC    ( 1536): [0000]< SCREEN_STATE
04-18 15:30:33.145 D/RILB    ( 1652): Notifying: SIM ready
04-18 15:30:33.145 D/RILB    ( 1652): Notifying: Radio On
04-18 15:30:33.145 D/RILJ    ( 1652): [UNSL]< UNSOL_RESPONSE_RADIO_STATE_CHANGED SIM_READY
04-18 15:30:33.155 D/RILJ    ( 1652): [0000]< SCREEN_STATE 
04-18 15:30:33.235 D/PHONE   ( 1652): mDoesRilSendMultipleCallRing=true
04-18 15:30:33.235 D/PHONE   ( 1652): mCallRingDelay=3000
04-18 15:30:33.325 W/GSM     ( 1652): Can't open /system/etc/voicemail-conf.xml
04-18 15:30:33.335 W/GSM     ( 1652): Can't open /system/etc/spn-conf.xml
04-18 15:30:33.335 D/GSM     ( 1652): [DSAC DEB] registerForPsRestrictedEnabled 
04-18 15:30:33.335 D/GSM     ( 1652): [DSAC DEB] registerForPsRestrictedDisabled 
04-18 15:30:33.375 D/GSM     ( 1652): [GsmDataConnection-1] DataConnection constructor E
04-18 15:30:33.375 D/GSM     ( 1652): [GsmDataConnection-1] clearSettings
04-18 15:30:33.375 D/GSM     ( 1652): [GsmDataConnection-1] DataConnection constructor X
04-18 15:30:33.375 D/GSM     ( 1652): [GsmDataConnection-1] Made GsmDataConnection-1
04-18 15:30:33.485 D/RILJ    ( 1652): [0001]> RIL_REQUEST_REPORT_STK_SERVICE_IS_RUNNING
04-18 15:30:33.485 D/RILC    ( 1536): [0001]> <unknown request> 
04-18 15:30:33.485 D/RIL     ( 1536): onRequest: <unknown request>
04-18 15:30:33.485 D/RIL     ( 1536): RIL Request RTK service Running
04-18 15:30:33.485 D/AT      ( 1536): AT> AT+GTKREADY
04-18 15:30:33.485 D/AT      ( 1536): AT< OK
04-18 15:30:33.485 D/RILC    ( 1536): [0001]< <unknown request>
04-18 15:30:33.485 D/RILJ    ( 1652): [0001]< RIL_REQUEST_REPORT_STK_SERVICE_IS_RUNNING 
04-18 15:30:33.485 D/STK     ( 1652): StkService: StkService: is running
04-18 15:30:33.485 D/STK     ( 1652): StkService: NEW sInstance
04-18 15:30:33.505 I/PHONE   ( 1652): Creating GSMPhone
04-18 15:30:33.935 D/RILJ    ( 1652): [0002]> GET_CURRENT_CALLS
04-18 15:30:33.935 D/RILC    ( 1536): [0002]> GET_CURRENT_CALLS 
04-18 15:30:33.935 D/RIL     ( 1536): onRequest: GET_CURRENT_CALLS
04-18 15:30:33.935 D/AT      ( 1536): AT> AT+CLCC
04-18 15:30:33.935 D/AT      ( 1536): AT< OK
04-18 15:30:33.935 D/RILC    ( 1536): [0002]< GET_CURRENT_CALLS }
04-18 15:30:33.945 D/RILJ    ( 1652): [0002]< GET_CURRENT_CALLS  
04-18 15:30:33.945 D/RILJ    ( 1652): [0003]> OPERATOR
04-18 15:30:33.955 D/RILC    ( 1536): [0003]> OPERATOR 
04-18 15:30:33.955 D/RIL     ( 1536): onRequest: OPERATOR
04-18 15:30:33.955 D/AT      ( 1536): AT> AT+COPS=3,0;+COPS?;+COPS=3,2;+COPS?
04-18 15:30:33.955 D/AT      ( 1536): AT< +COPS: 0
04-18 15:30:33.955 D/AT      ( 1536): AT< +COPS: 0
04-18 15:30:33.955 D/AT      ( 1536): AT< OK
04-18 15:30:33.955 D/RILC    ( 1536): [0003]< OPERATOR {(null),(null),(null)}
04-18 15:30:33.955 D/RILJ    ( 1652): [0003]< OPERATOR {null, null, null}
04-18 15:30:33.965 D/RILJ    ( 1652): [0004]> GPRS_REGISTRATION_STATE
04-18 15:30:33.985 D/RILC    ( 1536): [0004]> GPRS_REGISTRATION_STATE 
04-18 15:30:33.985 D/RIL     ( 1536): onRequest: GPRS_REGISTRATION_STATE
04-18 15:30:33.985 D/AT      ( 1536): AT> AT+CGREG?
04-18 15:30:33.985 D/AT      ( 1536): AT< +CGREG: 2,0
04-18 15:30:33.985 D/AT      ( 1536): AT< OK
04-18 15:30:33.985 D/RILC    ( 1536): [0004]< GPRS_REGISTRATION_STATE {0,(null),(null)}
04-18 15:30:33.985 D/RILJ    ( 1652): [0004]< GPRS_REGISTRATION_STATE {0, null, null}
04-18 15:30:33.995 D/RILJ    ( 1652): [0005]> REGISTRATION_STATE
04-18 15:30:33.995 D/RILC    ( 1536): [0005]> REGISTRATION_STATE 
04-18 15:30:33.995 D/RIL     ( 1536): onRequest: REGISTRATION_STATE
04-18 15:30:33.995 D/AT      ( 1536): AT> AT+CREG?
04-18 15:30:33.995 D/AT      ( 1536): AT< +CREG: 2,0
04-18 15:30:33.995 D/AT      ( 1536): AT< OK
04-18 15:30:33.995 D/RILC    ( 1536): [0005]< REGISTRATION_STATE {0,(null),(null)}
04-18 15:30:34.005 D/RILJ    ( 1652): [0005]< REGISTRATION_STATE {0, null, null}
04-18 15:30:34.005 D/RILJ    ( 1652): [0006]> QUERY_NETWORK_SELECTION_MODE
04-18 15:30:34.025 D/RILC    ( 1536): [0006]> QUERY_NETWORK_SELECTION_MODE 
04-18 15:30:34.025 D/RIL     ( 1536): onRequest: QUERY_NETWORK_SELECTION_MODE
04-18 15:30:34.025 D/AT      ( 1536): AT> AT+COPS?
04-18 15:30:34.025 D/AT      ( 1536): AT< +COPS: 0
04-18 15:30:34.025 D/AT      ( 1536): AT< OK
04-18 15:30:34.025 D/RILC    ( 1536): [0006]< QUERY_NETWORK_SELECTION_MODE {0}
04-18 15:30:34.025 D/RILJ    ( 1652): [0006]< QUERY_NETWORK_SELECTION_MODE {0}
04-18 15:30:34.035 D/RILJ    ( 1652): [0007]> OPERATOR
04-18 15:30:34.035 D/RILC    ( 1536): [0007]> OPERATOR 
04-18 15:30:34.035 D/RIL     ( 1536): onRequest: OPERATOR
04-18 15:30:34.035 D/AT      ( 1536): AT> AT+COPS=3,0;+COPS?;+COPS=3,2;+COPS?
04-18 15:30:34.045 D/AT      ( 1536): AT< +COPS: 0
04-18 15:30:34.045 D/AT      ( 1536): AT< +COPS: 0
04-18 15:30:34.045 D/AT      ( 1536): AT< OK
04-18 15:30:34.045 D/RILC    ( 1536): [0007]< OPERATOR {(null),(null),(null)}
04-18 15:30:34.045 D/RILJ    ( 1652): [0007]< OPERATOR {null, null, null}
04-18 15:30:34.045 D/RILJ    ( 1652): [0008]> GPRS_REGISTRATION_STATE
04-18 15:30:34.055 D/RILC    ( 1536): [0008]> GPRS_REGISTRATION_STATE 
04-18 15:30:34.055 D/RIL     ( 1536): onRequest: GPRS_REGISTRATION_STATE
04-18 15:30:34.055 D/AT      ( 1536): AT> AT+CGREG?
04-18 15:30:34.055 D/AT      ( 1536): AT< +CGREG: 2,0
04-18 15:30:34.055 D/AT      ( 1536): AT< OK
04-18 15:30:34.055 D/RILC    ( 1536): [0008]< GPRS_REGISTRATION_STATE {0,(null),(null)}
04-18 15:30:34.055 D/RILJ    ( 1652): [0008]< GPRS_REGISTRATION_STATE {0, null, null}
04-18 15:30:34.055 D/RILJ    ( 1652): [0009]> REGISTRATION_STATE
04-18 15:30:34.065 D/RILC    ( 1536): [0009]> REGISTRATION_STATE 
04-18 15:30:34.065 D/RIL     ( 1536): onRequest: REGISTRATION_STATE
04-18 15:30:34.065 D/AT      ( 1536): AT> AT+CREG?
04-18 15:30:34.065 D/AT      ( 1536): AT< +CREG: 2,0
04-18 15:30:34.065 D/AT      ( 1536): AT< OK
04-18 15:30:34.065 D/RILC    ( 1536): [0009]< REGISTRATION_STATE {0,(null),(null)}
04-18 15:30:34.065 D/RILJ    ( 1652): [0009]< REGISTRATION_STATE {0, null, null}
04-18 15:30:34.065 D/RILJ    ( 1652): [0010]> QUERY_NETWORK_SELECTION_MODE
04-18 15:30:34.085 D/RILC    ( 1536): [0010]> QUERY_NETWORK_SELECTION_MODE 
04-18 15:30:34.085 D/RIL     ( 1536): onRequest: QUERY_NETWORK_SELECTION_MODE
04-18 15:30:34.085 D/AT      ( 1536): AT> AT+COPS?
04-18 15:30:34.085 D/AT      ( 1536): AT< +COPS: 0
04-18 15:30:34.085 D/AT      ( 1536): AT< OK
04-18 15:30:34.085 D/RILC    ( 1536): [0010]< QUERY_NETWORK_SELECTION_MODE {0}
04-18 15:30:34.085 D/RILJ    ( 1652): [0010]< QUERY_NETWORK_SELECTION_MODE {0}
04-18 15:30:34.105 D/GSM     ( 1652): [IccCard] Broadcasting intent ACTION_SIM_STATE_CHANGED READY reason null
04-18 15:30:34.135 V/GSM     ( 1652): SIMRecords:fetchSimRecords 0
04-18 15:30:34.135 D/RILJ    ( 1652): [0011]> getIMSI:RIL_REQUEST_GET_IMSI 11 GET_IMSI
04-18 15:30:34.145 D/RILC    ( 1536): [0011]> GET_IMSI 
04-18 15:30:34.145 D/RIL     ( 1536): onRequest: GET_IMSI
04-18 15:30:34.145 D/AT      ( 1536): AT> AT+CIMI
04-18 15:30:34.145 D/AT      ( 1536): AT< 460029518821334
04-18 15:30:34.145 D/AT      ( 1536): AT< OK
04-18 15:30:34.145 D/RILC    ( 1536): [0011]< GET_IMSI {460029518821334}
04-18 15:30:34.145 D/RILJ    ( 1652): [0011]< GET_IMSI 
04-18 15:30:34.145 D/RILJ    ( 1652): [0012]> iccIO: SIM_IO 0xc0 0x2fe2  path: 3F00,0,0,15
04-18 15:30:34.185 D/RILC    ( 1536): [0012]> SIM_IO (cmd=0xC0,efid=0x2FE2,path=3F00,0,0,15,(null),pin2=(null))
04-18 15:30:34.185 D/RIL     ( 1536): onRequest: SIM_IO
04-18 15:30:34.185 D/AT      ( 1536): AT> AT+CRSM=192,12258,0,0,15
04-18 15:30:34.195 D/RILJ    ( 1652): [0013]> iccIO: SIM_IO 0xc0 0x6f40  path: 3F007F10,0,0,15
04-18 15:30:34.205 D/RILJ    ( 1652): [0014]> iccIO: SIM_IO 0xc0 0x6fc9  path: 3F007F20,0,0,15
04-18 15:30:34.215 D/RILJ    ( 1652): [0015]> iccIO: SIM_IO 0xc0 0x6fad  path: 3F007F20,0,0,15
04-18 15:30:34.225 D/RILJ    ( 1652): [0016]> iccIO: SIM_IO 0xc0 0x6fca  path: 3F007F20,0,0,15
04-18 15:30:34.225 D/AT      ( 1536): AT< +CRSM: 144,0,"0000000A2FE2040005044401020000"
04-18 15:30:34.225 D/AT      ( 1536): AT< OK
04-18 15:30:34.225 D/RILC    ( 1536): [0012]< SIM_IO {sw1=0x90,sw2=0x0,0000000A2FE2040005044401020000}
04-18 15:30:34.225 D/RILC    ( 1536): [0013]> SIM_IO (cmd=0xC0,efid=0x6F40,path=3F007F10,0,0,15,(null),pin2=(null))
04-18 15:30:34.225 D/RIL     ( 1536): onRequest: SIM_IO
04-18 15:30:34.225 D/AT      ( 1536): AT> AT+CRSM=192,28480,0,0,15
04-18 15:30:34.225 D/RILJ    ( 1652): < iccIO:  0x90 0x0 0000000A2FE2040005044401020000
04-18 15:30:34.225 D/RILJ    ( 1652): [0012]< SIM_IO IccIoResponse sw1:0x90 sw2:0x0
04-18 15:30:34.235 D/RILJ    ( 1652): [0017]> iccIO: SIM_IO 0xc0 0x6f11  path: 3F007F20,0,0,15
04-18 15:30:34.245 D/AT      ( 1536): AT< +CRSM: 144,0,"000000386F40040011FF440102011C"
04-18 15:30:34.245 D/AT      ( 1536): AT< OK
04-18 15:30:34.245 D/RILC    ( 1536): [0013]< SIM_IO {sw1=0x90,sw2=0x0,000000386F40040011FF440102011C}
04-18 15:30:34.245 D/RILC    ( 1536): [0014]> SIM_IO (cmd=0xC0,efid=0x6FC9,path=3F007F20,0,0,15,(null),pin2=(null))
04-18 15:30:34.245 D/RIL     ( 1536): onRequest: SIM_IO
04-18 15:30:34.245 D/AT      ( 1536): AT> AT+CRSM=192,28617,0,0,15
04-18 15:30:34.245 D/RILJ    ( 1652): < iccIO:  0x90 0x0 000000386F40040011FF440102011C
04-18 15:30:34.245 D/RILJ    ( 1652): [0013]< SIM_IO IccIoResponse sw1:0x90 sw2:0x0
04-18 15:30:34.255 D/RILJ    ( 1652): [0018]> iccIO: SIM_IO 0xc0 0x6fcb  path: 3F007F20,0,0,15
04-18 15:30:34.255 D/RILJ    ( 1652): [0019]> iccIO: SIM_IO 0xc0 0x6f13  path: 3F007F20,0,0,15
04-18 15:30:34.265 D/RILJ    ( 1652): [0020]> iccIO: SIM_IO 0xc0 0x6f46  path: 3F007F20,0,0,15
04-18 15:30:34.275 D/AT      ( 1536): AT< +CRSM: 148,4
04-18 15:30:34.275 D/AT      ( 1536): AT< OK
04-18 15:30:34.275 D/RILC    ( 1536): [0014]< SIM_IO {sw1=0x94,sw2=0x4,(null)}
04-18 15:30:34.275 D/RILC    ( 1536): [0015]> SIM_IO (cmd=0xC0,efid=0x6FAD,path=3F007F20,0,0,15,(null),pin2=(null))
04-18 15:30:34.275 D/RIL     ( 1536): onRequest: SIM_IO
04-18 15:30:34.275 D/AT      ( 1536): AT> AT+CRSM=192,28589,0,0,15
04-18 15:30:34.275 D/RILJ    ( 1652): < iccIO:  0x94 0x4 null
04-18 15:30:34.275 D/RILJ    ( 1652): [0014]< SIM_IO IccIoResponse sw1:0x94 sw2:0x4
04-18 15:30:34.285 D/RILJ    ( 1652): [0021]> iccIO: SIM_IO 0xc0 0x6fcd  path: 3F007F20,0,0,15
04-18 15:30:34.295 D/AT      ( 1536): AT< +CRSM: 144,0,"000000036FAD040004FF4401020000"
04-18 15:30:34.295 D/AT      ( 1536): AT< OK
04-18 15:30:34.295 D/RILC    ( 1536): [0015]< SIM_IO {sw1=0x90,sw2=0x0,000000036FAD040004FF4401020000}
04-18 15:30:34.295 D/RILC    ( 1536): [0016]> SIM_IO (cmd=0xC0,efid=0x6FCA,path=3F007F20,0,0,15,(null),pin2=(null))
04-18 15:30:34.295 D/RIL     ( 1536): onRequest: SIM_IO
04-18 15:30:34.295 D/AT      ( 1536): AT> AT+CRSM=192,28618,0,0,15
04-18 15:30:34.295 D/RILJ    ( 1652): < iccIO:  0x90 0x0 000000036FAD040004FF4401020000
04-18 15:30:34.295 D/RILJ    ( 1652): [0015]< SIM_IO IccIoResponse sw1:0x90 sw2:0x0
04-18 15:30:34.295 D/RILJ    ( 1652): [0022]> iccIO: SIM_IO 0xc0 0x6fc5  path: 3F007F20,0,0,15
04-18 15:30:34.305 D/AT      ( 1536): AT< +CRSM: 148,4
04-18 15:30:34.305 D/AT      ( 1536): AT< OK
04-18 15:30:34.305 D/RILC    ( 1536): [0016]< SIM_IO {sw1=0x94,sw2=0x4,(null)}
04-18 15:30:34.305 D/RILC    ( 1536): [0017]> SIM_IO (cmd=0xC0,efid=0x6F11,path=3F007F20,0,0,15,(null),pin2=(null))
04-18 15:30:34.305 D/RIL     ( 1536): onRequest: SIM_IO
04-18 15:30:34.305 D/AT      ( 1536): AT> AT+CRSM=192,28433,0,0,15
04-18 15:30:34.305 D/RILJ    ( 1652): < iccIO:  0x94 0x4 null
04-18 15:30:34.305 D/RILJ    ( 1652): [0016]< SIM_IO IccIoResponse sw1:0x94 sw2:0x4
04-18 15:30:34.305 D/RILJ    ( 1652): [0023]> iccIO: SIM_IO 0xc0 0x6f38  path: 3F007F20,0,0,15
04-18 15:30:34.315 D/AT      ( 1536): AT< +CRSM: 148,4
04-18 15:30:34.315 D/AT      ( 1536): AT< OK
04-18 15:30:34.315 D/RILC    ( 1536): [0017]< SIM_IO {sw1=0x94,sw2=0x4,(null)}
04-18 15:30:34.315 D/RILC    ( 1536): [0018]> SIM_IO (cmd=0xC0,efid=0x6FCB,path=3F007F20,0,0,15,(null),pin2=(null))
04-18 15:30:34.315 D/RIL     ( 1536): onRequest: SIM_IO
04-18 15:30:34.315 D/AT      ( 1536): AT> AT+CRSM=192,28619,0,0,15
04-18 15:30:34.315 D/RILJ    ( 1652): < iccIO:  0x94 0x4 null
04-18 15:30:34.315 D/RILJ    ( 1652): [0017]< SIM_IO IccIoResponse sw1:0x94 sw2:0x4
04-18 15:30:34.315 D/AT      ( 1536): AT< +CRSM: 148,4
04-18 15:30:34.315 D/AT      ( 1536): AT< OK
04-18 15:30:34.325 D/RILC    ( 1536): [0018]< SIM_IO {sw1=0x94,sw2=0x4,(null)}
04-18 15:30:34.325 D/RILC    ( 1536): [0019]> SIM_IO (cmd=0xC0,efid=0x6F13,path=3F007F20,0,0,15,(null),pin2=(null))
04-18 15:30:34.325 D/RIL     ( 1536): onRequest: SIM_IO
04-18 15:30:34.325 D/AT      ( 1536): AT> AT+CRSM=192,28435,0,0,15
04-18 15:30:34.325 D/RILJ    ( 1652): < iccIO:  0x94 0x4 null
04-18 15:30:34.325 D/RILJ    ( 1652): [0018]< SIM_IO IccIoResponse sw1:0x94 sw2:0x4
04-18 15:30:34.325 D/RILJ    ( 1652): [0024]> iccIO: SIM_IO 0xc0 0x6f16  path: 3F007F20,0,0,15
04-18 15:30:34.325 D/AT      ( 1536): AT< +CRSM: 148,4
04-18 15:30:34.325 D/AT      ( 1536): AT< OK
04-18 15:30:34.325 D/RILC    ( 1536): [0019]< SIM_IO {sw1=0x94,sw2=0x4,(null)}
04-18 15:30:34.335 D/RILC    ( 1536): [0020]> SIM_IO (cmd=0xC0,efid=0x6F46,path=3F007F20,0,0,15,(null),pin2=(null))
04-18 15:30:34.335 D/RIL     ( 1536): onRequest: SIM_IO
04-18 15:30:34.335 D/AT      ( 1536): AT> AT+CRSM=192,28486,0,0,15
04-18 15:30:34.335 D/RILJ    ( 1652): < iccIO:  0x94 0x4 null
04-18 15:30:34.335 D/RILJ    ( 1652): [0019]< SIM_IO IccIoResponse sw1:0x94 sw2:0x4
04-18 15:30:34.345 V/GSM     ( 1652): Check if IMSI shalll be read againnull
04-18 15:30:34.345 V/GSM     ( 1652): Force to get IMSI again 
04-18 15:30:34.345 D/RILJ    ( 1652): [0025]> getIMSI:RIL_REQUEST_GET_IMSI 11 GET_IMSI
04-18 15:30:34.345 D/AT      ( 1536): AT< +CRSM: 144,0,"000000116F46040004FF4401020000"
04-18 15:30:34.345 D/AT      ( 1536): AT< OK
04-18 15:30:34.345 D/RILC    ( 1536): [0020]< SIM_IO {sw1=0x90,sw2=0x0,000000116F46040004FF4401020000}
04-18 15:30:34.345 D/RILC    ( 1536): [0021]> SIM_IO (cmd=0xC0,efid=0x6FCD,path=3F007F20,0,0,15,(null),pin2=(null))
04-18 15:30:34.345 D/RIL     ( 1536): onRequest: SIM_IO
04-18 15:30:34.345 D/AT      ( 1536): AT> AT+CRSM=192,28621,0,0,15
04-18 15:30:34.355 D/RILJ    ( 1652): < iccIO:  0x90 0x0 000000116F46040004FF4401020000
04-18 15:30:34.355 D/RILJ    ( 1652): [0020]< SIM_IO IccIoResponse sw1:0x90 sw2:0x0
04-18 15:30:34.355 D/AT      ( 1536): AT< +CRSM: 148,4
04-18 15:30:34.355 D/AT      ( 1536): AT< OK
04-18 15:30:34.355 D/RILC    ( 1536): [0021]< SIM_IO {sw1=0x94,sw2=0x4,(null)}
04-18 15:30:34.355 D/RILC    ( 1536): [0022]> SIM_IO (cmd=0xC0,efid=0x6FC5,path=3F007F20,0,0,15,(null),pin2=(null))
04-18 15:30:34.355 D/RIL     ( 1536): onRequest: SIM_IO
04-18 15:30:34.355 D/AT      ( 1536): AT> AT+CRSM=192,28613,0,0,15
04-18 15:30:34.355 D/RILJ    ( 1652): < iccIO:  0x94 0x4 null
04-18 15:30:34.355 D/RILJ    ( 1652): [0021]< SIM_IO IccIoResponse sw1:0x94 sw2:0x4
04-18 15:30:34.355 D/GSM     ( 1652): GSMDataConnTrack handleMessage { what=3 when=48306 obj=android.os.AsyncResult@43c5d388 }
04-18 15:30:34.365 D/AT      ( 1536): AT< +CRSM: 148,4
04-18 15:30:34.365 D/AT      ( 1536): AT< OK
04-18 15:30:34.365 D/RILC    ( 1536): [0022]< SIM_IO {sw1=0x94,sw2=0x4,(null)}
04-18 15:30:34.365 D/RILC    ( 1536): [0023]> SIM_IO (cmd=0xC0,efid=0x6F38,path=3F007F20,0,0,15,(null),pin2=(null))
04-18 15:30:34.365 D/RIL     ( 1536): onRequest: SIM_IO
04-18 15:30:34.365 D/AT      ( 1536): AT> AT+CRSM=192,28472,0,0,15
04-18 15:30:34.375 D/AT      ( 1536): AT< +CRSM: 144,0,"000000096F38040014FF4401020000"
04-18 15:30:34.375 D/AT      ( 1536): AT< OK
04-18 15:30:34.375 D/RILC    ( 1536): [0023]< SIM_IO {sw1=0x90,sw2=0x0,000000096F38040014FF4401020000}
04-18 15:30:34.375 D/RILC    ( 1536): [0024]> SIM_IO (cmd=0xC0,efid=0x6F16,path=3F007F20,0,0,15,(null),pin2=(null))
04-18 15:30:34.375 D/RIL     ( 1536): onRequest: SIM_IO
04-18 15:30:34.375 D/AT      ( 1536): AT> AT+CRSM=192,28438,0,0,15
04-18 15:30:34.385 D/AT      ( 1536): AT< +CRSM: 148,4
04-18 15:30:34.385 D/AT      ( 1536): AT< OK
04-18 15:30:34.385 D/RILC    ( 1536): [0024]< SIM_IO {sw1=0x94,sw2=0x4,(null)}
04-18 15:30:34.385 D/RILC    ( 1536): [0025]> GET_IMSI 
04-18 15:30:34.385 D/RIL     ( 1536): onRequest: GET_IMSI
04-18 15:30:34.385 D/AT      ( 1536): AT> AT+CIMI
04-18 15:30:34.385 D/AT      ( 1536): AT< 460029518821334
04-18 15:30:34.385 D/AT      ( 1536): AT< OK
04-18 15:30:34.385 D/RILC    ( 1536): [0025]< GET_IMSI {460029518821334}
04-18 15:30:34.785 D/RILJ    ( 1652): < iccIO:  0x94 0x4 null
04-18 15:30:34.785 D/RILJ    ( 1652): [0022]< SIM_IO IccIoResponse sw1:0x94 sw2:0x4
04-18 15:30:34.785 D/RILJ    ( 1652): < iccIO:  0x90 0x0 000000096F38040014FF4401020000
04-18 15:30:34.785 D/RILJ    ( 1652): [0023]< SIM_IO IccIoResponse sw1:0x90 sw2:0x0
04-18 15:30:34.785 D/RILJ    ( 1652): < iccIO:  0x94 0x4 null
04-18 15:30:34.785 D/RILJ    ( 1652): [0024]< SIM_IO IccIoResponse sw1:0x94 sw2:0x4
04-18 15:30:34.785 D/RILJ    ( 1652): [0025]< GET_IMSI 
04-18 15:30:34.785 D/GSM     ( 1652): GSMDataConnTrack handleMessage { what=19 when=48307 obj=android.os.AsyncResult@43c5d710 }
04-18 15:30:34.785 D/GSM     ( 1652): [DataConnection] Stop poll NetStat
04-18 15:30:34.835 D/GSM     ( 1652): GSMDataConnTrack handleMessage { what=22 when=48307 obj=android.os.AsyncResult@43c5d860 }
04-18 15:30:34.865 D/GSM     ( 1652): [GsmDataConnectionTracker] ***trySetupData due to roamingOff
04-18 15:30:34.865 D/GSM     ( 1652): [DSAC DEB] trySetupData with mIsPsRestricted=false
04-18 15:30:34.865 D/GSM     ( 1652): [GsmDataConnectionTracker] trySetupData: Not ready for data:  dataState=IDLE gprsState=1 sim=false UMTS=false phoneState=IDLE isDataAllowed=true dataEnabled=true roaming=false dataOnRoamingEnable=true ps restricted=false desiredPowerState=true MasterDataEnabled=true
04-18 15:30:34.885 D/RILJ    ( 1652): [0026]> GET_SIM_STATUS
04-18 15:30:34.895 D/RILC    ( 1536): [0026]> GET_SIM_STATUS 
04-18 15:30:34.895 D/RIL     ( 1536): onRequest: GET_SIM_STATUS
04-18 15:30:34.895 D/AT      ( 1536): AT> AT+CPIN?
04-18 15:30:34.895 D/RILJ    ( 1652): [0027]> QUERY_FACILITY_LOCK
04-18 15:30:34.905 D/AT      ( 1536): AT< +CPIN: READY
04-18 15:30:34.905 D/AT      ( 1536): AT< OK
04-18 15:30:34.905 D/RILC    ( 1536): [0026]< GET_SIM_STATUS {[app_type=1,app_state=5,perso_substate=2,                aid_ptr=(null),app_label_ptr=(null),pin1_replaced=0,pin1=0,pin2=0],}
04-18 15:30:34.905 D/AT      ( 1536): AT> AT+CPIN?
04-18 15:30:34.915 D/RILJ    ( 1652): [0026]< GET_SIM_STATUS com.android.internal.telephony.IccCardStatus@43c12d08
04-18 15:30:34.915 D/RILJ    ( 1652): [0028]> QUERY_FACILITY_LOCK
04-18 15:30:34.925 D/RILJ    ( 1652): [0029]> BASEBAND_VERSION
04-18 15:30:34.925 D/AT      ( 1536): AT< +CPIN: READY
04-18 15:30:34.925 D/AT      ( 1536): AT< OK
04-18 15:30:34.925 D/RIL     ( 1536): 	updateRadioStateAfterSimStatus
04-18 15:30:34.925 D/RILC    ( 1536): [0027]> QUERY_FACILITY_LOCK (SC,,7)
04-18 15:30:34.925 D/RIL     ( 1536): onRequest: QUERY_FACILITY_LOCK
04-18 15:30:34.925 D/AT      ( 1536): AT> AT+CLCK="SC",2,"",7
04-18 15:30:34.935 D/AT      ( 1536): AT< +CLCK: 0
04-18 15:30:34.935 D/AT      ( 1536): AT< OK
04-18 15:30:34.935 D/RILC    ( 1536): [0027]< QUERY_FACILITY_LOCK {0}
04-18 15:30:34.935 D/RILC    ( 1536): [0028]> QUERY_FACILITY_LOCK (FD,,7)
04-18 15:30:34.935 D/RIL     ( 1536): onRequest: QUERY_FACILITY_LOCK
04-18 15:30:34.935 D/AT      ( 1536): AT> AT+CLCK="FD",2,"",7
04-18 15:30:34.945 D/AT      ( 1536): AT< +CLCK: 0
04-18 15:30:34.945 D/AT      ( 1536): AT< OK
04-18 15:30:34.945 D/RILC    ( 1536): [0028]< QUERY_FACILITY_LOCK {0}
04-18 15:30:34.945 D/RILJ    ( 1652): [0027]< QUERY_FACILITY_LOCK {0}
04-18 15:30:34.945 D/RILJ    ( 1652): [0028]< QUERY_FACILITY_LOCK {0}
04-18 15:30:34.945 D/RILC    ( 1536): [0029]> BASEBAND_VERSION 
04-18 15:30:34.945 D/RIL     ( 1536): onRequest: BASEBAND_VERSION
04-18 15:30:34.945 D/AT      ( 1536): AT> ATI3
04-18 15:30:34.945 D/AT      ( 1536): AT< 40007100F1360103
04-18 15:30:34.945 D/AT      ( 1536): AT< OK
04-18 15:30:34.945 D/RILC    ( 1536): [0029]< BASEBAND_VERSION {40007100F1360103}
04-18 15:30:34.945 D/RILJ    ( 1652): [0030]> GET_IMEI
04-18 15:30:34.955 D/RILJ    ( 1652): [0029]< BASEBAND_VERSION 40007100F1360103
04-18 15:30:34.965 D/RILC    ( 1536): [0030]> GET_IMEI 
04-18 15:30:34.965 D/RIL     ( 1536): onRequest: GET_IMEI
04-18 15:30:34.965 D/AT      ( 1536): AT> AT+CGSN
04-18 15:30:34.965 D/AT      ( 1536): AT< 000000000000000
04-18 15:30:34.965 D/AT      ( 1536): AT< OK
04-18 15:30:34.965 D/RILC    ( 1536): [0030]< GET_IMEI {000000000000000}
04-18 15:30:34.965 D/RILJ    ( 1652): [0030]< GET_IMEI 
04-18 15:30:34.965 D/RILJ    ( 1652): [0031]> GET_IMEISV
04-18 15:30:34.985 D/RILC    ( 1536): [0031]> GET_IMEISV 
04-18 15:30:34.985 D/RIL     ( 1536): onRequest: GET_IMEISV
04-18 15:30:34.985 D/AT      ( 1536): AT> AT*PSIMEISV?
04-18 15:30:34.995 D/AT      ( 1536): AT< *PSIMEISV: 000000 00 000000 01
04-18 15:30:34.995 D/AT      ( 1536): AT< OK
04-18 15:30:34.995 D/RILC    ( 1536): [0031]< GET_IMEISV {000000 00 000000 01}
04-18 15:30:34.995 D/RILJ    ( 1652): [0031]< GET_IMEISV 
04-18 15:30:35.525 E/GSM     ( 1652): Wrong network type: 0
04-18 15:30:35.525 E/GSM     ( 1652): Wrong network type: 0
04-18 15:30:35.525 D/GSM     ( 1652): Poll ServiceState done:  oldSS=[1 home null null null  Unknown CSS not supported 0 0RoamInd: 0DefRoamInd: 0EmergOnly: false] newSS=[1 home null null null  Unknown CSS not supported 0 0RoamInd: 0DefRoamInd: 0EmergOnly: false] oldGprs=1 newGprs=1 oldType=unknown newType=unknown
04-18 15:30:35.525 D/GSM     ( 1652): IMSI: 460029xxxxxxxxx
04-18 15:30:35.525 D/GSM     ( 1652): [IccCard] Broadcasting intent ACTION_SIM_STATE_CHANGED IMSI reason null
04-18 15:30:35.545 D/RILJ    ( 1652): [0032]> iccIO: SIM_IO 0xb0 0x2fe2  path: 3F00,0,0,10
04-18 15:30:35.555 D/RILC    ( 1536): [0032]> SIM_IO (cmd=0xB0,efid=0x2FE2,path=3F00,0,0,10,(null),pin2=(null))
04-18 15:30:35.555 D/RIL     ( 1536): onRequest: SIM_IO
04-18 15:30:35.555 D/AT      ( 1536): AT> AT+CRSM=176,12258,0,0,10
04-18 15:30:35.555 D/RILJ    ( 1652): [0033]> iccIO: SIM_IO 0xb2 0x6f40  path: 3F007F10,1,4,28
04-18 15:30:35.595 D/AT      ( 1536): AT< +CRSM: 144,0,"98680050019005089138"
04-18 15:30:35.595 D/AT      ( 1536): AT< OK
04-18 15:30:35.595 D/RILC    ( 1536): [0032]< SIM_IO {sw1=0x90,sw2=0x0,98680050019005089138}
04-18 15:30:35.595 D/RILJ    ( 1652): < iccIO:  0x90 0x0 98680050019005089138
04-18 15:30:35.595 D/RILJ    ( 1652): [0032]< SIM_IO IccIoResponse sw1:0x90 sw2:0x0
04-18 15:30:35.605 D/RILC    ( 1536): [0033]> SIM_IO (cmd=0xB2,efid=0x6F40,path=3F007F10,1,4,28,(null),pin2=(null))
04-18 15:30:35.605 D/RIL     ( 1536): onRequest: SIM_IO
04-18 15:30:35.605 D/AT      ( 1536): AT> AT+CRSM=178,28480,1,4,28
04-18 15:30:35.605 D/RILJ    ( 1652): [0034]> iccIO: SIM_IO 0xb0 0x6fad  path: 3F007F20,0,0,3
04-18 15:30:35.625 D/RILJ    ( 1652): [0035]> iccIO: SIM_IO 0xb0 0x6f46  path: 3F007F20,0,0,17
04-18 15:30:35.625 D/RILJ    ( 1652): [0036]> iccIO: SIM_IO 0xb0 0x6f38  path: 3F007F20,0,0,9
04-18 15:30:35.635 D/AT      ( 1536): AT< +CRSM: 144,0,"6E616D65FFFFFFFFFFFFFFFFFFFF07915159814880F2FFFFFFFFFFFF"
04-18 15:30:35.635 D/AT      ( 1536): AT< OK
04-18 15:30:35.635 D/RILC    ( 1536): [0033]< SIM_IO {sw1=0x90,sw2=0x0,6E616D65FFFFFFFFFFFFFFFFFFFF07915159814880F2FFFFFFFFFFFF}
04-18 15:30:35.635 D/RILC    ( 1536): [0034]> SIM_IO (cmd=0xB0,efid=0x6FAD,path=3F007F20,0,0,3,(null),pin2=(null))
04-18 15:30:35.635 D/RIL     ( 1536): onRequest: SIM_IO
04-18 15:30:35.635 D/AT      ( 1536): AT> AT+CRSM=176,28589,0,0,3
04-18 15:30:35.635 D/RILJ    ( 1652): < iccIO:  0x90 0x0 6E616D65FFFFFFFFFFFFFFFFFFFF07915159814880F2FFFFFFFFFFFF
04-18 15:30:35.635 D/RILJ    ( 1652): [0033]< SIM_IO IccIoResponse sw1:0x90 sw2:0x0
04-18 15:30:35.635 D/GSM     ( 1652): IMSI: 460029xxxxxxxxx
04-18 15:30:35.635 D/GSM     ( 1652): [IccCard] Broadcasting intent ACTION_SIM_STATE_CHANGED IMSI reason null
04-18 15:30:35.675 D/AT      ( 1536): AT< +CRSM: 144,0,"000000"
04-18 15:30:35.675 D/AT      ( 1536): AT< OK
04-18 15:30:35.675 D/RILC    ( 1536): [0034]< SIM_IO {sw1=0x90,sw2=0x0,000000}
04-18 15:30:35.675 D/RILC    ( 1536): [0035]> SIM_IO (cmd=0xB0,efid=0x6F46,path=3F007F20,0,0,17,(null),pin2=(null))
04-18 15:30:35.675 D/RIL     ( 1536): onRequest: SIM_IO
04-18 15:30:35.675 D/AT      ( 1536): AT> AT+CRSM=176,28486,0,0,17
04-18 15:30:35.675 D/RILJ    ( 1652): < iccIO:  0x90 0x0 000000
04-18 15:30:35.675 D/RILJ    ( 1652): [0034]< SIM_IO IccIoResponse sw1:0x90 sw2:0x0
04-18 15:30:35.695 D/GSM     ( 1652): [IccCard] Query facility lock : false
04-18 15:30:35.705 D/AT      ( 1536): AT< +CRSM: 144,0,"00434D4343FFFFFFFFFFFFFFFFFFFFFFFF"
04-18 15:30:35.705 D/AT      ( 1536): AT< OK
04-18 15:30:35.705 D/RILC    ( 1536): [0035]< SIM_IO {sw1=0x90,sw2=0x0,00434D4343FFFFFFFFFFFFFFFFFFFFFFFF}
04-18 15:30:35.705 D/RILC    ( 1536): [0036]> SIM_IO (cmd=0xB0,efid=0x6F38,path=3F007F20,0,0,9,(null),pin2=(null))
04-18 15:30:35.705 D/RIL     ( 1536): onRequest: SIM_IO
04-18 15:30:35.705 D/AT      ( 1536): AT> AT+CRSM=176,28472,0,0,9
04-18 15:30:35.705 D/RILJ    ( 1652): < iccIO:  0x90 0x0 00434D4343FFFFFFFFFFFFFFFFFFFFFFFF
04-18 15:30:35.705 D/RILJ    ( 1652): [0035]< SIM_IO IccIoResponse sw1:0x90 sw2:0x0
04-18 15:30:35.705 D/GSM     ( 1652): [IccCard] Query facility lock : false
04-18 15:30:35.705 D/GSM     ( 1652): Baseband version: 40007100F1360103
04-18 15:30:35.725 D/AT      ( 1536): AT< +CRSM: 144,0,"FF3FFFFF00003F0300"
04-18 15:30:35.725 D/AT      ( 1536): AT< OK
04-18 15:30:35.725 D/RILC    ( 1536): [0036]< SIM_IO {sw1=0x90,sw2=0x0,FF3FFFFF00003F0300}
04-18 15:30:35.725 D/RILJ    ( 1652): < iccIO:  0x90 0x0 FF3FFFFF00003F0300
04-18 15:30:35.725 D/RILJ    ( 1652): [0036]< SIM_IO IccIoResponse sw1:0x90 sw2:0x0
04-18 15:30:35.755 D/RILJ    ( 1652): [0037]> iccIO: SIM_IO 0xc0 0x6f17  path: 3F007F20,0,0,15
04-18 15:30:35.835 D/RILC    ( 1536): [0037]> SIM_IO (cmd=0xC0,efid=0x6F17,path=3F007F20,0,0,15,(null),pin2=(null))
04-18 15:30:35.835 D/RIL     ( 1536): onRequest: SIM_IO
04-18 15:30:35.835 D/AT      ( 1536): AT> AT+CRSM=192,28439,0,0,15
04-18 15:30:35.845 D/GSM     ( 1652): iccid: 89860005100950801983
04-18 15:30:35.845 D/GSM     ( 1652): EF_AD: 000000
04-18 15:30:35.845 D/GSM     ( 1652): SIMRecords: MNC length not present in EF_AD
04-18 15:30:35.865 D/AT      ( 1536): AT< +CRSM: 148,4
04-18 15:30:35.865 D/AT      ( 1536): AT< OK
04-18 15:30:35.865 D/RILC    ( 1536): [0037]< SIM_IO {sw1=0x94,sw2=0x4,(null)}
04-18 15:30:35.865 D/RILJ    ( 1652): < iccIO:  0x94 0x4 null
04-18 15:30:35.865 D/RILJ    ( 1652): [0037]< SIM_IO IccIoResponse sw1:0x94 sw2:0x4
04-18 15:30:35.975 D/GSM     ( 1652): [SIMRecords] Load EF_SPN: CMCC spnDisplayCondition: 1
04-18 15:30:35.985 D/GSM     ( 1652): MSISDN: +15951884082
04-18 15:30:35.985 D/GSM     ( 1652): Invalid or missing EF[MAILBOX]
04-18 15:30:35.985 D/GSM     ( 1652): SIMRecords: record load complete
04-18 15:30:35.985 D/GSM     ( 1652): [IccCard] Broadcasting intent ACTION_SIM_STATE_CHANGED LOADED reason null
04-18 15:30:36.005 D/GSM     ( 1652): GSMDataConnTrack handleMessage { what=4 when=50956 obj=android.os.AsyncResult@43c56418 }
04-18 15:30:36.325 D/GSM     ( 1652): >>>>> createAllApnList, allApns = [CMCC - 46002, 28, 46002, cmnet, , , , , , -1, default, CMCC.mms - 46002, 29, 46002, cmwap, , http://mmsc.monternet.com, 10.0.0.172, 80, , -1, mms, 中国移动因特网设置, 57, 46002, cmnet, , , , , , -1, default, 中国移动WAP设置, 58, 46002, cmwap, 10.0.0.172, , , , 80, -1, wap, 中国移动彩信设置, 59, 46002, cmwap, 10.0.0.172, http://mmsc.monternet.com, 10.0.0.172, 80, 80, -1, mms, vghh, 66, 46002, tyty, , , , , , -1, ttyyy]
04-18 15:30:36.475 D/GSM     ( 1652): >>>>>> mRequestedApnType = default
04-18 15:30:36.475 D/GSM     ( 1652): >>>>>>> ApnSetting = CMCC - 46002, 28, 46002, cmnet, , , , , , -1, default, id = 28, pos = 25
04-18 15:30:36.475 D/GSM     ( 1652): >>>>>>> ApnSetting = CMCC.mms - 46002, 29, 46002, cmwap, , http://mmsc.monternet.com, 10.0.0.172, 80, , -1, mms, id = 29, pos = 25
04-18 15:30:36.475 D/GSM     ( 1652): >>>>>>> ApnSetting = 中国移动因特网设置, 57, 46002, cmnet, , , , , , -1, default, id = 57, pos = 25
04-18 15:30:36.475 D/GSM     ( 1652): >>>>>>> ApnSetting = 中国移动WAP设置, 58, 46002, cmwap, 10.0.0.172, , , , 80, -1, wap, id = 58, pos = 25
04-18 15:30:36.475 D/GSM     ( 1652): >>>>>>> ApnSetting = 中国移动彩信设置, 59, 46002, cmwap, 10.0.0.172, http://mmsc.monternet.com, 10.0.0.172, 80, 80, -1, mms, id = 59, pos = 25
04-18 15:30:36.475 D/GSM     ( 1652): >>>>>>> ApnSetting = vghh, 66, 46002, tyty, , , , , , -1, ttyyy, id = 66, pos = 25
04-18 15:30:36.575 D/GSM     ( 1652): >>>>>> Get PreferredAPN = null
04-18 15:30:36.865 D/GSM     ( 1652): GSMDataConnTrack handleMessage { what=5 when=51544 obj=simLoaded }
04-18 15:30:36.865 D/GSM     ( 1652): [GsmDataConnectionTracker] ***trySetupData due to simLoaded
04-18 15:30:36.865 D/GSM     ( 1652): [DSAC DEB] trySetupData with mIsPsRestricted=false
04-18 15:30:36.865 D/GSM     ( 1652): [GsmDataConnectionTracker] trySetupData: Not ready for data:  dataState=IDLE gprsState=1 sim=true UMTS=false phoneState=IDLE isDataAllowed=true dataEnabled=true roaming=false dataOnRoamingEnable=true ps restricted=false desiredPowerState=true MasterDataEnabled=true
04-18 15:30:42.485 D/STK     ( 1652): StkService: Return current sInstance
04-18 15:30:42.615 D/STK     ( 1652): StkAppService$ServiceHandler: OP_BOOT_COMPLETED
04-18 15:30:54.107 D/RILJ    ( 1652): [0038]> SIGNAL_STRENGTH
04-18 15:30:54.107 D/RILC    ( 1536): [0038]> SIGNAL_STRENGTH 
04-18 15:30:54.107 D/RIL     ( 1536): onRequest: SIGNAL_STRENGTH
04-18 15:30:54.107 D/AT      ( 1536): AT> AT+CSQ
04-18 15:30:54.107 D/AT      ( 1536): AT< +CSQ: 24,99
04-18 15:30:54.107 D/AT      ( 1536): AT< OK
04-18 15:30:54.107 D/RILC    ( 1536): [0038]< SIGNAL_STRENGTH {[ 24 99]}
04-18 15:30:54.107 D/RILJ    ( 1652): [0038]< SIGNAL_STRENGTH {24, 99, 0, 0, 0, 0, 0}
04-18 15:31:02.065 D/AT      ( 1536): AT< ^MODE: 3
04-18 15:31:02.065 E/RIL     ( 1536): unsupported URC : ^MODE: 3
04-18 15:31:02.065 D/AT      ( 1536): AT< +CREG: 5,"51DA","0000BF90",3
04-18 15:31:02.065 D/RIL     ( 1536): restrictionState updated: 0
04-18 15:31:02.065 D/RILC    ( 1536): [UNSL]< UNSOL_RESPONSE_NETWORK_STATE_CHANGED 
04-18 15:31:02.065 D/RILJ    ( 1652): [UNSL]< UNSOL_RESPONSE_NETWORK_STATE_CHANGED
04-18 15:31:02.075 D/RILC    ( 1536): [UNSL]< UNSOL_RESTRICTED_STATE_CHANGED {0}
04-18 15:31:02.075 D/RILJ    ( 1652): [0039]> OPERATOR
04-18 15:31:02.086 D/AT      ( 1536): AT< +CGREG: 2
04-18 15:31:02.086 D/RIL     ( 1536): restrictionState updated: 0
04-18 15:31:02.086 D/RILC    ( 1536): [UNSL]< UNSOL_RESPONSE_NETWORK_STATE_CHANGED 
04-18 15:31:02.096 D/RILC    ( 1536): [UNSL]< UNSOL_RESTRICTED_STATE_CHANGED {0}
04-18 15:31:02.115 V/RILJ    ( 1652): [UNSL]< UNSOL_RESTRICTED_STATE_CHANGED {0}
04-18 15:31:02.125 D/RILC    ( 1536): [0039]> OPERATOR 
04-18 15:31:02.125 D/RIL     ( 1536): onRequest: OPERATOR
04-18 15:31:02.125 D/AT      ( 1536): AT> AT+COPS=3,0;+COPS?;+COPS=3,2;+COPS?
04-18 15:31:02.135 D/RILJ    ( 1652): [UNSL]< UNSOL_RESPONSE_NETWORK_STATE_CHANGED
04-18 15:31:02.135 V/RILJ    ( 1652): [UNSL]< UNSOL_RESTRICTED_STATE_CHANGED {0}
04-18 15:31:02.146 D/AT      ( 1536): AT< +COPS: 0,0,"CHINA MOBILE",3
04-18 15:31:02.155 D/AT      ( 1536): AT< +COPS: 0,2,"46000",3
04-18 15:31:02.155 D/AT      ( 1536): AT< OK
04-18 15:31:02.155 D/RILC    ( 1536): [0039]< OPERATOR {CHINA MOBILE,CHINA MOBILE,46000}
04-18 15:31:02.155 D/RILJ    ( 1652): [0040]> GPRS_REGISTRATION_STATE
04-18 15:31:02.175 D/RILJ    ( 1652): [0039]< OPERATOR {CHINA MOBILE, CHINA MOBILE, 46000}
04-18 15:31:02.185 D/RILJ    ( 1652): [0041]> REGISTRATION_STATE
04-18 15:31:02.185 D/RILC    ( 1536): [0040]> GPRS_REGISTRATION_STATE 
04-18 15:31:02.185 D/RIL     ( 1536): onRequest: GPRS_REGISTRATION_STATE
04-18 15:31:02.185 D/AT      ( 1536): AT> AT+CGREG?
04-18 15:31:02.195 D/AT      ( 1536): AT< +CGREG: 2,2
04-18 15:31:02.195 D/AT      ( 1536): AT< OK
04-18 15:31:02.195 D/RILC    ( 1536): [0040]< GPRS_REGISTRATION_STATE {2,(null),(null)}
04-18 15:31:02.225 D/RILC    ( 1536): [0041]> REGISTRATION_STATE 
04-18 15:31:02.225 D/RIL     ( 1536): onRequest: REGISTRATION_STATE
04-18 15:31:02.225 D/AT      ( 1536): AT> AT+CREG?
04-18 15:31:02.225 D/RILJ    ( 1652): [0042]> QUERY_NETWORK_SELECTION_MODE
04-18 15:31:02.236 D/AT      ( 1536): AT< +CREG: 2,5,"51DA","0000BF90",3
04-18 15:31:02.236 D/RILJ    ( 1652): [0040]< GPRS_REGISTRATION_STATE {2, null, null}
04-18 15:31:02.236 D/AT      ( 1536): AT< OK
04-18 15:31:02.236 D/RILC    ( 1536): [0041]< REGISTRATION_STATE {5,51da,bf90,2}
04-18 15:31:02.255 D/RILJ    ( 1652): [0041]< REGISTRATION_STATE {5, 51da, bf90, 2}
04-18 15:31:02.265 D/GSM     ( 1652): [DSAC DEB] EVENT_RESTRICTED_STATE_CHANGED
04-18 15:31:02.265 D/GSM     ( 1652): [DSAC DEB] onRestrictedStateChanged
04-18 15:31:02.265 D/GSM     ( 1652): [DSAC DEB] current rs at enter Restricted State CS: none PS:false
04-18 15:31:02.265 D/GSM     ( 1652): [DSAC DEB] new rs Restricted State CS: none PS:false
04-18 15:31:02.275 D/RILC    ( 1536): [0042]> QUERY_NETWORK_SELECTION_MODE 
04-18 15:31:02.275 D/RIL     ( 1536): onRequest: QUERY_NETWORK_SELECTION_MODE
04-18 15:31:02.275 D/AT      ( 1536): AT> AT+COPS?
04-18 15:31:02.285 D/AT      ( 1536): AT< +COPS: 0,2,"46000",3
04-18 15:31:02.285 D/AT      ( 1536): AT< OK
04-18 15:31:02.285 D/RILC    ( 1536): [0042]< QUERY_NETWORK_SELECTION_MODE {0}
04-18 15:31:02.285 D/RILJ    ( 1652): [0042]< QUERY_NETWORK_SELECTION_MODE {0}
04-18 15:31:02.285 D/GSM     ( 1652): [DSAC DEB] current rs at return Restricted State CS: none PS:false
04-18 15:31:02.285 D/RILJ    ( 1652): [0043]> OPERATOR
04-18 15:31:02.295 D/RILC    ( 1536): [0043]> OPERATOR 
04-18 15:31:02.295 D/RIL     ( 1536): onRequest: OPERATOR
04-18 15:31:02.295 D/AT      ( 1536): AT> AT+COPS=3,0;+COPS?;+COPS=3,2;+COPS?
04-18 15:31:02.295 D/AT      ( 1536): AT< +COPS: 0,0,"CHINA MOBILE",3
04-18 15:31:02.295 D/AT      ( 1536): AT< +COPS: 0,2,"46000",3
04-18 15:31:02.295 D/AT      ( 1536): AT< OK
04-18 15:31:02.295 D/RILC    ( 1536): [0043]< OPERATOR {CHINA MOBILE,CHINA MOBILE,46000}
04-18 15:31:02.305 D/RILJ    ( 1652): [0043]< OPERATOR {CHINA MOBILE, CHINA MOBILE, 46000}
04-18 15:31:02.315 D/RILJ    ( 1652): [0044]> GPRS_REGISTRATION_STATE
04-18 15:31:02.345 D/RILJ    ( 1652): [0045]> REGISTRATION_STATE
04-18 15:31:02.357 D/AT      ( 1536): AT< +GTKI: "D081DC810301250082028182850B8051687403901A670D52A18F0C01806211662F51687403901A8F0A028077ED4FE17FA453D18F0A04806D3B52A84FE1606F8F0A06804E1A52A163A883508F0E078000530049004D84254E1A53858F0A088059296C1467E58BE28F0C098062117684624B673A62A58F0A0A806211768498DE4FE18F0A0B80621176845F6994C38F100C8065E07EBF97F34E504FF14E5090E88F0A0D80670065B0595799108F0A0E806765753563D091928F0A0F808BED97F34FE17BB18F0A10808D448BAF4FE1606F8F0E138000530049004D53614FE1606F"
04-18 15:31:02.357 D/RILC    ( 1536): [UNSL]< UNSOL_STK_PROACTIVE_COMMAND {D081DC810301250082028182850B8051687403901A670D52A18F0C01806211662F51687403901A8F0A028077ED4FE17FA453D18F0A04806D3B52A84FE1606F8F0A06804E1A52A163A883508F0E078000530049004D84254E1A53858F0A088059296C1467E58BE28F0C098062117684624B673A62A58F0A0A806211768498DE4FE18F0A0B80621176845F6994C38F100C8065E07EBF97F34E504FF14E5090E88F0A0D80670065B0595799108F0A0E806765753563D091928F0A0F808BED97F34FE17BB18F0A10808D448BAF4FE1606F8F0E138000530049004D53614FE1606F}
04-18 15:31:02.357 D/RILJ    ( 1652): [UNSL]< UNSOL_STK_PROACTIVE_COMMAND D081DC810301250082028182850B8051687403901A670D52A18F0C01806211662F51687403901A8F0A028077ED4FE17FA453D18F0A04806D3B52A84FE1606F8F0A06804E1A52A163A883508F0E078000530049004D84254E1A53858F0A088059296C1467E58BE28F0C098062117684624B673A62A58F0A0A806211768498DE4FE18F0A0B80621176845F6994C38F100C8065E07EBF97F34E504FF14E5090E88F0A0D80670065B0595799108F0A0E806765753563D091928F0A0F808BED97F34FE17BB18F0A10808D448BAF4FE1606F8F0E138000530049004D53614FE1606F
04-18 15:31:02.357 D/RILC    ( 1536): [0044]> GPRS_REGISTRATION_STATE 
04-18 15:31:02.357 D/RIL     ( 1536): onRequest: GPRS_REGISTRATION_STATE
04-18 15:31:02.357 D/AT      ( 1536): AT> AT+CGREG?
04-18 15:31:02.357 D/AT      ( 1536): AT< +CGREG: 2,2
04-18 15:31:02.357 D/AT      ( 1536): AT< OK
04-18 15:31:02.357 D/RILC    ( 1536): [0044]< GPRS_REGISTRATION_STATE {2,(null),(null)}
04-18 15:31:02.365 D/RILJ    ( 1652): [0044]< GPRS_REGISTRATION_STATE {2, null, null}
04-18 15:31:02.365 D/RILC    ( 1536): [0045]> REGISTRATION_STATE 
04-18 15:31:02.365 D/RIL     ( 1536): onRequest: REGISTRATION_STATE
04-18 15:31:02.365 D/AT      ( 1536): AT> AT+CREG?
04-18 15:31:02.365 D/AT      ( 1536): AT< +CREG: 2,5,"51DA","0000BF90",3
04-18 15:31:02.365 D/AT      ( 1536): AT< OK
04-18 15:31:02.375 D/RILC    ( 1536): [0045]< REGISTRATION_STATE {5,51da,bf90,2}
04-18 15:31:02.385 D/RILJ    ( 1652): [0045]< REGISTRATION_STATE {5, 51da, bf90, 2}
04-18 15:31:02.385 D/RILJ    ( 1652): [0046]> QUERY_NETWORK_SELECTION_MODE
04-18 15:31:02.385 D/RILC    ( 1536): [0046]> QUERY_NETWORK_SELECTION_MODE 
04-18 15:31:02.385 D/RIL     ( 1536): onRequest: QUERY_NETWORK_SELECTION_MODE
04-18 15:31:02.385 D/AT      ( 1536): AT> AT+COPS?
04-18 15:31:02.395 D/AT      ( 1536): AT< +COPS: 0,2,"46000",3
04-18 15:31:02.395 D/AT      ( 1536): AT< OK
04-18 15:31:02.395 D/GSM     ( 1652): [DSAC DEB] EVENT_RESTRICTED_STATE_CHANGED
04-18 15:31:02.395 D/GSM     ( 1652): [DSAC DEB] onRestrictedStateChanged
04-18 15:31:02.395 D/GSM     ( 1652): [DSAC DEB] current rs at enter Restricted State CS: none PS:false
04-18 15:31:02.405 D/RILC    ( 1536): [0046]< QUERY_NETWORK_SELECTION_MODE {0}
04-18 15:31:02.405 D/RILJ    ( 1652): [0046]< QUERY_NETWORK_SELECTION_MODE {0}
04-18 15:31:02.405 D/GSM     ( 1652): [DSAC DEB] new rs Restricted State CS: none PS:false
04-18 15:31:02.415 D/GSM     ( 1652): [DSAC DEB] current rs at return Restricted State CS: none PS:false
04-18 15:31:02.425 D/STK     ( 1652): StkService: ril message arrived
04-18 15:31:02.455 E/GSM     ( 1652): Wrong network type: 0
04-18 15:31:02.455 D/GSM     ( 1652): Poll ServiceState done:  oldSS=[1 home null null null  Unknown CSS not supported 0 0RoamInd: 0DefRoamInd: 0EmergOnly: false] newSS=[0 roaming CHINA MOBILE CHINA MOBILE 46000  Unknown CSS not supported -1 -1RoamInd: -1DefRoamInd: -1EmergOnly: false] oldGprs=1 newGprs=1 oldType=unknown newType=EDGE
04-18 15:31:02.455 E/GSM     ( 1652): Wrong network type: 0
04-18 15:31:02.465 D/GSM     ( 1652): RAT switched unknown -> EDGE at cell 49040
04-18 15:31:02.485 D/STK     ( 1652): CommandParamsFactory: process SelectItem
04-18 15:31:02.855 D/GSM     ( 1652): GSMDataConnTrack handleMessage { what=21 when=77564 obj=android.os.AsyncResult@43c9cf60 }
04-18 15:31:02.865 D/GSM     ( 1652): [GsmDataConnectionTracker] ***trySetupData due to roamingOn
04-18 15:31:02.865 D/GSM     ( 1652): [DSAC DEB] trySetupData with mIsPsRestricted=false
04-18 15:31:02.865 D/GSM     ( 1652): [GsmDataConnectionTracker] trySetupData: Not ready for data:  dataState=IDLE gprsState=1 sim=true UMTS=false phoneState=IDLE isDataAllowed=true dataEnabled=true roaming=true dataOnRoamingEnable=true ps restricted=false desiredPowerState=true MasterDataEnabled=true
04-18 15:31:02.865 D/STK     ( 1652): StkService: SET_UP_MENU
04-18 15:31:02.865 D/STK     ( 1652): StkService: TERMINAL RESPONSE: 810301250082028281830100
04-18 15:31:02.865 D/RILJ    ( 1652): [0047]> REQUEST_STK_SEND_TERMINAL_RESPONSE
04-18 15:31:02.885 D/RILC    ( 1536): [0047]> STK_SEND_TERMINAL_RESPONSE (810301250082028281830100)
04-18 15:31:02.885 D/RIL     ( 1536): onRequest: STK_SEND_TERMINAL_RESPONSE
04-18 15:31:02.885 D/RIL     ( 1536): STK send term response command: AT+GTKR="810301250082028281830100"
04-18 15:31:02.885 D/AT      ( 1536): AT> AT+GTKR="810301250082028281830100"
04-18 15:31:02.895 D/AT      ( 1536): AT< OK
04-18 15:31:02.895 D/RILC    ( 1536): [0047]< STK_SEND_TERMINAL_RESPONSE
04-18 15:31:02.905 D/RILJ    ( 1652): [0047]< REQUEST_STK_SEND_TERMINAL_RESPONSE 
04-18 15:31:02.915 D/AT      ( 1536): AT< +GTKI: "D0368103012100820281028D2B085C0A656C768451687403901A5BA26237FF1A611F8C2260A8900962E94E2D56FD79FB52A8901A4FE1FF01"
04-18 15:31:02.915 D/RILC    ( 1536): [UNSL]< UNSOL_STK_PROACTIVE_COMMAND {D0368103012100820281028D2B085C0A656C768451687403901A5BA26237FF1A611F8C2260A8900962E94E2D56FD79FB52A8901A4FE1FF01}
04-18 15:31:02.915 D/RILJ    ( 1652): [UNSL]< UNSOL_STK_PROACTIVE_COMMAND D0368103012100820281028D2B085C0A656C768451687403901A5BA26237FF1A611F8C2260A8900962E94E2D56FD79FB52A8901A4FE1FF01
04-18 15:31:02.945 D/STK     ( 1652): StkService: ril message arrived
04-18 15:31:02.945 D/STK     ( 1652): CommandParamsFactory: process DisplayText
04-18 15:31:02.965 D/STK     ( 1652): StkAppService: SET_UP_MENU
04-18 15:31:02.965 D/STK     ( 1652): StkAppService: Install App
04-18 15:31:02.975 D/STK     ( 1652): StkService: DISPLAY_TEXT
04-18 15:31:03.215 D/STK     ( 1652): StkAppService: DISPLAY_TEXT
04-18 15:31:06.936 D/AT      ( 1536): AT< +CGREG: 5,"51DA","0000BF90",3,"AA"
04-18 15:31:06.936 D/RIL     ( 1536): restrictionState updated: 0
04-18 15:31:06.936 D/RILC    ( 1536): [UNSL]< UNSOL_RESPONSE_NETWORK_STATE_CHANGED 
04-18 15:31:06.936 D/RILJ    ( 1652): [UNSL]< UNSOL_RESPONSE_NETWORK_STATE_CHANGED
04-18 15:31:06.936 D/RILC    ( 1536): [UNSL]< UNSOL_RESTRICTED_STATE_CHANGED {0}
04-18 15:31:06.936 D/RILJ    ( 1652): [0048]> OPERATOR
04-18 15:31:06.936 V/RILJ    ( 1652): [UNSL]< UNSOL_RESTRICTED_STATE_CHANGED {0}
04-18 15:31:06.945 D/RILC    ( 1536): [0048]> OPERATOR 
04-18 15:31:06.945 D/RIL     ( 1536): onRequest: OPERATOR
04-18 15:31:06.945 D/AT      ( 1536): AT> AT+COPS=3,0;+COPS?;+COPS=3,2;+COPS?
04-18 15:31:06.945 D/AT      ( 1536): AT< +COPS: 0,0,"CHINA MOBILE",3
04-18 15:31:06.945 D/AT      ( 1536): AT< +COPS: 0,2,"46000",3
04-18 15:31:06.945 D/AT      ( 1536): AT< OK
04-18 15:31:06.945 D/RILC    ( 1536): [0048]< OPERATOR {CHINA MOBILE,CHINA MOBILE,46000}
04-18 15:31:06.945 D/RILJ    ( 1652): [0048]< OPERATOR {CHINA MOBILE, CHINA MOBILE, 46000}
04-18 15:31:06.955 D/RILJ    ( 1652): [0049]> GPRS_REGISTRATION_STATE
04-18 15:31:06.955 D/RILC    ( 1536): [0049]> GPRS_REGISTRATION_STATE 
04-18 15:31:06.955 D/RIL     ( 1536): onRequest: GPRS_REGISTRATION_STATE
04-18 15:31:06.955 D/AT      ( 1536): AT> AT+CGREG?
04-18 15:31:06.965 D/AT      ( 1536): AT< +CGREG: 2,5,"51DA","0000BF90",3,"AA"
04-18 15:31:06.965 D/AT      ( 1536): AT< OK
04-18 15:31:06.965 D/RILC    ( 1536): [0049]< GPRS_REGISTRATION_STATE {5,51da,bf90,2}
04-18 15:31:06.965 D/RILJ    ( 1652): [0050]> REGISTRATION_STATE
04-18 15:31:06.965 D/RILJ    ( 1652): [0049]< GPRS_REGISTRATION_STATE {5, 51da, bf90, 2}
04-18 15:31:06.965 D/RILC    ( 1536): [0050]> REGISTRATION_STATE 
04-18 15:31:06.965 D/RIL     ( 1536): onRequest: REGISTRATION_STATE
04-18 15:31:06.965 D/AT      ( 1536): AT> AT+CREG?
04-18 15:31:06.975 D/AT      ( 1536): AT< +CREG: 2,5,"51DA","0000BF90",3
04-18 15:31:06.975 D/AT      ( 1536): AT< OK
04-18 15:31:06.975 D/RILC    ( 1536): [0050]< REGISTRATION_STATE {5,51da,bf90,2}
04-18 15:31:06.975 D/RILJ    ( 1652): [0051]> QUERY_NETWORK_SELECTION_MODE
04-18 15:31:06.975 D/RILJ    ( 1652): [0050]< REGISTRATION_STATE {5, 51da, bf90, 2}
04-18 15:31:06.985 D/RILC    ( 1536): [0051]> QUERY_NETWORK_SELECTION_MODE 
04-18 15:31:06.985 D/RIL     ( 1536): onRequest: QUERY_NETWORK_SELECTION_MODE
04-18 15:31:06.985 D/AT      ( 1536): AT> AT+COPS?
04-18 15:31:06.985 D/AT      ( 1536): AT< +COPS: 0,2,"46000",3
04-18 15:31:06.985 D/AT      ( 1536): AT< OK
04-18 15:31:06.985 D/RILC    ( 1536): [0051]< QUERY_NETWORK_SELECTION_MODE {0}
04-18 15:31:06.985 D/GSM     ( 1652): [DSAC DEB] EVENT_RESTRICTED_STATE_CHANGED
04-18 15:31:06.985 D/GSM     ( 1652): [DSAC DEB] onRestrictedStateChanged
04-18 15:31:06.985 D/GSM     ( 1652): [DSAC DEB] current rs at enter Restricted State CS: none PS:false
04-18 15:31:06.985 D/GSM     ( 1652): [DSAC DEB] new rs Restricted State CS: none PS:false
04-18 15:31:06.985 D/GSM     ( 1652): [DSAC DEB] current rs at return Restricted State CS: none PS:false
04-18 15:31:06.995 D/RILJ    ( 1652): [0051]< QUERY_NETWORK_SELECTION_MODE {0}
04-18 15:31:06.995 D/GSM     ( 1652): Poll ServiceState done:  oldSS=[0 roaming CHINA MOBILE CHINA MOBILE 46000  Unknown CSS not supported -1 -1RoamInd: -1DefRoamInd: -1EmergOnly: false] newSS=[0 roaming CHINA MOBILE CHINA MOBILE 46000  EDGE CSS not supported -1 -1RoamInd: -1DefRoamInd: -1EmergOnly: false] oldGprs=1 newGprs=0 oldType=EDGE newType=EDGE
04-18 15:31:07.055 D/GSM     ( 1652): GSMDataConnTrack handleMessage { what=26 when=82025 obj=android.os.AsyncResult@43cca058 }
04-18 15:31:07.055 D/GSM     ( 1652): [GsmDataConnectionTracker] ***trySetupData due to gprsAttached
04-18 15:31:07.055 D/GSM     ( 1652): [DSAC DEB] trySetupData with mIsPsRestricted=false
04-18 15:31:07.105 D/GSM     ( 1652): [GsmDataConnectionTracker] Create from allApns : [CMCC - 46002, 28, 46002, cmnet, , , , , , -1, default][CMCC.mms - 46002, 29, 46002, cmwap, , http://mmsc.monternet.com, 10.0.0.172, 80, , -1, mms][中国移动因特网设置, 57, 46002, cmnet, , , , , , -1, default][中国移动WAP设置, 58, 46002, cmwap, 10.0.0.172, , , , 80, -1, wap][中国移动彩信设置, 59, 46002, cmwap, 10.0.0.172, http://mmsc.monternet.com, 10.0.0.172, 80, 80, -1, mms][vghh, 66, 46002, tyty, , , , , , -1, ttyyy]
