04-18 14:18:20.569 I/RIL     ( 1536): Opening tty device /dev/ttyU0
04-18 14:18:20.569 E/RIL     ( 1536): Opening tty device /dev/ttyU0 pid:1536
04-18 14:18:20.589 E/RIL     ( 1536): **** STERICSSON *** open /dev/ttyU0 returns fd=12 for pid=1536
04-18 14:18:20.589 E/RIL     ( 1536): retrieving tty attributes
04-18 14:18:20.589 E/RIL     ( 1536): setting tty raw attributes
04-18 14:18:20.589 D/RILC    ( 1536): [UNSL]< UNSOL_RESPONSE_RADIO_STATE_CHANGED  {RADIO_OFF}
04-18 14:18:20.589 D/AT      ( 1536): AT> ATE0Q0V1
04-18 14:18:20.589 D/AT      ( 1536): AT< ATE0Q0V1
04-18 14:18:20.589 E/RIL     ( 1536): unsupported URC : ATE0Q0V1
04-18 14:18:20.589 D/AT      ( 1536): AT< OK
04-18 14:18:20.839 D/AT      ( 1536): AT> ATE0Q0V1
04-18 14:18:20.839 D/AT      ( 1536): AT< OK
04-18 14:18:20.839 D/AT      ( 1536): AT> ATS0=0
04-18 14:18:20.849 D/AT      ( 1536): AT< OK
04-18 14:18:20.849 D/AT      ( 1536): AT> AT+CMEE=1
04-18 14:18:20.849 D/AT      ( 1536): AT< OK
04-18 14:18:20.849 D/AT      ( 1536): AT> AT+CREG=2
04-18 14:18:20.849 D/AT      ( 1536): AT< OK
04-18 14:18:20.849 D/AT      ( 1536): AT> AT+CFUN=1,0
04-18 14:18:20.849 D/AT      ( 1536): AT< OK
04-18 14:18:20.849 D/AT      ( 1536): AT> AT+CGREG=2
04-18 14:18:20.849 D/AT      ( 1536): AT< OK
04-18 14:18:20.849 D/AT      ( 1536): AT> AT+CCWA=1
04-18 14:18:20.849 D/AT      ( 1536): AT< OK
04-18 14:18:20.849 D/AT      ( 1536): AT> AT+CMOD=0
04-18 14:18:20.849 D/AT      ( 1536): AT< OK
04-18 14:18:20.849 D/AT      ( 1536): AT> AT+CMUT=0
04-18 14:18:20.849 D/AT      ( 1536): AT< +CME ERROR: 3
04-18 14:18:20.859 D/AT      ( 1536): AT> AT+CSSN=0,1
04-18 14:18:20.859 D/AT      ( 1536): AT< OK
04-18 14:18:20.859 D/AT      ( 1536): AT> AT+COLP=0
04-18 14:18:20.859 D/AT      ( 1536): AT< OK
04-18 14:18:20.859 D/AT      ( 1536): AT> AT+CUSD=1
04-18 14:18:20.859 D/AT      ( 1536): AT< OK
04-18 14:18:20.859 D/AT      ( 1536): AT> AT+CGEREP=1,0
04-18 14:18:20.859 D/AT      ( 1536): AT< OK
04-18 14:18:20.869 D/AT      ( 1536): AT> AT+CMGF=0
04-18 14:18:20.869 D/AT      ( 1536): AT< OK
04-18 14:18:20.869 D/AT      ( 1536): AT> AT*PSCSSC=1
04-18 14:18:20.869 D/AT      ( 1536): AT< OK
04-18 14:18:20.869 D/RIL     ( 1536): direct ip to be used: yes
04-18 14:18:20.869 D/RIL     ( 1536): Value : 
04-18 14:18:20.869 D/RIL     ( 1536): Silent reset satus :  
04-18 14:18:20.869 D/AT      ( 1536): AT> AT*PSSILRESET=0
04-18 14:18:20.869 D/AT      ( 1536): AT< OK
04-18 14:18:20.869 D/AT      ( 1536): AT> AT+CFUN?
04-18 14:18:20.869 D/AT      ( 1536): AT< +CFUN: 1
04-18 14:18:20.869 D/AT      ( 1536): AT< OK
04-18 14:18:20.869 D/RILC    ( 1536): [UNSL]< UNSOL_RESPONSE_RADIO_STATE_CHANGED  {RADIO_SIM_NOT_READY}
04-18 14:18:20.869 D/AT      ( 1536): AT> AT*PSUTTZ=1
04-18 14:18:20.869 D/AT      ( 1536): AT< OK
04-18 14:18:20.869 D/AT      ( 1536): AT> AT+CPIN?
04-18 14:18:20.999 D/AT      ( 1536): AT< +CME ERROR: 14
04-18 14:18:21.999 D/AT      ( 1536): AT> AT+CPIN?
04-18 14:18:22.159 D/AT      ( 1536): AT< +CME ERROR: 14
04-18 14:18:23.159 D/AT      ( 1536): AT> AT+CPIN?
04-18 14:18:23.479 D/AT      ( 1536): AT< +CME ERROR: 14
04-18 14:18:24.479 D/AT      ( 1536): AT> AT+CPIN?
04-18 14:18:24.689 D/AT      ( 1536): AT< +CPIN: READY
04-18 14:18:24.689 D/AT      ( 1536): AT< OK
04-18 14:18:24.689 D/RILC    ( 1536): [UNSL]< UNSOL_RESPONSE_RADIO_STATE_CHANGED  {RADIO_SIM_READY}
04-18 14:18:24.689 D/AT      ( 1536): AT> AT+CSMS=1
04-18 14:18:24.689 D/AT      ( 1536): AT< +CSMS: 1,1,1
04-18 14:18:24.689 D/AT      ( 1536): AT< OK
04-18 14:18:24.689 D/AT      ( 1536): AT> AT+CNMI=2,2,2,1,1
04-18 14:18:24.689 D/AT      ( 1536): AT< OK
04-18 14:18:26.509 D/AT      ( 1536): AT< +CREG: 2,"FFFE","00000000",0
04-18 14:18:26.509 D/RIL     ( 1536): restrictionState updated: 4
04-18 14:18:26.509 D/RILC    ( 1536): [UNSL]< UNSOL_RESPONSE_NETWORK_STATE_CHANGED 
04-18 14:18:26.509 D/RILC    ( 1536): [UNSL]< UNSOL_RESTRICTED_STATE_CHANGED {4}
04-18 14:18:34.609 D/AT      ( 1536): AT< +CREG: 0
04-18 14:18:34.609 D/RIL     ( 1536): restrictionState updated: 4
04-18 14:18:34.609 D/RILC    ( 1536): [UNSL]< UNSOL_RESPONSE_NETWORK_STATE_CHANGED 
04-18 14:18:34.609 D/AT      ( 1536): AT< +CGREG: 0
04-18 14:18:34.609 D/RIL     ( 1536): restrictionState updated: 20
04-18 14:18:34.609 D/RILC    ( 1536): [UNSL]< UNSOL_RESPONSE_NETWORK_STATE_CHANGED 
04-18 14:18:34.609 D/RILC    ( 1536): [UNSL]< UNSOL_RESTRICTED_STATE_CHANGED {20}
04-18 14:18:34.609 D/RILC    ( 1536): [UNSL]< UNSOL_RESTRICTED_STATE_CHANGED {20}
04-18 14:18:38.100 D/AT      ( 1536): AT< ^MODE: 3
04-18 14:18:38.100 E/RIL     ( 1536): unsupported URC : ^MODE: 3
04-18 14:18:38.100 D/AT      ( 1536): AT< +CREG: 1,"51DA","0000BF90",3
04-18 14:18:38.100 D/RIL     ( 1536): restrictionState updated: 0
04-18 14:18:38.100 D/RILC    ( 1536): [UNSL]< UNSOL_RESPONSE_NETWORK_STATE_CHANGED 
04-18 14:18:38.100 D/AT      ( 1536): AT< +CGREG: 2
04-18 14:18:38.100 D/RIL     ( 1536): restrictionState updated: 0
04-18 14:18:38.100 D/RILC    ( 1536): [UNSL]< UNSOL_RESPONSE_NETWORK_STATE_CHANGED 
04-18 14:18:38.100 D/RILC    ( 1536): [UNSL]< UNSOL_RESTRICTED_STATE_CHANGED {0}
04-18 14:18:38.100 D/RILC    ( 1536): [UNSL]< UNSOL_RESTRICTED_STATE_CHANGED {0}
04-18 14:18:45.649 D/AT      ( 1536): AT< +CGREG: 1,"51DA","0000BF90",3,"AA"
04-18 14:18:45.649 D/RIL     ( 1536): restrictionState updated: 0
04-18 14:18:45.649 D/RILC    ( 1536): [UNSL]< UNSOL_RESPONSE_NETWORK_STATE_CHANGED 
04-18 14:18:45.649 D/RILC    ( 1536): [UNSL]< UNSOL_RESTRICTED_STATE_CHANGED {0}
04-18 14:18:55.739 I/PHONE   ( 1653): Network Mode set to 1
04-18 14:18:55.749 I/PHONE   ( 1653): Cdma Subscription set to 1
04-18 14:18:55.839 I/RILC    ( 1536): libril: new connection
04-18 14:18:55.839 D/RILC    ( 1536): [UNSL]< UNSOL_RESPONSE_RADIO_STATE_CHANGED  {RADIO_SIM_READY}
04-18 14:18:55.839 I/RILC    ( 1536): RIL Daemon version: android reference-ril 1.0
04-18 14:18:55.859 I/RILJ    ( 1653): Connected to 'rild' socket
04-18 14:18:55.859 D/RILB    ( 1653): Notifying: radio available
04-18 14:18:55.859 D/RILJ    ( 1653): [0000]> SCREEN_STATE: true
04-18 14:18:55.879 D/RILC    ( 1536): [0000]> SCREEN_STATE (1)
04-18 14:18:55.879 D/RIL     ( 1536): onRequest: SCREEN_STATE
04-18 14:18:55.879 D/RILC    ( 1536): [0000]< SCREEN_STATE
04-18 14:18:55.879 D/RILB    ( 1653): Notifying: SIM ready
04-18 14:18:55.879 D/RILB    ( 1653): Notifying: Radio On
04-18 14:18:55.879 D/RILJ    ( 1653): [UNSL]< UNSOL_RESPONSE_RADIO_STATE_CHANGED SIM_READY
04-18 14:18:55.879 D/RILJ    ( 1653): [0000]< SCREEN_STATE 
04-18 14:18:55.949 D/PHONE   ( 1653): mDoesRilSendMultipleCallRing=true
04-18 14:18:55.949 D/PHONE   ( 1653): mCallRingDelay=3000
04-18 14:18:56.039 W/GSM     ( 1653): Can't open /system/etc/voicemail-conf.xml
04-18 14:18:56.059 W/GSM     ( 1653): Can't open /system/etc/spn-conf.xml
04-18 14:18:56.069 D/GSM     ( 1653): [DSAC DEB] registerForPsRestrictedEnabled 
04-18 14:18:56.069 D/GSM     ( 1653): [DSAC DEB] registerForPsRestrictedDisabled 
04-18 14:18:56.099 D/GSM     ( 1653): [GsmDataConnection-1] DataConnection constructor E
04-18 14:18:56.099 D/GSM     ( 1653): [GsmDataConnection-1] clearSettings
04-18 14:18:56.099 D/GSM     ( 1653): [GsmDataConnection-1] DataConnection constructor X
04-18 14:18:56.099 D/GSM     ( 1653): [GsmDataConnection-1] Made GsmDataConnection-1
04-18 14:18:56.209 D/RILJ    ( 1653): [0001]> RIL_REQUEST_REPORT_STK_SERVICE_IS_RUNNING
04-18 14:18:56.209 D/RILC    ( 1536): [0001]> <unknown request> 
04-18 14:18:56.209 D/RIL     ( 1536): onRequest: <unknown request>
04-18 14:18:56.209 D/RIL     ( 1536): RIL Request RTK service Running
04-18 14:18:56.209 D/AT      ( 1536): AT> AT+GTKREADY
04-18 14:18:56.219 D/AT      ( 1536): AT< OK
04-18 14:18:56.219 D/AT      ( 1536): AT< +GTKI: "D07281030125008202818285098079FB52A868A67F518F0A01805BA26237670D52A18F0A0280751F6D3B4E4B53CB8F0A03805FEB4E506C9F901A8F0A04805A314E50670D52A18F0A098083DC53557BA174068F080780540D7247518C8F0A088077ED4FE17FA453D18F0A0D8052A860015206914D"
04-18 14:18:56.219 D/RILC    ( 1536): [UNSL]< UNSOL_STK_PROACTIVE_COMMAND {D07281030125008202818285098079FB52A868A67F518F0A01805BA26237670D52A18F0A0280751F6D3B4E4B53CB8F0A03805FEB4E506C9F901A8F0A04805A314E50670D52A18F0A098083DC53557BA174068F080780540D7247518C8F0A088077ED4FE17FA453D18F0A0D8052A860015206914D}
04-18 14:18:56.219 D/RILJ    ( 1653): [UNSL]< UNSOL_STK_PROACTIVE_COMMAND D07281030125008202818285098079FB52A868A67F518F0A01805BA26237670D52A18F0A0280751F6D3B4E4B53CB8F0A03805FEB4E506C9F901A8F0A04805A314E50670D52A18F0A098083DC53557BA174068F080780540D7247518C8F0A088077ED4FE17FA453D18F0A0D8052A860015206914D
04-18 14:18:56.219 D/RILC    ( 1536): [0001]< <unknown request>
04-18 14:18:56.219 D/RILJ    ( 1653): [0001]< RIL_REQUEST_REPORT_STK_SERVICE_IS_RUNNING 
04-18 14:18:56.219 D/STK     ( 1653): StkService: StkService: is running
04-18 14:18:56.219 D/STK     ( 1653): StkService: NEW sInstance
04-18 14:18:56.249 I/PHONE   ( 1653): Creating GSMPhone
04-18 14:18:56.669 D/RILJ    ( 1653): [0002]> GET_CURRENT_CALLS
04-18 14:18:56.679 D/RILC    ( 1536): [0002]> GET_CURRENT_CALLS 
04-18 14:18:56.679 D/RIL     ( 1536): onRequest: GET_CURRENT_CALLS
04-18 14:18:56.679 D/AT      ( 1536): AT> AT+CLCC
04-18 14:18:56.679 D/AT      ( 1536): AT< OK
04-18 14:18:56.679 D/RILC    ( 1536): [0002]< GET_CURRENT_CALLS }
04-18 14:18:56.679 D/RILJ    ( 1653): [0002]< GET_CURRENT_CALLS  
04-18 14:18:56.679 D/RILJ    ( 1653): [0003]> OPERATOR
04-18 14:18:56.679 D/RILC    ( 1536): [0003]> OPERATOR 
04-18 14:18:56.679 D/RIL     ( 1536): onRequest: OPERATOR
04-18 14:18:56.689 D/AT      ( 1536): AT> AT+COPS=3,0;+COPS?;+COPS=3,2;+COPS?
04-18 14:18:56.689 D/AT      ( 1536): AT< +COPS: 0,0,"CHINA MOBILE",3
04-18 14:18:56.689 D/AT      ( 1536): AT< +COPS: 0,2,"46000",3
04-18 14:18:56.689 D/AT      ( 1536): AT< OK
04-18 14:18:56.689 D/RILC    ( 1536): [0003]< OPERATOR {CHINA MOBILE,CHINA MOBILE,46000}
04-18 14:18:56.689 D/RILJ    ( 1653): [0003]< OPERATOR {CHINA MOBILE, CHINA MOBILE, 46000}
04-18 14:18:56.689 D/RILJ    ( 1653): [0004]> GPRS_REGISTRATION_STATE
04-18 14:18:56.699 D/RILC    ( 1536): [0004]> GPRS_REGISTRATION_STATE 
04-18 14:18:56.699 D/RIL     ( 1536): onRequest: GPRS_REGISTRATION_STATE
04-18 14:18:56.699 D/AT      ( 1536): AT> AT+CGREG?
04-18 14:18:56.699 D/AT      ( 1536): AT< +CGREG: 2,1,"51DA","0000BF90",3,"AA"
04-18 14:18:56.699 D/AT      ( 1536): AT< OK
04-18 14:18:56.709 D/RILC    ( 1536): [0004]< GPRS_REGISTRATION_STATE {1,51da,bf90,2}
04-18 14:18:56.709 D/RILJ    ( 1653): [0004]< GPRS_REGISTRATION_STATE {1, 51da, bf90, 2}
04-18 14:18:56.709 D/RILJ    ( 1653): [0005]> REGISTRATION_STATE
04-18 14:18:56.719 D/RILC    ( 1536): [0005]> REGISTRATION_STATE 
04-18 14:18:56.719 D/RIL     ( 1536): onRequest: REGISTRATION_STATE
04-18 14:18:56.719 D/AT      ( 1536): AT> AT+CREG?
04-18 14:18:56.719 D/AT      ( 1536): AT< +CREG: 2,1,"51DA","0000BF90",3
04-18 14:18:56.719 D/AT      ( 1536): AT< OK
04-18 14:18:56.719 D/RILC    ( 1536): [0005]< REGISTRATION_STATE {1,51da,bf90,2}
04-18 14:18:56.719 D/RILJ    ( 1653): [0005]< REGISTRATION_STATE {1, 51da, bf90, 2}
04-18 14:18:56.729 D/RILJ    ( 1653): [0006]> QUERY_NETWORK_SELECTION_MODE
04-18 14:18:56.759 D/RILC    ( 1536): [0006]> QUERY_NETWORK_SELECTION_MODE 
04-18 14:18:56.759 D/RIL     ( 1536): onRequest: QUERY_NETWORK_SELECTION_MODE
04-18 14:18:56.759 D/AT      ( 1536): AT> AT+COPS?
04-18 14:18:56.759 D/AT      ( 1536): AT< +COPS: 0,2,"46000",3
04-18 14:18:56.759 D/AT      ( 1536): AT< OK
04-18 14:18:56.759 D/RILC    ( 1536): [0006]< QUERY_NETWORK_SELECTION_MODE {0}
04-18 14:18:56.759 D/RILJ    ( 1653): [0006]< QUERY_NETWORK_SELECTION_MODE {0}
04-18 14:18:56.769 D/RILJ    ( 1653): [0007]> OPERATOR
04-18 14:18:56.779 D/RILC    ( 1536): [0007]> OPERATOR 
04-18 14:18:56.779 D/RIL     ( 1536): onRequest: OPERATOR
04-18 14:18:56.779 D/AT      ( 1536): AT> AT+COPS=3,0;+COPS?;+COPS=3,2;+COPS?
04-18 14:18:56.779 D/AT      ( 1536): AT< +COPS: 0,0,"CHINA MOBILE",3
04-18 14:18:56.779 D/AT      ( 1536): AT< +COPS: 0,2,"46000",3
04-18 14:18:56.779 D/AT      ( 1536): AT< OK
04-18 14:18:56.779 D/RILC    ( 1536): [0007]< OPERATOR {CHINA MOBILE,CHINA MOBILE,46000}
04-18 14:18:56.779 D/RILJ    ( 1653): [0007]< OPERATOR {CHINA MOBILE, CHINA MOBILE, 46000}
04-18 14:18:56.779 D/RILJ    ( 1653): [0008]> GPRS_REGISTRATION_STATE
04-18 14:18:56.789 D/RILC    ( 1536): [0008]> GPRS_REGISTRATION_STATE 
04-18 14:18:56.789 D/RIL     ( 1536): onRequest: GPRS_REGISTRATION_STATE
04-18 14:18:56.789 D/AT      ( 1536): AT> AT+CGREG?
04-18 14:18:56.789 D/AT      ( 1536): AT< +CGREG: 2,1,"51DA","0000BF90",3,"AA"
04-18 14:18:56.789 D/AT      ( 1536): AT< OK
04-18 14:18:56.789 D/RILC    ( 1536): [0008]< GPRS_REGISTRATION_STATE {1,51da,bf90,2}
04-18 14:18:56.799 D/RILJ    ( 1653): [0008]< GPRS_REGISTRATION_STATE {1, 51da, bf90, 2}
04-18 14:18:56.799 D/RILJ    ( 1653): [0009]> REGISTRATION_STATE
04-18 14:18:56.799 D/RILC    ( 1536): [0009]> REGISTRATION_STATE 
04-18 14:18:56.799 D/RIL     ( 1536): onRequest: REGISTRATION_STATE
04-18 14:18:56.799 D/AT      ( 1536): AT> AT+CREG?
04-18 14:18:56.799 D/AT      ( 1536): AT< +CREG: 2,1,"51DA","0000BF90",3
04-18 14:18:56.799 D/AT      ( 1536): AT< OK
04-18 14:18:56.799 D/RILC    ( 1536): [0009]< REGISTRATION_STATE {1,51da,bf90,2}
04-18 14:18:56.799 D/RILJ    ( 1653): [0009]< REGISTRATION_STATE {1, 51da, bf90, 2}
04-18 14:18:56.809 D/RILJ    ( 1653): [0010]> QUERY_NETWORK_SELECTION_MODE
04-18 14:18:56.809 D/RILC    ( 1536): [0010]> QUERY_NETWORK_SELECTION_MODE 
04-18 14:18:56.809 D/RIL     ( 1536): onRequest: QUERY_NETWORK_SELECTION_MODE
04-18 14:18:56.809 D/AT      ( 1536): AT> AT+COPS?
04-18 14:18:56.819 D/AT      ( 1536): AT< +COPS: 0,2,"46000",3
04-18 14:18:56.819 D/AT      ( 1536): AT< OK
04-18 14:18:56.819 D/RILC    ( 1536): [0010]< QUERY_NETWORK_SELECTION_MODE {0}
04-18 14:18:56.819 D/RILJ    ( 1653): [0010]< QUERY_NETWORK_SELECTION_MODE {0}
04-18 14:18:56.819 D/GSM     ( 1653): [IccCard] Broadcasting intent ACTION_SIM_STATE_CHANGED READY reason null
04-18 14:18:56.859 V/GSM     ( 1653): SIMRecords:fetchSimRecords 0
04-18 14:18:56.859 D/RILJ    ( 1653): [0011]> getIMSI:RIL_REQUEST_GET_IMSI 11 GET_IMSI
04-18 14:18:56.879 D/RILC    ( 1536): [0011]> GET_IMSI 
04-18 14:18:56.879 D/RIL     ( 1536): onRequest: GET_IMSI
04-18 14:18:56.879 D/AT      ( 1536): AT> AT+CIMI
04-18 14:18:56.879 D/RILJ    ( 1653): [0012]> iccIO: SIM_IO 0xc0 0x2fe2  path: 3F00,0,0,15
04-18 14:18:56.899 D/RILJ    ( 1653): [0013]> iccIO: SIM_IO 0xc0 0x6f40  path: 3F007F10,0,0,15
04-18 14:18:56.909 D/RILJ    ( 1653): [0014]> iccIO: SIM_IO 0xc0 0x6fc9  path: 3F007F20,0,0,15
04-18 14:18:56.919 D/AT      ( 1536): AT< 460005154113238
04-18 14:18:56.919 D/AT      ( 1536): AT< OK
04-18 14:18:56.919 D/RILC    ( 1536): [0011]< GET_IMSI {460005154113238}
04-18 14:18:56.919 D/RILC    ( 1536): [0012]> SIM_IO (cmd=0xC0,efid=0x2FE2,path=3F00,0,0,15,(null),pin2=(null))
04-18 14:18:56.919 D/RIL     ( 1536): onRequest: SIM_IO
04-18 14:18:56.919 D/AT      ( 1536): AT> AT+CRSM=192,12258,0,0,15
04-18 14:18:56.929 D/RILJ    ( 1653): [0011]< GET_IMSI 
04-18 14:18:56.929 D/RILJ    ( 1653): [0015]> iccIO: SIM_IO 0xc0 0x6fad  path: 3F007F20,0,0,15
04-18 14:18:56.939 D/RILJ    ( 1653): [0016]> iccIO: SIM_IO 0xc0 0x6fca  path: 3F007F20,0,0,15
04-18 14:18:56.949 D/RILJ    ( 1653): [0017]> iccIO: SIM_IO 0xc0 0x6f11  path: 3F007F20,0,0,15
04-18 14:18:56.949 D/RILJ    ( 1653): [0018]> iccIO: SIM_IO 0xc0 0x6fcb  path: 3F007F20,0,0,15
04-18 14:18:56.959 D/RILJ    ( 1653): [0019]> iccIO: SIM_IO 0xc0 0x6f13  path: 3F007F20,0,0,15
04-18 14:18:56.979 D/RILJ    ( 1653): [0020]> iccIO: SIM_IO 0xc0 0x6f46  path: 3F007F20,0,0,15
04-18 14:18:56.989 D/RILJ    ( 1653): [0021]> iccIO: SIM_IO 0xc0 0x6fcd  path: 3F007F20,0,0,15
04-18 14:18:56.989 D/RILJ    ( 1653): [0022]> iccIO: SIM_IO 0xc0 0x6fc5  path: 3F007F20,0,0,15
04-18 14:18:56.989 D/RILJ    ( 1653): [0023]> iccIO: SIM_IO 0xc0 0x6f38  path: 3F007F20,0,0,15
04-18 14:18:57.009 D/RILJ    ( 1653): [0024]> iccIO: SIM_IO 0xc0 0x6f16  path: 3F007F20,0,0,15
04-18 14:18:57.019 V/GSM     ( 1653): Check if IMSI shalll be read againnull
04-18 14:18:57.019 V/GSM     ( 1653): Force to get IMSI again 
04-18 14:18:57.019 D/RILJ    ( 1653): [0025]> getIMSI:RIL_REQUEST_GET_IMSI 11 GET_IMSI
04-18 14:18:57.019 D/GSM     ( 1653): GSMDataConnTrack handleMessage { what=3 when=48054 obj=android.os.AsyncResult@43c5d388 }
04-18 14:18:57.019 D/GSM     ( 1653): GSMDataConnTrack handleMessage { what=19 when=48055 obj=android.os.AsyncResult@43c5d710 }
04-18 14:18:57.019 D/GSM     ( 1653): [DataConnection] Stop poll NetStat
04-18 14:18:57.069 D/GSM     ( 1653): GSMDataConnTrack handleMessage { what=22 when=48055 obj=android.os.AsyncResult@43c5d860 }
04-18 14:18:57.079 D/GSM     ( 1653): [GsmDataConnectionTracker] ***trySetupData due to roamingOff
04-18 14:18:57.079 D/GSM     ( 1653): [DSAC DEB] trySetupData with mIsPsRestricted=false
04-18 14:18:57.159 D/AT      ( 1536): AT< +CRSM: 144,0,"0000000A2FE2040004FF4401020000"
04-18 14:18:57.159 D/AT      ( 1536): AT< OK
04-18 14:18:57.159 D/RILC    ( 1536): [0012]< SIM_IO {sw1=0x90,sw2=0x0,0000000A2FE2040004FF4401020000}
04-18 14:18:57.159 D/RILC    ( 1536): [0013]> SIM_IO (cmd=0xC0,efid=0x6F40,path=3F007F10,0,0,15,(null),pin2=(null))
04-18 14:18:57.159 D/RIL     ( 1536): onRequest: SIM_IO
04-18 14:18:57.159 D/AT      ( 1536): AT> AT+CRSM=192,28480,0,0,15
04-18 14:18:57.419 D/RILJ    ( 1653): < iccIO:  0x90 0x0 0000000A2FE2040004FF4401020000
04-18 14:18:57.429 D/RILJ    ( 1653): [0012]< SIM_IO IccIoResponse sw1:0x90 sw2:0x0
04-18 14:18:57.429 D/GSM     ( 1653): [GsmDataConnectionTracker] trySetupData: Not ready for data:  dataState=IDLE gprsState=1 sim=false UMTS=false phoneState=IDLE isDataAllowed=true dataEnabled=true roaming=false dataOnRoamingEnable=true ps restricted=false desiredPowerState=true MasterDataEnabled=true
04-18 14:18:57.429 D/RILJ    ( 1653): [0026]> GET_SIM_STATUS
04-18 14:18:57.439 D/RILJ    ( 1653): [0027]> QUERY_FACILITY_LOCK
04-18 14:18:57.449 D/RILJ    ( 1653): [0028]> QUERY_FACILITY_LOCK
04-18 14:18:57.469 D/STK     ( 1653): StkService: ril message arrived
04-18 14:18:57.469 D/STK     ( 1653): CommandParamsFactory: process SelectItem
04-18 14:18:57.479 D/RILJ    ( 1653): [0029]> BASEBAND_VERSION
04-18 14:18:57.479 D/RILJ    ( 1653): [0030]> GET_IMEI
04-18 14:18:57.489 D/RILJ    ( 1653): [0031]> GET_IMEISV
04-18 14:18:57.629 E/GSM     ( 1653): Wrong network type: 0
04-18 14:18:57.629 D/GSM     ( 1653): Poll ServiceState done:  oldSS=[1 home null null null  Unknown CSS not supported 0 0RoamInd: 0DefRoamInd: 0EmergOnly: false] newSS=[0 home CHINA MOBILE CHINA MOBILE 46000  EDGE CSS not supported 0 0RoamInd: 0DefRoamInd: 0EmergOnly: false] oldGprs=1 newGprs=0 oldType=unknown newType=EDGE
04-18 14:18:57.629 E/GSM     ( 1653): Wrong network type: 0
04-18 14:18:57.629 D/GSM     ( 1653): RAT switched unknown -> EDGE at cell 49040
04-18 14:18:57.699 D/AT      ( 1536): AT< +CRSM: 144,0,"000000386F40040011FF440102011C"
04-18 14:18:57.699 D/AT      ( 1536): AT< OK
04-18 14:18:57.699 D/RILC    ( 1536): [0013]< SIM_IO {sw1=0x90,sw2=0x0,000000386F40040011FF440102011C}
04-18 14:18:57.699 D/RILC    ( 1536): [0014]> SIM_IO (cmd=0xC0,efid=0x6FC9,path=3F007F20,0,0,15,(null),pin2=(null))
04-18 14:18:57.699 D/RIL     ( 1536): onRequest: SIM_IO
04-18 14:18:57.699 D/AT      ( 1536): AT> AT+CRSM=192,28617,0,0,15
04-18 14:18:57.699 D/RILJ    ( 1653): < iccIO:  0x90 0x0 000000386F40040011FF440102011C
04-18 14:18:57.699 D/RILJ    ( 1653): [0013]< SIM_IO IccIoResponse sw1:0x90 sw2:0x0
04-18 14:18:57.819 D/GSM     ( 1653): IMSI: 460005xxxxxxxxx
04-18 14:18:57.819 D/GSM     ( 1653): [IccCard] Broadcasting intent ACTION_SIM_STATE_CHANGED IMSI reason null
04-18 14:18:57.849 D/RILJ    ( 1653): [0032]> iccIO: SIM_IO 0xb0 0x2fe2  path: 3F00,0,0,10
04-18 14:18:57.889 D/STK     ( 1653): StkService: SET_UP_MENU
04-18 14:18:57.889 D/STK     ( 1653): StkService: TERMINAL RESPONSE: 810301250082028281830100
04-18 14:18:57.889 D/RILJ    ( 1653): [0033]> REQUEST_STK_SEND_TERMINAL_RESPONSE
04-18 14:18:58.019 D/RILJ    ( 1653): [0034]> iccIO: SIM_IO 0xb2 0x6f40  path: 3F007F10,1,4,28
04-18 14:18:58.089 D/GSM     ( 1653): GSMDataConnTrack handleMessage { what=26 when=49722 obj=android.os.AsyncResult@43c15de8 }
04-18 14:18:58.089 D/GSM     ( 1653): [GsmDataConnectionTracker] ***trySetupData due to gprsAttached
04-18 14:18:58.089 D/GSM     ( 1653): [DSAC DEB] trySetupData with mIsPsRestricted=false
04-18 14:18:58.089 D/GSM     ( 1653): [GsmDataConnectionTracker] trySetupData: Not ready for data:  dataState=IDLE gprsState=0 sim=false UMTS=false phoneState=IDLE isDataAllowed=true dataEnabled=true roaming=false dataOnRoamingEnable=true ps restricted=false desiredPowerState=true MasterDataEnabled=true
04-18 14:18:58.279 D/AT      ( 1536): AT< +CRSM: 148,4
04-18 14:18:58.279 D/AT      ( 1536): AT< OK
04-18 14:18:58.279 D/RILC    ( 1536): [0014]< SIM_IO {sw1=0x94,sw2=0x4,(null)}
04-18 14:18:58.279 D/RILC    ( 1536): [0015]> SIM_IO (cmd=0xC0,efid=0x6FAD,path=3F007F20,0,0,15,(null),pin2=(null))
04-18 14:18:58.279 D/RIL     ( 1536): onRequest: SIM_IO
04-18 14:18:58.279 D/AT      ( 1536): AT> AT+CRSM=192,28589,0,0,15
04-18 14:18:58.279 D/RILJ    ( 1653): < iccIO:  0x94 0x4 null
04-18 14:18:58.279 D/RILJ    ( 1653): [0014]< SIM_IO IccIoResponse sw1:0x94 sw2:0x4
04-18 14:18:58.549 D/STK     ( 1653): StkService: Return current sInstance
04-18 14:18:58.589 D/STK     ( 1653): StkAppService: SET_UP_MENU
04-18 14:18:58.589 D/STK     ( 1653): StkAppService: Install App
04-18 14:18:58.609 D/RILJ    ( 1653): [0035]> iccIO: SIM_IO 0xc0 0x6f17  path: 3F007F20,0,0,15
04-18 14:18:59.009 D/AT      ( 1536): AT< +CRSM: 144,0,"000000036FAD040004FF4401020000"
04-18 14:18:59.009 D/AT      ( 1536): AT< OK
04-18 14:18:59.009 D/RILC    ( 1536): [0015]< SIM_IO {sw1=0x90,sw2=0x0,000000036FAD040004FF4401020000}
04-18 14:18:59.009 D/RILC    ( 1536): [0016]> SIM_IO (cmd=0xC0,efid=0x6FCA,path=3F007F20,0,0,15,(null),pin2=(null))
04-18 14:18:59.009 D/RIL     ( 1536): onRequest: SIM_IO
04-18 14:18:59.009 D/AT      ( 1536): AT> AT+CRSM=192,28618,0,0,15
04-18 14:18:59.009 D/RILJ    ( 1653): < iccIO:  0x90 0x0 000000036FAD040004FF4401020000
04-18 14:18:59.009 D/RILJ    ( 1653): [0015]< SIM_IO IccIoResponse sw1:0x90 sw2:0x0
04-18 14:18:59.009 D/RILJ    ( 1653): [0036]> iccIO: SIM_IO 0xb0 0x6fad  path: 3F007F20,0,0,3
04-18 14:18:59.689 D/AT      ( 1536): AT< +CRSM: 148,4
04-18 14:18:59.689 D/AT      ( 1536): AT< OK
04-18 14:18:59.689 D/RILC    ( 1536): [0016]< SIM_IO {sw1=0x94,sw2=0x4,(null)}
04-18 14:18:59.689 D/RILC    ( 1536): [0017]> SIM_IO (cmd=0xC0,efid=0x6F11,path=3F007F20,0,0,15,(null),pin2=(null))
04-18 14:18:59.689 D/RIL     ( 1536): onRequest: SIM_IO
04-18 14:18:59.689 D/AT      ( 1536): AT> AT+CRSM=192,28433,0,0,15
04-18 14:18:59.689 D/RILJ    ( 1653): < iccIO:  0x94 0x4 null
04-18 14:18:59.699 D/RILJ    ( 1653): [0016]< SIM_IO IccIoResponse sw1:0x94 sw2:0x4
04-18 14:19:00.379 D/AT      ( 1536): AT< +CRSM: 148,4
04-18 14:19:00.379 D/AT      ( 1536): AT< OK
04-18 14:19:00.379 D/RILC    ( 1536): [0017]< SIM_IO {sw1=0x94,sw2=0x4,(null)}
04-18 14:19:00.379 D/RILC    ( 1536): [0018]> SIM_IO (cmd=0xC0,efid=0x6FCB,path=3F007F20,0,0,15,(null),pin2=(null))
04-18 14:19:00.379 D/RIL     ( 1536): onRequest: SIM_IO
04-18 14:19:00.379 D/AT      ( 1536): AT> AT+CRSM=192,28619,0,0,15
04-18 14:19:00.379 D/RILJ    ( 1653): < iccIO:  0x94 0x4 null
04-18 14:19:00.379 D/RILJ    ( 1653): [0017]< SIM_IO IccIoResponse sw1:0x94 sw2:0x4
04-18 14:19:01.059 D/AT      ( 1536): AT< +CRSM: 148,4
04-18 14:19:01.059 D/AT      ( 1536): AT< OK
04-18 14:19:01.059 D/RILC    ( 1536): [0018]< SIM_IO {sw1=0x94,sw2=0x4,(null)}
04-18 14:19:01.059 D/RILC    ( 1536): [0019]> SIM_IO (cmd=0xC0,efid=0x6F13,path=3F007F20,0,0,15,(null),pin2=(null))
04-18 14:19:01.059 D/RIL     ( 1536): onRequest: SIM_IO
04-18 14:19:01.059 D/AT      ( 1536): AT> AT+CRSM=192,28435,0,0,15
04-18 14:19:01.059 D/RILJ    ( 1653): < iccIO:  0x94 0x4 null
04-18 14:19:01.059 D/RILJ    ( 1653): [0018]< SIM_IO IccIoResponse sw1:0x94 sw2:0x4
04-18 14:19:01.749 D/AT      ( 1536): AT< +CRSM: 148,4
04-18 14:19:01.749 D/AT      ( 1536): AT< OK
04-18 14:19:01.749 D/RILC    ( 1536): [0019]< SIM_IO {sw1=0x94,sw2=0x4,(null)}
04-18 14:19:01.749 D/RILC    ( 1536): [0020]> SIM_IO (cmd=0xC0,efid=0x6F46,path=3F007F20,0,0,15,(null),pin2=(null))
04-18 14:19:01.749 D/RIL     ( 1536): onRequest: SIM_IO
04-18 14:19:01.749 D/AT      ( 1536): AT> AT+CRSM=192,28486,0,0,15
04-18 14:19:01.749 D/RILJ    ( 1653): < iccIO:  0x94 0x4 null
04-18 14:19:01.749 D/RILJ    ( 1653): [0019]< SIM_IO IccIoResponse sw1:0x94 sw2:0x4
04-18 14:19:02.469 D/AT      ( 1536): AT< +CRSM: 144,0,"000000116F46040004FF4401020000"
04-18 14:19:02.469 D/AT      ( 1536): AT< OK
04-18 14:19:02.479 D/RILC    ( 1536): [0020]< SIM_IO {sw1=0x90,sw2=0x0,000000116F46040004FF4401020000}
04-18 14:19:02.479 D/RILC    ( 1536): [0021]> SIM_IO (cmd=0xC0,efid=0x6FCD,path=3F007F20,0,0,15,(null),pin2=(null))
04-18 14:19:02.479 D/RIL     ( 1536): onRequest: SIM_IO
04-18 14:19:02.479 D/AT      ( 1536): AT> AT+CRSM=192,28621,0,0,15
04-18 14:19:02.479 D/RILJ    ( 1653): < iccIO:  0x90 0x0 000000116F46040004FF4401020000
04-18 14:19:02.479 D/RILJ    ( 1653): [0020]< SIM_IO IccIoResponse sw1:0x90 sw2:0x0
04-18 14:19:02.479 D/RILJ    ( 1653): [0037]> iccIO: SIM_IO 0xb0 0x6f46  path: 3F007F20,0,0,17
04-18 14:19:03.159 D/AT      ( 1536): AT< +CRSM: 148,4
04-18 14:19:03.159 D/AT      ( 1536): AT< OK
04-18 14:19:03.159 D/RILC    ( 1536): [0021]< SIM_IO {sw1=0x94,sw2=0x4,(null)}
04-18 14:19:03.159 D/RILC    ( 1536): [0022]> SIM_IO (cmd=0xC0,efid=0x6FC5,path=3F007F20,0,0,15,(null),pin2=(null))
04-18 14:19:03.159 D/RIL     ( 1536): onRequest: SIM_IO
04-18 14:19:03.159 D/AT      ( 1536): AT> AT+CRSM=192,28613,0,0,15
04-18 14:19:03.159 D/RILJ    ( 1653): < iccIO:  0x94 0x4 null
04-18 14:19:03.159 D/RILJ    ( 1653): [0021]< SIM_IO IccIoResponse sw1:0x94 sw2:0x4
04-18 14:19:03.839 D/AT      ( 1536): AT< +CRSM: 148,4
04-18 14:19:03.839 D/AT      ( 1536): AT< OK
04-18 14:19:03.839 D/RILC    ( 1536): [0022]< SIM_IO {sw1=0x94,sw2=0x4,(null)}
04-18 14:19:03.839 D/RILC    ( 1536): [0023]> SIM_IO (cmd=0xC0,efid=0x6F38,path=3F007F20,0,0,15,(null),pin2=(null))
04-18 14:19:03.839 D/RIL     ( 1536): onRequest: SIM_IO
04-18 14:19:03.839 D/AT      ( 1536): AT> AT+CRSM=192,28472,0,0,15
04-18 14:19:03.849 D/RILJ    ( 1653): < iccIO:  0x94 0x4 null
04-18 14:19:03.849 D/RILJ    ( 1653): [0022]< SIM_IO IccIoResponse sw1:0x94 sw2:0x4
04-18 14:19:04.309 D/STK     ( 1653): StkAppService$ServiceHandler: OP_BOOT_COMPLETED
04-18 14:19:04.569 D/AT      ( 1536): AT< +CRSM: 144,0,"000000096F38040014FF4401020000"
04-18 14:19:04.569 D/AT      ( 1536): AT< OK
04-18 14:19:04.569 D/RILC    ( 1536): [0023]< SIM_IO {sw1=0x90,sw2=0x0,000000096F38040014FF4401020000}
04-18 14:19:04.569 D/RILC    ( 1536): [0024]> SIM_IO (cmd=0xC0,efid=0x6F16,path=3F007F20,0,0,15,(null),pin2=(null))
04-18 14:19:04.569 D/RIL     ( 1536): onRequest: SIM_IO
04-18 14:19:04.569 D/AT      ( 1536): AT> AT+CRSM=192,28438,0,0,15
04-18 14:19:04.569 D/RILJ    ( 1653): < iccIO:  0x90 0x0 000000096F38040014FF4401020000
04-18 14:19:04.569 D/RILJ    ( 1653): [0023]< SIM_IO IccIoResponse sw1:0x90 sw2:0x0
04-18 14:19:04.579 D/RILJ    ( 1653): [0038]> iccIO: SIM_IO 0xb0 0x6f38  path: 3F007F20,0,0,9
04-18 14:19:05.259 D/AT      ( 1536): AT< +CRSM: 148,4
04-18 14:19:05.259 D/AT      ( 1536): AT< OK
04-18 14:19:05.259 D/RILC    ( 1536): [0024]< SIM_IO {sw1=0x94,sw2=0x4,(null)}
04-18 14:19:05.259 D/RILC    ( 1536): [0025]> GET_IMSI 
04-18 14:19:05.259 D/RIL     ( 1536): onRequest: GET_IMSI
04-18 14:19:05.259 D/AT      ( 1536): AT> AT+CIMI
04-18 14:19:05.259 D/RILJ    ( 1653): < iccIO:  0x94 0x4 null
04-18 14:19:05.259 D/RILJ    ( 1653): [0024]< SIM_IO IccIoResponse sw1:0x94 sw2:0x4
04-18 14:19:05.669 D/AT      ( 1536): AT< 460005154113238
04-18 14:19:05.669 D/AT      ( 1536): AT< OK
04-18 14:19:05.669 D/RILC    ( 1536): [0025]< GET_IMSI {460005154113238}
04-18 14:19:05.669 D/RILC    ( 1536): [0026]> GET_SIM_STATUS 
04-18 14:19:05.669 D/RIL     ( 1536): onRequest: GET_SIM_STATUS
04-18 14:19:05.669 D/AT      ( 1536): AT> AT+CPIN?
04-18 14:19:05.669 D/RILJ    ( 1653): [0025]< GET_IMSI 
04-18 14:19:05.669 D/GSM     ( 1653): IMSI: 460005xxxxxxxxx
04-18 14:19:05.669 D/GSM     ( 1653): [IccCard] Broadcasting intent ACTION_SIM_STATE_CHANGED IMSI reason null
04-18 14:19:05.859 D/AT      ( 1536): AT< +CPIN: READY
04-18 14:19:05.859 D/AT      ( 1536): AT< OK
04-18 14:19:05.859 D/RILC    ( 1536): [0026]< GET_SIM_STATUS {[app_type=1,app_state=5,perso_substate=2,                aid_ptr=(null),app_label_ptr=(null),pin1_replaced=0,pin1=0,pin2=0],}
04-18 14:19:05.859 D/AT      ( 1536): AT> AT+CPIN?
04-18 14:19:05.869 D/RILJ    ( 1653): [0026]< GET_SIM_STATUS com.android.internal.telephony.IccCardStatus@43c94790
04-18 14:19:06.379 D/AT      ( 1536): AT< +CPIN: READY
04-18 14:19:06.379 D/AT      ( 1536): AT< OK
04-18 14:19:06.379 D/RIL     ( 1536): 	updateRadioStateAfterSimStatus
04-18 14:19:06.379 D/RILC    ( 1536): [0027]> QUERY_FACILITY_LOCK (SC,,7)
04-18 14:19:06.379 D/RIL     ( 1536): onRequest: QUERY_FACILITY_LOCK
04-18 14:19:06.379 D/AT      ( 1536): AT> AT+CLCK="SC",2,"",7
04-18 14:19:06.909 D/AT      ( 1536): AT< +CLCK: 0
04-18 14:19:06.909 D/AT      ( 1536): AT< OK
04-18 14:19:06.909 D/RILC    ( 1536): [0027]< QUERY_FACILITY_LOCK {0}
04-18 14:19:06.909 D/RILC    ( 1536): [0028]> QUERY_FACILITY_LOCK (FD,,7)
04-18 14:19:06.909 D/RIL     ( 1536): onRequest: QUERY_FACILITY_LOCK
04-18 14:19:06.909 D/AT      ( 1536): AT> AT+CLCK="FD",2,"",7
04-18 14:19:06.909 D/RILJ    ( 1653): [0027]< QUERY_FACILITY_LOCK {0}
04-18 14:19:06.919 D/AT      ( 1536): AT< +CLCK: 0
04-18 14:19:06.919 D/AT      ( 1536): AT< OK
04-18 14:19:06.929 D/GSM     ( 1653): [IccCard] Query facility lock : false
04-18 14:19:06.929 D/RILC    ( 1536): [0028]< QUERY_FACILITY_LOCK {0}
04-18 14:19:06.929 D/RILC    ( 1536): [0029]> BASEBAND_VERSION 
04-18 14:19:06.929 D/RIL     ( 1536): onRequest: BASEBAND_VERSION
04-18 14:19:06.939 D/RILJ    ( 1653): [0028]< QUERY_FACILITY_LOCK {0}
04-18 14:19:06.939 D/AT      ( 1536): AT> ATI3
04-18 14:19:06.939 D/AT      ( 1536): AT< 40007100F1360103
04-18 14:19:06.949 D/AT      ( 1536): AT< OK
04-18 14:19:06.949 D/GSM     ( 1653): [IccCard] Query facility lock : false
04-18 14:19:06.949 D/RILC    ( 1536): [0029]< BASEBAND_VERSION {40007100F1360103}
04-18 14:19:06.949 D/RILC    ( 1536): [0030]> GET_IMEI 
04-18 14:19:06.949 D/RIL     ( 1536): onRequest: GET_IMEI
04-18 14:19:06.949 D/AT      ( 1536): AT> AT+CGSN
04-18 14:19:06.959 D/AT      ( 1536): AT< 000000000000000
04-18 14:19:06.959 D/AT      ( 1536): AT< OK
04-18 14:19:06.959 D/RILC    ( 1536): [0030]< GET_IMEI {000000000000000}
04-18 14:19:06.959 D/RILC    ( 1536): [0031]> GET_IMEISV 
04-18 14:19:06.959 D/RIL     ( 1536): onRequest: GET_IMEISV
04-18 14:19:06.959 D/AT      ( 1536): AT> AT*PSIMEISV?
04-18 14:19:06.959 D/RILJ    ( 1653): [0029]< BASEBAND_VERSION 40007100F1360103
04-18 14:19:06.969 D/AT      ( 1536): AT< *PSIMEISV: 000000 00 000000 01
04-18 14:19:06.969 D/GSM     ( 1653): Baseband version: 40007100F1360103
04-18 14:19:06.979 D/RILJ    ( 1653): [0030]< GET_IMEI 
04-18 14:19:06.979 D/AT      ( 1536): AT< OK
04-18 14:19:06.989 D/RILC    ( 1536): [0031]< GET_IMEISV {000000 00 000000 01}
04-18 14:19:06.989 D/RILC    ( 1536): [0032]> SIM_IO (cmd=0xB0,efid=0x2FE2,path=3F00,0,0,10,(null),pin2=(null))
04-18 14:19:06.989 D/RIL     ( 1536): onRequest: SIM_IO
04-18 14:19:06.989 D/AT      ( 1536): AT> AT+CRSM=176,12258,0,0,10
04-18 14:19:06.999 D/RILJ    ( 1653): [0031]< GET_IMEISV 
04-18 14:19:07.509 D/AT      ( 1536): AT< +CRSM: 144,0,"98680019013015836384"
04-18 14:19:07.509 D/AT      ( 1536): AT< OK
04-18 14:19:07.509 D/RILC    ( 1536): [0032]< SIM_IO {sw1=0x90,sw2=0x0,98680019013015836384}
04-18 14:19:07.509 D/RILC    ( 1536): [0033]> STK_SEND_TERMINAL_RESPONSE (810301250082028281830100)
04-18 14:19:07.509 D/RIL     ( 1536): onRequest: STK_SEND_TERMINAL_RESPONSE
04-18 14:19:07.509 D/RIL     ( 1536): STK send term response command: AT+GTKR="810301250082028281830100"
04-18 14:19:07.509 D/AT      ( 1536): AT> AT+GTKR="810301250082028281830100"
04-18 14:19:07.519 D/RILJ    ( 1653): < iccIO:  0x90 0x0 98680019013015836384
04-18 14:19:07.519 D/RILJ    ( 1653): [0032]< SIM_IO IccIoResponse sw1:0x90 sw2:0x0
04-18 14:19:07.529 D/GSM     ( 1653): iccid: 89860091100351383648
04-18 14:19:07.880 D/AT      ( 1536): AT< OK
04-18 14:19:07.880 D/AT      ( 1536): AT< +GTKS:
04-18 14:19:07.880 D/RILC    ( 1536): [UNSL]< UNSOL_STK_SESSION_END 
04-18 14:19:07.889 D/RILC    ( 1536): [0033]< STK_SEND_TERMINAL_RESPONSE
04-18 14:19:07.889 D/RILC    ( 1536): [0034]> SIM_IO (cmd=0xB2,efid=0x6F40,path=3F007F10,1,4,28,(null),pin2=(null))
04-18 14:19:07.889 D/RIL     ( 1536): onRequest: SIM_IO
04-18 14:19:07.889 D/AT      ( 1536): AT> AT+CRSM=178,28480,1,4,28
04-18 14:19:07.889 D/RILJ    ( 1653): [UNSL]< UNSOL_STK_SESSION_END
04-18 14:19:07.899 D/STK     ( 1653): StkService: ril message arrived
04-18 14:19:07.899 D/STK     ( 1653): StkService: SESSION END
04-18 14:19:07.909 D/RILJ    ( 1653): [0033]< REQUEST_STK_SEND_TERMINAL_RESPONSE 
04-18 14:19:08.246 D/AT      ( 1536): AT< +CRSM: 144,0,"FFFFFFFFFFFFFFFFFFFFFFFFFFFFFFFFFFFFFFFFFFFFFFFFFFFFFFFF"
04-18 14:19:08.246 D/AT      ( 1536): AT< OK
04-18 14:19:08.246 D/RILC    ( 1536): [0034]< SIM_IO {sw1=0x90,sw2=0x0,FFFFFFFFFFFFFFFFFFFFFFFFFFFFFFFFFFFFFFFFFFFFFFFFFFFFFFFF}
04-18 14:19:08.246 D/RILC    ( 1536): [0035]> SIM_IO (cmd=0xC0,efid=0x6F17,path=3F007F20,0,0,15,(null),pin2=(null))
04-18 14:19:08.246 D/RIL     ( 1536): onRequest: SIM_IO
04-18 14:19:08.246 D/AT      ( 1536): AT> AT+CRSM=192,28439,0,0,15
04-18 14:19:08.246 D/RILJ    ( 1653): < iccIO:  0x90 0x0 FFFFFFFFFFFFFFFFFFFFFFFFFFFFFFFFFFFFFFFFFFFFFFFFFFFFFFFF
04-18 14:19:08.246 D/RILJ    ( 1653): [0034]< SIM_IO IccIoResponse sw1:0x90 sw2:0x0
04-18 14:19:08.249 D/GSM     ( 1653): MSISDN: 
04-18 14:19:08.833 D/AT      ( 1536): AT< +CRSM: 148,4
04-18 14:19:08.833 D/AT      ( 1536): AT< OK
04-18 14:19:08.833 D/RILC    ( 1536): [0035]< SIM_IO {sw1=0x94,sw2=0x4,(null)}
04-18 14:19:08.833 D/RILC    ( 1536): [0036]> SIM_IO (cmd=0xB0,efid=0x6FAD,path=3F007F20,0,0,3,(null),pin2=(null))
04-18 14:19:08.833 D/RIL     ( 1536): onRequest: SIM_IO
04-18 14:19:08.833 D/AT      ( 1536): AT> AT+CRSM=176,28589,0,0,3
04-18 14:19:08.839 D/RILJ    ( 1653): < iccIO:  0x94 0x4 null
04-18 14:19:08.839 D/RILJ    ( 1653): [0035]< SIM_IO IccIoResponse sw1:0x94 sw2:0x4
04-18 14:19:08.860 D/GSM     ( 1653): Invalid or missing EF[MAILBOX]
04-18 14:19:09.599 D/AT      ( 1536): AT< +CRSM: 144,0,"00FFFF"
04-18 14:19:09.599 D/AT      ( 1536): AT< OK
04-18 14:19:09.599 D/RILC    ( 1536): [0036]< SIM_IO {sw1=0x90,sw2=0x0,00FFFF}
04-18 14:19:09.599 D/RILC    ( 1536): [0037]> SIM_IO (cmd=0xB0,efid=0x6F46,path=3F007F20,0,0,17,(null),pin2=(null))
04-18 14:19:09.599 D/RIL     ( 1536): onRequest: SIM_IO
04-18 14:19:09.599 D/AT      ( 1536): AT> AT+CRSM=176,28486,0,0,17
04-18 14:19:09.599 D/RILJ    ( 1653): < iccIO:  0x90 0x0 00FFFF
04-18 14:19:09.619 D/RILJ    ( 1653): [0036]< SIM_IO IccIoResponse sw1:0x90 sw2:0x0
04-18 14:19:09.629 D/GSM     ( 1653): EF_AD: 00ffff
04-18 14:19:09.629 D/GSM     ( 1653): SIMRecords: MNC length not present in EF_AD
04-18 14:19:10.369 D/AT      ( 1536): AT< +CRSM: 144,0,"00434D4343FFFFFFFFFFFFFFFFFFFFFFFF"
04-18 14:19:10.369 D/AT      ( 1536): AT< OK
04-18 14:19:10.369 D/RILC    ( 1536): [0037]< SIM_IO {sw1=0x90,sw2=0x0,00434D4343FFFFFFFFFFFFFFFFFFFFFFFF}
04-18 14:19:10.369 D/RILC    ( 1536): [0038]> SIM_IO (cmd=0xB0,efid=0x6F38,path=3F007F20,0,0,9,(null),pin2=(null))
04-18 14:19:10.369 D/RIL     ( 1536): onRequest: SIM_IO
04-18 14:19:10.369 D/AT      ( 1536): AT> AT+CRSM=176,28472,0,0,9
04-18 14:19:10.369 D/RILJ    ( 1653): < iccIO:  0x90 0x0 00434D4343FFFFFFFFFFFFFFFFFFFFFFFF
04-18 14:19:10.369 D/RILJ    ( 1653): [0037]< SIM_IO IccIoResponse sw1:0x90 sw2:0x0
04-18 14:19:10.369 D/GSM     ( 1653): [SIMRecords] Load EF_SPN: CMCC spnDisplayCondition: 1
04-18 14:19:11.129 D/AT      ( 1536): AT< +CRSM: 144,0,"FF3FFFFF00003C0300"
04-18 14:19:11.129 D/AT      ( 1536): AT< OK
04-18 14:19:11.129 D/RILC    ( 1536): [0038]< SIM_IO {sw1=0x90,sw2=0x0,FF3FFFFF00003C0300}
04-18 14:19:11.129 D/RILJ    ( 1653): < iccIO:  0x90 0x0 FF3FFFFF00003C0300
04-18 14:19:11.129 D/RILJ    ( 1653): [0038]< SIM_IO IccIoResponse sw1:0x90 sw2:0x0
04-18 14:19:11.129 D/GSM     ( 1653): SIMRecords: record load complete
04-18 14:19:11.139 D/GSM     ( 1653): [IccCard] Broadcasting intent ACTION_SIM_STATE_CHANGED LOADED reason null
04-18 14:19:11.169 D/GSM     ( 1653): GSMDataConnTrack handleMessage { what=4 when=63126 obj=android.os.AsyncResult@43c9d140 }
04-18 14:19:11.249 D/GSM     ( 1653): >>>>> createAllApnList, allApns = [CMCC, 26, 46000, cmnet, , , null, null, , -1, default, CMCC.mms, 27, 46000, cmwap, , http://mmsc.monternet.com, 10.0.0.172, 80, , -1, mms, 中国移动因特网设置, 54, 46000, cmnet, null, null, null, null, null, -1, default, 中国移动WAP设置, 55, 46000, cmwap, 10.0.0.172, null, null, null, 80, -1, wap, 中国移动彩信设置, 56, 46000, cmwap, 10.0.0.172, http://mmsc.monternet.com, 10.0.0.172, 80, 80, -1, mms]
04-18 14:19:11.289 D/GSM     ( 1653): >>>>>> mRequestedApnType = default
04-18 14:19:11.289 D/GSM     ( 1653): >>>>>>> ApnSetting = CMCC, 26, 46000, cmnet, , , null, null, , -1, default, id = 26, pos = 26
04-18 14:19:11.289 D/GSM     ( 1653): >>>>> success
04-18 14:19:11.309 D/GSM     ( 1653): >>>>>> Get PreferredAPN = CMCC, 26, 46000, cmnet, , , null, null, , -1, default
04-18 14:19:11.409 D/GSM     ( 1653): GSMDataConnTrack handleMessage { what=5 when=63290 obj=simLoaded }
04-18 14:19:11.409 D/GSM     ( 1653): [GsmDataConnectionTracker] ***trySetupData due to simLoaded
04-18 14:19:11.409 D/GSM     ( 1653): [DSAC DEB] trySetupData with mIsPsRestricted=false
04-18 14:19:11.409 I/GSM     ( 1653): Preferred APN:46000:46000:CMCC, 26, 46000, cmnet, , , null, null, , -1, default
04-18 14:19:11.409 I/GSM     ( 1653): Waiting APN set to preferred APN
04-18 14:19:11.409 D/GSM     ( 1653): [GsmDataConnectionTracker] Create from allApns : [CMCC, 26, 46000, cmnet, , , null, null, , -1, default][CMCC.mms, 27, 46000, cmwap, , http://mmsc.monternet.com, 10.0.0.172, 80, , -1, mms][中国移动因特网设置, 54, 46000, cmnet, null, null, null, null, null, -1, default][中国移动WAP设置, 55, 46000, cmwap, 10.0.0.172, null, null, null, 80, -1, wap][中国移动彩信设置, 56, 46000, cmwap, 10.0.0.172, http://mmsc.monternet.com, 10.0.0.172, 80, 80, -1, mms]
04-18 14:19:11.409 D/GSM     ( 1653): [GsmDataConnectionTracker] Setup waitngApns : [CMCC, 26, 46000, cmnet, , , null, null, , -1, default]
04-18 14:19:11.429 D/GSM     ( 1653): [GsmDataConnection-1] DcInactiveState msg.what=EVENT_CONNECT
04-18 14:19:11.429 D/GSM     ( 1653): [GsmDataConnection-1] Connecting to carrier: 'CMCC' APN: 'cmnet' proxy: '' port: '
04-18 14:19:11.429 D/RILJ    ( 1653): [0039]> SETUP_DATA_CALL 1 0 cmnet   3
04-18 14:19:11.439 D/RILC    ( 1536): [0039]> SETUP_DATA_CALL (1,0,cmnet,,,3)
04-18 14:19:11.439 D/RIL     ( 1536): onRequest: SETUP_DATA_CALL
04-18 14:19:11.439 D/RIL     ( 1536): ifconfig: addr: pdp_ip0
04-18 14:19:11.439 D/GSM     ( 1653): [GsmDataConnectionTracker] setState: INITING
04-18 14:19:11.539 D/RIL     ( 1536): ifconfig: addr: pdp_ip0
04-18 14:19:11.539 D/AT      ( 1536): AT> ATE0
04-18 14:19:11.539 D/AT      ( 1536): AT< OK
04-18 14:19:11.539 D/AT      ( 1536): AT> AT+CGDCONT=1,"IP","cmnet"
04-18 14:19:11.539 D/AT      ( 1536): AT< OK
04-18 14:19:11.539 D/AT      ( 1536): AT> AT*IPRIC=1,0
04-18 14:19:11.539 D/AT      ( 1536): AT< OK
04-18 14:19:11.559 D/AT      ( 1536): AT> AT*IPDNS=1,1
04-18 14:19:11.559 D/AT      ( 1536): AT< OK
04-18 14:19:11.559 D/AT      ( 1536): AT> AT*IPACT=1,1
04-18 14:19:12.505 D/AT      ( 1536): AT< OK
04-18 14:19:12.505 D/AT      ( 1536): AT> AT*IPCONFIG?
04-18 14:19:12.505 D/AT      ( 1536): AT< *IPCONFIG: 1,"10.117.45.213","211.138.200.69","112.4.0.55","",""
04-18 14:19:12.505 D/AT      ( 1536): AT< OK
04-18 14:19:12.505 D/RIL     ( 1536): IP address got:10.117.45.213
04-18 14:19:12.505 D/RIL     ( 1536): ifconfig: addr: pdp_ip0
04-18 14:19:12.505 D/RIL     ( 1536): ifconfig: addr: pdp_ip0
04-18 14:19:12.505 D/RIL     ( 1536): pdp_ip0: ip 10.117.45.213 mask 255.255.255.255 flags [
04-18 14:19:12.505 D/RIL     ( 1536): up point-to-point running]
04-18 14:19:12.505 D/RIL     ( 1536): route add default dev pdp_ip0
04-18 14:19:12.505 D/RIL     ( 1536): route, settings applied successfully
04-18 14:19:12.509 D/RILC    ( 1536): [0039]< SETUP_DATA_CALL {1,pdp_ip0,10.117.45.213}
04-18 14:19:12.509 D/RILJ    ( 1653): [0039]< SETUP_DATA_CALL {1, pdp_ip0, 10.117.45.213}
04-18 14:19:12.509 D/GSM     ( 1653): [GsmDataConnection-1] DcActivatingState msg.what=EVENT_SETUP_DATA_CONNECTION_DONE
04-18 14:19:12.509 D/GSM     ( 1653): [GsmDataConnection-1] interface=pdp_ip0 ipAddress=10.117.45.213 gateway= DNS1= DNS2=
04-18 14:19:12.509 D/GSM     ( 1653): [GsmDataConnection-1] DataConnection setup result='SUCCESS' on cid=1
04-18 14:19:12.509 D/GSM     ( 1653): [GsmDataConnection-1] DcInactiveState: setEnterNoticationParams cp,cause
04-18 14:19:12.509 D/GSM     ( 1653): [GsmDataConnection-1] DcActiveState: enter notifyConnectCompleted
04-18 14:19:12.509 D/GSM     ( 1653): [GsmDataConnection-1] notifyConnection at 1303136352516 cause=No Error
04-18 14:19:12.519 D/GSM     ( 1653): GSMDataConnTrack handleMessage { what=1 when=64497 arg1=1 obj=android.os.AsyncResult@43cb0a58 }
04-18 14:19:12.519 D/GSM     ( 1653): [GsmDataConnectionTracker] setState: CONNECTED
04-18 14:19:12.539 D/GSM     ( 1653): [DataConnection] Start poll NetStat
04-18 14:19:16.827 D/RILJ    ( 1653): [0040]> SIGNAL_STRENGTH
04-18 14:19:16.829 D/RILC    ( 1536): [0040]> SIGNAL_STRENGTH 
04-18 14:19:16.829 D/RIL     ( 1536): onRequest: SIGNAL_STRENGTH
04-18 14:19:16.829 D/AT      ( 1536): AT> AT+CSQ
04-18 14:19:16.829 D/AT      ( 1536): AT< +CSQ: 23,99
04-18 14:19:16.829 D/AT      ( 1536): AT< OK
04-18 14:19:16.829 D/RILC    ( 1536): [0040]< SIGNAL_STRENGTH {[ 23 99]}
04-18 14:19:16.839 D/RILJ    ( 1653): [0040]< SIGNAL_STRENGTH {23, 99, 0, 0, 0, 0, 0}
04-18 14:19:36.883 D/RILJ    ( 1653): [0041]> SIGNAL_STRENGTH
04-18 14:19:36.889 D/RILC    ( 1536): [0041]> SIGNAL_STRENGTH 
04-18 14:19:36.889 D/RIL     ( 1536): onRequest: SIGNAL_STRENGTH
04-18 14:19:36.889 D/AT      ( 1536): AT> AT+CSQ
04-18 14:19:36.889 D/AT      ( 1536): AT< +CSQ: 19,99
04-18 14:19:36.889 D/AT      ( 1536): AT< OK
04-18 14:19:36.889 D/RILC    ( 1536): [0041]< SIGNAL_STRENGTH {[ 19 99]}
04-18 14:19:36.889 D/RILJ    ( 1653): [0041]< SIGNAL_STRENGTH {19, 99, 0, 0, 0, 0, 0}
04-18 14:19:56.919 D/RILJ    ( 1653): [0042]> SIGNAL_STRENGTH
04-18 14:19:56.929 D/RILC    ( 1536): [0042]> SIGNAL_STRENGTH 
04-18 14:19:56.929 D/RIL     ( 1536): onRequest: SIGNAL_STRENGTH
04-18 14:19:56.929 D/AT      ( 1536): AT> AT+CSQ
04-18 14:19:56.929 D/AT      ( 1536): AT< +CSQ: 23,99
04-18 14:19:56.929 D/AT      ( 1536): AT< OK
04-18 14:19:56.939 D/RILC    ( 1536): [0042]< SIGNAL_STRENGTH {[ 23 99]}
04-18 14:19:56.939 D/RILJ    ( 1653): [0042]< SIGNAL_STRENGTH {23, 99, 0, 0, 0, 0, 0}
04-18 14:20:11.859 D/STK     ( 1653): StkMenuActivity: onCreate
04-18 14:20:16.989 D/RILJ    ( 1653): [0043]> SIGNAL_STRENGTH
04-18 14:20:16.999 D/RILC    ( 1536): [0043]> SIGNAL_STRENGTH 
04-18 14:20:16.999 D/RIL     ( 1536): onRequest: SIGNAL_STRENGTH
04-18 14:20:16.999 D/AT      ( 1536): AT> AT+CSQ
04-18 14:20:16.999 D/AT      ( 1536): AT< +CSQ: 23,99
04-18 14:20:16.999 D/AT      ( 1536): AT< OK
04-18 14:20:16.999 D/RILC    ( 1536): [0043]< SIGNAL_STRENGTH {[ 23 99]}
04-18 14:20:16.999 D/RILJ    ( 1653): [0043]< SIGNAL_STRENGTH {23, 99, 0, 0, 0, 0, 0}
04-18 14:20:27.999 D/STK     ( 1653): StkMenuActivity: onDestroy
04-18 14:20:37.033 D/RILJ    ( 1653): [0044]> SIGNAL_STRENGTH
04-18 14:20:37.033 D/RILC    ( 1536): [0044]> SIGNAL_STRENGTH 
04-18 14:20:37.033 D/RIL     ( 1536): onRequest: SIGNAL_STRENGTH
04-18 14:20:37.033 D/AT      ( 1536): AT> AT+CSQ
04-18 14:20:37.033 D/AT      ( 1536): AT< +CSQ: 25,99
04-18 14:20:37.033 D/AT      ( 1536): AT< OK
04-18 14:20:37.033 D/RILC    ( 1536): [0044]< SIGNAL_STRENGTH {[ 25 99]}
04-18 14:20:37.039 D/RILJ    ( 1653): [0044]< SIGNAL_STRENGTH {25, 99, 0, 0, 0, 0, 0}
04-18 14:20:46.379 D/STK     ( 1653): StkMenuActivity: onCreate
04-18 14:20:51.579 D/STK     ( 1653): StkAppService: RES_ID_MENU_SELECTION
04-18 14:20:51.589 D/RILJ    ( 1653): [0045]> REQUEST_STK_SEND_ENVELOPE_COMMAND
04-18 14:20:51.589 D/RILC    ( 1536): [0045]> STK_SEND_ENVELOPE_COMMAND (d30782020181900101)
04-18 14:20:51.589 D/RIL     ( 1536): onRequest: STK_SEND_ENVELOPE_COMMAND
04-18 14:20:51.589 D/AT      ( 1536): AT> AT+GTKE="d30782020181900101"
04-18 14:20:51.669 D/AT      ( 1536): AT< +GTKE: ""
04-18 14:20:51.669 D/AT      ( 1536): AT< OK
04-18 14:20:51.669 D/RILC    ( 1536): [0045]< STK_SEND_ENVELOPE_COMMAND {+GTKE: ""}
04-18 14:20:51.669 D/RILJ    ( 1653): [0045]< REQUEST_STK_SEND_ENVELOPE_COMMAND +GTKE: ""
04-18 14:20:51.759 D/AT      ( 1536): AT< +GTKI: "D0298103052400820281828F0E118079FB52A88BDD8D39603B989D8F0E128053D66D885B9A5236670D52A1"
04-18 14:20:51.759 D/RILC    ( 1536): [UNSL]< UNSOL_STK_PROACTIVE_COMMAND {D0298103052400820281828F0E118079FB52A88BDD8D39603B989D8F0E128053D66D885B9A5236670D52A1}
04-18 14:20:51.759 D/RILJ    ( 1653): [UNSL]< UNSOL_STK_PROACTIVE_COMMAND D0298103052400820281828F0E118079FB52A88BDD8D39603B989D8F0E128053D66D885B9A5236670D52A1
04-18 14:20:51.759 D/STK     ( 1653): StkService: ril message arrived
04-18 14:20:51.759 D/STK     ( 1653): CommandParamsFactory: process SelectItem
04-18 14:20:51.769 D/STK     ( 1653): StkService: SELECT_ITEM
04-18 14:20:51.809 D/STK     ( 1653): StkAppService: SELECT_ITEM
04-18 14:20:51.829 D/STK     ( 1653): StkMenuActivity: onNewIntent
04-18 14:20:53.449 D/STK     ( 1653): StkAppService: RES_ID_BACKWARD
04-18 14:20:53.459 D/STK     ( 1653): StkService: TERMINAL RESPONSE: 810305240082028281830111
04-18 14:20:53.459 D/RILJ    ( 1653): [0046]> REQUEST_STK_SEND_TERMINAL_RESPONSE
04-18 14:20:53.459 D/RILC    ( 1536): [0046]> STK_SEND_TERMINAL_RESPONSE (810305240082028281830111)
04-18 14:20:53.459 D/RIL     ( 1536): onRequest: STK_SEND_TERMINAL_RESPONSE
04-18 14:20:53.459 D/RIL     ( 1536): STK send term response command: AT+GTKR="810305240082028281830111"
04-18 14:20:53.459 D/AT      ( 1536): AT> AT+GTKR="810305240082028281830111"
04-18 14:20:53.499 D/AT      ( 1536): AT< OK
04-18 14:20:53.499 D/AT      ( 1536): AT< +GTKS:
04-18 14:20:53.499 D/RILC    ( 1536): [UNSL]< UNSOL_STK_SESSION_END 
04-18 14:20:53.499 D/RILJ    ( 1653): [UNSL]< UNSOL_STK_SESSION_END
04-18 14:20:53.499 D/RILC    ( 1536): [0046]< STK_SEND_TERMINAL_RESPONSE
04-18 14:20:53.499 D/RILJ    ( 1653): [0046]< REQUEST_STK_SEND_TERMINAL_RESPONSE 
04-18 14:20:53.499 D/STK     ( 1653): StkService: ril message arrived
04-18 14:20:53.499 D/STK     ( 1653): StkService: SESSION END
04-18 14:20:53.529 D/STK     ( 1653): StkMenuActivity: onNewIntent
04-18 14:20:57.062 D/RILJ    ( 1653): [0047]> SIGNAL_STRENGTH
04-18 14:20:57.069 D/RILC    ( 1536): [0047]> SIGNAL_STRENGTH 
04-18 14:20:57.069 D/RIL     ( 1536): onRequest: SIGNAL_STRENGTH
04-18 14:20:57.069 D/AT      ( 1536): AT> AT+CSQ
04-18 14:20:57.069 D/AT      ( 1536): AT< +CSQ: 26,99
04-18 14:20:57.069 D/AT      ( 1536): AT< OK
04-18 14:20:57.069 D/RILC    ( 1536): [0047]< SIGNAL_STRENGTH {[ 26 99]}
04-18 14:20:57.069 D/RILJ    ( 1653): [0047]< SIGNAL_STRENGTH {26, 99, 0, 0, 0, 0, 0}
04-18 14:21:04.799 D/STK     ( 1653): StkAppService: RES_ID_MENU_SELECTION
04-18 14:21:04.819 D/RILJ    ( 1653): [0048]> REQUEST_STK_SEND_ENVELOPE_COMMAND
04-18 14:21:04.829 D/RILC    ( 1536): [0048]> STK_SEND_ENVELOPE_COMMAND (d30782020181900109)
04-18 14:21:04.829 D/RIL     ( 1536): onRequest: STK_SEND_ENVELOPE_COMMAND
04-18 14:21:04.829 D/AT      ( 1536): AT> AT+GTKE="d30782020181900109"
04-18 14:21:04.879 D/AT      ( 1536): AT< +GTKE: ""
04-18 14:21:04.879 D/AT      ( 1536): AT< OK
04-18 14:21:04.879 D/RILC    ( 1536): [0048]< STK_SEND_ENVELOPE_COMMAND {+GTKE: ""}
04-18 14:21:04.879 D/RILJ    ( 1653): [0048]< REQUEST_STK_SEND_ENVELOPE_COMMAND +GTKE: ""
04-18 14:21:04.986 D/AT      ( 1536): AT< +GTKI: "D0318103012400820281828F0A01804E0B8F7D83DC53558F0A02805220966483DC53558F0E038066F465B0670D52A152178868"
04-18 14:21:04.986 D/RILC    ( 1536): [UNSL]< UNSOL_STK_PROACTIVE_COMMAND {D0318103012400820281828F0A01804E0B8F7D83DC53558F0A02805220966483DC53558F0E038066F465B0670D52A152178868}
04-18 14:21:04.989 D/RILJ    ( 1653): [UNSL]< UNSOL_STK_PROACTIVE_COMMAND D0318103012400820281828F0A01804E0B8F7D83DC53558F0A02805220966483DC53558F0E038066F465B0670D52A152178868
04-18 14:21:05.000 D/STK     ( 1653): StkService: ril message arrived
04-18 14:21:05.000 D/STK     ( 1653): CommandParamsFactory: process SelectItem
04-18 14:21:05.060 D/STK     ( 1653): StkService: SELECT_ITEM
04-18 14:21:05.129 D/STK     ( 1653): StkAppService: SELECT_ITEM
04-18 14:21:05.129 D/STK     ( 1653): StkMenuActivity: onNewIntent
04-18 14:21:07.689 D/STK     ( 1653): StkAppService: RES_ID_BACKWARD
04-18 14:21:07.699 D/STK     ( 1653): StkService: TERMINAL RESPONSE: 810301240082028281830111
04-18 14:21:07.699 D/RILJ    ( 1653): [0049]> REQUEST_STK_SEND_TERMINAL_RESPONSE
04-18 14:21:07.709 D/RILC    ( 1536): [0049]> STK_SEND_TERMINAL_RESPONSE (810301240082028281830111)
04-18 14:21:07.709 D/RIL     ( 1536): onRequest: STK_SEND_TERMINAL_RESPONSE
04-18 14:21:07.709 D/RIL     ( 1536): STK send term response command: AT+GTKR="810301240082028281830111"
04-18 14:21:07.709 D/AT      ( 1536): AT> AT+GTKR="810301240082028281830111"
04-18 14:21:07.749 D/AT      ( 1536): AT< OK
04-18 14:21:07.749 D/AT      ( 1536): AT< +GTKS:
04-18 14:21:07.749 D/RILC    ( 1536): [UNSL]< UNSOL_STK_SESSION_END 
04-18 14:21:07.749 D/RILJ    ( 1653): [UNSL]< UNSOL_STK_SESSION_END
04-18 14:21:07.749 D/RILC    ( 1536): [0049]< STK_SEND_TERMINAL_RESPONSE
04-18 14:21:07.749 D/RILJ    ( 1653): [0049]< REQUEST_STK_SEND_TERMINAL_RESPONSE 
04-18 14:21:07.749 D/STK     ( 1653): StkService: ril message arrived
