04-18 14:22:58.099 D/RILC    ( 1536): [0142]< GET_CURRENT_CALLS {[id=1,ACTIVE,toa=129,norm,mo,als=0,voc,noevp,13182827869,cli=0,name='(null)',0][id=2,WAITING,toa=161,norm,mt,als=0,voc,noevp,18913956595,cli=0,name='(null)',0}
04-18 14:22:58.099 D/RILJ    ( 1653): InCall VoicePrivacy is disabled
04-18 14:22:58.099 D/RILJ    ( 1653): InCall VoicePrivacy is disabled
04-18 14:22:58.099 D/RILJ    ( 1653): [0142]< GET_CURRENT_CALLS  [id=1,ACTIVE,toa=129,norm,mo,0,voc,noevp,,cli=1,,0] [id=2,WAITING,toa=161,norm,mt,0,voc,noevp,,cli=1,,0] 
04-18 14:22:58.109 D/GSM     ( 1653): [GSMConn] update: parent=ACTIVE, hasNewParent=false, wasConnectingInOrOut=false, wasHolding=false, isConnectingInOrOut=false, changed=false
04-18 14:22:58.109 D/GSM     ( 1653): [GSMConn] update: parent=WAITING, hasNewParent=false, wasConnectingInOrOut=true, wasHolding=false, isConnectingInOrOut=true, changed=false
04-18 14:22:58.221 D/RILC    ( 1536): [UNSL]< UNSOL_RESPONSE_CALL_STATE_CHANGED 
04-18 14:22:58.221 D/RILJ    ( 1653): [UNSL]< UNSOL_RESPONSE_CALL_STATE_CHANGED
04-18 14:22:58.229 D/RILJ    ( 1653): [0143]> GET_CURRENT_CALLS
04-18 14:22:58.229 D/RILC    ( 1536): [0143]> GET_CURRENT_CALLS 
04-18 14:22:58.229 D/RIL     ( 1536): onRequest: GET_CURRENT_CALLS
04-18 14:22:58.229 D/AT      ( 1536): AT> AT+CLCC
04-18 14:22:58.229 D/AT      ( 1536): AT< +CLCC: 1,0,0,0,0,"13182827869",129
04-18 14:22:58.229 D/AT      ( 1536): AT< +CLCC: 2,1,5,0,0,"18913956595",161
04-18 14:22:58.229 D/AT      ( 1536): AT< OK
04-18 14:22:58.239 D/RILC    ( 1536): [0143]< GET_CURRENT_CALLS {[id=1,ACTIVE,toa=129,norm,mo,als=0,voc,noevp,13182827869,cli=0,name='(null)',0][id=2,WAITING,toa=161,norm,mt,als=0,voc,noevp,18913956595,cli=0,name='(null)',0}
04-18 14:22:58.239 D/RILJ    ( 1653): InCall VoicePrivacy is disabled
04-18 14:22:58.239 D/RILJ    ( 1653): InCall VoicePrivacy is disabled
04-18 14:22:58.239 D/RILJ    ( 1653): [0143]< GET_CURRENT_CALLS  [id=1,ACTIVE,toa=129,norm,mo,0,voc,noevp,,cli=1,,0] [id=2,WAITING,toa=161,norm,mt,0,voc,noevp,,cli=1,,0] 
04-18 14:22:58.239 D/GSM     ( 1653): [GSMConn] update: parent=ACTIVE, hasNewParent=false, wasConnectingInOrOut=false, wasHolding=false, isConnectingInOrOut=false, changed=false
04-18 14:22:58.239 D/GSM     ( 1653): [GSMConn] update: parent=WAITING, hasNewParent=false, wasConnectingInOrOut=true, wasHolding=false, isConnectingInOrOut=true, changed=false
04-18 14:22:58.249 D/RILC    ( 1536): [UNSL]< UNSOL_RESPONSE_CALL_STATE_CHANGED 
04-18 14:22:58.259 D/RILJ    ( 1653): [UNSL]< UNSOL_RESPONSE_CALL_STATE_CHANGED
04-18 14:22:58.259 D/RILJ    ( 1653): [0144]> GET_CURRENT_CALLS
04-18 14:22:58.259 D/RILC    ( 1536): [0144]> GET_CURRENT_CALLS 
04-18 14:22:58.259 D/RIL     ( 1536): onRequest: GET_CURRENT_CALLS
04-18 14:22:58.259 D/AT      ( 1536): AT> AT+CLCC
04-18 14:22:58.269 D/AT      ( 1536): AT< +CLCC: 1,0,0,0,0,"13182827869",129
04-18 14:22:58.269 D/AT      ( 1536): AT< +CLCC: 2,1,5,0,0,"18913956595",161
04-18 14:22:58.269 D/AT      ( 1536): AT< OK
04-18 14:22:58.269 D/RILC    ( 1536): [0144]< GET_CURRENT_CALLS {[id=1,ACTIVE,toa=129,norm,mo,als=0,voc,noevp,13182827869,cli=0,name='(null)',0][id=2,WAITING,toa=161,norm,mt,als=0,voc,noevp,18913956595,cli=0,name='(null)',0}
04-18 14:22:58.279 D/RILC    ( 1536): [UNSL]< UNSOL_RESPONSE_CALL_STATE_CHANGED 
04-18 14:22:58.279 D/RILJ    ( 1653): InCall VoicePrivacy is disabled
04-18 14:22:58.279 D/RILJ    ( 1653): InCall VoicePrivacy is disabled
04-18 14:22:58.279 D/RILJ    ( 1653): [0144]< GET_CURRENT_CALLS  [id=1,ACTIVE,toa=129,norm,mo,0,voc,noevp,,cli=1,,0] [id=2,WAITING,toa=161,norm,mt,0,voc,noevp,,cli=1,,0] 
04-18 14:22:58.289 D/GSM     ( 1653): [GSMConn] update: parent=ACTIVE, hasNewParent=false, wasConnectingInOrOut=false, wasHolding=false, isConnectingInOrOut=false, changed=false
04-18 14:22:58.289 D/GSM     ( 1653): [GSMConn] update: parent=WAITING, hasNewParent=false, wasConnectingInOrOut=true, wasHolding=false, isConnectingInOrOut=true, changed=false
04-18 14:22:58.309 D/RILJ    ( 1653): [UNSL]< UNSOL_RESPONSE_CALL_STATE_CHANGED
04-18 14:22:58.309 D/RILJ    ( 1653): [0145]> GET_CURRENT_CALLS
04-18 14:22:58.319 D/RILC    ( 1536): [0145]> GET_CURRENT_CALLS 
04-18 14:22:58.319 D/RIL     ( 1536): onRequest: GET_CURRENT_CALLS
04-18 14:22:58.319 D/AT      ( 1536): AT> AT+CLCC
04-18 14:22:58.319 D/AT      ( 1536): AT< +CLCC: 1,0,0,0,0,"13182827869",129
04-18 14:22:58.319 D/AT      ( 1536): AT< +CLCC: 2,1,5,0,0,"18913956595",161
04-18 14:22:58.319 D/AT      ( 1536): AT< OK
04-18 14:22:58.319 D/RILC    ( 1536): [0145]< GET_CURRENT_CALLS {[id=1,ACTIVE,toa=129,norm,mo,als=0,voc,noevp,13182827869,cli=0,name='(null)',0][id=2,WAITING,toa=161,norm,mt,als=0,voc,noevp,18913956595,cli=0,name='(null)',0}
04-18 14:22:58.329 D/RILJ    ( 1653): InCall VoicePrivacy is disabled
04-18 14:22:58.329 D/RILJ    ( 1653): InCall VoicePrivacy is disabled
04-18 14:22:58.329 D/RILJ    ( 1653): [0145]< GET_CURRENT_CALLS  [id=1,ACTIVE,toa=129,norm,mo,0,voc,noevp,,cli=1,,0] [id=2,WAITING,toa=161,norm,mt,0,voc,noevp,,cli=1,,0] 
04-18 14:22:58.339 D/GSM     ( 1653): [GSMConn] update: parent=ACTIVE, hasNewParent=false, wasConnectingInOrOut=false, wasHolding=false, isConnectingInOrOut=false, changed=false
04-18 14:22:58.339 D/GSM     ( 1653): [GSMConn] update: parent=WAITING, hasNewParent=false, wasConnectingInOrOut=true, wasHolding=false, isConnectingInOrOut=true, changed=false
04-18 14:22:58.599 D/RILC    ( 1536): [UNSL]< UNSOL_RESPONSE_CALL_STATE_CHANGED 
04-18 14:22:58.599 D/RILJ    ( 1653): [UNSL]< UNSOL_RESPONSE_CALL_STATE_CHANGED
04-18 14:22:58.649 D/RILJ    ( 1653): [0146]> GET_CURRENT_CALLS
04-18 14:22:58.649 D/RILC    ( 1536): [0146]> GET_CURRENT_CALLS 
04-18 14:22:58.649 D/RIL     ( 1536): onRequest: GET_CURRENT_CALLS
04-18 14:22:58.649 D/AT      ( 1536): AT> AT+CLCC
04-18 14:22:58.659 D/AT      ( 1536): AT< +CLCC: 1,0,0,0,0,"13182827869",129
04-18 14:22:58.659 D/AT      ( 1536): AT< +CLCC: 2,1,5,0,0,"18913956595",161
04-18 14:22:58.659 D/AT      ( 1536): AT< OK
04-18 14:22:58.659 D/RILC    ( 1536): [0146]< GET_CURRENT_CALLS {[id=1,ACTIVE,toa=129,norm,mo,als=0,voc,noevp,13182827869,cli=0,name='(null)',0][id=2,WAITING,toa=161,norm,mt,als=0,voc,noevp,18913956595,cli=0,name='(null)',0}
04-18 14:22:58.659 D/RILJ    ( 1653): InCall VoicePrivacy is disabled
04-18 14:22:58.659 D/RILJ    ( 1653): InCall VoicePrivacy is disabled
04-18 14:22:58.669 D/RILJ    ( 1653): [0146]< GET_CURRENT_CALLS  [id=1,ACTIVE,toa=129,norm,mo,0,voc,noevp,,cli=1,,0] [id=2,WAITING,toa=161,norm,mt,0,voc,noevp,,cli=1,,0] 
04-18 14:22:58.689 D/GSM     ( 1653): [GSMConn] update: parent=ACTIVE, hasNewParent=false, wasConnectingInOrOut=false, wasHolding=false, isConnectingInOrOut=false, changed=false
04-18 14:22:58.689 D/GSM     ( 1653): [GSMConn] update: parent=WAITING, hasNewParent=false, wasConnectingInOrOut=true, wasHolding=false, isConnectingInOrOut=true, changed=false
04-18 14:22:58.739 D/RILC    ( 1536): [UNSL]< UNSOL_RESPONSE_CALL_STATE_CHANGED 
04-18 14:22:58.739 D/RILJ    ( 1653): [UNSL]< UNSOL_RESPONSE_CALL_STATE_CHANGED
04-18 14:22:58.759 D/RILJ    ( 1653): [0147]> GET_CURRENT_CALLS
04-18 14:22:58.769 D/RILC    ( 1536): [0147]> GET_CURRENT_CALLS 
04-18 14:22:58.769 D/RIL     ( 1536): onRequest: GET_CURRENT_CALLS
04-18 14:22:58.769 D/AT      ( 1536): AT> AT+CLCC
04-18 14:22:58.769 D/AT      ( 1536): AT< +CLCC: 1,0,0,0,0,"13182827869",129
04-18 14:22:58.769 D/AT      ( 1536): AT< +CLCC: 2,1,5,0,0,"18913956595",161
04-18 14:22:58.769 D/AT      ( 1536): AT< OK
04-18 14:22:58.769 D/RILC    ( 1536): [0147]< GET_CURRENT_CALLS {[id=1,ACTIVE,toa=129,norm,mo,als=0,voc,noevp,13182827869,cli=0,name='(null)',0][id=2,WAITING,toa=161,norm,mt,als=0,voc,noevp,18913956595,cli=0,name='(null)',0}
04-18 14:22:58.769 D/RILJ    ( 1653): InCall VoicePrivacy is disabled
04-18 14:22:58.779 D/RILJ    ( 1653): InCall VoicePrivacy is disabled
04-18 14:22:58.779 D/RILJ    ( 1653): [0147]< GET_CURRENT_CALLS  [id=1,ACTIVE,toa=129,norm,mo,0,voc,noevp,,cli=1,,0] [id=2,WAITING,toa=161,norm,mt,0,voc,noevp,,cli=1,,0] 
04-18 14:22:58.779 D/RILC    ( 1536): [UNSL]< UNSOL_RESPONSE_CALL_STATE_CHANGED 
04-18 14:22:58.789 D/RILJ    ( 1653): [UNSL]< UNSOL_RESPONSE_CALL_STATE_CHANGED
04-18 14:22:58.799 D/GSM     ( 1653): [GSMConn] update: parent=ACTIVE, hasNewParent=false, wasConnectingInOrOut=false, wasHolding=false, isConnectingInOrOut=false, changed=false
04-18 14:22:58.799 D/GSM     ( 1653): [GSMConn] update: parent=WAITING, hasNewParent=false, wasConnectingInOrOut=true, wasHolding=false, isConnectingInOrOut=true, changed=false
04-18 14:22:58.799 D/RILJ    ( 1653): [0148]> GET_CURRENT_CALLS
04-18 14:22:58.809 D/RILC    ( 1536): [0148]> GET_CURRENT_CALLS 
04-18 14:22:58.809 D/RIL     ( 1536): onRequest: GET_CURRENT_CALLS
04-18 14:22:58.809 D/AT      ( 1536): AT> AT+CLCC
04-18 14:22:58.809 D/AT      ( 1536): AT< +CLCC: 1,0,0,0,0,"13182827869",129
04-18 14:22:58.819 D/AT      ( 1536): AT< +CLCC: 2,1,5,0,0,"18913956595",161
04-18 14:22:58.819 D/AT      ( 1536): AT< OK
04-18 14:22:58.819 D/RILC    ( 1536): [0148]< GET_CURRENT_CALLS {[id=1,ACTIVE,toa=129,norm,mo,als=0,voc,noevp,13182827869,cli=0,name='(null)',0][id=2,WAITING,toa=161,norm,mt,als=0,voc,noevp,18913956595,cli=0,name='(null)',0}
04-18 14:22:58.819 D/RILJ    ( 1653): InCall VoicePrivacy is disabled
04-18 14:22:58.819 D/RILJ    ( 1653): InCall VoicePrivacy is disabled
04-18 14:22:58.829 D/RILJ    ( 1653): [0148]< GET_CURRENT_CALLS  [id=1,ACTIVE,toa=129,norm,mo,0,voc,noevp,,cli=1,,0] [id=2,WAITING,toa=161,norm,mt,0,voc,noevp,,cli=1,,0] 
04-18 14:22:58.829 D/RILC    ( 1536): [UNSL]< UNSOL_RESPONSE_CALL_STATE_CHANGED 
04-18 14:22:58.839 D/RILJ    ( 1653): [UNSL]< UNSOL_RESPONSE_CALL_STATE_CHANGED
04-18 14:22:58.859 D/GSM     ( 1653): [GSMConn] update: parent=ACTIVE, hasNewParent=false, wasConnectingInOrOut=false, wasHolding=false, isConnectingInOrOut=false, changed=false
04-18 14:22:58.859 D/GSM     ( 1653): [GSMConn] update: parent=WAITING, hasNewParent=false, wasConnectingInOrOut=true, wasHolding=false, isConnectingInOrOut=true, changed=false
04-18 14:22:58.859 D/RILJ    ( 1653): [0149]> GET_CURRENT_CALLS
04-18 14:22:58.859 D/RILC    ( 1536): [0149]> GET_CURRENT_CALLS 
04-18 14:22:58.859 D/RIL     ( 1536): onRequest: GET_CURRENT_CALLS
04-18 14:22:58.859 D/AT      ( 1536): AT> AT+CLCC
04-18 14:22:58.869 D/AT      ( 1536): AT< +CLCC: 1,0,0,0,0,"13182827869",129
04-18 14:22:58.869 D/AT      ( 1536): AT< +CLCC: 2,1,5,0,0,"18913956595",161
04-18 14:22:58.869 D/AT      ( 1536): AT< OK
04-18 14:22:58.869 D/RILC    ( 1536): [0149]< GET_CURRENT_CALLS {[id=1,ACTIVE,toa=129,norm,mo,als=0,voc,noevp,13182827869,cli=0,name='(null)',0][id=2,WAITING,toa=161,norm,mt,als=0,voc,noevp,18913956595,cli=0,name='(null)',0}
04-18 14:22:58.869 D/RILJ    ( 1653): InCall VoicePrivacy is disabled
04-18 14:22:58.869 D/RILJ    ( 1653): InCall VoicePrivacy is disabled
04-18 14:22:58.869 D/RILJ    ( 1653): [0149]< GET_CURRENT_CALLS  [id=1,ACTIVE,toa=129,norm,mo,0,voc,noevp,,cli=1,,0] [id=2,WAITING,toa=161,norm,mt,0,voc,noevp,,cli=1,,0] 
04-18 14:22:58.899 D/GSM     ( 1653): [GSMConn] update: parent=ACTIVE, hasNewParent=false, wasConnectingInOrOut=false, wasHolding=false, isConnectingInOrOut=false, changed=false
04-18 14:22:58.899 D/GSM     ( 1653): [GSMConn] update: parent=WAITING, hasNewParent=false, wasConnectingInOrOut=true, wasHolding=false, isConnectingInOrOut=true, changed=false
04-18 14:22:59.159 D/RILC    ( 1536): [UNSL]< UNSOL_RESPONSE_CALL_STATE_CHANGED 
04-18 14:22:59.159 D/RILJ    ( 1653): [UNSL]< UNSOL_RESPONSE_CALL_STATE_CHANGED
04-18 14:22:59.169 D/RILJ    ( 1653): [0150]> GET_CURRENT_CALLS
04-18 14:22:59.179 D/RILC    ( 1536): [0150]> GET_CURRENT_CALLS 
04-18 14:22:59.179 D/RIL     ( 1536): onRequest: GET_CURRENT_CALLS
04-18 14:22:59.179 D/AT      ( 1536): AT> AT+CLCC
04-18 14:22:59.179 D/AT      ( 1536): AT< +CLCC: 1,0,0,0,0,"13182827869",129
04-18 14:22:59.179 D/AT      ( 1536): AT< +CLCC: 2,1,5,0,0,"18913956595",161
04-18 14:22:59.179 D/AT      ( 1536): AT< OK
04-18 14:22:59.179 D/RILC    ( 1536): [0150]< GET_CURRENT_CALLS {[id=1,ACTIVE,toa=129,norm,mo,als=0,voc,noevp,13182827869,cli=0,name='(null)',0][id=2,WAITING,toa=161,norm,mt,als=0,voc,noevp,18913956595,cli=0,name='(null)',0}
04-18 14:22:59.179 D/RILJ    ( 1653): InCall VoicePrivacy is disabled
04-18 14:22:59.179 D/RILJ    ( 1653): InCall VoicePrivacy is disabled
04-18 14:22:59.179 D/RILJ    ( 1653): [0150]< GET_CURRENT_CALLS  [id=1,ACTIVE,toa=129,norm,mo,0,voc,noevp,,cli=1,,0] [id=2,WAITING,toa=161,norm,mt,0,voc,noevp,,cli=1,,0] 
04-18 14:22:59.199 D/GSM     ( 1653): [GSMConn] update: parent=ACTIVE, hasNewParent=false, wasConnectingInOrOut=false, wasHolding=false, isConnectingInOrOut=false, changed=false
04-18 14:22:59.199 D/GSM     ( 1653): [GSMConn] update: parent=WAITING, hasNewParent=false, wasConnectingInOrOut=true, wasHolding=false, isConnectingInOrOut=true, changed=false
04-18 14:22:59.279 D/RILC    ( 1536): [UNSL]< UNSOL_RESPONSE_CALL_STATE_CHANGED 
04-18 14:22:59.279 D/RILJ    ( 1653): [UNSL]< UNSOL_RESPONSE_CALL_STATE_CHANGED
04-18 14:22:59.299 D/RILJ    ( 1653): [0151]> GET_CURRENT_CALLS
04-18 14:22:59.299 D/RILC    ( 1536): [0151]> GET_CURRENT_CALLS 
04-18 14:22:59.299 D/RIL     ( 1536): onRequest: GET_CURRENT_CALLS
04-18 14:22:59.299 D/AT      ( 1536): AT> AT+CLCC
04-18 14:22:59.299 D/AT      ( 1536): AT< +CLCC: 1,0,0,0,0,"13182827869",129
04-18 14:22:59.299 D/AT      ( 1536): AT< +CLCC: 2,1,5,0,0,"18913956595",161
04-18 14:22:59.299 D/AT      ( 1536): AT< OK
04-18 14:22:59.299 D/RILC    ( 1536): [0151]< GET_CURRENT_CALLS {[id=1,ACTIVE,toa=129,norm,mo,als=0,voc,noevp,13182827869,cli=0,name='(null)',0][id=2,WAITING,toa=161,norm,mt,als=0,voc,noevp,18913956595,cli=0,name='(null)',0}
04-18 14:22:59.309 D/RILJ    ( 1653): InCall VoicePrivacy is disabled
04-18 14:22:59.309 D/RILJ    ( 1653): InCall VoicePrivacy is disabled
04-18 14:22:59.309 D/RILJ    ( 1653): [0151]< GET_CURRENT_CALLS  [id=1,ACTIVE,toa=129,norm,mo,0,voc,noevp,,cli=1,,0] [id=2,WAITING,toa=161,norm,mt,0,voc,noevp,,cli=1,,0] 
04-18 14:22:59.329 D/GSM     ( 1653): [GSMConn] update: parent=ACTIVE, hasNewParent=false, wasConnectingInOrOut=false, wasHolding=false, isConnectingInOrOut=false, changed=false
04-18 14:22:59.329 D/RILC    ( 1536): [UNSL]< UNSOL_RESPONSE_CALL_STATE_CHANGED 
04-18 14:22:59.329 D/RILJ    ( 1653): [UNSL]< UNSOL_RESPONSE_CALL_STATE_CHANGED
04-18 14:22:59.329 D/GSM     ( 1653): [GSMConn] update: parent=WAITING, hasNewParent=false, wasConnectingInOrOut=true, wasHolding=false, isConnectingInOrOut=true, changed=false
04-18 14:22:59.349 D/RILJ    ( 1653): [0152]> GET_CURRENT_CALLS
04-18 14:22:59.349 D/RILC    ( 1536): [0152]> GET_CURRENT_CALLS 
04-18 14:22:59.349 D/RIL     ( 1536): onRequest: GET_CURRENT_CALLS
04-18 14:22:59.349 D/AT      ( 1536): AT> AT+CLCC
04-18 14:22:59.349 D/AT      ( 1536): AT< +CLCC: 1,0,0,0,0,"13182827869",129
04-18 14:22:59.359 D/AT      ( 1536): AT< +CLCC: 2,1,5,0,0,"18913956595",161
04-18 14:22:59.359 D/AT      ( 1536): AT< OK
04-18 14:22:59.359 D/RILC    ( 1536): [0152]< GET_CURRENT_CALLS {[id=1,ACTIVE,toa=129,norm,mo,als=0,voc,noevp,13182827869,cli=0,name='(null)',0][id=2,WAITING,toa=161,norm,mt,als=0,voc,noevp,18913956595,cli=0,name='(null)',0}
04-18 14:22:59.359 D/RILJ    ( 1653): InCall VoicePrivacy is disabled
04-18 14:22:59.359 D/RILJ    ( 1653): InCall VoicePrivacy is disabled
04-18 14:22:59.359 D/RILJ    ( 1653): [0152]< GET_CURRENT_CALLS  [id=1,ACTIVE,toa=129,norm,mo,0,voc,noevp,,cli=1,,0] [id=2,WAITING,toa=161,norm,mt,0,voc,noevp,,cli=1,,0] 
04-18 14:22:59.369 D/RILC    ( 1536): [UNSL]< UNSOL_RESPONSE_CALL_STATE_CHANGED 
04-18 14:22:59.379 D/RILJ    ( 1653): [UNSL]< UNSOL_RESPONSE_CALL_STATE_CHANGED
04-18 14:22:59.399 D/GSM     ( 1653): [GSMConn] update: parent=ACTIVE, hasNewParent=false, wasConnectingInOrOut=false, wasHolding=false, isConnectingInOrOut=false, changed=false
04-18 14:22:59.399 D/GSM     ( 1653): [GSMConn] update: parent=WAITING, hasNewParent=false, wasConnectingInOrOut=true, wasHolding=false, isConnectingInOrOut=true, changed=false
04-18 14:22:59.399 D/RILJ    ( 1653): [0153]> GET_CURRENT_CALLS
04-18 14:22:59.399 D/RILC    ( 1536): [0153]> GET_CURRENT_CALLS 
04-18 14:22:59.399 D/RIL     ( 1536): onRequest: GET_CURRENT_CALLS
04-18 14:22:59.399 D/AT      ( 1536): AT> AT+CLCC
04-18 14:22:59.409 D/AT      ( 1536): AT< +CLCC: 1,0,0,0,0,"13182827869",129
04-18 14:22:59.409 D/AT      ( 1536): AT< +CLCC: 2,1,5,0,0,"18913956595",161
04-18 14:22:59.409 D/AT      ( 1536): AT< OK
04-18 14:22:59.409 D/RILC    ( 1536): [0153]< GET_CURRENT_CALLS {[id=1,ACTIVE,toa=129,norm,mo,als=0,voc,noevp,13182827869,cli=0,name='(null)',0][id=2,WAITING,toa=161,norm,mt,als=0,voc,noevp,18913956595,cli=0,name='(null)',0}
04-18 14:22:59.409 D/RILJ    ( 1653): InCall VoicePrivacy is disabled
04-18 14:22:59.409 D/RILJ    ( 1653): InCall VoicePrivacy is disabled
04-18 14:22:59.409 D/RILJ    ( 1653): [0153]< GET_CURRENT_CALLS  [id=1,ACTIVE,toa=129,norm,mo,0,voc,noevp,,cli=1,,0] [id=2,WAITING,toa=161,norm,mt,0,voc,noevp,,cli=1,,0] 
04-18 14:22:59.439 D/GSM     ( 1653): [GSMConn] update: parent=ACTIVE, hasNewParent=false, wasConnectingInOrOut=false, wasHolding=false, isConnectingInOrOut=false, changed=false
04-18 14:22:59.439 D/GSM     ( 1653): [GSMConn] update: parent=WAITING, hasNewParent=false, wasConnectingInOrOut=true, wasHolding=false, isConnectingInOrOut=true, changed=false
04-18 14:22:59.679 D/RILC    ( 1536): [UNSL]< UNSOL_RESPONSE_CALL_STATE_CHANGED 
04-18 14:22:59.679 D/RILJ    ( 1653): [UNSL]< UNSOL_RESPONSE_CALL_STATE_CHANGED
04-18 14:22:59.699 D/RILJ    ( 1653): [0154]> GET_CURRENT_CALLS
04-18 14:22:59.709 D/RILC    ( 1536): [0154]> GET_CURRENT_CALLS 
04-18 14:22:59.709 D/RIL     ( 1536): onRequest: GET_CURRENT_CALLS
04-18 14:22:59.709 D/AT      ( 1536): AT> AT+CLCC
04-18 14:22:59.709 D/AT      ( 1536): AT< +CLCC: 1,0,0,0,0,"13182827869",129
04-18 14:22:59.709 D/AT      ( 1536): AT< +CLCC: 2,1,5,0,0,"18913956595",161
04-18 14:22:59.709 D/AT      ( 1536): AT< OK
04-18 14:22:59.709 D/RILC    ( 1536): [0154]< GET_CURRENT_CALLS {[id=1,ACTIVE,toa=129,norm,mo,als=0,voc,noevp,13182827869,cli=0,name='(null)',0][id=2,WAITING,toa=161,norm,mt,als=0,voc,noevp,18913956595,cli=0,name='(null)',0}
04-18 14:22:59.719 D/RILJ    ( 1653): InCall VoicePrivacy is disabled
04-18 14:22:59.719 D/RILJ    ( 1653): InCall VoicePrivacy is disabled
04-18 14:22:59.729 D/RILJ    ( 1653): [0154]< GET_CURRENT_CALLS  [id=1,ACTIVE,toa=129,norm,mo,0,voc,noevp,,cli=1,,0] [id=2,WAITING,toa=161,norm,mt,0,voc,noevp,,cli=1,,0] 
04-18 14:22:59.809 D/RILC    ( 1536): [UNSL]< UNSOL_RESPONSE_CALL_STATE_CHANGED 
04-18 14:22:59.809 D/RILJ    ( 1653): [UNSL]< UNSOL_RESPONSE_CALL_STATE_CHANGED
04-18 14:22:59.819 D/GSM     ( 1653): [GSMConn] update: parent=ACTIVE, hasNewParent=false, wasConnectingInOrOut=false, wasHolding=false, isConnectingInOrOut=false, changed=false
04-18 14:22:59.829 D/GSM     ( 1653): [GSMConn] update: parent=WAITING, hasNewParent=false, wasConnectingInOrOut=true, wasHolding=false, isConnectingInOrOut=true, changed=false
04-18 14:22:59.849 D/RILJ    ( 1653): [0155]> GET_CURRENT_CALLS
04-18 14:22:59.859 D/RILC    ( 1536): [UNSL]< UNSOL_RESPONSE_CALL_STATE_CHANGED 
04-18 14:22:59.859 D/RILJ    ( 1653): [UNSL]< UNSOL_RESPONSE_CALL_STATE_CHANGED
04-18 14:22:59.859 D/RILC    ( 1536): [0155]> GET_CURRENT_CALLS 
04-18 14:22:59.859 D/RIL     ( 1536): onRequest: GET_CURRENT_CALLS
04-18 14:22:59.859 D/AT      ( 1536): AT> AT+CLCC
04-18 14:22:59.869 D/AT      ( 1536): AT< +CLCC: 1,0,0,0,0,"13182827869",129
04-18 14:22:59.869 D/AT      ( 1536): AT< +CLCC: 2,1,5,0,0,"18913956595",161
04-18 14:22:59.869 D/AT      ( 1536): AT< OK
04-18 14:22:59.869 D/RILC    ( 1536): [0155]< GET_CURRENT_CALLS {[id=1,ACTIVE,toa=129,norm,mo,als=0,voc,noevp,13182827869,cli=0,name='(null)',0][id=2,WAITING,toa=161,norm,mt,als=0,voc,noevp,18913956595,cli=0,name='(null)',0}
04-18 14:22:59.869 D/RILJ    ( 1653): InCall VoicePrivacy is disabled
04-18 14:22:59.869 D/RILJ    ( 1653): InCall VoicePrivacy is disabled
04-18 14:22:59.869 D/RILJ    ( 1653): [0155]< GET_CURRENT_CALLS  [id=1,ACTIVE,toa=129,norm,mo,0,voc,noevp,,cli=1,,0] [id=2,WAITING,toa=161,norm,mt,0,voc,noevp,,cli=1,,0] 
04-18 14:22:59.889 D/RILJ    ( 1653): [0156]> GET_CURRENT_CALLS
04-18 14:22:59.899 D/RILC    ( 1536): [0156]> GET_CURRENT_CALLS 
04-18 14:22:59.899 D/RIL     ( 1536): onRequest: GET_CURRENT_CALLS
04-18 14:22:59.899 D/AT      ( 1536): AT> AT+CLCC
04-18 14:22:59.899 D/AT      ( 1536): AT< +CLCC: 1,0,0,0,0,"13182827869",129
04-18 14:22:59.899 D/AT      ( 1536): AT< +CLCC: 2,1,5,0,0,"18913956595",161
04-18 14:22:59.899 D/AT      ( 1536): AT< OK
04-18 14:22:59.899 D/RILC    ( 1536): [0156]< GET_CURRENT_CALLS {[id=1,ACTIVE,toa=129,norm,mo,als=0,voc,noevp,13182827869,cli=0,name='(null)',0][id=2,WAITING,toa=161,norm,mt,als=0,voc,noevp,18913956595,cli=0,name='(null)',0}
04-18 14:22:59.899 D/RILJ    ( 1653): InCall VoicePrivacy is disabled
04-18 14:22:59.899 D/RILJ    ( 1653): InCall VoicePrivacy is disabled
04-18 14:22:59.899 D/RILJ    ( 1653): [0156]< GET_CURRENT_CALLS  [id=1,ACTIVE,toa=129,norm,mo,0,voc,noevp,,cli=1,,0] [id=2,WAITING,toa=161,norm,mt,0,voc,noevp,,cli=1,,0] 
04-18 14:22:59.919 D/RILC    ( 1536): [UNSL]< UNSOL_RESPONSE_CALL_STATE_CHANGED 
04-18 14:22:59.919 D/RILJ    ( 1653): [UNSL]< UNSOL_RESPONSE_CALL_STATE_CHANGED
04-18 14:22:59.939 D/GSM     ( 1653): [GSMConn] update: parent=ACTIVE, hasNewParent=false, wasConnectingInOrOut=false, wasHolding=false, isConnectingInOrOut=false, changed=false
04-18 14:22:59.939 D/GSM     ( 1653): [GSMConn] update: parent=WAITING, hasNewParent=false, wasConnectingInOrOut=true, wasHolding=false, isConnectingInOrOut=true, changed=false
04-18 14:22:59.949 D/RILJ    ( 1653): [0157]> GET_CURRENT_CALLS
04-18 14:22:59.959 D/RILC    ( 1536): [0157]> GET_CURRENT_CALLS 
04-18 14:22:59.959 D/RIL     ( 1536): onRequest: GET_CURRENT_CALLS
04-18 14:22:59.959 D/AT      ( 1536): AT> AT+CLCC
04-18 14:22:59.959 D/AT      ( 1536): AT< +CLCC: 1,0,0,0,0,"13182827869",129
04-18 14:22:59.959 D/AT      ( 1536): AT< +CLCC: 2,1,5,0,0,"18913956595",161
04-18 14:22:59.959 D/AT      ( 1536): AT< OK
04-18 14:22:59.959 D/RILC    ( 1536): [0157]< GET_CURRENT_CALLS {[id=1,ACTIVE,toa=129,norm,mo,als=0,voc,noevp,13182827869,cli=0,name='(null)',0][id=2,WAITING,toa=161,norm,mt,als=0,voc,noevp,18913956595,cli=0,name='(null)',0}
04-18 14:22:59.959 D/RILJ    ( 1653): InCall VoicePrivacy is disabled
04-18 14:22:59.959 D/RILJ    ( 1653): InCall VoicePrivacy is disabled
04-18 14:22:59.969 D/RILJ    ( 1653): [0157]< GET_CURRENT_CALLS  [id=1,ACTIVE,toa=129,norm,mo,0,voc,noevp,,cli=1,,0] [id=2,WAITING,toa=161,norm,mt,0,voc,noevp,,cli=1,,0] 
04-18 14:22:59.989 D/GSM     ( 1653): [GSMConn] update: parent=ACTIVE, hasNewParent=false, wasConnectingInOrOut=false, wasHolding=false, isConnectingInOrOut=false, changed=false
04-18 14:23:00.019 D/GSM     ( 1653): [GSMConn] update: parent=WAITING, hasNewParent=false, wasConnectingInOrOut=true, wasHolding=false, isConnectingInOrOut=true, changed=false
04-18 14:23:00.119 D/RILJ    ( 1653): [0158]> SET_MUTE false
04-18 14:23:00.129 D/RILC    ( 1536): [0158]> SET_MUTE (0)
04-18 14:23:00.129 D/RIL     ( 1536): onRequest: SET_MUTE
04-18 14:23:00.129 D/AT      ( 1536): AT> AT+CMUT=0
04-18 14:23:00.129 D/AT      ( 1536): AT< OK
04-18 14:23:00.129 D/RILC    ( 1536): [0158]< SET_MUTE
04-18 14:23:00.129 D/RILJ    ( 1653): [0158]< SET_MUTE 
04-18 14:23:00.129 D/RILJ    ( 1653): [0159]> REQUEST_SWITCH_WAITING_OR_HOLDING_AND_ACTIVE
04-18 14:23:00.139 D/RILC    ( 1536): [0159]> SWITCH_WAITING_OR_HOLDING_AND_ACTIVE 
04-18 14:23:00.139 D/RIL     ( 1536): onRequest: SWITCH_WAITING_OR_HOLDING_AND_ACTIVE
04-18 14:23:00.139 D/AT      ( 1536): AT> AT+CHLD=2
04-18 14:23:00.900 D/AT      ( 1536): AT< OK
04-18 14:23:00.900 D/RILC    ( 1536): [0159]< SWITCH_WAITING_OR_HOLDING_AND_ACTIVE
04-18 14:23:00.900 D/RILC    ( 1536): [UNSL]< UNSOL_RESPONSE_CALL_STATE_CHANGED 
04-18 14:23:00.900 D/RILC    ( 1536): [UNSL]< UNSOL_RESPONSE_CALL_STATE_CHANGED 
04-18 14:23:00.900 D/RILC    ( 1536): [UNSL]< UNSOL_RESPONSE_CALL_STATE_CHANGED 
04-18 14:23:00.900 D/RILC    ( 1536): [UNSL]< UNSOL_RESPONSE_CALL_STATE_CHANGED 
04-18 14:23:00.900 D/RILJ    ( 1653): [0159]< REQUEST_SWITCH_WAITING_OR_HOLDING_AND_ACTIVE 
04-18 14:23:00.919 D/RILJ    ( 1653): [0160]> GET_CURRENT_CALLS
04-18 14:23:00.929 D/RILJ    ( 1653): [UNSL]< UNSOL_RESPONSE_CALL_STATE_CHANGED
04-18 14:23:00.929 D/RILJ    ( 1653): [UNSL]< UNSOL_RESPONSE_CALL_STATE_CHANGED
04-18 14:23:00.929 D/RILJ    ( 1653): [UNSL]< UNSOL_RESPONSE_CALL_STATE_CHANGED
04-18 14:23:00.939 D/RILC    ( 1536): [0160]> GET_CURRENT_CALLS 
04-18 14:23:00.939 D/RIL     ( 1536): onRequest: GET_CURRENT_CALLS
04-18 14:23:00.939 D/AT      ( 1536): AT> AT+CLCC
04-18 14:23:00.939 D/AT      ( 1536): AT< +CLCC: 1,0,1,0,0,"13182827869",129
04-18 14:23:00.939 D/AT      ( 1536): AT< +CLCC: 2,1,0,0,0,"18913956595",161
04-18 14:23:00.939 D/AT      ( 1536): AT< OK
04-18 14:23:00.939 D/RILC    ( 1536): [0160]< GET_CURRENT_CALLS {[id=1,HOLDING,toa=129,norm,mo,als=0,voc,noevp,13182827869,cli=0,name='(null)',0][id=2,ACTIVE,toa=161,norm,mt,als=0,voc,noevp,18913956595,cli=0,name='(null)',0}
04-18 14:23:00.949 D/RILJ    ( 1653): [0161]> GET_CURRENT_CALLS
04-18 14:23:00.969 D/RILC    ( 1536): [0161]> GET_CURRENT_CALLS 
04-18 14:23:00.969 D/RIL     ( 1536): onRequest: GET_CURRENT_CALLS
04-18 14:23:00.969 D/AT      ( 1536): AT> AT+CLCC
04-18 14:23:00.969 D/AT      ( 1536): AT< +CLCC: 1,0,1,0,0,"13182827869",129
04-18 14:23:00.969 D/AT      ( 1536): AT< +CLCC: 2,1,0,0,0,"18913956595",161
04-18 14:23:00.969 D/AT      ( 1536): AT< OK
04-18 14:23:00.969 D/RILC    ( 1536): [0161]< GET_CURRENT_CALLS {[id=1,HOLDING,toa=129,norm,mo,als=0,voc,noevp,13182827869,cli=0,name='(null)',0][id=2,ACTIVE,toa=161,norm,mt,als=0,voc,noevp,18913956595,cli=0,name='(null)',0}
04-18 14:23:00.989 D/RILJ    ( 1653): [0162]> GET_CURRENT_CALLS
04-18 14:23:00.999 D/RILJ    ( 1653): [UNSL]< UNSOL_RESPONSE_CALL_STATE_CHANGED
04-18 14:23:00.999 D/RILC    ( 1536): [0162]> GET_CURRENT_CALLS 
04-18 14:23:00.999 D/RIL     ( 1536): onRequest: GET_CURRENT_CALLS
04-18 14:23:00.999 D/AT      ( 1536): AT> AT+CLCC
04-18 14:23:01.009 D/AT      ( 1536): AT< +CLCC: 1,0,1,0,0,"13182827869",129
04-18 14:23:01.009 D/AT      ( 1536): AT< +CLCC: 2,1,0,0,0,"18913956595",161
04-18 14:23:01.009 D/AT      ( 1536): AT< OK
04-18 14:23:01.009 D/RILC    ( 1536): [0162]< GET_CURRENT_CALLS {[id=1,HOLDING,toa=129,norm,mo,als=0,voc,noevp,13182827869,cli=0,name='(null)',0][id=2,ACTIVE,toa=161,norm,mt,als=0,voc,noevp,18913956595,cli=0,name='(null)',0}
04-18 14:23:01.009 D/RILJ    ( 1653): InCall VoicePrivacy is disabled
04-18 14:23:01.009 D/RILJ    ( 1653): InCall VoicePrivacy is disabled
04-18 14:23:01.009 D/RILJ    ( 1653): [0160]< GET_CURRENT_CALLS  [id=1,HOLDING,toa=129,norm,mo,0,voc,noevp,,cli=1,,0] [id=2,ACTIVE,toa=161,norm,mt,0,voc,noevp,,cli=1,,0] 
04-18 14:23:01.009 D/RILJ    ( 1653): InCall VoicePrivacy is disabled
04-18 14:23:01.019 D/RILJ    ( 1653): [0163]> GET_CURRENT_CALLS
04-18 14:23:01.039 D/RILC    ( 1536): [0163]> GET_CURRENT_CALLS 
04-18 14:23:01.039 D/RIL     ( 1536): onRequest: GET_CURRENT_CALLS
04-18 14:23:01.039 D/AT      ( 1536): AT> AT+CLCC
04-18 14:23:01.039 D/AT      ( 1536): AT< +CLCC: 1,0,1,0,0,"13182827869",129
04-18 14:23:01.039 D/AT      ( 1536): AT< +CLCC: 2,1,0,0,0,"18913956595",161
04-18 14:23:01.039 D/AT      ( 1536): AT< OK
04-18 14:23:01.039 D/RILC    ( 1536): [0163]< GET_CURRENT_CALLS {[id=1,HOLDING,toa=129,norm,mo,als=0,voc,noevp,13182827869,cli=0,name='(null)',0][id=2,ACTIVE,toa=161,norm,mt,als=0,voc,noevp,18913956595,cli=0,name='(null)',0}
04-18 14:23:01.039 D/RILJ    ( 1653): [0164]> GET_CURRENT_CALLS
04-18 14:23:01.069 D/RILJ    ( 1653): InCall VoicePrivacy is disabled
04-18 14:23:01.069 D/RILJ    ( 1653): [0161]< GET_CURRENT_CALLS  [id=1,HOLDING,toa=129,norm,mo,0,voc,noevp,,cli=1,,0] [id=2,ACTIVE,toa=161,norm,mt,0,voc,noevp,,cli=1,,0] 
04-18 14:23:01.079 D/RILC    ( 1536): [0164]> GET_CURRENT_CALLS 
04-18 14:23:01.079 D/RIL     ( 1536): onRequest: GET_CURRENT_CALLS
04-18 14:23:01.079 D/AT      ( 1536): AT> AT+CLCC
04-18 14:23:01.079 D/AT      ( 1536): AT< +CLCC: 1,0,1,0,0,"13182827869",129
04-18 14:23:01.079 D/AT      ( 1536): AT< +CLCC: 2,1,0,0,0,"18913956595",161
04-18 14:23:01.079 D/AT      ( 1536): AT< OK
04-18 14:23:01.079 D/RILC    ( 1536): [0164]< GET_CURRENT_CALLS {[id=1,HOLDING,toa=129,norm,mo,als=0,voc,noevp,13182827869,cli=0,name='(null)',0][id=2,ACTIVE,toa=161,norm,mt,als=0,voc,noevp,18913956595,cli=0,name='(null)',0}
04-18 14:23:01.099 D/RILJ    ( 1653): InCall VoicePrivacy is disabled
04-18 14:23:01.099 D/RILJ    ( 1653): InCall VoicePrivacy is disabled
04-18 14:23:01.099 D/RILJ    ( 1653): [0162]< GET_CURRENT_CALLS  [id=1,HOLDING,toa=129,norm,mo,0,voc,noevp,,cli=1,,0] [id=2,ACTIVE,toa=161,norm,mt,0,voc,noevp,,cli=1,,0] 
04-18 14:23:01.119 D/RILJ    ( 1653): InCall VoicePrivacy is disabled
04-18 14:23:01.119 D/RILJ    ( 1653): InCall VoicePrivacy is disabled
04-18 14:23:01.119 D/RILJ    ( 1653): [0163]< GET_CURRENT_CALLS  [id=1,HOLDING,toa=129,norm,mo,0,voc,noevp,,cli=1,,0] [id=2,ACTIVE,toa=161,norm,mt,0,voc,noevp,,cli=1,,0] 
04-18 14:23:01.129 D/RILJ    ( 1653): InCall VoicePrivacy is disabled
04-18 14:23:01.129 D/RILJ    ( 1653): InCall VoicePrivacy is disabled
04-18 14:23:01.139 D/RILJ    ( 1653): [0164]< GET_CURRENT_CALLS  [id=1,HOLDING,toa=129,norm,mo,0,voc,noevp,,cli=1,,0] [id=2,ACTIVE,toa=161,norm,mt,0,voc,noevp,,cli=1,,0] 
04-18 14:23:01.139 D/GSM     ( 1653): [GSMConn] update: parent=HOLDING, hasNewParent=false, wasConnectingInOrOut=false, wasHolding=false, isConnectingInOrOut=false, changed=true
04-18 14:23:01.139 D/GSM     ( 1653): [GSMConn] update: parent=ACTIVE, hasNewParent=false, wasConnectingInOrOut=true, wasHolding=false, isConnectingInOrOut=false, changed=true
04-18 14:23:01.149 D/GSM     ( 1653): [GSMConn] onConnectedInOrOut: connectTime=1303136581153
04-18 14:23:01.149 D/GSM     ( 1653): [GSMConn] releaseWakeLock
04-18 14:23:01.299 D/RILJ    ( 1653): [0165]> SET_MUTE false
04-18 14:23:01.329 D/RILC    ( 1536): [0165]> SET_MUTE (0)
04-18 14:23:01.329 D/RIL     ( 1536): onRequest: SET_MUTE
04-18 14:23:01.329 D/AT      ( 1536): AT> AT+CMUT=0
04-18 14:23:01.329 D/AT      ( 1536): AT< OK
04-18 14:23:01.329 D/RILC    ( 1536): [0165]< SET_MUTE
04-18 14:23:01.339 D/RILJ    ( 1653): [0165]< SET_MUTE 
04-18 14:23:16.919 D/RILJ    ( 1653): [0166]> SCREEN_STATE: false
04-18 14:23:16.919 D/RILC    ( 1536): [0166]> SCREEN_STATE (0)
04-18 14:23:16.919 D/RIL     ( 1536): onRequest: SCREEN_STATE
04-18 14:23:16.919 D/RILC    ( 1536): [0166]< SCREEN_STATE
04-18 14:23:16.919 D/RILJ    ( 1653): [0166]< SCREEN_STATE 
04-18 14:23:16.949 D/GSM     ( 1653): [DataConnection] Stop poll NetStat
04-18 14:23:16.949 D/GSM     ( 1653): [DataConnection] Start poll NetStat
04-18 14:23:17.282 D/AT      ( 1536): AT< NO CARRIER
04-18 14:23:17.282 D/RILC    ( 1536): [UNSL]< UNSOL_RESPONSE_CALL_STATE_CHANGED 
04-18 14:23:17.282 D/RILJ    ( 1653): [UNSL]< UNSOL_RESPONSE_CALL_STATE_CHANGED
04-18 14:23:17.282 D/RILJ    ( 1653): [0167]> GET_CURRENT_CALLS
04-18 14:23:17.282 D/RILC    ( 1536): [0167]> GET_CURRENT_CALLS 
04-18 14:23:17.282 D/RIL     ( 1536): onRequest: GET_CURRENT_CALLS
04-18 14:23:17.282 D/AT      ( 1536): AT> AT+CLCC
04-18 14:23:17.289 D/AT      ( 1536): AT< +CLCC: 1,0,1,0,0,"13182827869",129
04-18 14:23:17.289 D/AT      ( 1536): AT< OK
04-18 14:23:17.289 D/RILC    ( 1536): [0167]< GET_CURRENT_CALLS {[id=1,HOLDING,toa=129,norm,mo,als=0,voc,noevp,13182827869,cli=0,name='(null)',0}
04-18 14:23:17.289 D/RILJ    ( 1653): InCall VoicePrivacy is disabled
04-18 14:23:17.289 D/RILJ    ( 1653): [0167]< GET_CURRENT_CALLS  [id=1,HOLDING,toa=129,norm,mo,0,voc,noevp,,cli=1,,0] 
04-18 14:23:17.299 D/GSM     ( 1653): [GSMConn] update: parent=HOLDING, hasNewParent=false, wasConnectingInOrOut=false, wasHolding=true, isConnectingInOrOut=false, changed=false
04-18 14:23:17.299 D/RILJ    ( 1653): [0168]> LAST_CALL_FAIL_CAUSE
04-18 14:23:17.309 D/RILC    ( 1536): [0168]> LAST_CALL_FAIL_CAUSE 
04-18 14:23:17.309 D/RIL     ( 1536): onRequest: LAST_CALL_FAIL_CAUSE
04-18 14:23:17.309 D/AT      ( 1536): AT> AT+CEER
04-18 14:23:17.319 D/AT      ( 1536): AT< +CEER: "Cause Select:67 Cause:16"
04-18 14:23:17.319 D/AT      ( 1536): AT< OK
04-18 14:23:17.319 D/RILC    ( 1536): [0168]< LAST_CALL_FAIL_CAUSE {67}
04-18 14:23:17.319 D/RILJ    ( 1653): [0168]< LAST_CALL_FAIL_CAUSE {67}
04-18 14:23:17.329 D/GSM     ( 1653): [GSMConn] onDisconnect: cause=ERROR_UNSPECIFIED
04-18 14:23:17.419 D/RILJ    ( 1653): [0169]> SET_MUTE false
04-18 14:23:17.459 D/RILC    ( 1536): [0169]> SET_MUTE (0)
04-18 14:23:17.459 D/RIL     ( 1536): onRequest: SET_MUTE
04-18 14:23:17.459 D/AT      ( 1536): AT> AT+CMUT=0
04-18 14:23:17.479 D/AT      ( 1536): AT< OK
04-18 14:23:17.479 D/RILC    ( 1536): [0169]< SET_MUTE
04-18 14:23:17.479 D/RILJ    ( 1653): [0169]< SET_MUTE 
04-18 14:23:17.892 D/RILJ    ( 1653): [0170]> SIGNAL_STRENGTH
04-18 14:23:17.899 D/RILC    ( 1536): [0170]> SIGNAL_STRENGTH 
04-18 14:23:17.899 D/RIL     ( 1536): onRequest: SIGNAL_STRENGTH
04-18 14:23:17.899 D/AT      ( 1536): AT> AT+CSQ
04-18 14:23:17.909 D/AT      ( 1536): AT< +CSQ: 21,0
04-18 14:23:17.919 D/AT      ( 1536): AT< OK
04-18 14:23:17.919 D/RILC    ( 1536): [0170]< SIGNAL_STRENGTH {[ 21 0]}
04-18 14:23:17.929 D/RILJ    ( 1653): [0170]< SIGNAL_STRENGTH {21, 0, 0, 0, 0, 0, 0}
04-18 14:23:23.009 D/RILJ    ( 1653): [0171]> SCREEN_STATE: true
04-18 14:23:23.019 D/RILC    ( 1536): [0171]> SCREEN_STATE (1)
04-18 14:23:23.019 D/RIL     ( 1536): onRequest: SCREEN_STATE
04-18 14:23:23.019 D/RILC    ( 1536): [0171]< SCREEN_STATE
04-18 14:23:23.019 D/RILJ    ( 1653): [0171]< SCREEN_STATE 
04-18 14:23:23.119 D/GSM     ( 1653): [DataConnection] Stop poll NetStat
04-18 14:23:23.119 D/GSM     ( 1653): [DataConnection] Start poll NetStat
04-18 14:23:31.809 D/RILJ    ( 1653): [0172]> REQUEST_SWITCH_WAITING_OR_HOLDING_AND_ACTIVE
04-18 14:23:31.819 D/RILC    ( 1536): [0172]> SWITCH_WAITING_OR_HOLDING_AND_ACTIVE 
04-18 14:23:31.819 D/RIL     ( 1536): onRequest: SWITCH_WAITING_OR_HOLDING_AND_ACTIVE
04-18 14:23:31.819 D/AT      ( 1536): AT> AT+CHLD=2
04-18 14:23:32.349 D/AT      ( 1536): AT< OK
04-18 14:23:32.349 D/RILC    ( 1536): [0172]< SWITCH_WAITING_OR_HOLDING_AND_ACTIVE
04-18 14:23:32.349 D/RILJ    ( 1653): [0172]< REQUEST_SWITCH_WAITING_OR_HOLDING_AND_ACTIVE 
04-18 14:23:32.349 D/RILJ    ( 1653): [0173]> GET_CURRENT_CALLS
04-18 14:23:32.359 D/RILC    ( 1536): [0173]> GET_CURRENT_CALLS 
04-18 14:23:32.359 D/RIL     ( 1536): onRequest: GET_CURRENT_CALLS
04-18 14:23:32.359 D/AT      ( 1536): AT> AT+CLCC
04-18 14:23:32.369 D/AT      ( 1536): AT< +CLCC: 1,0,0,0,0,"13182827869",129
04-18 14:23:32.369 D/AT      ( 1536): AT< OK
04-18 14:23:32.369 D/RILC    ( 1536): [0173]< GET_CURRENT_CALLS {[id=1,ACTIVE,toa=129,norm,mo,als=0,voc,noevp,13182827869,cli=0,name='(null)',0}
04-18 14:23:32.369 D/RILJ    ( 1653): InCall VoicePrivacy is disabled
04-18 14:23:32.379 D/RILJ    ( 1653): [0173]< GET_CURRENT_CALLS  [id=1,ACTIVE,toa=129,norm,mo,0,voc,noevp,,cli=1,,0] 
04-18 14:23:32.389 D/GSM     ( 1653): [GSMConn] update: parent=ACTIVE, hasNewParent=false, wasConnectingInOrOut=false, wasHolding=true, isConnectingInOrOut=false, changed=true
04-18 14:23:32.449 D/RILJ    ( 1653): [0174]> SET_MUTE false
04-18 14:23:32.459 D/RILC    ( 1536): [0174]> SET_MUTE (0)
04-18 14:23:32.459 D/RIL     ( 1536): onRequest: SET_MUTE
04-18 14:23:32.459 D/AT      ( 1536): AT> AT+CMUT=0
04-18 14:23:32.459 D/AT      ( 1536): AT< OK
04-18 14:23:32.459 D/RILC    ( 1536): [0174]< SET_MUTE
04-18 14:23:32.459 D/RILJ    ( 1653): [0174]< SET_MUTE 
04-18 14:23:37.960 D/RILJ    ( 1653): [0175]> SIGNAL_STRENGTH
04-18 14:23:37.960 D/RILC    ( 1536): [0175]> SIGNAL_STRENGTH 
04-18 14:23:37.960 D/RIL     ( 1536): onRequest: SIGNAL_STRENGTH
04-18 14:23:37.960 D/AT      ( 1536): AT> AT+CSQ
04-18 14:23:37.960 D/AT      ( 1536): AT< +CSQ: 19,6
04-18 14:23:37.960 D/AT      ( 1536): AT< OK
04-18 14:23:37.960 D/RILC    ( 1536): [0175]< SIGNAL_STRENGTH {[ 19 6]}
04-18 14:23:37.960 D/RILJ    ( 1653): [0175]< SIGNAL_STRENGTH {19, 6, 0, 0, 0, 0, 0}
04-18 14:23:45.089 D/GSM     ( 1653): [GsmCallTracker] hangupForegroundResumeBackground
04-18 14:23:45.089 D/RILJ    ( 1653): [0176]> HANGUP_FOREGROUND_RESUME_BACKGROUND
04-18 14:23:45.109 D/RILC    ( 1536): [0176]> HANGUP_FOREGROUND_RESUME_BACKGROUND 
04-18 14:23:45.109 D/RIL     ( 1536): onRequest: HANGUP_FOREGROUND_RESUME_BACKGROUND
04-18 14:23:45.109 D/AT      ( 1536): AT> AT+CHLD=1
04-18 14:23:45.279 D/RILJ    ( 1653): [0177]> SET_MUTE false
04-18 14:23:45.410 D/AT      ( 1536): AT< OK
04-18 14:23:45.410 D/RILC    ( 1536): [0176]< HANGUP_FOREGROUND_RESUME_BACKGROUND
04-18 14:23:45.410 D/RILC    ( 1536): [0177]> SET_MUTE (0)
04-18 14:23:45.410 D/RIL     ( 1536): onRequest: SET_MUTE
04-18 14:23:45.410 D/AT      ( 1536): AT> AT+CMUT=0
04-18 14:23:45.410 D/RILJ    ( 1653): [0176]< HANGUP_FOREGROUND_RESUME_BACKGROUND 
04-18 14:23:45.410 D/AT      ( 1536): AT< +CME ERROR: 3
04-18 14:23:45.410 D/RILC    ( 1536): [0177]< SET_MUTE fails by E_GENERIC_FAILURE
04-18 14:23:45.410 D/RILJ    ( 1653): [0177]< SET_MUTE error: com.android.internal.telephony.CommandException: GENERIC_FAILURE
04-18 14:23:45.469 D/RILJ    ( 1653): [0178]> GET_CURRENT_CALLS
04-18 14:23:45.479 D/RILC    ( 1536): [0178]> GET_CURRENT_CALLS 
04-18 14:23:45.479 D/RIL     ( 1536): onRequest: GET_CURRENT_CALLS
04-18 14:23:45.479 D/AT      ( 1536): AT> AT+CLCC
04-18 14:23:45.479 D/AT      ( 1536): AT< OK
04-18 14:23:45.479 D/RILC    ( 1536): [0178]< GET_CURRENT_CALLS }
04-18 14:23:45.479 D/RILJ    ( 1653): [0178]< GET_CURRENT_CALLS  
04-18 14:23:45.489 D/GSM     ( 1653): [GSMConn] onDisconnect: cause=LOCAL
04-18 14:23:45.729 D/GSM     ( 1653): GSMDataConnTrack handleMessage { what=15 when=337472 obj=android.os.AsyncResult@43d1fb70 }
04-18 14:23:45.979 D/RILJ    ( 1653): [0179]> SET_MUTE false
04-18 14:23:45.979 D/RILC    ( 1536): [0179]> SET_MUTE (0)
04-18 14:23:45.979 D/RIL     ( 1536): onRequest: SET_MUTE
04-18 14:23:45.979 D/AT      ( 1536): AT> AT+CMUT=0
04-18 14:23:45.989 D/AT      ( 1536): AT< +CME ERROR: 3
04-18 14:23:45.989 D/RILC    ( 1536): [0179]< SET_MUTE fails by E_GENERIC_FAILURE
04-18 14:23:45.989 D/RILJ    ( 1653): [0179]< SET_MUTE error: com.android.internal.telephony.CommandException: GENERIC_FAILURE
04-18 14:23:53.459 D/RILJ    ( 1653): [0180]> SCREEN_STATE: false
04-18 14:23:53.459 D/RILC    ( 1536): [0180]> SCREEN_STATE (0)
04-18 14:23:53.459 D/RIL     ( 1536): onRequest: SCREEN_STATE
04-18 14:23:53.459 D/RILC    ( 1536): [0180]< SCREEN_STATE
04-18 14:23:53.459 D/RILJ    ( 1653): [0180]< SCREEN_STATE 
04-18 14:23:53.469 D/GSM     ( 1653): [DataConnection] Stop poll NetStat
04-18 14:23:53.469 D/GSM     ( 1653): [DataConnection] Start poll NetStat
