04-15 17:58:36.794 D/RILJ    ( 1652): InCall VoicePrivacy is disabled
04-15 17:58:36.794 D/RILJ    ( 1652): [0124]< GET_CURRENT_CALLS  [id=1,ACTIVE,toa=161,norm,mt,0,voc,noevp,,cli=1,,0] [id=2,WAITING,toa=161,norm,mt,0,voc,noevp,,cli=1,,0] 
04-15 17:58:36.804 D/GSM     ( 1652): [GSMConn] update: parent=ACTIVE, hasNewParent=false, wasConnectingInOrOut=false, wasHolding=false, isConnectingInOrOut=false, changed=false
04-15 17:58:36.804 D/GSM     ( 1652): [GSMConn] update: parent=WAITING, hasNewParent=false, wasConnectingInOrOut=true, wasHolding=false, isConnectingInOrOut=true, changed=false
04-15 17:58:37.032 D/RILC    ( 1536): [UNSL]< UNSOL_RESPONSE_CALL_STATE_CHANGED 
04-15 17:58:37.034 D/RILJ    ( 1652): [UNSL]< UNSOL_RESPONSE_CALL_STATE_CHANGED
04-15 17:58:37.034 D/RILJ    ( 1652): [0125]> GET_CURRENT_CALLS
04-15 17:58:37.034 D/RILC    ( 1536): [0125]> GET_CURRENT_CALLS 
04-15 17:58:37.034 D/RIL     ( 1536): onRequest: GET_CURRENT_CALLS
04-15 17:58:37.034 D/AT      ( 1536): AT> AT+CLCC
04-15 17:58:37.034 D/AT      ( 1536): AT< +CLCC: 1,1,0,0,0,"18913956595",161
04-15 17:58:37.034 D/AT      ( 1536): AT< +CLCC: 2,1,5,0,0,"13182827869",161
04-15 17:58:37.034 D/AT      ( 1536): AT< OK
04-15 17:58:37.034 D/RILC    ( 1536): [0125]< GET_CURRENT_CALLS {[id=1,ACTIVE,toa=161,norm,mt,als=0,voc,noevp,18913956595,cli=0,name='(null)',0][id=2,WAITING,toa=161,norm,mt,als=0,voc,noevp,13182827869,cli=0,name='(null)',0}
04-15 17:58:37.044 D/RILJ    ( 1652): InCall VoicePrivacy is disabled
04-15 17:58:37.044 D/RILJ    ( 1652): InCall VoicePrivacy is disabled
04-15 17:58:37.044 D/RILJ    ( 1652): [0125]< GET_CURRENT_CALLS  [id=1,ACTIVE,toa=161,norm,mt,0,voc,noevp,,cli=1,,0] [id=2,WAITING,toa=161,norm,mt,0,voc,noevp,,cli=1,,0] 
04-15 17:58:37.044 D/GSM     ( 1652): [GSMConn] update: parent=ACTIVE, hasNewParent=false, wasConnectingInOrOut=false, wasHolding=false, isConnectingInOrOut=false, changed=false
04-15 17:58:37.044 D/GSM     ( 1652): [GSMConn] update: parent=WAITING, hasNewParent=false, wasConnectingInOrOut=true, wasHolding=false, isConnectingInOrOut=true, changed=false
04-15 17:58:37.114 D/RILC    ( 1536): [UNSL]< UNSOL_RESPONSE_CALL_STATE_CHANGED 
04-15 17:58:37.114 D/RILJ    ( 1652): [UNSL]< UNSOL_RESPONSE_CALL_STATE_CHANGED
04-15 17:58:37.114 D/RILJ    ( 1652): [0126]> GET_CURRENT_CALLS
04-15 17:58:37.124 D/RILC    ( 1536): [0126]> GET_CURRENT_CALLS 
04-15 17:58:37.124 D/RIL     ( 1536): onRequest: GET_CURRENT_CALLS
04-15 17:58:37.124 D/AT      ( 1536): AT> AT+CLCC
04-15 17:58:37.124 D/AT      ( 1536): AT< +CLCC: 1,1,0,0,0,"18913956595",161
04-15 17:58:37.124 D/AT      ( 1536): AT< +CLCC: 2,1,5,0,0,"13182827869",161
04-15 17:58:37.124 D/AT      ( 1536): AT< OK
04-15 17:58:37.124 D/RILC    ( 1536): [0126]< GET_CURRENT_CALLS {[id=1,ACTIVE,toa=161,norm,mt,als=0,voc,noevp,18913956595,cli=0,name='(null)',0][id=2,WAITING,toa=161,norm,mt,als=0,voc,noevp,13182827869,cli=0,name='(null)',0}
04-15 17:58:37.134 D/RILJ    ( 1652): InCall VoicePrivacy is disabled
04-15 17:58:37.134 D/RILJ    ( 1652): InCall VoicePrivacy is disabled
04-15 17:58:37.134 D/RILJ    ( 1652): [0126]< GET_CURRENT_CALLS  [id=1,ACTIVE,toa=161,norm,mt,0,voc,noevp,,cli=1,,0] [id=2,WAITING,toa=161,norm,mt,0,voc,noevp,,cli=1,,0] 
04-15 17:58:37.134 D/GSM     ( 1652): [GSMConn] update: parent=ACTIVE, hasNewParent=false, wasConnectingInOrOut=false, wasHolding=false, isConnectingInOrOut=false, changed=false
04-15 17:58:37.134 D/GSM     ( 1652): [GSMConn] update: parent=WAITING, hasNewParent=false, wasConnectingInOrOut=true, wasHolding=false, isConnectingInOrOut=true, changed=false
04-15 17:58:37.254 D/RILC    ( 1536): [UNSL]< UNSOL_RESPONSE_CALL_STATE_CHANGED 
04-15 17:58:37.254 D/RILJ    ( 1652): [UNSL]< UNSOL_RESPONSE_CALL_STATE_CHANGED
04-15 17:58:37.254 D/RILJ    ( 1652): [0127]> GET_CURRENT_CALLS
04-15 17:58:37.264 D/RILC    ( 1536): [0127]> GET_CURRENT_CALLS 
04-15 17:58:37.264 D/RIL     ( 1536): onRequest: GET_CURRENT_CALLS
04-15 17:58:37.264 D/AT      ( 1536): AT> AT+CLCC
04-15 17:58:37.264 D/AT      ( 1536): AT< +CLCC: 1,1,0,0,0,"18913956595",161
04-15 17:58:37.264 D/AT      ( 1536): AT< +CLCC: 2,1,5,0,0,"13182827869",161
04-15 17:58:37.264 D/AT      ( 1536): AT< OK
04-15 17:58:37.264 D/RILC    ( 1536): [0127]< GET_CURRENT_CALLS {[id=1,ACTIVE,toa=161,norm,mt,als=0,voc,noevp,18913956595,cli=0,name='(null)',0][id=2,WAITING,toa=161,norm,mt,als=0,voc,noevp,13182827869,cli=0,name='(null)',0}
04-15 17:58:37.264 D/RILJ    ( 1652): InCall VoicePrivacy is disabled
04-15 17:58:37.264 D/RILJ    ( 1652): InCall VoicePrivacy is disabled
04-15 17:58:37.274 D/RILJ    ( 1652): [0127]< GET_CURRENT_CALLS  [id=1,ACTIVE,toa=161,norm,mt,0,voc,noevp,,cli=1,,0] [id=2,WAITING,toa=161,norm,mt,0,voc,noevp,,cli=1,,0] 
04-15 17:58:37.274 D/GSM     ( 1652): [GSMConn] update: parent=ACTIVE, hasNewParent=false, wasConnectingInOrOut=false, wasHolding=false, isConnectingInOrOut=false, changed=false
04-15 17:58:37.274 D/GSM     ( 1652): [GSMConn] update: parent=WAITING, hasNewParent=false, wasConnectingInOrOut=true, wasHolding=false, isConnectingInOrOut=true, changed=false
04-15 17:58:37.294 D/RILC    ( 1536): [UNSL]< UNSOL_RESPONSE_CALL_STATE_CHANGED 
04-15 17:58:37.294 D/RILJ    ( 1652): [UNSL]< UNSOL_RESPONSE_CALL_STATE_CHANGED
04-15 17:58:37.294 D/RILJ    ( 1652): [0128]> GET_CURRENT_CALLS
04-15 17:58:37.294 D/RILC    ( 1536): [0128]> GET_CURRENT_CALLS 
04-15 17:58:37.294 D/RIL     ( 1536): onRequest: GET_CURRENT_CALLS
04-15 17:58:37.294 D/AT      ( 1536): AT> AT+CLCC
04-15 17:58:37.304 D/AT      ( 1536): AT< +CLCC: 1,1,0,0,0,"18913956595",161
04-15 17:58:37.304 D/AT      ( 1536): AT< +CLCC: 2,1,5,0,0,"13182827869",161
04-15 17:58:37.304 D/AT      ( 1536): AT< OK
04-15 17:58:37.304 D/RILC    ( 1536): [0128]< GET_CURRENT_CALLS {[id=1,ACTIVE,toa=161,norm,mt,als=0,voc,noevp,18913956595,cli=0,name='(null)',0][id=2,WAITING,toa=161,norm,mt,als=0,voc,noevp,13182827869,cli=0,name='(null)',0}
04-15 17:58:37.304 D/RILJ    ( 1652): InCall VoicePrivacy is disabled
04-15 17:58:37.314 D/RILJ    ( 1652): InCall VoicePrivacy is disabled
04-15 17:58:37.314 D/RILJ    ( 1652): [0128]< GET_CURRENT_CALLS  [id=1,ACTIVE,toa=161,norm,mt,0,voc,noevp,,cli=1,,0] [id=2,WAITING,toa=161,norm,mt,0,voc,noevp,,cli=1,,0] 
04-15 17:58:37.314 D/GSM     ( 1652): [GSMConn] update: parent=ACTIVE, hasNewParent=false, wasConnectingInOrOut=false, wasHolding=false, isConnectingInOrOut=false, changed=false
04-15 17:58:37.314 D/GSM     ( 1652): [GSMConn] update: parent=WAITING, hasNewParent=false, wasConnectingInOrOut=true, wasHolding=false, isConnectingInOrOut=true, changed=false
04-15 17:58:37.544 D/RILC    ( 1536): [UNSL]< UNSOL_RESPONSE_CALL_STATE_CHANGED 
04-15 17:58:37.544 D/RILJ    ( 1652): [UNSL]< UNSOL_RESPONSE_CALL_STATE_CHANGED
04-15 17:58:37.544 D/RILJ    ( 1652): [0129]> GET_CURRENT_CALLS
04-15 17:58:37.544 D/RILC    ( 1536): [0129]> GET_CURRENT_CALLS 
04-15 17:58:37.544 D/RIL     ( 1536): onRequest: GET_CURRENT_CALLS
04-15 17:58:37.544 D/AT      ( 1536): AT> AT+CLCC
04-15 17:58:37.544 D/AT      ( 1536): AT< +CLCC: 1,1,0,0,0,"18913956595",161
04-15 17:58:37.544 D/AT      ( 1536): AT< +CLCC: 2,1,5,0,0,"13182827869",161
04-15 17:58:37.544 D/AT      ( 1536): AT< OK
04-15 17:58:37.554 D/RILC    ( 1536): [0129]< GET_CURRENT_CALLS {[id=1,ACTIVE,toa=161,norm,mt,als=0,voc,noevp,18913956595,cli=0,name='(null)',0][id=2,WAITING,toa=161,norm,mt,als=0,voc,noevp,13182827869,cli=0,name='(null)',0}
04-15 17:58:37.554 D/RILJ    ( 1652): InCall VoicePrivacy is disabled
04-15 17:58:37.554 D/RILJ    ( 1652): InCall VoicePrivacy is disabled
04-15 17:58:37.554 D/RILJ    ( 1652): [0129]< GET_CURRENT_CALLS  [id=1,ACTIVE,toa=161,norm,mt,0,voc,noevp,,cli=1,,0] [id=2,WAITING,toa=161,norm,mt,0,voc,noevp,,cli=1,,0] 
04-15 17:58:37.554 D/GSM     ( 1652): [GSMConn] update: parent=ACTIVE, hasNewParent=false, wasConnectingInOrOut=false, wasHolding=false, isConnectingInOrOut=false, changed=false
04-15 17:58:37.554 D/GSM     ( 1652): [GSMConn] update: parent=WAITING, hasNewParent=false, wasConnectingInOrOut=true, wasHolding=false, isConnectingInOrOut=true, changed=false
04-15 17:58:37.634 D/RILC    ( 1536): [UNSL]< UNSOL_RESPONSE_CALL_STATE_CHANGED 
04-15 17:58:37.634 D/RILJ    ( 1652): [UNSL]< UNSOL_RESPONSE_CALL_STATE_CHANGED
04-15 17:58:37.634 D/RILJ    ( 1652): [0130]> GET_CURRENT_CALLS
04-15 17:58:37.634 D/RILC    ( 1536): [0130]> GET_CURRENT_CALLS 
04-15 17:58:37.634 D/RIL     ( 1536): onRequest: GET_CURRENT_CALLS
04-15 17:58:37.634 D/AT      ( 1536): AT> AT+CLCC
04-15 17:58:37.634 D/AT      ( 1536): AT< +CLCC: 1,1,0,0,0,"18913956595",161
04-15 17:58:37.634 D/AT      ( 1536): AT< +CLCC: 2,1,5,0,0,"13182827869",161
04-15 17:58:37.634 D/AT      ( 1536): AT< OK
04-15 17:58:37.634 D/RILC    ( 1536): [0130]< GET_CURRENT_CALLS {[id=1,ACTIVE,toa=161,norm,mt,als=0,voc,noevp,18913956595,cli=0,name='(null)',0][id=2,WAITING,toa=161,norm,mt,als=0,voc,noevp,13182827869,cli=0,name='(null)',0}
04-15 17:58:37.644 D/RILJ    ( 1652): InCall VoicePrivacy is disabled
04-15 17:58:37.644 D/RILJ    ( 1652): InCall VoicePrivacy is disabled
04-15 17:58:37.654 D/RILJ    ( 1652): [0130]< GET_CURRENT_CALLS  [id=1,ACTIVE,toa=161,norm,mt,0,voc,noevp,,cli=1,,0] [id=2,WAITING,toa=161,norm,mt,0,voc,noevp,,cli=1,,0] 
04-15 17:58:37.654 D/GSM     ( 1652): [GSMConn] update: parent=ACTIVE, hasNewParent=false, wasConnectingInOrOut=false, wasHolding=false, isConnectingInOrOut=false, changed=false
04-15 17:58:37.654 D/GSM     ( 1652): [GSMConn] update: parent=WAITING, hasNewParent=false, wasConnectingInOrOut=true, wasHolding=false, isConnectingInOrOut=true, changed=false
04-15 17:58:37.765 D/RILC    ( 1536): [UNSL]< UNSOL_RESPONSE_CALL_STATE_CHANGED 
04-15 17:58:37.765 D/RILJ    ( 1652): [UNSL]< UNSOL_RESPONSE_CALL_STATE_CHANGED
04-15 17:58:37.765 D/RILJ    ( 1652): [0131]> GET_CURRENT_CALLS
04-15 17:58:37.774 D/RILC    ( 1536): [0131]> GET_CURRENT_CALLS 
04-15 17:58:37.774 D/RIL     ( 1536): onRequest: GET_CURRENT_CALLS
04-15 17:58:37.774 D/AT      ( 1536): AT> AT+CLCC
04-15 17:58:37.774 D/AT      ( 1536): AT< +CLCC: 1,1,0,0,0,"18913956595",161
04-15 17:58:37.774 D/AT      ( 1536): AT< +CLCC: 2,1,5,0,0,"13182827869",161
04-15 17:58:37.774 D/AT      ( 1536): AT< OK
04-15 17:58:37.774 D/RILC    ( 1536): [0131]< GET_CURRENT_CALLS {[id=1,ACTIVE,toa=161,norm,mt,als=0,voc,noevp,18913956595,cli=0,name='(null)',0][id=2,WAITING,toa=161,norm,mt,als=0,voc,noevp,13182827869,cli=0,name='(null)',0}
04-15 17:58:37.774 D/RILJ    ( 1652): InCall VoicePrivacy is disabled
04-15 17:58:37.784 D/RILJ    ( 1652): InCall VoicePrivacy is disabled
04-15 17:58:37.784 D/RILJ    ( 1652): [0131]< GET_CURRENT_CALLS  [id=1,ACTIVE,toa=161,norm,mt,0,voc,noevp,,cli=1,,0] [id=2,WAITING,toa=161,norm,mt,0,voc,noevp,,cli=1,,0] 
04-15 17:58:37.784 D/GSM     ( 1652): [GSMConn] update: parent=ACTIVE, hasNewParent=false, wasConnectingInOrOut=false, wasHolding=false, isConnectingInOrOut=false, changed=false
04-15 17:58:37.784 D/GSM     ( 1652): [GSMConn] update: parent=WAITING, hasNewParent=false, wasConnectingInOrOut=true, wasHolding=false, isConnectingInOrOut=true, changed=false
04-15 17:58:37.804 D/RILC    ( 1536): [UNSL]< UNSOL_RESPONSE_CALL_STATE_CHANGED 
04-15 17:58:37.804 D/RILJ    ( 1652): [UNSL]< UNSOL_RESPONSE_CALL_STATE_CHANGED
04-15 17:58:37.804 D/RILJ    ( 1652): [0132]> GET_CURRENT_CALLS
04-15 17:58:37.814 D/RILC    ( 1536): [0132]> GET_CURRENT_CALLS 
04-15 17:58:37.814 D/RIL     ( 1536): onRequest: GET_CURRENT_CALLS
04-15 17:58:37.814 D/AT      ( 1536): AT> AT+CLCC
04-15 17:58:37.814 D/AT      ( 1536): AT< +CLCC: 1,1,0,0,0,"18913956595",161
04-15 17:58:37.814 D/AT      ( 1536): AT< +CLCC: 2,1,5,0,0,"13182827869",161
04-15 17:58:37.814 D/AT      ( 1536): AT< OK
04-15 17:58:37.814 D/RILC    ( 1536): [0132]< GET_CURRENT_CALLS {[id=1,ACTIVE,toa=161,norm,mt,als=0,voc,noevp,18913956595,cli=0,name='(null)',0][id=2,WAITING,toa=161,norm,mt,als=0,voc,noevp,13182827869,cli=0,name='(null)',0}
04-15 17:58:37.824 D/RILJ    ( 1652): InCall VoicePrivacy is disabled
04-15 17:58:37.824 D/RILJ    ( 1652): InCall VoicePrivacy is disabled
04-15 17:58:37.824 D/RILJ    ( 1652): [0132]< GET_CURRENT_CALLS  [id=1,ACTIVE,toa=161,norm,mt,0,voc,noevp,,cli=1,,0] [id=2,WAITING,toa=161,norm,mt,0,voc,noevp,,cli=1,,0] 
04-15 17:58:37.824 D/GSM     ( 1652): [GSMConn] update: parent=ACTIVE, hasNewParent=false, wasConnectingInOrOut=false, wasHolding=false, isConnectingInOrOut=false, changed=false
04-15 17:58:37.834 D/GSM     ( 1652): [GSMConn] update: parent=WAITING, hasNewParent=false, wasConnectingInOrOut=true, wasHolding=false, isConnectingInOrOut=true, changed=false
04-15 17:58:38.024 D/AT      ( 1536): AT< RING
04-15 17:58:38.024 D/RILC    ( 1536): [UNSL]< UNSOL_RESPONSE_CALL_STATE_CHANGED 
04-15 17:58:38.024 D/RILJ    ( 1652): [UNSL]< UNSOL_RESPONSE_CALL_STATE_CHANGED
04-15 17:58:38.024 D/RILJ    ( 1652): [0133]> GET_CURRENT_CALLS
04-15 17:58:38.024 D/AT      ( 1536): AT< +CCWA: "13182827869",161,1,,0
04-15 17:58:38.024 D/RILC    ( 1536): [UNSL]< UNSOL_RESPONSE_CALL_STATE_CHANGED 
04-15 17:58:38.024 D/RILJ    ( 1652): [UNSL]< UNSOL_RESPONSE_CALL_STATE_CHANGED
04-15 17:58:38.034 D/RILC    ( 1536): [0133]> GET_CURRENT_CALLS 
04-15 17:58:38.034 D/RIL     ( 1536): onRequest: GET_CURRENT_CALLS
04-15 17:58:38.034 D/AT      ( 1536): AT> AT+CLCC
04-15 17:58:38.034 D/AT      ( 1536): AT< +CLCC: 1,1,0,0,0,"18913956595",161
04-15 17:58:38.034 D/AT      ( 1536): AT< +CLCC: 2,1,5,0,0,"13182827869",161
04-15 17:58:38.034 D/AT      ( 1536): AT< OK
04-15 17:58:38.034 D/RILC    ( 1536): [0133]< GET_CURRENT_CALLS {[id=1,ACTIVE,toa=161,norm,mt,als=0,voc,noevp,18913956595,cli=0,name='(null)',0][id=2,WAITING,toa=161,norm,mt,als=0,voc,noevp,13182827869,cli=0,name='(null)',0}
04-15 17:58:38.034 D/RILJ    ( 1652): [0134]> GET_CURRENT_CALLS
04-15 17:58:38.044 D/RILJ    ( 1652): InCall VoicePrivacy is disabled
04-15 17:58:38.044 D/RILJ    ( 1652): InCall VoicePrivacy is disabled
04-15 17:58:38.044 D/RILJ    ( 1652): [0133]< GET_CURRENT_CALLS  [id=1,ACTIVE,toa=161,norm,mt,0,voc,noevp,,cli=1,,0] [id=2,WAITING,toa=161,norm,mt,0,voc,noevp,,cli=1,,0] 
04-15 17:58:38.044 D/RILC    ( 1536): [0134]> GET_CURRENT_CALLS 
04-15 17:58:38.044 D/RIL     ( 1536): onRequest: GET_CURRENT_CALLS
04-15 17:58:38.044 D/AT      ( 1536): AT> AT+CLCC
04-15 17:58:38.044 D/AT      ( 1536): AT< +CLCC: 1,1,0,0,0,"18913956595",161
04-15 17:58:38.044 D/AT      ( 1536): AT< +CLCC: 2,1,5,0,0,"13182827869",161
04-15 17:58:38.044 D/AT      ( 1536): AT< OK
04-15 17:58:38.044 D/RILC    ( 1536): [0134]< GET_CURRENT_CALLS {[id=1,ACTIVE,toa=161,norm,mt,als=0,voc,noevp,18913956595,cli=0,name='(null)',0][id=2,WAITING,toa=161,norm,mt,als=0,voc,noevp,13182827869,cli=0,name='(null)',0}
04-15 17:58:38.054 D/RILC    ( 1536): [UNSL]< UNSOL_RESPONSE_CALL_STATE_CHANGED 
04-15 17:58:38.054 D/RILJ    ( 1652): InCall VoicePrivacy is disabled
04-15 17:58:38.054 D/RILJ    ( 1652): InCall VoicePrivacy is disabled
04-15 17:58:38.054 D/RILJ    ( 1652): [0134]< GET_CURRENT_CALLS  [id=1,ACTIVE,toa=161,norm,mt,0,voc,noevp,,cli=1,,0] [id=2,WAITING,toa=161,norm,mt,0,voc,noevp,,cli=1,,0] 
04-15 17:58:38.064 D/GSM     ( 1652): [GSMConn] update: parent=ACTIVE, hasNewParent=false, wasConnectingInOrOut=false, wasHolding=false, isConnectingInOrOut=false, changed=false
04-15 17:58:38.064 D/GSM     ( 1652): [GSMConn] update: parent=WAITING, hasNewParent=false, wasConnectingInOrOut=true, wasHolding=false, isConnectingInOrOut=true, changed=false
04-15 17:58:38.064 D/RILJ    ( 1652): [UNSL]< UNSOL_RESPONSE_CALL_STATE_CHANGED
04-15 17:58:38.064 D/RILJ    ( 1652): [0135]> GET_CURRENT_CALLS
04-15 17:58:38.074 D/RILC    ( 1536): [0135]> GET_CURRENT_CALLS 
04-15 17:58:38.074 D/RIL     ( 1536): onRequest: GET_CURRENT_CALLS
04-15 17:58:38.074 D/AT      ( 1536): AT> AT+CLCC
04-15 17:58:38.084 D/AT      ( 1536): AT< +CLCC: 1,1,0,0,0,"18913956595",161
04-15 17:58:38.084 D/AT      ( 1536): AT< +CLCC: 2,1,5,0,0,"13182827869",161
04-15 17:58:38.084 D/AT      ( 1536): AT< OK
04-15 17:58:38.084 D/RILC    ( 1536): [0135]< GET_CURRENT_CALLS {[id=1,ACTIVE,toa=161,norm,mt,als=0,voc,noevp,18913956595,cli=0,name='(null)',0][id=2,WAITING,toa=161,norm,mt,als=0,voc,noevp,13182827869,cli=0,name='(null)',0}
04-15 17:58:38.084 D/RILJ    ( 1652): InCall VoicePrivacy is disabled
04-15 17:58:38.084 D/RILJ    ( 1652): InCall VoicePrivacy is disabled
04-15 17:58:38.094 D/RILJ    ( 1652): [0135]< GET_CURRENT_CALLS  [id=1,ACTIVE,toa=161,norm,mt,0,voc,noevp,,cli=1,,0] [id=2,WAITING,toa=161,norm,mt,0,voc,noevp,,cli=1,,0] 
04-15 17:58:38.094 D/GSM     ( 1652): [GSMConn] update: parent=ACTIVE, hasNewParent=false, wasConnectingInOrOut=false, wasHolding=false, isConnectingInOrOut=false, changed=false
04-15 17:58:38.094 D/GSM     ( 1652): [GSMConn] update: parent=WAITING, hasNewParent=false, wasConnectingInOrOut=true, wasHolding=false, isConnectingInOrOut=true, changed=false
04-15 17:58:38.144 D/RILC    ( 1536): [UNSL]< UNSOL_RESPONSE_CALL_STATE_CHANGED 
04-15 17:58:38.144 D/RILJ    ( 1652): [UNSL]< UNSOL_RESPONSE_CALL_STATE_CHANGED
04-15 17:58:38.144 D/RILJ    ( 1652): [0136]> GET_CURRENT_CALLS
04-15 17:58:38.144 D/RILC    ( 1536): [0136]> GET_CURRENT_CALLS 
04-15 17:58:38.144 D/RIL     ( 1536): onRequest: GET_CURRENT_CALLS
04-15 17:58:38.144 D/AT      ( 1536): AT> AT+CLCC
04-15 17:58:38.144 D/AT      ( 1536): AT< +CLCC: 1,1,0,0,0,"18913956595",161
04-15 17:58:38.154 D/AT      ( 1536): AT< +CLCC: 2,1,5,0,0,"13182827869",161
04-15 17:58:38.154 D/AT      ( 1536): AT< OK
04-15 17:58:38.154 D/RILC    ( 1536): [0136]< GET_CURRENT_CALLS {[id=1,ACTIVE,toa=161,norm,mt,als=0,voc,noevp,18913956595,cli=0,name='(null)',0][id=2,WAITING,toa=161,norm,mt,als=0,voc,noevp,13182827869,cli=0,name='(null)',0}
04-15 17:58:38.154 D/RILJ    ( 1652): InCall VoicePrivacy is disabled
04-15 17:58:38.154 D/RILJ    ( 1652): InCall VoicePrivacy is disabled
04-15 17:58:38.164 D/RILJ    ( 1652): [0136]< GET_CURRENT_CALLS  [id=1,ACTIVE,toa=161,norm,mt,0,voc,noevp,,cli=1,,0] [id=2,WAITING,toa=161,norm,mt,0,voc,noevp,,cli=1,,0] 
04-15 17:58:38.164 D/GSM     ( 1652): [GSMConn] update: parent=ACTIVE, hasNewParent=false, wasConnectingInOrOut=false, wasHolding=false, isConnectingInOrOut=false, changed=false
04-15 17:58:38.164 D/GSM     ( 1652): [GSMConn] update: parent=WAITING, hasNewParent=false, wasConnectingInOrOut=true, wasHolding=false, isConnectingInOrOut=true, changed=false
04-15 17:58:38.274 D/RILC    ( 1536): [UNSL]< UNSOL_RESPONSE_CALL_STATE_CHANGED 
04-15 17:58:38.274 D/RILJ    ( 1652): [UNSL]< UNSOL_RESPONSE_CALL_STATE_CHANGED
04-15 17:58:38.274 D/RILJ    ( 1652): [0137]> GET_CURRENT_CALLS
04-15 17:58:38.284 D/RILC    ( 1536): [0137]> GET_CURRENT_CALLS 
04-15 17:58:38.284 D/RIL     ( 1536): onRequest: GET_CURRENT_CALLS
04-15 17:58:38.284 D/AT      ( 1536): AT> AT+CLCC
04-15 17:58:38.284 D/AT      ( 1536): AT< +CLCC: 1,1,0,0,0,"18913956595",161
04-15 17:58:38.284 D/AT      ( 1536): AT< +CLCC: 2,1,5,0,0,"13182827869",161
04-15 17:58:38.284 D/AT      ( 1536): AT< OK
04-15 17:58:38.284 D/RILC    ( 1536): [0137]< GET_CURRENT_CALLS {[id=1,ACTIVE,toa=161,norm,mt,als=0,voc,noevp,18913956595,cli=0,name='(null)',0][id=2,WAITING,toa=161,norm,mt,als=0,voc,noevp,13182827869,cli=0,name='(null)',0}
04-15 17:58:38.284 D/RILJ    ( 1652): InCall VoicePrivacy is disabled
04-15 17:58:38.284 D/RILJ    ( 1652): InCall VoicePrivacy is disabled
04-15 17:58:38.284 D/RILJ    ( 1652): [0137]< GET_CURRENT_CALLS  [id=1,ACTIVE,toa=161,norm,mt,0,voc,noevp,,cli=1,,0] [id=2,WAITING,toa=161,norm,mt,0,voc,noevp,,cli=1,,0] 
04-15 17:58:38.294 D/GSM     ( 1652): [GSMConn] update: parent=ACTIVE, hasNewParent=false, wasConnectingInOrOut=false, wasHolding=false, isConnectingInOrOut=false, changed=false
04-15 17:58:38.294 D/GSM     ( 1652): [GSMConn] update: parent=WAITING, hasNewParent=false, wasConnectingInOrOut=true, wasHolding=false, isConnectingInOrOut=true, changed=false
04-15 17:58:38.314 D/RILC    ( 1536): [UNSL]< UNSOL_RESPONSE_CALL_STATE_CHANGED 
04-15 17:58:38.324 D/RILJ    ( 1652): [UNSL]< UNSOL_RESPONSE_CALL_STATE_CHANGED
04-15 17:58:38.324 D/RILJ    ( 1652): [0138]> GET_CURRENT_CALLS
04-15 17:58:38.324 D/RILC    ( 1536): [0138]> GET_CURRENT_CALLS 
04-15 17:58:38.324 D/RIL     ( 1536): onRequest: GET_CURRENT_CALLS
04-15 17:58:38.324 D/AT      ( 1536): AT> AT+CLCC
04-15 17:58:38.324 D/AT      ( 1536): AT< +CLCC: 1,1,0,0,0,"18913956595",161
04-15 17:58:38.324 D/AT      ( 1536): AT< +CLCC: 2,1,5,0,0,"13182827869",161
04-15 17:58:38.324 D/AT      ( 1536): AT< OK
04-15 17:58:38.324 D/RILC    ( 1536): [0138]< GET_CURRENT_CALLS {[id=1,ACTIVE,toa=161,norm,mt,als=0,voc,noevp,18913956595,cli=0,name='(null)',0][id=2,WAITING,toa=161,norm,mt,als=0,voc,noevp,13182827869,cli=0,name='(null)',0}
04-15 17:58:38.334 D/RILJ    ( 1652): InCall VoicePrivacy is disabled
04-15 17:58:38.334 D/RILJ    ( 1652): InCall VoicePrivacy is disabled
04-15 17:58:38.334 D/RILJ    ( 1652): [0138]< GET_CURRENT_CALLS  [id=1,ACTIVE,toa=161,norm,mt,0,voc,noevp,,cli=1,,0] [id=2,WAITING,toa=161,norm,mt,0,voc,noevp,,cli=1,,0] 
04-15 17:58:38.344 D/GSM     ( 1652): [GSMConn] update: parent=ACTIVE, hasNewParent=false, wasConnectingInOrOut=false, wasHolding=false, isConnectingInOrOut=false, changed=false
04-15 17:58:38.344 D/GSM     ( 1652): [GSMConn] update: parent=WAITING, hasNewParent=false, wasConnectingInOrOut=true, wasHolding=false, isConnectingInOrOut=true, changed=false
04-15 17:58:38.536 D/RILC    ( 1536): [UNSL]< UNSOL_RESPONSE_CALL_STATE_CHANGED 
04-15 17:58:38.536 D/RILJ    ( 1652): [UNSL]< UNSOL_RESPONSE_CALL_STATE_CHANGED
04-15 17:58:38.536 D/RILJ    ( 1652): [0139]> GET_CURRENT_CALLS
04-15 17:58:38.544 D/RILC    ( 1536): [0139]> GET_CURRENT_CALLS 
04-15 17:58:38.544 D/RIL     ( 1536): onRequest: GET_CURRENT_CALLS
04-15 17:58:38.544 D/AT      ( 1536): AT> AT+CLCC
04-15 17:58:38.544 D/AT      ( 1536): AT< +CLCC: 1,1,0,0,0,"18913956595",161
04-15 17:58:38.544 D/AT      ( 1536): AT< +CLCC: 2,1,5,0,0,"13182827869",161
04-15 17:58:38.544 D/AT      ( 1536): AT< OK
04-15 17:58:38.544 D/RILC    ( 1536): [0139]< GET_CURRENT_CALLS {[id=1,ACTIVE,toa=161,norm,mt,als=0,voc,noevp,18913956595,cli=0,name='(null)',0][id=2,WAITING,toa=161,norm,mt,als=0,voc,noevp,13182827869,cli=0,name='(null)',0}
04-15 17:58:38.544 D/RILJ    ( 1652): InCall VoicePrivacy is disabled
04-15 17:58:38.544 D/RILJ    ( 1652): InCall VoicePrivacy is disabled
04-15 17:58:38.554 D/RILC    ( 1536): [UNSL]< UNSOL_RESPONSE_CALL_STATE_CHANGED 
04-15 17:58:38.554 D/RILJ    ( 1652): [0139]< GET_CURRENT_CALLS  [id=1,ACTIVE,toa=161,norm,mt,0,voc,noevp,,cli=1,,0] [id=2,WAITING,toa=161,norm,mt,0,voc,noevp,,cli=1,,0] 
04-15 17:58:38.554 D/GSM     ( 1652): [GSMConn] update: parent=ACTIVE, hasNewParent=false, wasConnectingInOrOut=false, wasHolding=false, isConnectingInOrOut=false, changed=false
04-15 17:58:38.554 D/GSM     ( 1652): [GSMConn] update: parent=WAITING, hasNewParent=false, wasConnectingInOrOut=true, wasHolding=false, isConnectingInOrOut=true, changed=false
04-15 17:58:38.564 D/RILJ    ( 1652): [UNSL]< UNSOL_RESPONSE_CALL_STATE_CHANGED
04-15 17:58:38.564 D/RILJ    ( 1652): [0140]> GET_CURRENT_CALLS
04-15 17:58:38.564 D/RILC    ( 1536): [0140]> GET_CURRENT_CALLS 
04-15 17:58:38.564 D/RIL     ( 1536): onRequest: GET_CURRENT_CALLS
04-15 17:58:38.564 D/AT      ( 1536): AT> AT+CLCC
04-15 17:58:38.574 D/AT      ( 1536): AT< +CLCC: 1,1,0,0,0,"18913956595",161
04-15 17:58:38.574 D/AT      ( 1536): AT< +CLCC: 2,1,5,0,0,"13182827869",161
04-15 17:58:38.574 D/AT      ( 1536): AT< OK
04-15 17:58:38.574 D/RILC    ( 1536): [0140]< GET_CURRENT_CALLS {[id=1,ACTIVE,toa=161,norm,mt,als=0,voc,noevp,18913956595,cli=0,name='(null)',0][id=2,WAITING,toa=161,norm,mt,als=0,voc,noevp,13182827869,cli=0,name='(null)',0}
04-15 17:58:38.574 D/RILJ    ( 1652): InCall VoicePrivacy is disabled
04-15 17:58:38.574 D/RILJ    ( 1652): InCall VoicePrivacy is disabled
04-15 17:58:38.574 D/RILJ    ( 1652): [0140]< GET_CURRENT_CALLS  [id=1,ACTIVE,toa=161,norm,mt,0,voc,noevp,,cli=1,,0] [id=2,WAITING,toa=161,norm,mt,0,voc,noevp,,cli=1,,0] 
04-15 17:58:38.574 D/GSM     ( 1652): [GSMConn] update: parent=ACTIVE, hasNewParent=false, wasConnectingInOrOut=false, wasHolding=false, isConnectingInOrOut=false, changed=false
04-15 17:58:38.574 D/GSM     ( 1652): [GSMConn] update: parent=WAITING, hasNewParent=false, wasConnectingInOrOut=true, wasHolding=false, isConnectingInOrOut=true, changed=false
04-15 17:58:38.584 D/RILC    ( 1536): [UNSL]< UNSOL_RESPONSE_CALL_STATE_CHANGED 
04-15 17:58:38.584 D/RILJ    ( 1652): [UNSL]< UNSOL_RESPONSE_CALL_STATE_CHANGED
04-15 17:58:38.584 D/RILJ    ( 1652): [0141]> GET_CURRENT_CALLS
04-15 17:58:38.584 D/RILC    ( 1536): [0141]> GET_CURRENT_CALLS 
04-15 17:58:38.584 D/RIL     ( 1536): onRequest: GET_CURRENT_CALLS
04-15 17:58:38.584 D/AT      ( 1536): AT> AT+CLCC
04-15 17:58:38.594 D/AT      ( 1536): AT< +CLCC: 1,1,0,0,0,"18913956595",161
04-15 17:58:38.594 D/AT      ( 1536): AT< +CLCC: 2,1,5,0,0,"13182827869",161
04-15 17:58:38.594 D/AT      ( 1536): AT< OK
04-15 17:58:38.594 D/RILC    ( 1536): [0141]< GET_CURRENT_CALLS {[id=1,ACTIVE,toa=161,norm,mt,als=0,voc,noevp,18913956595,cli=0,name='(null)',0][id=2,WAITING,toa=161,norm,mt,als=0,voc,noevp,13182827869,cli=0,name='(null)',0}
04-15 17:58:38.594 D/RILJ    ( 1652): InCall VoicePrivacy is disabled
04-15 17:58:38.594 D/RILJ    ( 1652): InCall VoicePrivacy is disabled
04-15 17:58:38.594 D/RILJ    ( 1652): [0141]< GET_CURRENT_CALLS  [id=1,ACTIVE,toa=161,norm,mt,0,voc,noevp,,cli=1,,0] [id=2,WAITING,toa=161,norm,mt,0,voc,noevp,,cli=1,,0] 
04-15 17:58:38.594 D/GSM     ( 1652): [GSMConn] update: parent=ACTIVE, hasNewParent=false, wasConnectingInOrOut=false, wasHolding=false, isConnectingInOrOut=false, changed=false
04-15 17:58:38.594 D/GSM     ( 1652): [GSMConn] update: parent=WAITING, hasNewParent=false, wasConnectingInOrOut=true, wasHolding=false, isConnectingInOrOut=true, changed=false
04-15 17:58:38.654 D/RILC    ( 1536): [UNSL]< UNSOL_RESPONSE_CALL_STATE_CHANGED 
04-15 17:58:38.654 D/RILJ    ( 1652): [UNSL]< UNSOL_RESPONSE_CALL_STATE_CHANGED
04-15 17:58:38.654 D/RILJ    ( 1652): [0142]> GET_CURRENT_CALLS
04-15 17:58:38.654 D/RILC    ( 1536): [0142]> GET_CURRENT_CALLS 
04-15 17:58:38.654 D/RIL     ( 1536): onRequest: GET_CURRENT_CALLS
04-15 17:58:38.654 D/AT      ( 1536): AT> AT+CLCC
04-15 17:58:38.664 D/AT      ( 1536): AT< +CLCC: 1,1,0,0,0,"18913956595",161
04-15 17:58:38.664 D/AT      ( 1536): AT< +CLCC: 2,1,5,0,0,"13182827869",161
04-15 17:58:38.664 D/AT      ( 1536): AT< OK
04-15 17:58:38.664 D/RILC    ( 1536): [0142]< GET_CURRENT_CALLS {[id=1,ACTIVE,toa=161,norm,mt,als=0,voc,noevp,18913956595,cli=0,name='(null)',0][id=2,WAITING,toa=161,norm,mt,als=0,voc,noevp,13182827869,cli=0,name='(null)',0}
04-15 17:58:38.664 D/RILJ    ( 1652): InCall VoicePrivacy is disabled
04-15 17:58:38.664 D/RILJ    ( 1652): InCall VoicePrivacy is disabled
04-15 17:58:38.664 D/RILJ    ( 1652): [0142]< GET_CURRENT_CALLS  [id=1,ACTIVE,toa=161,norm,mt,0,voc,noevp,,cli=1,,0] [id=2,WAITING,toa=161,norm,mt,0,voc,noevp,,cli=1,,0] 
04-15 17:58:38.664 D/GSM     ( 1652): [GSMConn] update: parent=ACTIVE, hasNewParent=false, wasConnectingInOrOut=false, wasHolding=false, isConnectingInOrOut=false, changed=false
04-15 17:58:38.664 D/GSM     ( 1652): [GSMConn] update: parent=WAITING, hasNewParent=false, wasConnectingInOrOut=true, wasHolding=false, isConnectingInOrOut=true, changed=false
04-15 17:58:38.784 D/RILC    ( 1536): [UNSL]< UNSOL_RESPONSE_CALL_STATE_CHANGED 
04-15 17:58:38.784 D/RILJ    ( 1652): [UNSL]< UNSOL_RESPONSE_CALL_STATE_CHANGED
04-15 17:58:38.784 D/RILJ    ( 1652): [0143]> GET_CURRENT_CALLS
04-15 17:58:38.794 D/RILC    ( 1536): [0143]> GET_CURRENT_CALLS 
04-15 17:58:38.794 D/RIL     ( 1536): onRequest: GET_CURRENT_CALLS
04-15 17:58:38.794 D/AT      ( 1536): AT> AT+CLCC
04-15 17:58:38.794 D/AT      ( 1536): AT< +CLCC: 1,1,0,0,0,"18913956595",161
04-15 17:58:38.794 D/AT      ( 1536): AT< +CLCC: 2,1,5,0,0,"13182827869",161
04-15 17:58:38.794 D/AT      ( 1536): AT< OK
04-15 17:58:38.794 D/RILC    ( 1536): [0143]< GET_CURRENT_CALLS {[id=1,ACTIVE,toa=161,norm,mt,als=0,voc,noevp,18913956595,cli=0,name='(null)',0][id=2,WAITING,toa=161,norm,mt,als=0,voc,noevp,13182827869,cli=0,name='(null)',0}
04-15 17:58:38.794 D/RILJ    ( 1652): InCall VoicePrivacy is disabled
04-15 17:58:38.794 D/RILJ    ( 1652): InCall VoicePrivacy is disabled
04-15 17:58:38.804 D/RILJ    ( 1652): [0143]< GET_CURRENT_CALLS  [id=1,ACTIVE,toa=161,norm,mt,0,voc,noevp,,cli=1,,0] [id=2,WAITING,toa=161,norm,mt,0,voc,noevp,,cli=1,,0] 
04-15 17:58:38.804 D/GSM     ( 1652): [GSMConn] update: parent=ACTIVE, hasNewParent=false, wasConnectingInOrOut=false, wasHolding=false, isConnectingInOrOut=false, changed=false
04-15 17:58:38.804 D/GSM     ( 1652): [GSMConn] update: parent=WAITING, hasNewParent=false, wasConnectingInOrOut=true, wasHolding=false, isConnectingInOrOut=true, changed=false
04-15 17:58:38.804 D/RILJ    ( 1652): [0144]> SIGNAL_STRENGTH
04-15 17:58:38.814 D/RILC    ( 1536): [0144]> SIGNAL_STRENGTH 
04-15 17:58:38.814 D/RIL     ( 1536): onRequest: SIGNAL_STRENGTH
04-15 17:58:38.814 D/AT      ( 1536): AT> AT+CSQ
04-15 17:58:38.814 D/AT      ( 1536): AT< +CSQ: 22,7
04-15 17:58:38.814 D/AT      ( 1536): AT< OK
04-15 17:58:38.814 D/RILC    ( 1536): [0144]< SIGNAL_STRENGTH {[ 22 7]}
04-15 17:58:38.814 D/RILJ    ( 1652): [0144]< SIGNAL_STRENGTH {22, 7, 0, 0, 0, 0, 0}
04-15 17:58:38.824 D/RILC    ( 1536): [UNSL]< UNSOL_RESPONSE_CALL_STATE_CHANGED 
04-15 17:58:38.834 D/RILJ    ( 1652): [UNSL]< UNSOL_RESPONSE_CALL_STATE_CHANGED
04-15 17:58:38.834 D/RILJ    ( 1652): [0145]> GET_CURRENT_CALLS
04-15 17:58:38.834 D/RILC    ( 1536): [0145]> GET_CURRENT_CALLS 
04-15 17:58:38.834 D/RIL     ( 1536): onRequest: GET_CURRENT_CALLS
04-15 17:58:38.834 D/AT      ( 1536): AT> AT+CLCC
04-15 17:58:38.834 D/AT      ( 1536): AT< +CLCC: 1,1,0,0,0,"18913956595",161
04-15 17:58:38.834 D/AT      ( 1536): AT< +CLCC: 2,1,5,0,0,"13182827869",161
04-15 17:58:38.834 D/AT      ( 1536): AT< OK
04-15 17:58:38.834 D/RILC    ( 1536): [0145]< GET_CURRENT_CALLS {[id=1,ACTIVE,toa=161,norm,mt,als=0,voc,noevp,18913956595,cli=0,name='(null)',0][id=2,WAITING,toa=161,norm,mt,als=0,voc,noevp,13182827869,cli=0,name='(null)',0}
04-15 17:58:38.844 D/RILJ    ( 1652): InCall VoicePrivacy is disabled
04-15 17:58:38.844 D/RILJ    ( 1652): InCall VoicePrivacy is disabled
04-15 17:58:38.844 D/RILJ    ( 1652): [0145]< GET_CURRENT_CALLS  [id=1,ACTIVE,toa=161,norm,mt,0,voc,noevp,,cli=1,,0] [id=2,WAITING,toa=161,norm,mt,0,voc,noevp,,cli=1,,0] 
04-15 17:58:38.844 D/GSM     ( 1652): [GSMConn] update: parent=ACTIVE, hasNewParent=false, wasConnectingInOrOut=false, wasHolding=false, isConnectingInOrOut=false, changed=false
04-15 17:58:38.844 D/GSM     ( 1652): [GSMConn] update: parent=WAITING, hasNewParent=false, wasConnectingInOrOut=true, wasHolding=false, isConnectingInOrOut=true, changed=false
04-15 17:58:39.055 D/RILC    ( 1536): [UNSL]< UNSOL_RESPONSE_CALL_STATE_CHANGED 
04-15 17:58:39.055 D/RILJ    ( 1652): [UNSL]< UNSOL_RESPONSE_CALL_STATE_CHANGED
04-15 17:58:39.055 D/RILJ    ( 1652): [0146]> GET_CURRENT_CALLS
04-15 17:58:39.055 D/RILC    ( 1536): [0146]> GET_CURRENT_CALLS 
04-15 17:58:39.055 D/RIL     ( 1536): onRequest: GET_CURRENT_CALLS
04-15 17:58:39.055 D/AT      ( 1536): AT> AT+CLCC
04-15 17:58:39.064 D/AT      ( 1536): AT< +CLCC: 1,1,0,0,0,"18913956595",161
04-15 17:58:39.064 D/AT      ( 1536): AT< +CLCC: 2,1,5,0,0,"13182827869",161
04-15 17:58:39.064 D/AT      ( 1536): AT< OK
04-15 17:58:39.064 D/RILC    ( 1536): [0146]< GET_CURRENT_CALLS {[id=1,ACTIVE,toa=161,norm,mt,als=0,voc,noevp,18913956595,cli=0,name='(null)',0][id=2,WAITING,toa=161,norm,mt,als=0,voc,noevp,13182827869,cli=0,name='(null)',0}
04-15 17:58:39.064 D/RILJ    ( 1652): InCall VoicePrivacy is disabled
04-15 17:58:39.064 D/RILJ    ( 1652): InCall VoicePrivacy is disabled
04-15 17:58:39.064 D/RILJ    ( 1652): [0146]< GET_CURRENT_CALLS  [id=1,ACTIVE,toa=161,norm,mt,0,voc,noevp,,cli=1,,0] [id=2,WAITING,toa=161,norm,mt,0,voc,noevp,,cli=1,,0] 
04-15 17:58:39.064 D/GSM     ( 1652): [GSMConn] update: parent=ACTIVE, hasNewParent=false, wasConnectingInOrOut=false, wasHolding=false, isConnectingInOrOut=false, changed=false
04-15 17:58:39.064 D/GSM     ( 1652): [GSMConn] update: parent=WAITING, hasNewParent=false, wasConnectingInOrOut=true, wasHolding=false, isConnectingInOrOut=true, changed=false
04-15 17:58:39.074 D/RILC    ( 1536): [UNSL]< UNSOL_RESPONSE_CALL_STATE_CHANGED 
04-15 17:58:39.074 D/RILJ    ( 1652): [UNSL]< UNSOL_RESPONSE_CALL_STATE_CHANGED
04-15 17:58:39.074 D/RILJ    ( 1652): [0147]> GET_CURRENT_CALLS
04-15 17:58:39.084 D/RILC    ( 1536): [0147]> GET_CURRENT_CALLS 
04-15 17:58:39.084 D/RIL     ( 1536): onRequest: GET_CURRENT_CALLS
04-15 17:58:39.084 D/AT      ( 1536): AT> AT+CLCC
04-15 17:58:39.084 D/AT      ( 1536): AT< +CLCC: 1,1,0,0,0,"18913956595",161
04-15 17:58:39.084 D/AT      ( 1536): AT< +CLCC: 2,1,5,0,0,"13182827869",161
04-15 17:58:39.084 D/AT      ( 1536): AT< OK
04-15 17:58:39.084 D/RILC    ( 1536): [0147]< GET_CURRENT_CALLS {[id=1,ACTIVE,toa=161,norm,mt,als=0,voc,noevp,18913956595,cli=0,name='(null)',0][id=2,WAITING,toa=161,norm,mt,als=0,voc,noevp,13182827869,cli=0,name='(null)',0}
04-15 17:58:39.084 D/RILJ    ( 1652): InCall VoicePrivacy is disabled
04-15 17:58:39.084 D/RILJ    ( 1652): InCall VoicePrivacy is disabled
04-15 17:58:39.084 D/RILJ    ( 1652): [0147]< GET_CURRENT_CALLS  [id=1,ACTIVE,toa=161,norm,mt,0,voc,noevp,,cli=1,,0] [id=2,WAITING,toa=161,norm,mt,0,voc,noevp,,cli=1,,0] 
04-15 17:58:39.084 D/GSM     ( 1652): [GSMConn] update: parent=ACTIVE, hasNewParent=false, wasConnectingInOrOut=false, wasHolding=false, isConnectingInOrOut=false, changed=false
04-15 17:58:39.084 D/GSM     ( 1652): [GSMConn] update: parent=WAITING, hasNewParent=false, wasConnectingInOrOut=true, wasHolding=false, isConnectingInOrOut=true, changed=false
04-15 17:58:39.094 D/RILC    ( 1536): [UNSL]< UNSOL_RESPONSE_CALL_STATE_CHANGED 
04-15 17:58:39.094 D/RILJ    ( 1652): [UNSL]< UNSOL_RESPONSE_CALL_STATE_CHANGED
04-15 17:58:39.094 D/RILJ    ( 1652): [0148]> GET_CURRENT_CALLS
04-15 17:58:39.094 D/RILC    ( 1536): [0148]> GET_CURRENT_CALLS 
04-15 17:58:39.094 D/RIL     ( 1536): onRequest: GET_CURRENT_CALLS
04-15 17:58:39.094 D/AT      ( 1536): AT> AT+CLCC
04-15 17:58:39.104 D/AT      ( 1536): AT< +CLCC: 1,1,0,0,0,"18913956595",161
04-15 17:58:39.104 D/AT      ( 1536): AT< +CLCC: 2,1,5,0,0,"13182827869",161
04-15 17:58:39.104 D/AT      ( 1536): AT< OK
04-15 17:58:39.104 D/RILC    ( 1536): [0148]< GET_CURRENT_CALLS {[id=1,ACTIVE,toa=161,norm,mt,als=0,voc,noevp,18913956595,cli=0,name='(null)',0][id=2,WAITING,toa=161,norm,mt,als=0,voc,noevp,13182827869,cli=0,name='(null)',0}
04-15 17:58:39.104 D/RILJ    ( 1652): InCall VoicePrivacy is disabled
04-15 17:58:39.104 D/RILJ    ( 1652): InCall VoicePrivacy is disabled
04-15 17:58:39.104 D/RILJ    ( 1652): [0148]< GET_CURRENT_CALLS  [id=1,ACTIVE,toa=161,norm,mt,0,voc,noevp,,cli=1,,0] [id=2,WAITING,toa=161,norm,mt,0,voc,noevp,,cli=1,,0] 
04-15 17:58:39.104 D/GSM     ( 1652): [GSMConn] update: parent=ACTIVE, hasNewParent=false, wasConnectingInOrOut=false, wasHolding=false, isConnectingInOrOut=false, changed=false
04-15 17:58:39.104 D/GSM     ( 1652): [GSMConn] update: parent=WAITING, hasNewParent=false, wasConnectingInOrOut=true, wasHolding=false, isConnectingInOrOut=true, changed=false
04-15 17:58:39.164 D/RILC    ( 1536): [UNSL]< UNSOL_RESPONSE_CALL_STATE_CHANGED 
04-15 17:58:39.164 D/RILJ    ( 1652): [UNSL]< UNSOL_RESPONSE_CALL_STATE_CHANGED
04-15 17:58:39.164 D/RILJ    ( 1652): [0149]> GET_CURRENT_CALLS
04-15 17:58:39.164 D/RILC    ( 1536): [0149]> GET_CURRENT_CALLS 
04-15 17:58:39.164 D/RIL     ( 1536): onRequest: GET_CURRENT_CALLS
04-15 17:58:39.164 D/AT      ( 1536): AT> AT+CLCC
04-15 17:58:39.174 D/AT      ( 1536): AT< +CLCC: 1,1,0,0,0,"18913956595",161
04-15 17:58:39.174 D/AT      ( 1536): AT< +CLCC: 2,1,5,0,0,"13182827869",161
04-15 17:58:39.174 D/AT      ( 1536): AT< OK
04-15 17:58:39.174 D/RILC    ( 1536): [0149]< GET_CURRENT_CALLS {[id=1,ACTIVE,toa=161,norm,mt,als=0,voc,noevp,18913956595,cli=0,name='(null)',0][id=2,WAITING,toa=161,norm,mt,als=0,voc,noevp,13182827869,cli=0,name='(null)',0}
04-15 17:58:39.174 D/RILJ    ( 1652): InCall VoicePrivacy is disabled
04-15 17:58:39.174 D/RILJ    ( 1652): InCall VoicePrivacy is disabled
04-15 17:58:39.174 D/RILJ    ( 1652): [0149]< GET_CURRENT_CALLS  [id=1,ACTIVE,toa=161,norm,mt,0,voc,noevp,,cli=1,,0] [id=2,WAITING,toa=161,norm,mt,0,voc,noevp,,cli=1,,0] 
04-15 17:58:39.174 D/GSM     ( 1652): [GSMConn] update: parent=ACTIVE, hasNewParent=false, wasConnectingInOrOut=false, wasHolding=false, isConnectingInOrOut=false, changed=false
04-15 17:58:39.174 D/GSM     ( 1652): [GSMConn] update: parent=WAITING, hasNewParent=false, wasConnectingInOrOut=true, wasHolding=false, isConnectingInOrOut=true, changed=false
04-15 17:58:39.294 D/RILC    ( 1536): [UNSL]< UNSOL_RESPONSE_CALL_STATE_CHANGED 
04-15 17:58:39.294 D/RILJ    ( 1652): [UNSL]< UNSOL_RESPONSE_CALL_STATE_CHANGED
04-15 17:58:39.294 D/RILJ    ( 1652): [0150]> GET_CURRENT_CALLS
04-15 17:58:39.304 D/RILC    ( 1536): [0150]> GET_CURRENT_CALLS 
04-15 17:58:39.304 D/RIL     ( 1536): onRequest: GET_CURRENT_CALLS
04-15 17:58:39.304 D/AT      ( 1536): AT> AT+CLCC
04-15 17:58:39.304 D/AT      ( 1536): AT< +CLCC: 1,1,0,0,0,"18913956595",161
04-15 17:58:39.304 D/AT      ( 1536): AT< +CLCC: 2,1,5,0,0,"13182827869",161
04-15 17:58:39.304 D/AT      ( 1536): AT< OK
04-15 17:58:39.304 D/RILC    ( 1536): [0150]< GET_CURRENT_CALLS {[id=1,ACTIVE,toa=161,norm,mt,als=0,voc,noevp,18913956595,cli=0,name='(null)',0][id=2,WAITING,toa=161,norm,mt,als=0,voc,noevp,13182827869,cli=0,name='(null)',0}
04-15 17:58:39.304 D/RILJ    ( 1652): InCall VoicePrivacy is disabled
04-15 17:58:39.304 D/RILJ    ( 1652): InCall VoicePrivacy is disabled
04-15 17:58:39.304 D/RILJ    ( 1652): [0150]< GET_CURRENT_CALLS  [id=1,ACTIVE,toa=161,norm,mt,0,voc,noevp,,cli=1,,0] [id=2,WAITING,toa=161,norm,mt,0,voc,noevp,,cli=1,,0] 
04-15 17:58:39.314 D/GSM     ( 1652): [GSMConn] update: parent=ACTIVE, hasNewParent=false, wasConnectingInOrOut=false, wasHolding=false, isConnectingInOrOut=false, changed=false
04-15 17:58:39.314 D/GSM     ( 1652): [GSMConn] update: parent=WAITING, hasNewParent=false, wasConnectingInOrOut=true, wasHolding=false, isConnectingInOrOut=true, changed=false
04-15 17:58:39.344 D/RILC    ( 1536): [UNSL]< UNSOL_RESPONSE_CALL_STATE_CHANGED 
04-15 17:58:39.344 D/RILJ    ( 1652): [UNSL]< UNSOL_RESPONSE_CALL_STATE_CHANGED
04-15 17:58:39.344 D/RILJ    ( 1652): [0151]> GET_CURRENT_CALLS
04-15 17:58:39.344 D/RILC    ( 1536): [0151]> GET_CURRENT_CALLS 
04-15 17:58:39.344 D/RIL     ( 1536): onRequest: GET_CURRENT_CALLS
04-15 17:58:39.344 D/AT      ( 1536): AT> AT+CLCC
04-15 17:58:39.344 D/AT      ( 1536): AT< +CLCC: 1,1,0,0,0,"18913956595",161
04-15 17:58:39.344 D/AT      ( 1536): AT< +CLCC: 2,1,5,0,0,"13182827869",161
04-15 17:58:39.344 D/AT      ( 1536): AT< OK
04-15 17:58:39.344 D/RILC    ( 1536): [0151]< GET_CURRENT_CALLS {[id=1,ACTIVE,toa=161,norm,mt,als=0,voc,noevp,18913956595,cli=0,name='(null)',0][id=2,WAITING,toa=161,norm,mt,als=0,voc,noevp,13182827869,cli=0,name='(null)',0}
04-15 17:58:39.354 D/RILJ    ( 1652): InCall VoicePrivacy is disabled
04-15 17:58:39.354 D/RILJ    ( 1652): InCall VoicePrivacy is disabled
04-15 17:58:39.354 D/RILJ    ( 1652): [0151]< GET_CURRENT_CALLS  [id=1,ACTIVE,toa=161,norm,mt,0,voc,noevp,,cli=1,,0] [id=2,WAITING,toa=161,norm,mt,0,voc,noevp,,cli=1,,0] 
04-15 17:58:39.354 D/GSM     ( 1652): [GSMConn] update: parent=ACTIVE, hasNewParent=false, wasConnectingInOrOut=false, wasHolding=false, isConnectingInOrOut=false, changed=false
04-15 17:58:39.354 D/GSM     ( 1652): [GSMConn] update: parent=WAITING, hasNewParent=false, wasConnectingInOrOut=true, wasHolding=false, isConnectingInOrOut=true, changed=false
04-15 17:58:39.564 D/RILC    ( 1536): [UNSL]< UNSOL_RESPONSE_CALL_STATE_CHANGED 
04-15 17:58:39.564 D/RILJ    ( 1652): [UNSL]< UNSOL_RESPONSE_CALL_STATE_CHANGED
04-15 17:58:39.564 D/RILJ    ( 1652): [0152]> GET_CURRENT_CALLS
04-15 17:58:39.574 D/RILC    ( 1536): [0152]> GET_CURRENT_CALLS 
04-15 17:58:39.574 D/RIL     ( 1536): onRequest: GET_CURRENT_CALLS
04-15 17:58:39.574 D/AT      ( 1536): AT> AT+CLCC
04-15 17:58:39.574 D/AT      ( 1536): AT< +CLCC: 1,1,0,0,0,"18913956595",161
04-15 17:58:39.574 D/AT      ( 1536): AT< +CLCC: 2,1,5,0,0,"13182827869",161
04-15 17:58:39.574 D/AT      ( 1536): AT< OK
04-15 17:58:39.574 D/RILC    ( 1536): [0152]< GET_CURRENT_CALLS {[id=1,ACTIVE,toa=161,norm,mt,als=0,voc,noevp,18913956595,cli=0,name='(null)',0][id=2,WAITING,toa=161,norm,mt,als=0,voc,noevp,13182827869,cli=0,name='(null)',0}
04-15 17:58:39.574 D/RILJ    ( 1652): InCall VoicePrivacy is disabled
04-15 17:58:39.574 D/RILJ    ( 1652): InCall VoicePrivacy is disabled
04-15 17:58:39.574 D/RILJ    ( 1652): [0152]< GET_CURRENT_CALLS  [id=1,ACTIVE,toa=161,norm,mt,0,voc,noevp,,cli=1,,0] [id=2,WAITING,toa=161,norm,mt,0,voc,noevp,,cli=1,,0] 
04-15 17:58:39.584 D/RILC    ( 1536): [UNSL]< UNSOL_RESPONSE_CALL_STATE_CHANGED 
04-15 17:58:39.584 D/GSM     ( 1652): [GSMConn] update: parent=ACTIVE, hasNewParent=false, wasConnectingInOrOut=false, wasHolding=false, isConnectingInOrOut=false, changed=false
04-15 17:58:39.584 D/GSM     ( 1652): [GSMConn] update: parent=WAITING, hasNewParent=false, wasConnectingInOrOut=true, wasHolding=false, isConnectingInOrOut=true, changed=false
04-15 17:58:39.594 D/RILJ    ( 1652): [UNSL]< UNSOL_RESPONSE_CALL_STATE_CHANGED
04-15 17:58:39.594 D/RILJ    ( 1652): [0153]> GET_CURRENT_CALLS
04-15 17:58:39.594 D/RILC    ( 1536): [0153]> GET_CURRENT_CALLS 
04-15 17:58:39.594 D/RIL     ( 1536): onRequest: GET_CURRENT_CALLS
04-15 17:58:39.594 D/AT      ( 1536): AT> AT+CLCC
04-15 17:58:39.594 D/AT      ( 1536): AT< +CLCC: 1,1,0,0,0,"18913956595",161
04-15 17:58:39.594 D/AT      ( 1536): AT< +CLCC: 2,1,5,0,0,"13182827869",161
04-15 17:58:39.594 D/AT      ( 1536): AT< OK
04-15 17:58:39.594 D/RILC    ( 1536): [0153]< GET_CURRENT_CALLS {[id=1,ACTIVE,toa=161,norm,mt,als=0,voc,noevp,18913956595,cli=0,name='(null)',0][id=2,WAITING,toa=161,norm,mt,als=0,voc,noevp,13182827869,cli=0,name='(null)',0}
04-15 17:58:39.594 D/RILJ    ( 1652): InCall VoicePrivacy is disabled
04-15 17:58:39.604 D/RILC    ( 1536): [UNSL]< UNSOL_RESPONSE_CALL_STATE_CHANGED 
04-15 17:58:39.604 D/RILJ    ( 1652): InCall VoicePrivacy is disabled
04-15 17:58:39.604 D/RILJ    ( 1652): [0153]< GET_CURRENT_CALLS  [id=1,ACTIVE,toa=161,norm,mt,0,voc,noevp,,cli=1,,0] [id=2,WAITING,toa=161,norm,mt,0,voc,noevp,,cli=1,,0] 
04-15 17:58:39.604 D/GSM     ( 1652): [GSMConn] update: parent=ACTIVE, hasNewParent=false, wasConnectingInOrOut=false, wasHolding=false, isConnectingInOrOut=false, changed=false
04-15 17:58:39.604 D/GSM     ( 1652): [GSMConn] update: parent=WAITING, hasNewParent=false, wasConnectingInOrOut=true, wasHolding=false, isConnectingInOrOut=true, changed=false
04-15 17:58:39.614 D/RILJ    ( 1652): [UNSL]< UNSOL_RESPONSE_CALL_STATE_CHANGED
04-15 17:58:39.614 D/RILJ    ( 1652): [0154]> GET_CURRENT_CALLS
04-15 17:58:39.614 D/RILC    ( 1536): [0154]> GET_CURRENT_CALLS 
04-15 17:58:39.614 D/RIL     ( 1536): onRequest: GET_CURRENT_CALLS
04-15 17:58:39.614 D/AT      ( 1536): AT> AT+CLCC
04-15 17:58:39.614 D/AT      ( 1536): AT< +CLCC: 1,1,0,0,0,"18913956595",161
04-15 17:58:39.614 D/AT      ( 1536): AT< +CLCC: 2,1,5,0,0,"13182827869",161
04-15 17:58:39.614 D/AT      ( 1536): AT< OK
04-15 17:58:39.624 D/RILC    ( 1536): [0154]< GET_CURRENT_CALLS {[id=1,ACTIVE,toa=161,norm,mt,als=0,voc,noevp,18913956595,cli=0,name='(null)',0][id=2,WAITING,toa=161,norm,mt,als=0,voc,noevp,13182827869,cli=0,name='(null)',0}
04-15 17:58:39.624 D/RILJ    ( 1652): InCall VoicePrivacy is disabled
04-15 17:58:39.624 D/RILJ    ( 1652): InCall VoicePrivacy is disabled
04-15 17:58:39.624 D/RILJ    ( 1652): [0154]< GET_CURRENT_CALLS  [id=1,ACTIVE,toa=161,norm,mt,0,voc,noevp,,cli=1,,0] [id=2,WAITING,toa=161,norm,mt,0,voc,noevp,,cli=1,,0] 
04-15 17:58:39.624 D/GSM     ( 1652): [GSMConn] update: parent=ACTIVE, hasNewParent=false, wasConnectingInOrOut=false, wasHolding=false, isConnectingInOrOut=false, changed=false
04-15 17:58:39.624 D/GSM     ( 1652): [GSMConn] update: parent=WAITING, hasNewParent=false, wasConnectingInOrOut=true, wasHolding=false, isConnectingInOrOut=true, changed=false
04-15 17:58:39.674 D/RILC    ( 1536): [UNSL]< UNSOL_RESPONSE_CALL_STATE_CHANGED 
04-15 17:58:39.674 D/RILJ    ( 1652): [UNSL]< UNSOL_RESPONSE_CALL_STATE_CHANGED
04-15 17:58:39.674 D/RILJ    ( 1652): [0155]> GET_CURRENT_CALLS
04-15 17:58:39.684 D/RILC    ( 1536): [0155]> GET_CURRENT_CALLS 
04-15 17:58:39.684 D/RIL     ( 1536): onRequest: GET_CURRENT_CALLS
04-15 17:58:39.684 D/AT      ( 1536): AT> AT+CLCC
04-15 17:58:39.684 D/AT      ( 1536): AT< +CLCC: 1,1,0,0,0,"18913956595",161
04-15 17:58:39.684 D/AT      ( 1536): AT< +CLCC: 2,1,5,0,0,"13182827869",161
04-15 17:58:39.684 D/AT      ( 1536): AT< OK
04-15 17:58:39.684 D/RILC    ( 1536): [0155]< GET_CURRENT_CALLS {[id=1,ACTIVE,toa=161,norm,mt,als=0,voc,noevp,18913956595,cli=0,name='(null)',0][id=2,WAITING,toa=161,norm,mt,als=0,voc,noevp,13182827869,cli=0,name='(null)',0}
04-15 17:58:39.684 D/RILJ    ( 1652): InCall VoicePrivacy is disabled
04-15 17:58:39.684 D/RILJ    ( 1652): InCall VoicePrivacy is disabled
04-15 17:58:39.684 D/RILJ    ( 1652): [0155]< GET_CURRENT_CALLS  [id=1,ACTIVE,toa=161,norm,mt,0,voc,noevp,,cli=1,,0] [id=2,WAITING,toa=161,norm,mt,0,voc,noevp,,cli=1,,0] 
04-15 17:58:39.694 D/GSM     ( 1652): [GSMConn] update: parent=ACTIVE, hasNewParent=false, wasConnectingInOrOut=false, wasHolding=false, isConnectingInOrOut=false, changed=false
04-15 17:58:39.694 D/GSM     ( 1652): [GSMConn] update: parent=WAITING, hasNewParent=false, wasConnectingInOrOut=true, wasHolding=false, isConnectingInOrOut=true, changed=false
04-15 17:58:39.804 D/RILC    ( 1536): [UNSL]< UNSOL_RESPONSE_CALL_STATE_CHANGED 
04-15 17:58:39.804 D/RILJ    ( 1652): [UNSL]< UNSOL_RESPONSE_CALL_STATE_CHANGED
04-15 17:58:39.804 D/RILJ    ( 1652): [0156]> GET_CURRENT_CALLS
04-15 17:58:39.814 D/RILC    ( 1536): [0156]> GET_CURRENT_CALLS 
04-15 17:58:39.814 D/RIL     ( 1536): onRequest: GET_CURRENT_CALLS
04-15 17:58:39.814 D/AT      ( 1536): AT> AT+CLCC
04-15 17:58:39.814 D/AT      ( 1536): AT< +CLCC: 1,1,0,0,0,"18913956595",161
04-15 17:58:39.814 D/AT      ( 1536): AT< +CLCC: 2,1,5,0,0,"13182827869",161
04-15 17:58:39.814 D/AT      ( 1536): AT< OK
04-15 17:58:39.814 D/RILC    ( 1536): [0156]< GET_CURRENT_CALLS {[id=1,ACTIVE,toa=161,norm,mt,als=0,voc,noevp,18913956595,cli=0,name='(null)',0][id=2,WAITING,toa=161,norm,mt,als=0,voc,noevp,13182827869,cli=0,name='(null)',0}
04-15 17:58:39.814 D/RILJ    ( 1652): InCall VoicePrivacy is disabled
04-15 17:58:39.814 D/RILJ    ( 1652): InCall VoicePrivacy is disabled
04-15 17:58:39.814 D/RILJ    ( 1652): [0156]< GET_CURRENT_CALLS  [id=1,ACTIVE,toa=161,norm,mt,0,voc,noevp,,cli=1,,0] [id=2,WAITING,toa=161,norm,mt,0,voc,noevp,,cli=1,,0] 
04-15 17:58:39.814 D/GSM     ( 1652): [GSMConn] update: parent=ACTIVE, hasNewParent=false, wasConnectingInOrOut=false, wasHolding=false, isConnectingInOrOut=false, changed=false
04-15 17:58:39.814 D/GSM     ( 1652): [GSMConn] update: parent=WAITING, hasNewParent=false, wasConnectingInOrOut=true, wasHolding=false, isConnectingInOrOut=true, changed=false
04-15 17:58:39.844 D/RILC    ( 1536): [UNSL]< UNSOL_RESPONSE_CALL_STATE_CHANGED 
04-15 17:58:39.854 D/RILJ    ( 1652): [UNSL]< UNSOL_RESPONSE_CALL_STATE_CHANGED
04-15 17:58:39.854 D/RILJ    ( 1652): [0157]> GET_CURRENT_CALLS
04-15 17:58:39.854 D/RILC    ( 1536): [0157]> GET_CURRENT_CALLS 
04-15 17:58:39.854 D/RIL     ( 1536): onRequest: GET_CURRENT_CALLS
04-15 17:58:39.854 D/AT      ( 1536): AT> AT+CLCC
04-15 17:58:39.854 D/AT      ( 1536): AT< +CLCC: 1,1,0,0,0,"18913956595",161
04-15 17:58:39.854 D/AT      ( 1536): AT< +CLCC: 2,1,5,0,0,"13182827869",161
04-15 17:58:39.854 D/AT      ( 1536): AT< OK
04-15 17:58:39.854 D/RILC    ( 1536): [0157]< GET_CURRENT_CALLS {[id=1,ACTIVE,toa=161,norm,mt,als=0,voc,noevp,18913956595,cli=0,name='(null)',0][id=2,WAITING,toa=161,norm,mt,als=0,voc,noevp,13182827869,cli=0,name='(null)',0}
04-15 17:58:39.864 D/RILJ    ( 1652): InCall VoicePrivacy is disabled
04-15 17:58:39.864 D/RILJ    ( 1652): InCall VoicePrivacy is disabled
04-15 17:58:39.864 D/RILJ    ( 1652): [0157]< GET_CURRENT_CALLS  [id=1,ACTIVE,toa=161,norm,mt,0,voc,noevp,,cli=1,,0] [id=2,WAITING,toa=161,norm,mt,0,voc,noevp,,cli=1,,0] 
04-15 17:58:39.864 D/GSM     ( 1652): [GSMConn] update: parent=ACTIVE, hasNewParent=false, wasConnectingInOrOut=false, wasHolding=false, isConnectingInOrOut=false, changed=false
04-15 17:58:39.864 D/GSM     ( 1652): [GSMConn] update: parent=WAITING, hasNewParent=false, wasConnectingInOrOut=true, wasHolding=false, isConnectingInOrOut=true, changed=false
04-15 17:58:40.074 D/RILC    ( 1536): [UNSL]< UNSOL_RESPONSE_CALL_STATE_CHANGED 
04-15 17:58:40.074 D/RILJ    ( 1652): [UNSL]< UNSOL_RESPONSE_CALL_STATE_CHANGED
04-15 17:58:40.074 D/RILJ    ( 1652): [0158]> GET_CURRENT_CALLS
04-15 17:58:40.084 D/RILC    ( 1536): [0158]> GET_CURRENT_CALLS 
04-15 17:58:40.084 D/RIL     ( 1536): onRequest: GET_CURRENT_CALLS
04-15 17:58:40.084 D/AT      ( 1536): AT> AT+CLCC
04-15 17:58:40.084 D/AT      ( 1536): AT< +CLCC: 1,1,0,0,0,"18913956595",161
04-15 17:58:40.084 D/AT      ( 1536): AT< +CLCC: 2,1,5,0,0,"13182827869",161
04-15 17:58:40.084 D/AT      ( 1536): AT< OK
04-15 17:58:40.084 D/RILC    ( 1536): [0158]< GET_CURRENT_CALLS {[id=1,ACTIVE,toa=161,norm,mt,als=0,voc,noevp,18913956595,cli=0,name='(null)',0][id=2,WAITING,toa=161,norm,mt,als=0,voc,noevp,13182827869,cli=0,name='(null)',0}
04-15 17:58:40.084 D/RILJ    ( 1652): InCall VoicePrivacy is disabled
04-15 17:58:40.084 D/RILJ    ( 1652): InCall VoicePrivacy is disabled
04-15 17:58:40.084 D/RILJ    ( 1652): [0158]< GET_CURRENT_CALLS  [id=1,ACTIVE,toa=161,norm,mt,0,voc,noevp,,cli=1,,0] [id=2,WAITING,toa=161,norm,mt,0,voc,noevp,,cli=1,,0] 
