04-15 17:58:40.084 D/GSM     ( 1652): [GSMConn] update: parent=ACTIVE, hasNewParent=false, wasConnectingInOrOut=false, wasHolding=false, isConnectingInOrOut=false, changed=false
04-15 17:58:40.084 D/GSM     ( 1652): [GSMConn] update: parent=WAITING, hasNewParent=false, wasConnectingInOrOut=true, wasHolding=false, isConnectingInOrOut=true, changed=false
04-15 17:58:40.094 D/RILC    ( 1536): [UNSL]< UNSOL_RESPONSE_CALL_STATE_CHANGED 
04-15 17:58:40.094 D/RILJ    ( 1652): [UNSL]< UNSOL_RESPONSE_CALL_STATE_CHANGED
04-15 17:58:40.104 D/RILJ    ( 1652): [0159]> GET_CURRENT_CALLS
04-15 17:58:40.104 D/RILC    ( 1536): [0159]> GET_CURRENT_CALLS 
04-15 17:58:40.104 D/RIL     ( 1536): onRequest: GET_CURRENT_CALLS
04-15 17:58:40.104 D/AT      ( 1536): AT> AT+CLCC
04-15 17:58:40.104 D/AT      ( 1536): AT< +CLCC: 1,1,0,0,0,"18913956595",161
04-15 17:58:40.104 D/AT      ( 1536): AT< +CLCC: 2,1,5,0,0,"13182827869",161
04-15 17:58:40.104 D/AT      ( 1536): AT< OK
04-15 17:58:40.104 D/RILC    ( 1536): [0159]< GET_CURRENT_CALLS {[id=1,ACTIVE,toa=161,norm,mt,als=0,voc,noevp,18913956595,cli=0,name='(null)',0][id=2,WAITING,toa=161,norm,mt,als=0,voc,noevp,13182827869,cli=0,name='(null)',0}
04-15 17:58:40.104 D/RILJ    ( 1652): InCall VoicePrivacy is disabled
04-15 17:58:40.104 D/RILJ    ( 1652): InCall VoicePrivacy is disabled
04-15 17:58:40.104 D/RILJ    ( 1652): [0159]< GET_CURRENT_CALLS  [id=1,ACTIVE,toa=161,norm,mt,0,voc,noevp,,cli=1,,0] [id=2,WAITING,toa=161,norm,mt,0,voc,noevp,,cli=1,,0] 
04-15 17:58:40.114 D/GSM     ( 1652): [GSMConn] update: parent=ACTIVE, hasNewParent=false, wasConnectingInOrOut=false, wasHolding=false, isConnectingInOrOut=false, changed=false
04-15 17:58:40.114 D/GSM     ( 1652): [GSMConn] update: parent=WAITING, hasNewParent=false, wasConnectingInOrOut=true, wasHolding=false, isConnectingInOrOut=true, changed=false
04-15 17:58:40.124 D/RILC    ( 1536): [UNSL]< UNSOL_RESPONSE_CALL_STATE_CHANGED 
04-15 17:58:40.124 D/RILJ    ( 1652): [UNSL]< UNSOL_RESPONSE_CALL_STATE_CHANGED
04-15 17:58:40.124 D/RILJ    ( 1652): [0160]> GET_CURRENT_CALLS
04-15 17:58:40.124 D/RILC    ( 1536): [0160]> GET_CURRENT_CALLS 
04-15 17:58:40.124 D/RIL     ( 1536): onRequest: GET_CURRENT_CALLS
04-15 17:58:40.124 D/AT      ( 1536): AT> AT+CLCC
04-15 17:58:40.124 D/AT      ( 1536): AT< +CLCC: 1,1,0,0,0,"18913956595",161
04-15 17:58:40.124 D/AT      ( 1536): AT< +CLCC: 2,1,5,0,0,"13182827869",161
04-15 17:58:40.124 D/AT      ( 1536): AT< OK
04-15 17:58:40.124 D/RILC    ( 1536): [0160]< GET_CURRENT_CALLS {[id=1,ACTIVE,toa=161,norm,mt,als=0,voc,noevp,18913956595,cli=0,name='(null)',0][id=2,WAITING,toa=161,norm,mt,als=0,voc,noevp,13182827869,cli=0,name='(null)',0}
04-15 17:58:40.134 D/RILJ    ( 1652): InCall VoicePrivacy is disabled
04-15 17:58:40.134 D/RILJ    ( 1652): InCall VoicePrivacy is disabled
04-15 17:58:40.134 D/RILJ    ( 1652): [0160]< GET_CURRENT_CALLS  [id=1,ACTIVE,toa=161,norm,mt,0,voc,noevp,,cli=1,,0] [id=2,WAITING,toa=161,norm,mt,0,voc,noevp,,cli=1,,0] 
04-15 17:58:40.134 D/GSM     ( 1652): [GSMConn] update: parent=ACTIVE, hasNewParent=false, wasConnectingInOrOut=false, wasHolding=false, isConnectingInOrOut=false, changed=false
04-15 17:58:40.134 D/GSM     ( 1652): [GSMConn] update: parent=WAITING, hasNewParent=false, wasConnectingInOrOut=true, wasHolding=false, isConnectingInOrOut=true, changed=false
04-15 17:58:40.184 D/RILC    ( 1536): [UNSL]< UNSOL_RESPONSE_CALL_STATE_CHANGED 
04-15 17:58:40.184 D/RILJ    ( 1652): [UNSL]< UNSOL_RESPONSE_CALL_STATE_CHANGED
04-15 17:58:40.184 D/RILJ    ( 1652): [0161]> GET_CURRENT_CALLS
04-15 17:58:40.184 D/RILC    ( 1536): [0161]> GET_CURRENT_CALLS 
04-15 17:58:40.184 D/RIL     ( 1536): onRequest: GET_CURRENT_CALLS
04-15 17:58:40.184 D/AT      ( 1536): AT> AT+CLCC
04-15 17:58:40.194 D/AT      ( 1536): AT< +CLCC: 1,1,0,0,0,"18913956595",161
04-15 17:58:40.194 D/AT      ( 1536): AT< +CLCC: 2,1,5,0,0,"13182827869",161
04-15 17:58:40.194 D/AT      ( 1536): AT< OK
04-15 17:58:40.194 D/RILC    ( 1536): [0161]< GET_CURRENT_CALLS {[id=1,ACTIVE,toa=161,norm,mt,als=0,voc,noevp,18913956595,cli=0,name='(null)',0][id=2,WAITING,toa=161,norm,mt,als=0,voc,noevp,13182827869,cli=0,name='(null)',0}
04-15 17:58:40.194 D/RILJ    ( 1652): InCall VoicePrivacy is disabled
04-15 17:58:40.194 D/RILJ    ( 1652): InCall VoicePrivacy is disabled
04-15 17:58:40.194 D/RILJ    ( 1652): [0161]< GET_CURRENT_CALLS  [id=1,ACTIVE,toa=161,norm,mt,0,voc,noevp,,cli=1,,0] [id=2,WAITING,toa=161,norm,mt,0,voc,noevp,,cli=1,,0] 
04-15 17:58:40.194 D/GSM     ( 1652): [GSMConn] update: parent=ACTIVE, hasNewParent=false, wasConnectingInOrOut=false, wasHolding=false, isConnectingInOrOut=false, changed=false
04-15 17:58:40.194 D/GSM     ( 1652): [GSMConn] update: parent=WAITING, hasNewParent=false, wasConnectingInOrOut=true, wasHolding=false, isConnectingInOrOut=true, changed=false
04-15 17:58:40.314 D/RILC    ( 1536): [UNSL]< UNSOL_RESPONSE_CALL_STATE_CHANGED 
04-15 17:58:40.314 D/RILJ    ( 1652): [UNSL]< UNSOL_RESPONSE_CALL_STATE_CHANGED
04-15 17:58:40.314 D/RILJ    ( 1652): [0162]> GET_CURRENT_CALLS
04-15 17:58:40.324 D/RILC    ( 1536): [0162]> GET_CURRENT_CALLS 
04-15 17:58:40.324 D/RIL     ( 1536): onRequest: GET_CURRENT_CALLS
04-15 17:58:40.324 D/AT      ( 1536): AT> AT+CLCC
04-15 17:58:40.324 D/AT      ( 1536): AT< +CLCC: 1,1,0,0,0,"18913956595",161
04-15 17:58:40.324 D/AT      ( 1536): AT< +CLCC: 2,1,5,0,0,"13182827869",161
04-15 17:58:40.324 D/AT      ( 1536): AT< OK
04-15 17:58:40.324 D/RILC    ( 1536): [0162]< GET_CURRENT_CALLS {[id=1,ACTIVE,toa=161,norm,mt,als=0,voc,noevp,18913956595,cli=0,name='(null)',0][id=2,WAITING,toa=161,norm,mt,als=0,voc,noevp,13182827869,cli=0,name='(null)',0}
04-15 17:58:40.324 D/RILJ    ( 1652): InCall VoicePrivacy is disabled
04-15 17:58:40.324 D/RILJ    ( 1652): InCall VoicePrivacy is disabled
04-15 17:58:40.324 D/RILJ    ( 1652): [0162]< GET_CURRENT_CALLS  [id=1,ACTIVE,toa=161,norm,mt,0,voc,noevp,,cli=1,,0] [id=2,WAITING,toa=161,norm,mt,0,voc,noevp,,cli=1,,0] 
04-15 17:58:40.324 D/GSM     ( 1652): [GSMConn] update: parent=ACTIVE, hasNewParent=false, wasConnectingInOrOut=false, wasHolding=false, isConnectingInOrOut=false, changed=false
04-15 17:58:40.324 D/GSM     ( 1652): [GSMConn] update: parent=WAITING, hasNewParent=false, wasConnectingInOrOut=true, wasHolding=false, isConnectingInOrOut=true, changed=false
04-15 17:58:40.354 D/RILC    ( 1536): [UNSL]< UNSOL_RESPONSE_CALL_STATE_CHANGED 
04-15 17:58:40.364 D/RILJ    ( 1652): [UNSL]< UNSOL_RESPONSE_CALL_STATE_CHANGED
04-15 17:58:40.364 D/RILJ    ( 1652): [0163]> GET_CURRENT_CALLS
04-15 17:58:40.364 D/RILC    ( 1536): [0163]> GET_CURRENT_CALLS 
04-15 17:58:40.364 D/RIL     ( 1536): onRequest: GET_CURRENT_CALLS
04-15 17:58:40.364 D/AT      ( 1536): AT> AT+CLCC
04-15 17:58:40.364 D/AT      ( 1536): AT< +CLCC: 1,1,0,0,0,"18913956595",161
04-15 17:58:40.364 D/AT      ( 1536): AT< +CLCC: 2,1,5,0,0,"13182827869",161
04-15 17:58:40.364 D/AT      ( 1536): AT< OK
04-15 17:58:40.364 D/RILC    ( 1536): [0163]< GET_CURRENT_CALLS {[id=1,ACTIVE,toa=161,norm,mt,als=0,voc,noevp,18913956595,cli=0,name='(null)',0][id=2,WAITING,toa=161,norm,mt,als=0,voc,noevp,13182827869,cli=0,name='(null)',0}
04-15 17:58:40.374 D/RILJ    ( 1652): InCall VoicePrivacy is disabled
04-15 17:58:40.374 D/RILJ    ( 1652): InCall VoicePrivacy is disabled
04-15 17:58:40.374 D/RILJ    ( 1652): [0163]< GET_CURRENT_CALLS  [id=1,ACTIVE,toa=161,norm,mt,0,voc,noevp,,cli=1,,0] [id=2,WAITING,toa=161,norm,mt,0,voc,noevp,,cli=1,,0] 
04-15 17:58:40.374 D/GSM     ( 1652): [GSMConn] update: parent=ACTIVE, hasNewParent=false, wasConnectingInOrOut=false, wasHolding=false, isConnectingInOrOut=false, changed=false
04-15 17:58:40.374 D/GSM     ( 1652): [GSMConn] update: parent=WAITING, hasNewParent=false, wasConnectingInOrOut=true, wasHolding=false, isConnectingInOrOut=true, changed=false
04-15 17:58:40.584 D/RILC    ( 1536): [UNSL]< UNSOL_RESPONSE_CALL_STATE_CHANGED 
04-15 17:58:40.584 D/RILJ    ( 1652): [UNSL]< UNSOL_RESPONSE_CALL_STATE_CHANGED
04-15 17:58:40.584 D/RILJ    ( 1652): [0164]> GET_CURRENT_CALLS
04-15 17:58:40.594 D/RILC    ( 1536): [0164]> GET_CURRENT_CALLS 
04-15 17:58:40.594 D/RIL     ( 1536): onRequest: GET_CURRENT_CALLS
04-15 17:58:40.594 D/AT      ( 1536): AT> AT+CLCC
04-15 17:58:40.594 D/AT      ( 1536): AT< +CLCC: 1,1,0,0,0,"18913956595",161
04-15 17:58:40.594 D/AT      ( 1536): AT< +CLCC: 2,1,5,0,0,"13182827869",161
04-15 17:58:40.594 D/AT      ( 1536): AT< OK
04-15 17:58:40.594 D/RILC    ( 1536): [0164]< GET_CURRENT_CALLS {[id=1,ACTIVE,toa=161,norm,mt,als=0,voc,noevp,18913956595,cli=0,name='(null)',0][id=2,WAITING,toa=161,norm,mt,als=0,voc,noevp,13182827869,cli=0,name='(null)',0}
04-15 17:58:40.594 D/RILJ    ( 1652): InCall VoicePrivacy is disabled
04-15 17:58:40.594 D/RILJ    ( 1652): InCall VoicePrivacy is disabled
04-15 17:58:40.594 D/RILJ    ( 1652): [0164]< GET_CURRENT_CALLS  [id=1,ACTIVE,toa=161,norm,mt,0,voc,noevp,,cli=1,,0] [id=2,WAITING,toa=161,norm,mt,0,voc,noevp,,cli=1,,0] 
04-15 17:58:40.594 D/GSM     ( 1652): [GSMConn] update: parent=ACTIVE, hasNewParent=false, wasConnectingInOrOut=false, wasHolding=false, isConnectingInOrOut=false, changed=false
04-15 17:58:40.594 D/GSM     ( 1652): [GSMConn] update: parent=WAITING, hasNewParent=false, wasConnectingInOrOut=true, wasHolding=false, isConnectingInOrOut=true, changed=false
04-15 17:58:40.604 D/RILC    ( 1536): [UNSL]< UNSOL_RESPONSE_CALL_STATE_CHANGED 
04-15 17:58:40.604 D/RILJ    ( 1652): [UNSL]< UNSOL_RESPONSE_CALL_STATE_CHANGED
04-15 17:58:40.604 D/RILJ    ( 1652): [0165]> GET_CURRENT_CALLS
04-15 17:58:40.614 D/RILC    ( 1536): [0165]> GET_CURRENT_CALLS 
04-15 17:58:40.614 D/RIL     ( 1536): onRequest: GET_CURRENT_CALLS
04-15 17:58:40.614 D/AT      ( 1536): AT> AT+CLCC
04-15 17:58:40.614 D/AT      ( 1536): AT< +CLCC: 1,1,0,0,0,"18913956595",161
04-15 17:58:40.614 D/AT      ( 1536): AT< +CLCC: 2,1,5,0,0,"13182827869",161
04-15 17:58:40.614 D/AT      ( 1536): AT< OK
04-15 17:58:40.614 D/RILC    ( 1536): [0165]< GET_CURRENT_CALLS {[id=1,ACTIVE,toa=161,norm,mt,als=0,voc,noevp,18913956595,cli=0,name='(null)',0][id=2,WAITING,toa=161,norm,mt,als=0,voc,noevp,13182827869,cli=0,name='(null)',0}
04-15 17:58:40.614 D/RILJ    ( 1652): InCall VoicePrivacy is disabled
04-15 17:58:40.614 D/RILJ    ( 1652): InCall VoicePrivacy is disabled
04-15 17:58:40.614 D/RILJ    ( 1652): [0165]< GET_CURRENT_CALLS  [id=1,ACTIVE,toa=161,norm,mt,0,voc,noevp,,cli=1,,0] [id=2,WAITING,toa=161,norm,mt,0,voc,noevp,,cli=1,,0] 
04-15 17:58:40.614 D/GSM     ( 1652): [GSMConn] update: parent=ACTIVE, hasNewParent=false, wasConnectingInOrOut=false, wasHolding=false, isConnectingInOrOut=false, changed=false
04-15 17:58:40.624 D/GSM     ( 1652): [GSMConn] update: parent=WAITING, hasNewParent=false, wasConnectingInOrOut=true, wasHolding=false, isConnectingInOrOut=true, changed=false
04-15 17:58:40.624 D/RILC    ( 1536): [UNSL]< UNSOL_RESPONSE_CALL_STATE_CHANGED 
04-15 17:58:40.634 D/RILJ    ( 1652): [UNSL]< UNSOL_RESPONSE_CALL_STATE_CHANGED
04-15 17:58:40.634 D/RILJ    ( 1652): [0166]> GET_CURRENT_CALLS
04-15 17:58:40.634 D/RILC    ( 1536): [0166]> GET_CURRENT_CALLS 
04-15 17:58:40.634 D/RIL     ( 1536): onRequest: GET_CURRENT_CALLS
04-15 17:58:40.634 D/AT      ( 1536): AT> AT+CLCC
04-15 17:58:40.634 D/AT      ( 1536): AT< +CLCC: 1,1,0,0,0,"18913956595",161
04-15 17:58:40.634 D/AT      ( 1536): AT< +CLCC: 2,1,5,0,0,"13182827869",161
04-15 17:58:40.634 D/AT      ( 1536): AT< OK
04-15 17:58:40.634 D/RILC    ( 1536): [0166]< GET_CURRENT_CALLS {[id=1,ACTIVE,toa=161,norm,mt,als=0,voc,noevp,18913956595,cli=0,name='(null)',0][id=2,WAITING,toa=161,norm,mt,als=0,voc,noevp,13182827869,cli=0,name='(null)',0}
04-15 17:58:40.634 D/RILJ    ( 1652): InCall VoicePrivacy is disabled
04-15 17:58:40.634 D/RILJ    ( 1652): InCall VoicePrivacy is disabled
04-15 17:58:40.634 D/RILJ    ( 1652): [0166]< GET_CURRENT_CALLS  [id=1,ACTIVE,toa=161,norm,mt,0,voc,noevp,,cli=1,,0] [id=2,WAITING,toa=161,norm,mt,0,voc,noevp,,cli=1,,0] 
04-15 17:58:40.644 D/GSM     ( 1652): [GSMConn] update: parent=ACTIVE, hasNewParent=false, wasConnectingInOrOut=false, wasHolding=false, isConnectingInOrOut=false, changed=false
04-15 17:58:40.644 D/GSM     ( 1652): [GSMConn] update: parent=WAITING, hasNewParent=false, wasConnectingInOrOut=true, wasHolding=false, isConnectingInOrOut=true, changed=false
04-15 17:58:40.694 D/RILC    ( 1536): [UNSL]< UNSOL_RESPONSE_CALL_STATE_CHANGED 
04-15 17:58:40.694 D/RILJ    ( 1652): [UNSL]< UNSOL_RESPONSE_CALL_STATE_CHANGED
04-15 17:58:40.694 D/RILJ    ( 1652): [0167]> GET_CURRENT_CALLS
04-15 17:58:40.694 D/RILC    ( 1536): [0167]> GET_CURRENT_CALLS 
04-15 17:58:40.694 D/RIL     ( 1536): onRequest: GET_CURRENT_CALLS
04-15 17:58:40.694 D/AT      ( 1536): AT> AT+CLCC
04-15 17:58:40.704 D/AT      ( 1536): AT< +CLCC: 1,1,0,0,0,"18913956595",161
04-15 17:58:40.704 D/AT      ( 1536): AT< +CLCC: 2,1,5,0,0,"13182827869",161
04-15 17:58:40.704 D/AT      ( 1536): AT< OK
04-15 17:58:40.704 D/RILC    ( 1536): [0167]< GET_CURRENT_CALLS {[id=1,ACTIVE,toa=161,norm,mt,als=0,voc,noevp,18913956595,cli=0,name='(null)',0][id=2,WAITING,toa=161,norm,mt,als=0,voc,noevp,13182827869,cli=0,name='(null)',0}
04-15 17:58:40.714 D/RILJ    ( 1652): InCall VoicePrivacy is disabled
04-15 17:58:40.714 D/RILJ    ( 1652): InCall VoicePrivacy is disabled
04-15 17:58:40.724 D/RILJ    ( 1652): [0167]< GET_CURRENT_CALLS  [id=1,ACTIVE,toa=161,norm,mt,0,voc,noevp,,cli=1,,0] [id=2,WAITING,toa=161,norm,mt,0,voc,noevp,,cli=1,,0] 
04-15 17:58:40.724 D/GSM     ( 1652): [GSMConn] update: parent=ACTIVE, hasNewParent=false, wasConnectingInOrOut=false, wasHolding=false, isConnectingInOrOut=false, changed=false
04-15 17:58:40.724 D/GSM     ( 1652): [GSMConn] update: parent=WAITING, hasNewParent=false, wasConnectingInOrOut=true, wasHolding=false, isConnectingInOrOut=true, changed=false
04-15 17:58:40.824 D/RILC    ( 1536): [UNSL]< UNSOL_RESPONSE_CALL_STATE_CHANGED 
04-15 17:58:40.824 D/RILJ    ( 1652): [UNSL]< UNSOL_RESPONSE_CALL_STATE_CHANGED
04-15 17:58:40.824 D/RILJ    ( 1652): [0168]> GET_CURRENT_CALLS
04-15 17:58:40.834 D/RILC    ( 1536): [0168]> GET_CURRENT_CALLS 
04-15 17:58:40.834 D/RIL     ( 1536): onRequest: GET_CURRENT_CALLS
04-15 17:58:40.834 D/AT      ( 1536): AT> AT+CLCC
04-15 17:58:40.834 D/AT      ( 1536): AT< +CLCC: 1,1,0,0,0,"18913956595",161
04-15 17:58:40.834 D/AT      ( 1536): AT< +CLCC: 2,1,5,0,0,"13182827869",161
04-15 17:58:40.834 D/AT      ( 1536): AT< OK
04-15 17:58:40.834 D/RILC    ( 1536): [0168]< GET_CURRENT_CALLS {[id=1,ACTIVE,toa=161,norm,mt,als=0,voc,noevp,18913956595,cli=0,name='(null)',0][id=2,WAITING,toa=161,norm,mt,als=0,voc,noevp,13182827869,cli=0,name='(null)',0}
04-15 17:58:40.834 D/RILJ    ( 1652): InCall VoicePrivacy is disabled
04-15 17:58:40.834 D/RILJ    ( 1652): InCall VoicePrivacy is disabled
04-15 17:58:40.834 D/RILJ    ( 1652): [0168]< GET_CURRENT_CALLS  [id=1,ACTIVE,toa=161,norm,mt,0,voc,noevp,,cli=1,,0] [id=2,WAITING,toa=161,norm,mt,0,voc,noevp,,cli=1,,0] 
04-15 17:58:40.834 D/GSM     ( 1652): [GSMConn] update: parent=ACTIVE, hasNewParent=false, wasConnectingInOrOut=false, wasHolding=false, isConnectingInOrOut=false, changed=false
04-15 17:58:40.834 D/GSM     ( 1652): [GSMConn] update: parent=WAITING, hasNewParent=false, wasConnectingInOrOut=true, wasHolding=false, isConnectingInOrOut=true, changed=false
04-15 17:58:40.864 D/RILC    ( 1536): [UNSL]< UNSOL_RESPONSE_CALL_STATE_CHANGED 
04-15 17:58:40.874 D/RILJ    ( 1652): [UNSL]< UNSOL_RESPONSE_CALL_STATE_CHANGED
04-15 17:58:40.874 D/RILJ    ( 1652): [0169]> GET_CURRENT_CALLS
04-15 17:58:40.874 D/RILC    ( 1536): [0169]> GET_CURRENT_CALLS 
04-15 17:58:40.874 D/RIL     ( 1536): onRequest: GET_CURRENT_CALLS
04-15 17:58:40.874 D/AT      ( 1536): AT> AT+CLCC
04-15 17:58:40.874 D/AT      ( 1536): AT< +CLCC: 1,1,0,0,0,"18913956595",161
04-15 17:58:40.874 D/AT      ( 1536): AT< +CLCC: 2,1,5,0,0,"13182827869",161
04-15 17:58:40.874 D/AT      ( 1536): AT< OK
04-15 17:58:40.874 D/RILC    ( 1536): [0169]< GET_CURRENT_CALLS {[id=1,ACTIVE,toa=161,norm,mt,als=0,voc,noevp,18913956595,cli=0,name='(null)',0][id=2,WAITING,toa=161,norm,mt,als=0,voc,noevp,13182827869,cli=0,name='(null)',0}
04-15 17:58:40.874 D/RILJ    ( 1652): InCall VoicePrivacy is disabled
04-15 17:58:40.884 D/RILJ    ( 1652): InCall VoicePrivacy is disabled
04-15 17:58:40.884 D/RILJ    ( 1652): [0169]< GET_CURRENT_CALLS  [id=1,ACTIVE,toa=161,norm,mt,0,voc,noevp,,cli=1,,0] [id=2,WAITING,toa=161,norm,mt,0,voc,noevp,,cli=1,,0] 
04-15 17:58:40.884 D/GSM     ( 1652): [GSMConn] update: parent=ACTIVE, hasNewParent=false, wasConnectingInOrOut=false, wasHolding=false, isConnectingInOrOut=false, changed=false
04-15 17:58:40.884 D/GSM     ( 1652): [GSMConn] update: parent=WAITING, hasNewParent=false, wasConnectingInOrOut=true, wasHolding=false, isConnectingInOrOut=true, changed=false
04-15 17:58:41.094 D/RILC    ( 1536): [UNSL]< UNSOL_RESPONSE_CALL_STATE_CHANGED 
04-15 17:58:41.094 D/RILJ    ( 1652): [UNSL]< UNSOL_RESPONSE_CALL_STATE_CHANGED
04-15 17:58:41.104 D/RILJ    ( 1652): [0170]> GET_CURRENT_CALLS
04-15 17:58:41.104 D/RILC    ( 1536): [0170]> GET_CURRENT_CALLS 
04-15 17:58:41.104 D/RIL     ( 1536): onRequest: GET_CURRENT_CALLS
04-15 17:58:41.104 D/AT      ( 1536): AT> AT+CLCC
04-15 17:58:41.104 D/AT      ( 1536): AT< +CLCC: 1,1,0,0,0,"18913956595",161
04-15 17:58:41.104 D/AT      ( 1536): AT< +CLCC: 2,1,5,0,0,"13182827869",161
04-15 17:58:41.104 D/AT      ( 1536): AT< OK
04-15 17:58:41.104 D/RILC    ( 1536): [0170]< GET_CURRENT_CALLS {[id=1,ACTIVE,toa=161,norm,mt,als=0,voc,noevp,18913956595,cli=0,name='(null)',0][id=2,WAITING,toa=161,norm,mt,als=0,voc,noevp,13182827869,cli=0,name='(null)',0}
04-15 17:58:41.104 D/RILJ    ( 1652): InCall VoicePrivacy is disabled
04-15 17:58:41.104 D/RILJ    ( 1652): InCall VoicePrivacy is disabled
04-15 17:58:41.104 D/RILJ    ( 1652): [0170]< GET_CURRENT_CALLS  [id=1,ACTIVE,toa=161,norm,mt,0,voc,noevp,,cli=1,,0] [id=2,WAITING,toa=161,norm,mt,0,voc,noevp,,cli=1,,0] 
04-15 17:58:41.104 D/GSM     ( 1652): [GSMConn] update: parent=ACTIVE, hasNewParent=false, wasConnectingInOrOut=false, wasHolding=false, isConnectingInOrOut=false, changed=false
04-15 17:58:41.114 D/GSM     ( 1652): [GSMConn] update: parent=WAITING, hasNewParent=false, wasConnectingInOrOut=true, wasHolding=false, isConnectingInOrOut=true, changed=false
04-15 17:58:41.114 D/RILC    ( 1536): [UNSL]< UNSOL_RESPONSE_CALL_STATE_CHANGED 
04-15 17:58:41.114 D/RILJ    ( 1652): [UNSL]< UNSOL_RESPONSE_CALL_STATE_CHANGED
04-15 17:58:41.114 D/RILJ    ( 1652): [0171]> GET_CURRENT_CALLS
04-15 17:58:41.124 D/RILC    ( 1536): [0171]> GET_CURRENT_CALLS 
04-15 17:58:41.124 D/RIL     ( 1536): onRequest: GET_CURRENT_CALLS
04-15 17:58:41.124 D/AT      ( 1536): AT> AT+CLCC
04-15 17:58:41.124 D/AT      ( 1536): AT< +CLCC: 1,1,0,0,0,"18913956595",161
04-15 17:58:41.124 D/AT      ( 1536): AT< +CLCC: 2,1,5,0,0,"13182827869",161
04-15 17:58:41.124 D/AT      ( 1536): AT< OK
04-15 17:58:41.124 D/RILC    ( 1536): [0171]< GET_CURRENT_CALLS {[id=1,ACTIVE,toa=161,norm,mt,als=0,voc,noevp,18913956595,cli=0,name='(null)',0][id=2,WAITING,toa=161,norm,mt,als=0,voc,noevp,13182827869,cli=0,name='(null)',0}
04-15 17:58:41.124 D/RILJ    ( 1652): InCall VoicePrivacy is disabled
04-15 17:58:41.124 D/RILJ    ( 1652): InCall VoicePrivacy is disabled
04-15 17:58:41.124 D/RILJ    ( 1652): [0171]< GET_CURRENT_CALLS  [id=1,ACTIVE,toa=161,norm,mt,0,voc,noevp,,cli=1,,0] [id=2,WAITING,toa=161,norm,mt,0,voc,noevp,,cli=1,,0] 
04-15 17:58:41.124 D/GSM     ( 1652): [GSMConn] update: parent=ACTIVE, hasNewParent=false, wasConnectingInOrOut=false, wasHolding=false, isConnectingInOrOut=false, changed=false
04-15 17:58:41.124 D/GSM     ( 1652): [GSMConn] update: parent=WAITING, hasNewParent=false, wasConnectingInOrOut=true, wasHolding=false, isConnectingInOrOut=true, changed=false
04-15 17:58:41.134 D/RILC    ( 1536): [UNSL]< UNSOL_RESPONSE_CALL_STATE_CHANGED 
04-15 17:58:41.134 D/RILJ    ( 1652): [UNSL]< UNSOL_RESPONSE_CALL_STATE_CHANGED
04-15 17:58:41.134 D/RILJ    ( 1652): [0172]> GET_CURRENT_CALLS
04-15 17:58:41.144 D/RILC    ( 1536): [0172]> GET_CURRENT_CALLS 
04-15 17:58:41.144 D/RIL     ( 1536): onRequest: GET_CURRENT_CALLS
04-15 17:58:41.144 D/AT      ( 1536): AT> AT+CLCC
04-15 17:58:41.144 D/AT      ( 1536): AT< +CLCC: 1,1,0,0,0,"18913956595",161
04-15 17:58:41.144 D/AT      ( 1536): AT< +CLCC: 2,1,5,0,0,"13182827869",161
04-15 17:58:41.144 D/AT      ( 1536): AT< OK
04-15 17:58:41.144 D/RILC    ( 1536): [0172]< GET_CURRENT_CALLS {[id=1,ACTIVE,toa=161,norm,mt,als=0,voc,noevp,18913956595,cli=0,name='(null)',0][id=2,WAITING,toa=161,norm,mt,als=0,voc,noevp,13182827869,cli=0,name='(null)',0}
04-15 17:58:41.144 D/RILJ    ( 1652): InCall VoicePrivacy is disabled
04-15 17:58:41.144 D/RILJ    ( 1652): InCall VoicePrivacy is disabled
04-15 17:58:41.144 D/RILJ    ( 1652): [0172]< GET_CURRENT_CALLS  [id=1,ACTIVE,toa=161,norm,mt,0,voc,noevp,,cli=1,,0] [id=2,WAITING,toa=161,norm,mt,0,voc,noevp,,cli=1,,0] 
04-15 17:58:41.144 D/GSM     ( 1652): [GSMConn] update: parent=ACTIVE, hasNewParent=false, wasConnectingInOrOut=false, wasHolding=false, isConnectingInOrOut=false, changed=false
04-15 17:58:41.144 D/GSM     ( 1652): [GSMConn] update: parent=WAITING, hasNewParent=false, wasConnectingInOrOut=true, wasHolding=false, isConnectingInOrOut=true, changed=false
04-15 17:58:41.204 D/RILC    ( 1536): [UNSL]< UNSOL_RESPONSE_CALL_STATE_CHANGED 
04-15 17:58:41.204 D/RILJ    ( 1652): [UNSL]< UNSOL_RESPONSE_CALL_STATE_CHANGED
04-15 17:58:41.204 D/RILJ    ( 1652): [0173]> GET_CURRENT_CALLS
04-15 17:58:41.204 D/RILC    ( 1536): [0173]> GET_CURRENT_CALLS 
04-15 17:58:41.204 D/RIL     ( 1536): onRequest: GET_CURRENT_CALLS
04-15 17:58:41.204 D/AT      ( 1536): AT> AT+CLCC
04-15 17:58:41.204 D/AT      ( 1536): AT< +CLCC: 1,1,0,0,0,"18913956595",161
04-15 17:58:41.204 D/AT      ( 1536): AT< +CLCC: 2,1,5,0,0,"13182827869",161
04-15 17:58:41.204 D/AT      ( 1536): AT< OK
04-15 17:58:41.204 D/RILC    ( 1536): [0173]< GET_CURRENT_CALLS {[id=1,ACTIVE,toa=161,norm,mt,als=0,voc,noevp,18913956595,cli=0,name='(null)',0][id=2,WAITING,toa=161,norm,mt,als=0,voc,noevp,13182827869,cli=0,name='(null)',0}
04-15 17:58:41.214 D/RILJ    ( 1652): InCall VoicePrivacy is disabled
04-15 17:58:41.214 D/RILJ    ( 1652): InCall VoicePrivacy is disabled
04-15 17:58:41.214 D/RILJ    ( 1652): [0173]< GET_CURRENT_CALLS  [id=1,ACTIVE,toa=161,norm,mt,0,voc,noevp,,cli=1,,0] [id=2,WAITING,toa=161,norm,mt,0,voc,noevp,,cli=1,,0] 
04-15 17:58:41.214 D/GSM     ( 1652): [GSMConn] update: parent=ACTIVE, hasNewParent=false, wasConnectingInOrOut=false, wasHolding=false, isConnectingInOrOut=false, changed=false
04-15 17:58:41.214 D/GSM     ( 1652): [GSMConn] update: parent=WAITING, hasNewParent=false, wasConnectingInOrOut=true, wasHolding=false, isConnectingInOrOut=true, changed=false
04-15 17:58:41.334 D/RILC    ( 1536): [UNSL]< UNSOL_RESPONSE_CALL_STATE_CHANGED 
04-15 17:58:41.334 D/RILJ    ( 1652): [UNSL]< UNSOL_RESPONSE_CALL_STATE_CHANGED
04-15 17:58:41.334 D/RILJ    ( 1652): [0174]> GET_CURRENT_CALLS
04-15 17:58:41.334 D/RILC    ( 1536): [0174]> GET_CURRENT_CALLS 
04-15 17:58:41.334 D/RIL     ( 1536): onRequest: GET_CURRENT_CALLS
04-15 17:58:41.334 D/AT      ( 1536): AT> AT+CLCC
04-15 17:58:41.344 D/AT      ( 1536): AT< +CLCC: 1,1,0,0,0,"18913956595",161
04-15 17:58:41.344 D/AT      ( 1536): AT< +CLCC: 2,1,5,0,0,"13182827869",161
04-15 17:58:41.344 D/AT      ( 1536): AT< OK
04-15 17:58:41.344 D/RILC    ( 1536): [0174]< GET_CURRENT_CALLS {[id=1,ACTIVE,toa=161,norm,mt,als=0,voc,noevp,18913956595,cli=0,name='(null)',0][id=2,WAITING,toa=161,norm,mt,als=0,voc,noevp,13182827869,cli=0,name='(null)',0}
04-15 17:58:41.344 D/RILJ    ( 1652): InCall VoicePrivacy is disabled
04-15 17:58:41.344 D/RILJ    ( 1652): InCall VoicePrivacy is disabled
04-15 17:58:41.344 D/RILJ    ( 1652): [0174]< GET_CURRENT_CALLS  [id=1,ACTIVE,toa=161,norm,mt,0,voc,noevp,,cli=1,,0] [id=2,WAITING,toa=161,norm,mt,0,voc,noevp,,cli=1,,0] 
04-15 17:58:41.344 D/GSM     ( 1652): [GSMConn] update: parent=ACTIVE, hasNewParent=false, wasConnectingInOrOut=false, wasHolding=false, isConnectingInOrOut=false, changed=false
04-15 17:58:41.344 D/GSM     ( 1652): [GSMConn] update: parent=WAITING, hasNewParent=false, wasConnectingInOrOut=true, wasHolding=false, isConnectingInOrOut=true, changed=false
04-15 17:58:41.374 D/RILC    ( 1536): [UNSL]< UNSOL_RESPONSE_CALL_STATE_CHANGED 
04-15 17:58:41.374 D/RILJ    ( 1652): [UNSL]< UNSOL_RESPONSE_CALL_STATE_CHANGED
04-15 17:58:41.374 D/RILJ    ( 1652): [0175]> GET_CURRENT_CALLS
04-15 17:58:41.384 D/RILC    ( 1536): [0175]> GET_CURRENT_CALLS 
04-15 17:58:41.384 D/RIL     ( 1536): onRequest: GET_CURRENT_CALLS
04-15 17:58:41.384 D/AT      ( 1536): AT> AT+CLCC
04-15 17:58:41.384 D/AT      ( 1536): AT< +CLCC: 1,1,0,0,0,"18913956595",161
04-15 17:58:41.384 D/AT      ( 1536): AT< +CLCC: 2,1,5,0,0,"13182827869",161
04-15 17:58:41.384 D/AT      ( 1536): AT< OK
04-15 17:58:41.384 D/RILC    ( 1536): [0175]< GET_CURRENT_CALLS {[id=1,ACTIVE,toa=161,norm,mt,als=0,voc,noevp,18913956595,cli=0,name='(null)',0][id=2,WAITING,toa=161,norm,mt,als=0,voc,noevp,13182827869,cli=0,name='(null)',0}
04-15 17:58:41.384 D/RILJ    ( 1652): InCall VoicePrivacy is disabled
04-15 17:58:41.384 D/RILJ    ( 1652): InCall VoicePrivacy is disabled
04-15 17:58:41.394 D/RILJ    ( 1652): [0175]< GET_CURRENT_CALLS  [id=1,ACTIVE,toa=161,norm,mt,0,voc,noevp,,cli=1,,0] [id=2,WAITING,toa=161,norm,mt,0,voc,noevp,,cli=1,,0] 
04-15 17:58:41.394 D/GSM     ( 1652): [GSMConn] update: parent=ACTIVE, hasNewParent=false, wasConnectingInOrOut=false, wasHolding=false, isConnectingInOrOut=false, changed=false
04-15 17:58:41.394 D/GSM     ( 1652): [GSMConn] update: parent=WAITING, hasNewParent=false, wasConnectingInOrOut=true, wasHolding=false, isConnectingInOrOut=true, changed=false
04-15 17:58:41.604 D/RILC    ( 1536): [UNSL]< UNSOL_RESPONSE_CALL_STATE_CHANGED 
04-15 17:58:41.604 D/RILJ    ( 1652): [UNSL]< UNSOL_RESPONSE_CALL_STATE_CHANGED
04-15 17:58:41.604 D/RILJ    ( 1652): [0176]> GET_CURRENT_CALLS
04-15 17:58:41.614 D/RILC    ( 1536): [0176]> GET_CURRENT_CALLS 
04-15 17:58:41.614 D/RIL     ( 1536): onRequest: GET_CURRENT_CALLS
04-15 17:58:41.614 D/AT      ( 1536): AT> AT+CLCC
04-15 17:58:41.614 D/AT      ( 1536): AT< +CLCC: 1,1,0,0,0,"18913956595",161
04-15 17:58:41.614 D/AT      ( 1536): AT< +CLCC: 2,1,5,0,0,"13182827869",161
04-15 17:58:41.614 D/AT      ( 1536): AT< OK
04-15 17:58:41.614 D/RILC    ( 1536): [0176]< GET_CURRENT_CALLS {[id=1,ACTIVE,toa=161,norm,mt,als=0,voc,noevp,18913956595,cli=0,name='(null)',0][id=2,WAITING,toa=161,norm,mt,als=0,voc,noevp,13182827869,cli=0,name='(null)',0}
04-15 17:58:41.614 D/RILJ    ( 1652): InCall VoicePrivacy is disabled
04-15 17:58:41.614 D/RILJ    ( 1652): InCall VoicePrivacy is disabled
04-15 17:58:41.614 D/RILJ    ( 1652): [0176]< GET_CURRENT_CALLS  [id=1,ACTIVE,toa=161,norm,mt,0,voc,noevp,,cli=1,,0] [id=2,WAITING,toa=161,norm,mt,0,voc,noevp,,cli=1,,0] 
04-15 17:58:41.614 D/GSM     ( 1652): [GSMConn] update: parent=ACTIVE, hasNewParent=false, wasConnectingInOrOut=false, wasHolding=false, isConnectingInOrOut=false, changed=false
04-15 17:58:41.614 D/GSM     ( 1652): [GSMConn] update: parent=WAITING, hasNewParent=false, wasConnectingInOrOut=true, wasHolding=false, isConnectingInOrOut=true, changed=false
04-15 17:58:41.624 D/RILC    ( 1536): [UNSL]< UNSOL_RESPONSE_CALL_STATE_CHANGED 
04-15 17:58:41.624 D/RILJ    ( 1652): [UNSL]< UNSOL_RESPONSE_CALL_STATE_CHANGED
04-15 17:58:41.624 D/RILJ    ( 1652): [0177]> GET_CURRENT_CALLS
04-15 17:58:41.634 D/RILC    ( 1536): [0177]> GET_CURRENT_CALLS 
04-15 17:58:41.634 D/RIL     ( 1536): onRequest: GET_CURRENT_CALLS
04-15 17:58:41.634 D/AT      ( 1536): AT> AT+CLCC
04-15 17:58:41.634 D/AT      ( 1536): AT< +CLCC: 1,1,0,0,0,"18913956595",161
04-15 17:58:41.634 D/AT      ( 1536): AT< +CLCC: 2,1,5,0,0,"13182827869",161
04-15 17:58:41.634 D/AT      ( 1536): AT< OK
04-15 17:58:41.634 D/RILC    ( 1536): [0177]< GET_CURRENT_CALLS {[id=1,ACTIVE,toa=161,norm,mt,als=0,voc,noevp,18913956595,cli=0,name='(null)',0][id=2,WAITING,toa=161,norm,mt,als=0,voc,noevp,13182827869,cli=0,name='(null)',0}
04-15 17:58:41.634 D/RILJ    ( 1652): InCall VoicePrivacy is disabled
04-15 17:58:41.634 D/RILJ    ( 1652): InCall VoicePrivacy is disabled
04-15 17:58:41.634 D/RILJ    ( 1652): [0177]< GET_CURRENT_CALLS  [id=1,ACTIVE,toa=161,norm,mt,0,voc,noevp,,cli=1,,0] [id=2,WAITING,toa=161,norm,mt,0,voc,noevp,,cli=1,,0] 
04-15 17:58:41.634 D/GSM     ( 1652): [GSMConn] update: parent=ACTIVE, hasNewParent=false, wasConnectingInOrOut=false, wasHolding=false, isConnectingInOrOut=false, changed=false
04-15 17:58:41.634 D/GSM     ( 1652): [GSMConn] update: parent=WAITING, hasNewParent=false, wasConnectingInOrOut=true, wasHolding=false, isConnectingInOrOut=true, changed=false
04-15 17:58:41.644 D/RILC    ( 1536): [UNSL]< UNSOL_RESPONSE_CALL_STATE_CHANGED 
04-15 17:58:41.644 D/RILJ    ( 1652): [UNSL]< UNSOL_RESPONSE_CALL_STATE_CHANGED
04-15 17:58:41.644 D/RILJ    ( 1652): [0178]> GET_CURRENT_CALLS
04-15 17:58:41.654 D/RILC    ( 1536): [0178]> GET_CURRENT_CALLS 
04-15 17:58:41.654 D/RIL     ( 1536): onRequest: GET_CURRENT_CALLS
04-15 17:58:41.654 D/AT      ( 1536): AT> AT+CLCC
04-15 17:58:41.654 D/AT      ( 1536): AT< +CLCC: 1,1,0,0,0,"18913956595",161
04-15 17:58:41.654 D/AT      ( 1536): AT< +CLCC: 2,1,5,0,0,"13182827869",161
04-15 17:58:41.654 D/AT      ( 1536): AT< OK
04-15 17:58:41.654 D/RILC    ( 1536): [0178]< GET_CURRENT_CALLS {[id=1,ACTIVE,toa=161,norm,mt,als=0,voc,noevp,18913956595,cli=0,name='(null)',0][id=2,WAITING,toa=161,norm,mt,als=0,voc,noevp,13182827869,cli=0,name='(null)',0}
04-15 17:58:41.654 D/RILJ    ( 1652): InCall VoicePrivacy is disabled
04-15 17:58:41.654 D/RILJ    ( 1652): InCall VoicePrivacy is disabled
04-15 17:58:41.654 D/RILJ    ( 1652): [0178]< GET_CURRENT_CALLS  [id=1,ACTIVE,toa=161,norm,mt,0,voc,noevp,,cli=1,,0] [id=2,WAITING,toa=161,norm,mt,0,voc,noevp,,cli=1,,0] 
04-15 17:58:41.654 D/GSM     ( 1652): [GSMConn] update: parent=ACTIVE, hasNewParent=false, wasConnectingInOrOut=false, wasHolding=false, isConnectingInOrOut=false, changed=false
04-15 17:58:41.654 D/GSM     ( 1652): [GSMConn] update: parent=WAITING, hasNewParent=false, wasConnectingInOrOut=true, wasHolding=false, isConnectingInOrOut=true, changed=false
04-15 17:58:41.704 D/RILC    ( 1536): [UNSL]< UNSOL_RESPONSE_CALL_STATE_CHANGED 
04-15 17:58:41.714 D/RILJ    ( 1652): [UNSL]< UNSOL_RESPONSE_CALL_STATE_CHANGED
04-15 17:58:41.714 D/RILJ    ( 1652): [0179]> GET_CURRENT_CALLS
04-15 17:58:41.714 D/RILC    ( 1536): [0179]> GET_CURRENT_CALLS 
04-15 17:58:41.714 D/RIL     ( 1536): onRequest: GET_CURRENT_CALLS
04-15 17:58:41.714 D/AT      ( 1536): AT> AT+CLCC
04-15 17:58:41.714 D/AT      ( 1536): AT< +CLCC: 1,1,0,0,0,"18913956595",161
04-15 17:58:41.714 D/AT      ( 1536): AT< +CLCC: 2,1,5,0,0,"13182827869",161
04-15 17:58:41.714 D/AT      ( 1536): AT< OK
04-15 17:58:41.714 D/RILC    ( 1536): [0179]< GET_CURRENT_CALLS {[id=1,ACTIVE,toa=161,norm,mt,als=0,voc,noevp,18913956595,cli=0,name='(null)',0][id=2,WAITING,toa=161,norm,mt,als=0,voc,noevp,13182827869,cli=0,name='(null)',0}
04-15 17:58:41.714 D/RILJ    ( 1652): InCall VoicePrivacy is disabled
04-15 17:58:41.714 D/RILJ    ( 1652): InCall VoicePrivacy is disabled
04-15 17:58:41.724 D/RILJ    ( 1652): [0179]< GET_CURRENT_CALLS  [id=1,ACTIVE,toa=161,norm,mt,0,voc,noevp,,cli=1,,0] [id=2,WAITING,toa=161,norm,mt,0,voc,noevp,,cli=1,,0] 
04-15 17:58:41.724 D/GSM     ( 1652): [GSMConn] update: parent=ACTIVE, hasNewParent=false, wasConnectingInOrOut=false, wasHolding=false, isConnectingInOrOut=false, changed=false
04-15 17:58:41.724 D/GSM     ( 1652): [GSMConn] update: parent=WAITING, hasNewParent=false, wasConnectingInOrOut=true, wasHolding=false, isConnectingInOrOut=true, changed=false
04-15 17:58:41.844 D/RILC    ( 1536): [UNSL]< UNSOL_RESPONSE_CALL_STATE_CHANGED 
04-15 17:58:41.844 D/RILJ    ( 1652): [UNSL]< UNSOL_RESPONSE_CALL_STATE_CHANGED
04-15 17:58:41.844 D/RILJ    ( 1652): [0180]> GET_CURRENT_CALLS
04-15 17:58:41.844 D/RILC    ( 1536): [0180]> GET_CURRENT_CALLS 
04-15 17:58:41.844 D/RIL     ( 1536): onRequest: GET_CURRENT_CALLS
04-15 17:58:41.844 D/AT      ( 1536): AT> AT+CLCC
04-15 17:58:41.854 D/AT      ( 1536): AT< +CLCC: 1,1,0,0,0,"18913956595",161
04-15 17:58:41.854 D/AT      ( 1536): AT< +CLCC: 2,1,5,0,0,"13182827869",161
04-15 17:58:41.854 D/AT      ( 1536): AT< OK
04-15 17:58:41.854 D/RILC    ( 1536): [0180]< GET_CURRENT_CALLS {[id=1,ACTIVE,toa=161,norm,mt,als=0,voc,noevp,18913956595,cli=0,name='(null)',0][id=2,WAITING,toa=161,norm,mt,als=0,voc,noevp,13182827869,cli=0,name='(null)',0}
04-15 17:58:41.854 D/RILJ    ( 1652): InCall VoicePrivacy is disabled
04-15 17:58:41.854 D/RILJ    ( 1652): InCall VoicePrivacy is disabled
04-15 17:58:41.854 D/RILJ    ( 1652): [0180]< GET_CURRENT_CALLS  [id=1,ACTIVE,toa=161,norm,mt,0,voc,noevp,,cli=1,,0] [id=2,WAITING,toa=161,norm,mt,0,voc,noevp,,cli=1,,0] 
04-15 17:58:41.854 D/GSM     ( 1652): [GSMConn] update: parent=ACTIVE, hasNewParent=false, wasConnectingInOrOut=false, wasHolding=false, isConnectingInOrOut=false, changed=false
04-15 17:58:41.854 D/GSM     ( 1652): [GSMConn] update: parent=WAITING, hasNewParent=false, wasConnectingInOrOut=true, wasHolding=false, isConnectingInOrOut=true, changed=false
04-15 17:58:41.884 D/RILC    ( 1536): [UNSL]< UNSOL_RESPONSE_CALL_STATE_CHANGED 
04-15 17:58:41.884 D/RILJ    ( 1652): [UNSL]< UNSOL_RESPONSE_CALL_STATE_CHANGED
04-15 17:58:41.884 D/RILJ    ( 1652): [0181]> GET_CURRENT_CALLS
04-15 17:58:41.894 D/RILC    ( 1536): [0181]> GET_CURRENT_CALLS 
04-15 17:58:41.894 D/RIL     ( 1536): onRequest: GET_CURRENT_CALLS
04-15 17:58:41.894 D/AT      ( 1536): AT> AT+CLCC
04-15 17:58:41.894 D/AT      ( 1536): AT< +CLCC: 1,1,0,0,0,"18913956595",161
04-15 17:58:41.894 D/AT      ( 1536): AT< +CLCC: 2,1,5,0,0,"13182827869",161
04-15 17:58:41.894 D/AT      ( 1536): AT< OK
04-15 17:58:41.894 D/RILC    ( 1536): [0181]< GET_CURRENT_CALLS {[id=1,ACTIVE,toa=161,norm,mt,als=0,voc,noevp,18913956595,cli=0,name='(null)',0][id=2,WAITING,toa=161,norm,mt,als=0,voc,noevp,13182827869,cli=0,name='(null)',0}
04-15 17:58:41.894 D/RILJ    ( 1652): InCall VoicePrivacy is disabled
04-15 17:58:41.894 D/RILJ    ( 1652): InCall VoicePrivacy is disabled
04-15 17:58:41.894 D/RILJ    ( 1652): [0181]< GET_CURRENT_CALLS  [id=1,ACTIVE,toa=161,norm,mt,0,voc,noevp,,cli=1,,0] [id=2,WAITING,toa=161,norm,mt,0,voc,noevp,,cli=1,,0] 
04-15 17:58:41.904 D/GSM     ( 1652): [GSMConn] update: parent=ACTIVE, hasNewParent=false, wasConnectingInOrOut=false, wasHolding=false, isConnectingInOrOut=false, changed=false
04-15 17:58:41.904 D/GSM     ( 1652): [GSMConn] update: parent=WAITING, hasNewParent=false, wasConnectingInOrOut=true, wasHolding=false, isConnectingInOrOut=true, changed=false
04-15 17:58:42.114 D/RILC    ( 1536): [UNSL]< UNSOL_RESPONSE_CALL_STATE_CHANGED 
04-15 17:58:42.114 D/RILJ    ( 1652): [UNSL]< UNSOL_RESPONSE_CALL_STATE_CHANGED
04-15 17:58:42.114 D/RILJ    ( 1652): [0182]> GET_CURRENT_CALLS
04-15 17:58:42.114 D/RILC    ( 1536): [0182]> GET_CURRENT_CALLS 
04-15 17:58:42.114 D/RIL     ( 1536): onRequest: GET_CURRENT_CALLS
04-15 17:58:42.114 D/AT      ( 1536): AT> AT+CLCC
04-15 17:58:42.124 D/AT      ( 1536): AT< +CLCC: 1,1,0,0,0,"18913956595",161
04-15 17:58:42.124 D/AT      ( 1536): AT< +CLCC: 2,1,5,0,0,"13182827869",161
04-15 17:58:42.124 D/AT      ( 1536): AT< OK
04-15 17:58:42.124 D/RILC    ( 1536): [0182]< GET_CURRENT_CALLS {[id=1,ACTIVE,toa=161,norm,mt,als=0,voc,noevp,18913956595,cli=0,name='(null)',0][id=2,WAITING,toa=161,norm,mt,als=0,voc,noevp,13182827869,cli=0,name='(null)',0}
04-15 17:58:42.124 D/RILJ    ( 1652): InCall VoicePrivacy is disabled
04-15 17:58:42.124 D/RILJ    ( 1652): InCall VoicePrivacy is disabled
04-15 17:58:42.124 D/RILJ    ( 1652): [0182]< GET_CURRENT_CALLS  [id=1,ACTIVE,toa=161,norm,mt,0,voc,noevp,,cli=1,,0] [id=2,WAITING,toa=161,norm,mt,0,voc,noevp,,cli=1,,0] 
04-15 17:58:42.124 D/GSM     ( 1652): [GSMConn] update: parent=ACTIVE, hasNewParent=false, wasConnectingInOrOut=false, wasHolding=false, isConnectingInOrOut=false, changed=false
04-15 17:58:42.124 D/GSM     ( 1652): [GSMConn] update: parent=WAITING, hasNewParent=false, wasConnectingInOrOut=true, wasHolding=false, isConnectingInOrOut=true, changed=false
04-15 17:58:42.134 D/RILC    ( 1536): [UNSL]< UNSOL_RESPONSE_CALL_STATE_CHANGED 
04-15 17:58:42.134 D/RILJ    ( 1652): [UNSL]< UNSOL_RESPONSE_CALL_STATE_CHANGED
04-15 17:58:42.134 D/RILJ    ( 1652): [0183]> GET_CURRENT_CALLS
04-15 17:58:42.134 D/RILC    ( 1536): [0183]> GET_CURRENT_CALLS 
04-15 17:58:42.134 D/RIL     ( 1536): onRequest: GET_CURRENT_CALLS
04-15 17:58:42.134 D/AT      ( 1536): AT> AT+CLCC
04-15 17:58:42.144 D/AT      ( 1536): AT< +CLCC: 1,1,0,0,0,"18913956595",161
04-15 17:58:42.144 D/AT      ( 1536): AT< +CLCC: 2,1,5,0,0,"13182827869",161
04-15 17:58:42.144 D/AT      ( 1536): AT< OK
04-15 17:58:42.144 D/RILC    ( 1536): [0183]< GET_CURRENT_CALLS {[id=1,ACTIVE,toa=161,norm,mt,als=0,voc,noevp,18913956595,cli=0,name='(null)',0][id=2,WAITING,toa=161,norm,mt,als=0,voc,noevp,13182827869,cli=0,name='(null)',0}
04-15 17:58:42.144 D/RILJ    ( 1652): InCall VoicePrivacy is disabled
04-15 17:58:42.144 D/RILJ    ( 1652): InCall VoicePrivacy is disabled
04-15 17:58:42.144 D/RILJ    ( 1652): [0183]< GET_CURRENT_CALLS  [id=1,ACTIVE,toa=161,norm,mt,0,voc,noevp,,cli=1,,0] [id=2,WAITING,toa=161,norm,mt,0,voc,noevp,,cli=1,,0] 
04-15 17:58:42.144 D/GSM     ( 1652): [GSMConn] update: parent=ACTIVE, hasNewParent=false, wasConnectingInOrOut=false, wasHolding=false, isConnectingInOrOut=false, changed=false
04-15 17:58:42.144 D/GSM     ( 1652): [GSMConn] update: parent=WAITING, hasNewParent=false, wasConnectingInOrOut=true, wasHolding=false, isConnectingInOrOut=true, changed=false
04-15 17:58:42.154 D/RILC    ( 1536): [UNSL]< UNSOL_RESPONSE_CALL_STATE_CHANGED 
04-15 17:58:42.154 D/RILJ    ( 1652): [UNSL]< UNSOL_RESPONSE_CALL_STATE_CHANGED
04-15 17:58:42.154 D/RILJ    ( 1652): [0184]> GET_CURRENT_CALLS
04-15 17:58:42.154 D/RILC    ( 1536): [0184]> GET_CURRENT_CALLS 
04-15 17:58:42.154 D/RIL     ( 1536): onRequest: GET_CURRENT_CALLS
04-15 17:58:42.154 D/AT      ( 1536): AT> AT+CLCC
04-15 17:58:42.164 D/AT      ( 1536): AT< +CLCC: 1,1,0,0,0,"18913956595",161
04-15 17:58:42.164 D/AT      ( 1536): AT< +CLCC: 2,1,5,0,0,"13182827869",161
04-15 17:58:42.164 D/AT      ( 1536): AT< OK
04-15 17:58:42.164 D/RILC    ( 1536): [0184]< GET_CURRENT_CALLS {[id=1,ACTIVE,toa=161,norm,mt,als=0,voc,noevp,18913956595,cli=0,name='(null)',0][id=2,WAITING,toa=161,norm,mt,als=0,voc,noevp,13182827869,cli=0,name='(null)',0}
04-15 17:58:42.164 D/RILJ    ( 1652): InCall VoicePrivacy is disabled
04-15 17:58:42.164 D/RILJ    ( 1652): InCall VoicePrivacy is disabled
04-15 17:58:42.164 D/RILJ    ( 1652): [0184]< GET_CURRENT_CALLS  [id=1,ACTIVE,toa=161,norm,mt,0,voc,noevp,,cli=1,,0] [id=2,WAITING,toa=161,norm,mt,0,voc,noevp,,cli=1,,0] 
04-15 17:58:42.164 D/GSM     ( 1652): [GSMConn] update: parent=ACTIVE, hasNewParent=false, wasConnectingInOrOut=false, wasHolding=false, isConnectingInOrOut=false, changed=false
04-15 17:58:42.164 D/GSM     ( 1652): [GSMConn] update: parent=WAITING, hasNewParent=false, wasConnectingInOrOut=true, wasHolding=false, isConnectingInOrOut=true, changed=false
04-15 17:58:42.214 D/RILC    ( 1536): [UNSL]< UNSOL_RESPONSE_CALL_STATE_CHANGED 
04-15 17:58:42.214 D/RILJ    ( 1652): [UNSL]< UNSOL_RESPONSE_CALL_STATE_CHANGED
04-15 17:58:42.214 D/RILJ    ( 1652): [0185]> GET_CURRENT_CALLS
04-15 17:58:42.224 D/RILC    ( 1536): [0185]> GET_CURRENT_CALLS 
04-15 17:58:42.224 D/RIL     ( 1536): onRequest: GET_CURRENT_CALLS
04-15 17:58:42.224 D/AT      ( 1536): AT> AT+CLCC
04-15 17:58:42.224 D/AT      ( 1536): AT< +CLCC: 1,1,0,0,0,"18913956595",161
04-15 17:58:42.224 D/AT      ( 1536): AT< +CLCC: 2,1,5,0,0,"13182827869",161
04-15 17:58:42.224 D/AT      ( 1536): AT< OK
04-15 17:58:42.224 D/RILC    ( 1536): [0185]< GET_CURRENT_CALLS {[id=1,ACTIVE,toa=161,norm,mt,als=0,voc,noevp,18913956595,cli=0,name='(null)',0][id=2,WAITING,toa=161,norm,mt,als=0,voc,noevp,13182827869,cli=0,name='(null)',0}
04-15 17:58:42.224 D/RILJ    ( 1652): InCall VoicePrivacy is disabled
04-15 17:58:42.224 D/RILJ    ( 1652): InCall VoicePrivacy is disabled
04-15 17:58:42.224 D/RILJ    ( 1652): [0185]< GET_CURRENT_CALLS  [id=1,ACTIVE,toa=161,norm,mt,0,voc,noevp,,cli=1,,0] [id=2,WAITING,toa=161,norm,mt,0,voc,noevp,,cli=1,,0] 
04-15 17:58:42.224 D/GSM     ( 1652): [GSMConn] update: parent=ACTIVE, hasNewParent=false, wasConnectingInOrOut=false, wasHolding=false, isConnectingInOrOut=false, changed=false
04-15 17:58:42.234 D/GSM     ( 1652): [GSMConn] update: parent=WAITING, hasNewParent=false, wasConnectingInOrOut=true, wasHolding=false, isConnectingInOrOut=true, changed=false
04-15 17:58:42.354 D/RILC    ( 1536): [UNSL]< UNSOL_RESPONSE_CALL_STATE_CHANGED 
04-15 17:58:42.354 D/RILJ    ( 1652): [UNSL]< UNSOL_RESPONSE_CALL_STATE_CHANGED
04-15 17:58:42.354 D/RILJ    ( 1652): [0186]> GET_CURRENT_CALLS
04-15 17:58:42.354 D/RILC    ( 1536): [0186]> GET_CURRENT_CALLS 
04-15 17:58:42.354 D/RIL     ( 1536): onRequest: GET_CURRENT_CALLS
04-15 17:58:42.354 D/AT      ( 1536): AT> AT+CLCC
04-15 17:58:42.354 D/AT      ( 1536): AT< +CLCC: 1,1,0,0,0,"18913956595",161
04-15 17:58:42.354 D/AT      ( 1536): AT< +CLCC: 2,1,5,0,0,"13182827869",161
04-15 17:58:42.354 D/AT      ( 1536): AT< OK
04-15 17:58:42.354 D/RILC    ( 1536): [0186]< GET_CURRENT_CALLS {[id=1,ACTIVE,toa=161,norm,mt,als=0,voc,noevp,18913956595,cli=0,name='(null)',0][id=2,WAITING,toa=161,norm,mt,als=0,voc,noevp,13182827869,cli=0,name='(null)',0}
04-15 17:58:42.364 D/RILJ    ( 1652): InCall VoicePrivacy is disabled
04-15 17:58:42.364 D/RILJ    ( 1652): InCall VoicePrivacy is disabled
04-15 17:58:42.364 D/RILJ    ( 1652): [0186]< GET_CURRENT_CALLS  [id=1,ACTIVE,toa=161,norm,mt,0,voc,noevp,,cli=1,,0] [id=2,WAITING,toa=161,norm,mt,0,voc,noevp,,cli=1,,0] 
04-15 17:58:42.364 D/GSM     ( 1652): [GSMConn] update: parent=ACTIVE, hasNewParent=false, wasConnectingInOrOut=false, wasHolding=false, isConnectingInOrOut=false, changed=false
04-15 17:58:42.364 D/GSM     ( 1652): [GSMConn] update: parent=WAITING, hasNewParent=false, wasConnectingInOrOut=true, wasHolding=false, isConnectingInOrOut=true, changed=false
04-15 17:58:42.394 D/RILC    ( 1536): [UNSL]< UNSOL_RESPONSE_CALL_STATE_CHANGED 
04-15 17:58:42.394 D/RILJ    ( 1652): [UNSL]< UNSOL_RESPONSE_CALL_STATE_CHANGED
04-15 17:58:42.394 D/RILJ    ( 1652): [0187]> GET_CURRENT_CALLS
04-15 17:58:42.404 D/RILC    ( 1536): [0187]> GET_CURRENT_CALLS 
04-15 17:58:42.404 D/RIL     ( 1536): onRequest: GET_CURRENT_CALLS
04-15 17:58:42.404 D/AT      ( 1536): AT> AT+CLCC
04-15 17:58:42.404 D/AT      ( 1536): AT< +CLCC: 1,1,0,0,0,"18913956595",161
04-15 17:58:42.404 D/AT      ( 1536): AT< +CLCC: 2,1,5,0,0,"13182827869",161
04-15 17:58:42.404 D/AT      ( 1536): AT< OK
04-15 17:58:42.404 D/RILC    ( 1536): [0187]< GET_CURRENT_CALLS {[id=1,ACTIVE,toa=161,norm,mt,als=0,voc,noevp,18913956595,cli=0,name='(null)',0][id=2,WAITING,toa=161,norm,mt,als=0,voc,noevp,13182827869,cli=0,name='(null)',0}
04-15 17:58:42.404 D/RILJ    ( 1652): InCall VoicePrivacy is disabled
04-15 17:58:42.404 D/RILJ    ( 1652): InCall VoicePrivacy is disabled
04-15 17:58:42.404 D/RILJ    ( 1652): [0187]< GET_CURRENT_CALLS  [id=1,ACTIVE,toa=161,norm,mt,0,voc,noevp,,cli=1,,0] [id=2,WAITING,toa=161,norm,mt,0,voc,noevp,,cli=1,,0] 
04-15 17:58:42.404 D/GSM     ( 1652): [GSMConn] update: parent=ACTIVE, hasNewParent=false, wasConnectingInOrOut=false, wasHolding=false, isConnectingInOrOut=false, changed=false
04-15 17:58:42.404 D/GSM     ( 1652): [GSMConn] update: parent=WAITING, hasNewParent=false, wasConnectingInOrOut=true, wasHolding=false, isConnectingInOrOut=true, changed=false
04-15 17:58:42.624 D/RILC    ( 1536): [UNSL]< UNSOL_RESPONSE_CALL_STATE_CHANGED 
04-15 17:58:42.624 D/RILJ    ( 1652): [UNSL]< UNSOL_RESPONSE_CALL_STATE_CHANGED
04-15 17:58:42.624 D/RILJ    ( 1652): [0188]> GET_CURRENT_CALLS
04-15 17:58:42.624 D/RILC    ( 1536): [0188]> GET_CURRENT_CALLS 
04-15 17:58:42.624 D/RIL     ( 1536): onRequest: GET_CURRENT_CALLS
04-15 17:58:42.624 D/AT      ( 1536): AT> AT+CLCC
04-15 17:58:42.634 D/AT      ( 1536): AT< +CLCC: 1,1,0,0,0,"18913956595",161
04-15 17:58:42.634 D/AT      ( 1536): AT< +CLCC: 2,1,5,0,0,"13182827869",161
04-15 17:58:42.634 D/AT      ( 1536): AT< OK
04-15 17:58:42.634 D/RILC    ( 1536): [0188]< GET_CURRENT_CALLS {[id=1,ACTIVE,toa=161,norm,mt,als=0,voc,noevp,18913956595,cli=0,name='(null)',0][id=2,WAITING,toa=161,norm,mt,als=0,voc,noevp,13182827869,cli=0,name='(null)',0}
04-15 17:58:42.634 D/RILJ    ( 1652): InCall VoicePrivacy is disabled
04-15 17:58:42.634 D/RILJ    ( 1652): InCall VoicePrivacy is disabled
04-15 17:58:42.634 D/RILJ    ( 1652): [0188]< GET_CURRENT_CALLS  [id=1,ACTIVE,toa=161,norm,mt,0,voc,noevp,,cli=1,,0] [id=2,WAITING,toa=161,norm,mt,0,voc,noevp,,cli=1,,0] 
04-15 17:58:42.634 D/GSM     ( 1652): [GSMConn] update: parent=ACTIVE, hasNewParent=false, wasConnectingInOrOut=false, wasHolding=false, isConnectingInOrOut=false, changed=false
04-15 17:58:42.634 D/GSM     ( 1652): [GSMConn] update: parent=WAITING, hasNewParent=false, wasConnectingInOrOut=true, wasHolding=false, isConnectingInOrOut=true, changed=false
04-15 17:58:42.644 D/RILC    ( 1536): [UNSL]< UNSOL_RESPONSE_CALL_STATE_CHANGED 
04-15 17:58:42.644 D/RILJ    ( 1652): [UNSL]< UNSOL_RESPONSE_CALL_STATE_CHANGED
04-15 17:58:42.644 D/RILJ    ( 1652): [0189]> GET_CURRENT_CALLS
04-15 17:58:42.644 D/RILC    ( 1536): [0189]> GET_CURRENT_CALLS 
04-15 17:58:42.644 D/RIL     ( 1536): onRequest: GET_CURRENT_CALLS
04-15 17:58:42.644 D/AT      ( 1536): AT> AT+CLCC
04-15 17:58:42.654 D/AT      ( 1536): AT< +CLCC: 1,1,0,0,0,"18913956595",161
04-15 17:58:42.654 D/AT      ( 1536): AT< +CLCC: 2,1,5,0,0,"13182827869",161
04-15 17:58:42.654 D/AT      ( 1536): AT< OK
04-15 17:58:42.654 D/RILC    ( 1536): [0189]< GET_CURRENT_CALLS {[id=1,ACTIVE,toa=161,norm,mt,als=0,voc,noevp,18913956595,cli=0,name='(null)',0][id=2,WAITING,toa=161,norm,mt,als=0,voc,noevp,13182827869,cli=0,name='(null)',0}
04-15 17:58:42.654 D/RILJ    ( 1652): InCall VoicePrivacy is disabled
04-15 17:58:42.654 D/RILJ    ( 1652): InCall VoicePrivacy is disabled
04-15 17:58:42.654 D/RILJ    ( 1652): [0189]< GET_CURRENT_CALLS  [id=1,ACTIVE,toa=161,norm,mt,0,voc,noevp,,cli=1,,0] [id=2,WAITING,toa=161,norm,mt,0,voc,noevp,,cli=1,,0] 
04-15 17:58:42.654 D/GSM     ( 1652): [GSMConn] update: parent=ACTIVE, hasNewParent=false, wasConnectingInOrOut=false, wasHolding=false, isConnectingInOrOut=false, changed=false
04-15 17:58:42.654 D/GSM     ( 1652): [GSMConn] update: parent=WAITING, hasNewParent=false, wasConnectingInOrOut=true, wasHolding=false, isConnectingInOrOut=true, changed=false
04-15 17:58:42.664 D/RILC    ( 1536): [UNSL]< UNSOL_RESPONSE_CALL_STATE_CHANGED 
04-15 17:58:42.664 D/RILJ    ( 1652): [UNSL]< UNSOL_RESPONSE_CALL_STATE_CHANGED
04-15 17:58:42.664 D/RILJ    ( 1652): [0190]> GET_CURRENT_CALLS
04-15 17:58:42.664 D/RILC    ( 1536): [0190]> GET_CURRENT_CALLS 
04-15 17:58:42.664 D/RIL     ( 1536): onRequest: GET_CURRENT_CALLS
04-15 17:58:42.664 D/AT      ( 1536): AT> AT+CLCC
04-15 17:58:42.664 D/AT      ( 1536): AT< +CLCC: 1,1,0,0,0,"18913956595",161
04-15 17:58:42.664 D/AT      ( 1536): AT< +CLCC: 2,1,5,0,0,"13182827869",161
04-15 17:58:42.664 D/AT      ( 1536): AT< OK
04-15 17:58:42.664 D/RILC    ( 1536): [0190]< GET_CURRENT_CALLS {[id=1,ACTIVE,toa=161,norm,mt,als=0,voc,noevp,18913956595,cli=0,name='(null)',0][id=2,WAITING,toa=161,norm,mt,als=0,voc,noevp,13182827869,cli=0,name='(null)',0}
04-15 17:58:42.674 D/RILJ    ( 1652): InCall VoicePrivacy is disabled
04-15 17:58:42.674 D/RILJ    ( 1652): InCall VoicePrivacy is disabled
04-15 17:58:42.674 D/RILJ    ( 1652): [0190]< GET_CURRENT_CALLS  [id=1,ACTIVE,toa=161,norm,mt,0,voc,noevp,,cli=1,,0] [id=2,WAITING,toa=161,norm,mt,0,voc,noevp,,cli=1,,0] 
04-15 17:58:42.674 D/GSM     ( 1652): [GSMConn] update: parent=ACTIVE, hasNewParent=false, wasConnectingInOrOut=false, wasHolding=false, isConnectingInOrOut=false, changed=false
04-15 17:58:42.674 D/GSM     ( 1652): [GSMConn] update: parent=WAITING, hasNewParent=false, wasConnectingInOrOut=true, wasHolding=false, isConnectingInOrOut=true, changed=false
04-15 17:58:42.724 D/RILC    ( 1536): [UNSL]< UNSOL_RESPONSE_CALL_STATE_CHANGED 
04-15 17:58:42.724 D/RILJ    ( 1652): [UNSL]< UNSOL_RESPONSE_CALL_STATE_CHANGED
04-15 17:58:42.724 D/RILJ    ( 1652): [0191]> GET_CURRENT_CALLS
04-15 17:58:42.734 D/RILC    ( 1536): [0191]> GET_CURRENT_CALLS 
04-15 17:58:42.734 D/RIL     ( 1536): onRequest: GET_CURRENT_CALLS
04-15 17:58:42.734 D/AT      ( 1536): AT> AT+CLCC
04-15 17:58:42.734 D/AT      ( 1536): AT< +CLCC: 1,1,0,0,0,"18913956595",161
04-15 17:58:42.734 D/AT      ( 1536): AT< +CLCC: 2,1,5,0,0,"13182827869",161
04-15 17:58:42.734 D/AT      ( 1536): AT< OK
04-15 17:58:42.734 D/RILC    ( 1536): [0191]< GET_CURRENT_CALLS {[id=1,ACTIVE,toa=161,norm,mt,als=0,voc,noevp,18913956595,cli=0,name='(null)',0][id=2,WAITING,toa=161,norm,mt,als=0,voc,noevp,13182827869,cli=0,name='(null)',0}
04-15 17:58:42.734 D/RILJ    ( 1652): InCall VoicePrivacy is disabled
04-15 17:58:42.734 D/RILJ    ( 1652): InCall VoicePrivacy is disabled
04-15 17:58:42.734 D/RILJ    ( 1652): [0191]< GET_CURRENT_CALLS  [id=1,ACTIVE,toa=161,norm,mt,0,voc,noevp,,cli=1,,0] [id=2,WAITING,toa=161,norm,mt,0,voc,noevp,,cli=1,,0] 
04-15 17:58:42.734 D/GSM     ( 1652): [GSMConn] update: parent=ACTIVE, hasNewParent=false, wasConnectingInOrOut=false, wasHolding=false, isConnectingInOrOut=false, changed=false
04-15 17:58:42.734 D/GSM     ( 1652): [GSMConn] update: parent=WAITING, hasNewParent=false, wasConnectingInOrOut=true, wasHolding=false, isConnectingInOrOut=true, changed=false
04-15 17:58:42.864 D/RILC    ( 1536): [UNSL]< UNSOL_RESPONSE_CALL_STATE_CHANGED 
04-15 17:58:42.864 D/RILJ    ( 1652): [UNSL]< UNSOL_RESPONSE_CALL_STATE_CHANGED
04-15 17:58:42.864 D/RILJ    ( 1652): [0192]> GET_CURRENT_CALLS
