04-15 17:56:35.914 D/GSM     ( 1652): [GsmDataConnectionTracker] setState: CONNECTED
04-15 17:56:35.944 D/GSM     ( 1652): [DataConnection] Start poll NetStat
04-15 17:56:38.480 D/RILJ    ( 1652): [0042]> SIGNAL_STRENGTH
04-15 17:56:38.484 D/RILC    ( 1536): [0042]> SIGNAL_STRENGTH 
04-15 17:56:38.484 D/RIL     ( 1536): onRequest: SIGNAL_STRENGTH
04-15 17:56:38.484 D/AT      ( 1536): AT> AT+CSQ
04-15 17:56:38.484 D/AT      ( 1536): AT< +CSQ: 20,99
04-15 17:56:38.484 D/AT      ( 1536): AT< OK
04-15 17:56:38.484 D/RILC    ( 1536): [0042]< SIGNAL_STRENGTH {[ 20 99]}
04-15 17:56:38.494 D/RILJ    ( 1652): [0042]< SIGNAL_STRENGTH {20, 99, 0, 0, 0, 0, 0}
04-15 17:56:58.534 D/RILJ    ( 1652): [0043]> SIGNAL_STRENGTH
04-15 17:56:58.544 D/RILC    ( 1536): [0043]> SIGNAL_STRENGTH 
04-15 17:56:58.544 D/RIL     ( 1536): onRequest: SIGNAL_STRENGTH
04-15 17:56:58.544 D/AT      ( 1536): AT> AT+CSQ
04-15 17:56:58.544 D/AT      ( 1536): AT< +CSQ: 16,99
04-15 17:56:58.544 D/AT      ( 1536): AT< OK
04-15 17:56:58.544 D/RILC    ( 1536): [0043]< SIGNAL_STRENGTH {[ 16 99]}
04-15 17:56:58.544 D/RILJ    ( 1652): [0043]< SIGNAL_STRENGTH {16, 99, 0, 0, 0, 0, 0}
04-15 17:57:18.564 D/RILJ    ( 1652): [0044]> SIGNAL_STRENGTH
04-15 17:57:18.574 D/RILC    ( 1536): [0044]> SIGNAL_STRENGTH 
04-15 17:57:18.574 D/RIL     ( 1536): onRequest: SIGNAL_STRENGTH
04-15 17:57:18.574 D/AT      ( 1536): AT> AT+CSQ
04-15 17:57:18.584 D/AT      ( 1536): AT< +CSQ: 18,99
04-15 17:57:18.584 D/AT      ( 1536): AT< OK
04-15 17:57:18.584 D/RILC    ( 1536): [0044]< SIGNAL_STRENGTH {[ 18 99]}
04-15 17:57:18.594 D/RILJ    ( 1652): [0044]< SIGNAL_STRENGTH {18, 99, 0, 0, 0, 0, 0}
04-15 17:57:38.657 D/RILJ    ( 1652): [0045]> SIGNAL_STRENGTH
04-15 17:57:38.664 D/RILC    ( 1536): [0045]> SIGNAL_STRENGTH 
04-15 17:57:38.664 D/RIL     ( 1536): onRequest: SIGNAL_STRENGTH
04-15 17:57:38.664 D/AT      ( 1536): AT> AT+CSQ
04-15 17:57:38.664 D/AT      ( 1536): AT< +CSQ: 19,99
04-15 17:57:38.664 D/AT      ( 1536): AT< OK
04-15 17:57:38.664 D/RILC    ( 1536): [0045]< SIGNAL_STRENGTH {[ 19 99]}
04-15 17:57:38.664 D/RILJ    ( 1652): [0045]< SIGNAL_STRENGTH {19, 99, 0, 0, 0, 0, 0}
04-15 17:57:58.698 D/RILJ    ( 1652): [0046]> SIGNAL_STRENGTH
04-15 17:57:58.724 D/RILC    ( 1536): [0046]> SIGNAL_STRENGTH 
04-15 17:57:58.724 D/RIL     ( 1536): onRequest: SIGNAL_STRENGTH
04-15 17:57:58.734 D/AT      ( 1536): AT> AT+CSQ
04-15 17:57:58.734 D/AT      ( 1536): AT< +CSQ: 19,99
04-15 17:57:58.744 D/AT      ( 1536): AT< OK
04-15 17:57:58.744 D/RILC    ( 1536): [0046]< SIGNAL_STRENGTH {[ 19 99]}
04-15 17:57:58.754 D/RILJ    ( 1652): [0046]< SIGNAL_STRENGTH {19, 99, 0, 0, 0, 0, 0}
04-15 17:58:12.720 D/AT      ( 1536): AT< RING
04-15 17:58:12.720 D/RILC    ( 1536): [UNSL]< UNSOL_RESPONSE_CALL_STATE_CHANGED 
04-15 17:58:12.720 D/RILJ    ( 1652): [UNSL]< UNSOL_RESPONSE_CALL_STATE_CHANGED
04-15 17:58:12.724 D/RILJ    ( 1652): [0047]> GET_CURRENT_CALLS
04-15 17:58:12.734 D/RILC    ( 1536): [0047]> GET_CURRENT_CALLS 
04-15 17:58:12.734 D/RIL     ( 1536): onRequest: GET_CURRENT_CALLS
04-15 17:58:12.734 D/AT      ( 1536): AT> AT+CLCC
04-15 17:58:12.744 D/AT      ( 1536): AT< +CLCC: 1,1,4,0,0,"18913956595",161
04-15 17:58:12.744 D/AT      ( 1536): AT< OK
04-15 17:58:12.744 D/RILC    ( 1536): [0047]< GET_CURRENT_CALLS {[id=1,INCOMING,toa=161,norm,mt,als=0,voc,noevp,18913956595,cli=0,name='(null)',0}
04-15 17:58:12.754 D/RILJ    ( 1652): InCall VoicePrivacy is disabled
04-15 17:58:12.754 D/RILJ    ( 1652): [0047]< GET_CURRENT_CALLS  [id=1,INCOMING,toa=161,norm,mt,0,voc,noevp,,cli=1,,0] 
04-15 17:58:12.774 D/GSM     ( 1652): [GSMConn] acquireWakeLock
04-15 17:58:12.854 D/GSM     ( 1652): GSMDataConnTrack handleMessage { what=14 when=162756 obj=android.os.AsyncResult@43cd8c48 }
04-15 17:58:12.854 D/GSM     ( 1652): [DataConnection] Stop poll NetStat
04-15 17:58:13.244 D/RILC    ( 1536): [UNSL]< UNSOL_RESPONSE_CALL_STATE_CHANGED 
04-15 17:58:13.244 D/RILJ    ( 1652): [UNSL]< UNSOL_RESPONSE_CALL_STATE_CHANGED
04-15 17:58:13.304 D/RILJ    ( 1652): [0048]> GET_CURRENT_CALLS
04-15 17:58:13.354 D/RILC    ( 1536): [0048]> GET_CURRENT_CALLS 
04-15 17:58:13.354 D/RIL     ( 1536): onRequest: GET_CURRENT_CALLS
04-15 17:58:13.354 D/AT      ( 1536): AT> AT+CLCC
04-15 17:58:13.354 D/AT      ( 1536): AT< +CLCC: 1,1,4,0,0,"18913956595",161
04-15 17:58:13.354 D/AT      ( 1536): AT< OK
04-15 17:58:13.364 D/RILC    ( 1536): [0048]< GET_CURRENT_CALLS {[id=1,INCOMING,toa=161,norm,mt,als=0,voc,noevp,18913956595,cli=0,name='(null)',0}
04-15 17:58:13.364 D/RILJ    ( 1652): InCall VoicePrivacy is disabled
04-15 17:58:13.364 D/RILJ    ( 1652): [0048]< GET_CURRENT_CALLS  [id=1,INCOMING,toa=161,norm,mt,0,voc,noevp,,cli=1,,0] 
04-15 17:58:13.864 D/RILC    ( 1536): [UNSL]< UNSOL_RESPONSE_CALL_STATE_CHANGED 
04-15 17:58:13.864 D/RILJ    ( 1652): [UNSL]< UNSOL_RESPONSE_CALL_STATE_CHANGED
04-15 17:58:15.104 D/GSM     ( 1652): [GSMConn] update: parent=INCOMING, hasNewParent=false, wasConnectingInOrOut=true, wasHolding=false, isConnectingInOrOut=true, changed=false
04-15 17:58:15.104 D/RILJ    ( 1652): [0049]> GET_CURRENT_CALLS
04-15 17:58:15.104 D/RILC    ( 1536): [0049]> GET_CURRENT_CALLS 
04-15 17:58:15.104 D/RIL     ( 1536): onRequest: GET_CURRENT_CALLS
04-15 17:58:15.104 D/AT      ( 1536): AT> AT+CLCC
04-15 17:58:15.114 D/AT      ( 1536): AT< +CLCC: 1,1,4,0,0,"18913956595",161
04-15 17:58:15.114 D/AT      ( 1536): AT< OK
04-15 17:58:15.114 D/RILC    ( 1536): [0049]< GET_CURRENT_CALLS {[id=1,INCOMING,toa=161,norm,mt,als=0,voc,noevp,18913956595,cli=0,name='(null)',0}
04-15 17:58:15.114 D/RILJ    ( 1652): InCall VoicePrivacy is disabled
04-15 17:58:15.114 D/RILJ    ( 1652): [0049]< GET_CURRENT_CALLS  [id=1,INCOMING,toa=161,norm,mt,0,voc,noevp,,cli=1,,0] 
04-15 17:58:15.264 D/GSM     ( 1652): [GSMConn] update: parent=INCOMING, hasNewParent=false, wasConnectingInOrOut=true, wasHolding=false, isConnectingInOrOut=true, changed=false
04-15 17:58:15.614 D/RILC    ( 1536): [UNSL]< UNSOL_RESPONSE_CALL_STATE_CHANGED 
04-15 17:58:15.614 D/RILJ    ( 1652): [UNSL]< UNSOL_RESPONSE_CALL_STATE_CHANGED
04-15 17:58:15.614 D/RILJ    ( 1652): [0050]> GET_CURRENT_CALLS
04-15 17:58:15.624 D/RILC    ( 1536): [0050]> GET_CURRENT_CALLS 
04-15 17:58:15.624 D/RIL     ( 1536): onRequest: GET_CURRENT_CALLS
04-15 17:58:15.624 D/AT      ( 1536): AT> AT+CLCC
04-15 17:58:15.624 D/AT      ( 1536): AT< +CLCC: 1,1,4,0,0,"18913956595",161
04-15 17:58:15.624 D/AT      ( 1536): AT< OK
04-15 17:58:15.624 D/RILC    ( 1536): [0050]< GET_CURRENT_CALLS {[id=1,INCOMING,toa=161,norm,mt,als=0,voc,noevp,18913956595,cli=0,name='(null)',0}
04-15 17:58:15.624 D/RILJ    ( 1652): InCall VoicePrivacy is disabled
04-15 17:58:15.634 D/RILJ    ( 1652): [0050]< GET_CURRENT_CALLS  [id=1,INCOMING,toa=161,norm,mt,0,voc,noevp,,cli=1,,0] 
04-15 17:58:15.644 D/GSM     ( 1652): [GSMConn] update: parent=INCOMING, hasNewParent=false, wasConnectingInOrOut=true, wasHolding=false, isConnectingInOrOut=true, changed=false
04-15 17:58:16.131 D/RILC    ( 1536): [UNSL]< UNSOL_RESPONSE_CALL_STATE_CHANGED 
04-15 17:58:16.134 D/RILJ    ( 1652): [UNSL]< UNSOL_RESPONSE_CALL_STATE_CHANGED
04-15 17:58:16.134 D/RILJ    ( 1652): [0051]> GET_CURRENT_CALLS
04-15 17:58:16.144 D/RILC    ( 1536): [0051]> GET_CURRENT_CALLS 
04-15 17:58:16.144 D/RIL     ( 1536): onRequest: GET_CURRENT_CALLS
04-15 17:58:16.144 D/AT      ( 1536): AT> AT+CLCC
04-15 17:58:16.144 D/AT      ( 1536): AT< +CLCC: 1,1,4,0,0,"18913956595",161
04-15 17:58:16.144 D/AT      ( 1536): AT< OK
04-15 17:58:16.144 D/RILC    ( 1536): [0051]< GET_CURRENT_CALLS {[id=1,INCOMING,toa=161,norm,mt,als=0,voc,noevp,18913956595,cli=0,name='(null)',0}
04-15 17:58:16.154 D/RILJ    ( 1652): InCall VoicePrivacy is disabled
04-15 17:58:16.154 D/RILJ    ( 1652): [0051]< GET_CURRENT_CALLS  [id=1,INCOMING,toa=161,norm,mt,0,voc,noevp,,cli=1,,0] 
04-15 17:58:16.154 D/GSM     ( 1652): [GSMConn] update: parent=INCOMING, hasNewParent=false, wasConnectingInOrOut=true, wasHolding=false, isConnectingInOrOut=true, changed=false
04-15 17:58:16.649 D/RILC    ( 1536): [UNSL]< UNSOL_RESPONSE_CALL_STATE_CHANGED 
04-15 17:58:16.649 D/RILJ    ( 1652): [UNSL]< UNSOL_RESPONSE_CALL_STATE_CHANGED
04-15 17:58:16.654 D/RILJ    ( 1652): [0052]> GET_CURRENT_CALLS
04-15 17:58:16.664 D/RILC    ( 1536): [0052]> GET_CURRENT_CALLS 
04-15 17:58:16.664 D/RIL     ( 1536): onRequest: GET_CURRENT_CALLS
04-15 17:58:16.664 D/AT      ( 1536): AT> AT+CLCC
04-15 17:58:16.664 D/AT      ( 1536): AT< +CLCC: 1,1,4,0,0,"18913956595",161
04-15 17:58:16.664 D/AT      ( 1536): AT< OK
04-15 17:58:16.664 D/RILC    ( 1536): [0052]< GET_CURRENT_CALLS {[id=1,INCOMING,toa=161,norm,mt,als=0,voc,noevp,18913956595,cli=0,name='(null)',0}
04-15 17:58:16.674 D/RILJ    ( 1652): InCall VoicePrivacy is disabled
04-15 17:58:16.674 D/RILJ    ( 1652): [0052]< GET_CURRENT_CALLS  [id=1,INCOMING,toa=161,norm,mt,0,voc,noevp,,cli=1,,0] 
04-15 17:58:16.684 D/GSM     ( 1652): [GSMConn] update: parent=INCOMING, hasNewParent=false, wasConnectingInOrOut=true, wasHolding=false, isConnectingInOrOut=true, changed=false
04-15 17:58:17.172 D/RILC    ( 1536): [UNSL]< UNSOL_RESPONSE_CALL_STATE_CHANGED 
04-15 17:58:17.174 D/RILJ    ( 1652): [UNSL]< UNSOL_RESPONSE_CALL_STATE_CHANGED
04-15 17:58:17.184 D/RILJ    ( 1652): [0053]> GET_CURRENT_CALLS
04-15 17:58:17.194 D/RILC    ( 1536): [0053]> GET_CURRENT_CALLS 
04-15 17:58:17.194 D/RIL     ( 1536): onRequest: GET_CURRENT_CALLS
04-15 17:58:17.194 D/AT      ( 1536): AT> AT+CLCC
04-15 17:58:17.204 D/AT      ( 1536): AT< +CLCC: 1,1,4,0,0,"18913956595",161
04-15 17:58:17.204 D/AT      ( 1536): AT< OK
04-15 17:58:17.204 D/RILC    ( 1536): [0053]< GET_CURRENT_CALLS {[id=1,INCOMING,toa=161,norm,mt,als=0,voc,noevp,18913956595,cli=0,name='(null)',0}
04-15 17:58:17.204 D/RILJ    ( 1652): InCall VoicePrivacy is disabled
04-15 17:58:17.204 D/RILJ    ( 1652): [0053]< GET_CURRENT_CALLS  [id=1,INCOMING,toa=161,norm,mt,0,voc,noevp,,cli=1,,0] 
04-15 17:58:17.214 D/GSM     ( 1652): [GSMConn] update: parent=INCOMING, hasNewParent=false, wasConnectingInOrOut=true, wasHolding=false, isConnectingInOrOut=true, changed=false
04-15 17:58:17.704 D/RILC    ( 1536): [UNSL]< UNSOL_RESPONSE_CALL_STATE_CHANGED 
04-15 17:58:17.704 D/RILJ    ( 1652): [UNSL]< UNSOL_RESPONSE_CALL_STATE_CHANGED
04-15 17:58:17.724 D/AT      ( 1536): AT< RING
04-15 17:58:17.724 D/RILC    ( 1536): [UNSL]< UNSOL_RESPONSE_CALL_STATE_CHANGED 
04-15 17:58:17.724 D/RILJ    ( 1652): [UNSL]< UNSOL_RESPONSE_CALL_STATE_CHANGED
04-15 17:58:17.874 D/RILJ    ( 1652): [0054]> GET_CURRENT_CALLS
04-15 17:58:17.884 D/RILC    ( 1536): [0054]> GET_CURRENT_CALLS 
04-15 17:58:17.884 D/RIL     ( 1536): onRequest: GET_CURRENT_CALLS
04-15 17:58:17.894 D/AT      ( 1536): AT> AT+CLCC
04-15 17:58:17.894 D/AT      ( 1536): AT< +CLCC: 1,1,4,0,0,"18913956595",161
04-15 17:58:17.894 D/AT      ( 1536): AT< OK
04-15 17:58:17.904 D/RILC    ( 1536): [0054]< GET_CURRENT_CALLS {[id=1,INCOMING,toa=161,norm,mt,als=0,voc,noevp,18913956595,cli=0,name='(null)',0}
04-15 17:58:17.914 D/RILJ    ( 1652): InCall VoicePrivacy is disabled
04-15 17:58:17.914 D/RILJ    ( 1652): [0054]< GET_CURRENT_CALLS  [id=1,INCOMING,toa=161,norm,mt,0,voc,noevp,,cli=1,,0] 
04-15 17:58:17.914 D/RILJ    ( 1652): [0055]> GET_CURRENT_CALLS
04-15 17:58:17.934 D/RILC    ( 1536): [0055]> GET_CURRENT_CALLS 
04-15 17:58:17.934 D/RIL     ( 1536): onRequest: GET_CURRENT_CALLS
04-15 17:58:17.934 D/AT      ( 1536): AT> AT+CLCC
04-15 17:58:17.934 D/AT      ( 1536): AT< +CLCC: 1,1,4,0,0,"18913956595",161
04-15 17:58:17.944 D/AT      ( 1536): AT< OK
04-15 17:58:17.944 D/RILC    ( 1536): [0055]< GET_CURRENT_CALLS {[id=1,INCOMING,toa=161,norm,mt,als=0,voc,noevp,18913956595,cli=0,name='(null)',0}
04-15 17:58:17.954 D/RILJ    ( 1652): InCall VoicePrivacy is disabled
04-15 17:58:17.954 D/RILJ    ( 1652): [0055]< GET_CURRENT_CALLS  [id=1,INCOMING,toa=161,norm,mt,0,voc,noevp,,cli=1,,0] 
04-15 17:58:18.134 D/GSM     ( 1652): [GSMConn] update: parent=INCOMING, hasNewParent=false, wasConnectingInOrOut=true, wasHolding=false, isConnectingInOrOut=true, changed=false
04-15 17:58:18.414 D/RILC    ( 1536): [UNSL]< UNSOL_RESPONSE_CALL_STATE_CHANGED 
04-15 17:58:18.424 D/RILJ    ( 1652): [UNSL]< UNSOL_RESPONSE_CALL_STATE_CHANGED
04-15 17:58:18.444 D/RILJ    ( 1652): [0056]> GET_CURRENT_CALLS
04-15 17:58:18.444 D/RILC    ( 1536): [UNSL]< UNSOL_RESPONSE_CALL_STATE_CHANGED 
04-15 17:58:18.444 D/RILJ    ( 1652): [UNSL]< UNSOL_RESPONSE_CALL_STATE_CHANGED
04-15 17:58:18.464 D/RILC    ( 1536): [0056]> GET_CURRENT_CALLS 
04-15 17:58:18.464 D/RIL     ( 1536): onRequest: GET_CURRENT_CALLS
04-15 17:58:18.464 D/AT      ( 1536): AT> AT+CLCC
04-15 17:58:18.464 D/AT      ( 1536): AT< +CLCC: 1,1,4,0,0,"18913956595",161
04-15 17:58:18.474 D/AT      ( 1536): AT< OK
04-15 17:58:18.474 D/RILC    ( 1536): [0056]< GET_CURRENT_CALLS {[id=1,INCOMING,toa=161,norm,mt,als=0,voc,noevp,18913956595,cli=0,name='(null)',0}
04-15 17:58:18.484 D/RILJ    ( 1652): InCall VoicePrivacy is disabled
04-15 17:58:18.494 D/RILJ    ( 1652): [0056]< GET_CURRENT_CALLS  [id=1,INCOMING,toa=161,norm,mt,0,voc,noevp,,cli=1,,0] 
04-15 17:58:18.524 D/RILJ    ( 1652): [0057]> GET_CURRENT_CALLS
04-15 17:58:18.534 D/RILC    ( 1536): [0057]> GET_CURRENT_CALLS 
04-15 17:58:18.534 D/RIL     ( 1536): onRequest: GET_CURRENT_CALLS
04-15 17:58:18.534 D/AT      ( 1536): AT> AT+CLCC
04-15 17:58:18.544 D/AT      ( 1536): AT< +CLCC: 1,1,4,0,0,"18913956595",161
04-15 17:58:18.544 D/AT      ( 1536): AT< OK
04-15 17:58:18.544 D/RILC    ( 1536): [0057]< GET_CURRENT_CALLS {[id=1,INCOMING,toa=161,norm,mt,als=0,voc,noevp,18913956595,cli=0,name='(null)',0}
04-15 17:58:18.544 D/RILJ    ( 1652): InCall VoicePrivacy is disabled
04-15 17:58:18.554 D/RILJ    ( 1652): [0057]< GET_CURRENT_CALLS  [id=1,INCOMING,toa=161,norm,mt,0,voc,noevp,,cli=1,,0] 
04-15 17:58:18.594 D/GSM     ( 1652): [GSMConn] update: parent=INCOMING, hasNewParent=false, wasConnectingInOrOut=true, wasHolding=false, isConnectingInOrOut=true, changed=false
04-15 17:58:18.764 D/RILJ    ( 1652): [0058]> SIGNAL_STRENGTH
04-15 17:58:18.774 D/RILC    ( 1536): [0058]> SIGNAL_STRENGTH 
04-15 17:58:18.774 D/RIL     ( 1536): onRequest: SIGNAL_STRENGTH
04-15 17:58:18.774 D/AT      ( 1536): AT> AT+CSQ
04-15 17:58:18.774 D/AT      ( 1536): AT< +CSQ: 22,0
04-15 17:58:18.774 D/AT      ( 1536): AT< OK
04-15 17:58:18.774 D/RILC    ( 1536): [0058]< SIGNAL_STRENGTH {[ 22 0]}
04-15 17:58:18.774 D/RILJ    ( 1652): [0058]< SIGNAL_STRENGTH {22, 0, 0, 0, 0, 0, 0}
04-15 17:58:18.995 D/RILC    ( 1536): [UNSL]< UNSOL_RESPONSE_CALL_STATE_CHANGED 
04-15 17:58:18.995 D/RILJ    ( 1652): [UNSL]< UNSOL_RESPONSE_CALL_STATE_CHANGED
04-15 17:58:18.995 D/RILJ    ( 1652): [0059]> GET_CURRENT_CALLS
04-15 17:58:18.995 D/RILC    ( 1536): [0059]> GET_CURRENT_CALLS 
04-15 17:58:18.995 D/RIL     ( 1536): onRequest: GET_CURRENT_CALLS
04-15 17:58:18.995 D/AT      ( 1536): AT> AT+CLCC
04-15 17:58:19.004 D/AT      ( 1536): AT< +CLCC: 1,1,4,0,0,"18913956595",161
04-15 17:58:19.004 D/AT      ( 1536): AT< OK
04-15 17:58:19.004 D/RILC    ( 1536): [0059]< GET_CURRENT_CALLS {[id=1,INCOMING,toa=161,norm,mt,als=0,voc,noevp,18913956595,cli=0,name='(null)',0}
04-15 17:58:19.004 D/RILJ    ( 1652): InCall VoicePrivacy is disabled
04-15 17:58:19.004 D/RILJ    ( 1652): [0059]< GET_CURRENT_CALLS  [id=1,INCOMING,toa=161,norm,mt,0,voc,noevp,,cli=1,,0] 
04-15 17:58:19.004 D/GSM     ( 1652): [GSMConn] update: parent=INCOMING, hasNewParent=false, wasConnectingInOrOut=true, wasHolding=false, isConnectingInOrOut=true, changed=false
04-15 17:58:19.054 D/RILC    ( 1536): [UNSL]< UNSOL_RESPONSE_CALL_STATE_CHANGED 
04-15 17:58:19.054 D/RILJ    ( 1652): [UNSL]< UNSOL_RESPONSE_CALL_STATE_CHANGED
04-15 17:58:19.054 D/RILJ    ( 1652): [0060]> GET_CURRENT_CALLS
04-15 17:58:19.054 D/RILC    ( 1536): [0060]> GET_CURRENT_CALLS 
04-15 17:58:19.054 D/RIL     ( 1536): onRequest: GET_CURRENT_CALLS
04-15 17:58:19.054 D/AT      ( 1536): AT> AT+CLCC
04-15 17:58:19.065 D/AT      ( 1536): AT< +CLCC: 1,1,4,0,0,"18913956595",161
04-15 17:58:19.065 D/AT      ( 1536): AT< OK
04-15 17:58:19.065 D/RILC    ( 1536): [0060]< GET_CURRENT_CALLS {[id=1,INCOMING,toa=161,norm,mt,als=0,voc,noevp,18913956595,cli=0,name='(null)',0}
04-15 17:58:19.074 D/RILJ    ( 1652): InCall VoicePrivacy is disabled
04-15 17:58:19.074 D/RILJ    ( 1652): [0060]< GET_CURRENT_CALLS  [id=1,INCOMING,toa=161,norm,mt,0,voc,noevp,,cli=1,,0] 
04-15 17:58:19.074 D/GSM     ( 1652): [GSMConn] update: parent=INCOMING, hasNewParent=false, wasConnectingInOrOut=true, wasHolding=false, isConnectingInOrOut=true, changed=false
04-15 17:58:19.504 D/RILC    ( 1536): [UNSL]< UNSOL_RESPONSE_CALL_STATE_CHANGED 
04-15 17:58:19.514 D/RILJ    ( 1652): [UNSL]< UNSOL_RESPONSE_CALL_STATE_CHANGED
04-15 17:58:19.514 D/RILJ    ( 1652): [0061]> GET_CURRENT_CALLS
04-15 17:58:19.524 D/RILC    ( 1536): [0061]> GET_CURRENT_CALLS 
04-15 17:58:19.524 D/RIL     ( 1536): onRequest: GET_CURRENT_CALLS
04-15 17:58:19.524 D/AT      ( 1536): AT> AT+CLCC
04-15 17:58:19.534 D/AT      ( 1536): AT< +CLCC: 1,1,4,0,0,"18913956595",161
04-15 17:58:19.534 D/AT      ( 1536): AT< OK
04-15 17:58:19.534 D/RILC    ( 1536): [0061]< GET_CURRENT_CALLS {[id=1,INCOMING,toa=161,norm,mt,als=0,voc,noevp,18913956595,cli=0,name='(null)',0}
04-15 17:58:19.534 D/RILJ    ( 1652): InCall VoicePrivacy is disabled
04-15 17:58:19.544 D/RILJ    ( 1652): [0061]< GET_CURRENT_CALLS  [id=1,INCOMING,toa=161,norm,mt,0,voc,noevp,,cli=1,,0] 
04-15 17:58:19.554 D/GSM     ( 1652): [GSMConn] update: parent=INCOMING, hasNewParent=false, wasConnectingInOrOut=true, wasHolding=false, isConnectingInOrOut=true, changed=false
04-15 17:58:19.564 D/RILC    ( 1536): [UNSL]< UNSOL_RESPONSE_CALL_STATE_CHANGED 
04-15 17:58:19.564 D/RILJ    ( 1652): [UNSL]< UNSOL_RESPONSE_CALL_STATE_CHANGED
04-15 17:58:19.564 D/RILJ    ( 1652): [0062]> GET_CURRENT_CALLS
04-15 17:58:19.584 D/RILC    ( 1536): [0062]> GET_CURRENT_CALLS 
04-15 17:58:19.584 D/RIL     ( 1536): onRequest: GET_CURRENT_CALLS
04-15 17:58:19.584 D/AT      ( 1536): AT> AT+CLCC
04-15 17:58:19.584 D/AT      ( 1536): AT< +CLCC: 1,1,4,0,0,"18913956595",161
04-15 17:58:19.584 D/AT      ( 1536): AT< OK
04-15 17:58:19.584 D/RILC    ( 1536): [0062]< GET_CURRENT_CALLS {[id=1,INCOMING,toa=161,norm,mt,als=0,voc,noevp,18913956595,cli=0,name='(null)',0}
04-15 17:58:19.584 D/RILJ    ( 1652): InCall VoicePrivacy is disabled
04-15 17:58:19.584 D/RILJ    ( 1652): [0062]< GET_CURRENT_CALLS  [id=1,INCOMING,toa=161,norm,mt,0,voc,noevp,,cli=1,,0] 
04-15 17:58:19.614 D/GSM     ( 1652): [GSMConn] update: parent=INCOMING, hasNewParent=false, wasConnectingInOrOut=true, wasHolding=false, isConnectingInOrOut=true, changed=false
04-15 17:58:20.034 D/RILC    ( 1536): [UNSL]< UNSOL_RESPONSE_CALL_STATE_CHANGED 
04-15 17:58:20.034 D/RILJ    ( 1652): [UNSL]< UNSOL_RESPONSE_CALL_STATE_CHANGED
04-15 17:58:20.094 D/RILC    ( 1536): [UNSL]< UNSOL_RESPONSE_CALL_STATE_CHANGED 
04-15 17:58:20.094 D/RILJ    ( 1652): [UNSL]< UNSOL_RESPONSE_CALL_STATE_CHANGED
04-15 17:58:20.094 D/RILJ    ( 1652): [0063]> GET_CURRENT_CALLS
04-15 17:58:20.114 D/RILC    ( 1536): [0063]> GET_CURRENT_CALLS 
04-15 17:58:20.114 D/RIL     ( 1536): onRequest: GET_CURRENT_CALLS
04-15 17:58:20.114 D/AT      ( 1536): AT> AT+CLCC
04-15 17:58:20.124 D/AT      ( 1536): AT< +CLCC: 1,1,4,0,0,"18913956595",161
04-15 17:58:20.124 D/AT      ( 1536): AT< OK
04-15 17:58:20.124 D/RILC    ( 1536): [0063]< GET_CURRENT_CALLS {[id=1,INCOMING,toa=161,norm,mt,als=0,voc,noevp,18913956595,cli=0,name='(null)',0}
04-15 17:58:20.124 D/RILJ    ( 1652): InCall VoicePrivacy is disabled
04-15 17:58:20.124 D/RILJ    ( 1652): [0063]< GET_CURRENT_CALLS  [id=1,INCOMING,toa=161,norm,mt,0,voc,noevp,,cli=1,,0] 
04-15 17:58:20.184 D/RILJ    ( 1652): [0064]> GET_CURRENT_CALLS
04-15 17:58:20.194 D/RILC    ( 1536): [0064]> GET_CURRENT_CALLS 
04-15 17:58:20.194 D/RIL     ( 1536): onRequest: GET_CURRENT_CALLS
04-15 17:58:20.194 D/AT      ( 1536): AT> AT+CLCC
04-15 17:58:20.194 D/AT      ( 1536): AT< +CLCC: 1,1,4,0,0,"18913956595",161
04-15 17:58:20.194 D/AT      ( 1536): AT< OK
04-15 17:58:20.204 D/RILC    ( 1536): [0064]< GET_CURRENT_CALLS {[id=1,INCOMING,toa=161,norm,mt,als=0,voc,noevp,18913956595,cli=0,name='(null)',0}
04-15 17:58:20.204 D/RILJ    ( 1652): InCall VoicePrivacy is disabled
04-15 17:58:20.204 D/RILJ    ( 1652): [0064]< GET_CURRENT_CALLS  [id=1,INCOMING,toa=161,norm,mt,0,voc,noevp,,cli=1,,0] 
04-15 17:58:20.264 D/GSM     ( 1652): [GSMConn] update: parent=INCOMING, hasNewParent=false, wasConnectingInOrOut=true, wasHolding=false, isConnectingInOrOut=true, changed=false
04-15 17:58:20.634 D/RILC    ( 1536): [UNSL]< UNSOL_RESPONSE_CALL_STATE_CHANGED 
04-15 17:58:20.634 D/RILJ    ( 1652): [UNSL]< UNSOL_RESPONSE_CALL_STATE_CHANGED
04-15 17:58:20.664 D/RILJ    ( 1652): [0065]> GET_CURRENT_CALLS
04-15 17:58:20.674 D/RILC    ( 1536): [0065]> GET_CURRENT_CALLS 
04-15 17:58:20.674 D/RIL     ( 1536): onRequest: GET_CURRENT_CALLS
04-15 17:58:20.674 D/AT      ( 1536): AT> AT+CLCC
04-15 17:58:20.674 D/AT      ( 1536): AT< +CLCC: 1,1,4,0,0,"18913956595",161
04-15 17:58:20.674 D/AT      ( 1536): AT< OK
04-15 17:58:20.674 D/RILC    ( 1536): [0065]< GET_CURRENT_CALLS {[id=1,INCOMING,toa=161,norm,mt,als=0,voc,noevp,18913956595,cli=0,name='(null)',0}
04-15 17:58:20.674 D/RILJ    ( 1652): InCall VoicePrivacy is disabled
04-15 17:58:20.674 D/RILJ    ( 1652): [0065]< GET_CURRENT_CALLS  [id=1,INCOMING,toa=161,norm,mt,0,voc,noevp,,cli=1,,0] 
04-15 17:58:20.704 D/GSM     ( 1652): [GSMConn] update: parent=INCOMING, hasNewParent=false, wasConnectingInOrOut=true, wasHolding=false, isConnectingInOrOut=true, changed=false
04-15 17:58:20.724 D/RILC    ( 1536): [UNSL]< UNSOL_RESPONSE_CALL_STATE_CHANGED 
04-15 17:58:20.724 D/RILJ    ( 1652): [UNSL]< UNSOL_RESPONSE_CALL_STATE_CHANGED
04-15 17:58:20.744 D/RILJ    ( 1652): [0066]> GET_CURRENT_CALLS
04-15 17:58:20.754 D/RILC    ( 1536): [0066]> GET_CURRENT_CALLS 
04-15 17:58:20.754 D/RIL     ( 1536): onRequest: GET_CURRENT_CALLS
04-15 17:58:20.754 D/AT      ( 1536): AT> AT+CLCC
04-15 17:58:20.754 D/AT      ( 1536): AT< +CLCC: 1,1,4,0,0,"18913956595",161
04-15 17:58:20.754 D/AT      ( 1536): AT< OK
04-15 17:58:20.754 D/RILC    ( 1536): [0066]< GET_CURRENT_CALLS {[id=1,INCOMING,toa=161,norm,mt,als=0,voc,noevp,18913956595,cli=0,name='(null)',0}
04-15 17:58:20.754 D/RILJ    ( 1652): InCall VoicePrivacy is disabled
04-15 17:58:20.754 D/RILJ    ( 1652): [0066]< GET_CURRENT_CALLS  [id=1,INCOMING,toa=161,norm,mt,0,voc,noevp,,cli=1,,0] 
04-15 17:58:20.774 D/GSM     ( 1652): [GSMConn] update: parent=INCOMING, hasNewParent=false, wasConnectingInOrOut=true, wasHolding=false, isConnectingInOrOut=true, changed=false
04-15 17:58:20.904 D/RILJ    ( 1652): [0067]> SET_MUTE false
04-15 17:58:20.914 D/RILC    ( 1536): [0067]> SET_MUTE (0)
04-15 17:58:20.914 D/RIL     ( 1536): onRequest: SET_MUTE
04-15 17:58:20.914 D/AT      ( 1536): AT> AT+CMUT=0
04-15 17:58:20.914 D/RILJ    ( 1652): [0068]> ANSWER
04-15 17:58:20.924 D/AT      ( 1536): AT< OK
04-15 17:58:20.924 D/RILC    ( 1536): [0067]< SET_MUTE
04-15 17:58:20.924 D/RILC    ( 1536): [0068]> ANSWER 
04-15 17:58:20.924 D/RIL     ( 1536): onRequest: ANSWER
04-15 17:58:20.924 D/AT      ( 1536): AT> ATA
04-15 17:58:20.924 D/RILJ    ( 1652): [0067]< SET_MUTE 
04-15 17:58:21.454 D/AT      ( 1536): AT< OK
04-15 17:58:21.454 D/RILC    ( 1536): [0068]< ANSWER
04-15 17:58:21.454 D/RILC    ( 1536): [UNSL]< UNSOL_RESPONSE_CALL_STATE_CHANGED 
04-15 17:58:21.454 D/RILC    ( 1536): [UNSL]< UNSOL_RESPONSE_CALL_STATE_CHANGED 
04-15 17:58:21.454 D/RILJ    ( 1652): [0068]< ANSWER 
04-15 17:58:21.474 D/RILJ    ( 1652): [UNSL]< UNSOL_RESPONSE_CALL_STATE_CHANGED
04-15 17:58:21.474 D/RILJ    ( 1652): [UNSL]< UNSOL_RESPONSE_CALL_STATE_CHANGED
04-15 17:58:21.524 D/RILJ    ( 1652): [0069]> GET_CURRENT_CALLS
04-15 17:58:21.524 D/RILC    ( 1536): [0069]> GET_CURRENT_CALLS 
04-15 17:58:21.524 D/RIL     ( 1536): onRequest: GET_CURRENT_CALLS
04-15 17:58:21.524 D/AT      ( 1536): AT> AT+CLCC
04-15 17:58:21.534 D/AT      ( 1536): AT< +CLCC: 1,1,0,0,0,"18913956595",161
04-15 17:58:21.534 D/AT      ( 1536): AT< OK
04-15 17:58:21.534 D/RILC    ( 1536): [0069]< GET_CURRENT_CALLS {[id=1,ACTIVE,toa=161,norm,mt,als=0,voc,noevp,18913956595,cli=0,name='(null)',0}
04-15 17:58:21.534 D/RILJ    ( 1652): InCall VoicePrivacy is disabled
04-15 17:58:21.534 D/RILJ    ( 1652): [0069]< GET_CURRENT_CALLS  [id=1,ACTIVE,toa=161,norm,mt,0,voc,noevp,,cli=1,,0] 
04-15 17:58:21.534 D/RILJ    ( 1652): [0070]> GET_CURRENT_CALLS
04-15 17:58:21.544 D/RILC    ( 1536): [0070]> GET_CURRENT_CALLS 
04-15 17:58:21.544 D/RIL     ( 1536): onRequest: GET_CURRENT_CALLS
04-15 17:58:21.544 D/AT      ( 1536): AT> AT+CLCC
04-15 17:58:21.544 D/AT      ( 1536): AT< +CLCC: 1,1,0,0,0,"18913956595",161
04-15 17:58:21.544 D/AT      ( 1536): AT< OK
04-15 17:58:21.544 D/RILC    ( 1536): [0070]< GET_CURRENT_CALLS {[id=1,ACTIVE,toa=161,norm,mt,als=0,voc,noevp,18913956595,cli=0,name='(null)',0}
04-15 17:58:21.544 D/RILJ    ( 1652): InCall VoicePrivacy is disabled
04-15 17:58:21.554 D/RILJ    ( 1652): [0070]< GET_CURRENT_CALLS  [id=1,ACTIVE,toa=161,norm,mt,0,voc,noevp,,cli=1,,0] 
04-15 17:58:21.554 D/RILJ    ( 1652): [0071]> GET_CURRENT_CALLS
04-15 17:58:21.554 D/RILC    ( 1536): [0071]> GET_CURRENT_CALLS 
04-15 17:58:21.554 D/RIL     ( 1536): onRequest: GET_CURRENT_CALLS
04-15 17:58:21.554 D/AT      ( 1536): AT> AT+CLCC
04-15 17:58:21.554 D/AT      ( 1536): AT< +CLCC: 1,1,0,0,0,"18913956595",161
04-15 17:58:21.554 D/AT      ( 1536): AT< OK
04-15 17:58:21.564 D/RILC    ( 1536): [0071]< GET_CURRENT_CALLS {[id=1,ACTIVE,toa=161,norm,mt,als=0,voc,noevp,18913956595,cli=0,name='(null)',0}
04-15 17:58:21.564 D/RILJ    ( 1652): InCall VoicePrivacy is disabled
04-15 17:58:21.564 D/RILJ    ( 1652): [0071]< GET_CURRENT_CALLS  [id=1,ACTIVE,toa=161,norm,mt,0,voc,noevp,,cli=1,,0] 
04-15 17:58:21.584 D/GSM     ( 1652): [GSMConn] update: parent=ACTIVE, hasNewParent=false, wasConnectingInOrOut=true, wasHolding=false, isConnectingInOrOut=false, changed=true
04-15 17:58:21.584 D/GSM     ( 1652): [GSMConn] onConnectedInOrOut: connectTime=1302890301590
04-15 17:58:21.584 D/GSM     ( 1652): [GSMConn] releaseWakeLock
04-15 17:58:21.654 D/RILJ    ( 1652): [0072]> SET_MUTE false
04-15 17:58:21.654 D/RILC    ( 1536): [0072]> SET_MUTE (0)
04-15 17:58:21.654 D/RIL     ( 1536): onRequest: SET_MUTE
04-15 17:58:21.654 D/AT      ( 1536): AT> AT+CMUT=0
04-15 17:58:21.654 D/AT      ( 1536): AT< OK
04-15 17:58:21.664 D/RILC    ( 1536): [0072]< SET_MUTE
04-15 17:58:21.664 D/RILJ    ( 1652): [0072]< SET_MUTE 
04-15 17:58:28.004 D/AT      ( 1536): AT< RING
04-15 17:58:28.004 D/RILC    ( 1536): [UNSL]< UNSOL_RESPONSE_CALL_STATE_CHANGED 
04-15 17:58:28.004 D/AT      ( 1536): AT< +CCWA: "13182827869",161,1,,0
04-15 17:58:28.004 D/RILC    ( 1536): [UNSL]< UNSOL_RESPONSE_CALL_STATE_CHANGED 
04-15 17:58:28.004 D/RILJ    ( 1652): [UNSL]< UNSOL_RESPONSE_CALL_STATE_CHANGED
04-15 17:58:28.004 D/RILJ    ( 1652): [0073]> GET_CURRENT_CALLS
04-15 17:58:28.024 D/RILJ    ( 1652): [UNSL]< UNSOL_RESPONSE_CALL_STATE_CHANGED
04-15 17:58:28.024 D/RILC    ( 1536): [0073]> GET_CURRENT_CALLS 
04-15 17:58:28.024 D/RIL     ( 1536): onRequest: GET_CURRENT_CALLS
04-15 17:58:28.024 D/AT      ( 1536): AT> AT+CLCC
04-15 17:58:28.024 D/AT      ( 1536): AT< +CLCC: 1,1,0,0,0,"18913956595",161
04-15 17:58:28.024 D/AT      ( 1536): AT< +CLCC: 2,1,5,0,0,"13182827869",161
04-15 17:58:28.024 D/AT      ( 1536): AT< OK
04-15 17:58:28.024 D/RILC    ( 1536): [0073]< GET_CURRENT_CALLS {[id=1,ACTIVE,toa=161,norm,mt,als=0,voc,noevp,18913956595,cli=0,name='(null)',0][id=2,WAITING,toa=161,norm,mt,als=0,voc,noevp,13182827869,cli=0,name='(null)',0}
04-15 17:58:28.034 D/RILJ    ( 1652): [0074]> GET_CURRENT_CALLS
04-15 17:58:28.034 D/RILJ    ( 1652): InCall VoicePrivacy is disabled
04-15 17:58:28.034 D/RILJ    ( 1652): InCall VoicePrivacy is disabled
04-15 17:58:28.034 D/RILJ    ( 1652): [0073]< GET_CURRENT_CALLS  [id=1,ACTIVE,toa=161,norm,mt,0,voc,noevp,,cli=1,,0] [id=2,WAITING,toa=161,norm,mt,0,voc,noevp,,cli=1,,0] 
04-15 17:58:28.044 D/RILC    ( 1536): [0074]> GET_CURRENT_CALLS 
04-15 17:58:28.044 D/RIL     ( 1536): onRequest: GET_CURRENT_CALLS
04-15 17:58:28.044 D/AT      ( 1536): AT> AT+CLCC
04-15 17:58:28.044 D/AT      ( 1536): AT< +CLCC: 1,1,0,0,0,"18913956595",161
04-15 17:58:28.044 D/AT      ( 1536): AT< +CLCC: 2,1,5,0,0,"13182827869",161
04-15 17:58:28.044 D/AT      ( 1536): AT< OK
04-15 17:58:28.044 D/RILC    ( 1536): [0074]< GET_CURRENT_CALLS {[id=1,ACTIVE,toa=161,norm,mt,als=0,voc,noevp,18913956595,cli=0,name='(null)',0][id=2,WAITING,toa=161,norm,mt,als=0,voc,noevp,13182827869,cli=0,name='(null)',0}
04-15 17:58:28.064 D/RILJ    ( 1652): InCall VoicePrivacy is disabled
04-15 17:58:28.064 D/RILJ    ( 1652): InCall VoicePrivacy is disabled
04-15 17:58:28.064 D/RILJ    ( 1652): [0074]< GET_CURRENT_CALLS  [id=1,ACTIVE,toa=161,norm,mt,0,voc,noevp,,cli=1,,0] [id=2,WAITING,toa=161,norm,mt,0,voc,noevp,,cli=1,,0] 
04-15 17:58:28.064 D/GSM     ( 1652): [GSMConn] update: parent=ACTIVE, hasNewParent=false, wasConnectingInOrOut=false, wasHolding=false, isConnectingInOrOut=false, changed=false
04-15 17:58:28.064 D/GSM     ( 1652): [GSMConn] acquireWakeLock
04-15 17:58:28.264 D/RILJ    ( 1652): [0075]> SET_MUTE false
04-15 17:58:28.274 D/RILC    ( 1536): [0075]> SET_MUTE (0)
04-15 17:58:28.274 D/RIL     ( 1536): onRequest: SET_MUTE
04-15 17:58:28.274 D/AT      ( 1536): AT> AT+CMUT=0
04-15 17:58:28.285 D/AT      ( 1536): AT< OK
04-15 17:58:28.285 D/RILC    ( 1536): [0075]< SET_MUTE
04-15 17:58:28.285 D/RILJ    ( 1652): [0075]< SET_MUTE 
04-15 17:58:28.524 D/RILC    ( 1536): [UNSL]< UNSOL_RESPONSE_CALL_STATE_CHANGED 
04-15 17:58:28.534 D/RILJ    ( 1652): [UNSL]< UNSOL_RESPONSE_CALL_STATE_CHANGED
04-15 17:58:28.554 D/RILC    ( 1536): [UNSL]< UNSOL_RESPONSE_CALL_STATE_CHANGED 
04-15 17:58:28.554 D/RILJ    ( 1652): [UNSL]< UNSOL_RESPONSE_CALL_STATE_CHANGED
04-15 17:58:28.644 D/RILJ    ( 1652): [0076]> GET_CURRENT_CALLS
04-15 17:58:28.654 D/RILC    ( 1536): [0076]> GET_CURRENT_CALLS 
04-15 17:58:28.654 D/RIL     ( 1536): onRequest: GET_CURRENT_CALLS
04-15 17:58:28.654 D/AT      ( 1536): AT> AT+CLCC
04-15 17:58:28.664 D/AT      ( 1536): AT< +CLCC: 1,1,0,0,0,"18913956595",161
04-15 17:58:28.664 D/AT      ( 1536): AT< +CLCC: 2,1,5,0,0,"13182827869",161
04-15 17:58:28.664 D/AT      ( 1536): AT< OK
04-15 17:58:28.664 D/RILC    ( 1536): [0076]< GET_CURRENT_CALLS {[id=1,ACTIVE,toa=161,norm,mt,als=0,voc,noevp,18913956595,cli=0,name='(null)',0][id=2,WAITING,toa=161,norm,mt,als=0,voc,noevp,13182827869,cli=0,name='(null)',0}
04-15 17:58:28.664 D/RILJ    ( 1652): [0077]> GET_CURRENT_CALLS
04-15 17:58:28.674 D/RILJ    ( 1652): InCall VoicePrivacy is disabled
04-15 17:58:28.674 D/RILJ    ( 1652): InCall VoicePrivacy is disabled
04-15 17:58:28.684 D/RILJ    ( 1652): [0076]< GET_CURRENT_CALLS  [id=1,ACTIVE,toa=161,norm,mt,0,voc,noevp,,cli=1,,0] [id=2,WAITING,toa=161,norm,mt,0,voc,noevp,,cli=1,,0] 
04-15 17:58:28.684 D/RILC    ( 1536): [0077]> GET_CURRENT_CALLS 
04-15 17:58:28.684 D/RIL     ( 1536): onRequest: GET_CURRENT_CALLS
04-15 17:58:28.684 D/AT      ( 1536): AT> AT+CLCC
04-15 17:58:28.694 D/AT      ( 1536): AT< +CLCC: 1,1,0,0,0,"18913956595",161
04-15 17:58:28.694 D/AT      ( 1536): AT< +CLCC: 2,1,5,0,0,"13182827869",161
04-15 17:58:28.694 D/AT      ( 1536): AT< OK
04-15 17:58:28.694 D/RILC    ( 1536): [0077]< GET_CURRENT_CALLS {[id=1,ACTIVE,toa=161,norm,mt,als=0,voc,noevp,18913956595,cli=0,name='(null)',0][id=2,WAITING,toa=161,norm,mt,als=0,voc,noevp,13182827869,cli=0,name='(null)',0}
04-15 17:58:28.694 D/RILJ    ( 1652): [0078]> SET_MUTE false
04-15 17:58:28.704 D/RILJ    ( 1652): InCall VoicePrivacy is disabled
04-15 17:58:28.714 D/RILC    ( 1536): [0078]> SET_MUTE (0)
04-15 17:58:28.714 D/RIL     ( 1536): onRequest: SET_MUTE
04-15 17:58:28.714 D/AT      ( 1536): AT> AT+CMUT=0
04-15 17:58:28.714 D/AT      ( 1536): AT< OK
04-15 17:58:28.724 D/RILC    ( 1536): [0078]< SET_MUTE
04-15 17:58:28.724 D/RILJ    ( 1652): InCall VoicePrivacy is disabled
04-15 17:58:28.724 D/RILJ    ( 1652): [0077]< GET_CURRENT_CALLS  [id=1,ACTIVE,toa=161,norm,mt,0,voc,noevp,,cli=1,,0] [id=2,WAITING,toa=161,norm,mt,0,voc,noevp,,cli=1,,0] 
04-15 17:58:28.734 D/RILJ    ( 1652): [0078]< SET_MUTE 
04-15 17:58:28.854 D/GSM     ( 1652): [GSMConn] update: parent=ACTIVE, hasNewParent=false, wasConnectingInOrOut=false, wasHolding=false, isConnectingInOrOut=false, changed=false
04-15 17:58:28.864 D/GSM     ( 1652): [GSMConn] update: parent=WAITING, hasNewParent=false, wasConnectingInOrOut=true, wasHolding=false, isConnectingInOrOut=true, changed=false
04-15 17:58:29.174 D/RILC    ( 1536): [UNSL]< UNSOL_RESPONSE_CALL_STATE_CHANGED 
04-15 17:58:29.174 D/RILJ    ( 1652): [UNSL]< UNSOL_RESPONSE_CALL_STATE_CHANGED
04-15 17:58:29.174 D/RILJ    ( 1652): [0079]> GET_CURRENT_CALLS
04-15 17:58:29.174 D/RILC    ( 1536): [0079]> GET_CURRENT_CALLS 
04-15 17:58:29.174 D/RIL     ( 1536): onRequest: GET_CURRENT_CALLS
04-15 17:58:29.174 D/AT      ( 1536): AT> AT+CLCC
04-15 17:58:29.184 D/AT      ( 1536): AT< +CLCC: 1,1,0,0,0,"18913956595",161
04-15 17:58:29.184 D/AT      ( 1536): AT< +CLCC: 2,1,5,0,0,"13182827869",161
04-15 17:58:29.184 D/AT      ( 1536): AT< OK
04-15 17:58:29.184 D/RILC    ( 1536): [0079]< GET_CURRENT_CALLS {[id=1,ACTIVE,toa=161,norm,mt,als=0,voc,noevp,18913956595,cli=0,name='(null)',0][id=2,WAITING,toa=161,norm,mt,als=0,voc,noevp,13182827869,cli=0,name='(null)',0}
04-15 17:58:29.184 D/RILJ    ( 1652): InCall VoicePrivacy is disabled
04-15 17:58:29.184 D/RILJ    ( 1652): InCall VoicePrivacy is disabled
04-15 17:58:29.194 D/RILC    ( 1536): [UNSL]< UNSOL_RESPONSE_CALL_STATE_CHANGED 
04-15 17:58:29.194 D/RILJ    ( 1652): [0079]< GET_CURRENT_CALLS  [id=1,ACTIVE,toa=161,norm,mt,0,voc,noevp,,cli=1,,0] [id=2,WAITING,toa=161,norm,mt,0,voc,noevp,,cli=1,,0] 
04-15 17:58:29.194 D/GSM     ( 1652): [GSMConn] update: parent=ACTIVE, hasNewParent=false, wasConnectingInOrOut=false, wasHolding=false, isConnectingInOrOut=false, changed=false
04-15 17:58:29.194 D/GSM     ( 1652): [GSMConn] update: parent=WAITING, hasNewParent=false, wasConnectingInOrOut=true, wasHolding=false, isConnectingInOrOut=true, changed=false
04-15 17:58:29.204 D/RILJ    ( 1652): [UNSL]< UNSOL_RESPONSE_CALL_STATE_CHANGED
04-15 17:58:29.214 D/RILJ    ( 1652): [0080]> GET_CURRENT_CALLS
04-15 17:58:29.224 D/RILC    ( 1536): [0080]> GET_CURRENT_CALLS 
04-15 17:58:29.224 D/RIL     ( 1536): onRequest: GET_CURRENT_CALLS
04-15 17:58:29.224 D/AT      ( 1536): AT> AT+CLCC
04-15 17:58:29.224 D/AT      ( 1536): AT< +CLCC: 1,1,0,0,0,"18913956595",161
04-15 17:58:29.224 D/AT      ( 1536): AT< +CLCC: 2,1,5,0,0,"13182827869",161
04-15 17:58:29.224 D/AT      ( 1536): AT< OK
04-15 17:58:29.224 D/RILC    ( 1536): [0080]< GET_CURRENT_CALLS {[id=1,ACTIVE,toa=161,norm,mt,als=0,voc,noevp,18913956595,cli=0,name='(null)',0][id=2,WAITING,toa=161,norm,mt,als=0,voc,noevp,13182827869,cli=0,name='(null)',0}
04-15 17:58:29.224 D/RILJ    ( 1652): InCall VoicePrivacy is disabled
04-15 17:58:29.234 D/RILJ    ( 1652): InCall VoicePrivacy is disabled
04-15 17:58:29.234 D/RILJ    ( 1652): [0080]< GET_CURRENT_CALLS  [id=1,ACTIVE,toa=161,norm,mt,0,voc,noevp,,cli=1,,0] [id=2,WAITING,toa=161,norm,mt,0,voc,noevp,,cli=1,,0] 
04-15 17:58:29.244 D/GSM     ( 1652): [GSMConn] update: parent=ACTIVE, hasNewParent=false, wasConnectingInOrOut=false, wasHolding=false, isConnectingInOrOut=false, changed=false
04-15 17:58:29.244 D/GSM     ( 1652): [GSMConn] update: parent=WAITING, hasNewParent=false, wasConnectingInOrOut=true, wasHolding=false, isConnectingInOrOut=true, changed=false
04-15 17:58:29.694 D/RILC    ( 1536): [UNSL]< UNSOL_RESPONSE_CALL_STATE_CHANGED 
04-15 17:58:29.694 D/RILJ    ( 1652): [UNSL]< UNSOL_RESPONSE_CALL_STATE_CHANGED
04-15 17:58:29.694 D/RILJ    ( 1652): [0081]> GET_CURRENT_CALLS
04-15 17:58:29.704 D/RILC    ( 1536): [0081]> GET_CURRENT_CALLS 
04-15 17:58:29.704 D/RIL     ( 1536): onRequest: GET_CURRENT_CALLS
04-15 17:58:29.704 D/AT      ( 1536): AT> AT+CLCC
04-15 17:58:29.714 D/AT      ( 1536): AT< +CLCC: 1,1,0,0,0,"18913956595",161
04-15 17:58:29.714 D/AT      ( 1536): AT< +CLCC: 2,1,5,0,0,"13182827869",161
04-15 17:58:29.714 D/AT      ( 1536): AT< OK
04-15 17:58:29.714 D/RILC    ( 1536): [0081]< GET_CURRENT_CALLS {[id=1,ACTIVE,toa=161,norm,mt,als=0,voc,noevp,18913956595,cli=0,name='(null)',0][id=2,WAITING,toa=161,norm,mt,als=0,voc,noevp,13182827869,cli=0,name='(null)',0}
04-15 17:58:29.714 D/RILJ    ( 1652): InCall VoicePrivacy is disabled
04-15 17:58:29.714 D/RILJ    ( 1652): InCall VoicePrivacy is disabled
04-15 17:58:29.724 D/RILJ    ( 1652): [0081]< GET_CURRENT_CALLS  [id=1,ACTIVE,toa=161,norm,mt,0,voc,noevp,,cli=1,,0] [id=2,WAITING,toa=161,norm,mt,0,voc,noevp,,cli=1,,0] 
04-15 17:58:29.724 D/RILC    ( 1536): [UNSL]< UNSOL_RESPONSE_CALL_STATE_CHANGED 
04-15 17:58:29.734 D/GSM     ( 1652): [GSMConn] update: parent=ACTIVE, hasNewParent=false, wasConnectingInOrOut=false, wasHolding=false, isConnectingInOrOut=false, changed=false
04-15 17:58:29.734 D/GSM     ( 1652): [GSMConn] update: parent=WAITING, hasNewParent=false, wasConnectingInOrOut=true, wasHolding=false, isConnectingInOrOut=true, changed=false
04-15 17:58:29.744 D/RILJ    ( 1652): [UNSL]< UNSOL_RESPONSE_CALL_STATE_CHANGED
04-15 17:58:29.744 D/RILJ    ( 1652): [0082]> GET_CURRENT_CALLS
04-15 17:58:29.754 D/RILC    ( 1536): [0082]> GET_CURRENT_CALLS 
04-15 17:58:29.754 D/RIL     ( 1536): onRequest: GET_CURRENT_CALLS
04-15 17:58:29.754 D/AT      ( 1536): AT> AT+CLCC
04-15 17:58:29.754 D/AT      ( 1536): AT< +CLCC: 1,1,0,0,0,"18913956595",161
04-15 17:58:29.764 D/AT      ( 1536): AT< +CLCC: 2,1,5,0,0,"13182827869",161
04-15 17:58:29.764 D/AT      ( 1536): AT< OK
04-15 17:58:29.764 D/RILC    ( 1536): [0082]< GET_CURRENT_CALLS {[id=1,ACTIVE,toa=161,norm,mt,als=0,voc,noevp,18913956595,cli=0,name='(null)',0][id=2,WAITING,toa=161,norm,mt,als=0,voc,noevp,13182827869,cli=0,name='(null)',0}
04-15 17:58:29.764 D/RILJ    ( 1652): InCall VoicePrivacy is disabled
04-15 17:58:29.764 D/RILJ    ( 1652): InCall VoicePrivacy is disabled
04-15 17:58:29.764 D/RILJ    ( 1652): [0082]< GET_CURRENT_CALLS  [id=1,ACTIVE,toa=161,norm,mt,0,voc,noevp,,cli=1,,0] [id=2,WAITING,toa=161,norm,mt,0,voc,noevp,,cli=1,,0] 
04-15 17:58:29.774 D/GSM     ( 1652): [GSMConn] update: parent=ACTIVE, hasNewParent=false, wasConnectingInOrOut=false, wasHolding=false, isConnectingInOrOut=false, changed=false
04-15 17:58:29.774 D/GSM     ( 1652): [GSMConn] update: parent=WAITING, hasNewParent=false, wasConnectingInOrOut=true, wasHolding=false, isConnectingInOrOut=true, changed=false
04-15 17:58:30.217 D/RILC    ( 1536): [UNSL]< UNSOL_RESPONSE_CALL_STATE_CHANGED 
04-15 17:58:30.217 D/RILJ    ( 1652): [UNSL]< UNSOL_RESPONSE_CALL_STATE_CHANGED
04-15 17:58:30.217 D/RILJ    ( 1652): [0083]> GET_CURRENT_CALLS
04-15 17:58:30.224 D/RILC    ( 1536): [0083]> GET_CURRENT_CALLS 
04-15 17:58:30.224 D/RIL     ( 1536): onRequest: GET_CURRENT_CALLS
04-15 17:58:30.224 D/AT      ( 1536): AT> AT+CLCC
04-15 17:58:30.234 D/AT      ( 1536): AT< +CLCC: 1,1,0,0,0,"18913956595",161
04-15 17:58:30.234 D/AT      ( 1536): AT< +CLCC: 2,1,5,0,0,"13182827869",161
04-15 17:58:30.234 D/AT      ( 1536): AT< OK
04-15 17:58:30.234 D/RILC    ( 1536): [0083]< GET_CURRENT_CALLS {[id=1,ACTIVE,toa=161,norm,mt,als=0,voc,noevp,18913956595,cli=0,name='(null)',0][id=2,WAITING,toa=161,norm,mt,als=0,voc,noevp,13182827869,cli=0,name='(null)',0}
04-15 17:58:30.234 D/RILJ    ( 1652): InCall VoicePrivacy is disabled
04-15 17:58:30.234 D/RILJ    ( 1652): InCall VoicePrivacy is disabled
04-15 17:58:30.244 D/RILJ    ( 1652): [0083]< GET_CURRENT_CALLS  [id=1,ACTIVE,toa=161,norm,mt,0,voc,noevp,,cli=1,,0] [id=2,WAITING,toa=161,norm,mt,0,voc,noevp,,cli=1,,0] 
04-15 17:58:30.244 D/GSM     ( 1652): [GSMConn] update: parent=ACTIVE, hasNewParent=false, wasConnectingInOrOut=false, wasHolding=false, isConnectingInOrOut=false, changed=false
04-15 17:58:30.244 D/GSM     ( 1652): [GSMConn] update: parent=WAITING, hasNewParent=false, wasConnectingInOrOut=true, wasHolding=false, isConnectingInOrOut=true, changed=false
04-15 17:58:30.264 D/RILC    ( 1536): [UNSL]< UNSOL_RESPONSE_CALL_STATE_CHANGED 
04-15 17:58:30.264 D/RILJ    ( 1652): [UNSL]< UNSOL_RESPONSE_CALL_STATE_CHANGED
04-15 17:58:30.264 D/RILJ    ( 1652): [0084]> GET_CURRENT_CALLS
04-15 17:58:30.274 D/RILC    ( 1536): [0084]> GET_CURRENT_CALLS 
04-15 17:58:30.274 D/RIL     ( 1536): onRequest: GET_CURRENT_CALLS
04-15 17:58:30.274 D/AT      ( 1536): AT> AT+CLCC
04-15 17:58:30.284 D/AT      ( 1536): AT< +CLCC: 1,1,0,0,0,"18913956595",161
04-15 17:58:30.284 D/AT      ( 1536): AT< +CLCC: 2,1,5,0,0,"13182827869",161
04-15 17:58:30.284 D/AT      ( 1536): AT< OK
04-15 17:58:30.284 D/RILC    ( 1536): [0084]< GET_CURRENT_CALLS {[id=1,ACTIVE,toa=161,norm,mt,als=0,voc,noevp,18913956595,cli=0,name='(null)',0][id=2,WAITING,toa=161,norm,mt,als=0,voc,noevp,13182827869,cli=0,name='(null)',0}
04-15 17:58:30.284 D/RILJ    ( 1652): InCall VoicePrivacy is disabled
04-15 17:58:30.284 D/RILJ    ( 1652): InCall VoicePrivacy is disabled
04-15 17:58:30.284 D/RILJ    ( 1652): [0084]< GET_CURRENT_CALLS  [id=1,ACTIVE,toa=161,norm,mt,0,voc,noevp,,cli=1,,0] [id=2,WAITING,toa=161,norm,mt,0,voc,noevp,,cli=1,,0] 
04-15 17:58:30.294 D/GSM     ( 1652): [GSMConn] update: parent=ACTIVE, hasNewParent=false, wasConnectingInOrOut=false, wasHolding=false, isConnectingInOrOut=false, changed=false
04-15 17:58:30.294 D/GSM     ( 1652): [GSMConn] update: parent=WAITING, hasNewParent=false, wasConnectingInOrOut=true, wasHolding=false, isConnectingInOrOut=true, changed=false
04-15 17:58:30.735 D/RILC    ( 1536): [UNSL]< UNSOL_RESPONSE_CALL_STATE_CHANGED 
04-15 17:58:30.735 D/RILJ    ( 1652): [UNSL]< UNSOL_RESPONSE_CALL_STATE_CHANGED
04-15 17:58:30.735 D/RILJ    ( 1652): [0085]> GET_CURRENT_CALLS
04-15 17:58:30.754 D/RILC    ( 1536): [0085]> GET_CURRENT_CALLS 
04-15 17:58:30.754 D/RIL     ( 1536): onRequest: GET_CURRENT_CALLS
04-15 17:58:30.754 D/AT      ( 1536): AT> AT+CLCC
04-15 17:58:30.764 D/AT      ( 1536): AT< +CLCC: 1,1,0,0,0,"18913956595",161
04-15 17:58:30.764 D/AT      ( 1536): AT< +CLCC: 2,1,5,0,0,"13182827869",161
04-15 17:58:30.764 D/AT      ( 1536): AT< OK
04-15 17:58:30.764 D/RILC    ( 1536): [0085]< GET_CURRENT_CALLS {[id=1,ACTIVE,toa=161,norm,mt,als=0,voc,noevp,18913956595,cli=0,name='(null)',0][id=2,WAITING,toa=161,norm,mt,als=0,voc,noevp,13182827869,cli=0,name='(null)',0}
04-15 17:58:30.764 D/RILJ    ( 1652): InCall VoicePrivacy is disabled
04-15 17:58:30.764 D/RILJ    ( 1652): InCall VoicePrivacy is disabled
04-15 17:58:30.774 D/RILJ    ( 1652): [0085]< GET_CURRENT_CALLS  [id=1,ACTIVE,toa=161,norm,mt,0,voc,noevp,,cli=1,,0] [id=2,WAITING,toa=161,norm,mt,0,voc,noevp,,cli=1,,0] 
04-15 17:58:30.784 D/GSM     ( 1652): [GSMConn] update: parent=ACTIVE, hasNewParent=false, wasConnectingInOrOut=false, wasHolding=false, isConnectingInOrOut=false, changed=false
04-15 17:58:30.784 D/GSM     ( 1652): [GSMConn] update: parent=WAITING, hasNewParent=false, wasConnectingInOrOut=true, wasHolding=false, isConnectingInOrOut=true, changed=false
04-15 17:58:30.784 D/RILC    ( 1536): [UNSL]< UNSOL_RESPONSE_CALL_STATE_CHANGED 
04-15 17:58:30.804 D/RILJ    ( 1652): [UNSL]< UNSOL_RESPONSE_CALL_STATE_CHANGED
04-15 17:58:30.804 D/RILJ    ( 1652): [0086]> GET_CURRENT_CALLS
04-15 17:58:30.824 D/RILC    ( 1536): [0086]> GET_CURRENT_CALLS 
04-15 17:58:30.824 D/RIL     ( 1536): onRequest: GET_CURRENT_CALLS
04-15 17:58:30.824 D/AT      ( 1536): AT> AT+CLCC
04-15 17:58:30.824 D/AT      ( 1536): AT< +CLCC: 1,1,0,0,0,"18913956595",161
04-15 17:58:30.824 D/AT      ( 1536): AT< +CLCC: 2,1,5,0,0,"13182827869",161
04-15 17:58:30.824 D/AT      ( 1536): AT< OK
04-15 17:58:30.824 D/RILC    ( 1536): [0086]< GET_CURRENT_CALLS {[id=1,ACTIVE,toa=161,norm,mt,als=0,voc,noevp,18913956595,cli=0,name='(null)',0][id=2,WAITING,toa=161,norm,mt,als=0,voc,noevp,13182827869,cli=0,name='(null)',0}
04-15 17:58:30.834 D/RILJ    ( 1652): InCall VoicePrivacy is disabled
04-15 17:58:30.834 D/RILJ    ( 1652): InCall VoicePrivacy is disabled
04-15 17:58:30.834 D/RILJ    ( 1652): [0086]< GET_CURRENT_CALLS  [id=1,ACTIVE,toa=161,norm,mt,0,voc,noevp,,cli=1,,0] [id=2,WAITING,toa=161,norm,mt,0,voc,noevp,,cli=1,,0] 
04-15 17:58:30.834 D/GSM     ( 1652): [GSMConn] update: parent=ACTIVE, hasNewParent=false, wasConnectingInOrOut=false, wasHolding=false, isConnectingInOrOut=false, changed=false
04-15 17:58:30.834 D/GSM     ( 1652): [GSMConn] update: parent=WAITING, hasNewParent=false, wasConnectingInOrOut=true, wasHolding=false, isConnectingInOrOut=true, changed=false
04-15 17:58:31.274 D/RILC    ( 1536): [UNSL]< UNSOL_RESPONSE_CALL_STATE_CHANGED 
04-15 17:58:31.274 D/RILJ    ( 1652): [UNSL]< UNSOL_RESPONSE_CALL_STATE_CHANGED
04-15 17:58:31.274 D/RILJ    ( 1652): [0087]> GET_CURRENT_CALLS
04-15 17:58:31.284 D/RILC    ( 1536): [0087]> GET_CURRENT_CALLS 
04-15 17:58:31.284 D/RIL     ( 1536): onRequest: GET_CURRENT_CALLS
04-15 17:58:31.284 D/AT      ( 1536): AT> AT+CLCC
04-15 17:58:31.284 D/AT      ( 1536): AT< +CLCC: 1,1,0,0,0,"18913956595",161
04-15 17:58:31.294 D/AT      ( 1536): AT< +CLCC: 2,1,5,0,0,"13182827869",161
04-15 17:58:31.294 D/AT      ( 1536): AT< OK
04-15 17:58:31.294 D/RILC    ( 1536): [0087]< GET_CURRENT_CALLS {[id=1,ACTIVE,toa=161,norm,mt,als=0,voc,noevp,18913956595,cli=0,name='(null)',0][id=2,WAITING,toa=161,norm,mt,als=0,voc,noevp,13182827869,cli=0,name='(null)',0}
04-15 17:58:31.294 D/RILJ    ( 1652): InCall VoicePrivacy is disabled
04-15 17:58:31.294 D/RILJ    ( 1652): InCall VoicePrivacy is disabled
04-15 17:58:31.294 D/RILJ    ( 1652): [0087]< GET_CURRENT_CALLS  [id=1,ACTIVE,toa=161,norm,mt,0,voc,noevp,,cli=1,,0] [id=2,WAITING,toa=161,norm,mt,0,voc,noevp,,cli=1,,0] 
04-15 17:58:31.304 D/GSM     ( 1652): [GSMConn] update: parent=ACTIVE, hasNewParent=false, wasConnectingInOrOut=false, wasHolding=false, isConnectingInOrOut=false, changed=false
04-15 17:58:31.304 D/GSM     ( 1652): [GSMConn] update: parent=WAITING, hasNewParent=false, wasConnectingInOrOut=true, wasHolding=false, isConnectingInOrOut=true, changed=false
04-15 17:58:31.334 D/RILC    ( 1536): [UNSL]< UNSOL_RESPONSE_CALL_STATE_CHANGED 
04-15 17:58:31.334 D/RILJ    ( 1652): [UNSL]< UNSOL_RESPONSE_CALL_STATE_CHANGED
04-15 17:58:31.344 D/RILJ    ( 1652): [0088]> GET_CURRENT_CALLS
04-15 17:58:31.354 D/RILC    ( 1536): [0088]> GET_CURRENT_CALLS 
04-15 17:58:31.354 D/RIL     ( 1536): onRequest: GET_CURRENT_CALLS
04-15 17:58:31.354 D/AT      ( 1536): AT> AT+CLCC
04-15 17:58:31.364 D/AT      ( 1536): AT< +CLCC: 1,1,0,0,0,"18913956595",161
04-15 17:58:31.364 D/AT      ( 1536): AT< +CLCC: 2,1,5,0,0,"13182827869",161
04-15 17:58:31.364 D/AT      ( 1536): AT< OK
04-15 17:58:31.364 D/RILC    ( 1536): [0088]< GET_CURRENT_CALLS {[id=1,ACTIVE,toa=161,norm,mt,als=0,voc,noevp,18913956595,cli=0,name='(null)',0][id=2,WAITING,toa=161,norm,mt,als=0,voc,noevp,13182827869,cli=0,name='(null)',0}
04-15 17:58:31.374 D/RILJ    ( 1652): InCall VoicePrivacy is disabled
04-15 17:58:31.374 D/RILJ    ( 1652): InCall VoicePrivacy is disabled
04-15 17:58:31.374 D/RILJ    ( 1652): [0088]< GET_CURRENT_CALLS  [id=1,ACTIVE,toa=161,norm,mt,0,voc,noevp,,cli=1,,0] [id=2,WAITING,toa=161,norm,mt,0,voc,noevp,,cli=1,,0] 
04-15 17:58:31.384 D/GSM     ( 1652): [GSMConn] update: parent=ACTIVE, hasNewParent=false, wasConnectingInOrOut=false, wasHolding=false, isConnectingInOrOut=false, changed=false
04-15 17:58:31.384 D/GSM     ( 1652): [GSMConn] update: parent=WAITING, hasNewParent=false, wasConnectingInOrOut=true, wasHolding=false, isConnectingInOrOut=true, changed=false
04-15 17:58:31.804 D/RILC    ( 1536): [UNSL]< UNSOL_RESPONSE_CALL_STATE_CHANGED 
04-15 17:58:31.804 D/RILJ    ( 1652): [UNSL]< UNSOL_RESPONSE_CALL_STATE_CHANGED
04-15 17:58:31.804 D/RILJ    ( 1652): [0089]> GET_CURRENT_CALLS
04-15 17:58:31.824 D/RILC    ( 1536): [0089]> GET_CURRENT_CALLS 
04-15 17:58:31.824 D/RIL     ( 1536): onRequest: GET_CURRENT_CALLS
04-15 17:58:31.824 D/AT      ( 1536): AT> AT+CLCC
04-15 17:58:31.834 D/AT      ( 1536): AT< +CLCC: 1,1,0,0,0,"18913956595",161
04-15 17:58:31.834 D/AT      ( 1536): AT< +CLCC: 2,1,5,0,0,"13182827869",161
04-15 17:58:31.834 D/AT      ( 1536): AT< OK
04-15 17:58:31.834 D/RILC    ( 1536): [0089]< GET_CURRENT_CALLS {[id=1,ACTIVE,toa=161,norm,mt,als=0,voc,noevp,18913956595,cli=0,name='(null)',0][id=2,WAITING,toa=161,norm,mt,als=0,voc,noevp,13182827869,cli=0,name='(null)',0}
04-15 17:58:31.834 D/RILJ    ( 1652): InCall VoicePrivacy is disabled
04-15 17:58:31.834 D/RILJ    ( 1652): InCall VoicePrivacy is disabled
04-15 17:58:31.834 D/RILJ    ( 1652): [0089]< GET_CURRENT_CALLS  [id=1,ACTIVE,toa=161,norm,mt,0,voc,noevp,,cli=1,,0] [id=2,WAITING,toa=161,norm,mt,0,voc,noevp,,cli=1,,0] 
04-15 17:58:31.844 D/GSM     ( 1652): [GSMConn] update: parent=ACTIVE, hasNewParent=false, wasConnectingInOrOut=false, wasHolding=false, isConnectingInOrOut=false, changed=false
04-15 17:58:31.844 D/GSM     ( 1652): [GSMConn] update: parent=WAITING, hasNewParent=false, wasConnectingInOrOut=true, wasHolding=false, isConnectingInOrOut=true, changed=false
04-15 17:58:31.874 D/RILC    ( 1536): [UNSL]< UNSOL_RESPONSE_CALL_STATE_CHANGED 
04-15 17:58:31.884 D/RILJ    ( 1652): [UNSL]< UNSOL_RESPONSE_CALL_STATE_CHANGED
04-15 17:58:31.884 D/RILJ    ( 1652): [0090]> GET_CURRENT_CALLS
04-15 17:58:31.904 D/RILC    ( 1536): [0090]> GET_CURRENT_CALLS 
04-15 17:58:31.904 D/RIL     ( 1536): onRequest: GET_CURRENT_CALLS
04-15 17:58:31.904 D/AT      ( 1536): AT> AT+CLCC
04-15 17:58:31.904 D/AT      ( 1536): AT< +CLCC: 1,1,0,0,0,"18913956595",161
04-15 17:58:31.904 D/AT      ( 1536): AT< +CLCC: 2,1,5,0,0,"13182827869",161
04-15 17:58:31.904 D/AT      ( 1536): AT< OK
04-15 17:58:31.914 D/RILC    ( 1536): [0090]< GET_CURRENT_CALLS {[id=1,ACTIVE,toa=161,norm,mt,als=0,voc,noevp,18913956595,cli=0,name='(null)',0][id=2,WAITING,toa=161,norm,mt,als=0,voc,noevp,13182827869,cli=0,name='(null)',0}
04-15 17:58:31.924 D/RILJ    ( 1652): InCall VoicePrivacy is disabled
