04-18 14:21:07.749 D/STK     ( 1653): StkService: SESSION END
04-18 14:21:07.789 D/STK     ( 1653): StkMenuActivity: onNewIntent
04-18 14:21:11.559 D/STK     ( 1653): StkAppService: RES_ID_MENU_SELECTION
04-18 14:21:11.639 D/RILJ    ( 1653): [0050]> REQUEST_STK_SEND_ENVELOPE_COMMAND
04-18 14:21:11.659 D/RILC    ( 1536): [0050]> STK_SEND_ENVELOPE_COMMAND (d30782020181900101)
04-18 14:21:11.659 D/RIL     ( 1536): onRequest: STK_SEND_ENVELOPE_COMMAND
04-18 14:21:11.659 D/AT      ( 1536): AT> AT+GTKE="d30782020181900101"
04-18 14:21:11.745 D/AT      ( 1536): AT< +GTKE: ""
04-18 14:21:11.745 D/AT      ( 1536): AT< OK
04-18 14:21:11.745 D/RILC    ( 1536): [0050]< STK_SEND_ENVELOPE_COMMAND {+GTKE: ""}
04-18 14:21:11.745 D/RILJ    ( 1653): [0050]< REQUEST_STK_SEND_ENVELOPE_COMMAND +GTKE: ""
04-18 14:21:11.829 D/AT      ( 1536): AT< +GTKI: "D0298103052400820281828F0E118079FB52A88BDD8D39603B989D8F0E128053D66D885B9A5236670D52A1"
04-18 14:21:11.829 D/RILC    ( 1536): [UNSL]< UNSOL_STK_PROACTIVE_COMMAND {D0298103052400820281828F0E118079FB52A88BDD8D39603B989D8F0E128053D66D885B9A5236670D52A1}
04-18 14:21:11.839 D/RILJ    ( 1653): [UNSL]< UNSOL_STK_PROACTIVE_COMMAND D0298103052400820281828F0E118079FB52A88BDD8D39603B989D8F0E128053D66D885B9A5236670D52A1
04-18 14:21:11.869 D/STK     ( 1653): StkService: ril message arrived
04-18 14:21:11.869 D/STK     ( 1653): CommandParamsFactory: process SelectItem
04-18 14:21:11.889 D/STK     ( 1653): StkService: SELECT_ITEM
04-18 14:21:12.159 D/STK     ( 1653): StkAppService: SELECT_ITEM
04-18 14:21:12.259 D/STK     ( 1653): StkMenuActivity: onNewIntent
04-18 14:21:15.259 D/STK     ( 1653): StkAppService: RES_ID_BACKWARD
04-18 14:21:15.279 D/STK     ( 1653): StkService: TERMINAL RESPONSE: 810305240082028281830111
04-18 14:21:15.289 D/RILJ    ( 1653): [0051]> REQUEST_STK_SEND_TERMINAL_RESPONSE
04-18 14:21:15.299 D/RILC    ( 1536): [0051]> STK_SEND_TERMINAL_RESPONSE (810305240082028281830111)
04-18 14:21:15.299 D/RIL     ( 1536): onRequest: STK_SEND_TERMINAL_RESPONSE
04-18 14:21:15.299 D/RIL     ( 1536): STK send term response command: AT+GTKR="810305240082028281830111"
04-18 14:21:15.299 D/AT      ( 1536): AT> AT+GTKR="810305240082028281830111"
04-18 14:21:15.349 D/AT      ( 1536): AT< OK
04-18 14:21:15.349 D/AT      ( 1536): AT< +GTKS:
04-18 14:21:15.349 D/RILC    ( 1536): [UNSL]< UNSOL_STK_SESSION_END 
04-18 14:21:15.349 D/RILJ    ( 1653): [UNSL]< UNSOL_STK_SESSION_END
04-18 14:21:15.349 D/RILC    ( 1536): [0051]< STK_SEND_TERMINAL_RESPONSE
04-18 14:21:15.349 D/RILJ    ( 1653): [0051]< REQUEST_STK_SEND_TERMINAL_RESPONSE 
04-18 14:21:15.349 D/STK     ( 1653): StkService: ril message arrived
04-18 14:21:15.349 D/STK     ( 1653): StkService: SESSION END
04-18 14:21:15.389 D/STK     ( 1653): StkMenuActivity: onNewIntent
04-18 14:21:17.111 D/RILJ    ( 1653): [0052]> SIGNAL_STRENGTH
04-18 14:21:17.129 D/RILC    ( 1536): [0052]> SIGNAL_STRENGTH 
04-18 14:21:17.129 D/RIL     ( 1536): onRequest: SIGNAL_STRENGTH
04-18 14:21:17.129 D/AT      ( 1536): AT> AT+CSQ
04-18 14:21:17.129 D/AT      ( 1536): AT< +CSQ: 26,99
04-18 14:21:17.149 D/AT      ( 1536): AT< OK
04-18 14:21:17.149 D/RILC    ( 1536): [0052]< SIGNAL_STRENGTH {[ 26 99]}
04-18 14:21:17.159 D/RILJ    ( 1653): [0052]< SIGNAL_STRENGTH {26, 99, 0, 0, 0, 0, 0}
04-18 14:21:20.239 D/STK     ( 1653): StkAppService: RES_ID_MENU_SELECTION
04-18 14:21:20.249 D/RILJ    ( 1653): [0053]> REQUEST_STK_SEND_ENVELOPE_COMMAND
04-18 14:21:20.259 D/RILC    ( 1536): [0053]> STK_SEND_ENVELOPE_COMMAND (d30782020181900109)
04-18 14:21:20.259 D/RIL     ( 1536): onRequest: STK_SEND_ENVELOPE_COMMAND
04-18 14:21:20.259 D/AT      ( 1536): AT> AT+GTKE="d30782020181900109"
04-18 14:21:20.299 D/AT      ( 1536): AT< +GTKE: ""
04-18 14:21:20.299 D/AT      ( 1536): AT< OK
04-18 14:21:20.299 D/RILC    ( 1536): [0053]< STK_SEND_ENVELOPE_COMMAND {+GTKE: ""}
04-18 14:21:20.299 D/RILJ    ( 1653): [0053]< REQUEST_STK_SEND_ENVELOPE_COMMAND +GTKE: ""
04-18 14:21:20.406 D/AT      ( 1536): AT< +GTKI: "D0318103012400820281828F0A01804E0B8F7D83DC53558F0A02805220966483DC53558F0E038066F465B0670D52A152178868"
04-18 14:21:20.406 D/RILC    ( 1536): [UNSL]< UNSOL_STK_PROACTIVE_COMMAND {D0318103012400820281828F0A01804E0B8F7D83DC53558F0A02805220966483DC53558F0E038066F465B0670D52A152178868}
04-18 14:21:20.406 D/RILJ    ( 1653): [UNSL]< UNSOL_STK_PROACTIVE_COMMAND D0318103012400820281828F0A01804E0B8F7D83DC53558F0A02805220966483DC53558F0E038066F465B0670D52A152178868
04-18 14:21:20.409 D/STK     ( 1653): StkService: ril message arrived
04-18 14:21:20.419 D/STK     ( 1653): CommandParamsFactory: process SelectItem
04-18 14:21:20.439 D/STK     ( 1653): StkService: SELECT_ITEM
04-18 14:21:20.549 D/STK     ( 1653): StkAppService: SELECT_ITEM
04-18 14:21:20.549 D/STK     ( 1653): StkMenuActivity: onNewIntent
04-18 14:21:21.409 D/STK     ( 1653): StkAppService: RES_ID_BACKWARD
04-18 14:21:21.439 D/STK     ( 1653): StkService: TERMINAL RESPONSE: 810301240082028281830111
04-18 14:21:21.439 D/RILJ    ( 1653): [0054]> REQUEST_STK_SEND_TERMINAL_RESPONSE
04-18 14:21:21.449 D/RILC    ( 1536): [0054]> STK_SEND_TERMINAL_RESPONSE (810301240082028281830111)
04-18 14:21:21.449 D/RIL     ( 1536): onRequest: STK_SEND_TERMINAL_RESPONSE
04-18 14:21:21.449 D/RIL     ( 1536): STK send term response command: AT+GTKR="810301240082028281830111"
04-18 14:21:21.449 D/AT      ( 1536): AT> AT+GTKR="810301240082028281830111"
04-18 14:21:21.499 D/AT      ( 1536): AT< OK
04-18 14:21:21.499 D/AT      ( 1536): AT< +GTKS:
04-18 14:21:21.499 D/RILC    ( 1536): [UNSL]< UNSOL_STK_SESSION_END 
04-18 14:21:21.499 D/RILJ    ( 1653): [UNSL]< UNSOL_STK_SESSION_END
04-18 14:21:21.499 D/STK     ( 1653): StkService: ril message arrived
04-18 14:21:21.499 D/STK     ( 1653): StkService: SESSION END
04-18 14:21:21.509 D/RILC    ( 1536): [0054]< STK_SEND_TERMINAL_RESPONSE
04-18 14:21:21.509 D/RILJ    ( 1653): [0054]< REQUEST_STK_SEND_TERMINAL_RESPONSE 
04-18 14:21:21.539 D/STK     ( 1653): StkMenuActivity: onNewIntent
04-18 14:21:22.769 D/STK     ( 1653): StkMenuActivity: onDestroy
04-18 14:21:37.209 D/RILJ    ( 1653): [0055]> SIGNAL_STRENGTH
04-18 14:21:37.229 D/RILC    ( 1536): [0055]> SIGNAL_STRENGTH 
04-18 14:21:37.229 D/RIL     ( 1536): onRequest: SIGNAL_STRENGTH
04-18 14:21:37.229 D/AT      ( 1536): AT> AT+CSQ
04-18 14:21:37.239 D/AT      ( 1536): AT< +CSQ: 22,99
04-18 14:21:37.239 D/AT      ( 1536): AT< OK
04-18 14:21:37.239 D/RILC    ( 1536): [0055]< SIGNAL_STRENGTH {[ 22 99]}
04-18 14:21:37.249 D/RILJ    ( 1653): [0055]< SIGNAL_STRENGTH {22, 99, 0, 0, 0, 0, 0}
04-18 14:21:57.356 D/RILJ    ( 1653): [0056]> SIGNAL_STRENGTH
04-18 14:21:57.389 D/RILC    ( 1536): [0056]> SIGNAL_STRENGTH 
04-18 14:21:57.389 D/RIL     ( 1536): onRequest: SIGNAL_STRENGTH
04-18 14:21:57.399 D/AT      ( 1536): AT> AT+CSQ
04-18 14:21:57.409 D/AT      ( 1536): AT< +CSQ: 21,99
04-18 14:21:57.409 D/AT      ( 1536): AT< OK
04-18 14:21:57.409 D/RILC    ( 1536): [0056]< SIGNAL_STRENGTH {[ 21 99]}
04-18 14:21:57.419 D/RILJ    ( 1653): [0056]< SIGNAL_STRENGTH {21, 99, 0, 0, 0, 0, 0}
04-18 14:22:17.509 D/RILJ    ( 1653): [0057]> SIGNAL_STRENGTH
04-18 14:22:17.589 D/RILC    ( 1536): [0057]> SIGNAL_STRENGTH 
04-18 14:22:17.589 D/RIL     ( 1536): onRequest: SIGNAL_STRENGTH
04-18 14:22:17.589 D/AT      ( 1536): AT> AT+CSQ
04-18 14:22:17.629 D/AT      ( 1536): AT< +CSQ: 20,99
04-18 14:22:17.629 D/AT      ( 1536): AT< OK
04-18 14:22:17.629 D/RILC    ( 1536): [0057]< SIGNAL_STRENGTH {[ 20 99]}
04-18 14:22:17.639 D/RILJ    ( 1653): [0057]< SIGNAL_STRENGTH {20, 99, 0, 0, 0, 0, 0}
04-18 14:22:21.289 D/GSM     ( 1653): dialing w/ mmi 'null'...
04-18 14:22:21.289 D/GSM     ( 1653): [GSMConn] acquireWakeLock
04-18 14:22:21.289 D/RILJ    ( 1653): [0058]> SET_MUTE false
04-18 14:22:21.299 D/RILC    ( 1536): [0058]> SET_MUTE (0)
04-18 14:22:21.299 D/RIL     ( 1536): onRequest: SET_MUTE
04-18 14:22:21.299 D/AT      ( 1536): AT> AT+CMUT=0
04-18 14:22:21.299 D/AT      ( 1536): AT< +CME ERROR: 3
04-18 14:22:21.299 D/RILC    ( 1536): [0058]< SET_MUTE fails by E_GENERIC_FAILURE
04-18 14:22:21.299 D/RILJ    ( 1653): [0058]< SET_MUTE error: com.android.internal.telephony.CommandException: GENERIC_FAILURE
04-18 14:22:21.309 D/RILJ    ( 1653): [0059]> DIAL
04-18 14:22:21.319 D/RILC    ( 1536): [0059]> DIAL (num=13182827869,clir=0)
04-18 14:22:21.319 D/RIL     ( 1536): onRequest: DIAL
04-18 14:22:21.319 D/AT      ( 1536): AT> ATD13182827869;
04-18 14:22:21.319 D/AT      ( 1536): AT< OK
04-18 14:22:21.319 D/RILC    ( 1536): [0059]< DIAL
04-18 14:22:21.319 D/RILJ    ( 1653): [0059]< DIAL 
04-18 14:22:21.529 D/RILJ    ( 1653): [0060]> SET_MUTE false
04-18 14:22:21.539 D/RILC    ( 1536): [0060]> SET_MUTE (0)
04-18 14:22:21.539 D/RIL     ( 1536): onRequest: SET_MUTE
04-18 14:22:21.539 D/AT      ( 1536): AT> AT+CMUT=0
04-18 14:22:21.539 D/AT      ( 1536): AT< +CME ERROR: 3
04-18 14:22:21.539 D/RILC    ( 1536): [0060]< SET_MUTE fails by E_GENERIC_FAILURE
04-18 14:22:21.539 D/RILJ    ( 1653): [0060]< SET_MUTE error: com.android.internal.telephony.CommandException: GENERIC_FAILURE
04-18 14:22:21.559 D/RILJ    ( 1653): [0061]> GET_CURRENT_CALLS
04-18 14:22:21.569 D/RILC    ( 1536): [0061]> GET_CURRENT_CALLS 
04-18 14:22:21.569 D/RIL     ( 1536): onRequest: GET_CURRENT_CALLS
04-18 14:22:21.569 D/AT      ( 1536): AT> AT+CLCC
04-18 14:22:21.569 D/AT      ( 1536): AT< +CLCC: 1,0,2,0,0,"13182827869",129
04-18 14:22:21.569 D/AT      ( 1536): AT< OK
04-18 14:22:21.569 D/RILC    ( 1536): [0061]< GET_CURRENT_CALLS {[id=1,DIALING,toa=129,norm,mo,als=0,voc,noevp,13182827869,cli=0,name='(null)',0}
04-18 14:22:21.569 D/RILJ    ( 1653): InCall VoicePrivacy is disabled
04-18 14:22:21.569 D/RILJ    ( 1653): [0061]< GET_CURRENT_CALLS  [id=1,DIALING,toa=129,norm,mo,0,voc,noevp,,cli=1,,0] 
04-18 14:22:21.579 D/GSM     ( 1653): GSMDataConnTrack handleMessage { what=14 when=253309 obj=android.os.AsyncResult@43c2d0c0 }
04-18 14:22:21.579 D/GSM     ( 1653): [DataConnection] Stop poll NetStat
04-18 14:22:21.629 D/RILJ    ( 1653): [0062]> SET_MUTE false
04-18 14:22:21.639 D/RILC    ( 1536): [0062]> SET_MUTE (0)
04-18 14:22:21.639 D/RIL     ( 1536): onRequest: SET_MUTE
04-18 14:22:21.639 D/AT      ( 1536): AT> AT+CMUT=0
04-18 14:22:21.639 D/AT      ( 1536): AT< +CME ERROR: 3
04-18 14:22:21.639 D/RILC    ( 1536): [0062]< SET_MUTE fails by E_GENERIC_FAILURE
04-18 14:22:21.639 D/RILJ    ( 1653): [0062]< SET_MUTE error: com.android.internal.telephony.CommandException: GENERIC_FAILURE
04-18 14:22:21.679 D/RILJ    ( 1653): [0063]> SET_MUTE false
04-18 14:22:21.689 D/RILC    ( 1536): [0063]> SET_MUTE (0)
04-18 14:22:21.689 D/RIL     ( 1536): onRequest: SET_MUTE
04-18 14:22:21.689 D/AT      ( 1536): AT> AT+CMUT=0
04-18 14:22:21.689 D/AT      ( 1536): AT< +CME ERROR: 3
04-18 14:22:21.689 D/RILC    ( 1536): [0063]< SET_MUTE fails by E_GENERIC_FAILURE
04-18 14:22:21.689 D/RILJ    ( 1653): [0063]< SET_MUTE error: com.android.internal.telephony.CommandException: GENERIC_FAILURE
04-18 14:22:21.939 D/GSM     ( 1653): [GSMConn] update: parent=DIALING, hasNewParent=false, wasConnectingInOrOut=true, wasHolding=false, isConnectingInOrOut=true, changed=false
04-18 14:22:22.079 D/RILC    ( 1536): [UNSL]< UNSOL_RESPONSE_CALL_STATE_CHANGED 
04-18 14:22:22.079 D/RILJ    ( 1653): [UNSL]< UNSOL_RESPONSE_CALL_STATE_CHANGED
04-18 14:22:22.249 D/RILJ    ( 1653): [0064]> SET_MUTE false
04-18 14:22:22.289 D/RILC    ( 1536): [0064]> SET_MUTE (0)
04-18 14:22:22.289 D/RIL     ( 1536): onRequest: SET_MUTE
04-18 14:22:22.289 D/AT      ( 1536): AT> AT+CMUT=0
04-18 14:22:22.289 D/AT      ( 1536): AT< +CME ERROR: 3
04-18 14:22:22.289 D/RILC    ( 1536): [0064]< SET_MUTE fails by E_GENERIC_FAILURE
04-18 14:22:22.299 D/RILJ    ( 1653): [0064]< SET_MUTE error: com.android.internal.telephony.CommandException: GENERIC_FAILURE
04-18 14:22:22.359 D/RILJ    ( 1653): [0065]> GET_CURRENT_CALLS
04-18 14:22:22.389 D/RILC    ( 1536): [0065]> GET_CURRENT_CALLS 
04-18 14:22:22.389 D/RIL     ( 1536): onRequest: GET_CURRENT_CALLS
04-18 14:22:22.389 D/AT      ( 1536): AT> AT+CLCC
04-18 14:22:22.399 D/AT      ( 1536): AT< +CLCC: 1,0,2,0,0,"13182827869",129
04-18 14:22:22.399 D/AT      ( 1536): AT< OK
04-18 14:22:22.399 D/RILC    ( 1536): [0065]< GET_CURRENT_CALLS {[id=1,DIALING,toa=129,norm,mo,als=0,voc,noevp,13182827869,cli=0,name='(null)',0}
04-18 14:22:22.399 D/RILJ    ( 1653): InCall VoicePrivacy is disabled
04-18 14:22:22.399 D/RILJ    ( 1653): [0065]< GET_CURRENT_CALLS  [id=1,DIALING,toa=129,norm,mo,0,voc,noevp,,cli=1,,0] 
04-18 14:22:22.609 D/GSM     ( 1653): [GSMConn] update: parent=DIALING, hasNewParent=false, wasConnectingInOrOut=true, wasHolding=false, isConnectingInOrOut=true, changed=false
04-18 14:22:22.902 D/RILC    ( 1536): [UNSL]< UNSOL_RESPONSE_CALL_STATE_CHANGED 
04-18 14:22:22.902 D/RILJ    ( 1653): [UNSL]< UNSOL_RESPONSE_CALL_STATE_CHANGED
04-18 14:22:22.902 D/RILJ    ( 1653): [0066]> GET_CURRENT_CALLS
04-18 14:22:22.902 D/RILC    ( 1536): [0066]> GET_CURRENT_CALLS 
04-18 14:22:22.902 D/RIL     ( 1536): onRequest: GET_CURRENT_CALLS
04-18 14:22:22.902 D/AT      ( 1536): AT> AT+CLCC
04-18 14:22:22.909 D/AT      ( 1536): AT< +CLCC: 1,0,2,0,0,"13182827869",129
04-18 14:22:22.909 D/AT      ( 1536): AT< OK
04-18 14:22:22.909 D/RILC    ( 1536): [0066]< GET_CURRENT_CALLS {[id=1,DIALING,toa=129,norm,mo,als=0,voc,noevp,13182827869,cli=0,name='(null)',0}
04-18 14:22:22.909 D/RILJ    ( 1653): InCall VoicePrivacy is disabled
04-18 14:22:22.909 D/RILJ    ( 1653): [0066]< GET_CURRENT_CALLS  [id=1,DIALING,toa=129,norm,mo,0,voc,noevp,,cli=1,,0] 
04-18 14:22:22.909 D/GSM     ( 1653): [GSMConn] update: parent=DIALING, hasNewParent=false, wasConnectingInOrOut=true, wasHolding=false, isConnectingInOrOut=true, changed=false
04-18 14:22:23.411 D/RILC    ( 1536): [UNSL]< UNSOL_RESPONSE_CALL_STATE_CHANGED 
04-18 14:22:23.411 D/RILJ    ( 1653): [UNSL]< UNSOL_RESPONSE_CALL_STATE_CHANGED
04-18 14:22:23.411 D/RILJ    ( 1653): [0067]> GET_CURRENT_CALLS
04-18 14:22:23.411 D/RILC    ( 1536): [0067]> GET_CURRENT_CALLS 
04-18 14:22:23.411 D/RIL     ( 1536): onRequest: GET_CURRENT_CALLS
04-18 14:22:23.411 D/AT      ( 1536): AT> AT+CLCC
04-18 14:22:23.419 D/AT      ( 1536): AT< +CLCC: 1,0,2,0,0,"13182827869",129
04-18 14:22:23.419 D/AT      ( 1536): AT< OK
04-18 14:22:23.419 D/RILC    ( 1536): [0067]< GET_CURRENT_CALLS {[id=1,DIALING,toa=129,norm,mo,als=0,voc,noevp,13182827869,cli=0,name='(null)',0}
04-18 14:22:23.419 D/RILJ    ( 1653): InCall VoicePrivacy is disabled
04-18 14:22:23.419 D/RILJ    ( 1653): [0067]< GET_CURRENT_CALLS  [id=1,DIALING,toa=129,norm,mo,0,voc,noevp,,cli=1,,0] 
04-18 14:22:23.419 D/GSM     ( 1653): [GSMConn] update: parent=DIALING, hasNewParent=false, wasConnectingInOrOut=true, wasHolding=false, isConnectingInOrOut=true, changed=false
04-18 14:22:23.920 D/RILC    ( 1536): [UNSL]< UNSOL_RESPONSE_CALL_STATE_CHANGED 
04-18 14:22:23.920 D/RILJ    ( 1653): [UNSL]< UNSOL_RESPONSE_CALL_STATE_CHANGED
04-18 14:22:23.920 D/RILJ    ( 1653): [0068]> GET_CURRENT_CALLS
04-18 14:22:23.920 D/RILC    ( 1536): [0068]> GET_CURRENT_CALLS 
04-18 14:22:23.920 D/RIL     ( 1536): onRequest: GET_CURRENT_CALLS
04-18 14:22:23.920 D/AT      ( 1536): AT> AT+CLCC
04-18 14:22:23.920 D/AT      ( 1536): AT< +CLCC: 1,0,2,0,0,"13182827869",129
04-18 14:22:23.920 D/AT      ( 1536): AT< OK
04-18 14:22:23.920 D/RILC    ( 1536): [0068]< GET_CURRENT_CALLS {[id=1,DIALING,toa=129,norm,mo,als=0,voc,noevp,13182827869,cli=0,name='(null)',0}
04-18 14:22:23.929 D/RILJ    ( 1653): InCall VoicePrivacy is disabled
04-18 14:22:23.929 D/RILJ    ( 1653): [0068]< GET_CURRENT_CALLS  [id=1,DIALING,toa=129,norm,mo,0,voc,noevp,,cli=1,,0] 
04-18 14:22:23.929 D/GSM     ( 1653): [GSMConn] update: parent=DIALING, hasNewParent=false, wasConnectingInOrOut=true, wasHolding=false, isConnectingInOrOut=true, changed=false
04-18 14:22:24.429 D/RILC    ( 1536): [UNSL]< UNSOL_RESPONSE_CALL_STATE_CHANGED 
04-18 14:22:24.429 D/RILJ    ( 1653): [UNSL]< UNSOL_RESPONSE_CALL_STATE_CHANGED
04-18 14:22:24.429 D/RILJ    ( 1653): [0069]> GET_CURRENT_CALLS
04-18 14:22:24.429 D/RILC    ( 1536): [0069]> GET_CURRENT_CALLS 
04-18 14:22:24.429 D/RIL     ( 1536): onRequest: GET_CURRENT_CALLS
04-18 14:22:24.429 D/AT      ( 1536): AT> AT+CLCC
04-18 14:22:24.429 D/AT      ( 1536): AT< +CLCC: 1,0,2,0,0,"13182827869",129
04-18 14:22:24.429 D/AT      ( 1536): AT< OK
04-18 14:22:24.429 D/RILC    ( 1536): [0069]< GET_CURRENT_CALLS {[id=1,DIALING,toa=129,norm,mo,als=0,voc,noevp,13182827869,cli=0,name='(null)',0}
04-18 14:22:24.429 D/RILJ    ( 1653): InCall VoicePrivacy is disabled
04-18 14:22:24.439 D/RILJ    ( 1653): [0069]< GET_CURRENT_CALLS  [id=1,DIALING,toa=129,norm,mo,0,voc,noevp,,cli=1,,0] 
04-18 14:22:24.439 D/GSM     ( 1653): [GSMConn] update: parent=DIALING, hasNewParent=false, wasConnectingInOrOut=true, wasHolding=false, isConnectingInOrOut=true, changed=false
04-18 14:22:24.938 D/RILC    ( 1536): [UNSL]< UNSOL_RESPONSE_CALL_STATE_CHANGED 
04-18 14:22:24.939 D/RILJ    ( 1653): [UNSL]< UNSOL_RESPONSE_CALL_STATE_CHANGED
04-18 14:22:24.939 D/RILJ    ( 1653): [0070]> GET_CURRENT_CALLS
04-18 14:22:24.939 D/RILC    ( 1536): [0070]> GET_CURRENT_CALLS 
04-18 14:22:24.939 D/RIL     ( 1536): onRequest: GET_CURRENT_CALLS
04-18 14:22:24.939 D/AT      ( 1536): AT> AT+CLCC
04-18 14:22:24.939 D/AT      ( 1536): AT< +CLCC: 1,0,2,0,0,"13182827869",129
04-18 14:22:24.939 D/AT      ( 1536): AT< OK
04-18 14:22:24.939 D/RILC    ( 1536): [0070]< GET_CURRENT_CALLS {[id=1,DIALING,toa=129,norm,mo,als=0,voc,noevp,13182827869,cli=0,name='(null)',0}
04-18 14:22:24.939 D/RILJ    ( 1653): InCall VoicePrivacy is disabled
04-18 14:22:24.949 D/RILJ    ( 1653): [0070]< GET_CURRENT_CALLS  [id=1,DIALING,toa=129,norm,mo,0,voc,noevp,,cli=1,,0] 
04-18 14:22:24.949 D/GSM     ( 1653): [GSMConn] update: parent=DIALING, hasNewParent=false, wasConnectingInOrOut=true, wasHolding=false, isConnectingInOrOut=true, changed=false
04-18 14:22:25.447 D/RILC    ( 1536): [UNSL]< UNSOL_RESPONSE_CALL_STATE_CHANGED 
04-18 14:22:25.447 D/RILJ    ( 1653): [UNSL]< UNSOL_RESPONSE_CALL_STATE_CHANGED
04-18 14:22:25.449 D/RILJ    ( 1653): [0071]> GET_CURRENT_CALLS
04-18 14:22:25.449 D/RILC    ( 1536): [0071]> GET_CURRENT_CALLS 
04-18 14:22:25.449 D/RIL     ( 1536): onRequest: GET_CURRENT_CALLS
04-18 14:22:25.449 D/AT      ( 1536): AT> AT+CLCC
04-18 14:22:25.449 D/AT      ( 1536): AT< +CLCC: 1,0,2,0,0,"13182827869",129
04-18 14:22:25.449 D/AT      ( 1536): AT< OK
04-18 14:22:25.449 D/RILC    ( 1536): [0071]< GET_CURRENT_CALLS {[id=1,DIALING,toa=129,norm,mo,als=0,voc,noevp,13182827869,cli=0,name='(null)',0}
04-18 14:22:25.449 D/RILJ    ( 1653): InCall VoicePrivacy is disabled
04-18 14:22:25.449 D/RILJ    ( 1653): [0071]< GET_CURRENT_CALLS  [id=1,DIALING,toa=129,norm,mo,0,voc,noevp,,cli=1,,0] 
04-18 14:22:25.459 D/GSM     ( 1653): [GSMConn] update: parent=DIALING, hasNewParent=false, wasConnectingInOrOut=true, wasHolding=false, isConnectingInOrOut=true, changed=false
04-18 14:22:25.950 D/RILC    ( 1536): [UNSL]< UNSOL_RESPONSE_CALL_STATE_CHANGED 
04-18 14:22:25.950 D/RILJ    ( 1653): [UNSL]< UNSOL_RESPONSE_CALL_STATE_CHANGED
04-18 14:22:25.950 D/RILJ    ( 1653): [0072]> GET_CURRENT_CALLS
04-18 14:22:25.959 D/RILC    ( 1536): [0072]> GET_CURRENT_CALLS 
04-18 14:22:25.959 D/RIL     ( 1536): onRequest: GET_CURRENT_CALLS
04-18 14:22:25.959 D/AT      ( 1536): AT> AT+CLCC
04-18 14:22:25.959 D/AT      ( 1536): AT< +CLCC: 1,0,2,0,0,"13182827869",129
04-18 14:22:25.959 D/AT      ( 1536): AT< OK
04-18 14:22:25.959 D/RILC    ( 1536): [0072]< GET_CURRENT_CALLS {[id=1,DIALING,toa=129,norm,mo,als=0,voc,noevp,13182827869,cli=0,name='(null)',0}
04-18 14:22:25.959 D/RILJ    ( 1653): InCall VoicePrivacy is disabled
04-18 14:22:25.959 D/RILJ    ( 1653): [0072]< GET_CURRENT_CALLS  [id=1,DIALING,toa=129,norm,mo,0,voc,noevp,,cli=1,,0] 
04-18 14:22:25.959 D/GSM     ( 1653): [GSMConn] update: parent=DIALING, hasNewParent=false, wasConnectingInOrOut=true, wasHolding=false, isConnectingInOrOut=true, changed=false
04-18 14:22:26.465 D/RILC    ( 1536): [UNSL]< UNSOL_RESPONSE_CALL_STATE_CHANGED 
04-18 14:22:26.465 D/RILJ    ( 1653): [UNSL]< UNSOL_RESPONSE_CALL_STATE_CHANGED
04-18 14:22:26.465 D/RILJ    ( 1653): [0073]> GET_CURRENT_CALLS
04-18 14:22:26.469 D/RILC    ( 1536): [0073]> GET_CURRENT_CALLS 
04-18 14:22:26.469 D/RIL     ( 1536): onRequest: GET_CURRENT_CALLS
04-18 14:22:26.469 D/AT      ( 1536): AT> AT+CLCC
04-18 14:22:26.469 D/AT      ( 1536): AT< +CLCC: 1,0,2,0,0,"13182827869",129
04-18 14:22:26.469 D/AT      ( 1536): AT< OK
04-18 14:22:26.469 D/RILC    ( 1536): [0073]< GET_CURRENT_CALLS {[id=1,DIALING,toa=129,norm,mo,als=0,voc,noevp,13182827869,cli=0,name='(null)',0}
04-18 14:22:26.469 D/RILJ    ( 1653): InCall VoicePrivacy is disabled
04-18 14:22:26.469 D/RILJ    ( 1653): [0073]< GET_CURRENT_CALLS  [id=1,DIALING,toa=129,norm,mo,0,voc,noevp,,cli=1,,0] 
04-18 14:22:26.469 D/GSM     ( 1653): [GSMConn] update: parent=DIALING, hasNewParent=false, wasConnectingInOrOut=true, wasHolding=false, isConnectingInOrOut=true, changed=false
04-18 14:22:26.975 D/RILC    ( 1536): [UNSL]< UNSOL_RESPONSE_CALL_STATE_CHANGED 
04-18 14:22:26.975 D/RILJ    ( 1653): [UNSL]< UNSOL_RESPONSE_CALL_STATE_CHANGED
04-18 14:22:26.975 D/RILJ    ( 1653): [0074]> GET_CURRENT_CALLS
04-18 14:22:26.979 D/RILC    ( 1536): [0074]> GET_CURRENT_CALLS 
04-18 14:22:26.979 D/RIL     ( 1536): onRequest: GET_CURRENT_CALLS
04-18 14:22:26.979 D/AT      ( 1536): AT> AT+CLCC
04-18 14:22:26.979 D/AT      ( 1536): AT< +CLCC: 1,0,2,0,0,"13182827869",129
04-18 14:22:26.979 D/AT      ( 1536): AT< OK
04-18 14:22:26.979 D/RILC    ( 1536): [0074]< GET_CURRENT_CALLS {[id=1,DIALING,toa=129,norm,mo,als=0,voc,noevp,13182827869,cli=0,name='(null)',0}
04-18 14:22:26.979 D/RILJ    ( 1653): InCall VoicePrivacy is disabled
04-18 14:22:26.979 D/RILJ    ( 1653): [0074]< GET_CURRENT_CALLS  [id=1,DIALING,toa=129,norm,mo,0,voc,noevp,,cli=1,,0] 
04-18 14:22:26.979 D/GSM     ( 1653): [GSMConn] update: parent=DIALING, hasNewParent=false, wasConnectingInOrOut=true, wasHolding=false, isConnectingInOrOut=true, changed=false
04-18 14:22:27.484 D/RILC    ( 1536): [UNSL]< UNSOL_RESPONSE_CALL_STATE_CHANGED 
04-18 14:22:27.484 D/RILJ    ( 1653): [UNSL]< UNSOL_RESPONSE_CALL_STATE_CHANGED
04-18 14:22:27.484 D/RILJ    ( 1653): [0075]> GET_CURRENT_CALLS
04-18 14:22:27.489 D/RILC    ( 1536): [0075]> GET_CURRENT_CALLS 
04-18 14:22:27.489 D/RIL     ( 1536): onRequest: GET_CURRENT_CALLS
04-18 14:22:27.489 D/AT      ( 1536): AT> AT+CLCC
04-18 14:22:27.489 D/AT      ( 1536): AT< +CLCC: 1,0,2,0,0,"13182827869",129
04-18 14:22:27.489 D/AT      ( 1536): AT< OK
04-18 14:22:27.489 D/RILC    ( 1536): [0075]< GET_CURRENT_CALLS {[id=1,DIALING,toa=129,norm,mo,als=0,voc,noevp,13182827869,cli=0,name='(null)',0}
04-18 14:22:27.489 D/RILJ    ( 1653): InCall VoicePrivacy is disabled
04-18 14:22:27.489 D/RILJ    ( 1653): [0075]< GET_CURRENT_CALLS  [id=1,DIALING,toa=129,norm,mo,0,voc,noevp,,cli=1,,0] 
04-18 14:22:27.489 D/GSM     ( 1653): [GSMConn] update: parent=DIALING, hasNewParent=false, wasConnectingInOrOut=true, wasHolding=false, isConnectingInOrOut=true, changed=false
04-18 14:22:27.993 D/RILC    ( 1536): [UNSL]< UNSOL_RESPONSE_CALL_STATE_CHANGED 
04-18 14:22:27.993 D/RILJ    ( 1653): [UNSL]< UNSOL_RESPONSE_CALL_STATE_CHANGED
04-18 14:22:27.993 D/RILJ    ( 1653): [0076]> GET_CURRENT_CALLS
04-18 14:22:27.993 D/RILC    ( 1536): [0076]> GET_CURRENT_CALLS 
04-18 14:22:27.993 D/RIL     ( 1536): onRequest: GET_CURRENT_CALLS
04-18 14:22:27.999 D/AT      ( 1536): AT> AT+CLCC
04-18 14:22:27.999 D/AT      ( 1536): AT< +CLCC: 1,0,2,0,0,"13182827869",129
04-18 14:22:27.999 D/AT      ( 1536): AT< OK
04-18 14:22:27.999 D/RILC    ( 1536): [0076]< GET_CURRENT_CALLS {[id=1,DIALING,toa=129,norm,mo,als=0,voc,noevp,13182827869,cli=0,name='(null)',0}
04-18 14:22:27.999 D/RILJ    ( 1653): InCall VoicePrivacy is disabled
04-18 14:22:27.999 D/RILJ    ( 1653): [0076]< GET_CURRENT_CALLS  [id=1,DIALING,toa=129,norm,mo,0,voc,noevp,,cli=1,,0] 
04-18 14:22:27.999 D/GSM     ( 1653): [GSMConn] update: parent=DIALING, hasNewParent=false, wasConnectingInOrOut=true, wasHolding=false, isConnectingInOrOut=true, changed=false
04-18 14:22:28.500 D/RILC    ( 1536): [UNSL]< UNSOL_RESPONSE_CALL_STATE_CHANGED 
04-18 14:22:28.500 D/RILJ    ( 1653): [UNSL]< UNSOL_RESPONSE_CALL_STATE_CHANGED
04-18 14:22:28.500 D/RILJ    ( 1653): [0077]> GET_CURRENT_CALLS
04-18 14:22:28.500 D/RILC    ( 1536): [0077]> GET_CURRENT_CALLS 
04-18 14:22:28.500 D/RIL     ( 1536): onRequest: GET_CURRENT_CALLS
04-18 14:22:28.500 D/AT      ( 1536): AT> AT+CLCC
04-18 14:22:28.509 D/AT      ( 1536): AT< +CLCC: 1,0,2,0,0,"13182827869",129
04-18 14:22:28.509 D/AT      ( 1536): AT< OK
04-18 14:22:28.509 D/RILC    ( 1536): [0077]< GET_CURRENT_CALLS {[id=1,DIALING,toa=129,norm,mo,als=0,voc,noevp,13182827869,cli=0,name='(null)',0}
04-18 14:22:28.509 D/RILJ    ( 1653): InCall VoicePrivacy is disabled
04-18 14:22:28.509 D/RILJ    ( 1653): [0077]< GET_CURRENT_CALLS  [id=1,DIALING,toa=129,norm,mo,0,voc,noevp,,cli=1,,0] 
04-18 14:22:28.509 D/GSM     ( 1653): [GSMConn] update: parent=DIALING, hasNewParent=false, wasConnectingInOrOut=true, wasHolding=false, isConnectingInOrOut=true, changed=false
04-18 14:22:29.012 D/RILC    ( 1536): [UNSL]< UNSOL_RESPONSE_CALL_STATE_CHANGED 
04-18 14:22:29.012 D/RILJ    ( 1653): [UNSL]< UNSOL_RESPONSE_CALL_STATE_CHANGED
04-18 14:22:29.012 D/RILJ    ( 1653): [0078]> GET_CURRENT_CALLS
04-18 14:22:29.012 D/RILC    ( 1536): [0078]> GET_CURRENT_CALLS 
04-18 14:22:29.012 D/RIL     ( 1536): onRequest: GET_CURRENT_CALLS
04-18 14:22:29.012 D/AT      ( 1536): AT> AT+CLCC
04-18 14:22:29.019 D/AT      ( 1536): AT< +CLCC: 1,0,2,0,0,"13182827869",129
04-18 14:22:29.019 D/AT      ( 1536): AT< OK
04-18 14:22:29.019 D/RILC    ( 1536): [0078]< GET_CURRENT_CALLS {[id=1,DIALING,toa=129,norm,mo,als=0,voc,noevp,13182827869,cli=0,name='(null)',0}
04-18 14:22:29.019 D/RILJ    ( 1653): InCall VoicePrivacy is disabled
04-18 14:22:29.019 D/RILJ    ( 1653): [0078]< GET_CURRENT_CALLS  [id=1,DIALING,toa=129,norm,mo,0,voc,noevp,,cli=1,,0] 
04-18 14:22:29.019 D/GSM     ( 1653): [GSMConn] update: parent=DIALING, hasNewParent=false, wasConnectingInOrOut=true, wasHolding=false, isConnectingInOrOut=true, changed=false
04-18 14:22:29.522 D/RILC    ( 1536): [UNSL]< UNSOL_RESPONSE_CALL_STATE_CHANGED 
04-18 14:22:29.522 D/RILJ    ( 1653): [UNSL]< UNSOL_RESPONSE_CALL_STATE_CHANGED
04-18 14:22:29.522 D/RILJ    ( 1653): [0079]> GET_CURRENT_CALLS
04-18 14:22:29.522 D/RILC    ( 1536): [0079]> GET_CURRENT_CALLS 
04-18 14:22:29.522 D/RIL     ( 1536): onRequest: GET_CURRENT_CALLS
04-18 14:22:29.522 D/AT      ( 1536): AT> AT+CLCC
04-18 14:22:29.529 D/AT      ( 1536): AT< +CLCC: 1,0,2,0,0,"13182827869",129
04-18 14:22:29.529 D/AT      ( 1536): AT< OK
04-18 14:22:29.529 D/RILC    ( 1536): [0079]< GET_CURRENT_CALLS {[id=1,DIALING,toa=129,norm,mo,als=0,voc,noevp,13182827869,cli=0,name='(null)',0}
04-18 14:22:29.529 D/RILJ    ( 1653): InCall VoicePrivacy is disabled
04-18 14:22:29.529 D/RILJ    ( 1653): [0079]< GET_CURRENT_CALLS  [id=1,DIALING,toa=129,norm,mo,0,voc,noevp,,cli=1,,0] 
04-18 14:22:29.529 D/GSM     ( 1653): [GSMConn] update: parent=DIALING, hasNewParent=false, wasConnectingInOrOut=true, wasHolding=false, isConnectingInOrOut=true, changed=false
04-18 14:22:30.031 D/RILC    ( 1536): [UNSL]< UNSOL_RESPONSE_CALL_STATE_CHANGED 
04-18 14:22:30.031 D/RILJ    ( 1653): [UNSL]< UNSOL_RESPONSE_CALL_STATE_CHANGED
04-18 14:22:30.031 D/RILJ    ( 1653): [0080]> GET_CURRENT_CALLS
04-18 14:22:30.031 D/RILC    ( 1536): [0080]> GET_CURRENT_CALLS 
04-18 14:22:30.031 D/RIL     ( 1536): onRequest: GET_CURRENT_CALLS
04-18 14:22:30.031 D/AT      ( 1536): AT> AT+CLCC
04-18 14:22:30.031 D/AT      ( 1536): AT< +CLCC: 1,0,2,0,0,"13182827869",129
04-18 14:22:30.039 D/AT      ( 1536): AT< OK
04-18 14:22:30.039 D/RILC    ( 1536): [0080]< GET_CURRENT_CALLS {[id=1,DIALING,toa=129,norm,mo,als=0,voc,noevp,13182827869,cli=0,name='(null)',0}
04-18 14:22:30.039 D/RILJ    ( 1653): InCall VoicePrivacy is disabled
04-18 14:22:30.039 D/RILJ    ( 1653): [0080]< GET_CURRENT_CALLS  [id=1,DIALING,toa=129,norm,mo,0,voc,noevp,,cli=1,,0] 
04-18 14:22:30.039 D/GSM     ( 1653): [GSMConn] update: parent=DIALING, hasNewParent=false, wasConnectingInOrOut=true, wasHolding=false, isConnectingInOrOut=true, changed=false
04-18 14:22:30.540 D/RILC    ( 1536): [UNSL]< UNSOL_RESPONSE_CALL_STATE_CHANGED 
04-18 14:22:30.540 D/RILJ    ( 1653): [UNSL]< UNSOL_RESPONSE_CALL_STATE_CHANGED
04-18 14:22:30.540 D/RILJ    ( 1653): [0081]> GET_CURRENT_CALLS
04-18 14:22:30.540 D/RILC    ( 1536): [0081]> GET_CURRENT_CALLS 
04-18 14:22:30.540 D/RIL     ( 1536): onRequest: GET_CURRENT_CALLS
04-18 14:22:30.540 D/AT      ( 1536): AT> AT+CLCC
04-18 14:22:30.540 D/AT      ( 1536): AT< +CLCC: 1,0,3,0,0,"13182827869",129
04-18 14:22:30.540 D/AT      ( 1536): AT< OK
04-18 14:22:30.540 D/RILC    ( 1536): [0081]< GET_CURRENT_CALLS {[id=1,ALERTING,toa=129,norm,mo,als=0,voc,noevp,13182827869,cli=0,name='(null)',0}
04-18 14:22:30.549 D/RILJ    ( 1653): InCall VoicePrivacy is disabled
04-18 14:22:30.549 D/RILJ    ( 1653): [0081]< GET_CURRENT_CALLS  [id=1,ALERTING,toa=129,norm,mo,0,voc,noevp,,cli=1,,0] 
04-18 14:22:30.549 D/GSM     ( 1653): [GSMConn] update: parent=ALERTING, hasNewParent=false, wasConnectingInOrOut=true, wasHolding=false, isConnectingInOrOut=true, changed=true
04-18 14:22:30.579 D/RILJ    ( 1653): [0082]> SET_MUTE false
04-18 14:22:30.579 D/RILC    ( 1536): [0082]> SET_MUTE (0)
04-18 14:22:30.579 D/RIL     ( 1536): onRequest: SET_MUTE
04-18 14:22:30.579 D/AT      ( 1536): AT> AT+CMUT=0
04-18 14:22:30.589 D/AT      ( 1536): AT< +CME ERROR: 3
04-18 14:22:30.589 D/RILC    ( 1536): [0082]< SET_MUTE fails by E_GENERIC_FAILURE
04-18 14:22:30.589 D/RILJ    ( 1653): [0082]< SET_MUTE error: com.android.internal.telephony.CommandException: GENERIC_FAILURE
04-18 14:22:31.050 D/RILC    ( 1536): [UNSL]< UNSOL_RESPONSE_CALL_STATE_CHANGED 
04-18 14:22:31.050 D/RILJ    ( 1653): [UNSL]< UNSOL_RESPONSE_CALL_STATE_CHANGED
04-18 14:22:31.050 D/RILJ    ( 1653): [0083]> GET_CURRENT_CALLS
04-18 14:22:31.069 D/RILC    ( 1536): [0083]> GET_CURRENT_CALLS 
04-18 14:22:31.069 D/RIL     ( 1536): onRequest: GET_CURRENT_CALLS
04-18 14:22:31.069 D/AT      ( 1536): AT> AT+CLCC
04-18 14:22:31.069 D/AT      ( 1536): AT< +CLCC: 1,0,3,0,0,"13182827869",129
04-18 14:22:31.069 D/AT      ( 1536): AT< OK
04-18 14:22:31.069 D/RILC    ( 1536): [0083]< GET_CURRENT_CALLS {[id=1,ALERTING,toa=129,norm,mo,als=0,voc,noevp,13182827869,cli=0,name='(null)',0}
04-18 14:22:31.069 D/RILJ    ( 1653): InCall VoicePrivacy is disabled
04-18 14:22:31.079 D/RILJ    ( 1653): [0083]< GET_CURRENT_CALLS  [id=1,ALERTING,toa=129,norm,mo,0,voc,noevp,,cli=1,,0] 
04-18 14:22:31.089 D/GSM     ( 1653): [GSMConn] update: parent=ALERTING, hasNewParent=false, wasConnectingInOrOut=true, wasHolding=false, isConnectingInOrOut=true, changed=false
04-18 14:22:31.579 D/RILC    ( 1536): [UNSL]< UNSOL_RESPONSE_CALL_STATE_CHANGED 
04-18 14:22:31.579 D/RILJ    ( 1653): [UNSL]< UNSOL_RESPONSE_CALL_STATE_CHANGED
04-18 14:22:31.579 D/RILJ    ( 1653): [0084]> GET_CURRENT_CALLS
04-18 14:22:31.599 D/RILC    ( 1536): [0084]> GET_CURRENT_CALLS 
04-18 14:22:31.599 D/RIL     ( 1536): onRequest: GET_CURRENT_CALLS
04-18 14:22:31.599 D/AT      ( 1536): AT> AT+CLCC
04-18 14:22:31.599 D/AT      ( 1536): AT< +CLCC: 1,0,3,0,0,"13182827869",129
04-18 14:22:31.599 D/AT      ( 1536): AT< OK
04-18 14:22:31.599 D/RILC    ( 1536): [0084]< GET_CURRENT_CALLS {[id=1,ALERTING,toa=129,norm,mo,als=0,voc,noevp,13182827869,cli=0,name='(null)',0}
04-18 14:22:31.609 D/RILJ    ( 1653): InCall VoicePrivacy is disabled
04-18 14:22:31.619 D/RILJ    ( 1653): [0084]< GET_CURRENT_CALLS  [id=1,ALERTING,toa=129,norm,mo,0,voc,noevp,,cli=1,,0] 
04-18 14:22:31.629 D/GSM     ( 1653): [GSMConn] update: parent=ALERTING, hasNewParent=false, wasConnectingInOrOut=true, wasHolding=false, isConnectingInOrOut=true, changed=false
04-18 14:22:32.112 D/RILC    ( 1536): [UNSL]< UNSOL_RESPONSE_CALL_STATE_CHANGED 
04-18 14:22:32.112 D/RILJ    ( 1653): [UNSL]< UNSOL_RESPONSE_CALL_STATE_CHANGED
04-18 14:22:32.112 D/RILJ    ( 1653): [0085]> GET_CURRENT_CALLS
04-18 14:22:32.129 D/RILC    ( 1536): [0085]> GET_CURRENT_CALLS 
04-18 14:22:32.129 D/RIL     ( 1536): onRequest: GET_CURRENT_CALLS
04-18 14:22:32.129 D/AT      ( 1536): AT> AT+CLCC
04-18 14:22:32.129 D/AT      ( 1536): AT< +CLCC: 1,0,3,0,0,"13182827869",129
04-18 14:22:32.129 D/AT      ( 1536): AT< OK
04-18 14:22:32.129 D/RILC    ( 1536): [0085]< GET_CURRENT_CALLS {[id=1,ALERTING,toa=129,norm,mo,als=0,voc,noevp,13182827869,cli=0,name='(null)',0}
04-18 14:22:32.139 D/RILJ    ( 1653): InCall VoicePrivacy is disabled
04-18 14:22:32.139 D/RILJ    ( 1653): [0085]< GET_CURRENT_CALLS  [id=1,ALERTING,toa=129,norm,mo,0,voc,noevp,,cli=1,,0] 
04-18 14:22:32.149 D/GSM     ( 1653): [GSMConn] update: parent=ALERTING, hasNewParent=false, wasConnectingInOrOut=true, wasHolding=false, isConnectingInOrOut=true, changed=false
04-18 14:22:32.629 D/RILC    ( 1536): [UNSL]< UNSOL_RESPONSE_CALL_STATE_CHANGED 
04-18 14:22:32.639 D/RILJ    ( 1653): [UNSL]< UNSOL_RESPONSE_CALL_STATE_CHANGED
04-18 14:22:32.639 D/RILJ    ( 1653): [0086]> GET_CURRENT_CALLS
04-18 14:22:32.659 D/RILC    ( 1536): [0086]> GET_CURRENT_CALLS 
04-18 14:22:32.659 D/RIL     ( 1536): onRequest: GET_CURRENT_CALLS
04-18 14:22:32.659 D/AT      ( 1536): AT> AT+CLCC
04-18 14:22:32.669 D/AT      ( 1536): AT< +CLCC: 1,0,3,0,0,"13182827869",129
04-18 14:22:32.679 D/AT      ( 1536): AT< OK
04-18 14:22:32.679 D/RILC    ( 1536): [0086]< GET_CURRENT_CALLS {[id=1,ALERTING,toa=129,norm,mo,als=0,voc,noevp,13182827869,cli=0,name='(null)',0}
04-18 14:22:32.689 D/RILJ    ( 1653): InCall VoicePrivacy is disabled
04-18 14:22:32.689 D/RILJ    ( 1653): [0086]< GET_CURRENT_CALLS  [id=1,ALERTING,toa=129,norm,mo,0,voc,noevp,,cli=1,,0] 
04-18 14:22:32.699 D/GSM     ( 1653): [GSMConn] update: parent=ALERTING, hasNewParent=false, wasConnectingInOrOut=true, wasHolding=false, isConnectingInOrOut=true, changed=false
04-18 14:22:33.182 D/RILC    ( 1536): [UNSL]< UNSOL_RESPONSE_CALL_STATE_CHANGED 
04-18 14:22:33.182 D/RILJ    ( 1653): [UNSL]< UNSOL_RESPONSE_CALL_STATE_CHANGED
04-18 14:22:33.182 D/RILJ    ( 1653): [0087]> GET_CURRENT_CALLS
04-18 14:22:33.199 D/RILC    ( 1536): [0087]> GET_CURRENT_CALLS 
04-18 14:22:33.199 D/RIL     ( 1536): onRequest: GET_CURRENT_CALLS
04-18 14:22:33.199 D/AT      ( 1536): AT> AT+CLCC
04-18 14:22:33.210 D/AT      ( 1536): AT< +CLCC: 1,0,3,0,0,"13182827869",129
04-18 14:22:33.210 D/AT      ( 1536): AT< OK
04-18 14:22:33.210 D/RILC    ( 1536): [0087]< GET_CURRENT_CALLS {[id=1,ALERTING,toa=129,norm,mo,als=0,voc,noevp,13182827869,cli=0,name='(null)',0}
04-18 14:22:33.219 D/RILJ    ( 1653): InCall VoicePrivacy is disabled
04-18 14:22:33.219 D/RILJ    ( 1653): [0087]< GET_CURRENT_CALLS  [id=1,ALERTING,toa=129,norm,mo,0,voc,noevp,,cli=1,,0] 
04-18 14:22:33.229 D/GSM     ( 1653): [GSMConn] update: parent=ALERTING, hasNewParent=false, wasConnectingInOrOut=true, wasHolding=false, isConnectingInOrOut=true, changed=false
04-18 14:22:33.727 D/RILC    ( 1536): [UNSL]< UNSOL_RESPONSE_CALL_STATE_CHANGED 
04-18 14:22:33.729 D/RILJ    ( 1653): [UNSL]< UNSOL_RESPONSE_CALL_STATE_CHANGED
04-18 14:22:33.729 D/RILJ    ( 1653): [0088]> GET_CURRENT_CALLS
04-18 14:22:33.739 D/RILC    ( 1536): [0088]> GET_CURRENT_CALLS 
04-18 14:22:33.739 D/RIL     ( 1536): onRequest: GET_CURRENT_CALLS
04-18 14:22:33.739 D/AT      ( 1536): AT> AT+CLCC
04-18 14:22:33.750 D/AT      ( 1536): AT< +CLCC: 1,0,3,0,0,"13182827869",129
04-18 14:22:33.750 D/AT      ( 1536): AT< OK
04-18 14:22:33.750 D/RILC    ( 1536): [0088]< GET_CURRENT_CALLS {[id=1,ALERTING,toa=129,norm,mo,als=0,voc,noevp,13182827869,cli=0,name='(null)',0}
04-18 14:22:33.750 D/RILJ    ( 1653): InCall VoicePrivacy is disabled
04-18 14:22:33.750 D/RILJ    ( 1653): [0088]< GET_CURRENT_CALLS  [id=1,ALERTING,toa=129,norm,mo,0,voc,noevp,,cli=1,,0] 
04-18 14:22:33.759 D/GSM     ( 1653): [GSMConn] update: parent=ALERTING, hasNewParent=false, wasConnectingInOrOut=true, wasHolding=false, isConnectingInOrOut=true, changed=false
04-18 14:22:34.254 D/RILC    ( 1536): [UNSL]< UNSOL_RESPONSE_CALL_STATE_CHANGED 
04-18 14:22:34.254 D/RILJ    ( 1653): [UNSL]< UNSOL_RESPONSE_CALL_STATE_CHANGED
04-18 14:22:34.259 D/RILJ    ( 1653): [0089]> GET_CURRENT_CALLS
04-18 14:22:34.269 D/RILC    ( 1536): [0089]> GET_CURRENT_CALLS 
04-18 14:22:34.269 D/RIL     ( 1536): onRequest: GET_CURRENT_CALLS
04-18 14:22:34.269 D/AT      ( 1536): AT> AT+CLCC
04-18 14:22:34.269 D/AT      ( 1536): AT< +CLCC: 1,0,3,0,0,"13182827869",129
04-18 14:22:34.279 D/AT      ( 1536): AT< OK
04-18 14:22:34.279 D/RILC    ( 1536): [0089]< GET_CURRENT_CALLS {[id=1,ALERTING,toa=129,norm,mo,als=0,voc,noevp,13182827869,cli=0,name='(null)',0}
04-18 14:22:34.279 D/RILJ    ( 1653): InCall VoicePrivacy is disabled
04-18 14:22:34.279 D/RILJ    ( 1653): [0089]< GET_CURRENT_CALLS  [id=1,ALERTING,toa=129,norm,mo,0,voc,noevp,,cli=1,,0] 
04-18 14:22:34.289 D/GSM     ( 1653): [GSMConn] update: parent=ALERTING, hasNewParent=false, wasConnectingInOrOut=true, wasHolding=false, isConnectingInOrOut=true, changed=false
04-18 14:22:34.782 D/RILC    ( 1536): [UNSL]< UNSOL_RESPONSE_CALL_STATE_CHANGED 
04-18 14:22:34.782 D/RILJ    ( 1653): [UNSL]< UNSOL_RESPONSE_CALL_STATE_CHANGED
04-18 14:22:34.782 D/RILJ    ( 1653): [0090]> GET_CURRENT_CALLS
04-18 14:22:34.789 D/RILC    ( 1536): [0090]> GET_CURRENT_CALLS 
04-18 14:22:34.789 D/RIL     ( 1536): onRequest: GET_CURRENT_CALLS
04-18 14:22:34.789 D/AT      ( 1536): AT> AT+CLCC
04-18 14:22:34.799 D/AT      ( 1536): AT< +CLCC: 1,0,3,0,0,"13182827869",129
04-18 14:22:34.799 D/AT      ( 1536): AT< OK
04-18 14:22:34.799 D/RILC    ( 1536): [0090]< GET_CURRENT_CALLS {[id=1,ALERTING,toa=129,norm,mo,als=0,voc,noevp,13182827869,cli=0,name='(null)',0}
04-18 14:22:34.799 D/RILJ    ( 1653): InCall VoicePrivacy is disabled
04-18 14:22:34.799 D/RILJ    ( 1653): [0090]< GET_CURRENT_CALLS  [id=1,ALERTING,toa=129,norm,mo,0,voc,noevp,,cli=1,,0] 
04-18 14:22:34.809 D/GSM     ( 1653): [GSMConn] update: parent=ALERTING, hasNewParent=false, wasConnectingInOrOut=true, wasHolding=false, isConnectingInOrOut=true, changed=false
04-18 14:22:35.301 D/RILC    ( 1536): [UNSL]< UNSOL_RESPONSE_CALL_STATE_CHANGED 
04-18 14:22:35.301 D/RILJ    ( 1653): [UNSL]< UNSOL_RESPONSE_CALL_STATE_CHANGED
04-18 14:22:35.301 D/RILJ    ( 1653): [0091]> GET_CURRENT_CALLS
04-18 14:22:35.309 D/RILC    ( 1536): [0091]> GET_CURRENT_CALLS 
04-18 14:22:35.309 D/RIL     ( 1536): onRequest: GET_CURRENT_CALLS
04-18 14:22:35.309 D/AT      ( 1536): AT> AT+CLCC
04-18 14:22:35.319 D/AT      ( 1536): AT< +CLCC: 1,0,3,0,0,"13182827869",129
04-18 14:22:35.319 D/AT      ( 1536): AT< OK
04-18 14:22:35.319 D/RILC    ( 1536): [0091]< GET_CURRENT_CALLS {[id=1,ALERTING,toa=129,norm,mo,als=0,voc,noevp,13182827869,cli=0,name='(null)',0}
04-18 14:22:35.319 D/RILJ    ( 1653): InCall VoicePrivacy is disabled
04-18 14:22:35.319 D/RILJ    ( 1653): [0091]< GET_CURRENT_CALLS  [id=1,ALERTING,toa=129,norm,mo,0,voc,noevp,,cli=1,,0] 
04-18 14:22:35.329 D/GSM     ( 1653): [GSMConn] update: parent=ALERTING, hasNewParent=false, wasConnectingInOrOut=true, wasHolding=false, isConnectingInOrOut=true, changed=false
04-18 14:22:35.824 D/RILC    ( 1536): [UNSL]< UNSOL_RESPONSE_CALL_STATE_CHANGED 
04-18 14:22:35.824 D/RILJ    ( 1653): [UNSL]< UNSOL_RESPONSE_CALL_STATE_CHANGED
04-18 14:22:35.824 D/RILJ    ( 1653): [0092]> GET_CURRENT_CALLS
04-18 14:22:35.839 D/RILC    ( 1536): [0092]> GET_CURRENT_CALLS 
04-18 14:22:35.839 D/RIL     ( 1536): onRequest: GET_CURRENT_CALLS
04-18 14:22:35.839 D/AT      ( 1536): AT> AT+CLCC
04-18 14:22:35.839 D/AT      ( 1536): AT< +CLCC: 1,0,3,0,0,"13182827869",129
04-18 14:22:35.849 D/AT      ( 1536): AT< OK
04-18 14:22:35.849 D/RILC    ( 1536): [0092]< GET_CURRENT_CALLS {[id=1,ALERTING,toa=129,norm,mo,als=0,voc,noevp,13182827869,cli=0,name='(null)',0}
04-18 14:22:35.849 D/RILJ    ( 1653): InCall VoicePrivacy is disabled
04-18 14:22:35.849 D/RILJ    ( 1653): [0092]< GET_CURRENT_CALLS  [id=1,ALERTING,toa=129,norm,mo,0,voc,noevp,,cli=1,,0] 
04-18 14:22:35.859 D/GSM     ( 1653): [GSMConn] update: parent=ALERTING, hasNewParent=false, wasConnectingInOrOut=true, wasHolding=false, isConnectingInOrOut=true, changed=false
04-18 14:22:36.351 D/RILC    ( 1536): [UNSL]< UNSOL_RESPONSE_CALL_STATE_CHANGED 
04-18 14:22:36.351 D/RILJ    ( 1653): [UNSL]< UNSOL_RESPONSE_CALL_STATE_CHANGED
04-18 14:22:36.351 D/RILJ    ( 1653): [0093]> GET_CURRENT_CALLS
04-18 14:22:36.369 D/RILC    ( 1536): [0093]> GET_CURRENT_CALLS 
04-18 14:22:36.369 D/RIL     ( 1536): onRequest: GET_CURRENT_CALLS
04-18 14:22:36.369 D/AT      ( 1536): AT> AT+CLCC
04-18 14:22:36.369 D/AT      ( 1536): AT< +CLCC: 1,0,3,0,0,"13182827869",129
04-18 14:22:36.369 D/AT      ( 1536): AT< OK
04-18 14:22:36.369 D/RILC    ( 1536): [0093]< GET_CURRENT_CALLS {[id=1,ALERTING,toa=129,norm,mo,als=0,voc,noevp,13182827869,cli=0,name='(null)',0}
04-18 14:22:36.369 D/RILJ    ( 1653): InCall VoicePrivacy is disabled
04-18 14:22:36.369 D/RILJ    ( 1653): [0093]< GET_CURRENT_CALLS  [id=1,ALERTING,toa=129,norm,mo,0,voc,noevp,,cli=1,,0] 
04-18 14:22:36.379 D/GSM     ( 1653): [GSMConn] update: parent=ALERTING, hasNewParent=false, wasConnectingInOrOut=true, wasHolding=false, isConnectingInOrOut=true, changed=false
04-18 14:22:36.875 D/RILC    ( 1536): [UNSL]< UNSOL_RESPONSE_CALL_STATE_CHANGED 
04-18 14:22:36.875 D/RILJ    ( 1653): [UNSL]< UNSOL_RESPONSE_CALL_STATE_CHANGED
04-18 14:22:36.879 D/RILJ    ( 1653): [0094]> GET_CURRENT_CALLS
04-18 14:22:36.889 D/RILC    ( 1536): [0094]> GET_CURRENT_CALLS 
04-18 14:22:36.889 D/RIL     ( 1536): onRequest: GET_CURRENT_CALLS
04-18 14:22:36.889 D/AT      ( 1536): AT> AT+CLCC
04-18 14:22:36.889 D/AT      ( 1536): AT< +CLCC: 1,0,3,0,0,"13182827869",129
04-18 14:22:36.889 D/AT      ( 1536): AT< OK
04-18 14:22:36.899 D/RILC    ( 1536): [0094]< GET_CURRENT_CALLS {[id=1,ALERTING,toa=129,norm,mo,als=0,voc,noevp,13182827869,cli=0,name='(null)',0}
04-18 14:22:36.899 D/RILJ    ( 1653): InCall VoicePrivacy is disabled
04-18 14:22:36.899 D/RILJ    ( 1653): [0094]< GET_CURRENT_CALLS  [id=1,ALERTING,toa=129,norm,mo,0,voc,noevp,,cli=1,,0] 
04-18 14:22:36.909 D/GSM     ( 1653): [GSMConn] update: parent=ALERTING, hasNewParent=false, wasConnectingInOrOut=true, wasHolding=false, isConnectingInOrOut=true, changed=false
04-18 14:22:37.406 D/RILC    ( 1536): [UNSL]< UNSOL_RESPONSE_CALL_STATE_CHANGED 
04-18 14:22:37.406 D/RILJ    ( 1653): [UNSL]< UNSOL_RESPONSE_CALL_STATE_CHANGED
04-18 14:22:37.409 D/RILJ    ( 1653): [0095]> GET_CURRENT_CALLS
04-18 14:22:37.419 D/RILC    ( 1536): [0095]> GET_CURRENT_CALLS 
04-18 14:22:37.419 D/RIL     ( 1536): onRequest: GET_CURRENT_CALLS
04-18 14:22:37.419 D/AT      ( 1536): AT> AT+CLCC
04-18 14:22:37.429 D/AT      ( 1536): AT< +CLCC: 1,0,3,0,0,"13182827869",129
04-18 14:22:37.429 D/AT      ( 1536): AT< OK
04-18 14:22:37.429 D/RILC    ( 1536): [0095]< GET_CURRENT_CALLS {[id=1,ALERTING,toa=129,norm,mo,als=0,voc,noevp,13182827869,cli=0,name='(null)',0}
04-18 14:22:37.439 D/RILJ    ( 1653): InCall VoicePrivacy is disabled
04-18 14:22:37.439 D/RILJ    ( 1653): [0095]< GET_CURRENT_CALLS  [id=1,ALERTING,toa=129,norm,mo,0,voc,noevp,,cli=1,,0] 
04-18 14:22:37.439 D/GSM     ( 1653): [GSMConn] update: parent=ALERTING, hasNewParent=false, wasConnectingInOrOut=true, wasHolding=false, isConnectingInOrOut=true, changed=false
04-18 14:22:37.783 D/RILJ    ( 1653): [0096]> SIGNAL_STRENGTH
04-18 14:22:37.789 D/RILC    ( 1536): [0096]> SIGNAL_STRENGTH 
04-18 14:22:37.789 D/RIL     ( 1536): onRequest: SIGNAL_STRENGTH
04-18 14:22:37.789 D/AT      ( 1536): AT> AT+CSQ
04-18 14:22:37.789 D/AT      ( 1536): AT< +CSQ: 24,0
04-18 14:22:37.789 D/AT      ( 1536): AT< OK
04-18 14:22:37.789 D/RILC    ( 1536): [0096]< SIGNAL_STRENGTH {[ 24 0]}
04-18 14:22:37.799 D/RILJ    ( 1653): [0096]< SIGNAL_STRENGTH {24, 0, 0, 0, 0, 0, 0}
04-18 14:22:37.929 D/RILC    ( 1536): [UNSL]< UNSOL_RESPONSE_CALL_STATE_CHANGED 
04-18 14:22:37.929 D/RILJ    ( 1653): [UNSL]< UNSOL_RESPONSE_CALL_STATE_CHANGED
04-18 14:22:37.929 D/RILJ    ( 1653): [0097]> GET_CURRENT_CALLS
04-18 14:22:37.939 D/RILC    ( 1536): [0097]> GET_CURRENT_CALLS 
04-18 14:22:37.939 D/RIL     ( 1536): onRequest: GET_CURRENT_CALLS
04-18 14:22:37.939 D/AT      ( 1536): AT> AT+CLCC
04-18 14:22:37.939 D/AT      ( 1536): AT< +CLCC: 1,0,3,0,0,"13182827869",129
04-18 14:22:37.939 D/AT      ( 1536): AT< OK
04-18 14:22:37.939 D/RILC    ( 1536): [0097]< GET_CURRENT_CALLS {[id=1,ALERTING,toa=129,norm,mo,als=0,voc,noevp,13182827869,cli=0,name='(null)',0}
04-18 14:22:37.939 D/RILJ    ( 1653): InCall VoicePrivacy is disabled
04-18 14:22:37.939 D/RILJ    ( 1653): [0097]< GET_CURRENT_CALLS  [id=1,ALERTING,toa=129,norm,mo,0,voc,noevp,,cli=1,,0] 
04-18 14:22:37.949 D/GSM     ( 1653): [GSMConn] update: parent=ALERTING, hasNewParent=false, wasConnectingInOrOut=true, wasHolding=false, isConnectingInOrOut=true, changed=false
04-18 14:22:38.447 D/RILC    ( 1536): [UNSL]< UNSOL_RESPONSE_CALL_STATE_CHANGED 
04-18 14:22:38.449 D/RILJ    ( 1653): [UNSL]< UNSOL_RESPONSE_CALL_STATE_CHANGED
04-18 14:22:38.449 D/RILJ    ( 1653): [0098]> GET_CURRENT_CALLS
04-18 14:22:38.459 D/RILC    ( 1536): [0098]> GET_CURRENT_CALLS 
04-18 14:22:38.459 D/RIL     ( 1536): onRequest: GET_CURRENT_CALLS
04-18 14:22:38.459 D/AT      ( 1536): AT> AT+CLCC
04-18 14:22:38.459 D/AT      ( 1536): AT< +CLCC: 1,0,3,0,0,"13182827869",129
04-18 14:22:38.459 D/AT      ( 1536): AT< OK
04-18 14:22:38.459 D/RILC    ( 1536): [0098]< GET_CURRENT_CALLS {[id=1,ALERTING,toa=129,norm,mo,als=0,voc,noevp,13182827869,cli=0,name='(null)',0}
04-18 14:22:38.469 D/RILJ    ( 1653): InCall VoicePrivacy is disabled
04-18 14:22:38.469 D/RILJ    ( 1653): [0098]< GET_CURRENT_CALLS  [id=1,ALERTING,toa=129,norm,mo,0,voc,noevp,,cli=1,,0] 
04-18 14:22:38.479 D/GSM     ( 1653): [GSMConn] update: parent=ALERTING, hasNewParent=false, wasConnectingInOrOut=true, wasHolding=false, isConnectingInOrOut=true, changed=false
04-18 14:22:38.965 D/RILC    ( 1536): [UNSL]< UNSOL_RESPONSE_CALL_STATE_CHANGED 
04-18 14:22:38.965 D/RILJ    ( 1653): [UNSL]< UNSOL_RESPONSE_CALL_STATE_CHANGED
04-18 14:22:38.969 D/RILJ    ( 1653): [0099]> GET_CURRENT_CALLS
04-18 14:22:38.979 D/RILC    ( 1536): [0099]> GET_CURRENT_CALLS 
04-18 14:22:38.979 D/RIL     ( 1536): onRequest: GET_CURRENT_CALLS
04-18 14:22:38.979 D/AT      ( 1536): AT> AT+CLCC
04-18 14:22:38.989 D/AT      ( 1536): AT< +CLCC: 1,0,3,0,0,"13182827869",129
04-18 14:22:38.989 D/AT      ( 1536): AT< OK
04-18 14:22:38.989 D/RILC    ( 1536): [0099]< GET_CURRENT_CALLS {[id=1,ALERTING,toa=129,norm,mo,als=0,voc,noevp,13182827869,cli=0,name='(null)',0}
04-18 14:22:38.989 D/RILJ    ( 1653): InCall VoicePrivacy is disabled
04-18 14:22:38.989 D/RILJ    ( 1653): [0099]< GET_CURRENT_CALLS  [id=1,ALERTING,toa=129,norm,mo,0,voc,noevp,,cli=1,,0] 
04-18 14:22:38.999 D/GSM     ( 1653): [GSMConn] update: parent=ALERTING, hasNewParent=false, wasConnectingInOrOut=true, wasHolding=false, isConnectingInOrOut=true, changed=false
04-18 14:22:39.499 D/RILC    ( 1536): [UNSL]< UNSOL_RESPONSE_CALL_STATE_CHANGED 
04-18 14:22:39.499 D/RILJ    ( 1653): [UNSL]< UNSOL_RESPONSE_CALL_STATE_CHANGED
04-18 14:22:39.499 D/RILJ    ( 1653): [0100]> GET_CURRENT_CALLS
04-18 14:22:39.509 D/RILC    ( 1536): [0100]> GET_CURRENT_CALLS 
04-18 14:22:39.509 D/RIL     ( 1536): onRequest: GET_CURRENT_CALLS
04-18 14:22:39.509 D/AT      ( 1536): AT> AT+CLCC
04-18 14:22:39.519 D/AT      ( 1536): AT< +CLCC: 1,0,3,0,0,"13182827869",129
04-18 14:22:39.519 D/AT      ( 1536): AT< OK
04-18 14:22:39.519 D/RILC    ( 1536): [0100]< GET_CURRENT_CALLS {[id=1,ALERTING,toa=129,norm,mo,als=0,voc,noevp,13182827869,cli=0,name='(null)',0}
04-18 14:22:39.529 D/RILJ    ( 1653): InCall VoicePrivacy is disabled
04-18 14:22:39.529 D/RILJ    ( 1653): [0100]< GET_CURRENT_CALLS  [id=1,ALERTING,toa=129,norm,mo,0,voc,noevp,,cli=1,,0] 
04-18 14:22:39.529 D/GSM     ( 1653): [GSMConn] update: parent=ALERTING, hasNewParent=false, wasConnectingInOrOut=true, wasHolding=false, isConnectingInOrOut=true, changed=false
04-18 14:22:40.033 D/RILC    ( 1536): [UNSL]< UNSOL_RESPONSE_CALL_STATE_CHANGED 
04-18 14:22:40.033 D/RILJ    ( 1653): [UNSL]< UNSOL_RESPONSE_CALL_STATE_CHANGED
04-18 14:22:40.033 D/RILJ    ( 1653): [0101]> GET_CURRENT_CALLS
04-18 14:22:40.049 D/RILC    ( 1536): [0101]> GET_CURRENT_CALLS 
04-18 14:22:40.049 D/RIL     ( 1536): onRequest: GET_CURRENT_CALLS
04-18 14:22:40.049 D/AT      ( 1536): AT> AT+CLCC
04-18 14:22:40.049 D/AT      ( 1536): AT< +CLCC: 1,0,3,0,0,"13182827869",129
04-18 14:22:40.049 D/AT      ( 1536): AT< OK
04-18 14:22:40.049 D/RILC    ( 1536): [0101]< GET_CURRENT_CALLS {[id=1,ALERTING,toa=129,norm,mo,als=0,voc,noevp,13182827869,cli=0,name='(null)',0}
04-18 14:22:40.059 D/RILJ    ( 1653): InCall VoicePrivacy is disabled
04-18 14:22:40.059 D/RILJ    ( 1653): [0101]< GET_CURRENT_CALLS  [id=1,ALERTING,toa=129,norm,mo,0,voc,noevp,,cli=1,,0] 
04-18 14:22:40.069 D/GSM     ( 1653): [GSMConn] update: parent=ALERTING, hasNewParent=false, wasConnectingInOrOut=true, wasHolding=false, isConnectingInOrOut=true, changed=false
04-18 14:22:40.560 D/RILC    ( 1536): [UNSL]< UNSOL_RESPONSE_CALL_STATE_CHANGED 
04-18 14:22:40.560 D/RILJ    ( 1653): [UNSL]< UNSOL_RESPONSE_CALL_STATE_CHANGED
04-18 14:22:40.560 D/RILJ    ( 1653): [0102]> GET_CURRENT_CALLS
04-18 14:22:40.579 D/RILC    ( 1536): [0102]> GET_CURRENT_CALLS 
04-18 14:22:40.579 D/RIL     ( 1536): onRequest: GET_CURRENT_CALLS
04-18 14:22:40.579 D/AT      ( 1536): AT> AT+CLCC
04-18 14:22:40.579 D/AT      ( 1536): AT< +CLCC: 1,0,3,0,0,"13182827869",129
04-18 14:22:40.579 D/AT      ( 1536): AT< OK
04-18 14:22:40.579 D/RILC    ( 1536): [0102]< GET_CURRENT_CALLS {[id=1,ALERTING,toa=129,norm,mo,als=0,voc,noevp,13182827869,cli=0,name='(null)',0}
04-18 14:22:40.589 D/RILJ    ( 1653): InCall VoicePrivacy is disabled
04-18 14:22:40.589 D/RILJ    ( 1653): [0102]< GET_CURRENT_CALLS  [id=1,ALERTING,toa=129,norm,mo,0,voc,noevp,,cli=1,,0] 
