04-18 14:22:40.589 D/GSM     ( 1653): [GSMConn] update: parent=ALERTING, hasNewParent=false, wasConnectingInOrOut=true, wasHolding=false, isConnectingInOrOut=true, changed=false
04-18 14:22:41.089 D/RILC    ( 1536): [UNSL]< UNSOL_RESPONSE_CALL_STATE_CHANGED 
04-18 14:22:41.089 D/RILJ    ( 1653): [UNSL]< UNSOL_RESPONSE_CALL_STATE_CHANGED
04-18 14:22:41.089 D/RILJ    ( 1653): [0103]> GET_CURRENT_CALLS
04-18 14:22:41.099 D/RILC    ( 1536): [0103]> GET_CURRENT_CALLS 
04-18 14:22:41.099 D/RIL     ( 1536): onRequest: GET_CURRENT_CALLS
04-18 14:22:41.099 D/AT      ( 1536): AT> AT+CLCC
04-18 14:22:41.099 D/AT      ( 1536): AT< +CLCC: 1,0,3,0,0,"13182827869",129
04-18 14:22:41.099 D/AT      ( 1536): AT< OK
04-18 14:22:41.099 D/RILC    ( 1536): [0103]< GET_CURRENT_CALLS {[id=1,ALERTING,toa=129,norm,mo,als=0,voc,noevp,13182827869,cli=0,name='(null)',0}
04-18 14:22:41.109 D/RILJ    ( 1653): InCall VoicePrivacy is disabled
04-18 14:22:41.109 D/RILJ    ( 1653): [0103]< GET_CURRENT_CALLS  [id=1,ALERTING,toa=129,norm,mo,0,voc,noevp,,cli=1,,0] 
04-18 14:22:41.109 D/GSM     ( 1653): [GSMConn] update: parent=ALERTING, hasNewParent=false, wasConnectingInOrOut=true, wasHolding=false, isConnectingInOrOut=true, changed=false
04-18 14:22:41.611 D/RILC    ( 1536): [UNSL]< UNSOL_RESPONSE_CALL_STATE_CHANGED 
04-18 14:22:41.611 D/RILJ    ( 1653): [UNSL]< UNSOL_RESPONSE_CALL_STATE_CHANGED
04-18 14:22:41.611 D/RILJ    ( 1653): [0104]> GET_CURRENT_CALLS
04-18 14:22:41.619 D/RILC    ( 1536): [0104]> GET_CURRENT_CALLS 
04-18 14:22:41.619 D/RIL     ( 1536): onRequest: GET_CURRENT_CALLS
04-18 14:22:41.619 D/AT      ( 1536): AT> AT+CLCC
04-18 14:22:41.629 D/AT      ( 1536): AT< +CLCC: 1,0,3,0,0,"13182827869",129
04-18 14:22:41.629 D/AT      ( 1536): AT< OK
04-18 14:22:41.629 D/RILC    ( 1536): [0104]< GET_CURRENT_CALLS {[id=1,ALERTING,toa=129,norm,mo,als=0,voc,noevp,13182827869,cli=0,name='(null)',0}
04-18 14:22:41.629 D/RILJ    ( 1653): InCall VoicePrivacy is disabled
04-18 14:22:41.629 D/RILJ    ( 1653): [0104]< GET_CURRENT_CALLS  [id=1,ALERTING,toa=129,norm,mo,0,voc,noevp,,cli=1,,0] 
04-18 14:22:41.639 D/GSM     ( 1653): [GSMConn] update: parent=ALERTING, hasNewParent=false, wasConnectingInOrOut=true, wasHolding=false, isConnectingInOrOut=true, changed=false
04-18 14:22:42.132 D/RILC    ( 1536): [UNSL]< UNSOL_RESPONSE_CALL_STATE_CHANGED 
04-18 14:22:42.132 D/RILJ    ( 1653): [UNSL]< UNSOL_RESPONSE_CALL_STATE_CHANGED
04-18 14:22:42.132 D/RILJ    ( 1653): [0105]> GET_CURRENT_CALLS
04-18 14:22:42.139 D/RILC    ( 1536): [0105]> GET_CURRENT_CALLS 
04-18 14:22:42.139 D/RIL     ( 1536): onRequest: GET_CURRENT_CALLS
04-18 14:22:42.139 D/AT      ( 1536): AT> AT+CLCC
04-18 14:22:42.149 D/AT      ( 1536): AT< +CLCC: 1,0,0,0,0,"13182827869",129
04-18 14:22:42.149 D/AT      ( 1536): AT< OK
04-18 14:22:42.149 D/RILC    ( 1536): [0105]< GET_CURRENT_CALLS {[id=1,ACTIVE,toa=129,norm,mo,als=0,voc,noevp,13182827869,cli=0,name='(null)',0}
04-18 14:22:42.149 D/RILJ    ( 1653): InCall VoicePrivacy is disabled
04-18 14:22:42.149 D/RILJ    ( 1653): [0105]< GET_CURRENT_CALLS  [id=1,ACTIVE,toa=129,norm,mo,0,voc,noevp,,cli=1,,0] 
04-18 14:22:42.149 D/GSM     ( 1653): [GSMConn] update: parent=ACTIVE, hasNewParent=false, wasConnectingInOrOut=true, wasHolding=false, isConnectingInOrOut=false, changed=true
04-18 14:22:42.159 D/GSM     ( 1653): [GSMConn] onConnectedInOrOut: connectTime=1303136562159
04-18 14:22:42.159 D/GSM     ( 1653): [GSMConn] releaseWakeLock
04-18 14:22:42.219 D/RILJ    ( 1653): [0106]> SET_MUTE false
04-18 14:22:42.239 D/RILC    ( 1536): [0106]> SET_MUTE (0)
04-18 14:22:42.239 D/RIL     ( 1536): onRequest: SET_MUTE
04-18 14:22:42.239 D/AT      ( 1536): AT> AT+CMUT=0
04-18 14:22:42.249 D/AT      ( 1536): AT< OK
04-18 14:22:42.249 D/RILC    ( 1536): [0106]< SET_MUTE
04-18 14:22:42.249 D/RILJ    ( 1653): [0106]< SET_MUTE 
04-18 14:22:46.099 D/RILJ    ( 1653): [0107]> SCREEN_STATE: false
04-18 14:22:46.129 D/RILC    ( 1536): [0107]> SCREEN_STATE (0)
04-18 14:22:46.129 D/RIL     ( 1536): onRequest: SCREEN_STATE
04-18 14:22:46.129 D/RILC    ( 1536): [0107]< SCREEN_STATE
04-18 14:22:46.129 D/RILJ    ( 1653): [0107]< SCREEN_STATE 
04-18 14:22:46.209 D/GSM     ( 1653): [DataConnection] Stop poll NetStat
04-18 14:22:46.209 D/GSM     ( 1653): [DataConnection] Start poll NetStat
04-18 14:22:51.688 D/AT      ( 1536): AT< RING
04-18 14:22:51.688 D/RILC    ( 1536): [UNSL]< UNSOL_RESPONSE_CALL_STATE_CHANGED 
04-18 14:22:51.688 D/AT      ( 1536): AT< +CCWA: "18913956595",161,1,,0
04-18 14:22:51.688 D/RILC    ( 1536): [UNSL]< UNSOL_RESPONSE_CALL_STATE_CHANGED 
04-18 14:22:51.689 D/RILJ    ( 1653): [UNSL]< UNSOL_RESPONSE_CALL_STATE_CHANGED
04-18 14:22:51.689 D/RILJ    ( 1653): [UNSL]< UNSOL_RESPONSE_CALL_STATE_CHANGED
04-18 14:22:51.689 D/RILJ    ( 1653): [0108]> GET_CURRENT_CALLS
04-18 14:22:51.689 D/RILC    ( 1536): [0108]> GET_CURRENT_CALLS 
04-18 14:22:51.689 D/RIL     ( 1536): onRequest: GET_CURRENT_CALLS
04-18 14:22:51.689 D/AT      ( 1536): AT> AT+CLCC
04-18 14:22:51.689 D/AT      ( 1536): AT< +CLCC: 1,0,0,0,0,"13182827869",129
04-18 14:22:51.689 D/AT      ( 1536): AT< +CLCC: 2,1,5,0,0,"18913956595",161
04-18 14:22:51.689 D/AT      ( 1536): AT< OK
04-18 14:22:51.689 D/RILC    ( 1536): [0108]< GET_CURRENT_CALLS {[id=1,ACTIVE,toa=129,norm,mo,als=0,voc,noevp,13182827869,cli=0,name='(null)',0][id=2,WAITING,toa=161,norm,mt,als=0,voc,noevp,18913956595,cli=0,name='(null)',0}
04-18 14:22:51.699 D/RILJ    ( 1653): [0109]> GET_CURRENT_CALLS
04-18 14:22:51.699 D/RILJ    ( 1653): InCall VoicePrivacy is disabled
04-18 14:22:51.699 D/RILJ    ( 1653): InCall VoicePrivacy is disabled
04-18 14:22:51.699 D/RILJ    ( 1653): [0108]< GET_CURRENT_CALLS  [id=1,ACTIVE,toa=129,norm,mo,0,voc,noevp,,cli=1,,0] [id=2,WAITING,toa=161,norm,mt,0,voc,noevp,,cli=1,,0] 
04-18 14:22:51.699 D/RILC    ( 1536): [0109]> GET_CURRENT_CALLS 
04-18 14:22:51.699 D/RIL     ( 1536): onRequest: GET_CURRENT_CALLS
04-18 14:22:51.699 D/AT      ( 1536): AT> AT+CLCC
04-18 14:22:51.709 D/AT      ( 1536): AT< +CLCC: 1,0,0,0,0,"13182827869",129
04-18 14:22:51.709 D/AT      ( 1536): AT< +CLCC: 2,1,5,0,0,"18913956595",161
04-18 14:22:51.709 D/AT      ( 1536): AT< OK
04-18 14:22:51.709 D/RILC    ( 1536): [0109]< GET_CURRENT_CALLS {[id=1,ACTIVE,toa=129,norm,mo,als=0,voc,noevp,13182827869,cli=0,name='(null)',0][id=2,WAITING,toa=161,norm,mt,als=0,voc,noevp,18913956595,cli=0,name='(null)',0}
04-18 14:22:51.709 D/RILJ    ( 1653): InCall VoicePrivacy is disabled
04-18 14:22:51.709 D/RILJ    ( 1653): InCall VoicePrivacy is disabled
04-18 14:22:51.709 D/RILJ    ( 1653): [0109]< GET_CURRENT_CALLS  [id=1,ACTIVE,toa=129,norm,mo,0,voc,noevp,,cli=1,,0] [id=2,WAITING,toa=161,norm,mt,0,voc,noevp,,cli=1,,0] 
04-18 14:22:51.709 D/GSM     ( 1653): [GSMConn] update: parent=ACTIVE, hasNewParent=false, wasConnectingInOrOut=false, wasHolding=false, isConnectingInOrOut=false, changed=false
04-18 14:22:51.709 D/GSM     ( 1653): [GSMConn] acquireWakeLock
04-18 14:22:52.039 D/RILJ    ( 1653): [0110]> SET_MUTE false
04-18 14:22:52.069 D/RILC    ( 1536): [0110]> SET_MUTE (0)
04-18 14:22:52.069 D/RIL     ( 1536): onRequest: SET_MUTE
04-18 14:22:52.069 D/AT      ( 1536): AT> AT+CMUT=0
04-18 14:22:52.069 D/AT      ( 1536): AT< OK
04-18 14:22:52.069 D/RILC    ( 1536): [0110]< SET_MUTE
04-18 14:22:52.069 D/RILJ    ( 1653): [0110]< SET_MUTE 
04-18 14:22:52.199 D/RILC    ( 1536): [UNSL]< UNSOL_RESPONSE_CALL_STATE_CHANGED 
04-18 14:22:52.199 D/RILJ    ( 1653): [UNSL]< UNSOL_RESPONSE_CALL_STATE_CHANGED
04-18 14:22:52.209 D/RILC    ( 1536): [UNSL]< UNSOL_RESPONSE_CALL_STATE_CHANGED 
04-18 14:22:52.209 D/RILJ    ( 1653): [UNSL]< UNSOL_RESPONSE_CALL_STATE_CHANGED
04-18 14:22:52.269 D/RILJ    ( 1653): [0111]> SCREEN_STATE: true
04-18 14:22:52.289 D/RILC    ( 1536): [0111]> SCREEN_STATE (1)
04-18 14:22:52.289 D/RIL     ( 1536): onRequest: SCREEN_STATE
04-18 14:22:52.289 D/RILC    ( 1536): [0111]< SCREEN_STATE
04-18 14:22:52.289 D/RILJ    ( 1653): [0111]< SCREEN_STATE 
04-18 14:22:52.389 D/RILJ    ( 1653): [0112]> SET_MUTE false
04-18 14:22:52.399 D/RILC    ( 1536): [0112]> SET_MUTE (0)
04-18 14:22:52.399 D/RIL     ( 1536): onRequest: SET_MUTE
04-18 14:22:52.399 D/AT      ( 1536): AT> AT+CMUT=0
04-18 14:22:52.409 D/AT      ( 1536): AT< OK
04-18 14:22:52.409 D/RILC    ( 1536): [0112]< SET_MUTE
04-18 14:22:52.409 D/RILJ    ( 1653): [0112]< SET_MUTE 
04-18 14:22:52.419 D/RILJ    ( 1653): [0113]> GET_CURRENT_CALLS
04-18 14:22:52.429 D/RILC    ( 1536): [0113]> GET_CURRENT_CALLS 
04-18 14:22:52.429 D/RIL     ( 1536): onRequest: GET_CURRENT_CALLS
04-18 14:22:52.429 D/AT      ( 1536): AT> AT+CLCC
04-18 14:22:52.439 D/AT      ( 1536): AT< +CLCC: 1,0,0,0,0,"13182827869",129
04-18 14:22:52.439 D/AT      ( 1536): AT< +CLCC: 2,1,5,0,0,"18913956595",161
04-18 14:22:52.439 D/AT      ( 1536): AT< OK
04-18 14:22:52.439 D/RILC    ( 1536): [0113]< GET_CURRENT_CALLS {[id=1,ACTIVE,toa=129,norm,mo,als=0,voc,noevp,13182827869,cli=0,name='(null)',0][id=2,WAITING,toa=161,norm,mt,als=0,voc,noevp,18913956595,cli=0,name='(null)',0}
04-18 14:22:52.439 D/RILJ    ( 1653): InCall VoicePrivacy is disabled
04-18 14:22:52.439 D/RILJ    ( 1653): InCall VoicePrivacy is disabled
04-18 14:22:52.439 D/RILJ    ( 1653): [0113]< GET_CURRENT_CALLS  [id=1,ACTIVE,toa=129,norm,mo,0,voc,noevp,,cli=1,,0] [id=2,WAITING,toa=161,norm,mt,0,voc,noevp,,cli=1,,0] 
04-18 14:22:52.449 D/RILJ    ( 1653): [0114]> GET_CURRENT_CALLS
04-18 14:22:52.459 D/RILC    ( 1536): [0114]> GET_CURRENT_CALLS 
04-18 14:22:52.459 D/RIL     ( 1536): onRequest: GET_CURRENT_CALLS
04-18 14:22:52.459 D/AT      ( 1536): AT> AT+CLCC
04-18 14:22:52.459 D/AT      ( 1536): AT< +CLCC: 1,0,0,0,0,"13182827869",129
04-18 14:22:52.459 D/AT      ( 1536): AT< +CLCC: 2,1,5,0,0,"18913956595",161
04-18 14:22:52.459 D/AT      ( 1536): AT< OK
04-18 14:22:52.459 D/RILC    ( 1536): [0114]< GET_CURRENT_CALLS {[id=1,ACTIVE,toa=129,norm,mo,als=0,voc,noevp,13182827869,cli=0,name='(null)',0][id=2,WAITING,toa=161,norm,mt,als=0,voc,noevp,18913956595,cli=0,name='(null)',0}
04-18 14:22:52.459 D/RILJ    ( 1653): InCall VoicePrivacy is disabled
04-18 14:22:52.459 D/RILJ    ( 1653): InCall VoicePrivacy is disabled
04-18 14:22:52.459 D/RILJ    ( 1653): [0114]< GET_CURRENT_CALLS  [id=1,ACTIVE,toa=129,norm,mo,0,voc,noevp,,cli=1,,0] [id=2,WAITING,toa=161,norm,mt,0,voc,noevp,,cli=1,,0] 
04-18 14:22:52.489 D/GSM     ( 1653): [DataConnection] Stop poll NetStat
04-18 14:22:52.489 D/GSM     ( 1653): [DataConnection] Start poll NetStat
04-18 14:22:52.539 D/GSM     ( 1653): [GSMConn] update: parent=ACTIVE, hasNewParent=false, wasConnectingInOrOut=false, wasHolding=false, isConnectingInOrOut=false, changed=false
04-18 14:22:52.549 D/GSM     ( 1653): [GSMConn] update: parent=WAITING, hasNewParent=false, wasConnectingInOrOut=true, wasHolding=false, isConnectingInOrOut=true, changed=false
04-18 14:22:52.939 D/RILC    ( 1536): [UNSL]< UNSOL_RESPONSE_CALL_STATE_CHANGED 
04-18 14:22:52.939 D/RILJ    ( 1653): [UNSL]< UNSOL_RESPONSE_CALL_STATE_CHANGED
04-18 14:22:52.939 D/RILJ    ( 1653): [0115]> GET_CURRENT_CALLS
04-18 14:22:52.949 D/RILC    ( 1536): [0115]> GET_CURRENT_CALLS 
04-18 14:22:52.949 D/RIL     ( 1536): onRequest: GET_CURRENT_CALLS
04-18 14:22:52.949 D/AT      ( 1536): AT> AT+CLCC
04-18 14:22:52.949 D/AT      ( 1536): AT< +CLCC: 1,0,0,0,0,"13182827869",129
04-18 14:22:52.949 D/AT      ( 1536): AT< +CLCC: 2,1,5,0,0,"18913956595",161
04-18 14:22:52.949 D/AT      ( 1536): AT< OK
04-18 14:22:52.949 D/RILC    ( 1536): [0115]< GET_CURRENT_CALLS {[id=1,ACTIVE,toa=129,norm,mo,als=0,voc,noevp,13182827869,cli=0,name='(null)',0][id=2,WAITING,toa=161,norm,mt,als=0,voc,noevp,18913956595,cli=0,name='(null)',0}
04-18 14:22:52.949 D/RILJ    ( 1653): InCall VoicePrivacy is disabled
04-18 14:22:52.949 D/RILJ    ( 1653): InCall VoicePrivacy is disabled
04-18 14:22:52.959 D/RILJ    ( 1653): [0115]< GET_CURRENT_CALLS  [id=1,ACTIVE,toa=129,norm,mo,0,voc,noevp,,cli=1,,0] [id=2,WAITING,toa=161,norm,mt,0,voc,noevp,,cli=1,,0] 
04-18 14:22:52.959 D/RILC    ( 1536): [UNSL]< UNSOL_RESPONSE_CALL_STATE_CHANGED 
04-18 14:22:52.959 D/GSM     ( 1653): [GSMConn] update: parent=ACTIVE, hasNewParent=false, wasConnectingInOrOut=false, wasHolding=false, isConnectingInOrOut=false, changed=false
04-18 14:22:52.959 D/GSM     ( 1653): [GSMConn] update: parent=WAITING, hasNewParent=false, wasConnectingInOrOut=true, wasHolding=false, isConnectingInOrOut=true, changed=false
04-18 14:22:52.969 D/RILJ    ( 1653): [UNSL]< UNSOL_RESPONSE_CALL_STATE_CHANGED
04-18 14:22:52.969 D/RILJ    ( 1653): [0116]> GET_CURRENT_CALLS
04-18 14:22:52.979 D/RILC    ( 1536): [0116]> GET_CURRENT_CALLS 
04-18 14:22:52.979 D/RIL     ( 1536): onRequest: GET_CURRENT_CALLS
04-18 14:22:52.979 D/AT      ( 1536): AT> AT+CLCC
04-18 14:22:52.979 D/AT      ( 1536): AT< +CLCC: 1,0,0,0,0,"13182827869",129
04-18 14:22:52.979 D/AT      ( 1536): AT< +CLCC: 2,1,5,0,0,"18913956595",161
04-18 14:22:52.979 D/AT      ( 1536): AT< OK
04-18 14:22:52.979 D/RILC    ( 1536): [0116]< GET_CURRENT_CALLS {[id=1,ACTIVE,toa=129,norm,mo,als=0,voc,noevp,13182827869,cli=0,name='(null)',0][id=2,WAITING,toa=161,norm,mt,als=0,voc,noevp,18913956595,cli=0,name='(null)',0}
04-18 14:22:52.989 D/RILJ    ( 1653): InCall VoicePrivacy is disabled
04-18 14:22:52.989 D/RILJ    ( 1653): InCall VoicePrivacy is disabled
04-18 14:22:52.989 D/RILJ    ( 1653): [0116]< GET_CURRENT_CALLS  [id=1,ACTIVE,toa=129,norm,mo,0,voc,noevp,,cli=1,,0] [id=2,WAITING,toa=161,norm,mt,0,voc,noevp,,cli=1,,0] 
04-18 14:22:52.989 D/GSM     ( 1653): [GSMConn] update: parent=ACTIVE, hasNewParent=false, wasConnectingInOrOut=false, wasHolding=false, isConnectingInOrOut=false, changed=false
04-18 14:22:52.989 D/GSM     ( 1653): [GSMConn] update: parent=WAITING, hasNewParent=false, wasConnectingInOrOut=true, wasHolding=false, isConnectingInOrOut=true, changed=false
04-18 14:22:53.451 D/RILC    ( 1536): [UNSL]< UNSOL_RESPONSE_CALL_STATE_CHANGED 
04-18 14:22:53.451 D/RILJ    ( 1653): [UNSL]< UNSOL_RESPONSE_CALL_STATE_CHANGED
04-18 14:22:53.459 D/RILJ    ( 1653): [0117]> GET_CURRENT_CALLS
04-18 14:22:53.469 D/RILC    ( 1536): [0117]> GET_CURRENT_CALLS 
04-18 14:22:53.469 D/RIL     ( 1536): onRequest: GET_CURRENT_CALLS
04-18 14:22:53.469 D/AT      ( 1536): AT> AT+CLCC
04-18 14:22:53.479 D/AT      ( 1536): AT< +CLCC: 1,0,0,0,0,"13182827869",129
04-18 14:22:53.479 D/AT      ( 1536): AT< +CLCC: 2,1,5,0,0,"18913956595",161
04-18 14:22:53.479 D/AT      ( 1536): AT< OK
04-18 14:22:53.479 D/RILC    ( 1536): [0117]< GET_CURRENT_CALLS {[id=1,ACTIVE,toa=129,norm,mo,als=0,voc,noevp,13182827869,cli=0,name='(null)',0][id=2,WAITING,toa=161,norm,mt,als=0,voc,noevp,18913956595,cli=0,name='(null)',0}
04-18 14:22:53.479 D/RILJ    ( 1653): InCall VoicePrivacy is disabled
04-18 14:22:53.479 D/RILJ    ( 1653): InCall VoicePrivacy is disabled
04-18 14:22:53.479 D/RILJ    ( 1653): [0117]< GET_CURRENT_CALLS  [id=1,ACTIVE,toa=129,norm,mo,0,voc,noevp,,cli=1,,0] [id=2,WAITING,toa=161,norm,mt,0,voc,noevp,,cli=1,,0] 
04-18 14:22:53.489 D/GSM     ( 1653): [GSMConn] update: parent=ACTIVE, hasNewParent=false, wasConnectingInOrOut=false, wasHolding=false, isConnectingInOrOut=false, changed=false
04-18 14:22:53.489 D/GSM     ( 1653): [GSMConn] update: parent=WAITING, hasNewParent=false, wasConnectingInOrOut=true, wasHolding=false, isConnectingInOrOut=true, changed=false
04-18 14:22:53.489 D/RILC    ( 1536): [UNSL]< UNSOL_RESPONSE_CALL_STATE_CHANGED 
04-18 14:22:53.519 D/RILJ    ( 1653): [UNSL]< UNSOL_RESPONSE_CALL_STATE_CHANGED
04-18 14:22:53.529 D/RILJ    ( 1653): [0118]> GET_CURRENT_CALLS
04-18 14:22:53.529 D/RILC    ( 1536): [0118]> GET_CURRENT_CALLS 
04-18 14:22:53.529 D/RIL     ( 1536): onRequest: GET_CURRENT_CALLS
04-18 14:22:53.529 D/AT      ( 1536): AT> AT+CLCC
04-18 14:22:53.540 D/AT      ( 1536): AT< +CLCC: 1,0,0,0,0,"13182827869",129
04-18 14:22:53.540 D/AT      ( 1536): AT< +CLCC: 2,1,5,0,0,"18913956595",161
04-18 14:22:53.540 D/AT      ( 1536): AT< OK
04-18 14:22:53.540 D/RILC    ( 1536): [0118]< GET_CURRENT_CALLS {[id=1,ACTIVE,toa=129,norm,mo,als=0,voc,noevp,13182827869,cli=0,name='(null)',0][id=2,WAITING,toa=161,norm,mt,als=0,voc,noevp,18913956595,cli=0,name='(null)',0}
04-18 14:22:53.559 D/RILJ    ( 1653): InCall VoicePrivacy is disabled
04-18 14:22:53.559 D/RILJ    ( 1653): InCall VoicePrivacy is disabled
04-18 14:22:53.559 D/RILJ    ( 1653): [0118]< GET_CURRENT_CALLS  [id=1,ACTIVE,toa=129,norm,mo,0,voc,noevp,,cli=1,,0] [id=2,WAITING,toa=161,norm,mt,0,voc,noevp,,cli=1,,0] 
04-18 14:22:53.559 D/GSM     ( 1653): [GSMConn] update: parent=ACTIVE, hasNewParent=false, wasConnectingInOrOut=false, wasHolding=false, isConnectingInOrOut=false, changed=false
04-18 14:22:53.569 D/GSM     ( 1653): [GSMConn] update: parent=WAITING, hasNewParent=false, wasConnectingInOrOut=true, wasHolding=false, isConnectingInOrOut=true, changed=false
04-18 14:22:53.981 D/RILC    ( 1536): [UNSL]< UNSOL_RESPONSE_CALL_STATE_CHANGED 
04-18 14:22:53.981 D/RILJ    ( 1653): [UNSL]< UNSOL_RESPONSE_CALL_STATE_CHANGED
04-18 14:22:53.989 D/RILJ    ( 1653): [0119]> GET_CURRENT_CALLS
04-18 14:22:53.999 D/RILC    ( 1536): [0119]> GET_CURRENT_CALLS 
04-18 14:22:53.999 D/RIL     ( 1536): onRequest: GET_CURRENT_CALLS
04-18 14:22:53.999 D/AT      ( 1536): AT> AT+CLCC
04-18 14:22:54.009 D/AT      ( 1536): AT< +CLCC: 1,0,0,0,0,"13182827869",129
04-18 14:22:54.009 D/AT      ( 1536): AT< +CLCC: 2,1,5,0,0,"18913956595",161
04-18 14:22:54.009 D/AT      ( 1536): AT< OK
04-18 14:22:54.009 D/RILC    ( 1536): [0119]< GET_CURRENT_CALLS {[id=1,ACTIVE,toa=129,norm,mo,als=0,voc,noevp,13182827869,cli=0,name='(null)',0][id=2,WAITING,toa=161,norm,mt,als=0,voc,noevp,18913956595,cli=0,name='(null)',0}
04-18 14:22:54.009 D/RILJ    ( 1653): InCall VoicePrivacy is disabled
04-18 14:22:54.009 D/RILJ    ( 1653): InCall VoicePrivacy is disabled
04-18 14:22:54.019 D/RILJ    ( 1653): [0119]< GET_CURRENT_CALLS  [id=1,ACTIVE,toa=129,norm,mo,0,voc,noevp,,cli=1,,0] [id=2,WAITING,toa=161,norm,mt,0,voc,noevp,,cli=1,,0] 
04-18 14:22:54.019 D/GSM     ( 1653): [GSMConn] update: parent=ACTIVE, hasNewParent=false, wasConnectingInOrOut=false, wasHolding=false, isConnectingInOrOut=false, changed=false
04-18 14:22:54.019 D/GSM     ( 1653): [GSMConn] update: parent=WAITING, hasNewParent=false, wasConnectingInOrOut=true, wasHolding=false, isConnectingInOrOut=true, changed=false
04-18 14:22:54.039 D/RILC    ( 1536): [UNSL]< UNSOL_RESPONSE_CALL_STATE_CHANGED 
04-18 14:22:54.039 D/RILJ    ( 1653): [UNSL]< UNSOL_RESPONSE_CALL_STATE_CHANGED
04-18 14:22:54.039 D/RILJ    ( 1653): [0120]> GET_CURRENT_CALLS
04-18 14:22:54.069 D/RILC    ( 1536): [0120]> GET_CURRENT_CALLS 
04-18 14:22:54.069 D/RIL     ( 1536): onRequest: GET_CURRENT_CALLS
04-18 14:22:54.069 D/AT      ( 1536): AT> AT+CLCC
04-18 14:22:54.069 D/AT      ( 1536): AT< +CLCC: 1,0,0,0,0,"13182827869",129
04-18 14:22:54.069 D/AT      ( 1536): AT< +CLCC: 2,1,5,0,0,"18913956595",161
04-18 14:22:54.069 D/AT      ( 1536): AT< OK
04-18 14:22:54.069 D/RILC    ( 1536): [0120]< GET_CURRENT_CALLS {[id=1,ACTIVE,toa=129,norm,mo,als=0,voc,noevp,13182827869,cli=0,name='(null)',0][id=2,WAITING,toa=161,norm,mt,als=0,voc,noevp,18913956595,cli=0,name='(null)',0}
04-18 14:22:54.089 D/RILJ    ( 1653): InCall VoicePrivacy is disabled
04-18 14:22:54.089 D/RILJ    ( 1653): InCall VoicePrivacy is disabled
04-18 14:22:54.089 D/RILJ    ( 1653): [0120]< GET_CURRENT_CALLS  [id=1,ACTIVE,toa=129,norm,mo,0,voc,noevp,,cli=1,,0] [id=2,WAITING,toa=161,norm,mt,0,voc,noevp,,cli=1,,0] 
04-18 14:22:54.089 D/GSM     ( 1653): [GSMConn] update: parent=ACTIVE, hasNewParent=false, wasConnectingInOrOut=false, wasHolding=false, isConnectingInOrOut=false, changed=false
04-18 14:22:54.089 D/GSM     ( 1653): [GSMConn] update: parent=WAITING, hasNewParent=false, wasConnectingInOrOut=true, wasHolding=false, isConnectingInOrOut=true, changed=false
04-18 14:22:54.519 D/RILC    ( 1536): [UNSL]< UNSOL_RESPONSE_CALL_STATE_CHANGED 
04-18 14:22:54.519 D/RILJ    ( 1653): [UNSL]< UNSOL_RESPONSE_CALL_STATE_CHANGED
04-18 14:22:54.519 D/RILJ    ( 1653): [0121]> GET_CURRENT_CALLS
04-18 14:22:54.519 D/RILC    ( 1536): [0121]> GET_CURRENT_CALLS 
04-18 14:22:54.519 D/RIL     ( 1536): onRequest: GET_CURRENT_CALLS
04-18 14:22:54.519 D/AT      ( 1536): AT> AT+CLCC
04-18 14:22:54.519 D/AT      ( 1536): AT< +CLCC: 1,0,0,0,0,"13182827869",129
04-18 14:22:54.519 D/AT      ( 1536): AT< +CLCC: 2,1,5,0,0,"18913956595",161
04-18 14:22:54.519 D/AT      ( 1536): AT< OK
04-18 14:22:54.519 D/RILC    ( 1536): [0121]< GET_CURRENT_CALLS {[id=1,ACTIVE,toa=129,norm,mo,als=0,voc,noevp,13182827869,cli=0,name='(null)',0][id=2,WAITING,toa=161,norm,mt,als=0,voc,noevp,18913956595,cli=0,name='(null)',0}
04-18 14:22:54.529 D/RILJ    ( 1653): InCall VoicePrivacy is disabled
04-18 14:22:54.529 D/RILJ    ( 1653): InCall VoicePrivacy is disabled
04-18 14:22:54.529 D/RILJ    ( 1653): [0121]< GET_CURRENT_CALLS  [id=1,ACTIVE,toa=129,norm,mo,0,voc,noevp,,cli=1,,0] [id=2,WAITING,toa=161,norm,mt,0,voc,noevp,,cli=1,,0] 
04-18 14:22:54.529 D/GSM     ( 1653): [GSMConn] update: parent=ACTIVE, hasNewParent=false, wasConnectingInOrOut=false, wasHolding=false, isConnectingInOrOut=false, changed=false
04-18 14:22:54.529 D/GSM     ( 1653): [GSMConn] update: parent=WAITING, hasNewParent=false, wasConnectingInOrOut=true, wasHolding=false, isConnectingInOrOut=true, changed=false
04-18 14:22:54.589 D/RILC    ( 1536): [UNSL]< UNSOL_RESPONSE_CALL_STATE_CHANGED 
04-18 14:22:54.589 D/RILJ    ( 1653): [UNSL]< UNSOL_RESPONSE_CALL_STATE_CHANGED
04-18 14:22:54.589 D/RILJ    ( 1653): [0122]> GET_CURRENT_CALLS
04-18 14:22:54.599 D/RILC    ( 1536): [0122]> GET_CURRENT_CALLS 
04-18 14:22:54.599 D/RIL     ( 1536): onRequest: GET_CURRENT_CALLS
04-18 14:22:54.599 D/AT      ( 1536): AT> AT+CLCC
04-18 14:22:54.599 D/AT      ( 1536): AT< +CLCC: 1,0,0,0,0,"13182827869",129
04-18 14:22:54.599 D/AT      ( 1536): AT< +CLCC: 2,1,5,0,0,"18913956595",161
04-18 14:22:54.599 D/AT      ( 1536): AT< OK
04-18 14:22:54.599 D/RILC    ( 1536): [0122]< GET_CURRENT_CALLS {[id=1,ACTIVE,toa=129,norm,mo,als=0,voc,noevp,13182827869,cli=0,name='(null)',0][id=2,WAITING,toa=161,norm,mt,als=0,voc,noevp,18913956595,cli=0,name='(null)',0}
04-18 14:22:54.609 D/RILJ    ( 1653): InCall VoicePrivacy is disabled
04-18 14:22:54.609 D/RILJ    ( 1653): InCall VoicePrivacy is disabled
04-18 14:22:54.609 D/RILJ    ( 1653): [0122]< GET_CURRENT_CALLS  [id=1,ACTIVE,toa=129,norm,mo,0,voc,noevp,,cli=1,,0] [id=2,WAITING,toa=161,norm,mt,0,voc,noevp,,cli=1,,0] 
04-18 14:22:54.609 D/GSM     ( 1653): [GSMConn] update: parent=ACTIVE, hasNewParent=false, wasConnectingInOrOut=false, wasHolding=false, isConnectingInOrOut=false, changed=false
04-18 14:22:54.609 D/GSM     ( 1653): [GSMConn] update: parent=WAITING, hasNewParent=false, wasConnectingInOrOut=true, wasHolding=false, isConnectingInOrOut=true, changed=false
04-18 14:22:55.029 D/RILC    ( 1536): [UNSL]< UNSOL_RESPONSE_CALL_STATE_CHANGED 
04-18 14:22:55.029 D/RILJ    ( 1653): [UNSL]< UNSOL_RESPONSE_CALL_STATE_CHANGED
04-18 14:22:55.029 D/RILJ    ( 1653): [0123]> GET_CURRENT_CALLS
04-18 14:22:55.029 D/RILC    ( 1536): [0123]> GET_CURRENT_CALLS 
04-18 14:22:55.029 D/RIL     ( 1536): onRequest: GET_CURRENT_CALLS
04-18 14:22:55.029 D/AT      ( 1536): AT> AT+CLCC
04-18 14:22:55.029 D/AT      ( 1536): AT< +CLCC: 1,0,0,0,0,"13182827869",129
04-18 14:22:55.029 D/AT      ( 1536): AT< +CLCC: 2,1,5,0,0,"18913956595",161
04-18 14:22:55.029 D/AT      ( 1536): AT< OK
04-18 14:22:55.029 D/RILC    ( 1536): [0123]< GET_CURRENT_CALLS {[id=1,ACTIVE,toa=129,norm,mo,als=0,voc,noevp,13182827869,cli=0,name='(null)',0][id=2,WAITING,toa=161,norm,mt,als=0,voc,noevp,18913956595,cli=0,name='(null)',0}
04-18 14:22:55.039 D/RILJ    ( 1653): InCall VoicePrivacy is disabled
04-18 14:22:55.039 D/RILJ    ( 1653): InCall VoicePrivacy is disabled
04-18 14:22:55.039 D/RILJ    ( 1653): [0123]< GET_CURRENT_CALLS  [id=1,ACTIVE,toa=129,norm,mo,0,voc,noevp,,cli=1,,0] [id=2,WAITING,toa=161,norm,mt,0,voc,noevp,,cli=1,,0] 
04-18 14:22:55.039 D/GSM     ( 1653): [GSMConn] update: parent=ACTIVE, hasNewParent=false, wasConnectingInOrOut=false, wasHolding=false, isConnectingInOrOut=false, changed=false
04-18 14:22:55.039 D/GSM     ( 1653): [GSMConn] update: parent=WAITING, hasNewParent=false, wasConnectingInOrOut=true, wasHolding=false, isConnectingInOrOut=true, changed=false
04-18 14:22:55.099 D/RILC    ( 1536): [UNSL]< UNSOL_RESPONSE_CALL_STATE_CHANGED 
04-18 14:22:55.099 D/RILJ    ( 1653): [UNSL]< UNSOL_RESPONSE_CALL_STATE_CHANGED
04-18 14:22:55.099 D/RILJ    ( 1653): [0124]> GET_CURRENT_CALLS
04-18 14:22:55.109 D/RILC    ( 1536): [0124]> GET_CURRENT_CALLS 
04-18 14:22:55.109 D/RIL     ( 1536): onRequest: GET_CURRENT_CALLS
04-18 14:22:55.109 D/AT      ( 1536): AT> AT+CLCC
04-18 14:22:55.109 D/AT      ( 1536): AT< +CLCC: 1,0,0,0,0,"13182827869",129
04-18 14:22:55.109 D/AT      ( 1536): AT< +CLCC: 2,1,5,0,0,"18913956595",161
04-18 14:22:55.109 D/AT      ( 1536): AT< OK
04-18 14:22:55.109 D/RILC    ( 1536): [0124]< GET_CURRENT_CALLS {[id=1,ACTIVE,toa=129,norm,mo,als=0,voc,noevp,13182827869,cli=0,name='(null)',0][id=2,WAITING,toa=161,norm,mt,als=0,voc,noevp,18913956595,cli=0,name='(null)',0}
04-18 14:22:55.109 D/RILJ    ( 1653): InCall VoicePrivacy is disabled
04-18 14:22:55.109 D/RILJ    ( 1653): InCall VoicePrivacy is disabled
04-18 14:22:55.119 D/RILJ    ( 1653): [0124]< GET_CURRENT_CALLS  [id=1,ACTIVE,toa=129,norm,mo,0,voc,noevp,,cli=1,,0] [id=2,WAITING,toa=161,norm,mt,0,voc,noevp,,cli=1,,0] 
04-18 14:22:55.119 D/GSM     ( 1653): [GSMConn] update: parent=ACTIVE, hasNewParent=false, wasConnectingInOrOut=false, wasHolding=false, isConnectingInOrOut=false, changed=false
04-18 14:22:55.119 D/GSM     ( 1653): [GSMConn] update: parent=WAITING, hasNewParent=false, wasConnectingInOrOut=true, wasHolding=false, isConnectingInOrOut=true, changed=false
04-18 14:22:55.539 D/RILC    ( 1536): [UNSL]< UNSOL_RESPONSE_CALL_STATE_CHANGED 
04-18 14:22:55.539 D/RILJ    ( 1653): [UNSL]< UNSOL_RESPONSE_CALL_STATE_CHANGED
04-18 14:22:55.539 D/RILJ    ( 1653): [0125]> GET_CURRENT_CALLS
04-18 14:22:55.539 D/RILC    ( 1536): [0125]> GET_CURRENT_CALLS 
04-18 14:22:55.539 D/RIL     ( 1536): onRequest: GET_CURRENT_CALLS
04-18 14:22:55.539 D/AT      ( 1536): AT> AT+CLCC
04-18 14:22:55.539 D/AT      ( 1536): AT< +CLCC: 1,0,0,0,0,"13182827869",129
04-18 14:22:55.539 D/AT      ( 1536): AT< +CLCC: 2,1,5,0,0,"18913956595",161
04-18 14:22:55.539 D/AT      ( 1536): AT< OK
04-18 14:22:55.539 D/RILC    ( 1536): [0125]< GET_CURRENT_CALLS {[id=1,ACTIVE,toa=129,norm,mo,als=0,voc,noevp,13182827869,cli=0,name='(null)',0][id=2,WAITING,toa=161,norm,mt,als=0,voc,noevp,18913956595,cli=0,name='(null)',0}
04-18 14:22:55.549 D/RILJ    ( 1653): InCall VoicePrivacy is disabled
04-18 14:22:55.549 D/RILJ    ( 1653): InCall VoicePrivacy is disabled
04-18 14:22:55.549 D/RILJ    ( 1653): [0125]< GET_CURRENT_CALLS  [id=1,ACTIVE,toa=129,norm,mo,0,voc,noevp,,cli=1,,0] [id=2,WAITING,toa=161,norm,mt,0,voc,noevp,,cli=1,,0] 
04-18 14:22:55.549 D/GSM     ( 1653): [GSMConn] update: parent=ACTIVE, hasNewParent=false, wasConnectingInOrOut=false, wasHolding=false, isConnectingInOrOut=false, changed=false
04-18 14:22:55.549 D/GSM     ( 1653): [GSMConn] update: parent=WAITING, hasNewParent=false, wasConnectingInOrOut=true, wasHolding=false, isConnectingInOrOut=true, changed=false
04-18 14:22:55.609 D/RILC    ( 1536): [UNSL]< UNSOL_RESPONSE_CALL_STATE_CHANGED 
04-18 14:22:55.609 D/RILJ    ( 1653): [UNSL]< UNSOL_RESPONSE_CALL_STATE_CHANGED
04-18 14:22:55.619 D/RILJ    ( 1653): [0126]> GET_CURRENT_CALLS
04-18 14:22:55.619 D/RILC    ( 1536): [0126]> GET_CURRENT_CALLS 
04-18 14:22:55.619 D/RIL     ( 1536): onRequest: GET_CURRENT_CALLS
04-18 14:22:55.619 D/AT      ( 1536): AT> AT+CLCC
04-18 14:22:55.619 D/AT      ( 1536): AT< +CLCC: 1,0,0,0,0,"13182827869",129
04-18 14:22:55.619 D/AT      ( 1536): AT< +CLCC: 2,1,5,0,0,"18913956595",161
04-18 14:22:55.619 D/AT      ( 1536): AT< OK
04-18 14:22:55.619 D/RILC    ( 1536): [0126]< GET_CURRENT_CALLS {[id=1,ACTIVE,toa=129,norm,mo,als=0,voc,noevp,13182827869,cli=0,name='(null)',0][id=2,WAITING,toa=161,norm,mt,als=0,voc,noevp,18913956595,cli=0,name='(null)',0}
04-18 14:22:55.629 D/RILJ    ( 1653): InCall VoicePrivacy is disabled
04-18 14:22:55.629 D/RILJ    ( 1653): InCall VoicePrivacy is disabled
04-18 14:22:55.629 D/RILJ    ( 1653): [0126]< GET_CURRENT_CALLS  [id=1,ACTIVE,toa=129,norm,mo,0,voc,noevp,,cli=1,,0] [id=2,WAITING,toa=161,norm,mt,0,voc,noevp,,cli=1,,0] 
04-18 14:22:55.629 D/GSM     ( 1653): [GSMConn] update: parent=ACTIVE, hasNewParent=false, wasConnectingInOrOut=false, wasHolding=false, isConnectingInOrOut=false, changed=false
04-18 14:22:55.629 D/GSM     ( 1653): [GSMConn] update: parent=WAITING, hasNewParent=false, wasConnectingInOrOut=true, wasHolding=false, isConnectingInOrOut=true, changed=false
04-18 14:22:56.049 D/RILC    ( 1536): [UNSL]< UNSOL_RESPONSE_CALL_STATE_CHANGED 
04-18 14:22:56.049 D/RILJ    ( 1653): [UNSL]< UNSOL_RESPONSE_CALL_STATE_CHANGED
04-18 14:22:56.049 D/RILJ    ( 1653): [0127]> GET_CURRENT_CALLS
04-18 14:22:56.049 D/RILC    ( 1536): [0127]> GET_CURRENT_CALLS 
04-18 14:22:56.049 D/RIL     ( 1536): onRequest: GET_CURRENT_CALLS
04-18 14:22:56.049 D/AT      ( 1536): AT> AT+CLCC
04-18 14:22:56.049 D/AT      ( 1536): AT< +CLCC: 1,0,0,0,0,"13182827869",129
04-18 14:22:56.049 D/AT      ( 1536): AT< +CLCC: 2,1,5,0,0,"18913956595",161
04-18 14:22:56.049 D/AT      ( 1536): AT< OK
04-18 14:22:56.049 D/RILC    ( 1536): [0127]< GET_CURRENT_CALLS {[id=1,ACTIVE,toa=129,norm,mo,als=0,voc,noevp,13182827869,cli=0,name='(null)',0][id=2,WAITING,toa=161,norm,mt,als=0,voc,noevp,18913956595,cli=0,name='(null)',0}
04-18 14:22:56.059 D/RILJ    ( 1653): InCall VoicePrivacy is disabled
04-18 14:22:56.059 D/RILJ    ( 1653): InCall VoicePrivacy is disabled
04-18 14:22:56.129 D/RILC    ( 1536): [UNSL]< UNSOL_RESPONSE_CALL_STATE_CHANGED 
04-18 14:22:56.169 D/RILJ    ( 1653): [0127]< GET_CURRENT_CALLS  [id=1,ACTIVE,toa=129,norm,mo,0,voc,noevp,,cli=1,,0] [id=2,WAITING,toa=161,norm,mt,0,voc,noevp,,cli=1,,0] 
04-18 14:22:56.169 D/GSM     ( 1653): [GSMConn] update: parent=ACTIVE, hasNewParent=false, wasConnectingInOrOut=false, wasHolding=false, isConnectingInOrOut=false, changed=false
04-18 14:22:56.169 D/GSM     ( 1653): [GSMConn] update: parent=WAITING, hasNewParent=false, wasConnectingInOrOut=true, wasHolding=false, isConnectingInOrOut=true, changed=false
04-18 14:22:56.189 D/RILJ    ( 1653): [UNSL]< UNSOL_RESPONSE_CALL_STATE_CHANGED
04-18 14:22:56.189 D/RILJ    ( 1653): [0128]> GET_CURRENT_CALLS
04-18 14:22:56.189 D/RILC    ( 1536): [0128]> GET_CURRENT_CALLS 
04-18 14:22:56.189 D/RIL     ( 1536): onRequest: GET_CURRENT_CALLS
04-18 14:22:56.189 D/AT      ( 1536): AT> AT+CLCC
04-18 14:22:56.189 D/AT      ( 1536): AT< +CLCC: 1,0,0,0,0,"13182827869",129
04-18 14:22:56.189 D/AT      ( 1536): AT< +CLCC: 2,1,5,0,0,"18913956595",161
04-18 14:22:56.189 D/AT      ( 1536): AT< OK
04-18 14:22:56.199 D/RILC    ( 1536): [0128]< GET_CURRENT_CALLS {[id=1,ACTIVE,toa=129,norm,mo,als=0,voc,noevp,13182827869,cli=0,name='(null)',0][id=2,WAITING,toa=161,norm,mt,als=0,voc,noevp,18913956595,cli=0,name='(null)',0}
04-18 14:22:56.199 D/RILJ    ( 1653): InCall VoicePrivacy is disabled
04-18 14:22:56.199 D/RILJ    ( 1653): InCall VoicePrivacy is disabled
04-18 14:22:56.209 D/RILJ    ( 1653): [0128]< GET_CURRENT_CALLS  [id=1,ACTIVE,toa=129,norm,mo,0,voc,noevp,,cli=1,,0] [id=2,WAITING,toa=161,norm,mt,0,voc,noevp,,cli=1,,0] 
04-18 14:22:56.209 D/GSM     ( 1653): [GSMConn] update: parent=ACTIVE, hasNewParent=false, wasConnectingInOrOut=false, wasHolding=false, isConnectingInOrOut=false, changed=false
04-18 14:22:56.209 D/GSM     ( 1653): [GSMConn] update: parent=WAITING, hasNewParent=false, wasConnectingInOrOut=true, wasHolding=false, isConnectingInOrOut=true, changed=false
04-18 14:22:56.560 D/RILC    ( 1536): [UNSL]< UNSOL_RESPONSE_CALL_STATE_CHANGED 
04-18 14:22:56.560 D/RILJ    ( 1653): [UNSL]< UNSOL_RESPONSE_CALL_STATE_CHANGED
04-18 14:22:56.560 D/RILJ    ( 1653): [0129]> GET_CURRENT_CALLS
04-18 14:22:56.560 D/RILC    ( 1536): [0129]> GET_CURRENT_CALLS 
04-18 14:22:56.560 D/RIL     ( 1536): onRequest: GET_CURRENT_CALLS
04-18 14:22:56.560 D/AT      ( 1536): AT> AT+CLCC
04-18 14:22:56.560 D/AT      ( 1536): AT< +CLCC: 1,0,0,0,0,"13182827869",129
04-18 14:22:56.560 D/AT      ( 1536): AT< +CLCC: 2,1,5,0,0,"18913956595",161
04-18 14:22:56.560 D/AT      ( 1536): AT< OK
04-18 14:22:56.560 D/RILC    ( 1536): [0129]< GET_CURRENT_CALLS {[id=1,ACTIVE,toa=129,norm,mo,als=0,voc,noevp,13182827869,cli=0,name='(null)',0][id=2,WAITING,toa=161,norm,mt,als=0,voc,noevp,18913956595,cli=0,name='(null)',0}
04-18 14:22:56.569 D/RILJ    ( 1653): InCall VoicePrivacy is disabled
04-18 14:22:56.569 D/RILJ    ( 1653): InCall VoicePrivacy is disabled
04-18 14:22:56.569 D/RILJ    ( 1653): [0129]< GET_CURRENT_CALLS  [id=1,ACTIVE,toa=129,norm,mo,0,voc,noevp,,cli=1,,0] [id=2,WAITING,toa=161,norm,mt,0,voc,noevp,,cli=1,,0] 
04-18 14:22:56.569 D/GSM     ( 1653): [GSMConn] update: parent=ACTIVE, hasNewParent=false, wasConnectingInOrOut=false, wasHolding=false, isConnectingInOrOut=false, changed=false
04-18 14:22:56.569 D/GSM     ( 1653): [GSMConn] update: parent=WAITING, hasNewParent=false, wasConnectingInOrOut=true, wasHolding=false, isConnectingInOrOut=true, changed=false
04-18 14:22:56.694 D/AT      ( 1536): AT< RING
04-18 14:22:56.694 D/RILC    ( 1536): [UNSL]< UNSOL_RESPONSE_CALL_STATE_CHANGED 
04-18 14:22:56.694 D/AT      ( 1536): AT< +CCWA: "18913956595",161,1,,0
04-18 14:22:56.694 D/RILC    ( 1536): [UNSL]< UNSOL_RESPONSE_CALL_STATE_CHANGED 
04-18 14:22:56.694 D/RILJ    ( 1653): [UNSL]< UNSOL_RESPONSE_CALL_STATE_CHANGED
04-18 14:22:56.694 D/RILJ    ( 1653): [0130]> GET_CURRENT_CALLS
04-18 14:22:56.699 D/RILC    ( 1536): [UNSL]< UNSOL_RESPONSE_CALL_STATE_CHANGED 
04-18 14:22:56.699 D/RILC    ( 1536): [0130]> GET_CURRENT_CALLS 
04-18 14:22:56.699 D/RIL     ( 1536): onRequest: GET_CURRENT_CALLS
04-18 14:22:56.699 D/AT      ( 1536): AT> AT+CLCC
04-18 14:22:56.699 D/AT      ( 1536): AT< +CLCC: 1,0,0,0,0,"13182827869",129
04-18 14:22:56.699 D/AT      ( 1536): AT< +CLCC: 2,1,5,0,0,"18913956595",161
04-18 14:22:56.699 D/AT      ( 1536): AT< OK
04-18 14:22:56.699 D/RILC    ( 1536): [0130]< GET_CURRENT_CALLS {[id=1,ACTIVE,toa=129,norm,mo,als=0,voc,noevp,13182827869,cli=0,name='(null)',0][id=2,WAITING,toa=161,norm,mt,als=0,voc,noevp,18913956595,cli=0,name='(null)',0}
04-18 14:22:56.709 D/RILJ    ( 1653): [UNSL]< UNSOL_RESPONSE_CALL_STATE_CHANGED
04-18 14:22:56.709 D/RILJ    ( 1653): [0131]> GET_CURRENT_CALLS
04-18 14:22:56.709 D/RILC    ( 1536): [0131]> GET_CURRENT_CALLS 
04-18 14:22:56.709 D/RIL     ( 1536): onRequest: GET_CURRENT_CALLS
04-18 14:22:56.709 D/AT      ( 1536): AT> AT+CLCC
04-18 14:22:56.709 D/AT      ( 1536): AT< +CLCC: 1,0,0,0,0,"13182827869",129
04-18 14:22:56.709 D/AT      ( 1536): AT< +CLCC: 2,1,5,0,0,"18913956595",161
04-18 14:22:56.709 D/AT      ( 1536): AT< OK
04-18 14:22:56.709 D/RILC    ( 1536): [0131]< GET_CURRENT_CALLS {[id=1,ACTIVE,toa=129,norm,mo,als=0,voc,noevp,13182827869,cli=0,name='(null)',0][id=2,WAITING,toa=161,norm,mt,als=0,voc,noevp,18913956595,cli=0,name='(null)',0}
04-18 14:22:56.719 D/RILJ    ( 1653): [UNSL]< UNSOL_RESPONSE_CALL_STATE_CHANGED
04-18 14:22:56.719 D/RILJ    ( 1653): [0132]> GET_CURRENT_CALLS
04-18 14:22:56.719 D/RILJ    ( 1653): InCall VoicePrivacy is disabled
04-18 14:22:56.719 D/RILJ    ( 1653): InCall VoicePrivacy is disabled
04-18 14:22:56.719 D/RILJ    ( 1653): [0130]< GET_CURRENT_CALLS  [id=1,ACTIVE,toa=129,norm,mo,0,voc,noevp,,cli=1,,0] [id=2,WAITING,toa=161,norm,mt,0,voc,noevp,,cli=1,,0] 
04-18 14:22:56.729 D/RILC    ( 1536): [0132]> GET_CURRENT_CALLS 
04-18 14:22:56.729 D/RIL     ( 1536): onRequest: GET_CURRENT_CALLS
04-18 14:22:56.729 D/AT      ( 1536): AT> AT+CLCC
04-18 14:22:56.729 D/AT      ( 1536): AT< +CLCC: 1,0,0,0,0,"13182827869",129
04-18 14:22:56.729 D/AT      ( 1536): AT< +CLCC: 2,1,5,0,0,"18913956595",161
04-18 14:22:56.729 D/AT      ( 1536): AT< OK
04-18 14:22:56.729 D/RILC    ( 1536): [0132]< GET_CURRENT_CALLS {[id=1,ACTIVE,toa=129,norm,mo,als=0,voc,noevp,13182827869,cli=0,name='(null)',0][id=2,WAITING,toa=161,norm,mt,als=0,voc,noevp,18913956595,cli=0,name='(null)',0}
04-18 14:22:56.729 D/RILJ    ( 1653): InCall VoicePrivacy is disabled
04-18 14:22:56.739 D/RILJ    ( 1653): InCall VoicePrivacy is disabled
04-18 14:22:56.739 D/RILJ    ( 1653): [0131]< GET_CURRENT_CALLS  [id=1,ACTIVE,toa=129,norm,mo,0,voc,noevp,,cli=1,,0] [id=2,WAITING,toa=161,norm,mt,0,voc,noevp,,cli=1,,0] 
04-18 14:22:56.739 D/RILJ    ( 1653): InCall VoicePrivacy is disabled
04-18 14:22:56.749 D/RILJ    ( 1653): InCall VoicePrivacy is disabled
04-18 14:22:56.749 D/RILJ    ( 1653): [0132]< GET_CURRENT_CALLS  [id=1,ACTIVE,toa=129,norm,mo,0,voc,noevp,,cli=1,,0] [id=2,WAITING,toa=161,norm,mt,0,voc,noevp,,cli=1,,0] 
04-18 14:22:56.749 D/GSM     ( 1653): [GSMConn] update: parent=ACTIVE, hasNewParent=false, wasConnectingInOrOut=false, wasHolding=false, isConnectingInOrOut=false, changed=false
04-18 14:22:56.749 D/GSM     ( 1653): [GSMConn] update: parent=WAITING, hasNewParent=false, wasConnectingInOrOut=true, wasHolding=false, isConnectingInOrOut=true, changed=false
04-18 14:22:57.070 D/RILC    ( 1536): [UNSL]< UNSOL_RESPONSE_CALL_STATE_CHANGED 
04-18 14:22:57.070 D/RILJ    ( 1653): [UNSL]< UNSOL_RESPONSE_CALL_STATE_CHANGED
04-18 14:22:57.070 D/RILJ    ( 1653): [0133]> GET_CURRENT_CALLS
04-18 14:22:57.070 D/RILC    ( 1536): [0133]> GET_CURRENT_CALLS 
04-18 14:22:57.070 D/RIL     ( 1536): onRequest: GET_CURRENT_CALLS
04-18 14:22:57.070 D/AT      ( 1536): AT> AT+CLCC
04-18 14:22:57.079 D/AT      ( 1536): AT< +CLCC: 1,0,0,0,0,"13182827869",129
04-18 14:22:57.079 D/AT      ( 1536): AT< +CLCC: 2,1,5,0,0,"18913956595",161
04-18 14:22:57.079 D/AT      ( 1536): AT< OK
04-18 14:22:57.079 D/RILC    ( 1536): [0133]< GET_CURRENT_CALLS {[id=1,ACTIVE,toa=129,norm,mo,als=0,voc,noevp,13182827869,cli=0,name='(null)',0][id=2,WAITING,toa=161,norm,mt,als=0,voc,noevp,18913956595,cli=0,name='(null)',0}
04-18 14:22:57.079 D/RILJ    ( 1653): InCall VoicePrivacy is disabled
04-18 14:22:57.079 D/RILJ    ( 1653): InCall VoicePrivacy is disabled
04-18 14:22:57.079 D/RILJ    ( 1653): [0133]< GET_CURRENT_CALLS  [id=1,ACTIVE,toa=129,norm,mo,0,voc,noevp,,cli=1,,0] [id=2,WAITING,toa=161,norm,mt,0,voc,noevp,,cli=1,,0] 
04-18 14:22:57.079 D/GSM     ( 1653): [GSMConn] update: parent=ACTIVE, hasNewParent=false, wasConnectingInOrOut=false, wasHolding=false, isConnectingInOrOut=false, changed=false
04-18 14:22:57.079 D/GSM     ( 1653): [GSMConn] update: parent=WAITING, hasNewParent=false, wasConnectingInOrOut=true, wasHolding=false, isConnectingInOrOut=true, changed=false
04-18 14:22:57.205 D/RILC    ( 1536): [UNSL]< UNSOL_RESPONSE_CALL_STATE_CHANGED 
04-18 14:22:57.205 D/RILJ    ( 1653): [UNSL]< UNSOL_RESPONSE_CALL_STATE_CHANGED
04-18 14:22:57.205 D/RILJ    ( 1653): [0134]> GET_CURRENT_CALLS
04-18 14:22:57.209 D/RILC    ( 1536): [0134]> GET_CURRENT_CALLS 
04-18 14:22:57.209 D/RIL     ( 1536): onRequest: GET_CURRENT_CALLS
04-18 14:22:57.209 D/AT      ( 1536): AT> AT+CLCC
04-18 14:22:57.209 D/AT      ( 1536): AT< +CLCC: 1,0,0,0,0,"13182827869",129
04-18 14:22:57.209 D/AT      ( 1536): AT< +CLCC: 2,1,5,0,0,"18913956595",161
04-18 14:22:57.209 D/AT      ( 1536): AT< OK
04-18 14:22:57.209 D/RILC    ( 1536): [0134]< GET_CURRENT_CALLS {[id=1,ACTIVE,toa=129,norm,mo,als=0,voc,noevp,13182827869,cli=0,name='(null)',0][id=2,WAITING,toa=161,norm,mt,als=0,voc,noevp,18913956595,cli=0,name='(null)',0}
04-18 14:22:57.209 D/RILJ    ( 1653): InCall VoicePrivacy is disabled
04-18 14:22:57.209 D/RILJ    ( 1653): InCall VoicePrivacy is disabled
04-18 14:22:57.209 D/RILJ    ( 1653): [0134]< GET_CURRENT_CALLS  [id=1,ACTIVE,toa=129,norm,mo,0,voc,noevp,,cli=1,,0] [id=2,WAITING,toa=161,norm,mt,0,voc,noevp,,cli=1,,0] 
04-18 14:22:57.219 D/GSM     ( 1653): [GSMConn] update: parent=ACTIVE, hasNewParent=false, wasConnectingInOrOut=false, wasHolding=false, isConnectingInOrOut=false, changed=false
04-18 14:22:57.219 D/GSM     ( 1653): [GSMConn] update: parent=WAITING, hasNewParent=false, wasConnectingInOrOut=true, wasHolding=false, isConnectingInOrOut=true, changed=false
04-18 14:22:57.219 D/RILC    ( 1536): [UNSL]< UNSOL_RESPONSE_CALL_STATE_CHANGED 
04-18 14:22:57.219 D/RILJ    ( 1653): [UNSL]< UNSOL_RESPONSE_CALL_STATE_CHANGED
04-18 14:22:57.219 D/RILJ    ( 1653): [0135]> GET_CURRENT_CALLS
04-18 14:22:57.229 D/RILC    ( 1536): [UNSL]< UNSOL_RESPONSE_CALL_STATE_CHANGED 
04-18 14:22:57.229 D/RILC    ( 1536): [0135]> GET_CURRENT_CALLS 
04-18 14:22:57.229 D/RIL     ( 1536): onRequest: GET_CURRENT_CALLS
04-18 14:22:57.229 D/AT      ( 1536): AT> AT+CLCC
04-18 14:22:57.240 D/AT      ( 1536): AT< +CLCC: 1,0,0,0,0,"13182827869",129
04-18 14:22:57.240 D/AT      ( 1536): AT< +CLCC: 2,1,5,0,0,"18913956595",161
04-18 14:22:57.240 D/AT      ( 1536): AT< OK
04-18 14:22:57.240 D/RILC    ( 1536): [0135]< GET_CURRENT_CALLS {[id=1,ACTIVE,toa=129,norm,mo,als=0,voc,noevp,13182827869,cli=0,name='(null)',0][id=2,WAITING,toa=161,norm,mt,als=0,voc,noevp,18913956595,cli=0,name='(null)',0}
04-18 14:22:57.240 D/RILJ    ( 1653): [UNSL]< UNSOL_RESPONSE_CALL_STATE_CHANGED
04-18 14:22:57.249 D/RILJ    ( 1653): [0136]> GET_CURRENT_CALLS
04-18 14:22:57.249 D/RILJ    ( 1653): InCall VoicePrivacy is disabled
04-18 14:22:57.249 D/RILJ    ( 1653): InCall VoicePrivacy is disabled
04-18 14:22:57.249 D/RILJ    ( 1653): [0135]< GET_CURRENT_CALLS  [id=1,ACTIVE,toa=129,norm,mo,0,voc,noevp,,cli=1,,0] [id=2,WAITING,toa=161,norm,mt,0,voc,noevp,,cli=1,,0] 
04-18 14:22:57.249 D/RILC    ( 1536): [0136]> GET_CURRENT_CALLS 
04-18 14:22:57.249 D/RIL     ( 1536): onRequest: GET_CURRENT_CALLS
04-18 14:22:57.249 D/AT      ( 1536): AT> AT+CLCC
04-18 14:22:57.249 D/AT      ( 1536): AT< +CLCC: 1,0,0,0,0,"13182827869",129
04-18 14:22:57.249 D/AT      ( 1536): AT< +CLCC: 2,1,5,0,0,"18913956595",161
04-18 14:22:57.249 D/AT      ( 1536): AT< OK
04-18 14:22:57.259 D/RILC    ( 1536): [0136]< GET_CURRENT_CALLS {[id=1,ACTIVE,toa=129,norm,mo,als=0,voc,noevp,13182827869,cli=0,name='(null)',0][id=2,WAITING,toa=161,norm,mt,als=0,voc,noevp,18913956595,cli=0,name='(null)',0}
04-18 14:22:57.259 D/RILJ    ( 1653): InCall VoicePrivacy is disabled
04-18 14:22:57.259 D/RILJ    ( 1653): InCall VoicePrivacy is disabled
04-18 14:22:57.259 D/RILJ    ( 1653): [0136]< GET_CURRENT_CALLS  [id=1,ACTIVE,toa=129,norm,mo,0,voc,noevp,,cli=1,,0] [id=2,WAITING,toa=161,norm,mt,0,voc,noevp,,cli=1,,0] 
04-18 14:22:57.269 D/GSM     ( 1653): [GSMConn] update: parent=ACTIVE, hasNewParent=false, wasConnectingInOrOut=false, wasHolding=false, isConnectingInOrOut=false, changed=false
04-18 14:22:57.269 D/GSM     ( 1653): [GSMConn] update: parent=WAITING, hasNewParent=false, wasConnectingInOrOut=true, wasHolding=false, isConnectingInOrOut=true, changed=false
04-18 14:22:57.580 D/RILC    ( 1536): [UNSL]< UNSOL_RESPONSE_CALL_STATE_CHANGED 
04-18 14:22:57.580 D/RILJ    ( 1653): [UNSL]< UNSOL_RESPONSE_CALL_STATE_CHANGED
04-18 14:22:57.580 D/RILJ    ( 1653): [0137]> GET_CURRENT_CALLS
04-18 14:22:57.580 D/RILC    ( 1536): [0137]> GET_CURRENT_CALLS 
04-18 14:22:57.580 D/RIL     ( 1536): onRequest: GET_CURRENT_CALLS
04-18 14:22:57.580 D/AT      ( 1536): AT> AT+CLCC
04-18 14:22:57.580 D/AT      ( 1536): AT< +CLCC: 1,0,0,0,0,"13182827869",129
04-18 14:22:57.589 D/AT      ( 1536): AT< +CLCC: 2,1,5,0,0,"18913956595",161
04-18 14:22:57.589 D/AT      ( 1536): AT< OK
04-18 14:22:57.589 D/RILC    ( 1536): [0137]< GET_CURRENT_CALLS {[id=1,ACTIVE,toa=129,norm,mo,als=0,voc,noevp,13182827869,cli=0,name='(null)',0][id=2,WAITING,toa=161,norm,mt,als=0,voc,noevp,18913956595,cli=0,name='(null)',0}
04-18 14:22:57.589 D/RILJ    ( 1653): InCall VoicePrivacy is disabled
04-18 14:22:57.589 D/RILJ    ( 1653): InCall VoicePrivacy is disabled
04-18 14:22:57.589 D/RILJ    ( 1653): [0137]< GET_CURRENT_CALLS  [id=1,ACTIVE,toa=129,norm,mo,0,voc,noevp,,cli=1,,0] [id=2,WAITING,toa=161,norm,mt,0,voc,noevp,,cli=1,,0] 
04-18 14:22:57.589 D/GSM     ( 1653): [GSMConn] update: parent=ACTIVE, hasNewParent=false, wasConnectingInOrOut=false, wasHolding=false, isConnectingInOrOut=false, changed=false
04-18 14:22:57.589 D/GSM     ( 1653): [GSMConn] update: parent=WAITING, hasNewParent=false, wasConnectingInOrOut=true, wasHolding=false, isConnectingInOrOut=true, changed=false
04-18 14:22:57.709 D/RILC    ( 1536): [UNSL]< UNSOL_RESPONSE_CALL_STATE_CHANGED 
04-18 14:22:57.709 D/RILJ    ( 1653): [UNSL]< UNSOL_RESPONSE_CALL_STATE_CHANGED
04-18 14:22:57.709 D/RILJ    ( 1653): [0138]> GET_CURRENT_CALLS
04-18 14:22:57.719 D/RILC    ( 1536): [0138]> GET_CURRENT_CALLS 
04-18 14:22:57.719 D/RIL     ( 1536): onRequest: GET_CURRENT_CALLS
04-18 14:22:57.719 D/AT      ( 1536): AT> AT+CLCC
04-18 14:22:57.719 D/AT      ( 1536): AT< +CLCC: 1,0,0,0,0,"13182827869",129
04-18 14:22:57.719 D/AT      ( 1536): AT< +CLCC: 2,1,5,0,0,"18913956595",161
04-18 14:22:57.719 D/AT      ( 1536): AT< OK
04-18 14:22:57.719 D/RILC    ( 1536): [0138]< GET_CURRENT_CALLS {[id=1,ACTIVE,toa=129,norm,mo,als=0,voc,noevp,13182827869,cli=0,name='(null)',0][id=2,WAITING,toa=161,norm,mt,als=0,voc,noevp,18913956595,cli=0,name='(null)',0}
04-18 14:22:57.719 D/RILJ    ( 1653): InCall VoicePrivacy is disabled
04-18 14:22:57.719 D/RILJ    ( 1653): InCall VoicePrivacy is disabled
04-18 14:22:57.719 D/RILJ    ( 1653): [0138]< GET_CURRENT_CALLS  [id=1,ACTIVE,toa=129,norm,mo,0,voc,noevp,,cli=1,,0] [id=2,WAITING,toa=161,norm,mt,0,voc,noevp,,cli=1,,0] 
04-18 14:22:57.719 D/GSM     ( 1653): [GSMConn] update: parent=ACTIVE, hasNewParent=false, wasConnectingInOrOut=false, wasHolding=false, isConnectingInOrOut=false, changed=false
04-18 14:22:57.719 D/GSM     ( 1653): [GSMConn] update: parent=WAITING, hasNewParent=false, wasConnectingInOrOut=true, wasHolding=false, isConnectingInOrOut=true, changed=false
04-18 14:22:57.739 D/RILC    ( 1536): [UNSL]< UNSOL_RESPONSE_CALL_STATE_CHANGED 
04-18 14:22:57.739 D/RILJ    ( 1653): [UNSL]< UNSOL_RESPONSE_CALL_STATE_CHANGED
04-18 14:22:57.739 D/RILJ    ( 1653): [0139]> GET_CURRENT_CALLS
04-18 14:22:57.749 D/RILC    ( 1536): [0139]> GET_CURRENT_CALLS 
04-18 14:22:57.749 D/RIL     ( 1536): onRequest: GET_CURRENT_CALLS
04-18 14:22:57.749 D/AT      ( 1536): AT> AT+CLCC
04-18 14:22:57.749 D/AT      ( 1536): AT< +CLCC: 1,0,0,0,0,"13182827869",129
04-18 14:22:57.749 D/AT      ( 1536): AT< +CLCC: 2,1,5,0,0,"18913956595",161
04-18 14:22:57.749 D/AT      ( 1536): AT< OK
04-18 14:22:57.749 D/RILC    ( 1536): [0139]< GET_CURRENT_CALLS {[id=1,ACTIVE,toa=129,norm,mo,als=0,voc,noevp,13182827869,cli=0,name='(null)',0][id=2,WAITING,toa=161,norm,mt,als=0,voc,noevp,18913956595,cli=0,name='(null)',0}
04-18 14:22:57.749 D/RILJ    ( 1653): InCall VoicePrivacy is disabled
04-18 14:22:57.749 D/RILJ    ( 1653): InCall VoicePrivacy is disabled
04-18 14:22:57.759 D/RILC    ( 1536): [UNSL]< UNSOL_RESPONSE_CALL_STATE_CHANGED 
04-18 14:22:57.759 D/RILJ    ( 1653): [0139]< GET_CURRENT_CALLS  [id=1,ACTIVE,toa=129,norm,mo,0,voc,noevp,,cli=1,,0] [id=2,WAITING,toa=161,norm,mt,0,voc,noevp,,cli=1,,0] 
04-18 14:22:57.759 D/GSM     ( 1653): [GSMConn] update: parent=ACTIVE, hasNewParent=false, wasConnectingInOrOut=false, wasHolding=false, isConnectingInOrOut=false, changed=false
04-18 14:22:57.759 D/GSM     ( 1653): [GSMConn] update: parent=WAITING, hasNewParent=false, wasConnectingInOrOut=true, wasHolding=false, isConnectingInOrOut=true, changed=false
04-18 14:22:57.769 D/RILJ    ( 1653): [UNSL]< UNSOL_RESPONSE_CALL_STATE_CHANGED
04-18 14:22:57.769 D/RILJ    ( 1653): [0140]> GET_CURRENT_CALLS
04-18 14:22:57.769 D/RILC    ( 1536): [0140]> GET_CURRENT_CALLS 
04-18 14:22:57.769 D/RIL     ( 1536): onRequest: GET_CURRENT_CALLS
04-18 14:22:57.769 D/AT      ( 1536): AT> AT+CLCC
04-18 14:22:57.769 D/AT      ( 1536): AT< +CLCC: 1,0,0,0,0,"13182827869",129
04-18 14:22:57.769 D/AT      ( 1536): AT< +CLCC: 2,1,5,0,0,"18913956595",161
04-18 14:22:57.769 D/AT      ( 1536): AT< OK
04-18 14:22:57.779 D/RILC    ( 1536): [0140]< GET_CURRENT_CALLS {[id=1,ACTIVE,toa=129,norm,mo,als=0,voc,noevp,13182827869,cli=0,name='(null)',0][id=2,WAITING,toa=161,norm,mt,als=0,voc,noevp,18913956595,cli=0,name='(null)',0}
04-18 14:22:57.779 D/RILJ    ( 1653): InCall VoicePrivacy is disabled
04-18 14:22:57.779 D/RILJ    ( 1653): InCall VoicePrivacy is disabled
04-18 14:22:57.789 D/RILJ    ( 1653): [0140]< GET_CURRENT_CALLS  [id=1,ACTIVE,toa=129,norm,mo,0,voc,noevp,,cli=1,,0] [id=2,WAITING,toa=161,norm,mt,0,voc,noevp,,cli=1,,0] 
04-18 14:22:57.789 D/GSM     ( 1653): [GSMConn] update: parent=ACTIVE, hasNewParent=false, wasConnectingInOrOut=false, wasHolding=false, isConnectingInOrOut=false, changed=false
04-18 14:22:57.789 D/GSM     ( 1653): [GSMConn] update: parent=WAITING, hasNewParent=false, wasConnectingInOrOut=true, wasHolding=false, isConnectingInOrOut=true, changed=false
04-18 14:22:57.859 D/RILJ    ( 1653): [0141]> SIGNAL_STRENGTH
04-18 14:22:57.859 D/RILC    ( 1536): [0141]> SIGNAL_STRENGTH 
04-18 14:22:57.859 D/RIL     ( 1536): onRequest: SIGNAL_STRENGTH
04-18 14:22:57.859 D/AT      ( 1536): AT> AT+CSQ
04-18 14:22:57.869 D/AT      ( 1536): AT< +CSQ: 23,7
04-18 14:22:57.869 D/AT      ( 1536): AT< OK
04-18 14:22:57.869 D/RILC    ( 1536): [0141]< SIGNAL_STRENGTH {[ 23 7]}
04-18 14:22:57.869 D/RILJ    ( 1653): [0141]< SIGNAL_STRENGTH {23, 7, 0, 0, 0, 0, 0}
04-18 14:22:58.090 D/RILC    ( 1536): [UNSL]< UNSOL_RESPONSE_CALL_STATE_CHANGED 
04-18 14:22:58.090 D/RILJ    ( 1653): [UNSL]< UNSOL_RESPONSE_CALL_STATE_CHANGED
04-18 14:22:58.090 D/RILJ    ( 1653): [0142]> GET_CURRENT_CALLS
04-18 14:22:58.099 D/RILC    ( 1536): [0142]> GET_CURRENT_CALLS 
04-18 14:22:58.099 D/RIL     ( 1536): onRequest: GET_CURRENT_CALLS
04-18 14:22:58.099 D/AT      ( 1536): AT> AT+CLCC
04-18 14:22:58.099 D/AT      ( 1536): AT< +CLCC: 1,0,0,0,0,"13182827869",129
04-18 14:22:58.099 D/AT      ( 1536): AT< +CLCC: 2,1,5,0,0,"18913956595",161
04-18 14:22:58.099 D/AT      ( 1536): AT< OK
