04-15 17:55:41.734 I/RIL     ( 1536): Opening tty device /dev/ttyU0
04-15 17:55:41.734 E/RIL     ( 1536): Opening tty device /dev/ttyU0 pid:1536
04-15 17:55:41.754 E/RIL     ( 1536): **** STERICSSON *** open /dev/ttyU0 returns fd=12 for pid=1536
04-15 17:55:41.754 E/RIL     ( 1536): retrieving tty attributes
04-15 17:55:41.754 E/RIL     ( 1536): setting tty raw attributes
04-15 17:55:41.764 D/RILC    ( 1536): [UNSL]< UNSOL_RESPONSE_RADIO_STATE_CHANGED  {RADIO_OFF}
04-15 17:55:41.764 D/AT      ( 1536): AT> ATE0Q0V1
04-15 17:55:41.774 D/AT      ( 1536): AT< ATE0Q0V1
04-15 17:55:41.774 E/RIL     ( 1536): unsupported URC : ATE0Q0V1
04-15 17:55:41.774 D/AT      ( 1536): AT< OK
04-15 17:55:42.024 D/AT      ( 1536): AT> ATE0Q0V1
04-15 17:55:42.024 D/AT      ( 1536): AT< OK
04-15 17:55:42.024 D/AT      ( 1536): AT> ATS0=0
04-15 17:55:42.024 D/AT      ( 1536): AT< OK
04-15 17:55:42.024 D/AT      ( 1536): AT> AT+CMEE=1
04-15 17:55:42.024 D/AT      ( 1536): AT< OK
04-15 17:55:42.024 D/AT      ( 1536): AT> AT+CREG=2
04-15 17:55:42.024 D/AT      ( 1536): AT< OK
04-15 17:55:42.024 D/AT      ( 1536): AT> AT+CFUN=1,0
04-15 17:55:42.034 D/AT      ( 1536): AT< OK
04-15 17:55:42.034 D/AT      ( 1536): AT> AT+CGREG=2
04-15 17:55:42.034 D/AT      ( 1536): AT< OK
04-15 17:55:42.034 D/AT      ( 1536): AT> AT+CCWA=1
04-15 17:55:42.034 D/AT      ( 1536): AT< OK
04-15 17:55:42.034 D/AT      ( 1536): AT> AT+CMOD=0
04-15 17:55:42.034 D/AT      ( 1536): AT< OK
04-15 17:55:42.044 D/AT      ( 1536): AT> AT+CMUT=0
04-15 17:55:42.044 D/AT      ( 1536): AT< +CME ERROR: 3
04-15 17:55:42.044 D/AT      ( 1536): AT> AT+CSSN=0,1
04-15 17:55:42.044 D/AT      ( 1536): AT< OK
04-15 17:55:42.044 D/AT      ( 1536): AT> AT+COLP=0
04-15 17:55:42.044 D/AT      ( 1536): AT< OK
04-15 17:55:42.044 D/AT      ( 1536): AT> AT+CUSD=1
04-15 17:55:42.044 D/AT      ( 1536): AT< OK
04-15 17:55:42.044 D/AT      ( 1536): AT> AT+CGEREP=1,0
04-15 17:55:42.044 D/AT      ( 1536): AT< OK
04-15 17:55:42.044 D/AT      ( 1536): AT> AT+CMGF=0
04-15 17:55:42.054 D/AT      ( 1536): AT< OK
04-15 17:55:42.054 D/AT      ( 1536): AT> AT*PSCSSC=1
04-15 17:55:42.054 D/AT      ( 1536): AT< OK
04-15 17:55:42.054 D/RIL     ( 1536): direct ip to be used: yes
04-15 17:55:42.054 D/RIL     ( 1536): Value : 
04-15 17:55:42.054 D/RIL     ( 1536): Silent reset satus :  
04-15 17:55:42.054 D/AT      ( 1536): AT> AT*PSSILRESET=0
04-15 17:55:42.054 D/AT      ( 1536): AT< OK
04-15 17:55:42.054 D/AT      ( 1536): AT> AT+CFUN?
04-15 17:55:42.054 D/AT      ( 1536): AT< +CFUN: 1
04-15 17:55:42.054 D/AT      ( 1536): AT< OK
04-15 17:55:42.054 D/RILC    ( 1536): [UNSL]< UNSOL_RESPONSE_RADIO_STATE_CHANGED  {RADIO_SIM_NOT_READY}
04-15 17:55:42.054 D/AT      ( 1536): AT> AT*PSUTTZ=1
04-15 17:55:42.054 D/AT      ( 1536): AT< OK
04-15 17:55:42.054 D/AT      ( 1536): AT> AT+CPIN?
04-15 17:55:42.184 D/AT      ( 1536): AT< +CME ERROR: 14
04-15 17:55:43.184 D/AT      ( 1536): AT> AT+CPIN?
04-15 17:55:43.344 D/AT      ( 1536): AT< +CME ERROR: 14
04-15 17:55:44.344 D/AT      ( 1536): AT> AT+CPIN?
04-15 17:55:44.664 D/AT      ( 1536): AT< +CME ERROR: 14
04-15 17:55:45.674 D/AT      ( 1536): AT> AT+CPIN?
04-15 17:55:45.874 D/AT      ( 1536): AT< +CPIN: READY
04-15 17:55:45.874 D/AT      ( 1536): AT< OK
04-15 17:55:45.874 D/RILC    ( 1536): [UNSL]< UNSOL_RESPONSE_RADIO_STATE_CHANGED  {RADIO_SIM_READY}
04-15 17:55:45.874 D/AT      ( 1536): AT> AT+CSMS=1
04-15 17:55:45.874 D/AT      ( 1536): AT< +CSMS: 1,1,1
04-15 17:55:45.874 D/AT      ( 1536): AT< OK
04-15 17:55:45.874 D/AT      ( 1536): AT> AT+CNMI=2,2,2,1,1
04-15 17:55:45.874 D/AT      ( 1536): AT< OK
04-15 17:55:47.684 D/AT      ( 1536): AT< +CREG: 2,"FFFE","00000000",0
04-15 17:55:47.694 D/RIL     ( 1536): restrictionState updated: 4
04-15 17:55:47.694 D/RILC    ( 1536): [UNSL]< UNSOL_RESPONSE_NETWORK_STATE_CHANGED 
04-15 17:55:47.694 D/RILC    ( 1536): [UNSL]< UNSOL_RESTRICTED_STATE_CHANGED {4}
04-15 17:55:56.474 D/AT      ( 1536): AT< +CREG: 0
04-15 17:55:56.474 D/RIL     ( 1536): restrictionState updated: 4
04-15 17:55:56.474 D/RILC    ( 1536): [UNSL]< UNSOL_RESPONSE_NETWORK_STATE_CHANGED 
04-15 17:55:56.474 D/AT      ( 1536): AT< +CGREG: 0
04-15 17:55:56.474 D/RIL     ( 1536): restrictionState updated: 20
04-15 17:55:56.474 D/RILC    ( 1536): [UNSL]< UNSOL_RESPONSE_NETWORK_STATE_CHANGED 
04-15 17:55:56.474 D/RILC    ( 1536): [UNSL]< UNSOL_RESTRICTED_STATE_CHANGED {20}
04-15 17:55:56.474 D/RILC    ( 1536): [UNSL]< UNSOL_RESTRICTED_STATE_CHANGED {20}
04-15 17:56:06.374 D/AT      ( 1536): AT< ^MODE: 3
04-15 17:56:06.374 E/RIL     ( 1536): unsupported URC : ^MODE: 3
04-15 17:56:06.374 D/AT      ( 1536): AT< +CREG: 1,"51DA","0000BF90",3
04-15 17:56:06.374 D/RIL     ( 1536): restrictionState updated: 0
04-15 17:56:06.374 D/RILC    ( 1536): [UNSL]< UNSOL_RESPONSE_NETWORK_STATE_CHANGED 
04-15 17:56:06.374 D/AT      ( 1536): AT< +CGREG: 2
04-15 17:56:06.374 D/RIL     ( 1536): restrictionState updated: 0
04-15 17:56:06.374 D/RILC    ( 1536): [UNSL]< UNSOL_RESTRICTED_STATE_CHANGED {0}
04-15 17:56:06.374 D/RILC    ( 1536): [UNSL]< UNSOL_RESPONSE_NETWORK_STATE_CHANGED 
04-15 17:56:06.374 D/RILC    ( 1536): [UNSL]< UNSOL_RESTRICTED_STATE_CHANGED {0}
04-15 17:56:13.324 D/AT      ( 1536): AT< +CGREG: 1,"51DA","0000BF90",3,"AA"
04-15 17:56:13.324 D/RIL     ( 1536): restrictionState updated: 0
04-15 17:56:13.324 D/RILC    ( 1536): [UNSL]< UNSOL_RESPONSE_NETWORK_STATE_CHANGED 
04-15 17:56:13.324 D/RILC    ( 1536): [UNSL]< UNSOL_RESTRICTED_STATE_CHANGED {0}
04-15 17:56:17.224 I/PHONE   ( 1652): Network Mode set to 1
04-15 17:56:17.234 I/PHONE   ( 1652): Cdma Subscription set to 1
04-15 17:56:17.314 I/RILC    ( 1536): libril: new connection
04-15 17:56:17.314 D/RILC    ( 1536): [UNSL]< UNSOL_RESPONSE_RADIO_STATE_CHANGED  {RADIO_SIM_READY}
04-15 17:56:17.314 I/RILC    ( 1536): RIL Daemon version: android reference-ril 1.0
04-15 17:56:17.324 I/RILJ    ( 1652): Connected to 'rild' socket
04-15 17:56:17.324 D/RILB    ( 1652): Notifying: radio available
04-15 17:56:17.324 D/RILJ    ( 1652): [0000]> SCREEN_STATE: true
04-15 17:56:17.344 D/RILC    ( 1536): [0000]> SCREEN_STATE (1)
04-15 17:56:17.344 D/RIL     ( 1536): onRequest: SCREEN_STATE
04-15 17:56:17.344 D/RILC    ( 1536): [0000]< SCREEN_STATE
04-15 17:56:17.344 D/RILB    ( 1652): Notifying: SIM ready
04-15 17:56:17.344 D/RILB    ( 1652): Notifying: Radio On
04-15 17:56:17.344 D/RILJ    ( 1652): [UNSL]< UNSOL_RESPONSE_RADIO_STATE_CHANGED SIM_READY
04-15 17:56:17.354 D/RILJ    ( 1652): [0000]< SCREEN_STATE 
04-15 17:56:17.434 D/PHONE   ( 1652): mDoesRilSendMultipleCallRing=true
04-15 17:56:17.434 D/PHONE   ( 1652): mCallRingDelay=3000
04-15 17:56:17.524 W/GSM     ( 1652): Can't open /system/etc/voicemail-conf.xml
04-15 17:56:17.524 W/GSM     ( 1652): Can't open /system/etc/spn-conf.xml
04-15 17:56:17.534 D/GSM     ( 1652): [DSAC DEB] registerForPsRestrictedEnabled 
04-15 17:56:17.534 D/GSM     ( 1652): [DSAC DEB] registerForPsRestrictedDisabled 
04-15 17:56:17.574 D/GSM     ( 1652): [GsmDataConnection-1] DataConnection constructor E
04-15 17:56:17.574 D/GSM     ( 1652): [GsmDataConnection-1] clearSettings
04-15 17:56:17.584 D/GSM     ( 1652): [GsmDataConnection-1] DataConnection constructor X
04-15 17:56:17.584 D/GSM     ( 1652): [GsmDataConnection-1] Made GsmDataConnection-1
04-15 17:56:17.684 D/RILJ    ( 1652): [0001]> RIL_REQUEST_REPORT_STK_SERVICE_IS_RUNNING
04-15 17:56:17.684 D/RILC    ( 1536): [0001]> <unknown request> 
04-15 17:56:17.684 D/RIL     ( 1536): onRequest: <unknown request>
04-15 17:56:17.684 D/RIL     ( 1536): RIL Request RTK service Running
04-15 17:56:17.684 D/AT      ( 1536): AT> AT+GTKREADY
04-15 17:56:17.684 D/AT      ( 1536): AT< OK
04-15 17:56:17.684 D/AT      ( 1536): AT< +GTKI: "D07281030125008202818285098079FB52A868A67F518F0A01805BA26237670D52A18F0A0280751F6D3B4E4B53CB8F0A03805FEB4E506C9F901A8F0A04805A314E50670D52A18F0A098083DC53557BA174068F080780540D7247518C8F0A088077ED4FE17FA453D18F0A0D8052A860015206914D"
04-15 17:56:17.684 D/RILC    ( 1536): [UNSL]< UNSOL_STK_PROACTIVE_COMMAND {D07281030125008202818285098079FB52A868A67F518F0A01805BA26237670D52A18F0A0280751F6D3B4E4B53CB8F0A03805FEB4E506C9F901A8F0A04805A314E50670D52A18F0A098083DC53557BA174068F080780540D7247518C8F0A088077ED4FE17FA453D18F0A0D8052A860015206914D}
04-15 17:56:17.684 D/RILJ    ( 1652): [UNSL]< UNSOL_STK_PROACTIVE_COMMAND D07281030125008202818285098079FB52A868A67F518F0A01805BA26237670D52A18F0A0280751F6D3B4E4B53CB8F0A03805FEB4E506C9F901A8F0A04805A314E50670D52A18F0A098083DC53557BA174068F080780540D7247518C8F0A088077ED4FE17FA453D18F0A0D8052A860015206914D
04-15 17:56:17.684 D/RILC    ( 1536): [0001]< <unknown request>
04-15 17:56:17.694 D/RILJ    ( 1652): [0001]< RIL_REQUEST_REPORT_STK_SERVICE_IS_RUNNING 
04-15 17:56:17.694 D/STK     ( 1652): StkService: StkService: is running
04-15 17:56:17.694 D/STK     ( 1652): StkService: NEW sInstance
04-15 17:56:17.714 I/PHONE   ( 1652): Creating GSMPhone
04-15 17:56:18.334 D/RILJ    ( 1652): [0002]> GET_CURRENT_CALLS
04-15 17:56:18.334 D/RILC    ( 1536): [0002]> GET_CURRENT_CALLS 
04-15 17:56:18.334 D/RIL     ( 1536): onRequest: GET_CURRENT_CALLS
04-15 17:56:18.334 D/AT      ( 1536): AT> AT+CLCC
04-15 17:56:18.334 D/AT      ( 1536): AT< OK
04-15 17:56:18.344 D/RILC    ( 1536): [0002]< GET_CURRENT_CALLS }
04-15 17:56:18.344 D/RILJ    ( 1652): [0002]< GET_CURRENT_CALLS  
04-15 17:56:18.344 D/RILJ    ( 1652): [0003]> OPERATOR
04-15 17:56:18.364 D/RILC    ( 1536): [0003]> OPERATOR 
04-15 17:56:18.364 D/RIL     ( 1536): onRequest: OPERATOR
04-15 17:56:18.364 D/AT      ( 1536): AT> AT+COPS=3,0;+COPS?;+COPS=3,2;+COPS?
04-15 17:56:18.364 D/AT      ( 1536): AT< +COPS: 0,0,"CHINA MOBILE",3
04-15 17:56:18.374 D/AT      ( 1536): AT< +COPS: 0,2,"46000",3
04-15 17:56:18.374 D/AT      ( 1536): AT< OK
04-15 17:56:18.374 D/RILC    ( 1536): [0003]< OPERATOR {CHINA MOBILE,CHINA MOBILE,46000}
04-15 17:56:18.374 D/RILJ    ( 1652): [0003]< OPERATOR {CHINA MOBILE, CHINA MOBILE, 46000}
04-15 17:56:18.374 D/RILJ    ( 1652): [0004]> GPRS_REGISTRATION_STATE
04-15 17:56:18.384 D/RILC    ( 1536): [0004]> GPRS_REGISTRATION_STATE 
04-15 17:56:18.384 D/RIL     ( 1536): onRequest: GPRS_REGISTRATION_STATE
04-15 17:56:18.384 D/AT      ( 1536): AT> AT+CGREG?
04-15 17:56:18.384 D/AT      ( 1536): AT< +CGREG: 2,1,"51DA","0000BF90",3,"AA"
04-15 17:56:18.384 D/AT      ( 1536): AT< OK
04-15 17:56:18.394 D/RILC    ( 1536): [0004]< GPRS_REGISTRATION_STATE {1,51da,bf90,2}
04-15 17:56:18.394 D/RILJ    ( 1652): [0004]< GPRS_REGISTRATION_STATE {1, 51da, bf90, 2}
04-15 17:56:18.394 D/RILJ    ( 1652): [0005]> REGISTRATION_STATE
04-15 17:56:18.394 D/RILC    ( 1536): [0005]> REGISTRATION_STATE 
04-15 17:56:18.394 D/RIL     ( 1536): onRequest: REGISTRATION_STATE
04-15 17:56:18.394 D/AT      ( 1536): AT> AT+CREG?
04-15 17:56:18.394 D/AT      ( 1536): AT< +CREG: 2,1,"51DA","0000BF90",3
04-15 17:56:18.394 D/AT      ( 1536): AT< OK
04-15 17:56:18.394 D/RILC    ( 1536): [0005]< REGISTRATION_STATE {1,51da,bf90,2}
04-15 17:56:18.404 D/RILJ    ( 1652): [0005]< REGISTRATION_STATE {1, 51da, bf90, 2}
04-15 17:56:18.404 D/RILJ    ( 1652): [0006]> QUERY_NETWORK_SELECTION_MODE
04-15 17:56:18.404 D/RILC    ( 1536): [0006]> QUERY_NETWORK_SELECTION_MODE 
04-15 17:56:18.404 D/RIL     ( 1536): onRequest: QUERY_NETWORK_SELECTION_MODE
04-15 17:56:18.404 D/AT      ( 1536): AT> AT+COPS?
04-15 17:56:18.404 D/AT      ( 1536): AT< +COPS: 0,2,"46000",3
04-15 17:56:18.404 D/AT      ( 1536): AT< OK
04-15 17:56:18.404 D/RILC    ( 1536): [0006]< QUERY_NETWORK_SELECTION_MODE {0}
04-15 17:56:18.404 D/RILJ    ( 1652): [0006]< QUERY_NETWORK_SELECTION_MODE {0}
04-15 17:56:18.414 D/RILJ    ( 1652): [0007]> OPERATOR
04-15 17:56:18.424 D/RILC    ( 1536): [0007]> OPERATOR 
04-15 17:56:18.424 D/RIL     ( 1536): onRequest: OPERATOR
04-15 17:56:18.424 D/AT      ( 1536): AT> AT+COPS=3,0;+COPS?;+COPS=3,2;+COPS?
04-15 17:56:18.424 D/AT      ( 1536): AT< +COPS: 0,0,"CHINA MOBILE",3
04-15 17:56:18.424 D/AT      ( 1536): AT< +COPS: 0,2,"46000",3
04-15 17:56:18.424 D/AT      ( 1536): AT< OK
04-15 17:56:18.424 D/RILC    ( 1536): [0007]< OPERATOR {CHINA MOBILE,CHINA MOBILE,46000}
04-15 17:56:18.424 D/RILJ    ( 1652): [0007]< OPERATOR {CHINA MOBILE, CHINA MOBILE, 46000}
04-15 17:56:18.424 D/RILJ    ( 1652): [0008]> GPRS_REGISTRATION_STATE
04-15 17:56:18.434 D/RILC    ( 1536): [0008]> GPRS_REGISTRATION_STATE 
04-15 17:56:18.434 D/RIL     ( 1536): onRequest: GPRS_REGISTRATION_STATE
04-15 17:56:18.434 D/AT      ( 1536): AT> AT+CGREG?
04-15 17:56:18.434 D/AT      ( 1536): AT< +CGREG: 2,1,"51DA","0000BF90",3,"AA"
04-15 17:56:18.434 D/AT      ( 1536): AT< OK
04-15 17:56:18.434 D/RILC    ( 1536): [0008]< GPRS_REGISTRATION_STATE {1,51da,bf90,2}
04-15 17:56:18.434 D/RILJ    ( 1652): [0009]> REGISTRATION_STATE
04-15 17:56:18.444 D/RILC    ( 1536): [0009]> REGISTRATION_STATE 
04-15 17:56:18.444 D/RIL     ( 1536): onRequest: REGISTRATION_STATE
04-15 17:56:18.444 D/AT      ( 1536): AT> AT+CREG?
04-15 17:56:18.444 D/AT      ( 1536): AT< +CREG: 2,1,"51DA","0000BF90",3
04-15 17:56:18.444 D/AT      ( 1536): AT< OK
04-15 17:56:18.444 D/RILC    ( 1536): [0009]< REGISTRATION_STATE {1,51da,bf90,2}
04-15 17:56:18.444 D/RILJ    ( 1652): [0008]< GPRS_REGISTRATION_STATE {1, 51da, bf90, 2}
04-15 17:56:18.454 D/RILJ    ( 1652): [0010]> QUERY_NETWORK_SELECTION_MODE
04-15 17:56:18.464 D/RILC    ( 1536): [0010]> QUERY_NETWORK_SELECTION_MODE 
04-15 17:56:18.464 D/RIL     ( 1536): onRequest: QUERY_NETWORK_SELECTION_MODE
04-15 17:56:18.464 D/AT      ( 1536): AT> AT+COPS?
04-15 17:56:18.464 D/AT      ( 1536): AT< +COPS: 0,2,"46000",3
04-15 17:56:18.464 D/AT      ( 1536): AT< OK
04-15 17:56:18.464 D/RILC    ( 1536): [0010]< QUERY_NETWORK_SELECTION_MODE {0}
04-15 17:56:18.464 D/RILJ    ( 1652): [0009]< REGISTRATION_STATE {1, 51da, bf90, 2}
04-15 17:56:18.464 D/RILJ    ( 1652): [0010]< QUERY_NETWORK_SELECTION_MODE {0}
04-15 17:56:18.474 D/GSM     ( 1652): [IccCard] Broadcasting intent ACTION_SIM_STATE_CHANGED READY reason null
04-15 17:56:18.514 V/GSM     ( 1652): SIMRecords:fetchSimRecords 0
04-15 17:56:18.514 D/RILJ    ( 1652): [0011]> getIMSI:RIL_REQUEST_GET_IMSI 11 GET_IMSI
04-15 17:56:18.524 D/RILC    ( 1536): [0011]> GET_IMSI 
04-15 17:56:18.524 D/RIL     ( 1536): onRequest: GET_IMSI
04-15 17:56:18.524 D/AT      ( 1536): AT> AT+CIMI
04-15 17:56:18.524 D/RILJ    ( 1652): [0012]> iccIO: SIM_IO 0xc0 0x2fe2  path: 3F00,0,0,15
04-15 17:56:18.544 D/RILJ    ( 1652): [0013]> iccIO: SIM_IO 0xc0 0x6f40  path: 3F007F10,0,0,15
04-15 17:56:18.554 D/AT      ( 1536): AT< 460005154113238
04-15 17:56:18.554 D/AT      ( 1536): AT< OK
04-15 17:56:18.554 D/RILC    ( 1536): [0011]< GET_IMSI {460005154113238}
04-15 17:56:18.554 D/RILC    ( 1536): [0012]> SIM_IO (cmd=0xC0,efid=0x2FE2,path=3F00,0,0,15,(null),pin2=(null))
04-15 17:56:18.554 D/RIL     ( 1536): onRequest: SIM_IO
04-15 17:56:18.554 D/AT      ( 1536): AT> AT+CRSM=192,12258,0,0,15
04-15 17:56:18.554 D/RILJ    ( 1652): [0011]< GET_IMSI 
04-15 17:56:18.564 D/RILJ    ( 1652): [0014]> iccIO: SIM_IO 0xc0 0x6fc9  path: 3F007F20,0,0,15
04-15 17:56:18.584 D/RILJ    ( 1652): [0015]> iccIO: SIM_IO 0xc0 0x6fad  path: 3F007F20,0,0,15
04-15 17:56:18.594 D/RILJ    ( 1652): [0016]> iccIO: SIM_IO 0xc0 0x6fca  path: 3F007F20,0,0,15
04-15 17:56:18.604 D/RILJ    ( 1652): [0017]> iccIO: SIM_IO 0xc0 0x6f11  path: 3F007F20,0,0,15
04-15 17:56:18.614 D/RILJ    ( 1652): [0018]> iccIO: SIM_IO 0xc0 0x6fcb  path: 3F007F20,0,0,15
04-15 17:56:18.624 D/RILJ    ( 1652): [0019]> iccIO: SIM_IO 0xc0 0x6f13  path: 3F007F20,0,0,15
04-15 17:56:18.624 D/RILJ    ( 1652): [0020]> iccIO: SIM_IO 0xc0 0x6f46  path: 3F007F20,0,0,15
04-15 17:56:18.644 D/RILJ    ( 1652): [0021]> iccIO: SIM_IO 0xc0 0x6fcd  path: 3F007F20,0,0,15
04-15 17:56:18.654 D/RILJ    ( 1652): [0022]> iccIO: SIM_IO 0xc0 0x6fc5  path: 3F007F20,0,0,15
04-15 17:56:18.674 D/RILJ    ( 1652): [0023]> iccIO: SIM_IO 0xc0 0x6f38  path: 3F007F20,0,0,15
04-15 17:56:18.684 D/RILJ    ( 1652): [0024]> iccIO: SIM_IO 0xc0 0x6f16  path: 3F007F20,0,0,15
04-15 17:56:18.684 V/GSM     ( 1652): Check if IMSI shalll be read againnull
04-15 17:56:18.684 V/GSM     ( 1652): Force to get IMSI again 
04-15 17:56:18.684 D/RILJ    ( 1652): [0025]> getIMSI:RIL_REQUEST_GET_IMSI 11 GET_IMSI
04-15 17:56:18.694 D/GSM     ( 1652): GSMDataConnTrack handleMessage { what=3 when=47504 obj=android.os.AsyncResult@43c5d388 }
04-15 17:56:18.704 D/GSM     ( 1652): GSMDataConnTrack handleMessage { what=19 when=47505 obj=android.os.AsyncResult@43c5d710 }
04-15 17:56:18.704 D/GSM     ( 1652): [DataConnection] Stop poll NetStat
04-15 17:56:18.724 D/GSM     ( 1652): GSMDataConnTrack handleMessage { what=22 when=47505 obj=android.os.AsyncResult@43c5d860 }
04-15 17:56:18.724 D/GSM     ( 1652): [GsmDataConnectionTracker] ***trySetupData due to roamingOff
04-15 17:56:18.724 D/GSM     ( 1652): [DSAC DEB] trySetupData with mIsPsRestricted=false
04-15 17:56:18.784 D/AT      ( 1536): AT< +CRSM: 144,0,"0000000A2FE2040004FF4401020000"
04-15 17:56:18.784 D/AT      ( 1536): AT< OK
04-15 17:56:18.784 D/RILC    ( 1536): [0012]< SIM_IO {sw1=0x90,sw2=0x0,0000000A2FE2040004FF4401020000}
04-15 17:56:18.784 D/RILC    ( 1536): [0013]> SIM_IO (cmd=0xC0,efid=0x6F40,path=3F007F10,0,0,15,(null),pin2=(null))
04-15 17:56:18.784 D/RIL     ( 1536): onRequest: SIM_IO
04-15 17:56:18.784 D/AT      ( 1536): AT> AT+CRSM=192,28480,0,0,15
04-15 17:56:19.114 D/RILJ    ( 1652): < iccIO:  0x90 0x0 0000000A2FE2040004FF4401020000
04-15 17:56:19.114 D/RILJ    ( 1652): [0012]< SIM_IO IccIoResponse sw1:0x90 sw2:0x0
04-15 17:56:19.114 D/GSM     ( 1652): [GsmDataConnectionTracker] trySetupData: Not ready for data:  dataState=IDLE gprsState=1 sim=false UMTS=false phoneState=IDLE isDataAllowed=true dataEnabled=true roaming=false dataOnRoamingEnable=true ps restricted=false desiredPowerState=true MasterDataEnabled=true
04-15 17:56:19.114 D/RILJ    ( 1652): [0026]> GET_SIM_STATUS
04-15 17:56:19.144 D/RILJ    ( 1652): [0027]> QUERY_FACILITY_LOCK
04-15 17:56:19.164 D/RILJ    ( 1652): [0028]> QUERY_FACILITY_LOCK
04-15 17:56:19.164 D/STK     ( 1652): StkService: ril message arrived
04-15 17:56:19.184 D/STK     ( 1652): CommandParamsFactory: process SelectItem
04-15 17:56:19.194 D/RILJ    ( 1652): [0029]> BASEBAND_VERSION
04-15 17:56:19.204 D/RILJ    ( 1652): [0030]> GET_IMEI
04-15 17:56:19.214 D/RILJ    ( 1652): [0031]> GET_IMEISV
04-15 17:56:19.334 D/AT      ( 1536): AT< +CRSM: 144,0,"000000386F40040011FF440102011C"
04-15 17:56:19.334 D/AT      ( 1536): AT< OK
04-15 17:56:19.334 D/RILC    ( 1536): [0013]< SIM_IO {sw1=0x90,sw2=0x0,000000386F40040011FF440102011C}
04-15 17:56:19.334 D/RILC    ( 1536): [0014]> SIM_IO (cmd=0xC0,efid=0x6FC9,path=3F007F20,0,0,15,(null),pin2=(null))
04-15 17:56:19.334 D/RIL     ( 1536): onRequest: SIM_IO
04-15 17:56:19.334 D/AT      ( 1536): AT> AT+CRSM=192,28617,0,0,15
04-15 17:56:19.334 D/RILJ    ( 1652): < iccIO:  0x90 0x0 000000386F40040011FF440102011C
04-15 17:56:19.334 D/RILJ    ( 1652): [0013]< SIM_IO IccIoResponse sw1:0x90 sw2:0x0
04-15 17:56:19.474 E/GSM     ( 1652): Wrong network type: 0
04-15 17:56:19.474 D/GSM     ( 1652): Poll ServiceState done:  oldSS=[1 home null null null  Unknown CSS not supported 0 0RoamInd: 0DefRoamInd: 0EmergOnly: false] newSS=[0 home CHINA MOBILE CHINA MOBILE 46000  EDGE CSS not supported 0 0RoamInd: 0DefRoamInd: 0EmergOnly: false] oldGprs=1 newGprs=0 oldType=unknown newType=EDGE
04-15 17:56:19.474 E/GSM     ( 1652): Wrong network type: 0
04-15 17:56:19.474 D/GSM     ( 1652): RAT switched unknown -> EDGE at cell 49040
04-15 17:56:19.664 D/GSM     ( 1652): IMSI: 460005xxxxxxxxx
04-15 17:56:19.664 D/GSM     ( 1652): [IccCard] Broadcasting intent ACTION_SIM_STATE_CHANGED IMSI reason null
04-15 17:56:19.684 D/RILJ    ( 1652): [0032]> iccIO: SIM_IO 0xb0 0x2fe2  path: 3F00,0,0,10
04-15 17:56:19.694 D/STK     ( 1652): StkService: SET_UP_MENU
04-15 17:56:19.694 D/STK     ( 1652): StkService: TERMINAL RESPONSE: 810301250082028281830100
04-15 17:56:19.694 D/RILJ    ( 1652): [0033]> REQUEST_STK_SEND_TERMINAL_RESPONSE
04-15 17:56:19.784 D/RILJ    ( 1652): [0034]> iccIO: SIM_IO 0xb2 0x6f40  path: 3F007F10,1,4,28
04-15 17:56:19.834 D/GSM     ( 1652): GSMDataConnTrack handleMessage { what=26 when=49569 obj=android.os.AsyncResult@43c14030 }
04-15 17:56:19.874 D/GSM     ( 1652): [GsmDataConnectionTracker] ***trySetupData due to gprsAttached
04-15 17:56:19.874 D/GSM     ( 1652): [DSAC DEB] trySetupData with mIsPsRestricted=false
04-15 17:56:19.874 D/GSM     ( 1652): [GsmDataConnectionTracker] trySetupData: Not ready for data:  dataState=IDLE gprsState=0 sim=false UMTS=false phoneState=IDLE isDataAllowed=true dataEnabled=true roaming=false dataOnRoamingEnable=true ps restricted=false desiredPowerState=true MasterDataEnabled=true
04-15 17:56:19.904 D/AT      ( 1536): AT< +CRSM: 148,4
04-15 17:56:19.904 D/AT      ( 1536): AT< OK
04-15 17:56:19.904 D/RILC    ( 1536): [0014]< SIM_IO {sw1=0x94,sw2=0x4,(null)}
04-15 17:56:19.904 D/RILC    ( 1536): [0015]> SIM_IO (cmd=0xC0,efid=0x6FAD,path=3F007F20,0,0,15,(null),pin2=(null))
04-15 17:56:19.904 D/RIL     ( 1536): onRequest: SIM_IO
04-15 17:56:19.904 D/AT      ( 1536): AT> AT+CRSM=192,28589,0,0,15
04-15 17:56:19.904 D/RILJ    ( 1652): < iccIO:  0x94 0x4 null
04-15 17:56:19.904 D/RILJ    ( 1652): [0014]< SIM_IO IccIoResponse sw1:0x94 sw2:0x4
04-15 17:56:20.184 D/STK     ( 1652): StkService: Return current sInstance
04-15 17:56:20.204 D/STK     ( 1652): StkAppService: SET_UP_MENU
04-15 17:56:20.204 D/STK     ( 1652): StkAppService: Install App
04-15 17:56:20.214 D/RILJ    ( 1652): [0035]> iccIO: SIM_IO 0xc0 0x6f17  path: 3F007F20,0,0,15
04-15 17:56:20.634 D/AT      ( 1536): AT< +CRSM: 144,0,"000000036FAD040004FF4401020000"
04-15 17:56:20.634 D/AT      ( 1536): AT< OK
04-15 17:56:20.634 D/RILC    ( 1536): [0015]< SIM_IO {sw1=0x90,sw2=0x0,000000036FAD040004FF4401020000}
04-15 17:56:20.634 D/RILC    ( 1536): [0016]> SIM_IO (cmd=0xC0,efid=0x6FCA,path=3F007F20,0,0,15,(null),pin2=(null))
04-15 17:56:20.634 D/RIL     ( 1536): onRequest: SIM_IO
04-15 17:56:20.634 D/AT      ( 1536): AT> AT+CRSM=192,28618,0,0,15
04-15 17:56:20.634 D/RILJ    ( 1652): < iccIO:  0x90 0x0 000000036FAD040004FF4401020000
04-15 17:56:20.634 D/RILJ    ( 1652): [0015]< SIM_IO IccIoResponse sw1:0x90 sw2:0x0
04-15 17:56:20.644 D/RILJ    ( 1652): [0036]> iccIO: SIM_IO 0xb0 0x6fad  path: 3F007F20,0,0,3
04-15 17:56:21.324 D/AT      ( 1536): AT< +CRSM: 148,4
04-15 17:56:21.324 D/AT      ( 1536): AT< OK
04-15 17:56:21.324 D/RILC    ( 1536): [0016]< SIM_IO {sw1=0x94,sw2=0x4,(null)}
04-15 17:56:21.324 D/RILC    ( 1536): [0017]> SIM_IO (cmd=0xC0,efid=0x6F11,path=3F007F20,0,0,15,(null),pin2=(null))
04-15 17:56:21.324 D/RIL     ( 1536): onRequest: SIM_IO
04-15 17:56:21.324 D/AT      ( 1536): AT> AT+CRSM=192,28433,0,0,15
04-15 17:56:21.324 D/RILJ    ( 1652): < iccIO:  0x94 0x4 null
04-15 17:56:21.324 D/RILJ    ( 1652): [0016]< SIM_IO IccIoResponse sw1:0x94 sw2:0x4
04-15 17:56:22.004 D/AT      ( 1536): AT< +CRSM: 148,4
04-15 17:56:22.004 D/AT      ( 1536): AT< OK
04-15 17:56:22.004 D/RILC    ( 1536): [0017]< SIM_IO {sw1=0x94,sw2=0x4,(null)}
04-15 17:56:22.004 D/RILC    ( 1536): [0018]> SIM_IO (cmd=0xC0,efid=0x6FCB,path=3F007F20,0,0,15,(null),pin2=(null))
04-15 17:56:22.004 D/RIL     ( 1536): onRequest: SIM_IO
04-15 17:56:22.004 D/AT      ( 1536): AT> AT+CRSM=192,28619,0,0,15
04-15 17:56:22.004 D/RILJ    ( 1652): < iccIO:  0x94 0x4 null
04-15 17:56:22.004 D/RILJ    ( 1652): [0017]< SIM_IO IccIoResponse sw1:0x94 sw2:0x4
04-15 17:56:22.694 D/AT      ( 1536): AT< +CRSM: 148,4
04-15 17:56:22.694 D/AT      ( 1536): AT< OK
04-15 17:56:22.694 D/RILC    ( 1536): [0018]< SIM_IO {sw1=0x94,sw2=0x4,(null)}
04-15 17:56:22.694 D/RILC    ( 1536): [0019]> SIM_IO (cmd=0xC0,efid=0x6F13,path=3F007F20,0,0,15,(null),pin2=(null))
04-15 17:56:22.694 D/RIL     ( 1536): onRequest: SIM_IO
04-15 17:56:22.694 D/AT      ( 1536): AT> AT+CRSM=192,28435,0,0,15
04-15 17:56:22.694 D/RILJ    ( 1652): < iccIO:  0x94 0x4 null
04-15 17:56:22.694 D/RILJ    ( 1652): [0018]< SIM_IO IccIoResponse sw1:0x94 sw2:0x4
04-15 17:56:23.374 D/AT      ( 1536): AT< +CRSM: 148,4
04-15 17:56:23.374 D/AT      ( 1536): AT< OK
04-15 17:56:23.374 D/RILC    ( 1536): [0019]< SIM_IO {sw1=0x94,sw2=0x4,(null)}
04-15 17:56:23.374 D/RILC    ( 1536): [0020]> SIM_IO (cmd=0xC0,efid=0x6F46,path=3F007F20,0,0,15,(null),pin2=(null))
04-15 17:56:23.374 D/RIL     ( 1536): onRequest: SIM_IO
04-15 17:56:23.374 D/AT      ( 1536): AT> AT+CRSM=192,28486,0,0,15
04-15 17:56:23.374 D/RILJ    ( 1652): < iccIO:  0x94 0x4 null
04-15 17:56:23.374 D/RILJ    ( 1652): [0019]< SIM_IO IccIoResponse sw1:0x94 sw2:0x4
04-15 17:56:24.104 D/AT      ( 1536): AT< +CRSM: 144,0,"000000116F46040004FF4401020000"
04-15 17:56:24.104 D/AT      ( 1536): AT< OK
04-15 17:56:24.104 D/RILC    ( 1536): [0020]< SIM_IO {sw1=0x90,sw2=0x0,000000116F46040004FF4401020000}
04-15 17:56:24.104 D/RILC    ( 1536): [0021]> SIM_IO (cmd=0xC0,efid=0x6FCD,path=3F007F20,0,0,15,(null),pin2=(null))
04-15 17:56:24.104 D/RIL     ( 1536): onRequest: SIM_IO
04-15 17:56:24.104 D/AT      ( 1536): AT> AT+CRSM=192,28621,0,0,15
04-15 17:56:24.104 D/RILJ    ( 1652): < iccIO:  0x90 0x0 000000116F46040004FF4401020000
04-15 17:56:24.104 D/RILJ    ( 1652): [0020]< SIM_IO IccIoResponse sw1:0x90 sw2:0x0
04-15 17:56:24.104 D/RILJ    ( 1652): [0037]> iccIO: SIM_IO 0xb0 0x6f46  path: 3F007F20,0,0,17
04-15 17:56:24.794 D/AT      ( 1536): AT< +CRSM: 148,4
04-15 17:56:24.794 D/AT      ( 1536): AT< OK
04-15 17:56:24.794 D/RILC    ( 1536): [0021]< SIM_IO {sw1=0x94,sw2=0x4,(null)}
04-15 17:56:24.794 D/RILC    ( 1536): [0022]> SIM_IO (cmd=0xC0,efid=0x6FC5,path=3F007F20,0,0,15,(null),pin2=(null))
04-15 17:56:24.794 D/RIL     ( 1536): onRequest: SIM_IO
04-15 17:56:24.794 D/AT      ( 1536): AT> AT+CRSM=192,28613,0,0,15
04-15 17:56:24.794 D/RILJ    ( 1652): < iccIO:  0x94 0x4 null
04-15 17:56:24.794 D/RILJ    ( 1652): [0021]< SIM_IO IccIoResponse sw1:0x94 sw2:0x4
04-15 17:56:25.474 D/AT      ( 1536): AT< +CRSM: 148,4
04-15 17:56:25.474 D/AT      ( 1536): AT< OK
04-15 17:56:25.474 D/RILC    ( 1536): [0022]< SIM_IO {sw1=0x94,sw2=0x4,(null)}
04-15 17:56:25.474 D/RILC    ( 1536): [0023]> SIM_IO (cmd=0xC0,efid=0x6F38,path=3F007F20,0,0,15,(null),pin2=(null))
04-15 17:56:25.474 D/RIL     ( 1536): onRequest: SIM_IO
04-15 17:56:25.474 D/AT      ( 1536): AT> AT+CRSM=192,28472,0,0,15
04-15 17:56:25.474 D/RILJ    ( 1652): < iccIO:  0x94 0x4 null
04-15 17:56:25.474 D/RILJ    ( 1652): [0022]< SIM_IO IccIoResponse sw1:0x94 sw2:0x4
04-15 17:56:25.624 D/STK     ( 1652): StkAppService$ServiceHandler: OP_BOOT_COMPLETED
04-15 17:56:26.204 D/AT      ( 1536): AT< +CRSM: 144,0,"000000096F38040014FF4401020000"
04-15 17:56:26.204 D/AT      ( 1536): AT< OK
04-15 17:56:26.204 D/RILC    ( 1536): [0023]< SIM_IO {sw1=0x90,sw2=0x0,000000096F38040014FF4401020000}
04-15 17:56:26.204 D/RILC    ( 1536): [0024]> SIM_IO (cmd=0xC0,efid=0x6F16,path=3F007F20,0,0,15,(null),pin2=(null))
04-15 17:56:26.204 D/RIL     ( 1536): onRequest: SIM_IO
04-15 17:56:26.204 D/AT      ( 1536): AT> AT+CRSM=192,28438,0,0,15
04-15 17:56:26.204 D/RILJ    ( 1652): < iccIO:  0x90 0x0 000000096F38040014FF4401020000
04-15 17:56:26.204 D/RILJ    ( 1652): [0023]< SIM_IO IccIoResponse sw1:0x90 sw2:0x0
04-15 17:56:26.204 D/RILJ    ( 1652): [0038]> iccIO: SIM_IO 0xb0 0x6f38  path: 3F007F20,0,0,9
04-15 17:56:26.884 D/AT      ( 1536): AT< +CRSM: 148,4
04-15 17:56:26.884 D/AT      ( 1536): AT< OK
04-15 17:56:26.884 D/RILC    ( 1536): [0024]< SIM_IO {sw1=0x94,sw2=0x4,(null)}
04-15 17:56:26.884 D/RILC    ( 1536): [0025]> GET_IMSI 
04-15 17:56:26.894 D/RIL     ( 1536): onRequest: GET_IMSI
04-15 17:56:26.894 D/AT      ( 1536): AT> AT+CIMI
04-15 17:56:26.894 D/RILJ    ( 1652): < iccIO:  0x94 0x4 null
04-15 17:56:26.894 D/RILJ    ( 1652): [0024]< SIM_IO IccIoResponse sw1:0x94 sw2:0x4
04-15 17:56:27.295 D/AT      ( 1536): AT< 460005154113238
04-15 17:56:27.295 D/AT      ( 1536): AT< OK
04-15 17:56:27.295 D/RILC    ( 1536): [0025]< GET_IMSI {460005154113238}
04-15 17:56:27.304 D/RILC    ( 1536): [0026]> GET_SIM_STATUS 
04-15 17:56:27.304 D/RIL     ( 1536): onRequest: GET_SIM_STATUS
04-15 17:56:27.304 D/AT      ( 1536): AT> AT+CPIN?
04-15 17:56:27.304 D/RILJ    ( 1652): [0025]< GET_IMSI 
04-15 17:56:27.324 D/GSM     ( 1652): IMSI: 460005xxxxxxxxx
04-15 17:56:27.324 D/GSM     ( 1652): [IccCard] Broadcasting intent ACTION_SIM_STATE_CHANGED IMSI reason null
04-15 17:56:27.501 D/AT      ( 1536): AT< +CPIN: READY
04-15 17:56:27.501 D/AT      ( 1536): AT< OK
04-15 17:56:27.501 D/RILC    ( 1536): [0026]< GET_SIM_STATUS {[app_type=1,app_state=5,perso_substate=2,                aid_ptr=(null),app_label_ptr=(null),pin1_replaced=0,pin1=0,pin2=0],}
04-15 17:56:27.501 D/AT      ( 1536): AT> AT+CPIN?
04-15 17:56:27.504 D/RILJ    ( 1652): [0026]< GET_SIM_STATUS com.android.internal.telephony.IccCardStatus@43c947d0
04-15 17:56:28.014 D/AT      ( 1536): AT< +CPIN: READY
04-15 17:56:28.014 D/AT      ( 1536): AT< OK
04-15 17:56:28.014 D/RIL     ( 1536): 	updateRadioStateAfterSimStatus
04-15 17:56:28.014 D/RILC    ( 1536): [0027]> QUERY_FACILITY_LOCK (SC,,7)
04-15 17:56:28.014 D/RIL     ( 1536): onRequest: QUERY_FACILITY_LOCK
04-15 17:56:28.014 D/AT      ( 1536): AT> AT+CLCK="SC",2,"",7
04-15 17:56:28.534 D/AT      ( 1536): AT< +CLCK: 0
04-15 17:56:28.534 D/AT      ( 1536): AT< OK
04-15 17:56:28.534 D/RILC    ( 1536): [0027]< QUERY_FACILITY_LOCK {0}
04-15 17:56:28.534 D/RILC    ( 1536): [0028]> QUERY_FACILITY_LOCK (FD,,7)
04-15 17:56:28.534 D/RIL     ( 1536): onRequest: QUERY_FACILITY_LOCK
04-15 17:56:28.534 D/AT      ( 1536): AT> AT+CLCK="FD",2,"",7
04-15 17:56:28.534 D/RILJ    ( 1652): [0027]< QUERY_FACILITY_LOCK {0}
04-15 17:56:28.534 D/GSM     ( 1652): [IccCard] Query facility lock : false
04-15 17:56:28.534 D/AT      ( 1536): AT< +CLCK: 0
04-15 17:56:28.534 D/AT      ( 1536): AT< OK
04-15 17:56:28.534 D/RILC    ( 1536): [0028]< QUERY_FACILITY_LOCK {0}
04-15 17:56:28.534 D/RILC    ( 1536): [0029]> BASEBAND_VERSION 
04-15 17:56:28.534 D/RIL     ( 1536): onRequest: BASEBAND_VERSION
04-15 17:56:28.534 D/AT      ( 1536): AT> ATI3
04-15 17:56:28.534 D/RILJ    ( 1652): [0028]< QUERY_FACILITY_LOCK {0}
04-15 17:56:28.534 D/GSM     ( 1652): [IccCard] Query facility lock : false
04-15 17:56:28.534 D/AT      ( 1536): AT< 40007100F1360103
04-15 17:56:28.534 D/AT      ( 1536): AT< OK
04-15 17:56:28.534 D/RILC    ( 1536): [0029]< BASEBAND_VERSION {40007100F1360103}
04-15 17:56:28.534 D/RILC    ( 1536): [0030]> GET_IMEI 
04-15 17:56:28.534 D/RIL     ( 1536): onRequest: GET_IMEI
04-15 17:56:28.534 D/AT      ( 1536): AT> AT+CGSN
04-15 17:56:28.544 D/AT      ( 1536): AT< 000000000000000
04-15 17:56:28.544 D/AT      ( 1536): AT< OK
04-15 17:56:28.544 D/RILC    ( 1536): [0030]< GET_IMEI {000000000000000}
04-15 17:56:28.544 D/RILC    ( 1536): [0031]> GET_IMEISV 
04-15 17:56:28.544 D/RIL     ( 1536): onRequest: GET_IMEISV
04-15 17:56:28.544 D/AT      ( 1536): AT> AT*PSIMEISV?
04-15 17:56:28.544 D/RILJ    ( 1652): [0029]< BASEBAND_VERSION 40007100F1360103
04-15 17:56:28.544 D/GSM     ( 1652): Baseband version: 40007100F1360103
04-15 17:56:28.544 D/RILJ    ( 1652): [0030]< GET_IMEI 
04-15 17:56:28.544 D/AT      ( 1536): AT< *PSIMEISV: 000000 00 000000 01
04-15 17:56:28.544 D/AT      ( 1536): AT< OK
04-15 17:56:28.544 D/RILC    ( 1536): [0031]< GET_IMEISV {000000 00 000000 01}
04-15 17:56:28.544 D/RILC    ( 1536): [0032]> SIM_IO (cmd=0xB0,efid=0x2FE2,path=3F00,0,0,10,(null),pin2=(null))
04-15 17:56:28.544 D/RIL     ( 1536): onRequest: SIM_IO
04-15 17:56:28.544 D/AT      ( 1536): AT> AT+CRSM=176,12258,0,0,10
04-15 17:56:28.554 D/RILJ    ( 1652): [0031]< GET_IMEISV 
04-15 17:56:29.124 D/AT      ( 1536): AT< +CRSM: 144,0,"98680019013015836384"
04-15 17:56:29.124 D/AT      ( 1536): AT< OK
04-15 17:56:29.124 D/RILC    ( 1536): [0032]< SIM_IO {sw1=0x90,sw2=0x0,98680019013015836384}
04-15 17:56:29.124 D/RILC    ( 1536): [0033]> STK_SEND_TERMINAL_RESPONSE (810301250082028281830100)
04-15 17:56:29.124 D/RIL     ( 1536): onRequest: STK_SEND_TERMINAL_RESPONSE
04-15 17:56:29.124 D/RIL     ( 1536): STK send term response command: AT+GTKR="810301250082028281830100"
04-15 17:56:29.124 D/AT      ( 1536): AT> AT+GTKR="810301250082028281830100"
04-15 17:56:29.124 D/RILJ    ( 1652): < iccIO:  0x90 0x0 98680019013015836384
04-15 17:56:29.124 D/RILJ    ( 1652): [0032]< SIM_IO IccIoResponse sw1:0x90 sw2:0x0
04-15 17:56:29.124 D/GSM     ( 1652): iccid: 89860091100351383648
04-15 17:56:29.484 D/AT      ( 1536): AT< OK
04-15 17:56:29.484 D/AT      ( 1536): AT< +GTKS:
04-15 17:56:29.484 D/RILC    ( 1536): [UNSL]< UNSOL_STK_SESSION_END 
04-15 17:56:29.484 D/RILC    ( 1536): [0033]< STK_SEND_TERMINAL_RESPONSE
04-15 17:56:29.484 D/RILC    ( 1536): [0034]> SIM_IO (cmd=0xB2,efid=0x6F40,path=3F007F10,1,4,28,(null),pin2=(null))
04-15 17:56:29.484 D/RIL     ( 1536): onRequest: SIM_IO
04-15 17:56:29.484 D/AT      ( 1536): AT> AT+CRSM=178,28480,1,4,28
04-15 17:56:29.484 D/RILJ    ( 1652): [UNSL]< UNSOL_STK_SESSION_END
04-15 17:56:29.494 D/RILJ    ( 1652): [0033]< REQUEST_STK_SEND_TERMINAL_RESPONSE 
04-15 17:56:29.494 D/STK     ( 1652): StkService: ril message arrived
04-15 17:56:29.494 D/STK     ( 1652): StkService: SESSION END
04-15 17:56:29.858 D/AT      ( 1536): AT< +CRSM: 144,0,"FFFFFFFFFFFFFFFFFFFFFFFFFFFFFFFFFFFFFFFFFFFFFFFFFFFFFFFF"
04-15 17:56:29.858 D/AT      ( 1536): AT< OK
04-15 17:56:29.858 D/RILC    ( 1536): [0034]< SIM_IO {sw1=0x90,sw2=0x0,FFFFFFFFFFFFFFFFFFFFFFFFFFFFFFFFFFFFFFFFFFFFFFFFFFFFFFFF}
04-15 17:56:29.858 D/RILC    ( 1536): [0035]> SIM_IO (cmd=0xC0,efid=0x6F17,path=3F007F20,0,0,15,(null),pin2=(null))
04-15 17:56:29.858 D/RIL     ( 1536): onRequest: SIM_IO
04-15 17:56:29.858 D/AT      ( 1536): AT> AT+CRSM=192,28439,0,0,15
04-15 17:56:29.858 D/RILJ    ( 1652): < iccIO:  0x90 0x0 FFFFFFFFFFFFFFFFFFFFFFFFFFFFFFFFFFFFFFFFFFFFFFFFFFFFFFFF
04-15 17:56:29.858 D/RILJ    ( 1652): [0034]< SIM_IO IccIoResponse sw1:0x90 sw2:0x0
04-15 17:56:29.864 D/GSM     ( 1652): MSISDN: 
04-15 17:56:30.436 D/AT      ( 1536): AT< +CRSM: 148,4
04-15 17:56:30.436 D/AT      ( 1536): AT< OK
04-15 17:56:30.436 D/RILC    ( 1536): [0035]< SIM_IO {sw1=0x94,sw2=0x4,(null)}
04-15 17:56:30.436 D/RILC    ( 1536): [0036]> SIM_IO (cmd=0xB0,efid=0x6FAD,path=3F007F20,0,0,3,(null),pin2=(null))
04-15 17:56:30.436 D/RIL     ( 1536): onRequest: SIM_IO
04-15 17:56:30.436 D/AT      ( 1536): AT> AT+CRSM=176,28589,0,0,3
04-15 17:56:30.436 D/RILJ    ( 1652): < iccIO:  0x94 0x4 null
04-15 17:56:30.436 D/RILJ    ( 1652): [0035]< SIM_IO IccIoResponse sw1:0x94 sw2:0x4
04-15 17:56:30.436 D/GSM     ( 1652): Invalid or missing EF[MAILBOX]
04-15 17:56:31.188 D/AT      ( 1536): AT< +CRSM: 144,0,"00FFFF"
04-15 17:56:31.188 D/AT      ( 1536): AT< OK
04-15 17:56:31.188 D/RILC    ( 1536): [0036]< SIM_IO {sw1=0x90,sw2=0x0,00FFFF}
04-15 17:56:31.188 D/RILC    ( 1536): [0037]> SIM_IO (cmd=0xB0,efid=0x6F46,path=3F007F20,0,0,17,(null),pin2=(null))
04-15 17:56:31.188 D/RIL     ( 1536): onRequest: SIM_IO
04-15 17:56:31.188 D/AT      ( 1536): AT> AT+CRSM=176,28486,0,0,17
04-15 17:56:31.188 D/RILJ    ( 1652): < iccIO:  0x90 0x0 00FFFF
04-15 17:56:31.188 D/RILJ    ( 1652): [0036]< SIM_IO IccIoResponse sw1:0x90 sw2:0x0
04-15 17:56:31.188 D/GSM     ( 1652): EF_AD: 00ffff
04-15 17:56:31.188 D/GSM     ( 1652): SIMRecords: MNC length not present in EF_AD
04-15 17:56:31.964 D/AT      ( 1536): AT< +CRSM: 144,0,"00434D4343FFFFFFFFFFFFFFFFFFFFFFFF"
04-15 17:56:31.964 D/AT      ( 1536): AT< OK
04-15 17:56:31.964 D/RILC    ( 1536): [0037]< SIM_IO {sw1=0x90,sw2=0x0,00434D4343FFFFFFFFFFFFFFFFFFFFFFFF}
04-15 17:56:31.964 D/RILC    ( 1536): [0038]> SIM_IO (cmd=0xB0,efid=0x6F38,path=3F007F20,0,0,9,(null),pin2=(null))
04-15 17:56:31.964 D/RIL     ( 1536): onRequest: SIM_IO
04-15 17:56:31.964 D/AT      ( 1536): AT> AT+CRSM=176,28472,0,0,9
04-15 17:56:31.964 D/RILJ    ( 1652): < iccIO:  0x90 0x0 00434D4343FFFFFFFFFFFFFFFFFFFFFFFF
04-15 17:56:31.964 D/RILJ    ( 1652): [0037]< SIM_IO IccIoResponse sw1:0x90 sw2:0x0
04-15 17:56:31.964 D/GSM     ( 1652): [SIMRecords] Load EF_SPN: CMCC spnDisplayCondition: 1
04-15 17:56:32.724 D/AT      ( 1536): AT< +CRSM: 144,0,"FF3FFFFF00003C0300"
04-15 17:56:32.724 D/AT      ( 1536): AT< OK
04-15 17:56:32.724 D/RILC    ( 1536): [0038]< SIM_IO {sw1=0x90,sw2=0x0,FF3FFFFF00003C0300}
04-15 17:56:32.724 D/RILJ    ( 1652): < iccIO:  0x90 0x0 FF3FFFFF00003C0300
04-15 17:56:32.724 D/RILJ    ( 1652): [0038]< SIM_IO IccIoResponse sw1:0x90 sw2:0x0
04-15 17:56:32.724 D/GSM     ( 1652): SIMRecords: record load complete
04-15 17:56:32.724 D/GSM     ( 1652): [IccCard] Broadcasting intent ACTION_SIM_STATE_CHANGED LOADED reason null
04-15 17:56:32.754 D/GSM     ( 1652): GSMDataConnTrack handleMessage { what=4 when=62698 obj=android.os.AsyncResult@43c9d1e0 }
04-15 17:56:32.834 D/GSM     ( 1652): >>>>> createAllApnList, allApns = [CMCC, 26, 46000, cmnet, , , null, null, , -1, default, CMCC.mms, 27, 46000, cmwap, , http://mmsc.monternet.com, 10.0.0.172, 80, , -1, mms, 中国移动因特网设置, 54, 46000, cmnet, null, null, null, null, null, -1, default, 中国移动WAP设置, 55, 46000, cmwap, 10.0.0.172, null, null, null, 80, -1, wap, 中国移动彩信设置, 56, 46000, cmwap, 10.0.0.172, http://mmsc.monternet.com, 10.0.0.172, 80, 80, -1, mms]
04-15 17:56:32.874 D/GSM     ( 1652): >>>>>> mRequestedApnType = default
04-15 17:56:32.884 D/GSM     ( 1652): >>>>>>> ApnSetting = CMCC, 26, 46000, cmnet, , , null, null, , -1, default, id = 26, pos = 25
04-15 17:56:32.884 D/GSM     ( 1652): >>>>>>> ApnSetting = CMCC.mms, 27, 46000, cmwap, , http://mmsc.monternet.com, 10.0.0.172, 80, , -1, mms, id = 27, pos = 25
04-15 17:56:32.884 D/GSM     ( 1652): >>>>>>> ApnSetting = 中国移动因特网设置, 54, 46000, cmnet, null, null, null, null, null, -1, default, id = 54, pos = 25
04-15 17:56:32.884 D/GSM     ( 1652): >>>>>>> ApnSetting = 中国移动WAP设置, 55, 46000, cmwap, 10.0.0.172, null, null, null, 80, -1, wap, id = 55, pos = 25
04-15 17:56:32.884 D/GSM     ( 1652): >>>>>>> ApnSetting = 中国移动彩信设置, 56, 46000, cmwap, 10.0.0.172, http://mmsc.monternet.com, 10.0.0.172, 80, 80, -1, mms, id = 56, pos = 25
04-15 17:56:32.884 D/GSM     ( 1652): >>>>>> Get PreferredAPN = null
04-15 17:56:32.994 D/GSM     ( 1652): GSMDataConnTrack handleMessage { what=5 when=62854 obj=simLoaded }
04-15 17:56:32.994 D/GSM     ( 1652): [GsmDataConnectionTracker] ***trySetupData due to simLoaded
04-15 17:56:32.994 D/GSM     ( 1652): [DSAC DEB] trySetupData with mIsPsRestricted=false
04-15 17:56:32.994 D/GSM     ( 1652): [GsmDataConnectionTracker] Create from allApns : [CMCC, 26, 46000, cmnet, , , null, null, , -1, default][CMCC.mms, 27, 46000, cmwap, , http://mmsc.monternet.com, 10.0.0.172, 80, , -1, mms][中国移动因特网设置, 54, 46000, cmnet, null, null, null, null, null, -1, default][中国移动WAP设置, 55, 46000, cmwap, 10.0.0.172, null, null, null, 80, -1, wap][中国移动彩信设置, 56, 46000, cmwap, 10.0.0.172, http://mmsc.monternet.com, 10.0.0.172, 80, 80, -1, mms]
04-15 17:56:32.994 D/GSM     ( 1652): [GsmDataConnectionTracker] Setup waitngApns : [CMCC, 26, 46000, cmnet, , , null, null, , -1, default][中国移动因特网设置, 54, 46000, cmnet, null, null, null, null, null, -1, default]
04-15 17:56:33.004 D/GSM     ( 1652): [GsmDataConnection-1] DcInactiveState msg.what=EVENT_CONNECT
04-15 17:56:33.004 D/GSM     ( 1652): [GsmDataConnection-1] Connecting to carrier: 'CMCC' APN: 'cmnet' proxy: '' port: '
04-15 17:56:33.004 D/RILJ    ( 1652): [0039]> SETUP_DATA_CALL 1 0 cmnet   3
04-15 17:56:33.004 D/GSM     ( 1652): [GsmDataConnectionTracker] setState: INITING
04-15 17:56:33.014 D/RILC    ( 1536): [0039]> SETUP_DATA_CALL (1,0,cmnet,,,3)
04-15 17:56:33.014 D/RIL     ( 1536): onRequest: SETUP_DATA_CALL
04-15 17:56:33.014 D/RIL     ( 1536): ifconfig: addr: pdp_ip0
04-15 17:56:33.144 D/RIL     ( 1536): ifconfig: addr: pdp_ip0
04-15 17:56:33.144 D/AT      ( 1536): AT> ATE0
04-15 17:56:33.144 D/AT      ( 1536): AT< OK
04-15 17:56:33.144 D/AT      ( 1536): AT> AT+CGDCONT=1,"IP","cmnet"
04-15 17:56:33.144 D/AT      ( 1536): AT< OK
04-15 17:56:33.144 D/AT      ( 1536): AT> AT*IPRIC=1,0
04-15 17:56:33.144 D/AT      ( 1536): AT< OK
04-15 17:56:33.154 D/AT      ( 1536): AT> AT*IPDNS=1,1
04-15 17:56:33.154 D/AT      ( 1536): AT< OK
04-15 17:56:33.154 D/AT      ( 1536): AT> AT*IPACT=1,1
04-15 17:56:34.474 D/AT      ( 1536): AT< OK
04-15 17:56:34.474 D/AT      ( 1536): AT> AT*IPCONFIG?
04-15 17:56:34.474 D/AT      ( 1536): AT< *IPCONFIG: 1,"10.107.163.124","211.138.200.69","112.4.0.55","",""
04-15 17:56:34.474 D/AT      ( 1536): AT< OK
04-15 17:56:34.474 D/RIL     ( 1536): IP address got:10.107.163.124
04-15 17:56:34.474 D/RIL     ( 1536): ifconfig: addr: pdp_ip0
04-15 17:56:34.474 D/RIL     ( 1536): ifconfig: addr: pdp_ip0
04-15 17:56:34.474 D/RIL     ( 1536): pdp_ip0: ip 10.107.163.124 mask 255.255.255.255 flags [
04-15 17:56:34.474 D/RIL     ( 1536): up point-to-point running]
04-15 17:56:34.474 D/RIL     ( 1536): route add default dev pdp_ip0
04-15 17:56:34.474 D/RIL     ( 1536): route, settings applied successfully
04-15 17:56:34.474 D/RILC    ( 1536): [0039]< SETUP_DATA_CALL {1,pdp_ip0,10.107.163.124}
04-15 17:56:34.474 D/RILJ    ( 1652): [0039]< SETUP_DATA_CALL {1, pdp_ip0, 10.107.163.124}
04-15 17:56:34.474 D/GSM     ( 1652): [GsmDataConnection-1] DcActivatingState msg.what=EVENT_SETUP_DATA_CONNECTION_DONE
04-15 17:56:34.484 D/GSM     ( 1652): [GsmDataConnection-1] interface=pdp_ip0 ipAddress=10.107.163.124 gateway= DNS1= DNS2=
04-15 17:56:34.484 D/GSM     ( 1652): [GsmDataConnection-1] DataConnection setup result='SUCCESS' on cid=1
04-15 17:56:34.484 D/GSM     ( 1652): [GsmDataConnection-1] DcInactiveState: setEnterNoticationParams cp,cause
04-15 17:56:34.484 D/GSM     ( 1652): [GsmDataConnection-1] DcActiveState: enter notifyConnectCompleted
04-15 17:56:34.484 D/GSM     ( 1652): [GsmDataConnection-1] notifyConnection at 1302890194487 cause=No Error
04-15 17:56:34.504 D/GSM     ( 1652): GSMDataConnTrack handleMessage { what=1 when=64453 arg1=1 obj=android.os.AsyncResult@43cb2308 }
04-15 17:56:34.504 D/GSM     ( 1652): PREFERED APN is null
04-15 17:56:34.674 D/GSM     ( 1652): [GsmDataConnectionTracker] setState: CONNECTED
04-15 17:56:34.714 D/GSM     ( 1652): [DataConnection] Start poll NetStat
04-15 17:56:34.734 D/GSM     ( 1652): GSMDataConnTrack handleMessage { what=29 when=64701 }
04-15 17:56:35.004 D/GSM     ( 1652): >>>>> createAllApnList, allApns = [CMCC, 26, 46000, cmnet, , , null, null, , -1, default, CMCC.mms, 27, 46000, cmwap, , http://mmsc.monternet.com, 10.0.0.172, 80, , -1, mms, 中国移动因特网设置, 54, 46000, cmnet, null, null, null, null, null, -1, default, 中国移动WAP设置, 55, 46000, cmwap, 10.0.0.172, null, null, null, 80, -1, wap, 中国移动彩信设置, 56, 46000, cmwap, 10.0.0.172, http://mmsc.monternet.com, 10.0.0.172, 80, 80, -1, mms]
04-15 17:56:35.084 D/GSM     ( 1652): >>>>>> mRequestedApnType = default
04-15 17:56:35.084 D/GSM     ( 1652): >>>>>>> ApnSetting = CMCC, 26, 46000, cmnet, , , null, null, , -1, default, id = 26, pos = 26
04-15 17:56:35.084 D/GSM     ( 1652): >>>>> success
04-15 17:56:35.094 D/GSM     ( 1652): >>>>>> Get PreferredAPN = CMCC, 26, 46000, cmnet, , , null, null, , -1, default
04-15 17:56:35.094 D/GSM     ( 1652): [GsmDataConnectionTracker] Clean up connection due to apnChanged
04-15 17:56:35.094 D/GSM     ( 1652): [GsmDataConnectionTracker] setState: DISCONNECTING
04-15 17:56:35.094 D/GSM     ( 1652): [GsmDataConnectionTracker] cleanUpConnection: teardown, call conn.disconnect
04-15 17:56:35.104 D/GSM     ( 1652): [GsmDataConnection-1] DcActiveState msg.what=EVENT_DISCONNECT
04-15 17:56:35.104 D/GSM     ( 1652): [GsmDataConnection-1] tearDownData radio is on, call deactivateDataCall
04-15 17:56:35.104 D/RILJ    ( 1652): [0040]> DEACTIVATE_DATA_CALL 1
04-15 17:56:35.104 D/GSM     ( 1652): [DataConnection] Stop poll NetStat
04-15 17:56:35.114 D/RILC    ( 1536): [0040]> DEACTIVATE_DATA_CALL (1)
04-15 17:56:35.114 D/RIL     ( 1536): onRequest: DEACTIVATE_DATA_CALL
04-15 17:56:35.114 D/RIL     ( 1536): ifconfig: addr: pdp_ip0
04-15 17:56:35.134 D/RIL     ( 1536): ifconfig: addr: pdp_ip0
04-15 17:56:35.134 D/RIL     ( 1536): pdp_ip0: ip 10.107.163.124 mask 255.255.255.255 flags [
04-15 17:56:35.134 D/RIL     ( 1536): down point-to-point]
04-15 17:56:35.134 D/AT      ( 1536): AT> AT*IPACT=0,1
04-15 17:56:35.134 D/AT      ( 1536): AT< +CGEV: ME DEACT "IP", "0.0.0.0", 1
04-15 17:56:35.134 D/AT      ( 1536): AT< OK
04-15 17:56:35.134 D/RILC    ( 1536): [0040]< DEACTIVATE_DATA_CALL
04-15 17:56:35.134 D/RILJ    ( 1652): [0040]< DEACTIVATE_DATA_CALL 
04-15 17:56:35.134 D/GSM     ( 1652): [GsmDataConnection-1] DcDisconnectingState msg.what=EVENT_DEACTIVATE_DONE
04-15 17:56:35.134 D/GSM     ( 1652): [GsmDataConnection-1] DcInactiveState: setEnterNoticationParams dp
04-15 17:56:35.134 D/GSM     ( 1652): [GsmDataConnection-1] DcInactiveState: enter notifyDisconnectCompleted
04-15 17:56:35.144 D/GSM     ( 1652): [GsmDataConnection-1] NotifyDisconnectCompleted
04-15 17:56:35.144 D/GSM     ( 1652): [GsmDataConnection-1] msg.what=25 msg.obj=apnChanged
04-15 17:56:35.154 D/AT      ( 1536): AT> AT+CGACT?
04-15 17:56:35.154 D/AT      ( 1536): AT< +CGACT: 1,0
04-15 17:56:35.154 D/AT      ( 1536): AT< OK
04-15 17:56:35.154 D/AT      ( 1536): AT> AT+CGDCONT?
04-15 17:56:35.154 D/AT      ( 1536): AT< +CGDCONT: 1,"IP","cmnet","0.0.0.0",0,0
04-15 17:56:35.154 D/AT      ( 1536): AT< OK
04-15 17:56:35.154 D/RILC    ( 1536): [UNSL]< UNSOL_DATA_CALL_LIST_CHANGED {[cid=1,down,IP,cmnet,0.0.0.0]}
04-15 17:56:35.154 D/RILJ    ( 1652): [UNSL]< UNSOL_DATA_CALL_LIST_CHANGED [DataCallState: { cid: 1, active: 0, type: IP, apn: cmnet, address: 0.0.0.0 }]
04-15 17:56:35.154 D/GSM     ( 1652): [GsmDataConnection-1] clearSettings
04-15 17:56:35.164 D/GSM     ( 1652): GSMDataConnTrack handleMessage { what=25 when=65116 obj=android.os.AsyncResult@43ccac38 }
04-15 17:56:35.164 D/GSM     ( 1652): [GsmDataConnectionTracker] EVENT_DISCONNECT_DONE
04-15 17:56:35.164 D/GSM     ( 1652): [GsmDataConnectionTracker] setState: IDLE
04-15 17:56:35.214 D/GSM     ( 1652): [GsmDataConnectionTracker] ***trySetupData due to apnChanged
04-15 17:56:35.214 D/GSM     ( 1652): [DSAC DEB] trySetupData with mIsPsRestricted=false
04-15 17:56:35.214 I/GSM     ( 1652): Preferred APN:46000:46000:CMCC, 26, 46000, cmnet, , , null, null, , -1, default
04-15 17:56:35.214 I/GSM     ( 1652): Waiting APN set to preferred APN
04-15 17:56:35.214 D/GSM     ( 1652): [GsmDataConnectionTracker] Create from allApns : [CMCC, 26, 46000, cmnet, , , null, null, , -1, default][CMCC.mms, 27, 46000, cmwap, , http://mmsc.monternet.com, 10.0.0.172, 80, , -1, mms][中国移动因特网设置, 54, 46000, cmnet, null, null, null, null, null, -1, default][中国移动WAP设置, 55, 46000, cmwap, 10.0.0.172, null, null, null, 80, -1, wap][中国移动彩信设置, 56, 46000, cmwap, 10.0.0.172, http://mmsc.monternet.com, 10.0.0.172, 80, 80, -1, mms]
04-15 17:56:35.214 D/GSM     ( 1652): [GsmDataConnectionTracker] Setup waitngApns : [CMCC, 26, 46000, cmnet, , , null, null, , -1, default]
04-15 17:56:35.244 D/GSM     ( 1652): [GsmDataConnection-1] DcInactiveState msg.what=EVENT_CONNECT
04-15 17:56:35.244 D/GSM     ( 1652): [GsmDataConnection-1] Connecting to carrier: 'CMCC' APN: 'cmnet' proxy: '' port: '
04-15 17:56:35.254 D/RILJ    ( 1652): [0041]> SETUP_DATA_CALL 1 0 cmnet   3
04-15 17:56:35.254 D/GSM     ( 1652): [GsmDataConnectionTracker] setState: INITING
04-15 17:56:35.264 D/RILC    ( 1536): [0041]> SETUP_DATA_CALL (1,0,cmnet,,,3)
04-15 17:56:35.264 D/RIL     ( 1536): onRequest: SETUP_DATA_CALL
04-15 17:56:35.264 D/RIL     ( 1536): ifconfig: addr: pdp_ip0
04-15 17:56:35.284 D/GSM     ( 1652): GSMDataConnTrack handleMessage { what=6 when=65128 obj=android.os.AsyncResult@43ccb7f0 }
04-15 17:56:35.314 D/RIL     ( 1536): ifconfig: addr: pdp_ip0
04-15 17:56:35.314 D/RIL     ( 1536): pdp_ip0: ip 10.107.163.124 mask 255.255.255.255 flags [
04-15 17:56:35.314 D/RIL     ( 1536): up point-to-point running]
04-15 17:56:35.314 D/AT      ( 1536): AT> ATE0
04-15 17:56:35.314 D/AT      ( 1536): AT< OK
04-15 17:56:35.314 D/AT      ( 1536): AT> AT+CGDCONT=1,"IP","cmnet"
04-15 17:56:35.314 D/AT      ( 1536): AT< OK
04-15 17:56:35.324 D/AT      ( 1536): AT> AT*IPRIC=1,0
04-15 17:56:35.324 D/AT      ( 1536): AT< OK
04-15 17:56:35.324 D/AT      ( 1536): AT> AT*IPDNS=1,1
04-15 17:56:35.324 D/AT      ( 1536): AT< OK
04-15 17:56:35.324 D/AT      ( 1536): AT> AT*IPACT=1,1
04-15 17:56:35.899 D/AT      ( 1536): AT< OK
04-15 17:56:35.899 D/AT      ( 1536): AT> AT*IPCONFIG?
04-15 17:56:35.899 D/AT      ( 1536): AT< *IPCONFIG: 1,"10.107.96.192","211.138.200.69","112.4.0.55","",""
04-15 17:56:35.899 D/AT      ( 1536): AT< OK
04-15 17:56:35.899 D/RIL     ( 1536): IP address got:10.107.96.192
04-15 17:56:35.899 D/RIL     ( 1536): ifconfig: addr: pdp_ip0
04-15 17:56:35.904 D/RIL     ( 1536): ifconfig: addr: pdp_ip0
04-15 17:56:35.904 D/RIL     ( 1536): pdp_ip0: ip 10.107.96.192 mask 255.255.255.255 flags [
04-15 17:56:35.904 D/RIL     ( 1536): up point-to-point running]
04-15 17:56:35.904 D/RIL     ( 1536): route add default dev pdp_ip0
04-15 17:56:35.904 D/RIL     ( 1536): route, settings applied successfully
04-15 17:56:35.904 D/RILC    ( 1536): [0041]< SETUP_DATA_CALL {1,pdp_ip0,10.107.96.192}
04-15 17:56:35.904 D/RILJ    ( 1652): [0041]< SETUP_DATA_CALL {1, pdp_ip0, 10.107.96.192}
04-15 17:56:35.904 D/GSM     ( 1652): [GsmDataConnection-1] DcActivatingState msg.what=EVENT_SETUP_DATA_CONNECTION_DONE
04-15 17:56:35.904 D/GSM     ( 1652): [GsmDataConnection-1] interface=pdp_ip0 ipAddress=10.107.96.192 gateway= DNS1= DNS2=
04-15 17:56:35.904 D/GSM     ( 1652): [GsmDataConnection-1] DataConnection setup result='SUCCESS' on cid=1
04-15 17:56:35.904 D/GSM     ( 1652): [GsmDataConnection-1] DcInactiveState: setEnterNoticationParams cp,cause
04-15 17:56:35.904 D/GSM     ( 1652): [GsmDataConnection-1] DcActiveState: enter notifyConnectCompleted
04-15 17:56:35.904 D/GSM     ( 1652): [GsmDataConnection-1] notifyConnection at 1302890195912 cause=No Error
04-15 17:56:35.914 D/GSM     ( 1652): GSMDataConnTrack handleMessage { what=1 when=65879 arg1=1 obj=android.os.AsyncResult@43cd19d8 }
