
Z:\SDK\tools>adb logcat -v time -b radio
05-10 10:00:45.893 I/RIL     ( 1560): Opening tty device /dev/ttyU0
05-10 10:00:45.893 E/RIL     ( 1560): Opening tty device /dev/ttyU0 pid:1560
05-10 10:00:45.913 E/RIL     ( 1560): **** STERICSSON *** open /dev/ttyU0 returns fd=12 for pid=1560
05-10 10:00:45.913 E/RIL     ( 1560): retrieving tty attributes
05-10 10:00:45.913 E/RIL     ( 1560): setting tty raw attributes
05-10 10:00:46.063 D/AT      ( 1560): AT< +CREG: 0
05-10 10:00:46.063 D/AT      ( 1560): AT< +CGREG: 0
05-10 10:00:47.913 D/RILC    ( 1560): [UNSL]< UNSOL_RESPONSE_RADIO_STATE_CHANGED  {RADIO_OFF}
05-10 10:00:47.913 D/AT      ( 1560): AT> ATE0Q0V1
05-10 10:00:47.923 D/AT      ( 1560): AT< ATE0Q0V1
05-10 10:00:47.923 E/RIL     ( 1560): unsupported URC : ATE0Q0V1
05-10 10:00:47.923 D/AT      ( 1560): AT< OK
05-10 10:00:48.173 D/AT      ( 1560): AT> ATE0Q0V1
05-10 10:00:48.173 D/AT      ( 1560): AT< OK
05-10 10:00:48.173 D/AT      ( 1560): AT> ATS0=0
05-10 10:00:48.173 D/AT      ( 1560): AT< OK
05-10 10:00:48.173 D/AT      ( 1560): AT> AT+CMEE=1
05-10 10:00:48.173 D/AT      ( 1560): AT< OK
05-10 10:00:48.173 D/AT      ( 1560): AT> AT+CREG=2
05-10 10:00:48.173 D/AT      ( 1560): AT< OK
05-10 10:00:48.173 D/AT      ( 1560): AT> AT+CFUN=1,0
05-10 10:00:48.173 D/AT      ( 1560): AT< OK
05-10 10:00:48.173 D/AT      ( 1560): AT> AT+CGREG=2
05-10 10:00:48.173 D/AT      ( 1560): AT< OK
05-10 10:00:48.173 D/AT      ( 1560): AT> AT+CCWA=1
05-10 10:00:48.173 D/AT      ( 1560): AT< OK
05-10 10:00:48.173 D/AT      ( 1560): AT> AT+CMOD=0
05-10 10:00:48.183 D/AT      ( 1560): AT< OK
05-10 10:00:48.183 D/AT      ( 1560): AT> AT+CMUT=0
05-10 10:00:48.183 D/AT      ( 1560): AT< +CME ERROR: 3
05-10 10:00:48.193 D/AT      ( 1560): AT> AT+CSSN=0,1
05-10 10:00:48.193 D/AT      ( 1560): AT< OK
05-10 10:00:48.193 D/AT      ( 1560): AT> AT+COLP=0
05-10 10:00:48.193 D/AT      ( 1560): AT< OK
05-10 10:00:48.193 D/AT      ( 1560): AT> AT+CUSD=1
05-10 10:00:48.193 D/AT      ( 1560): AT< OK
05-10 10:00:48.193 D/AT      ( 1560): AT> AT+CGEREP=1,0
05-10 10:00:48.203 D/AT      ( 1560): AT< OK
05-10 10:00:48.203 D/AT      ( 1560): AT> AT+CMGF=0
05-10 10:00:48.203 D/AT      ( 1560): AT< OK
05-10 10:00:48.203 D/AT      ( 1560): AT> AT*PSCSSC=1
05-10 10:00:48.203 D/AT      ( 1560): AT< OK
05-10 10:00:48.203 D/RIL     ( 1560): direct ip to be used: yes
05-10 10:00:48.203 D/RIL     ( 1560): Value :
05-10 10:00:48.203 D/RIL     ( 1560): Silent reset satus :
05-10 10:00:48.203 D/AT      ( 1560): AT> AT*PSSILRESET=0
05-10 10:00:48.203 D/AT      ( 1560): AT< OK
05-10 10:00:48.203 D/AT      ( 1560): AT> AT+CFUN?
05-10 10:00:48.203 D/AT      ( 1560): AT< +CFUN: 1
05-10 10:00:48.203 D/AT      ( 1560): AT< OK
05-10 10:00:48.203 D/RILC    ( 1560): [UNSL]< UNSOL_RESPONSE_RADIO_STATE_CHANGED  {RADIO_SIM_NOT_READY}
05-10 10:00:48.203 D/AT      ( 1560): AT> AT*PSUTTZ=1
05-10 10:00:48.203 D/AT      ( 1560): AT< OK
05-10 10:00:48.203 D/AT      ( 1560): AT> AT+CPIN?
05-10 10:00:48.233 D/AT      ( 1560): AT< +CPIN: READY
05-10 10:00:48.233 D/AT      ( 1560): AT< OK
05-10 10:00:48.233 D/RILC    ( 1560): [UNSL]< UNSOL_RESPONSE_RADIO_STATE_CHANGED  {RADIO_SIM_READY}
05-10 10:00:48.233 D/AT      ( 1560): AT> AT+CSMS=1
05-10 10:00:48.233 D/AT      ( 1560): AT< +CSMS: 1,1,1
05-10 10:00:48.233 D/AT      ( 1560): AT< OK
05-10 10:00:48.233 D/AT      ( 1560): AT> AT+CNMI=2,2,2,1,1
05-10 10:00:48.233 D/AT      ( 1560): AT< OK
05-10 10:00:48.653 D/AT      ( 1560): AT< ^MODE: 3
05-10 10:00:48.653 E/RIL     ( 1560): unsupported URC : ^MODE: 3
05-10 10:00:48.653 D/AT      ( 1560): AT< +CREG: 1,"11D9","00007619",3
05-10 10:00:48.653 D/RIL     ( 1560): restrictionState updated: 0
05-10 10:00:48.653 D/RILC    ( 1560): [UNSL]< UNSOL_RESPONSE_NETWORK_STATE_CHANGED
05-10 10:00:48.653 D/AT      ( 1560): AT< +CGREG: 2
05-10 10:00:48.653 D/RIL     ( 1560): restrictionState updated: 0
05-10 10:00:48.653 D/RILC    ( 1560): [UNSL]< UNSOL_RESPONSE_NETWORK_STATE_CHANGED
05-10 10:00:48.653 D/RILC    ( 1560): [UNSL]< UNSOL_RESTRICTED_STATE_CHANGED {0}
05-10 10:00:48.653 D/RILC    ( 1560): [UNSL]< UNSOL_RESTRICTED_STATE_CHANGED {0}
05-10 10:00:53.315 D/AT      ( 1560): AT< +CGREG: 1,"11D9","00007619",3,"64"
05-10 10:00:53.315 D/RIL     ( 1560): restrictionState updated: 0
05-10 10:00:53.315 D/RILC    ( 1560): [UNSL]< UNSOL_RESPONSE_NETWORK_STATE_CHANGED
05-10 10:00:53.315 D/RILC    ( 1560): [UNSL]< UNSOL_RESTRICTED_STATE_CHANGED {0}
05-10 10:01:21.543 I/PHONE   ( 1688): Network Mode set to 1
05-10 10:01:21.553 I/PHONE   ( 1688): Cdma Subscription set to 1
05-10 10:01:21.743 I/RILC    ( 1560): libril: new connection
05-10 10:01:21.743 D/RILC    ( 1560): [UNSL]< UNSOL_RESPONSE_RADIO_STATE_CHANGED  {RADIO_SIM_READY}
05-10 10:01:21.743 I/RILC    ( 1560): RIL Daemon version: android reference-ril 1.0
05-10 10:01:21.743 I/RILJ    ( 1688): Connected to 'rild' socket
05-10 10:01:21.743 D/RILB    ( 1688): Notifying: radio available
05-10 10:01:21.743 D/RILJ    ( 1688): [0000]> SCREEN_STATE: true
05-10 10:01:21.803 D/RILB    ( 1688): Notifying: SIM ready
05-10 10:01:21.803 D/RILB    ( 1688): Notifying: Radio On
05-10 10:01:21.803 D/RILJ    ( 1688): [UNSL]< UNSOL_RESPONSE_RADIO_STATE_CHANGED SIM_READY
05-10 10:01:21.803 D/RILC    ( 1560): [0000]> SCREEN_STATE (1)
05-10 10:01:21.803 D/RIL     ( 1560): onRequest: SCREEN_STATE
05-10 10:01:21.813 D/RILC    ( 1560): [0000]< SCREEN_STATE
05-10 10:01:21.813 D/RILJ    ( 1688): [0000]< SCREEN_STATE
05-10 10:01:21.943 D/PHONE   ( 1688): mDoesRilSendMultipleCallRing=true
05-10 10:01:21.943 D/PHONE   ( 1688): mCallRingDelay=3000
05-10 10:01:22.233 W/GSM     ( 1688): Can't open /system/etc/voicemail-conf.xml
05-10 10:01:22.233 W/GSM     ( 1688): Can't open /system/etc/spn-conf.xml
05-10 10:01:22.313 D/GSM     ( 1688): [DSAC DEB] registerForPsRestrictedEnabled
05-10 10:01:22.313 D/GSM     ( 1688): [DSAC DEB] registerForPsRestrictedDisabled
05-10 10:01:22.403 D/GSM     ( 1688): [GsmDataConnection-1] DataConnection constructor E
05-10 10:01:22.403 D/GSM     ( 1688): [GsmDataConnection-1] clearSettings
05-10 10:01:22.443 D/GSM     ( 1688): [GsmDataConnection-1] DataConnection constructor X
05-10 10:01:22.443 D/GSM     ( 1688): [GsmDataConnection-1] Made GsmDataConnection-1
05-10 10:01:22.673 D/RILJ    ( 1688): [0001]> RIL_REQUEST_REPORT_STK_SERVICE_IS_RUNNING
05-10 10:01:22.683 D/RILC    ( 1560): [0001]> <unknown request>
05-10 10:01:22.683 D/RIL     ( 1560): onRequest: <unknown request>
05-10 10:01:22.683 D/RIL     ( 1560): RIL Request RTK service Running
05-10 10:01:22.683 D/AT      ( 1560): AT> AT+GTKREADY
05-10 10:01:22.683 D/AT      ( 1560): AT< OK
05-10 10:01:22.683 D/AT      ( 1560): AT< +GTKI: "D081E281030125008202818285118052A8611F57305E2600530049004D53618F0E0180621176848EAB4EFD8BA48BC18F10028065E07EBF97F34E504FF14E5090E88F0A0380621176845F6994C38F0A04806211768498DE4FE18F0E058000530049004D84254E1A53858F0A0680624B673A573056FE8F0A078059296C1467E58BE28F0A088079FB52A87CBE54C18F0A098052A8611F682156ED8F0A0A80884C4E1A5E9475288F0A0B804E1A52A163A883508F0A4A805F00673A5BFC822A8F0A4C805E9475287BA174068F0A4D804E0B8F7D8BBE7F6E8F0E4E8000530049004D53614FE1606F"
05-10 10:01:22.683 D/RILC    ( 1560): [UNSL]< UNSOL_STK_PROACTIVE_COMMAND {D081E281030125008202818285118052A8611F57305E2600530049004D53618F0E0180621176848EAB4EFD8BA48BC18F10028065E07EBF97F34E504FF14E5090E88F0A0380621176845F6994C38F0A04806211768498DE4FE18F0E058000530049004D84254E1A53858F0A0680624B673A573056FE8F0A078059296C1467E58BE28F0A088079FB52A87CBE54C18F0A098052A8611F682156ED8F0A0A80884C4E1A5E9475288F0A0B804E1A52A163A883508F0A4A805F00673A5BFC822A8F0A4C805E9475287BA174068F0A4D804E0B8F7D8BBE7F6E8F0E4E8000530049004D53614FE1606F}
05-10 10:01:22.683 D/RILJ    ( 1688): [UNSL]< UNSOL_STK_PROACTIVE_COMMAND D081E281030125008202818285118052A8611F57305E2600530049004D53618F0E0180621176848EAB4EFD8BA48BC18F10028065E07EBF97F34E504FF14E5090E88F0A0380621176845F6994C38F0A04806211768498DE4FE18F0E058000530049004D84254E1A53858F0A0680624B673A573056FE8F0A078059296C1467E58BE28F0A088079FB52A87CBE54C18F0A098052A8611F682156ED8F0A0A80884C4E1A5E9475288F0A0B804E1A52A163A883508F0A4A805F00673A5BFC822A8F0A4C805E9475287BA174068F0A4D804E0B8F7D8BBE7F6E8F0E4E8000530049004D53614FE1606F
05-10 10:01:22.693 D/RILC    ( 1560): [0001]< <unknown request>
05-10 10:01:22.693 D/RILJ    ( 1688): [0001]< RIL_REQUEST_REPORT_STK_SERVICE_IS_RUNNING
05-10 10:01:22.693 D/STK     ( 1688): StkService: StkService: is running
05-10 10:01:22.693 D/STK     ( 1688): StkService: NEW sInstance
05-10 10:01:22.743 I/PHONE   ( 1688): Creating GSMPhone
05-10 10:01:23.293 D/RILJ    ( 1688): [0002]> GET_CURRENT_CALLS
05-10 10:01:23.293 D/RILC    ( 1560): [0002]> GET_CURRENT_CALLS
05-10 10:01:23.293 D/RIL     ( 1560): onRequest: GET_CURRENT_CALLS
05-10 10:01:23.293 D/AT      ( 1560): AT> AT+CLCC
05-10 10:01:23.293 D/AT      ( 1560): AT< OK
05-10 10:01:23.293 D/RILC    ( 1560): [0002]< GET_CURRENT_CALLS }
05-10 10:01:23.303 D/RILJ    ( 1688): [0002]< GET_CURRENT_CALLS
05-10 10:01:23.303 D/RILJ    ( 1688): [0003]> OPERATOR
05-10 10:01:23.313 D/RILC    ( 1560): [0003]> OPERATOR
05-10 10:01:23.313 D/RIL     ( 1560): onRequest: OPERATOR
05-10 10:01:23.313 D/AT      ( 1560): AT> AT+COPS=3,0;+COPS?;+COPS=3,2;+COPS?
05-10 10:01:23.313 D/AT      ( 1560): AT< +COPS: 0,0,"CHINA MOBILE",3
05-10 10:01:23.313 D/AT      ( 1560): AT< +COPS: 0,2,"46000",3
05-10 10:01:23.313 D/AT      ( 1560): AT< OK
05-10 10:01:23.313 D/RILC    ( 1560): [0003]< OPERATOR {CHINA MOBILE,CHINA MOBILE,46000}
05-10 10:01:23.313 D/RILJ    ( 1688): [0003]< OPERATOR {CHINA MOBILE, CHINA MOBILE, 46000}
05-10 10:01:23.313 D/RILJ    ( 1688): [0004]> GPRS_REGISTRATION_STATE
05-10 10:01:23.323 D/RILC    ( 1560): [0004]> GPRS_REGISTRATION_STATE
05-10 10:01:23.323 D/RIL     ( 1560): onRequest: GPRS_REGISTRATION_STATE
05-10 10:01:23.323 D/AT      ( 1560): AT> AT+CGREG?
05-10 10:01:23.323 D/AT      ( 1560): AT< +CGREG: 2,1,"11D9","00007619",3,"64"
05-10 10:01:23.323 D/AT      ( 1560): AT< OK
05-10 10:01:23.333 D/RILC    ( 1560): [0004]< GPRS_REGISTRATION_STATE {1,11d9,7619,2}
05-10 10:01:23.333 D/RILJ    ( 1688): [0004]< GPRS_REGISTRATION_STATE {1, 11d9, 7619, 2}
05-10 10:01:23.333 D/RILJ    ( 1688): [0005]> REGISTRATION_STATE
05-10 10:01:23.343 D/RILC    ( 1560): [0005]> REGISTRATION_STATE
05-10 10:01:23.343 D/RIL     ( 1560): onRequest: REGISTRATION_STATE
05-10 10:01:23.343 D/AT      ( 1560): AT> AT+CREG?
05-10 10:01:23.343 D/AT      ( 1560): AT< +CREG: 2,1,"11D9","00007619",3
05-10 10:01:23.343 D/AT      ( 1560): AT< OK
05-10 10:01:23.343 D/RILC    ( 1560): [0005]< REGISTRATION_STATE {1,11d9,7619,2}
05-10 10:01:23.343 D/RILJ    ( 1688): [0005]< REGISTRATION_STATE {1, 11d9, 7619, 2}
05-10 10:01:23.343 D/RILJ    ( 1688): [0006]> QUERY_NETWORK_SELECTION_MODE
05-10 10:01:23.363 D/RILC    ( 1560): [0006]> QUERY_NETWORK_SELECTION_MODE
05-10 10:01:23.363 D/RIL     ( 1560): onRequest: QUERY_NETWORK_SELECTION_MODE
05-10 10:01:23.363 D/AT      ( 1560): AT> AT+COPS?
05-10 10:01:23.363 D/AT      ( 1560): AT< +COPS: 0,2,"46000",3
05-10 10:01:23.363 D/AT      ( 1560): AT< OK
05-10 10:01:23.363 D/RILC    ( 1560): [0006]< QUERY_NETWORK_SELECTION_MODE {0}
05-10 10:01:23.363 D/RILJ    ( 1688): [0007]> OPERATOR
05-10 10:01:23.363 D/RILJ    ( 1688): [0006]< QUERY_NETWORK_SELECTION_MODE {0}
05-10 10:01:23.383 D/RILJ    ( 1688): [0008]> GPRS_REGISTRATION_STATE
05-10 10:01:23.383 D/RILC    ( 1560): [0007]> OPERATOR
05-10 10:01:23.383 D/RIL     ( 1560): onRequest: OPERATOR
05-10 10:01:23.383 D/AT      ( 1560): AT> AT+COPS=3,0;+COPS?;+COPS=3,2;+COPS?
05-10 10:01:23.383 D/AT      ( 1560): AT< +COPS: 0,0,"CHINA MOBILE",3
05-10 10:01:23.393 D/AT      ( 1560): AT< +COPS: 0,2,"46000",3
05-10 10:01:23.393 D/AT      ( 1560): AT< OK
05-10 10:01:23.393 D/RILC    ( 1560): [0007]< OPERATOR {CHINA MOBILE,CHINA MOBILE,46000}
05-10 10:01:23.393 D/RILJ    ( 1688): [0009]> REGISTRATION_STATE
05-10 10:01:23.393 D/RILC    ( 1560): [0008]> GPRS_REGISTRATION_STATE
05-10 10:01:23.393 D/RIL     ( 1560): onRequest: GPRS_REGISTRATION_STATE
05-10 10:01:23.393 D/AT      ( 1560): AT> AT+CGREG?
05-10 10:01:23.393 D/AT      ( 1560): AT< +CGREG: 2,1,"11D9","00007619",3,"64"
05-10 10:01:23.393 D/AT      ( 1560): AT< OK
05-10 10:01:23.393 D/RILC    ( 1560): [0008]< GPRS_REGISTRATION_STATE {1,11d9,7619,2}
05-10 10:01:23.403 D/RILC    ( 1560): [0009]> REGISTRATION_STATE
05-10 10:01:23.403 D/RIL     ( 1560): onRequest: REGISTRATION_STATE
05-10 10:01:23.403 D/AT      ( 1560): AT> AT+CREG?
05-10 10:01:23.403 D/RILJ    ( 1688): [0010]> QUERY_NETWORK_SELECTION_MODE
05-10 10:01:23.403 D/AT      ( 1560): AT< +CREG: 2,1,"11D9","00007619",3
05-10 10:01:23.403 D/AT      ( 1560): AT< OK
05-10 10:01:23.403 D/RILC    ( 1560): [0009]< REGISTRATION_STATE {1,11d9,7619,2}
05-10 10:01:23.403 D/RILC    ( 1560): [0010]> QUERY_NETWORK_SELECTION_MODE
05-10 10:01:23.403 D/RIL     ( 1560): onRequest: QUERY_NETWORK_SELECTION_MODE
05-10 10:01:23.403 D/AT      ( 1560): AT> AT+COPS?
05-10 10:01:23.403 D/AT      ( 1560): AT< +COPS: 0,2,"46000",3
05-10 10:01:23.403 D/AT      ( 1560): AT< OK
05-10 10:01:23.403 D/RILC    ( 1560): [0010]< QUERY_NETWORK_SELECTION_MODE {0}
05-10 10:01:23.413 D/RILJ    ( 1688): [0007]< OPERATOR {CHINA MOBILE, CHINA MOBILE, 46000}
05-10 10:01:23.413 D/RILJ    ( 1688): [0008]< GPRS_REGISTRATION_STATE {1, 11d9, 7619, 2}
05-10 10:01:23.413 D/GSM     ( 1688): [IccCard] Broadcasting intent ACTION_SIM_STATE_CHANGED READY reason null
05-10 10:01:23.423 D/RILJ    ( 1688): [0009]< REGISTRATION_STATE {1, 11d9, 7619, 2}
05-10 10:01:23.423 D/RILJ    ( 1688): [0010]< QUERY_NETWORK_SELECTION_MODE {0}
05-10 10:01:23.453 V/GSM     ( 1688): SIMRecords:fetchSimRecords 0
05-10 10:01:23.453 D/RILJ    ( 1688): [0011]> getIMSI:RIL_REQUEST_GET_IMSI 11 GET_IMSI
05-10 10:01:23.473 D/RILC    ( 1560): [0011]> GET_IMSI
05-10 10:01:23.473 D/RIL     ( 1560): onRequest: GET_IMSI
05-10 10:01:23.473 D/AT      ( 1560): AT> AT+CIMI
05-10 10:01:23.473 D/AT      ( 1560): AT< 460028114546112
05-10 10:01:23.473 D/AT      ( 1560): AT< OK
05-10 10:01:23.473 D/RILC    ( 1560): [0011]< GET_IMSI {460028114546112}
05-10 10:01:23.483 D/RILJ    ( 1688): [0011]< GET_IMSI
05-10 10:01:23.483 D/RILJ    ( 1688): [0012]> iccIO: SIM_IO 0xc0 0x2fe2  path: 3F00,0,0,15
05-10 10:01:23.493 D/RILC    ( 1560): [0012]> SIM_IO (cmd=0xC0,efid=0x2FE2,path=3F00,0,0,15,(null),pin2=(null))
05-10 10:01:23.493 D/RIL     ( 1560): onRequest: SIM_IO
05-10 10:01:23.493 D/AT      ( 1560): AT> AT+CRSM=192,12258,0,0,15
05-10 10:01:23.513 D/RILJ    ( 1688): [0013]> iccIO: SIM_IO 0xc0 0x6f40  path: 3F007F10,0,0,15
05-10 10:01:23.513 D/RILJ    ( 1688): [0014]> iccIO: SIM_IO 0xc0 0x6fc9  path: 3F007F20,0,0,15
05-10 10:01:23.523 D/RILJ    ( 1688): [0015]> iccIO: SIM_IO 0xc0 0x6fad  path: 3F007F20,0,0,15
05-10 10:01:23.533 D/AT      ( 1560): AT< +CRSM: 144,0,"0000000A2FE204000BFFBB21020000"
05-10 10:01:23.533 D/AT      ( 1560): AT< OK
05-10 10:01:23.533 D/RILC    ( 1560): [0012]< SIM_IO {sw1=0x90,sw2=0x0,0000000A2FE204000BFFBB21020000}
05-10 10:01:23.533 D/RILC    ( 1560): [0013]> SIM_IO (cmd=0xC0,efid=0x6F40,path=3F007F10,0,0,15,(null),pin2=(null))
05-10 10:01:23.533 D/RIL     ( 1560): onRequest: SIM_IO
05-10 10:01:23.533 D/AT      ( 1560): AT> AT+CRSM=192,28480,0,0,15
05-10 10:01:23.533 D/RILJ    ( 1688): < iccIO:  0x90 0x0 0000000A2FE204000BFFBB21020000
05-10 10:01:23.533 D/RILJ    ( 1688): [0012]< SIM_IO IccIoResponse sw1:0x90 sw2:0x0
05-10 10:01:23.543 D/RILJ    ( 1688): [0016]> iccIO: SIM_IO 0xc0 0x6fca  path: 3F007F20,0,0,15
05-10 10:01:23.553 D/RILJ    ( 1688): [0017]> iccIO: SIM_IO 0xc0 0x6f11  path: 3F007F20,0,0,15
05-10 10:01:23.563 D/AT      ( 1560): AT< +CRSM: 144,0,"000000386F40040011FFBB2102011C"
05-10 10:01:23.563 D/AT      ( 1560): AT< OK
05-10 10:01:23.563 D/RILC    ( 1560): [0013]< SIM_IO {sw1=0x90,sw2=0x0,000000386F40040011FFBB2102011C}
05-10 10:01:23.563 D/RILC    ( 1560): [0014]> SIM_IO (cmd=0xC0,efid=0x6FC9,path=3F007F20,0,0,15,(null),pin2=(null))
05-10 10:01:23.563 D/RIL     ( 1560): onRequest: SIM_IO
05-10 10:01:23.563 D/AT      ( 1560): AT> AT+CRSM=192,28617,0,0,15
05-10 10:01:23.563 D/RILJ    ( 1688): < iccIO:  0x90 0x0 000000386F40040011FFBB2102011C
05-10 10:01:23.563 D/RILJ    ( 1688): [0013]< SIM_IO IccIoResponse sw1:0x90 sw2:0x0
05-10 10:01:23.563 D/RILJ    ( 1688): [0018]> iccIO: SIM_IO 0xc0 0x6fcb  path: 3F007F20,0,0,15
05-10 10:01:23.583 D/RILJ    ( 1688): [0019]> iccIO: SIM_IO 0xc0 0x6f13  path: 3F007F20,0,0,15
05-10 10:01:23.593 D/RILJ    ( 1688): [0020]> iccIO: SIM_IO 0xc0 0x6f46  path: 3F007F20,0,0,15
05-10 10:01:23.603 D/AT      ( 1560): AT< +CRSM: 148,4
05-10 10:01:23.603 D/AT      ( 1560): AT< OK
05-10 10:01:23.603 D/RILC    ( 1560): [0014]< SIM_IO {sw1=0x94,sw2=0x4,(null)}
05-10 10:01:23.603 D/RILC    ( 1560): [0015]> SIM_IO (cmd=0xC0,efid=0x6FAD,path=3F007F20,0,0,15,(null),pin2=(null))
05-10 10:01:23.603 D/RIL     ( 1560): onRequest: SIM_IO
05-10 10:01:23.603 D/AT      ( 1560): AT> AT+CRSM=192,28589,0,0,15
05-10 10:01:23.603 D/RILJ    ( 1688): < iccIO:  0x94 0x4 null
05-10 10:01:23.603 D/RILJ    ( 1688): [0014]< SIM_IO IccIoResponse sw1:0x94 sw2:0x4
05-10 10:01:23.603 D/RILJ    ( 1688): [0021]> iccIO: SIM_IO 0xc0 0x6fcd  path: 3F007F20,0,0,15
05-10 10:01:23.613 D/RILJ    ( 1688): [0022]> iccIO: SIM_IO 0xc0 0x6fc5  path: 3F007F20,0,0,15
05-10 10:01:23.623 D/AT      ( 1560): AT< +CRSM: 144,0,"000000036FAD04000BFFBB21020000"
05-10 10:01:23.623 D/AT      ( 1560): AT< OK
05-10 10:01:23.623 D/RILC    ( 1560): [0015]< SIM_IO {sw1=0x90,sw2=0x0,000000036FAD04000BFFBB21020000}
05-10 10:01:23.623 D/RILC    ( 1560): [0016]> SIM_IO (cmd=0xC0,efid=0x6FCA,path=3F007F20,0,0,15,(null),pin2=(null))
05-10 10:01:23.623 D/RIL     ( 1560): onRequest: SIM_IO
05-10 10:01:23.623 D/AT      ( 1560): AT> AT+CRSM=192,28618,0,0,15
05-10 10:01:23.623 D/RILJ    ( 1688): < iccIO:  0x90 0x0 000000036FAD04000BFFBB21020000
05-10 10:01:23.623 D/RILJ    ( 1688): [0015]< SIM_IO IccIoResponse sw1:0x90 sw2:0x0
05-10 10:01:23.633 D/RILJ    ( 1688): [0023]> iccIO: SIM_IO 0xc0 0x6f38  path: 3F007F20,0,0,15
05-10 10:01:23.633 D/AT      ( 1560): AT< +CRSM: 148,4
05-10 10:01:23.633 D/AT      ( 1560): AT< OK
05-10 10:01:23.633 D/RILC    ( 1560): [0016]< SIM_IO {sw1=0x94,sw2=0x4,(null)}
05-10 10:01:23.633 D/RILC    ( 1560): [0017]> SIM_IO (cmd=0xC0,efid=0x6F11,path=3F007F20,0,0,15,(null),pin2=(null))
05-10 10:01:23.633 D/RIL     ( 1560): onRequest: SIM_IO
05-10 10:01:23.633 D/AT      ( 1560): AT> AT+CRSM=192,28433,0,0,15
05-10 10:01:23.633 D/RILJ    ( 1688): < iccIO:  0x94 0x4 null
05-10 10:01:23.633 D/RILJ    ( 1688): [0016]< SIM_IO IccIoResponse sw1:0x94 sw2:0x4
05-10 10:01:23.644 D/RILJ    ( 1688): [0024]> iccIO: SIM_IO 0xc0 0x6f16  path: 3F007F20,0,0,15
05-10 10:01:23.653 D/AT      ( 1560): AT< +CRSM: 148,4
05-10 10:01:23.653 D/AT      ( 1560): AT< OK
05-10 10:01:23.653 D/RILC    ( 1560): [0017]< SIM_IO {sw1=0x94,sw2=0x4,(null)}
05-10 10:01:23.653 D/RILC    ( 1560): [0018]> SIM_IO (cmd=0xC0,efid=0x6FCB,path=3F007F20,0,0,15,(null),pin2=(null))
05-10 10:01:23.653 D/RIL     ( 1560): onRequest: SIM_IO
05-10 10:01:23.653 D/AT      ( 1560): AT> AT+CRSM=192,28619,0,0,15
05-10 10:01:23.653 D/RILJ    ( 1688): < iccIO:  0x94 0x4 null
05-10 10:01:23.653 D/RILJ    ( 1688): [0017]< SIM_IO IccIoResponse sw1:0x94 sw2:0x4
05-10 10:01:23.653 V/GSM     ( 1688): Check if IMSI shalll be read againnull
05-10 10:01:23.653 V/GSM     ( 1688): Force to get IMSI again
05-10 10:01:23.653 D/RILJ    ( 1688): [0025]> getIMSI:RIL_REQUEST_GET_IMSI 11 GET_IMSI
05-10 10:01:23.663 D/AT      ( 1560): AT< +CRSM: 148,4
05-10 10:01:23.663 D/AT      ( 1560): AT< OK
05-10 10:01:23.673 D/RILC    ( 1560): [0018]< SIM_IO {sw1=0x94,sw2=0x4,(null)}
05-10 10:01:23.673 D/RILC    ( 1560): [0019]> SIM_IO (cmd=0xC0,efid=0x6F13,path=3F007F20,0,0,15,(null),pin2=(null))
05-10 10:01:23.673 D/RIL     ( 1560): onRequest: SIM_IO
05-10 10:01:23.673 D/AT      ( 1560): AT> AT+CRSM=192,28435,0,0,15
05-10 10:01:23.673 D/RILJ    ( 1688): < iccIO:  0x94 0x4 null
05-10 10:01:23.673 D/RILJ    ( 1688): [0018]< SIM_IO IccIoResponse sw1:0x94 sw2:0x4
05-10 10:01:23.673 D/GSM     ( 1688): GSMDataConnTrack handleMessage { what=3 when=50376 obj=android.os.AsyncResult@43e7f108 }
05-10 10:01:23.673 D/GSM     ( 1688): GSMDataConnTrack handleMessage { what=19 when=50376 obj=android.os.AsyncResult@43e7f490 }
05-10 10:01:23.673 D/GSM     ( 1688): [DataConnection] Stop poll NetStat
05-10 10:01:23.683 D/AT      ( 1560): AT< +CRSM: 148,4
05-10 10:01:23.683 D/AT      ( 1560): AT< OK
05-10 10:01:23.683 D/RILC    ( 1560): [0019]< SIM_IO {sw1=0x94,sw2=0x4,(null)}
05-10 10:01:23.683 D/RILC    ( 1560): [0020]> SIM_IO (cmd=0xC0,efid=0x6F46,path=3F007F20,0,0,15,(null),pin2=(null))
05-10 10:01:23.683 D/RIL     ( 1560): onRequest: SIM_IO
05-10 10:01:23.683 D/AT      ( 1560): AT> AT+CRSM=192,28486,0,0,15
05-10 10:01:23.683 D/RILJ    ( 1688): < iccIO:  0x94 0x4 null
05-10 10:01:23.683 D/RILJ    ( 1688): [0019]< SIM_IO IccIoResponse sw1:0x94 sw2:0x4
05-10 10:01:23.703 D/AT      ( 1560): AT< +CRSM: 144,0,"000000116F4604000BFFBB21020000"
05-10 10:01:23.703 D/AT      ( 1560): AT< OK
05-10 10:01:23.703 D/RILC    ( 1560): [0020]< SIM_IO {sw1=0x90,sw2=0x0,000000116F4604000BFFBB21020000}
05-10 10:01:23.703 D/RILC    ( 1560): [0021]> SIM_IO (cmd=0xC0,efid=0x6FCD,path=3F007F20,0,0,15,(null),pin2=(null))
05-10 10:01:23.703 D/RIL     ( 1560): onRequest: SIM_IO
05-10 10:01:23.703 D/AT      ( 1560): AT> AT+CRSM=192,28621,0,0,15
05-10 10:01:23.713 D/RILJ    ( 1688): < iccIO:  0x90 0x0 000000116F4604000BFFBB21020000
05-10 10:01:23.713 D/RILJ    ( 1688): [0020]< SIM_IO IccIoResponse sw1:0x90 sw2:0x0
05-10 10:01:23.723 D/AT      ( 1560): AT< +CRSM: 148,4
05-10 10:01:23.723 D/AT      ( 1560): AT< OK
05-10 10:01:23.723 D/RILC    ( 1560): [0021]< SIM_IO {sw1=0x94,sw2=0x4,(null)}
05-10 10:01:23.723 D/RILC    ( 1560): [0022]> SIM_IO (cmd=0xC0,efid=0x6FC5,path=3F007F20,0,0,15,(null),pin2=(null))
05-10 10:01:23.723 D/RIL     ( 1560): onRequest: SIM_IO
05-10 10:01:23.723 D/AT      ( 1560): AT> AT+CRSM=192,28613,0,0,15
05-10 10:01:23.723 D/GSM     ( 1688): GSMDataConnTrack handleMessage { what=22 when=50376 obj=android.os.AsyncResult@43e7f5e0 }
05-10 10:01:23.733 D/AT      ( 1560): AT< +CRSM: 148,4
05-10 10:01:23.733 D/AT      ( 1560): AT< OK
05-10 10:01:23.733 D/RILC    ( 1560): [0022]< SIM_IO {sw1=0x94,sw2=0x4,(null)}
05-10 10:01:23.733 D/RILC    ( 1560): [0023]> SIM_IO (cmd=0xC0,efid=0x6F38,path=3F007F20,0,0,15,(null),pin2=(null))
05-10 10:01:23.733 D/RIL     ( 1560): onRequest: SIM_IO
05-10 10:01:23.733 D/AT      ( 1560): AT> AT+CRSM=192,28472,0,0,15
05-10 10:01:23.733 D/RILJ    ( 1688): < iccIO:  0x94 0x4 null
05-10 10:01:23.733 D/RILJ    ( 1688): [0021]< SIM_IO IccIoResponse sw1:0x94 sw2:0x4
05-10 10:01:23.733 D/RILJ    ( 1688): < iccIO:  0x94 0x4 null
05-10 10:01:23.733 D/RILJ    ( 1688): [0022]< SIM_IO IccIoResponse sw1:0x94 sw2:0x4
05-10 10:01:23.743 D/GSM     ( 1688): [GsmDataConnectionTracker] ***trySetupData due to roamingOff
05-10 10:01:23.743 D/GSM     ( 1688): [DSAC DEB] trySetupData with mIsPsRestricted=false
05-10 10:01:23.743 D/GSM     ( 1688): [GsmDataConnectionTracker] trySetupData: Not ready for data:  dataState=IDLE gprsState=1 sim=false UMTS=false phoneState=IDLE isDataAllowed=true dataEnabled=true roaming=false dataOnRoamingEnable=false ps restricted=false desiredPowerState=true MasterDataEnabled=true
05-10 10:01:23.743 D/RILJ    ( 1688): [0026]> GET_SIM_STATUS
05-10 10:01:23.753 D/AT      ( 1560): AT< +CRSM: 144,0,"000000096F3804001BFFBB21020000"
05-10 10:01:23.753 D/AT      ( 1560): AT< OK
05-10 10:01:23.753 D/RILC    ( 1560): [0023]< SIM_IO {sw1=0x90,sw2=0x0,000000096F3804001BFFBB21020000}
05-10 10:01:23.753 D/RILC    ( 1560): [0024]> SIM_IO (cmd=0xC0,efid=0x6F16,path=3F007F20,0,0,15,(null),pin2=(null))
05-10 10:01:23.753 D/RIL     ( 1560): onRequest: SIM_IO
05-10 10:01:23.753 D/AT      ( 1560): AT> AT+CRSM=192,28438,0,0,15
05-10 10:01:23.753 D/RILJ    ( 1688): < iccIO:  0x90 0x0 000000096F3804001BFFBB21020000
05-10 10:01:23.753 D/RILJ    ( 1688): [0023]< SIM_IO IccIoResponse sw1:0x90 sw2:0x0
05-10 10:01:23.773 D/RILJ    ( 1688): [0027]> QUERY_FACILITY_LOCK
05-10 10:01:23.773 D/AT      ( 1560): AT< +CRSM: 148,4
05-10 10:01:23.773 D/AT      ( 1560): AT< OK
05-10 10:01:23.773 D/RILC    ( 1560): [0024]< SIM_IO {sw1=0x94,sw2=0x4,(null)}
05-10 10:01:23.773 D/RILC    ( 1560): [0025]> GET_IMSI
05-10 10:01:23.773 D/RIL     ( 1560): onRequest: GET_IMSI
05-10 10:01:23.773 D/AT      ( 1560): AT> AT+CIMI
05-10 10:01:23.773 D/AT      ( 1560): AT< 460028114546112
05-10 10:01:23.773 D/AT      ( 1560): AT< OK
05-10 10:01:23.773 D/RILJ    ( 1688): < iccIO:  0x94 0x4 null
05-10 10:01:23.773 D/RILJ    ( 1688): [0024]< SIM_IO IccIoResponse sw1:0x94 sw2:0x4
05-10 10:01:23.773 D/RILC    ( 1560): [0025]< GET_IMSI {460028114546112}
05-10 10:01:23.773 D/RILC    ( 1560): [0026]> GET_SIM_STATUS
05-10 10:01:23.773 D/RIL     ( 1560): onRequest: GET_SIM_STATUS
05-10 10:01:23.773 D/AT      ( 1560): AT> AT+CPIN?
05-10 10:01:23.773 D/RILJ    ( 1688): [0025]< GET_IMSI
05-10 10:01:23.783 D/AT      ( 1560): AT< +CPIN: READY
05-10 10:01:23.783 D/AT      ( 1560): AT< OK
05-10 10:01:23.793 D/RILC    ( 1560): [0026]< GET_SIM_STATUS {[app_type=1,app_state=5,perso_substate=2,                aid_ptr=(null),app_label_ptr=(null),pin1_replaced=0,pin1=0,pin2=0],}
05-10 10:01:23.793 D/AT      ( 1560): AT> AT+CPIN?
05-10 10:01:23.793 D/RILJ    ( 1688): [0026]< GET_SIM_STATUS com.android.internal.telephony.IccCardStatus@43eacbe8
05-10 10:01:23.793 D/RILJ    ( 1688): [0028]> QUERY_FACILITY_LOCK
05-10 10:01:23.803 D/AT      ( 1560): AT< +CPIN: READY
05-10 10:01:23.803 D/AT      ( 1560): AT< OK
05-10 10:01:23.803 D/RIL     ( 1560):   updateRadioStateAfterSimStatus
05-10 10:01:23.803 D/RILC    ( 1560): [0027]> QUERY_FACILITY_LOCK (SC,,7)
05-10 10:01:23.803 D/RIL     ( 1560): onRequest: QUERY_FACILITY_LOCK
05-10 10:01:23.803 D/AT      ( 1560): AT> AT+CLCK="SC",2,"",7
05-10 10:01:23.813 D/STK     ( 1688): StkService: ril message arrived
05-10 10:01:23.813 D/AT      ( 1560): AT< +CLCK: 0
05-10 10:01:23.813 D/AT      ( 1560): AT< OK
05-10 10:01:23.813 D/RILC    ( 1560): [0027]< QUERY_FACILITY_LOCK {0}
05-10 10:01:23.813 D/RILC    ( 1560): [0028]> QUERY_FACILITY_LOCK (FD,,7)
05-10 10:01:23.813 D/RIL     ( 1560): onRequest: QUERY_FACILITY_LOCK
05-10 10:01:23.813 D/AT      ( 1560): AT> AT+CLCK="FD",2,"",7
05-10 10:01:23.813 D/AT      ( 1560): AT< +CLCK: 0
05-10 10:01:23.813 D/AT      ( 1560): AT< OK
05-10 10:01:23.813 D/RILC    ( 1560): [0028]< QUERY_FACILITY_LOCK {0}
05-10 10:01:23.833 D/RILJ    ( 1688): [0029]> BASEBAND_VERSION
05-10 10:01:23.833 D/RILC    ( 1560): [0029]> BASEBAND_VERSION
05-10 10:01:23.833 D/RIL     ( 1560): onRequest: BASEBAND_VERSION
05-10 10:01:23.833 D/AT      ( 1560): AT> ATI3
05-10 10:01:23.833 D/AT      ( 1560): AT< 40007100F1360104
05-10 10:01:23.833 D/AT      ( 1560): AT< OK
05-10 10:01:23.833 D/RILC    ( 1560): [0029]< BASEBAND_VERSION {40007100F1360104}
05-10 10:01:23.843 D/RILJ    ( 1688): [0030]> GET_IMEI
05-10 10:01:23.853 D/STK     ( 1688): CommandParamsFactory: process SelectItem
05-10 10:01:23.853 D/RILJ    ( 1688): [0027]< QUERY_FACILITY_LOCK {0}
05-10 10:01:23.853 D/RILJ    ( 1688): [0028]< QUERY_FACILITY_LOCK {0}
05-10 10:01:23.863 D/RILC    ( 1560): [0030]> GET_IMEI
05-10 10:01:23.863 D/RIL     ( 1560): onRequest: GET_IMEI
05-10 10:01:23.863 D/AT      ( 1560): AT> AT+CGSN
05-10 10:01:23.863 D/AT      ( 1560): AT< 000000000000000
05-10 10:01:23.863 D/AT      ( 1560): AT< OK
05-10 10:01:23.863 D/RILC    ( 1560): [0030]< GET_IMEI {000000000000000}
05-10 10:01:23.863 D/RILJ    ( 1688): [0031]> GET_IMEISV
05-10 10:01:23.873 D/RILC    ( 1560): [0031]> GET_IMEISV
05-10 10:01:23.873 D/RIL     ( 1560): onRequest: GET_IMEISV
05-10 10:01:23.873 D/AT      ( 1560): AT> AT*PSIMEISV?
05-10 10:01:23.873 D/AT      ( 1560): AT< *PSIMEISV: 000000 00 000000 01
05-10 10:01:23.873 D/AT      ( 1560): AT< OK
05-10 10:01:23.873 D/RILC    ( 1560): [0031]< GET_IMEISV {000000 00 000000 01}
05-10 10:01:24.203 D/RILJ    ( 1688): [0029]< BASEBAND_VERSION 40007100F1360104
05-10 10:01:24.203 D/RILJ    ( 1688): [0030]< GET_IMEI
05-10 10:01:24.213 D/RILJ    ( 1688): [0031]< GET_IMEISV
05-10 10:01:24.323 E/GSM     ( 1688): Wrong network type: 0
05-10 10:01:24.323 D/GSM     ( 1688): Poll ServiceState done:  oldSS=[1 home null null null  Unknown CSS not supported 0 0RoamInd: 0DefRoamInd: 0EmergOnly: false] newSS=[0 home CHINA MOBILE CHINA MOBILE 46000  EDGE CSS not supported 0 0RoamInd: 0DefRoamInd: 0EmergOnly: false] oldGprs=1 newGprs=0 oldType=unknown newType=EDGE
05-10 10:01:24.323 E/GSM     ( 1688): Wrong network type: 0
05-10 10:01:24.323 D/GSM     ( 1688): RAT switched unknown -> EDGE at cell 30233
05-10 10:01:24.543 D/GSM     ( 1688): IMSI: 460028xxxxxxxxx
05-10 10:01:24.543 D/GSM     ( 1688): [IccCard] Broadcasting intent ACTION_SIM_STATE_CHANGED IMSI reason null
05-10 10:01:24.573 D/RILJ    ( 1688): [0032]> iccIO: SIM_IO 0xb0 0x2fe2  path: 3F00,0,0,10
05-10 10:01:24.603 D/RILC    ( 1560): [0032]> SIM_IO (cmd=0xB0,efid=0x2FE2,path=3F00,0,0,10,(null),pin2=(null))
05-10 10:01:24.603 D/RIL     ( 1560): onRequest: SIM_IO
05-10 10:01:24.603 D/AT      ( 1560): AT> AT+CRSM=176,12258,0,0,10
05-10 10:01:24.603 D/RILJ    ( 1688): [0033]> iccIO: SIM_IO 0xb2 0x6f40  path: 3F007F10,1,4,28
05-10 10:01:24.633 D/RILJ    ( 1688): [0034]> iccIO: SIM_IO 0xb0 0x6fad  path: 3F007F20,0,0,3
05-10 10:01:24.643 D/AT      ( 1560): AT< +CRSM: 144,0,"98680011100101804102"
05-10 10:01:24.643 D/AT      ( 1560): AT< OK
05-10 10:01:24.643 D/RILC    ( 1560): [0032]< SIM_IO {sw1=0x90,sw2=0x0,98680011100101804102}
05-10 10:01:24.643 D/RILC    ( 1560): [0033]> SIM_IO (cmd=0xB2,efid=0x6F40,path=3F007F10,1,4,28,(null),pin2=(null))
05-10 10:01:24.643 D/RIL     ( 1560): onRequest: SIM_IO
05-10 10:01:24.643 D/AT      ( 1560): AT> AT+CRSM=178,28480,1,4,28
05-10 10:01:24.643 D/RILJ    ( 1688): < iccIO:  0x90 0x0 98680011100101804102
05-10 10:01:24.653 D/RILJ    ( 1688): [0032]< SIM_IO IccIoResponse sw1:0x90 sw2:0x0
05-10 10:01:24.663 D/RILJ    ( 1688): [0035]> iccIO: SIM_IO 0xb0 0x6f46  path: 3F007F20,0,0,17
05-10 10:01:24.683 D/AT      ( 1560): AT< +CRSM: 144,0,"FFFFFFFFFFFFFFFFFFFFFFFFFFFFFFFFFFFFFFFFFFFFFFFFFFFFFFFF"
05-10 10:01:24.683 D/AT      ( 1560): AT< OK
05-10 10:01:24.683 D/RILC    ( 1560): [0033]< SIM_IO {sw1=0x90,sw2=0x0,FFFFFFFFFFFFFFFFFFFFFFFFFFFFFFFFFFFFFFFFFFFFFFFFFFFFFFFF}
05-10 10:01:24.683 D/RILC    ( 1560): [0034]> SIM_IO (cmd=0xB0,efid=0x6FAD,path=3F007F20,0,0,3,(null),pin2=(null))
05-10 10:01:24.683 D/RIL     ( 1560): onRequest: SIM_IO
05-10 10:01:24.683 D/AT      ( 1560): AT> AT+CRSM=176,28589,0,0,3
05-10 10:01:24.683 D/RILJ    ( 1688): < iccIO:  0x90 0x0 FFFFFFFFFFFFFFFFFFFFFFFFFFFFFFFFFFFFFFFFFFFFFFFFFFFFFFFF
05-10 10:01:24.683 D/RILJ    ( 1688): [0033]< SIM_IO IccIoResponse sw1:0x90 sw2:0x0
05-10 10:01:24.703 D/RILJ    ( 1688): [0036]> iccIO: SIM_IO 0xb0 0x6f38  path: 3F007F20,0,0,9
05-10 10:01:24.723 D/GSM     ( 1688): IMSI: 460028xxxxxxxxx
05-10 10:01:24.723 D/GSM     ( 1688): [IccCard] Broadcasting intent ACTION_SIM_STATE_CHANGED IMSI reason null
05-10 10:01:24.733 D/AT      ( 1560): AT< +CRSM: 144,0,"000000"
05-10 10:01:24.733 D/AT      ( 1560): AT< OK
05-10 10:01:24.733 D/RILC    ( 1560): [0034]< SIM_IO {sw1=0x90,sw2=0x0,000000}
05-10 10:01:24.733 D/RILC    ( 1560): [0035]> SIM_IO (cmd=0xB0,efid=0x6F46,path=3F007F20,0,0,17,(null),pin2=(null))
05-10 10:01:24.733 D/RIL     ( 1560): onRequest: SIM_IO
05-10 10:01:24.733 D/AT      ( 1560): AT> AT+CRSM=176,28486,0,0,17
05-10 10:01:24.743 D/RILJ    ( 1688): < iccIO:  0x90 0x0 000000
05-10 10:01:24.743 D/RILJ    ( 1688): [0034]< SIM_IO IccIoResponse sw1:0x90 sw2:0x0
05-10 10:01:24.763 D/GSM     ( 1688): [IccCard] Query facility lock : false
05-10 10:01:24.763 D/GSM     ( 1688): [IccCard] Query facility lock : false
05-10 10:01:24.763 D/GSM     ( 1688): Baseband version: 40007100F1360104
05-10 10:01:24.763 D/AT      ( 1560): AT< +CRSM: 144,0,"00434D4343FFFFFFFFFFFFFFFFFFFFFFFF"
05-10 10:01:24.763 D/AT      ( 1560): AT< OK
05-10 10:01:24.763 D/RILC    ( 1560): [0035]< SIM_IO {sw1=0x90,sw2=0x0,00434D4343FFFFFFFFFFFFFFFFFFFFFFFF}
05-10 10:01:24.763 D/RILC    ( 1560): [0036]> SIM_IO (cmd=0xB0,efid=0x6F38,path=3F007F20,0,0,9,(null),pin2=(null))
05-10 10:01:24.763 D/RIL     ( 1560): onRequest: SIM_IO
05-10 10:01:24.763 D/AT      ( 1560): AT> AT+CRSM=176,28472,0,0,9
05-10 10:01:24.773 D/RILJ    ( 1688): < iccIO:  0x90 0x0 00434D4343FFFFFFFFFFFFFFFFFFFFFFFF
05-10 10:01:24.773 D/RILJ    ( 1688): [0035]< SIM_IO IccIoResponse sw1:0x90 sw2:0x0
05-10 10:01:24.783 D/STK     ( 1688): StkService: SET_UP_MENU
05-10 10:01:24.783 D/STK     ( 1688): StkService: TERMINAL RESPONSE: 810301250082028281830100
05-10 10:01:24.783 D/RILJ    ( 1688): [0037]> REQUEST_STK_SEND_TERMINAL_RESPONSE
05-10 10:01:24.793 D/AT      ( 1560): AT< +CRSM: 144,0,"FF3FFFFF00003F0300"
05-10 10:01:24.793 D/AT      ( 1560): AT< OK
05-10 10:01:24.793 D/RILC    ( 1560): [0036]< SIM_IO {sw1=0x90,sw2=0x0,FF3FFFFF00003F0300}
05-10 10:01:24.793 D/RILJ    ( 1688): < iccIO:  0x90 0x0 FF3FFFFF00003F0300
05-10 10:01:24.793 D/RILJ    ( 1688): [0036]< SIM_IO IccIoResponse sw1:0x90 sw2:0x0
05-10 10:01:24.833 D/RILC    ( 1560): [0037]> STK_SEND_TERMINAL_RESPONSE (810301250082028281830100)
05-10 10:01:24.833 D/RIL     ( 1560): onRequest: STK_SEND_TERMINAL_RESPONSE
05-10 10:01:24.833 D/RIL     ( 1560): STK send term response command: AT+GTKR="810301250082028281830100"
05-10 10:01:24.833 D/AT      ( 1560): AT> AT+GTKR="810301250082028281830100"
05-10 10:01:24.853 D/AT      ( 1560): AT< OK
05-10 10:01:24.853 D/RILC    ( 1560): [0037]< STK_SEND_TERMINAL_RESPONSE
05-10 10:01:24.853 D/RILJ    ( 1688): [0037]< REQUEST_STK_SEND_TERMINAL_RESPONSE
05-10 10:01:24.903 D/AT      ( 1560): AT< +GTKS:
05-10 10:01:24.903 D/RILC    ( 1560): [UNSL]< UNSOL_STK_SESSION_END
05-10 10:01:25.153 D/GSM     ( 1688): GSMDataConnTrack handleMessage { what=26 when=52517 obj=android.os.AsyncResult@43e527b8 }
05-10 10:01:25.153 D/GSM     ( 1688): [GsmDataConnectionTracker] ***trySetupData due to gprsAttached
05-10 10:01:25.153 D/GSM     ( 1688): [DSAC DEB] trySetupData with mIsPsRestricted=false
05-10 10:01:25.153 D/GSM     ( 1688): [GsmDataConnectionTracker] trySetupData: Not ready for data:  dataState=IDLE gprsState=0 sim=false UMTS=false phoneState=IDLE isDataAllowed=true dataEnabled=true roaming=false dataOnRoamingEnable=false ps restricted=false desiredPowerState=true MasterDataEnabled=true
05-10 10:01:25.243 D/RILJ    ( 1688): [UNSL]< UNSOL_STK_SESSION_END
05-10 10:01:25.243 D/RILJ    ( 1688): [0038]> iccIO: SIM_IO 0xc0 0x6f17  path: 3F007F20,0,0,15
05-10 10:01:25.293 D/RILC    ( 1560): [0038]> SIM_IO (cmd=0xC0,efid=0x6F17,path=3F007F20,0,0,15,(null),pin2=(null))
05-10 10:01:25.293 D/RIL     ( 1560): onRequest: SIM_IO
05-10 10:01:25.293 D/AT      ( 1560): AT> AT+CRSM=192,28439,0,0,15
05-10 10:01:25.314 D/AT      ( 1560): AT< +CRSM: 148,4
05-10 10:01:25.314 D/AT      ( 1560): AT< OK
05-10 10:01:25.314 D/RILC    ( 1560): [0038]< SIM_IO {sw1=0x94,sw2=0x4,(null)}
05-10 10:01:25.314 D/RILJ    ( 1688): < iccIO:  0x94 0x4 null
05-10 10:01:25.314 D/RILJ    ( 1688): [0038]< SIM_IO IccIoResponse sw1:0x94 sw2:0x4
05-10 10:01:25.593 D/STK     ( 1688): StkService: ril message arrived
05-10 10:01:25.603 D/GSM     ( 1688): iccid: 89860011011010081420
05-10 10:01:25.603 D/GSM     ( 1688): EF_AD: 000000
05-10 10:01:25.603 D/GSM     ( 1688): SIMRecords: MNC length not present in EF_AD
05-10 10:01:25.703 D/GSM     ( 1688): [SIMRecords] Load EF_SPN: CMCC spnDisplayCondition: 1
05-10 10:01:25.713 D/STK     ( 1688): StkService: Return current sInstance
05-10 10:01:25.783 D/STK     ( 1688): StkAppService: SET_UP_MENU
05-10 10:01:25.783 D/STK     ( 1688): StkAppService: Install App
05-10 10:01:25.803 D/STK     ( 1688): StkService: SESSION END
05-10 10:01:25.813 D/GSM     ( 1688): MSISDN:
05-10 10:01:25.813 D/GSM     ( 1688): Invalid or missing EF[MAILBOX]
05-10 10:01:25.813 D/GSM     ( 1688): SIMRecords: record load complete
05-10 10:01:27.003 D/GSM     ( 1688): [IccCard] Broadcasting intent ACTION_SIM_STATE_CHANGED LOADED reason null
05-10 10:01:27.063 D/GSM     ( 1688): GSMDataConnTrack handleMessage { what=4 when=55060 obj=android.os.AsyncResult@43e6fef8 }
05-10 10:01:27.423 D/GSM     ( 1688): Get PreferredAPN
05-10 10:01:27.683 D/GSM     ( 1688): GSMDataConnTrack handleMessage { what=5 when=55483 obj=simLoaded }
05-10 10:01:27.683 D/GSM     ( 1688): [GsmDataConnectionTracker] ***trySetupData due to simLoaded
05-10 10:01:27.683 D/GSM     ( 1688): [DSAC DEB] trySetupData with mIsPsRestricted=false
05-10 10:01:27.683 I/GSM     ( 1688): Preferred APN:46002:46002:CMCC - 46002, 28, 46002, cmnet, , , null, null, , -1, default
05-10 10:01:27.683 I/GSM     ( 1688): Waiting APN set to preferred APN
05-10 10:01:27.733 D/GSM     ( 1688): [GsmDataConnectionTracker] Create from allApns : [CMCC - 46002, 28, 46002, cmnet, , , null, null, , -1, default][CMCC.mms - 46002, 29, 46002, cmwap, , http://mmsc.monternet.com, 10.0.0.172, 80, , -1, mms][ä¸­å›½ç§»åŠ¨å› ç‰¹ç½‘è®¾ç½? 57, 46002, cmnet, null, null, null, null, null, -1, default][ä¸­å›½ç§»åŠ¨WAPè®¾ç½®, 58, 46002, cmwap, 10.0.0.172, null, null, null, 80, -1, wap][ä¸­å›½ç§»åŠ¨å½©ä¿¡è®¾ç½®, 59, 46002, cmwap, 10.0.0.172, http://mmsc.monternet.com, 10.0.0.172, 80, 80, -1, mms]
05-10 10:01:27.733 D/GSM     ( 1688): [GsmDataConnectionTracker] Setup waitngApns : [CMCC - 46002, 28, 46002, cmnet, , , null, null, , -1, default]
05-10 10:01:27.763 D/GSM     ( 1688): [GsmDataConnection-1] DcInactiveState msg.what=EVENT_CONNECT
05-10 10:01:27.763 D/GSM     ( 1688): [GsmDataConnection-1] Connecting to carrier: 'CMCC - 46002' APN: 'cmnet' proxy: '' port: '
05-10 10:01:27.763 D/RILJ    ( 1688): [0039]> SETUP_DATA_CALL 1 0 cmnet   3
05-10 10:01:27.763 D/RILC    ( 1560): [0039]> SETUP_DATA_CALL (1,0,cmnet,,,3)
05-10 10:01:27.763 D/RIL     ( 1560): onRequest: SETUP_DATA_CALL
05-10 10:01:27.763 D/RIL     ( 1560): ifconfig: addr: pdp_ip0
05-10 10:01:27.763 D/GSM     ( 1688): [GsmDataConnectionTracker] setState: INITING
05-10 10:01:27.913 D/RIL     ( 1560): ifconfig: addr: pdp_ip0
05-10 10:01:27.913 D/AT      ( 1560): AT> ATE0
05-10 10:01:27.913 D/AT      ( 1560): AT< OK
05-10 10:01:27.913 D/AT      ( 1560): AT> AT+CGDCONT=1,"IP","cmnet"
05-10 10:01:27.913 D/AT      ( 1560): AT< OK
05-10 10:01:27.913 D/AT      ( 1560): AT> AT*IPRIC=1,0
05-10 10:01:27.923 D/AT      ( 1560): AT< OK
05-10 10:01:27.923 D/AT      ( 1560): AT> AT*IPDNS=1,1
05-10 10:01:27.923 D/AT      ( 1560): AT< OK
05-10 10:01:27.923 D/AT      ( 1560): AT> AT*IPACT=1,1
05-10 10:01:29.243 D/AT      ( 1560): AT< OK
05-10 10:01:29.243 D/AT      ( 1560): AT> AT*IPCONFIG?
05-10 10:01:29.243 D/AT      ( 1560): AT< *IPCONFIG: 1,"10.184.246.97","221.130.33.52","221.130.33.60","",""
05-10 10:01:29.243 D/AT      ( 1560): AT< OK
05-10 10:01:29.243 D/RIL     ( 1560): IP address got:10.184.246.97
05-10 10:01:29.243 D/RIL     ( 1560): ifconfig: addr: pdp_ip0
05-10 10:01:29.273 D/RIL     ( 1560): ifconfig: addr: pdp_ip0
05-10 10:01:29.273 D/RIL     ( 1560): pdp_ip0: ip 10.184.246.97 mask 255.255.255.255 flags [
05-10 10:01:29.273 D/RIL     ( 1560): up point-to-point running]
05-10 10:01:29.273 D/RIL     ( 1560): route add default dev pdp_ip0
05-10 10:01:29.273 D/RIL     ( 1560): route, settings applied successfully
05-10 10:01:29.273 D/RILC    ( 1560): [0039]< SETUP_DATA_CALL {1,pdp_ip0,10.184.246.97}
05-10 10:01:29.293 D/RILJ    ( 1688): [0039]< SETUP_DATA_CALL {1, pdp_ip0, 10.184.246.97}
05-10 10:01:29.293 D/GSM     ( 1688): [GsmDataConnection-1] DcActivatingState msg.what=EVENT_SETUP_DATA_CONNECTION_DONE
05-10 10:01:29.293 D/GSM     ( 1688): [GsmDataConnection-1] interface=pdp_ip0 ipAddress=10.184.246.97 gateway= DNS1= DNS2=
05-10 10:01:29.303 D/GSM     ( 1688): [GsmDataConnection-1] DataConnection setup result='SUCCESS' on cid=1
05-10 10:01:29.303 D/GSM     ( 1688): [GsmDataConnection-1] DcInactiveState: setEnterNoticationParams cp,cause
05-10 10:01:29.303 D/GSM     ( 1688): [GsmDataConnection-1] DcActiveState: enter notifyConnectCompleted
05-10 10:01:29.303 D/GSM     ( 1688): [GsmDataConnection-1] notifyConnection at 1305021689312 cause=No Error
05-10 10:01:29.314 D/GSM     ( 1688): GSMDataConnTrack handleMessage { what=1 when=57368 arg1=1 obj=android.os.AsyncResult@43ec1118 }
05-10 10:01:29.323 D/GSM     ( 1688): [GsmDataConnectionTracker] setState: CONNECTED
05-10 10:01:29.343 D/GSM     ( 1688): [DataConnection] Start poll NetStat
05-10 10:01:29.453 D/STK     ( 1688): StkAppService$ServiceHandler: OP_BOOT_COMPLETED
05-10 10:01:43.413 D/RILJ    ( 1688): [0040]> SIGNAL_STRENGTH
05-10 10:01:43.423 D/RILC    ( 1560): [0040]> SIGNAL_STRENGTH
05-10 10:01:43.423 D/RIL     ( 1560): onRequest: SIGNAL_STRENGTH
05-10 10:01:43.423 D/AT      ( 1560): AT> AT+CSQ
05-10 10:01:43.423 D/AT      ( 1560): AT< +CSQ: 31,99
05-10 10:01:43.423 D/AT      ( 1560): AT< OK
05-10 10:01:43.423 D/RILC    ( 1560): [0040]< SIGNAL_STRENGTH {[ 31 99]}
05-10 10:01:43.433 D/RILJ    ( 1688): [0040]< SIGNAL_STRENGTH {31, 99, 0, 0, 0, 0, 0}
05-10 10:02:03.823 D/GSM     ( 1688): dialing w/ mmi 'Handler{43eeb4b8}'...
05-10 10:02:03.823 D/RILJ    ( 1688): [0041]> SEND_USSD *188#
05-10 10:02:03.823 D/RILC    ( 1560): [0041]> SEND_USSD (*188#)
05-10 10:02:03.823 D/RIL     ( 1560): onRequest: SEND_USSD
05-10 10:02:03.823 D/AT      ( 1560): AT> AT+CUSD=1,"*188#",0
05-10 10:02:03.835 D/AT      ( 1560): AT< OK
05-10 10:02:03.835 D/RILC    ( 1560): [0041]< SEND_USSD
05-10 10:02:03.835 D/RILJ    ( 1688): [0041]< SEND_USSD
05-10 10:02:03.913 D/RILJ    ( 1688): [0042]> SIGNAL_STRENGTH
05-10 10:02:03.923 D/RILC    ( 1560): [0042]> SIGNAL_STRENGTH
05-10 10:02:03.923 D/RIL     ( 1560): onRequest: SIGNAL_STRENGTH
05-10 10:02:03.923 D/AT      ( 1560): AT> AT+CSQ
05-10 10:02:03.923 D/AT      ( 1560): AT< +CSQ: 30,99
05-10 10:02:03.923 D/AT      ( 1560): AT< OK
05-10 10:02:03.923 D/RILC    ( 1560): [0042]< SIGNAL_STRENGTH {[ 30 99]}
05-10 10:02:03.923 D/RILJ    ( 1688): [0042]< SIGNAL_STRENGTH {30, 99, 0, 0, 0, 0, 0}
05-10 10:02:04.003 D/RILJ    ( 1688): [0043]> SET_MUTE false
05-10 10:02:04.013 D/RILC    ( 1560): [0043]> SET_MUTE (0)
05-10 10:02:04.013 D/RIL     ( 1560): onRequest: SET_MUTE
05-10 10:02:04.013 D/AT      ( 1560): AT> AT+CMUT=0
05-10 10:02:04.013 D/AT      ( 1560): AT< +CME ERROR: 3
05-10 10:02:04.013 D/RILC    ( 1560): [0043]< SET_MUTE fails by E_GENERIC_FAILURE
05-10 10:02:04.013 D/RILJ    ( 1688): [0043]< SET_MUTE error: com.android.internal.telephony.CommandException: GENERIC_FAILURE
05-10 10:02:10.178 D/AT      ( 1560): AT< +CUSD: 1,"4E2D56FD79FB52A8624B673A94F6884C5361000A900962E963A5542C621656DE590D540E952E5165529F80FD4EE37801000A0031002E0020621176845E106237000A0032002E00205145503C7F348D39000A0033002E00205F6979684E2D5FC3000A0034002E00208BDD8D39554657CE000A0035002E00204F7F75285E2E52A9",72
05-10 10:02:10.178 D/RIL     ( 1560): unicodebig_to_utf8 src_str = 4E2D56FD79FB52A8624B673A94F6884C5361000A900962E963A5542C621656DE590D540E952E5165529F80FD4EE37801000A0031002E0020621176845E106237000A0032002E00205145503C7F348D39000A0033002E00205F6979684E2D5FC3000A0034002E00208BDD8D39554657CE000A0035002E00204F7F75285E2E52A9, strlen = 256
05-10 10:02:10.178 D/RIL     ( 1560): unicodebig_to_utf8 dst_str = N-VýyûR¨bKg:”öˆLSa, dst len = 128
05-10 10:02:10.273 D/RIL     ( 1560): unicodebig_to_utf8 utf8_str=ä¸­å›½ç§»åŠ¨æ‰‹æœºé“¶è¡Œå?
05-10 10:02:10.273 D/RIL     ( 1560): é€‰æ‹©æŽ¥å¬æˆ–å›žå¤åŽé”®å…¥åŠŸèƒ½ä»£ç 
05-10 10:02:10.273 D/RIL     ( 1560): 1. æˆ‘çš„å¸æˆ·
05-10 10:02:10.273 D/RIL     ( 1560): 2. å……å€¼ç¼´è´?
05-10 10:02:10.273 D/RIL     ( 1560): 3. å½©ç¥¨ä¸­å¿ƒ
05-10 10:02:10.273 D/RIL     ( 1560): 4. è¯è´¹å•†åŸŽ
05-10 10:02:10.273 D/RIL     ( 1560): 5. ä½¿ç”¨å¸®åŠ©, utf8 len = 150
05-10 10:02:10.273 D/RIL     ( 1560): unicodebig_to_utf8 ret_str=ä¸­å›½ç§»åŠ¨æ‰‹æœºé“¶è¡Œå?
05-10 10:02:10.273 D/RIL     ( 1560): é€‰æ‹©æŽ¥å¬æˆ–å›žå¤åŽé”®å…¥åŠŸèƒ½ä»£ç 
05-10 10:02:10.273 D/RIL     ( 1560): 1. æˆ‘çš„å¸æˆ·
05-10 10:02:10.273 D/RIL     ( 1560): 2. å……å€¼ç¼´è´?
05-10 10:02:10.273 D/RIL     ( 1560): 3. å½©ç¥¨ä¸­å¿ƒ
05-10 10:02:10.273 D/RIL     ( 1560): 4. è¯è´¹å•†åŸŽ
05-10 10:02:10.273 D/RIL     ( 1560): 5. ä½¿ç”¨å¸®åŠ©, retstr len = 150
05-10 10:02:10.273 D/RILC    ( 1560): [UNSL]< UNSOL_ON_USSD {1,ä¸­å›½ç§»åŠ¨æ‰‹æœºé“¶è¡Œå?
05-10 10:02:10.273 D/RILC    ( 1560): é€‰æ‹©æŽ¥å¬æˆ–å›žå¤åŽé”®å…¥åŠŸèƒ½ä»£ç 
05-10 10:02:10.273 D/RILC    ( 1560): 1. æˆ‘çš„å¸æˆ·
05-10 10:02:10.273 D/RILC    ( 1560): 2. å……å€¼ç¼´è´?
05-10 10:02:10.273 D/RILC    ( 1560): 3. å½©ç¥¨ä¸­å¿ƒ
05-10 10:02:10.273 D/RILC    ( 1560): 4. è¯è´¹å•†åŸŽ
05-10 10:02:10.273 D/RILC    ( 1560): 5. ä½¿ç”¨å¸®åŠ©}
05-10 10:02:10.273 D/RILJ    ( 1688): [UNSL]< UNSOL_ON_USSD 1
05-10 10:02:24.105 D/RILJ    ( 1688): [0044]> SIGNAL_STRENGTH
05-10 10:02:24.113 D/RILC    ( 1560): [0044]> SIGNAL_STRENGTH
05-10 10:02:24.113 D/RIL     ( 1560): onRequest: SIGNAL_STRENGTH
05-10 10:02:24.113 D/AT      ( 1560): AT> AT+CSQ
05-10 10:02:24.113 D/AT      ( 1560): AT< +CSQ: 31,0
05-10 10:02:24.113 D/AT      ( 1560): AT< OK
05-10 10:02:24.113 D/RILC    ( 1560): [0044]< SIGNAL_STRENGTH {[ 31 0]}
05-10 10:02:24.123 D/RILJ    ( 1688): [0044]< SIGNAL_STRENGTH {31, 0, 0, 0, 0, 0, 0}
05-10 10:02:26.363 D/RILJ    ( 1688): [0045]> SEND_USSD 1
05-10 10:02:26.373 D/RILC    ( 1560): [0045]> SEND_USSD (1)
05-10 10:02:26.373 D/RIL     ( 1560): onRequest: SEND_USSD
05-10 10:02:26.373 D/AT      ( 1560): AT> AT+CUSD=1,"1",0
05-10 10:02:26.373 D/AT      ( 1560): AT< OK
05-10 10:02:26.373 D/RILC    ( 1560): [0045]< SEND_USSD
05-10 10:02:26.373 D/RILJ    ( 1688): [0045]< SEND_USSD
05-10 10:02:29.244 D/AT      ( 1560): AT< +CUSD: 1,"002D002D621176845E106237002D002D000A0031002E0020767B5F555E106237000A0032002E00205207636294F6884C5361000A0033002E00204F59989D67E58BE2000A0034002E00204FEE65395BC67801000A0035002E002083B753D65BC67801000A000C000A00300030002E00204E3B83DC5355",72
05-10 10:02:29.244 D/RIL     ( 1560): unicodebig_to_utf8 src_str = 002D002D621176845E106237002D002D000A0031002E0020767B5F555E106237000A0032002E00205207636294F6884C5361000A0033002E00204F59989D67E58BE2000A0034002E00204FEE65395BC67801000A0035002E002083B753D65BC67801000A000C000A00300030002E00204E3B83DC5355, strlen = 236
05-10 10:02:29.244 D/RIL     ( 1560): unicodebig_to_utf8 dst_str = , dst len = 118
05-10 10:02:29.244 D/RIL     ( 1560): unicodebig_to_utf8 utf8_str=--æˆ‘çš„å¸æˆ·--
05-10 10:02:29.244 D/RIL     ( 1560): 1. ç™»å½•å¸æˆ·
05-10 10:02:29.244 D/RIL     ( 1560): 2. åˆ‡æ¢é“¶è¡Œå?
05-10 10:02:29.244 D/RIL     ( 1560): 3. ä½™é¢æŸ¥è¯¢
05-10 10:02:29.244 D/RIL     ( 1560): 4. ä¿®æ”¹å¯†ç 
05-10 10:02:29.244 D/RIL     ( 1560): 5. èŽ·å–å¯†ç 
05-10 10:02:29.244 D/RIL     ( 1560): 
05-10 10:02:29.244 D/RIL     ( 1560): 00. ä¸»èœå•å¿ƒ
05-10 10:02:29.244 D/RIL     ( 1560): 4. è¯è´¹å•†åŸŽ
05-10 10:02:29.244 D/RIL     ( 1560): 5. ä½¿ç”¨å¸®åŠ©, utf8 len = 150
05-10 10:02:29.244 D/RIL     ( 1560): unicodebig_to_utf8 ret_str=--æˆ‘çš„å¸æˆ·--
05-10 10:02:29.244 D/RIL     ( 1560): 1. ç™»å½•å¸æˆ·
05-10 10:02:29.244 D/RIL     ( 1560): 2. åˆ‡æ¢é“¶è¡Œå?
05-10 10:02:29.244 D/RIL     ( 1560): 3. ä½™é¢æŸ¥è¯¢
05-10 10:02:29.244 D/RIL     ( 1560): 4. ä¿®æ”¹å¯†ç 
05-10 10:02:29.244 D/RIL     ( 1560): 5. èŽ·å–å¯†ç 
05-10 10:02:29.244 D/RIL     ( 1560): 
05-10 10:02:29.244 D/RIL     ( 1560): 00. ä¸»èœå•å¿ƒ
05-10 10:02:29.244 D/RIL     ( 1560): 4. è¯è´¹å•†åŸŽ
05-10 10:02:29.244 D/RIL     ( 1560): 5. ä½¿ç”¨å¸®åŠ©, retstr len = 150
05-10 10:02:29.244 D/RILC    ( 1560): [UNSL]< UNSOL_ON_USSD {1,--æˆ‘çš„å¸æˆ·--
05-10 10:02:29.244 D/RILC    ( 1560): 1. ç™»å½•å¸æˆ·
05-10 10:02:29.244 D/RILC    ( 1560): 2. åˆ‡æ¢é“¶è¡Œå?
05-10 10:02:29.244 D/RILC    ( 1560): 3. ä½™é¢æŸ¥è¯¢
05-10 10:02:29.244 D/RILC    ( 1560): 4. ä¿®æ”¹å¯†ç 
05-10 10:02:29.244 D/RILC    ( 1560): 5. èŽ·å–å¯†ç 
05-10 10:02:29.244 D/RILC    ( 1560): 
05-10 10:02:29.244 D/RILC    ( 1560): 00. ä¸»èœå•å¿ƒ
05-10 10:02:29.244 D/RILC    ( 1560): 4. è¯è´¹å•†åŸŽ
05-10 10:02:29.244 D/RILC    ( 1560): 5. ä½¿ç”¨å¸®åŠ©}
05-10 10:02:29.244 D/RILJ    ( 1688): [UNSL]< UNSOL_ON_USSD 1
05-10 10:02:31.913 D/RILJ    ( 1688): [0046]> SCREEN_STATE: false
05-10 10:02:31.913 D/RILC    ( 1560): [0046]> SCREEN_STATE (0)
05-10 10:02:31.913 D/RIL     ( 1560): onRequest: SCREEN_STATE
05-10 10:02:31.913 D/RILC    ( 1560): [0046]< SCREEN_STATE
05-10 10:02:31.913 D/RILJ    ( 1688): [0046]< SCREEN_STATE
05-10 10:02:31.963 D/GSM     ( 1688): [DataConnection] Stop poll NetStat
05-10 10:02:31.963 D/GSM     ( 1688): [DataConnection] Start poll NetStat
05-10 10:02:33.043 D/RILJ    ( 1688): [0047]> SET_MUTE false
05-10 10:02:33.053 D/RILC    ( 1560): [0047]> SET_MUTE (0)
05-10 10:02:33.053 D/RIL     ( 1560): onRequest: SET_MUTE
05-10 10:02:33.053 D/AT      ( 1560): AT> AT+CMUT=0
05-10 10:02:33.053 D/AT      ( 1560): AT< +CME ERROR: 3
05-10 10:02:33.053 D/RILC    ( 1560): [0047]< SET_MUTE fails by E_GENERIC_FAILURE
05-10 10:02:33.053 D/RILJ    ( 1688): [0047]< SET_MUTE error: com.android.internal.telephony.CommandException: GENERIC_FAILURE
05-10 10:02:33.063 D/RILJ    ( 1688): [0048]> SCREEN_STATE: true
05-10 10:02:33.073 D/RILC    ( 1560): [0048]> SCREEN_STATE (1)
05-10 10:02:33.073 D/RIL     ( 1560): onRequest: SCREEN_STATE
05-10 10:02:33.073 D/RILC    ( 1560): [0048]< SCREEN_STATE
05-10 10:02:33.073 D/RILJ    ( 1688): [0048]< SCREEN_STATE
05-10 10:02:33.103 D/GSM     ( 1688): [DataConnection] Stop poll NetStat
05-10 10:02:33.103 D/GSM     ( 1688): [DataConnection] Start poll NetStat
05-10 10:02:44.155 D/RILJ    ( 1688): [0049]> SIGNAL_STRENGTH
05-10 10:02:44.163 D/RILC    ( 1560): [0049]> SIGNAL_STRENGTH
05-10 10:02:44.163 D/RIL     ( 1560): onRequest: SIGNAL_STRENGTH
05-10 10:02:44.163 D/AT      ( 1560): AT> AT+CSQ
05-10 10:02:44.163 D/AT      ( 1560): AT< +CSQ: 31,0
05-10 10:02:44.163 D/AT      ( 1560): AT< OK
05-10 10:02:44.163 D/RILC    ( 1560): [0049]< SIGNAL_STRENGTH {[ 31 0]}
05-10 10:02:44.173 D/RILJ    ( 1688): [0049]< SIGNAL_STRENGTH {31, 0, 0, 0, 0, 0, 0}
05-10 10:02:46.163 D/RILJ    ( 1688): [0050]> CANCEL_USSD
05-10 10:02:46.183 D/RILC    ( 1560): [0050]> CANCEL_USSD
