05-10 10:02:46.183 D/RIL     ( 1560): onRequest: CANCEL_USSD
05-10 10:02:46.183 D/AT      ( 1560): AT> AT+CUSD=2
05-10 10:02:47.205 D/AT      ( 1560): AT< OK
05-10 10:02:47.205 D/RILC    ( 1560): [0050]< CANCEL_USSD fails by E_GENERIC_FAILURE
05-10 10:02:47.205 D/RILJ    ( 1688): [0050]< CANCEL_USSD error: com.android.internal.telephony.CommandException: GENERIC_FAILURE
05-10 10:03:04.175 D/RILJ    ( 1688): [0051]> SIGNAL_STRENGTH
05-10 10:03:04.194 D/RILC    ( 1560): [0051]> SIGNAL_STRENGTH
05-10 10:03:04.194 D/RIL     ( 1560): onRequest: SIGNAL_STRENGTH
05-10 10:03:04.194 D/AT      ( 1560): AT> AT+CSQ
05-10 10:03:04.204 D/AT      ( 1560): AT< +CSQ: 30,99
05-10 10:03:04.213 D/AT      ( 1560): AT< OK
05-10 10:03:04.213 D/RILC    ( 1560): [0051]< SIGNAL_STRENGTH {[ 30 99]}
05-10 10:03:04.213 D/RILJ    ( 1688): [0051]< SIGNAL_STRENGTH {30, 99, 0, 0, 0, 0, 0}
05-10 10:03:24.267 D/RILJ    ( 1688): [0052]> SIGNAL_STRENGTH
05-10 10:03:24.293 D/RILC    ( 1560): [0052]> SIGNAL_STRENGTH
05-10 10:03:24.293 D/RIL     ( 1560): onRequest: SIGNAL_STRENGTH
05-10 10:03:24.293 D/AT      ( 1560): AT> AT+CSQ
05-10 10:03:24.304 D/AT      ( 1560): AT< +CSQ: 28,99
05-10 10:03:24.313 D/AT      ( 1560): AT< OK
05-10 10:03:24.313 D/RILC    ( 1560): [0052]< SIGNAL_STRENGTH {[ 28 99]}
05-10 10:03:24.313 D/RILJ    ( 1688): [0052]< SIGNAL_STRENGTH {28, 99, 0, 0, 0, 0, 0}
05-10 10:03:44.385 D/RILJ    ( 1688): [0053]> SIGNAL_STRENGTH
05-10 10:03:44.413 D/RILC    ( 1560): [0053]> SIGNAL_STRENGTH
05-10 10:03:44.413 D/RIL     ( 1560): onRequest: SIGNAL_STRENGTH
05-10 10:03:44.413 D/AT      ( 1560): AT> AT+CSQ
05-10 10:03:44.413 D/AT      ( 1560): AT< +CSQ: 24,99
05-10 10:03:44.413 D/AT      ( 1560): AT< OK
05-10 10:03:44.423 D/RILC    ( 1560): [0053]< SIGNAL_STRENGTH {[ 24 99]}
05-10 10:03:44.423 D/RILJ    ( 1688): [0053]< SIGNAL_STRENGTH {24, 99, 0, 0, 0, 0, 0}
05-10 10:03:56.403 D/GSM     ( 1688): dialing w/ mmi 'Handler{43f32528}'...
05-10 10:03:56.413 D/RILJ    ( 1688): [0054]> SEND_USSD *188#
05-10 10:03:56.423 D/RILC    ( 1560): [0054]> SEND_USSD (*188#)
05-10 10:03:56.423 D/RIL     ( 1560): onRequest: SEND_USSD
05-10 10:03:56.423 D/AT      ( 1560): AT> AT+CUSD=1,"*188#",0
05-10 10:03:56.423 D/AT      ( 1560): AT< OK
05-10 10:03:56.423 D/RILC    ( 1560): [0054]< SEND_USSD
05-10 10:03:56.423 D/RILJ    ( 1688): [0054]< SEND_USSD
05-10 10:03:56.663 D/RILJ    ( 1688): [0055]> SET_MUTE false
05-10 10:03:56.663 D/RILC    ( 1560): [0055]> SET_MUTE (0)
05-10 10:03:56.663 D/RIL     ( 1560): onRequest: SET_MUTE
05-10 10:03:56.663 D/AT      ( 1560): AT> AT+CMUT=0
05-10 10:03:56.663 D/AT      ( 1560): AT< +CME ERROR: 3
05-10 10:03:56.663 D/RILC    ( 1560): [0055]< SET_MUTE fails by E_GENERIC_FAILURE
05-10 10:03:56.663 D/RILJ    ( 1688): [0055]< SET_MUTE error: com.android.internal.telephony.CommandException: GENERIC_FAILURE
05-10 10:04:02.723 D/AT      ( 1560): AT< +CUSD: 1,"4E2D56FD79FB52A8624B673A94F6884C5361000A900962E963A5542C621656DE590D540E952E5165529F80FD4EE37801000A0031002E0020621176845E106237000A0032002E00205145503C7F348D39000A0033002E00205F6979684E2D5FC3000A0034002E00208BDD8D39554657CE000A0035002E00204F7F75285E2E52A9",72
05-10 10:04:02.723 D/RIL     ( 1560): unicodebig_to_utf8 src_str = 4E2D56FD79FB52A8624B673A94F6884C5361000A900962E963A5542C621656DE590D540E952E5165529F80FD4EE37801000A0031002E0020621176845E106237000A0032002E00205145503C7F348D39000A0033002E00205F6979684E2D5FC3000A0034002E00208BDD8D39554657CE000A0035002E00204F7F75285E2E52A9, strlen = 256
05-10 10:04:02.723 D/RIL     ( 1560): unicodebig_to_utf8 dst_str = N-VýyûR¨bKg:”öˆLSa, dst len = 128
05-10 10:04:02.723 D/RIL     ( 1560): unicodebig_to_utf8 utf8_str=ä¸­å›½ç§»åŠ¨æ‰‹æœºé“¶è¡Œå?
05-10 10:04:02.723 D/RIL     ( 1560): é€‰æ‹©æŽ¥å¬æˆ–å›žå¤åŽé”®å…¥åŠŸèƒ½ä»£ç 
05-10 10:04:02.723 D/RIL     ( 1560): 1. æˆ‘çš„å¸æˆ·
05-10 10:04:02.723 D/RIL     ( 1560): 2. å……å€¼ç¼´è´?
05-10 10:04:02.723 D/RIL     ( 1560): 3. å½©ç¥¨ä¸­å¿ƒ
05-10 10:04:02.723 D/RIL     ( 1560): 4. è¯è´¹å•†åŸŽ
05-10 10:04:02.723 D/RIL     ( 1560): 5. ä½¿ç”¨å¸®åŠ©, utf8 len = 150
05-10 10:04:02.723 D/RIL     ( 1560): unicodebig_to_utf8 ret_str=ä¸­å›½ç§»åŠ¨æ‰‹æœºé“¶è¡Œå?
05-10 10:04:02.723 D/RIL     ( 1560): é€‰æ‹©æŽ¥å¬æˆ–å›žå¤åŽé”®å…¥åŠŸèƒ½ä»£ç 
05-10 10:04:02.723 D/RIL     ( 1560): 1. æˆ‘çš„å¸æˆ·
05-10 10:04:02.723 D/RIL     ( 1560): 2. å……å€¼ç¼´è´?
05-10 10:04:02.723 D/RIL     ( 1560): 3. å½©ç¥¨ä¸­å¿ƒ
05-10 10:04:02.723 D/RIL     ( 1560): 4. è¯è´¹å•†åŸŽ
05-10 10:04:02.723 D/RIL     ( 1560): 5. ä½¿ç”¨å¸®åŠ©, retstr len = 150
05-10 10:04:02.723 D/RILC    ( 1560): [UNSL]< UNSOL_ON_USSD {1,ä¸­å›½ç§»åŠ¨æ‰‹æœºé“¶è¡Œå?
05-10 10:04:02.723 D/RILC    ( 1560): é€‰æ‹©æŽ¥å¬æˆ–å›žå¤åŽé”®å…¥åŠŸèƒ½ä»£ç 
05-10 10:04:02.723 D/RILC    ( 1560): 1. æˆ‘çš„å¸æˆ·
05-10 10:04:02.723 D/RILC    ( 1560): 2. å……å€¼ç¼´è´?
05-10 10:04:02.723 D/RILC    ( 1560): 3. å½©ç¥¨ä¸­å¿ƒ
05-10 10:04:02.723 D/RILC    ( 1560): 4. è¯è´¹å•†åŸŽ
05-10 10:04:02.723 D/RILC    ( 1560): 5. ä½¿ç”¨å¸®åŠ©}
05-10 10:04:02.733 D/RILJ    ( 1688): [UNSL]< UNSOL_ON_USSD 1
05-10 10:04:04.624 D/RILJ    ( 1688): [0056]> SIGNAL_STRENGTH
05-10 10:04:04.663 D/RILC    ( 1560): [0056]> SIGNAL_STRENGTH
05-10 10:04:04.663 D/RIL     ( 1560): onRequest: SIGNAL_STRENGTH
05-10 10:04:04.663 D/AT      ( 1560): AT> AT+CSQ
05-10 10:04:04.663 D/AT      ( 1560): AT< +CSQ: 21,0
05-10 10:04:04.663 D/AT      ( 1560): AT< OK
05-10 10:04:04.663 D/RILC    ( 1560): [0056]< SIGNAL_STRENGTH {[ 21 0]}
05-10 10:04:04.673 D/RILJ    ( 1688): [0056]< SIGNAL_STRENGTH {21, 0, 0, 0, 0, 0, 0}
05-10 10:04:13.533 D/RILJ    ( 1688): [0057]> SEND_USSD 1
05-10 10:04:13.533 D/RILC    ( 1560): [0057]> SEND_USSD (1)
05-10 10:04:13.533 D/RIL     ( 1560): onRequest: SEND_USSD
05-10 10:04:13.533 D/AT      ( 1560): AT> AT+CUSD=1,"1",0
05-10 10:04:13.533 D/AT      ( 1560): AT< OK
05-10 10:04:13.533 D/RILC    ( 1560): [0057]< SEND_USSD
05-10 10:04:13.543 D/RILJ    ( 1688): [0057]< SEND_USSD
05-10 10:04:16.613 D/AT      ( 1560): AT< +CUSD: 1,"002D002D621176845E106237002D002D000A0031002E0020767B5F555E106237000A0032002E00205207636294F6884C5361000A0033002E00204F59989D67E58BE2000A0034002E00204FEE65395BC67801000A0035002E002083B753D65BC67801000A000C000A00300030002E00204E3B83DC5355",72
05-10 10:04:16.613 D/RIL     ( 1560): unicodebig_to_utf8 src_str = 002D002D621176845E106237002D002D000A0031002E0020767B5F555E106237000A0032002E00205207636294F6884C5361000A0033002E00204F59989D67E58BE2000A0034002E00204FEE65395BC67801000A0035002E002083B753D65BC67801000A000C000A00300030002E00204E3B83DC5355, strlen = 236
05-10 10:04:16.613 D/RIL     ( 1560): unicodebig_to_utf8 dst_str = , dst len = 118
05-10 10:04:16.613 D/RIL     ( 1560): unicodebig_to_utf8 utf8_str=--æˆ‘çš„å¸æˆ·--
05-10 10:04:16.613 D/RIL     ( 1560): 1. ç™»å½•å¸æˆ·
05-10 10:04:16.613 D/RIL     ( 1560): 2. åˆ‡æ¢é“¶è¡Œå?
05-10 10:04:16.613 D/RIL     ( 1560): 3. ä½™é¢æŸ¥è¯¢
05-10 10:04:16.613 D/RIL     ( 1560): 4. ä¿®æ”¹å¯†ç 
05-10 10:04:16.613 D/RIL     ( 1560): 5. èŽ·å–å¯†ç 
05-10 10:04:16.613 D/RIL     ( 1560): 
05-10 10:04:16.613 D/RIL     ( 1560): 00. ä¸»èœå•å¿ƒ
05-10 10:04:16.613 D/RIL     ( 1560): 4. è¯è´¹å•†åŸŽ
05-10 10:04:16.613 D/RIL     ( 1560): 5. ä½¿ç”¨å¸®åŠ©, utf8 len = 150
05-10 10:04:16.613 D/RIL     ( 1560): unicodebig_to_utf8 ret_str=--æˆ‘çš„å¸æˆ·--
05-10 10:04:16.613 D/RIL     ( 1560): 1. ç™»å½•å¸æˆ·
05-10 10:04:16.613 D/RIL     ( 1560): 2. åˆ‡æ¢é“¶è¡Œå?
05-10 10:04:16.613 D/RIL     ( 1560): 3. ä½™é¢æŸ¥è¯¢
05-10 10:04:16.613 D/RIL     ( 1560): 4. ä¿®æ”¹å¯†ç 
05-10 10:04:16.613 D/RIL     ( 1560): 5. èŽ·å–å¯†ç 
05-10 10:04:16.613 D/RIL     ( 1560): 
05-10 10:04:16.613 D/RIL     ( 1560): 00. ä¸»èœå•å¿ƒ
05-10 10:04:16.613 D/RIL     ( 1560): 4. è¯è´¹å•†åŸŽ
05-10 10:04:16.613 D/RIL     ( 1560): 5. ä½¿ç”¨å¸®åŠ©, retstr len = 150
05-10 10:04:16.613 D/RILC    ( 1560): [UNSL]< UNSOL_ON_USSD {1,--æˆ‘çš„å¸æˆ·--
05-10 10:04:16.613 D/RILC    ( 1560): 1. ç™»å½•å¸æˆ·
05-10 10:04:16.613 D/RILC    ( 1560): 2. åˆ‡æ¢é“¶è¡Œå?
05-10 10:04:16.613 D/RILC    ( 1560): 3. ä½™é¢æŸ¥è¯¢
05-10 10:04:16.613 D/RILC    ( 1560): 4. ä¿®æ”¹å¯†ç 
05-10 10:04:16.613 D/RILC    ( 1560): 5. èŽ·å–å¯†ç 
05-10 10:04:16.613 D/RILC    ( 1560): 
05-10 10:04:16.613 D/RILC    ( 1560): 00. ä¸»èœå•å¿ƒ
05-10 10:04:16.613 D/RILC    ( 1560): 4. è¯è´¹å•†åŸŽ
05-10 10:04:16.613 D/RILC    ( 1560): 5. ä½¿ç”¨å¸®åŠ©}
05-10 10:04:16.613 D/RILJ    ( 1688): [UNSL]< UNSOL_ON_USSD 1
05-10 10:04:24.793 D/RILJ    ( 1688): [0058]> SIGNAL_STRENGTH
05-10 10:04:24.803 D/RILC    ( 1560): [0058]> SIGNAL_STRENGTH
05-10 10:04:24.803 D/RIL     ( 1560): onRequest: SIGNAL_STRENGTH
05-10 10:04:24.803 D/AT      ( 1560): AT> AT+CSQ
05-10 10:04:24.803 D/AT      ( 1560): AT< +CSQ: 16,0
05-10 10:04:24.803 D/AT      ( 1560): AT< OK
05-10 10:04:24.803 D/RILC    ( 1560): [0058]< SIGNAL_STRENGTH {[ 16 0]}
05-10 10:04:24.803 D/RILJ    ( 1688): [0058]< SIGNAL_STRENGTH {16, 0, 0, 0, 0, 0, 0}
05-10 10:04:28.023 D/RILJ    ( 1688): [0059]> SEND_USSD 00
05-10 10:04:28.033 D/RILC    ( 1560): [0059]> SEND_USSD (00)
05-10 10:04:28.033 D/RIL     ( 1560): onRequest: SEND_USSD
05-10 10:04:28.033 D/AT      ( 1560): AT> AT+CUSD=1,"00",0
05-10 10:04:28.043 D/AT      ( 1560): AT< OK
05-10 10:04:28.043 D/RILC    ( 1560): [0059]< SEND_USSD
05-10 10:04:28.043 D/RILJ    ( 1688): [0059]< SEND_USSD
05-10 10:04:32.853 D/AT      ( 1560): AT< +CUSD: 1,"4E2D56FD79FB52A8624B673A94F6884C5361000A900962E963A5542C621656DE590D540E952E5165529F80FD4EE37801000A0031002E0020621176845E106237000A0032002E00205145503C7F348D39000A0033002E00205F6979684E2D5FC3000A0034002E00208BDD8D39554657CE000A0035002E00204F7F75285E2E52A9",72
05-10 10:04:32.853 D/RIL     ( 1560): unicodebig_to_utf8 src_str = 4E2D56FD79FB52A8624B673A94F6884C5361000A900962E963A5542C621656DE590D540E952E5165529F80FD4EE37801000A0031002E0020621176845E106237000A0032002E00205145503C7F348D39000A0033002E00205F6979684E2D5FC3000A0034002E00208BDD8D39554657CE000A0035002E00204F7F75285E2E52A9, strlen = 256
05-10 10:04:32.853 D/RIL     ( 1560): unicodebig_to_utf8 dst_str = N-VýyûR¨bKg:”öˆLSa, dst len = 128
05-10 10:04:32.853 D/RIL     ( 1560): unicodebig_to_utf8 utf8_str=ä¸­å›½ç§»åŠ¨æ‰‹æœºé“¶è¡Œå?
05-10 10:04:32.853 D/RIL     ( 1560): é€‰æ‹©æŽ¥å¬æˆ–å›žå¤åŽé”®å…¥åŠŸèƒ½ä»£ç 
05-10 10:04:32.853 D/RIL     ( 1560): 1. æˆ‘çš„å¸æˆ·
05-10 10:04:32.853 D/RIL     ( 1560): 2. å……å€¼ç¼´è´?
05-10 10:04:32.853 D/RIL     ( 1560): 3. å½©ç¥¨ä¸­å¿ƒ
05-10 10:04:32.853 D/RIL     ( 1560): 4. è¯è´¹å•†åŸŽ
05-10 10:04:32.853 D/RIL     ( 1560): 5. ä½¿ç”¨å¸®åŠ©, utf8 len = 150
05-10 10:04:32.853 D/RIL     ( 1560): unicodebig_to_utf8 ret_str=ä¸­å›½ç§»åŠ¨æ‰‹æœºé“¶è¡Œå?
05-10 10:04:32.853 D/RIL     ( 1560): é€‰æ‹©æŽ¥å¬æˆ–å›žå¤åŽé”®å…¥åŠŸèƒ½ä»£ç 
05-10 10:04:32.853 D/RIL     ( 1560): 1. æˆ‘çš„å¸æˆ·
05-10 10:04:32.853 D/RIL     ( 1560): 2. å……å€¼ç¼´è´?
05-10 10:04:32.853 D/RIL     ( 1560): 3. å½©ç¥¨ä¸­å¿ƒ
05-10 10:04:32.853 D/RIL     ( 1560): 4. è¯è´¹å•†åŸŽ
05-10 10:04:32.853 D/RIL     ( 1560): 5. ä½¿ç”¨å¸®åŠ©, retstr len = 150
05-10 10:04:32.853 D/RILC    ( 1560): [UNSL]< UNSOL_ON_USSD {1,ä¸­å›½ç§»åŠ¨æ‰‹æœºé“¶è¡Œå?
05-10 10:04:32.853 D/RILC    ( 1560): é€‰æ‹©æŽ¥å¬æˆ–å›žå¤åŽé”®å…¥åŠŸèƒ½ä»£ç 
05-10 10:04:32.853 D/RILC    ( 1560): 1. æˆ‘çš„å¸æˆ·
05-10 10:04:32.853 D/RILC    ( 1560): 2. å……å€¼ç¼´è´?
05-10 10:04:32.853 D/RILC    ( 1560): 3. å½©ç¥¨ä¸­å¿ƒ
05-10 10:04:32.853 D/RILC    ( 1560): 4. è¯è´¹å•†åŸŽ
05-10 10:04:32.853 D/RILC    ( 1560): 5. ä½¿ç”¨å¸®åŠ©}
05-10 10:04:32.863 D/RILJ    ( 1688): [UNSL]< UNSOL_ON_USSD 1
05-10 10:04:33.533 D/RILJ    ( 1688): [0060]> SCREEN_STATE: false
05-10 10:04:33.533 D/RILC    ( 1560): [0060]> SCREEN_STATE (0)
05-10 10:04:33.533 D/RIL     ( 1560): onRequest: SCREEN_STATE
05-10 10:04:33.533 D/RILC    ( 1560): [0060]< SCREEN_STATE
05-10 10:04:33.533 D/RILJ    ( 1688): [0060]< SCREEN_STATE
05-10 10:04:33.563 D/GSM     ( 1688): [DataConnection] Stop poll NetStat
05-10 10:04:33.563 D/GSM     ( 1688): [DataConnection] Start poll NetStat
05-10 10:04:34.773 D/RILJ    ( 1688): [0061]> SET_MUTE false
05-10 10:04:34.773 D/RILC    ( 1560): [0061]> SET_MUTE (0)
05-10 10:04:34.773 D/RIL     ( 1560): onRequest: SET_MUTE
05-10 10:04:34.773 D/AT      ( 1560): AT> AT+CMUT=0
05-10 10:04:34.783 D/AT      ( 1560): AT< +CME ERROR: 3
05-10 10:04:34.783 D/RILC    ( 1560): [0061]< SET_MUTE fails by E_GENERIC_FAILURE
05-10 10:04:34.783 D/RILJ    ( 1688): [0061]< SET_MUTE error: com.android.internal.telephony.CommandException: GENERIC_FAILURE
05-10 10:04:34.793 D/RILJ    ( 1688): [0062]> SCREEN_STATE: true
05-10 10:04:34.803 D/RILC    ( 1560): [0062]> SCREEN_STATE (1)
05-10 10:04:34.803 D/RIL     ( 1560): onRequest: SCREEN_STATE
05-10 10:04:34.803 D/RILC    ( 1560): [0062]< SCREEN_STATE
05-10 10:04:34.803 D/RILJ    ( 1688): [0062]< SCREEN_STATE
05-10 10:04:34.823 D/GSM     ( 1688): [DataConnection] Stop poll NetStat
05-10 10:04:34.823 D/GSM     ( 1688): [DataConnection] Start poll NetStat
05-10 10:04:44.843 D/RILJ    ( 1688): [0063]> SIGNAL_STRENGTH
05-10 10:04:44.863 D/RILC    ( 1560): [0063]> SIGNAL_STRENGTH
05-10 10:04:44.863 D/RIL     ( 1560): onRequest: SIGNAL_STRENGTH
05-10 10:04:44.863 D/AT      ( 1560): AT> AT+CSQ
05-10 10:04:44.863 D/AT      ( 1560): AT< +CSQ: 14,0
05-10 10:04:44.863 D/AT      ( 1560): AT< OK
05-10 10:04:44.863 D/RILC    ( 1560): [0063]< SIGNAL_STRENGTH {[ 14 0]}
05-10 10:04:44.863 D/RILJ    ( 1688): [0063]< SIGNAL_STRENGTH {14, 0, 0, 0, 0, 0, 0}
05-10 10:04:46.324 D/RILJ    ( 1688): [0064]> SEND_USSD 2
05-10 10:04:46.343 D/RILC    ( 1560): [0064]> SEND_USSD (2)
05-10 10:04:46.343 D/RIL     ( 1560): onRequest: SEND_USSD
05-10 10:04:46.343 D/AT      ( 1560): AT> AT+CUSD=1,"2",0
05-10 10:04:46.355 D/AT      ( 1560): AT< OK
05-10 10:04:46.355 D/RILC    ( 1560): [0064]< SEND_USSD
05-10 10:04:46.363 D/RILJ    ( 1688): [0064]< SEND_USSD
05-10 10:04:48.393 D/AT      ( 1560): AT< +CUSD: 1,"670D52A151FA9519000A8BF78F9351650030003056DE4E3B83DC5355",72
05-10 10:04:48.393 D/RIL     ( 1560): unicodebig_to_utf8 src_str = 670D52A151FA9519000A8BF78F9351650030003056DE4E3B83DC5355, strlen = 56
R¡Qú•, dst len = 28/RIL     ( 1560): unicodebig_to_utf8 dst_str = g
05-10 10:04:48.393 D/RIL     ( 1560): unicodebig_to_utf8 utf8_str=æœåŠ¡å‡ºé”™
05-10 10:04:48.393 D/RIL     ( 1560): è¯·è¾“å…?0å›žä¸»èœå•¥å¬æˆ–å›žå¤åŽé”®å…¥åŠŸèƒ½ä»£ç 
05-10 10:04:48.393 D/RIL     ( 1560): 1. æˆ‘çš„å¸æˆ·
05-10 10:04:48.393 D/RIL     ( 1560): 2. å……å€¼ç¼´è´?
05-10 10:04:48.393 D/RIL     ( 1560): 3. å½©ç¥¨ä¸­å¿ƒ
05-10 10:04:48.393 D/RIL     ( 1560): 4. è¯è´¹å•†åŸŽ
05-10 10:04:48.393 D/RIL     ( 1560): 5. ä½¿ç”¨å¸®åŠ©, utf8 len = 150
05-10 10:04:48.393 D/RIL     ( 1560): unicodebig_to_utf8 ret_str=æœåŠ¡å‡ºé”™
05-10 10:04:48.393 D/RIL     ( 1560): è¯·è¾“å…?0å›žä¸»èœå•¥å¬æˆ–å›žå¤åŽé”®å…¥åŠŸèƒ½ä»£ç 
05-10 10:04:48.393 D/RIL     ( 1560): 1. æˆ‘çš„å¸æˆ·
05-10 10:04:48.393 D/RIL     ( 1560): 2. å……å€¼ç¼´è´?
05-10 10:04:48.393 D/RIL     ( 1560): 3. å½©ç¥¨ä¸­å¿ƒ
05-10 10:04:48.393 D/RIL     ( 1560): 4. è¯è´¹å•†åŸŽ
05-10 10:04:48.393 D/RIL     ( 1560): 5. ä½¿ç”¨å¸®åŠ©, retstr len = 150
05-10 10:04:48.393 D/RILC    ( 1560): [UNSL]< UNSOL_ON_USSD {1,æœåŠ¡å‡ºé”™
05-10 10:04:48.393 D/RILC    ( 1560): è¯·è¾“å…?0å›žä¸»èœå•¥å¬æˆ–å›žå¤åŽé”®å…¥åŠŸèƒ½ä»£ç 
05-10 10:04:48.393 D/RILC    ( 1560): 1. æˆ‘çš„å¸æˆ·
05-10 10:04:48.393 D/RILC    ( 1560): 2. å……å€¼ç¼´è´?
05-10 10:04:48.393 D/RILC    ( 1560): 3. å½©ç¥¨ä¸­å¿ƒ
05-10 10:04:48.393 D/RILC    ( 1560): 4. è¯è´¹å•†åŸŽ
05-10 10:04:48.393 D/RILC    ( 1560): 5. ä½¿ç”¨å¸®åŠ©}
05-10 10:04:48.393 D/RILJ    ( 1688): [UNSL]< UNSOL_ON_USSD 1
05-10 10:04:49.333 E/RILJ    ( 1688): Hit EOS reading message length
05-10 10:04:49.333 I/RILJ    ( 1688): Disconnected from 'rild' socket
05-10 10:04:49.333 D/RILB    ( 1688): Notifying: radio not available
05-10 10:04:49.333 D/RILB    ( 1688): Notifying: radio off or not available
05-10 10:04:49.333 D/GSM     ( 1688): Poll ServiceState done:  oldSS=[0 home CHINA MOBILE CHINA MOBILE 46000  EDGE CSS not supported 0 0RoamInd: 0DefRoamInd: 0EmergOnly: false] newSS=[1 home null null null  Unknown CSS not supported -1 -1RoamInd: -1DefRoamInd: -1EmergOnly: false] oldGprs=0 newGprs=0 oldType=EDGE newType=EDGE
05-10 10:04:49.413 D/RILJ    ( 1688): [0000]> GET_CURRENT_CALLS
05-10 10:04:49.423 D/RILJ    ( 1688): [0000]< GET_CURRENT_CALLS error: com.android.internal.telephony.CommandException: RADIO_NOT_AVAILABLE
05-10 10:04:49.433 D/GSM     ( 1688): GSMDataConnTrack handleMessage { what=12 when=257396 obj=android.os.AsyncResult@43f48a38 }
05-10 10:04:49.433 D/GSM     ( 1688): [GsmDataConnectionTracker] Radio is off and clean up all connection
05-10 10:04:49.443 D/GSM     ( 1688): [GsmDataConnectionTracker] Clean up connection due to radioTurnedOff
05-10 10:04:49.443 D/GSM     ( 1688): [GsmDataConnectionTracker] setState: DISCONNECTING
05-10 10:04:49.443 D/GSM     ( 1688): [GsmDataConnectionTracker] cleanUpConnection: !tearDown, call conn.resetSynchronously
05-10 10:04:49.443 D/GSM     ( 1688): [GsmDataConnection-1] DcActiveState nothandled msg.what=1
05-10 10:04:49.443 D/GSM     ( 1688): [GsmDataConnection-1] DcDefaultState: msg.what=EVENT_RESET
05-10 10:04:49.443 D/GSM     ( 1688): [GsmDataConnection-1] clearSettings
05-10 10:04:49.443 D/GSM     ( 1688): [GsmDataConnection-1] NotifyDisconnectCompleted
05-10 10:04:49.463 D/GSM     ( 1688): [DataConnection] Stop poll NetStat
05-10 10:04:49.463 D/GSM     ( 1688): [GsmDataConnectionTracker] cleanupConnection: !notificationDeferred
05-10 10:04:49.463 D/GSM     ( 1688): [GsmDataConnectionTracker] gotoIdleAndNotifyDataConnection: reason=radioTurnedOff
05-10 10:04:49.463 D/GSM     ( 1688): [GsmDataConnectionTracker] setState: IDLE
05-10 10:04:49.463 D/GSM     ( 1688): [GsmDataConnection-1] clearSettings
05-10 10:04:49.533 I/RIL     ( 1974): Opening tty device /dev/ttyU0
05-10 10:04:49.533 E/RIL     ( 1974): Opening tty device /dev/ttyU0 pid:1974
05-10 10:04:49.533 E/RIL     ( 1974): **** STERICSSON *** open /dev/ttyU0 returns fd=12 for pid=1974
05-10 10:04:49.533 E/RIL     ( 1974): retrieving tty attributes
05-10 10:04:49.533 E/RIL     ( 1974): setting tty raw attributes
05-10 10:04:49.663 D/GSM     ( 1688): [IccCard] Broadcasting intent ACTION_SIM_STATE_CHANGED NOT_READY reason null
05-10 10:04:51.533 D/RILC    ( 1974): [UNSL]< UNSOL_RESPONSE_RADIO_STATE_CHANGED  {RADIO_OFF}
05-10 10:04:51.533 D/AT      ( 1974): AT> ATE0Q0V1
05-10 10:04:51.543 D/AT      ( 1974): AT< ATE0Q0V1
05-10 10:04:51.543 E/RIL     ( 1974): unsupported URC : ATE0Q0V1
05-10 10:04:51.543 D/AT      ( 1974): AT< OK
05-10 10:04:51.793 D/AT      ( 1974): AT> ATE0Q0V1
05-10 10:04:51.793 D/AT      ( 1974): AT< OK
05-10 10:04:51.793 D/AT      ( 1974): AT> ATS0=0
05-10 10:04:51.793 D/AT      ( 1974): AT< OK
05-10 10:04:51.793 D/AT      ( 1974): AT> AT+CMEE=1
05-10 10:04:51.803 D/AT      ( 1974): AT< OK
05-10 10:04:51.803 D/AT      ( 1974): AT> AT+CREG=2
05-10 10:04:51.803 D/AT      ( 1974): AT< OK
05-10 10:04:51.803 D/AT      ( 1974): AT> AT+CFUN=1,0
05-10 10:04:51.803 D/AT      ( 1974): AT< OK
05-10 10:04:51.803 D/AT      ( 1974): AT> AT+CGREG=2
05-10 10:04:51.803 D/AT      ( 1974): AT< OK
05-10 10:04:51.803 D/AT      ( 1974): AT> AT+CCWA=1
05-10 10:04:51.803 D/AT      ( 1974): AT< OK
05-10 10:04:51.803 D/AT      ( 1974): AT> AT+CMOD=0
05-10 10:04:51.813 D/AT      ( 1974): AT< OK
05-10 10:04:51.813 D/AT      ( 1974): AT> AT+CMUT=0
05-10 10:04:51.813 D/AT      ( 1974): AT< +CME ERROR: 3
05-10 10:04:51.813 D/AT      ( 1974): AT> AT+CSSN=0,1
05-10 10:04:51.813 D/AT      ( 1974): AT< OK
05-10 10:04:51.813 D/AT      ( 1974): AT> AT+COLP=0
05-10 10:04:51.823 D/AT      ( 1974): AT< OK
05-10 10:04:51.823 D/AT      ( 1974): AT> AT+CUSD=1
05-10 10:04:51.823 D/AT      ( 1974): AT< +CME ERROR: 3
05-10 10:04:51.823 D/AT      ( 1974): AT> AT+CGEREP=1,0
05-10 10:04:51.823 D/AT      ( 1974): AT< OK
05-10 10:04:51.823 D/AT      ( 1974): AT> AT+CMGF=0
05-10 10:04:51.823 D/AT      ( 1974): AT< OK
05-10 10:04:51.823 D/AT      ( 1974): AT> AT*PSCSSC=1
05-10 10:04:51.823 D/AT      ( 1974): AT< OK
05-10 10:04:51.823 D/RIL     ( 1974): direct ip to be used: yes
05-10 10:04:51.823 D/RIL     ( 1974): Value :
05-10 10:04:51.823 D/RIL     ( 1974): Silent reset satus :
05-10 10:04:51.823 D/AT      ( 1974): AT> AT*PSSILRESET=0
05-10 10:04:51.833 D/AT      ( 1974): AT< OK
05-10 10:04:51.833 D/AT      ( 1974): AT> AT+CFUN?
05-10 10:04:51.833 D/AT      ( 1974): AT< +CFUN: 1
05-10 10:04:51.833 D/AT      ( 1974): AT< OK
05-10 10:04:51.833 D/RILC    ( 1974): [UNSL]< UNSOL_RESPONSE_RADIO_STATE_CHANGED  {RADIO_SIM_NOT_READY}
05-10 10:04:51.833 D/AT      ( 1974): AT> AT*PSUTTZ=1
05-10 10:04:51.833 D/AT      ( 1974): AT< OK
05-10 10:04:51.833 D/AT      ( 1974): AT> AT+CPIN?
05-10 10:04:51.863 D/AT      ( 1974): AT< +CPIN: READY
05-10 10:04:51.863 D/AT      ( 1974): AT< OK
05-10 10:04:51.863 D/RILC    ( 1974): [UNSL]< UNSOL_RESPONSE_RADIO_STATE_CHANGED  {RADIO_SIM_READY}
05-10 10:04:51.863 D/AT      ( 1974): AT> AT+CSMS=1
05-10 10:04:51.863 D/AT      ( 1974): AT< +CSMS: 1,1,1
05-10 10:04:51.863 D/AT      ( 1974): AT< OK
05-10 10:04:51.863 D/AT      ( 1974): AT> AT+CNMI=2,2,2,1,1
05-10 10:04:51.863 D/AT      ( 1974): AT< OK
05-10 10:04:53.335 I/RILJ    ( 1688): Connected to 'rild' socket
05-10 10:04:53.335 I/RILC    ( 1974): libril: new connection
05-10 10:04:53.335 D/RILC    ( 1974): [UNSL]< UNSOL_RESPONSE_RADIO_STATE_CHANGED  {RADIO_SIM_READY}
05-10 10:04:53.335 I/RILC    ( 1974): RIL Daemon version: android reference-ril 1.0
05-10 10:04:53.343 D/RILB    ( 1688): Notifying: radio available
05-10 10:04:53.343 D/RILJ    ( 1688): [0001]> SCREEN_STATE: true
05-10 10:04:53.343 D/RILJ    ( 1688): [0002]> OPERATOR
05-10 10:04:53.343 D/RILC    ( 1974): [0001]> SCREEN_STATE (1)
05-10 10:04:53.343 D/RIL     ( 1974): onRequest: SCREEN_STATE
05-10 10:04:53.343 D/RILC    ( 1974): [0001]< SCREEN_STATE
05-10 10:04:53.343 D/RILB    ( 1688): Notifying: SIM ready
05-10 10:04:53.343 D/RILB    ( 1688): Notifying: Radio On
05-10 10:04:53.343 D/RILJ    ( 1688): [UNSL]< UNSOL_RESPONSE_RADIO_STATE_CHANGED SIM_READY
05-10 10:04:53.353 D/RILC    ( 1974): [0002]> OPERATOR
05-10 10:04:53.353 D/RIL     ( 1974): onRequest: OPERATOR
05-10 10:04:53.353 D/AT      ( 1974): AT> AT+COPS=3,0;+COPS?;+COPS=3,2;+COPS?
05-10 10:04:53.353 D/AT      ( 1974): AT< +COPS: 0,0,"CHINA MOBILE",3
05-10 10:04:53.353 D/AT      ( 1974): AT< +COPS: 0,2,"46000",3
05-10 10:04:53.353 D/AT      ( 1974): AT< OK
05-10 10:04:53.353 D/RILC    ( 1974): [0002]< OPERATOR {CHINA MOBILE,CHINA MOBILE,46000}
05-10 10:04:53.363 D/RILJ    ( 1688): [0003]> GPRS_REGISTRATION_STATE
05-10 10:04:53.363 D/RILJ    ( 1688): [0001]< SCREEN_STATE
05-10 10:04:53.373 D/RILC    ( 1974): [0003]> GPRS_REGISTRATION_STATE
05-10 10:04:53.373 D/RIL     ( 1974): onRequest: GPRS_REGISTRATION_STATE
05-10 10:04:53.373 D/AT      ( 1974): AT> AT+CGREG?
05-10 10:04:53.373 D/AT      ( 1974): AT< +CGREG: 2,1,"11D9","00007619",3,"64"
05-10 10:04:53.373 D/AT      ( 1974): AT< OK
05-10 10:04:53.373 D/RILC    ( 1974): [0003]< GPRS_REGISTRATION_STATE {1,11d9,7619,2}
05-10 10:04:53.373 D/RILJ    ( 1688): [0004]> REGISTRATION_STATE
05-10 10:04:53.383 D/RILJ    ( 1688): [0002]< OPERATOR {CHINA MOBILE, CHINA MOBILE, 46000}
05-10 10:04:53.383 D/RILJ    ( 1688): [0003]< GPRS_REGISTRATION_STATE {1, 11d9, 7619, 2}
05-10 10:04:53.383 D/RILC    ( 1974): [0004]> REGISTRATION_STATE
05-10 10:04:53.383 D/RIL     ( 1974): onRequest: REGISTRATION_STATE
05-10 10:04:53.383 D/AT      ( 1974): AT> AT+CREG?
05-10 10:04:53.383 D/AT      ( 1974): AT< +CREG: 2,1,"11D9","00007619",3
05-10 10:04:53.383 D/AT      ( 1974): AT< OK
05-10 10:04:53.383 D/RILC    ( 1974): [0004]< REGISTRATION_STATE {1,11d9,7619,2}
05-10 10:04:53.393 D/RILJ    ( 1688): [0005]> QUERY_NETWORK_SELECTION_MODE
05-10 10:04:53.393 D/RILC    ( 1974): [0005]> QUERY_NETWORK_SELECTION_MODE
05-10 10:04:53.393 D/RIL     ( 1974): onRequest: QUERY_NETWORK_SELECTION_MODE
05-10 10:04:53.393 D/AT      ( 1974): AT> AT+COPS?
05-10 10:04:53.393 D/AT      ( 1974): AT< +COPS: 0,2,"46000",3
05-10 10:04:53.393 D/AT      ( 1974): AT< OK
05-10 10:04:53.393 D/RILC    ( 1974): [0005]< QUERY_NETWORK_SELECTION_MODE {0}
05-10 10:04:53.403 D/RILJ    ( 1688): [0004]< REGISTRATION_STATE {1, 11d9, 7619, 2}
05-10 10:04:53.403 D/RILJ    ( 1688): [0005]< QUERY_NETWORK_SELECTION_MODE {0}
05-10 10:04:53.403 D/GSM     ( 1688): GSMDataConnTrack handleMessage { what=3 when=261402 obj=android.os.AsyncResult@43f4ebb0 }
05-10 10:04:53.403 D/RILJ    ( 1688): [0006]> BASEBAND_VERSION
05-10 10:04:53.413 D/RILC    ( 1974): [0006]> BASEBAND_VERSION
05-10 10:04:53.413 D/RIL     ( 1974): onRequest: BASEBAND_VERSION
05-10 10:04:53.413 D/AT      ( 1974): AT> ATI3
05-10 10:04:53.413 D/AT      ( 1974): AT< 40007100F1360104
05-10 10:04:53.413 D/AT      ( 1974): AT< OK
05-10 10:04:53.413 D/RILC    ( 1974): [0006]< BASEBAND_VERSION {40007100F1360104}
05-10 10:04:53.413 D/RILJ    ( 1688): [0007]> GET_IMEI
05-10 10:04:53.423 D/RILJ    ( 1688): [0006]< BASEBAND_VERSION 40007100F1360104
05-10 10:04:53.433 D/RILC    ( 1974): [0007]> GET_IMEI
05-10 10:04:53.433 D/RIL     ( 1974): onRequest: GET_IMEI
05-10 10:04:53.433 D/AT      ( 1974): AT> AT+CGSN
05-10 10:04:53.433 D/AT      ( 1974): AT< 000000000000000
05-10 10:04:53.433 D/AT      ( 1974): AT< OK
05-10 10:04:53.433 D/RILC    ( 1974): [0007]< GET_IMEI {000000000000000}
05-10 10:04:53.433 D/RILJ    ( 1688): [0008]> GET_IMEISV
05-10 10:04:53.433 D/RILJ    ( 1688): [0007]< GET_IMEI
05-10 10:04:53.443 D/RILC    ( 1974): [0008]> GET_IMEISV
05-10 10:04:53.443 D/RIL     ( 1974): onRequest: GET_IMEISV
05-10 10:04:53.443 D/AT      ( 1974): AT> AT*PSIMEISV?
05-10 10:04:53.443 D/AT      ( 1974): AT< *PSIMEISV: 000000 00 000000 01
05-10 10:04:53.443 D/AT      ( 1974): AT< OK
05-10 10:04:53.443 D/RILC    ( 1974): [0008]< GET_IMEISV {000000 00 000000 01}
05-10 10:04:53.443 D/RILJ    ( 1688): [0008]< GET_IMEISV
05-10 10:04:53.443 D/RILJ    ( 1688): [0009]> OPERATOR
05-10 10:04:53.453 D/RILC    ( 1974): [0009]> OPERATOR
05-10 10:04:53.453 D/RIL     ( 1974): onRequest: OPERATOR
05-10 10:04:53.453 D/AT      ( 1974): AT> AT+COPS=3,0;+COPS?;+COPS=3,2;+COPS?
05-10 10:04:53.453 D/AT      ( 1974): AT< +COPS: 0,0,"CHINA MOBILE",3
05-10 10:04:53.453 D/AT      ( 1974): AT< +COPS: 0,2,"46000",3
05-10 10:04:53.453 D/AT      ( 1974): AT< OK
05-10 10:04:53.453 D/RILC    ( 1974): [0009]< OPERATOR {CHINA MOBILE,CHINA MOBILE,46000}
05-10 10:04:53.453 D/RILJ    ( 1688): [0010]> GPRS_REGISTRATION_STATE
05-10 10:04:53.463 D/RILJ    ( 1688): [0009]< OPERATOR {CHINA MOBILE, CHINA MOBILE, 46000}
05-10 10:04:53.463 D/RILC    ( 1974): [0010]> GPRS_REGISTRATION_STATE
05-10 10:04:53.463 D/RIL     ( 1974): onRequest: GPRS_REGISTRATION_STATE
05-10 10:04:53.463 D/AT      ( 1974): AT> AT+CGREG?
05-10 10:04:53.463 D/AT      ( 1974): AT< +CGREG: 2,1,"11D9","00007619",3,"64"
05-10 10:04:53.463 D/AT      ( 1974): AT< OK
05-10 10:04:53.463 D/RILC    ( 1974): [0010]< GPRS_REGISTRATION_STATE {1,11d9,7619,2}
05-10 10:04:53.463 D/RILJ    ( 1688): [0010]< GPRS_REGISTRATION_STATE {1, 11d9, 7619, 2}
05-10 10:04:53.473 D/RILJ    ( 1688): [0011]> REGISTRATION_STATE
05-10 10:04:53.473 D/RILC    ( 1974): [0011]> REGISTRATION_STATE
05-10 10:04:53.473 D/RIL     ( 1974): onRequest: REGISTRATION_STATE
05-10 10:04:53.473 D/AT      ( 1974): AT> AT+CREG?
05-10 10:04:53.473 D/AT      ( 1974): AT< +CREG: 2,1,"11D9","00007619",3
05-10 10:04:53.473 D/AT      ( 1974): AT< OK
05-10 10:04:53.483 D/RILC    ( 1974): [0011]< REGISTRATION_STATE {1,11d9,7619,2}
05-10 10:04:53.483 D/RILJ    ( 1688): [0011]< REGISTRATION_STATE {1, 11d9, 7619, 2}
05-10 10:04:53.483 D/RILJ    ( 1688): [0012]> QUERY_NETWORK_SELECTION_MODE
05-10 10:04:53.493 D/RILC    ( 1974): [0012]> QUERY_NETWORK_SELECTION_MODE
05-10 10:04:53.493 D/RIL     ( 1974): onRequest: QUERY_NETWORK_SELECTION_MODE
05-10 10:04:53.493 D/AT      ( 1974): AT> AT+COPS?
05-10 10:04:53.493 D/AT      ( 1974): AT< +COPS: 0,2,"46000",3
05-10 10:04:53.493 D/AT      ( 1974): AT< OK
05-10 10:04:53.493 D/RILC    ( 1974): [0012]< QUERY_NETWORK_SELECTION_MODE {0}
05-10 10:04:53.503 D/RILJ    ( 1688): [0012]< QUERY_NETWORK_SELECTION_MODE {0}
05-10 10:04:53.503 D/GSM     ( 1688): [IccCard] Broadcasting intent ACTION_SIM_STATE_CHANGED READY reason null
05-10 10:04:53.523 V/GSM     ( 1688): SIMRecords:fetchSimRecords 0
05-10 10:04:53.523 D/RILJ    ( 1688): [0013]> getIMSI:RIL_REQUEST_GET_IMSI 11 GET_IMSI
05-10 10:04:53.533 D/RILC    ( 1974): [0013]> GET_IMSI
05-10 10:04:53.533 D/RIL     ( 1974): onRequest: GET_IMSI
05-10 10:04:53.533 D/AT      ( 1974): AT> AT+CIMI
05-10 10:04:53.543 D/AT      ( 1974): AT< 460028114546112
05-10 10:04:53.543 D/AT      ( 1974): AT< OK
05-10 10:04:53.543 D/RILC    ( 1974): [0013]< GET_IMSI {460028114546112}
05-10 10:04:53.543 D/RILJ    ( 1688): [0013]< GET_IMSI
05-10 10:04:53.543 D/RILJ    ( 1688): [0014]> iccIO: SIM_IO 0xc0 0x2fe2  path: 3F00,0,0,15
05-10 10:04:53.553 D/RILC    ( 1974): [0014]> SIM_IO (cmd=0xC0,efid=0x2FE2,path=3F00,0,0,15,(null),pin2=(null))
05-10 10:04:53.553 D/RIL     ( 1974): onRequest: SIM_IO
05-10 10:04:53.553 D/AT      ( 1974): AT> AT+CRSM=192,12258,0,0,15
05-10 10:04:53.563 D/RILJ    ( 1688): [0015]> iccIO: SIM_IO 0xc0 0x6f40  path: 3F007F10,0,0,15
05-10 10:04:53.573 D/RILJ    ( 1688): [0016]> iccIO: SIM_IO 0xc0 0x6fc9  path: 3F007F20,0,0,15
05-10 10:04:53.573 D/RILJ    ( 1688): [0017]> iccIO: SIM_IO 0xc0 0x6fad  path: 3F007F20,0,0,15
05-10 10:04:53.583 D/RILJ    ( 1688): [0018]> iccIO: SIM_IO 0xc0 0x6fca  path: 3F007F20,0,0,15
05-10 10:04:53.583 D/RILJ    ( 1688): [0019]> iccIO: SIM_IO 0xc0 0x6f11  path: 3F007F20,0,0,15
05-10 10:04:53.593 D/AT      ( 1974): AT< +CRSM: 144,0,"0000000A2FE204000BFFBB21020000"
05-10 10:04:53.593 D/AT      ( 1974): AT< OK
05-10 10:04:53.593 D/RILC    ( 1974): [0014]< SIM_IO {sw1=0x90,sw2=0x0,0000000A2FE204000BFFBB21020000}
05-10 10:04:53.593 D/RILC    ( 1974): [0015]> SIM_IO (cmd=0xC0,efid=0x6F40,path=3F007F10,0,0,15,(null),pin2=(null))
05-10 10:04:53.593 D/RIL     ( 1974): onRequest: SIM_IO
05-10 10:04:53.593 D/AT      ( 1974): AT> AT+CRSM=192,28480,0,0,15
05-10 10:04:53.593 D/RILJ    ( 1688): < iccIO:  0x90 0x0 0000000A2FE204000BFFBB21020000
05-10 10:04:53.593 D/RILJ    ( 1688): [0014]< SIM_IO IccIoResponse sw1:0x90 sw2:0x0
05-10 10:04:53.603 D/RILJ    ( 1688): [0020]> iccIO: SIM_IO 0xc0 0x6fcb  path: 3F007F20,0,0,15
05-10 10:04:53.603 D/RILJ    ( 1688): [0021]> iccIO: SIM_IO 0xc0 0x6f13  path: 3F007F20,0,0,15
05-10 10:04:53.613 D/RILJ    ( 1688): [0022]> iccIO: SIM_IO 0xc0 0x6f46  path: 3F007F20,0,0,15
05-10 10:04:53.613 D/RILJ    ( 1688): [0023]> iccIO: SIM_IO 0xc0 0x6fcd  path: 3F007F20,0,0,15
05-10 10:04:53.623 D/AT      ( 1974): AT< +CRSM: 144,0,"000000386F40040011FFBB2102011C"
05-10 10:04:53.623 D/AT      ( 1974): AT< OK
05-10 10:04:53.623 D/RILC    ( 1974): [0015]< SIM_IO {sw1=0x90,sw2=0x0,000000386F40040011FFBB2102011C}
05-10 10:04:53.623 D/RILC    ( 1974): [0016]> SIM_IO (cmd=0xC0,efid=0x6FC9,path=3F007F20,0,0,15,(null),pin2=(null))
05-10 10:04:53.623 D/RIL     ( 1974): onRequest: SIM_IO
05-10 10:04:53.623 D/AT      ( 1974): AT> AT+CRSM=192,28617,0,0,15
05-10 10:04:53.623 D/RILJ    ( 1688): < iccIO:  0x90 0x0 000000386F40040011FFBB2102011C
05-10 10:04:53.623 D/RILJ    ( 1688): [0015]< SIM_IO IccIoResponse sw1:0x90 sw2:0x0
05-10 10:04:53.633 D/RILJ    ( 1688): [0024]> iccIO: SIM_IO 0xc0 0x6fc5  path: 3F007F20,0,0,15
05-10 10:04:53.633 D/RILJ    ( 1688): [0025]> iccIO: SIM_IO 0xc0 0x6f38  path: 3F007F20,0,0,15
05-10 10:04:53.643 D/RILJ    ( 1688): [0026]> iccIO: SIM_IO 0xc0 0x6f16  path: 3F007F20,0,0,15
05-10 10:04:53.653 V/GSM     ( 1688): Check if IMSI shalll be read againnull
05-10 10:04:53.653 V/GSM     ( 1688): Force to get IMSI again
05-10 10:04:53.653 D/RILJ    ( 1688): [0027]> getIMSI:RIL_REQUEST_GET_IMSI 11 GET_IMSI
05-10 10:04:53.653 D/RILJ    ( 1688): [0028]> GET_SIM_STATUS
05-10 10:04:53.663 D/RILJ    ( 1688): [0029]> QUERY_FACILITY_LOCK
05-10 10:04:53.663 D/AT      ( 1974): AT< +CRSM: 148,4
05-10 10:04:53.663 D/AT      ( 1974): AT< OK
05-10 10:04:53.663 D/RILC    ( 1974): [0016]< SIM_IO {sw1=0x94,sw2=0x4,(null)}
05-10 10:04:53.663 D/RILC    ( 1974): [0017]> SIM_IO (cmd=0xC0,efid=0x6FAD,path=3F007F20,0,0,15,(null),pin2=(null))
05-10 10:04:53.663 D/RIL     ( 1974): onRequest: SIM_IO
05-10 10:04:53.663 D/AT      ( 1974): AT> AT+CRSM=192,28589,0,0,15
05-10 10:04:53.663 D/RILJ    ( 1688): < iccIO:  0x94 0x4 null
05-10 10:04:53.663 D/RILJ    ( 1688): [0016]< SIM_IO IccIoResponse sw1:0x94 sw2:0x4
05-10 10:04:53.673 D/RILJ    ( 1688): [0030]> QUERY_FACILITY_LOCK
05-10 10:04:53.673 D/RILJ    ( 1688): [0031]> GET_CURRENT_CALLS
05-10 10:04:53.683 D/GSM     ( 1688): Baseband version: 40007100F1360104
05-10 10:04:53.683 D/AT      ( 1974): AT< +CRSM: 144,0,"000000036FAD04000BFFBB21020000"
05-10 10:04:53.683 D/AT      ( 1974): AT< OK
05-10 10:04:53.683 D/RILC    ( 1974): [0017]< SIM_IO {sw1=0x90,sw2=0x0,000000036FAD04000BFFBB21020000}
05-10 10:04:53.683 D/RILC    ( 1974): [0018]> SIM_IO (cmd=0xC0,efid=0x6FCA,path=3F007F20,0,0,15,(null),pin2=(null))
05-10 10:04:53.683 D/RIL     ( 1974): onRequest: SIM_IO
05-10 10:04:53.683 D/AT      ( 1974): AT> AT+CRSM=192,28618,0,0,15
05-10 10:04:53.683 D/RILJ    ( 1688): < iccIO:  0x90 0x0 000000036FAD04000BFFBB21020000
05-10 10:04:53.693 D/RILJ    ( 1688): [0017]< SIM_IO IccIoResponse sw1:0x90 sw2:0x0
05-10 10:04:53.693 D/GSM     ( 1688): Poll ServiceState done:  oldSS=[1 home null null null  Unknown CSS not supported -1 -1RoamInd: -1DefRoamInd: -1EmergOnly: false] newSS=[0 home CHINA MOBILE CHINA MOBILE 46000  EDGE CSS not supported -1 -1RoamInd: -1DefRoamInd: -1EmergOnly: false] oldGprs=0 newGprs=0 oldType=EDGE newType=EDGE
05-10 10:04:53.703 D/AT      ( 1974): AT< +CRSM: 148,4
05-10 10:04:53.703 D/AT      ( 1974): AT< OK
05-10 10:04:53.703 D/RILC    ( 1974): [0018]< SIM_IO {sw1=0x94,sw2=0x4,(null)}
05-10 10:04:53.703 D/RILC    ( 1974): [0019]> SIM_IO (cmd=0xC0,efid=0x6F11,path=3F007F20,0,0,15,(null),pin2=(null))
05-10 10:04:53.703 D/RIL     ( 1974): onRequest: SIM_IO
05-10 10:04:53.703 D/AT      ( 1974): AT> AT+CRSM=192,28433,0,0,15
05-10 10:04:53.703 D/RILJ    ( 1688): < iccIO:  0x94 0x4 null
05-10 10:04:53.703 D/RILJ    ( 1688): [0018]< SIM_IO IccIoResponse sw1:0x94 sw2:0x4
05-10 10:04:53.723 D/AT      ( 1974): AT< +CRSM: 148,4
05-10 10:04:53.723 D/AT      ( 1974): AT< OK
05-10 10:04:53.723 D/RILC    ( 1974): [0019]< SIM_IO {sw1=0x94,sw2=0x4,(null)}
05-10 10:04:53.723 D/RILC    ( 1974): [0020]> SIM_IO (cmd=0xC0,efid=0x6FCB,path=3F007F20,0,0,15,(null),pin2=(null))
05-10 10:04:53.723 D/RIL     ( 1974): onRequest: SIM_IO
05-10 10:04:53.723 D/AT      ( 1974): AT> AT+CRSM=192,28619,0,0,15
05-10 10:04:53.723 D/RILJ    ( 1688): < iccIO:  0x94 0x4 null
05-10 10:04:53.723 D/RILJ    ( 1688): [0019]< SIM_IO IccIoResponse sw1:0x94 sw2:0x4
05-10 10:04:53.733 D/AT      ( 1974): AT< +CRSM: 148,4
05-10 10:04:53.733 D/AT      ( 1974): AT< OK
05-10 10:04:53.733 D/RILC    ( 1974): [0020]< SIM_IO {sw1=0x94,sw2=0x4,(null)}
05-10 10:04:53.733 D/RILC    ( 1974): [0021]> SIM_IO (cmd=0xC0,efid=0x6F13,path=3F007F20,0,0,15,(null),pin2=(null))
05-10 10:04:53.733 D/RIL     ( 1974): onRequest: SIM_IO
05-10 10:04:53.733 D/AT      ( 1974): AT> AT+CRSM=192,28435,0,0,15
05-10 10:04:53.733 D/RILJ    ( 1688): < iccIO:  0x94 0x4 null
05-10 10:04:53.733 D/RILJ    ( 1688): [0020]< SIM_IO IccIoResponse sw1:0x94 sw2:0x4
05-10 10:04:53.753 D/AT      ( 1974): AT< +CRSM: 148,4
05-10 10:04:53.753 D/AT      ( 1974): AT< OK
05-10 10:04:53.753 D/RILC    ( 1974): [0021]< SIM_IO {sw1=0x94,sw2=0x4,(null)}
05-10 10:04:53.753 D/RILC    ( 1974): [0022]> SIM_IO (cmd=0xC0,efid=0x6F46,path=3F007F20,0,0,15,(null),pin2=(null))
05-10 10:04:53.753 D/RIL     ( 1974): onRequest: SIM_IO
05-10 10:04:53.753 D/AT      ( 1974): AT> AT+CRSM=192,28486,0,0,15
05-10 10:04:53.753 D/RILJ    ( 1688): < iccIO:  0x94 0x4 null
05-10 10:04:53.753 D/RILJ    ( 1688): [0021]< SIM_IO IccIoResponse sw1:0x94 sw2:0x4
05-10 10:04:53.773 D/AT      ( 1974): AT< +CRSM: 144,0,"000000116F4604000BFFBB21020000"
05-10 10:04:53.773 D/AT      ( 1974): AT< OK
05-10 10:04:53.773 D/RILC    ( 1974): [0022]< SIM_IO {sw1=0x90,sw2=0x0,000000116F4604000BFFBB21020000}
05-10 10:04:53.773 D/RILC    ( 1974): [0023]> SIM_IO (cmd=0xC0,efid=0x6FCD,path=3F007F20,0,0,15,(null),pin2=(null))
05-10 10:04:53.773 D/RIL     ( 1974): onRequest: SIM_IO
05-10 10:04:53.773 D/AT      ( 1974): AT> AT+CRSM=192,28621,0,0,15
05-10 10:04:53.773 D/RILJ    ( 1688): < iccIO:  0x90 0x0 000000116F4604000BFFBB21020000
05-10 10:04:53.773 D/RILJ    ( 1688): [0022]< SIM_IO IccIoResponse sw1:0x90 sw2:0x0
05-10 10:04:53.783 D/GSM     ( 1688): IMSI: 460028xxxxxxxxx
05-10 10:04:53.783 D/GSM     ( 1688): [IccCard] Broadcasting intent ACTION_SIM_STATE_CHANGED IMSI reason null
05-10 10:04:53.783 D/AT      ( 1974): AT< +CRSM: 148,4
05-10 10:04:53.783 D/AT      ( 1974): AT< OK
05-10 10:04:53.783 D/RILC    ( 1974): [0023]< SIM_IO {sw1=0x94,sw2=0x4,(null)}
05-10 10:04:53.793 D/RILC    ( 1974): [0024]> SIM_IO (cmd=0xC0,efid=0x6FC5,path=3F007F20,0,0,15,(null),pin2=(null))
05-10 10:04:53.793 D/RIL     ( 1974): onRequest: SIM_IO
05-10 10:04:53.793 D/AT      ( 1974): AT> AT+CRSM=192,28613,0,0,15
05-10 10:04:53.793 D/RILJ    ( 1688): < iccIO:  0x94 0x4 null
05-10 10:04:53.793 D/RILJ    ( 1688): [0023]< SIM_IO IccIoResponse sw1:0x94 sw2:0x4
05-10 10:04:53.803 D/AT      ( 1974): AT< +CRSM: 148,4
05-10 10:04:53.803 D/AT      ( 1974): AT< OK
05-10 10:04:53.803 D/RILC    ( 1974): [0024]< SIM_IO {sw1=0x94,sw2=0x4,(null)}
05-10 10:04:53.803 D/RILC    ( 1974): [0025]> SIM_IO (cmd=0xC0,efid=0x6F38,path=3F007F20,0,0,15,(null),pin2=(null))
05-10 10:04:53.803 D/RIL     ( 1974): onRequest: SIM_IO
05-10 10:04:53.803 D/AT      ( 1974): AT> AT+CRSM=192,28472,0,0,15
05-10 10:04:53.803 D/RILJ    ( 1688): < iccIO:  0x94 0x4 null
05-10 10:04:53.803 D/RILJ    ( 1688): [0024]< SIM_IO IccIoResponse sw1:0x94 sw2:0x4
05-10 10:04:53.823 D/AT      ( 1974): AT< +CRSM: 144,0,"000000096F3804001BFFBB21020000"
05-10 10:04:53.823 D/AT      ( 1974): AT< OK
05-10 10:04:53.823 D/RILC    ( 1974): [0025]< SIM_IO {sw1=0x90,sw2=0x0,000000096F3804001BFFBB21020000}
05-10 10:04:53.823 D/RILC    ( 1974): [0026]> SIM_IO (cmd=0xC0,efid=0x6F16,path=3F007F20,0,0,15,(null),pin2=(null))
05-10 10:04:53.823 D/RIL     ( 1974): onRequest: SIM_IO
05-10 10:04:53.823 D/AT      ( 1974): AT> AT+CRSM=192,28438,0,0,15
05-10 10:04:53.823 D/RILJ    ( 1688): < iccIO:  0x90 0x0 000000096F3804001BFFBB21020000
05-10 10:04:53.823 D/RILJ    ( 1688): [0025]< SIM_IO IccIoResponse sw1:0x90 sw2:0x0
05-10 10:04:53.833 D/RILJ    ( 1688): [0032]> iccIO: SIM_IO 0xb0 0x2fe2  path: 3F00,0,0,10
05-10 10:04:53.833 D/AT      ( 1974): AT< +CRSM: 148,4
05-10 10:04:53.833 D/AT      ( 1974): AT< OK
05-10 10:04:53.833 D/RILC    ( 1974): [0026]< SIM_IO {sw1=0x94,sw2=0x4,(null)}
05-10 10:04:53.843 D/RILJ    ( 1688): < iccIO:  0x94 0x4 null
05-10 10:04:53.843 D/RILJ    ( 1688): [0026]< SIM_IO IccIoResponse sw1:0x94 sw2:0x4
05-10 10:04:53.843 D/RILC    ( 1974): [0027]> GET_IMSI
05-10 10:04:53.843 D/RIL     ( 1974): onRequest: GET_IMSI
05-10 10:04:53.843 D/AT      ( 1974): AT> AT+CIMI
05-10 10:04:53.843 D/AT      ( 1974): AT< 460028114546112
05-10 10:04:53.843 D/AT      ( 1974): AT< OK
05-10 10:04:53.843 D/RILC    ( 1974): [0027]< GET_IMSI {460028114546112}
05-10 10:04:53.843 D/RILC    ( 1974): [0028]> GET_SIM_STATUS
05-10 10:04:53.843 D/RIL     ( 1974): onRequest: GET_SIM_STATUS
05-10 10:04:53.843 D/AT      ( 1974): AT> AT+CPIN?
05-10 10:04:53.853 D/RILJ    ( 1688): [0027]< GET_IMSI
05-10 10:04:53.863 D/RILJ    ( 1688): [0033]> iccIO: SIM_IO 0xb2 0x6f40  path: 3F007F10,1,4,28
05-10 10:04:53.913 D/RILJ    ( 1688): [0034]> iccIO: SIM_IO 0xb0 0x6fad  path: 3F007F20,0,0,3
05-10 10:04:53.933 D/RILJ    ( 1688): [0035]> iccIO: SIM_IO 0xb0 0x6f46  path: 3F007F20,0,0,17
05-10 10:04:53.963 D/RILJ    ( 1688): [0036]> iccIO: SIM_IO 0xb0 0x6f38  path: 3F007F20,0,0,9
05-10 10:04:53.973 D/GSM     ( 1688): IMSI: 460028xxxxxxxxx
05-10 10:04:53.973 D/GSM     ( 1688): [IccCard] Broadcasting intent ACTION_SIM_STATE_CHANGED IMSI reason null
05-10 10:04:54.003 D/RILJ    ( 1688): [0037]> iccIO: SIM_IO 0xc0 0x6f17  path: 3F007F20,0,0,15
05-10 10:04:54.614 D/AT      ( 1974): AT< +CPIN: READY
05-10 10:04:54.614 D/AT      ( 1974): AT< OK
05-10 10:04:54.614 D/RILC    ( 1974): [0028]< GET_SIM_STATUS {[app_type=1,app_state=5,perso_substate=2,                aid_ptr=(null),app_label_ptr=(null),pin1_replaced=0,pin1=0,pin2=0],}
05-10 10:04:54.614 D/AT      ( 1974): AT> AT+CPIN?
05-10 10:04:54.614 D/RILJ    ( 1688): [0028]< GET_SIM_STATUS com.android.internal.telephony.IccCardStatus@43f61d00
05-10 10:04:54.643 D/AT      ( 1974): AT< +CPIN: READY
05-10 10:04:54.643 D/AT      ( 1974): AT< OK
05-10 10:04:54.643 D/AT      ( 1974): AT< +GTKI: "D0268103012100820281028D1B086CA19519FF0162115C31662F004D002D005A006F006E00654EBA"
05-10 10:04:54.643 D/RILC    ( 1974): [UNSL]< UNSOL_STK_PROACTIVE_COMMAND {D0268103012100820281028D1B086CA19519FF0162115C31662F004D002D005A006F006E00654EBA}
05-10 10:04:54.643 D/RILJ    ( 1688): [UNSL]< UNSOL_STK_PROACTIVE_COMMAND D0268103012100820281028D1B086CA19519FF0162115C31662F004D002D005A006F006E00654EBA
05-10 10:04:54.643 D/STK     ( 1688): StkService: ril message arrived
05-10 10:04:54.643 D/STK     ( 1688): CommandParamsFactory: process DisplayText
05-10 10:04:54.653 D/RIL     ( 1974):   updateRadioStateAfterSimStatus
05-10 10:04:54.653 D/RILC    ( 1974): [0029]> QUERY_FACILITY_LOCK (SC,,7)
05-10 10:04:54.653 D/RIL     ( 1974): onRequest: QUERY_FACILITY_LOCK
05-10 10:04:54.653 D/AT      ( 1974): AT> AT+CLCK="SC",2,"",7
05-10 10:04:54.663 D/AT      ( 1974): AT< +CLCK: 0
05-10 10:04:54.663 D/AT      ( 1974): AT< OK
05-10 10:04:54.663 D/RILC    ( 1974): [0029]< QUERY_FACILITY_LOCK {0}
05-10 10:04:54.663 D/RILC    ( 1974): [0030]> QUERY_FACILITY_LOCK (FD,,7)
05-10 10:04:54.663 D/RIL     ( 1974): onRequest: QUERY_FACILITY_LOCK
05-10 10:04:54.663 D/AT      ( 1974): AT> AT+CLCK="FD",2,"",7
05-10 10:04:54.673 D/AT      ( 1974): AT< +CLCK: 0
05-10 10:04:54.673 D/AT      ( 1974): AT< OK
05-10 10:04:54.673 D/RILC    ( 1974): [0030]< QUERY_FACILITY_LOCK {0}
05-10 10:04:54.673 D/RILC    ( 1974): [0031]> GET_CURRENT_CALLS
05-10 10:04:54.673 D/RIL     ( 1974): onRequest: GET_CURRENT_CALLS
05-10 10:04:54.673 D/AT      ( 1974): AT> AT+CLCC
05-10 10:04:54.673 D/AT      ( 1974): AT< OK
05-10 10:04:54.683 D/RILC    ( 1974): [0031]< GET_CURRENT_CALLS }
05-10 10:04:54.683 D/RILC    ( 1974): [0032]> SIM_IO (cmd=0xB0,efid=0x2FE2,path=3F00,0,0,10,(null),pin2=(null))
05-10 10:04:54.683 D/RIL     ( 1974): onRequest: SIM_IO
05-10 10:04:54.683 D/AT      ( 1974): AT> AT+CRSM=176,12258,0,0,10
05-10 10:04:54.703 D/RILJ    ( 1688): [0029]< QUERY_FACILITY_LOCK {0}
05-10 10:04:54.703 D/RILJ    ( 1688): [0030]< QUERY_FACILITY_LOCK {0}
05-10 10:04:54.703 D/RILJ    ( 1688): [0031]< GET_CURRENT_CALLS
05-10 10:04:54.733 D/STK     ( 1688): StkService: DISPLAY_TEXT
05-10 10:04:54.753 D/AT      ( 1974): AT< +CRSM: 144,0,"98680011100101804102"
05-10 10:04:54.763 D/AT      ( 1974): AT< OK
05-10 10:04:54.763 D/RILC    ( 1974): [0032]< SIM_IO {sw1=0x90,sw2=0x0,98680011100101804102}
05-10 10:04:54.763 D/RILC    ( 1974): [0033]> SIM_IO (cmd=0xB2,efid=0x6F40,path=3F007F10,1,4,28,(null),pin2=(null))
05-10 10:04:54.763 D/RIL     ( 1974): onRequest: SIM_IO
05-10 10:04:54.763 D/AT      ( 1974): AT> AT+CRSM=178,28480,1,4,28
05-10 10:04:54.763 D/RILJ    ( 1688): < iccIO:  0x90 0x0 98680011100101804102
05-10 10:04:54.763 D/RILJ    ( 1688): [0032]< SIM_IO IccIoResponse sw1:0x90 sw2:0x0
05-10 10:04:54.794 D/GSM     ( 1688): [IccCard] Query facility lock : false
05-10 10:04:54.794 D/GSM     ( 1688): [IccCard] Query facility lock : false
05-10 10:04:54.813 D/AT      ( 1974): AT< +CRSM: 144,0,"FFFFFFFFFFFFFFFFFFFFFFFFFFFFFFFFFFFFFFFFFFFFFFFFFFFFFFFF"
05-10 10:04:54.813 D/AT      ( 1974): AT< OK
05-10 10:04:54.813 D/RILC    ( 1974): [0033]< SIM_IO {sw1=0x90,sw2=0x0,FFFFFFFFFFFFFFFFFFFFFFFFFFFFFFFFFFFFFFFFFFFFFFFFFFFFFFFF}
05-10 10:04:54.813 D/RILC    ( 1974): [0034]> SIM_IO (cmd=0xB0,efid=0x6FAD,path=3F007F20,0,0,3,(null),pin2=(null))
05-10 10:04:54.813 D/RIL     ( 1974): onRequest: SIM_IO
05-10 10:04:54.813 D/AT      ( 1974): AT> AT+CRSM=176,28589,0,0,3
05-10 10:04:54.813 D/RILJ    ( 1688): < iccIO:  0x90 0x0 FFFFFFFFFFFFFFFFFFFFFFFFFFFFFFFFFFFFFFFFFFFFFFFFFFFFFFFF
05-10 10:04:54.813 D/RILJ    ( 1688): [0033]< SIM_IO IccIoResponse sw1:0x90 sw2:0x0
05-10 10:04:54.883 D/AT      ( 1974): AT< +CRSM: 144,0,"000000"
05-10 10:04:54.883 D/AT      ( 1974): AT< OK
05-10 10:04:54.883 D/RILC    ( 1974): [0034]< SIM_IO {sw1=0x90,sw2=0x0,000000}
05-10 10:04:54.883 D/RILC    ( 1974): [0035]> SIM_IO (cmd=0xB0,efid=0x6F46,path=3F007F20,0,0,17,(null),pin2=(null))
05-10 10:04:54.883 D/RIL     ( 1974): onRequest: SIM_IO
05-10 10:04:54.883 D/AT      ( 1974): AT> AT+CRSM=176,28486,0,0,17
05-10 10:04:54.883 D/RILJ    ( 1688): < iccIO:  0x90 0x0 000000
05-10 10:04:54.883 D/RILJ    ( 1688): [0034]< SIM_IO IccIoResponse sw1:0x90 sw2:0x0
05-10 10:04:54.914 D/AT      ( 1974): AT< +CRSM: 144,0,"00434D4343FFFFFFFFFFFFFFFFFFFFFFFF"
05-10 10:04:54.914 D/AT      ( 1974): AT< OK
05-10 10:04:54.914 D/RILC    ( 1974): [0035]< SIM_IO {sw1=0x90,sw2=0x0,00434D4343FFFFFFFFFFFFFFFFFFFFFFFF}
05-10 10:04:54.914 D/RILC    ( 1974): [0036]> SIM_IO (cmd=0xB0,efid=0x6F38,path=3F007F20,0,0,9,(null),pin2=(null))
05-10 10:04:54.914 D/RIL     ( 1974): onRequest: SIM_IO
05-10 10:04:54.914 D/AT      ( 1974): AT> AT+CRSM=176,28472,0,0,9
05-10 10:04:54.923 D/RILJ    ( 1688): < iccIO:  0x90 0x0 00434D4343FFFFFFFFFFFFFFFFFFFFFFFF
05-10 10:04:54.923 D/RILJ    ( 1688): [0035]< SIM_IO IccIoResponse sw1:0x90 sw2:0x0
05-10 10:04:54.943 D/GSM     ( 1688): iccid: 89860011011010081420
05-10 10:04:54.954 D/AT      ( 1974): AT< +CRSM: 144,0,"FF3FFFFF00003F0300"
05-10 10:04:54.954 D/AT      ( 1974): AT< OK
05-10 10:04:54.954 D/RILC    ( 1974): [0036]< SIM_IO {sw1=0x90,sw2=0x0,FF3FFFFF00003F0300}
05-10 10:04:54.954 D/RILC    ( 1974): [0037]> SIM_IO (cmd=0xC0,efid=0x6F17,path=3F007F20,0,0,15,(null),pin2=(null))
05-10 10:04:54.954 D/RIL     ( 1974): onRequest: SIM_IO
05-10 10:04:54.954 D/AT      ( 1974): AT> AT+CRSM=192,28439,0,0,15
05-10 10:04:54.954 D/RILJ    ( 1688): < iccIO:  0x90 0x0 FF3FFFFF00003F0300
05-10 10:04:54.954 D/RILJ    ( 1688): [0036]< SIM_IO IccIoResponse sw1:0x90 sw2:0x0
05-10 10:04:54.963 D/STK     ( 1688): StkAppService: DISPLAY_TEXT
05-10 10:04:54.973 D/AT      ( 1974): AT< +CRSM: 148,4
05-10 10:04:54.973 D/AT      ( 1974): AT< OK
05-10 10:04:54.973 D/RILC    ( 1974): [0037]< SIM_IO {sw1=0x94,sw2=0x4,(null)}
05-10 10:04:54.973 D/RILJ    ( 1688): < iccIO:  0x94 0x4 null
05-10 10:04:54.973 D/RILJ    ( 1688): [0037]< SIM_IO IccIoResponse sw1:0x94 sw2:0x4
05-10 10:04:55.043 D/GSM     ( 1688): EF_AD: 000000
05-10 10:04:55.043 D/GSM     ( 1688): SIMRecords: MNC length not present in EF_AD
05-10 10:04:55.113 D/GSM     ( 1688): [SIMRecords] Load EF_SPN: CMCC spnDisplayCondition: 1
05-10 10:04:55.113 D/GSM     ( 1688): MSISDN:
05-10 10:04:55.223 D/GSM     ( 1688): Invalid or missing EF[MAILBOX]
05-10 10:04:55.233 D/GSM     ( 1688): SIMRecords: record load complete
05-10 10:04:56.044 D/GSM     ( 1688): [IccCard] Broadcasting intent ACTION_SIM_STATE_CHANGED LOADED reason null
05-10 10:04:56.493 D/GSM     ( 1688): GSMDataConnTrack handleMessage { what=4 when=264105 obj=android.os.AsyncResult@43f70998 }
05-10 10:04:56.523 D/GSM     ( 1688): Get PreferredAPN
05-10 10:04:56.723 D/GSM     ( 1688): GSMDataConnTrack handleMessage { what=5 when=264586 obj=simLoaded }
05-10 10:04:56.733 D/GSM     ( 1688): [GsmDataConnectionTracker] ***trySetupData due to simLoaded
05-10 10:04:56.733 D/GSM     ( 1688): [DSAC DEB] trySetupData with mIsPsRestricted=false
05-10 10:04:56.733 I/GSM     ( 1688): Preferred APN:46002:46002:CMCC - 46002, 28, 46002, cmnet, , , null, null, , -1, default
05-10 10:04:56.733 I/GSM     ( 1688): Waiting APN set to preferred APN
05-10 10:04:56.733 D/GSM     ( 1688): [GsmDataConnectionTracker] Create from allApns : [CMCC - 46002, 28, 46002, cmnet, , , null, null, , -1, default][CMCC.mms - 46002, 29, 46002, cmwap, , http://mmsc.monternet.com, 10.0.0.172, 80, , -1, mms][ä¸­å›½ç§»åŠ¨å› ç‰¹ç½‘è®¾ç½? 57, 46002, cmnet, null, null, null, null, null, -1, default][ä¸­å›½ç§»åŠ¨WAPè®¾ç½®, 58, 46002, cmwap, 10.0.0.172, null, null, null, 80, -1, wap][ä¸­å›½ç§»åŠ¨å½©ä¿¡è®¾ç½®, 59, 46002, cmwap, 10.0.0.172, http://mmsc.monternet.com, 10.0.0.172, 80, 80, -1, mms]
05-10 10:04:56.733 D/GSM     ( 1688): [GsmDataConnectionTracker] Setup waitngApns : [CMCC - 46002, 28, 46002, cmnet, , , null, null, , -1, default]
05-10 10:04:56.733 D/GSM     ( 1688): [GsmDataConnection-1] DcInactiveState msg.what=EVENT_CONNECT
05-10 10:04:56.733 D/GSM     ( 1688): [GsmDataConnection-1] Connecting to carrier: 'CMCC - 46002' APN: 'cmnet' proxy: '' port: '
05-10 10:04:56.743 D/GSM     ( 1688): [GsmDataConnectionTracker] setState: INITING
05-10 10:04:57.363 D/RILJ    ( 1688): [0038]> SCREEN_STATE: false
05-10 10:04:57.363 D/RILC    ( 1974): [0038]> SCREEN_STATE (0)
05-10 10:04:57.363 D/RIL     ( 1974): onRequest: SCREEN_STATE
05-10 10:04:57.363 D/RILC    ( 1974): [0038]< SCREEN_STATE
05-10 10:04:57.363 D/RILJ    ( 1688): [0038]< SCREEN_STATE
05-10 10:04:57.383 D/GSM     ( 1688): [DataConnection] Stop poll NetStat
05-10 10:04:57.473 D/RILJ    ( 1688): [0039]> SETUP_DATA_CALL 1 0 cmnet   3
05-10 10:04:57.473 D/RILC    ( 1974): [0039]> SETUP_DATA_CALL (1,0,cmnet,,,3)
05-10 10:04:57.473 D/RIL     ( 1974): onRequest: SETUP_DATA_CALL
05-10 10:04:57.473 D/RIL     ( 1974): ifconfig: addr: pdp_ip0
05-10 10:04:57.473 D/RIL     ( 1974): ifconfig: addr: pdp_ip0
05-10 10:04:57.473 D/RIL     ( 1974): pdp_ip0: ip 10.184.246.97 mask 255.255.255.255 flags [
05-10 10:04:57.473 D/RIL     ( 1974): up point-to-point running]
05-10 10:04:57.473 D/AT      ( 1974): AT> ATE0
05-10 10:04:57.473 D/AT      ( 1974): AT< OK
05-10 10:04:57.473 D/AT      ( 1974): AT> AT+CGDCONT=1,"IP","cmnet"
05-10 10:04:57.473 D/AT      ( 1974): AT< +CME ERROR: 3
05-10 10:04:57.473 D/AT      ( 1974): AT> AT*IPRIC=1,0
05-10 10:04:57.473 D/AT      ( 1974): AT< +CME ERROR: 3
05-10 10:04:57.473 D/AT      ( 1974): AT> AT*IPDNS=1,1
05-10 10:04:57.483 D/AT      ( 1974): AT< OK
05-10 10:04:57.483 D/AT      ( 1974): AT> AT*IPACT=1,1
