04-25 10:33:24.013 D/RILC    ( 1552): [1394]< GET_CURRENT_CALLS {[id=1,ACTIVE,toa=129,norm,mo,als=0,voc,noevp,10086,cli=0,name='(null)',0][id=2,WAITING,toa=161,norm,mt,als=0,voc,noevp,13182827869,cli=0,name='(null)',0}
04-25 10:33:24.013 D/RILJ    ( 1670): [1395]> GET_CURRENT_CALLS
04-25 10:33:24.033 D/RILC    ( 1552): [1395]> GET_CURRENT_CALLS 
04-25 10:33:24.033 D/RIL     ( 1552): onRequest: GET_CURRENT_CALLS
04-25 10:33:24.033 D/AT      ( 1552): AT> AT+CLCC
04-25 10:33:24.033 D/AT      ( 1552): AT< +CLCC: 1,0,0,0,0,"10086",129
04-25 10:33:24.033 D/AT      ( 1552): AT< +CLCC: 2,1,5,0,0,"13182827869",161
04-25 10:33:24.033 D/AT      ( 1552): AT< OK
04-25 10:33:24.033 D/RILC    ( 1552): [1395]< GET_CURRENT_CALLS {[id=1,ACTIVE,toa=129,norm,mo,als=0,voc,noevp,10086,cli=0,name='(null)',0][id=2,WAITING,toa=161,norm,mt,als=0,voc,noevp,13182827869,cli=0,name='(null)',0}
04-25 10:33:24.033 D/RILJ    ( 1670): [1396]> GET_CURRENT_CALLS
04-25 10:33:24.033 D/RILJ    ( 1670): [1392]< GET_CURRENT_CALLS  [id=1,ACTIVE,toa=129,norm,mo,0,voc,noevp,,cli=1,,0] [id=2,WAITING,toa=161,norm,mt,0,voc,noevp,,cli=1,,0] 
04-25 10:33:24.043 D/RILC    ( 1552): [1396]> GET_CURRENT_CALLS 
04-25 10:33:24.043 D/RIL     ( 1552): onRequest: GET_CURRENT_CALLS
04-25 10:33:24.043 D/AT      ( 1552): AT> AT+CLCC
04-25 10:33:24.043 D/AT      ( 1552): AT< +CLCC: 1,0,0,0,0,"10086",129
04-25 10:33:24.043 D/AT      ( 1552): AT< +CLCC: 2,1,5,0,0,"13182827869",161
04-25 10:33:24.043 D/AT      ( 1552): AT< OK
04-25 10:33:24.043 D/RILC    ( 1552): [1396]< GET_CURRENT_CALLS {[id=1,ACTIVE,toa=129,norm,mo,als=0,voc,noevp,10086,cli=0,name='(null)',0][id=2,WAITING,toa=161,norm,mt,als=0,voc,noevp,13182827869,cli=0,name='(null)',0}
04-25 10:33:24.043 D/RILJ    ( 1670): InCall VoicePrivacy is disabled
04-25 10:33:24.043 D/RILJ    ( 1670): InCall VoicePrivacy is disabled
04-25 10:33:24.053 D/RILJ    ( 1670): [1393]< GET_CURRENT_CALLS  [id=1,ACTIVE,toa=129,norm,mo,0,voc,noevp,,cli=1,,0] [id=2,WAITING,toa=161,norm,mt,0,voc,noevp,,cli=1,,0] 
04-25 10:33:24.053 D/RILJ    ( 1670): [1397]> SIGNAL_STRENGTH
04-25 10:33:24.053 D/RILC    ( 1552): [1397]> SIGNAL_STRENGTH 
04-25 10:33:24.053 D/RIL     ( 1552): onRequest: SIGNAL_STRENGTH
04-25 10:33:24.053 D/AT      ( 1552): AT> AT+CSQ
04-25 10:33:24.063 D/AT      ( 1552): AT< +CSQ: 9,0
04-25 10:33:24.063 D/AT      ( 1552): AT< OK
04-25 10:33:24.063 D/RILC    ( 1552): [1397]< SIGNAL_STRENGTH {[ 9 0]}
04-25 10:33:24.063 D/RILJ    ( 1670): InCall VoicePrivacy is disabled
04-25 10:33:24.063 D/RILJ    ( 1670): InCall VoicePrivacy is disabled
04-25 10:33:24.063 D/RILJ    ( 1670): [1394]< GET_CURRENT_CALLS  [id=1,ACTIVE,toa=129,norm,mo,0,voc,noevp,,cli=1,,0] [id=2,WAITING,toa=161,norm,mt,0,voc,noevp,,cli=1,,0] 
04-25 10:33:24.063 D/RILJ    ( 1670): InCall VoicePrivacy is disabled
04-25 10:33:24.073 D/RILJ    ( 1670): InCall VoicePrivacy is disabled
04-25 10:33:24.073 D/RILJ    ( 1670): [1395]< GET_CURRENT_CALLS  [id=1,ACTIVE,toa=129,norm,mo,0,voc,noevp,,cli=1,,0] [id=2,WAITING,toa=161,norm,mt,0,voc,noevp,,cli=1,,0] 
04-25 10:33:24.083 D/RILJ    ( 1670): InCall VoicePrivacy is disabled
04-25 10:33:24.083 D/RILJ    ( 1670): InCall VoicePrivacy is disabled
04-25 10:33:24.093 D/RILJ    ( 1670): [1396]< GET_CURRENT_CALLS  [id=1,ACTIVE,toa=129,norm,mo,0,voc,noevp,,cli=1,,0] [id=2,WAITING,toa=161,norm,mt,0,voc,noevp,,cli=1,,0] 
04-25 10:33:24.093 D/GSM     ( 1670): [GSMConn] update: parent=ACTIVE, hasNewParent=false, wasConnectingInOrOut=false, wasHolding=false, isConnectingInOrOut=false, changed=false
04-25 10:33:24.093 D/GSM     ( 1670): [GSMConn] update: parent=WAITING, hasNewParent=false, wasConnectingInOrOut=true, wasHolding=false, isConnectingInOrOut=true, changed=false
04-25 10:33:24.093 D/RILJ    ( 1670): [1397]< SIGNAL_STRENGTH {9, 0, 0, 0, 0, 0, 0}
04-25 10:33:24.426 D/RILC    ( 1552): [UNSL]< UNSOL_RESPONSE_CALL_STATE_CHANGED 
04-25 10:33:24.426 D/RILJ    ( 1670): [UNSL]< UNSOL_RESPONSE_CALL_STATE_CHANGED
04-25 10:33:24.433 D/RILJ    ( 1670): [1398]> GET_CURRENT_CALLS
04-25 10:33:24.453 D/RILC    ( 1552): [1398]> GET_CURRENT_CALLS 
04-25 10:33:24.453 D/RIL     ( 1552): onRequest: GET_CURRENT_CALLS
04-25 10:33:24.453 D/AT      ( 1552): AT> AT+CLCC
04-25 10:33:24.453 D/AT      ( 1552): AT< +CLCC: 1,0,0,0,0,"10086",129
04-25 10:33:24.453 D/AT      ( 1552): AT< +CLCC: 2,1,5,0,0,"13182827869",161
04-25 10:33:24.453 D/AT      ( 1552): AT< OK
04-25 10:33:24.453 D/RILC    ( 1552): [1398]< GET_CURRENT_CALLS {[id=1,ACTIVE,toa=129,norm,mo,als=0,voc,noevp,10086,cli=0,name='(null)',0][id=2,WAITING,toa=161,norm,mt,als=0,voc,noevp,13182827869,cli=0,name='(null)',0}
04-25 10:33:24.463 D/RILJ    ( 1670): InCall VoicePrivacy is disabled
04-25 10:33:24.463 D/RILJ    ( 1670): InCall VoicePrivacy is disabled
04-25 10:33:24.463 D/RILJ    ( 1670): [1398]< GET_CURRENT_CALLS  [id=1,ACTIVE,toa=129,norm,mo,0,voc,noevp,,cli=1,,0] [id=2,WAITING,toa=161,norm,mt,0,voc,noevp,,cli=1,,0] 
04-25 10:33:24.463 D/GSM     ( 1670): [GSMConn] update: parent=ACTIVE, hasNewParent=false, wasConnectingInOrOut=false, wasHolding=false, isConnectingInOrOut=false, changed=false
04-25 10:33:24.463 D/GSM     ( 1670): [GSMConn] update: parent=WAITING, hasNewParent=false, wasConnectingInOrOut=true, wasHolding=false, isConnectingInOrOut=true, changed=false
04-25 10:33:24.493 D/RILC    ( 1552): [UNSL]< UNSOL_RESPONSE_CALL_STATE_CHANGED 
04-25 10:33:24.493 D/RILJ    ( 1670): [UNSL]< UNSOL_RESPONSE_CALL_STATE_CHANGED
04-25 10:33:24.493 D/RILJ    ( 1670): [1399]> GET_CURRENT_CALLS
04-25 10:33:24.503 D/RILC    ( 1552): [UNSL]< UNSOL_RESPONSE_CALL_STATE_CHANGED 
04-25 10:33:24.513 D/RILJ    ( 1670): [UNSL]< UNSOL_RESPONSE_CALL_STATE_CHANGED
04-25 10:33:24.513 D/RILC    ( 1552): [1399]> GET_CURRENT_CALLS 
04-25 10:33:24.513 D/RIL     ( 1552): onRequest: GET_CURRENT_CALLS
04-25 10:33:24.513 D/AT      ( 1552): AT> AT+CLCC
04-25 10:33:24.523 D/AT      ( 1552): AT< +CLCC: 1,0,0,0,0,"10086",129
04-25 10:33:24.523 D/AT      ( 1552): AT< +CLCC: 2,1,5,0,0,"13182827869",161
04-25 10:33:24.523 D/AT      ( 1552): AT< OK
04-25 10:33:24.523 D/RILC    ( 1552): [1399]< GET_CURRENT_CALLS {[id=1,ACTIVE,toa=129,norm,mo,als=0,voc,noevp,10086,cli=0,name='(null)',0][id=2,WAITING,toa=161,norm,mt,als=0,voc,noevp,13182827869,cli=0,name='(null)',0}
04-25 10:33:24.523 D/RILC    ( 1552): [UNSL]< UNSOL_RESPONSE_CALL_STATE_CHANGED 
04-25 10:33:24.523 D/RILJ    ( 1670): [1400]> GET_CURRENT_CALLS
04-25 10:33:24.523 D/RILJ    ( 1670): InCall VoicePrivacy is disabled
04-25 10:33:24.523 D/RILJ    ( 1670): InCall VoicePrivacy is disabled
04-25 10:33:24.523 D/RILJ    ( 1670): [1399]< GET_CURRENT_CALLS  [id=1,ACTIVE,toa=129,norm,mo,0,voc,noevp,,cli=1,,0] [id=2,WAITING,toa=161,norm,mt,0,voc,noevp,,cli=1,,0] 
04-25 10:33:24.533 D/RILC    ( 1552): [1400]> GET_CURRENT_CALLS 
04-25 10:33:24.533 D/RIL     ( 1552): onRequest: GET_CURRENT_CALLS
04-25 10:33:24.533 D/AT      ( 1552): AT> AT+CLCC
04-25 10:33:24.533 D/AT      ( 1552): AT< +CLCC: 1,0,0,0,0,"10086",129
04-25 10:33:24.533 D/AT      ( 1552): AT< +CLCC: 2,1,5,0,0,"13182827869",161
04-25 10:33:24.533 D/AT      ( 1552): AT< OK
04-25 10:33:24.533 D/RILC    ( 1552): [1400]< GET_CURRENT_CALLS {[id=1,ACTIVE,toa=129,norm,mo,als=0,voc,noevp,10086,cli=0,name='(null)',0][id=2,WAITING,toa=161,norm,mt,als=0,voc,noevp,13182827869,cli=0,name='(null)',0}
04-25 10:33:24.533 D/RILC    ( 1552): [UNSL]< UNSOL_RESPONSE_CALL_STATE_CHANGED 
04-25 10:33:24.543 D/RILJ    ( 1670): [UNSL]< UNSOL_RESPONSE_CALL_STATE_CHANGED
04-25 10:33:24.543 D/RILJ    ( 1670): [1401]> GET_CURRENT_CALLS
04-25 10:33:24.543 D/RILC    ( 1552): [UNSL]< UNSOL_RESPONSE_CALL_STATE_CHANGED 
04-25 10:33:24.553 D/RILC    ( 1552): [1401]> GET_CURRENT_CALLS 
04-25 10:33:24.553 D/RIL     ( 1552): onRequest: GET_CURRENT_CALLS
04-25 10:33:24.553 D/AT      ( 1552): AT> AT+CLCC
04-25 10:33:24.553 D/AT      ( 1552): AT< +CLCC: 1,0,0,0,0,"10086",129
04-25 10:33:24.553 D/AT      ( 1552): AT< +CLCC: 2,1,5,0,0,"13182827869",161
04-25 10:33:24.553 D/AT      ( 1552): AT< OK
04-25 10:33:24.553 D/RILC    ( 1552): [1401]< GET_CURRENT_CALLS {[id=1,ACTIVE,toa=129,norm,mo,als=0,voc,noevp,10086,cli=0,name='(null)',0][id=2,WAITING,toa=161,norm,mt,als=0,voc,noevp,13182827869,cli=0,name='(null)',0}
04-25 10:33:24.553 D/RILJ    ( 1670): InCall VoicePrivacy is disabled
04-25 10:33:24.563 D/RILJ    ( 1670): InCall VoicePrivacy is disabled
04-25 10:33:24.563 D/RILJ    ( 1670): [1400]< GET_CURRENT_CALLS  [id=1,ACTIVE,toa=129,norm,mo,0,voc,noevp,,cli=1,,0] [id=2,WAITING,toa=161,norm,mt,0,voc,noevp,,cli=1,,0] 
04-25 10:33:24.563 D/RILJ    ( 1670): [UNSL]< UNSOL_RESPONSE_CALL_STATE_CHANGED
04-25 10:33:24.563 D/RILJ    ( 1670): [1402]> GET_CURRENT_CALLS
04-25 10:33:24.573 D/RILC    ( 1552): [1402]> GET_CURRENT_CALLS 
04-25 10:33:24.573 D/RIL     ( 1552): onRequest: GET_CURRENT_CALLS
04-25 10:33:24.573 D/AT      ( 1552): AT> AT+CLCC
04-25 10:33:24.573 D/AT      ( 1552): AT< +CLCC: 1,0,0,0,0,"10086",129
04-25 10:33:24.573 D/AT      ( 1552): AT< +CLCC: 2,1,5,0,0,"13182827869",161
04-25 10:33:24.573 D/AT      ( 1552): AT< OK
04-25 10:33:24.573 D/RILC    ( 1552): [1402]< GET_CURRENT_CALLS {[id=1,ACTIVE,toa=129,norm,mo,als=0,voc,noevp,10086,cli=0,name='(null)',0][id=2,WAITING,toa=161,norm,mt,als=0,voc,noevp,13182827869,cli=0,name='(null)',0}
04-25 10:33:24.583 D/RILJ    ( 1670): [UNSL]< UNSOL_RESPONSE_CALL_STATE_CHANGED
04-25 10:33:24.583 D/RILJ    ( 1670): [1403]> GET_CURRENT_CALLS
04-25 10:33:24.593 D/RILJ    ( 1670): InCall VoicePrivacy is disabled
04-25 10:33:24.593 D/RILJ    ( 1670): InCall VoicePrivacy is disabled
04-25 10:33:24.593 D/RILJ    ( 1670): [1401]< GET_CURRENT_CALLS  [id=1,ACTIVE,toa=129,norm,mo,0,voc,noevp,,cli=1,,0] [id=2,WAITING,toa=161,norm,mt,0,voc,noevp,,cli=1,,0] 
04-25 10:33:24.593 D/RILC    ( 1552): [1403]> GET_CURRENT_CALLS 
04-25 10:33:24.593 D/RIL     ( 1552): onRequest: GET_CURRENT_CALLS
04-25 10:33:24.593 D/AT      ( 1552): AT> AT+CLCC
04-25 10:33:24.593 D/AT      ( 1552): AT< +CLCC: 1,0,0,0,0,"10086",129
04-25 10:33:24.593 D/AT      ( 1552): AT< +CLCC: 2,1,5,0,0,"13182827869",161
04-25 10:33:24.603 D/AT      ( 1552): AT< OK
04-25 10:33:24.603 D/RILC    ( 1552): [1403]< GET_CURRENT_CALLS {[id=1,ACTIVE,toa=129,norm,mo,als=0,voc,noevp,10086,cli=0,name='(null)',0][id=2,WAITING,toa=161,norm,mt,als=0,voc,noevp,13182827869,cli=0,name='(null)',0}
04-25 10:33:24.603 D/RILJ    ( 1670): InCall VoicePrivacy is disabled
04-25 10:33:24.603 D/RILJ    ( 1670): InCall VoicePrivacy is disabled
04-25 10:33:24.603 D/RILJ    ( 1670): [1402]< GET_CURRENT_CALLS  [id=1,ACTIVE,toa=129,norm,mo,0,voc,noevp,,cli=1,,0] [id=2,WAITING,toa=161,norm,mt,0,voc,noevp,,cli=1,,0] 
04-25 10:33:24.603 D/RILJ    ( 1670): InCall VoicePrivacy is disabled
04-25 10:33:24.603 D/RILJ    ( 1670): InCall VoicePrivacy is disabled
04-25 10:33:24.613 D/RILJ    ( 1670): [1403]< GET_CURRENT_CALLS  [id=1,ACTIVE,toa=129,norm,mo,0,voc,noevp,,cli=1,,0] [id=2,WAITING,toa=161,norm,mt,0,voc,noevp,,cli=1,,0] 
04-25 10:33:24.613 D/GSM     ( 1670): [GSMConn] update: parent=ACTIVE, hasNewParent=false, wasConnectingInOrOut=false, wasHolding=false, isConnectingInOrOut=false, changed=false
04-25 10:33:24.613 D/GSM     ( 1670): [GSMConn] update: parent=WAITING, hasNewParent=false, wasConnectingInOrOut=true, wasHolding=false, isConnectingInOrOut=true, changed=false
04-25 10:33:24.953 D/RILC    ( 1552): [UNSL]< UNSOL_RESPONSE_CALL_STATE_CHANGED 
04-25 10:33:24.953 D/RILJ    ( 1670): [UNSL]< UNSOL_RESPONSE_CALL_STATE_CHANGED
04-25 10:33:24.953 D/RILJ    ( 1670): [1404]> GET_CURRENT_CALLS
04-25 10:33:24.963 D/RILC    ( 1552): [1404]> GET_CURRENT_CALLS 
04-25 10:33:24.963 D/RIL     ( 1552): onRequest: GET_CURRENT_CALLS
04-25 10:33:24.963 D/AT      ( 1552): AT> AT+CLCC
04-25 10:33:24.963 D/AT      ( 1552): AT< +CLCC: 1,0,0,0,0,"10086",129
04-25 10:33:24.963 D/AT      ( 1552): AT< +CLCC: 2,1,5,0,0,"13182827869",161
04-25 10:33:24.963 D/AT      ( 1552): AT< OK
04-25 10:33:24.963 D/RILC    ( 1552): [1404]< GET_CURRENT_CALLS {[id=1,ACTIVE,toa=129,norm,mo,als=0,voc,noevp,10086,cli=0,name='(null)',0][id=2,WAITING,toa=161,norm,mt,als=0,voc,noevp,13182827869,cli=0,name='(null)',0}
04-25 10:33:24.963 D/RILJ    ( 1670): InCall VoicePrivacy is disabled
04-25 10:33:24.963 D/RILJ    ( 1670): InCall VoicePrivacy is disabled
04-25 10:33:24.963 D/RILJ    ( 1670): [1404]< GET_CURRENT_CALLS  [id=1,ACTIVE,toa=129,norm,mo,0,voc,noevp,,cli=1,,0] [id=2,WAITING,toa=161,norm,mt,0,voc,noevp,,cli=1,,0] 
04-25 10:33:24.973 D/GSM     ( 1670): [GSMConn] update: parent=ACTIVE, hasNewParent=false, wasConnectingInOrOut=false, wasHolding=false, isConnectingInOrOut=false, changed=false
04-25 10:33:24.973 D/GSM     ( 1670): [GSMConn] update: parent=WAITING, hasNewParent=false, wasConnectingInOrOut=true, wasHolding=false, isConnectingInOrOut=true, changed=false
04-25 10:33:25.023 D/RILC    ( 1552): [UNSL]< UNSOL_RESPONSE_CALL_STATE_CHANGED 
04-25 10:33:25.023 D/RILJ    ( 1670): [UNSL]< UNSOL_RESPONSE_CALL_STATE_CHANGED
04-25 10:33:25.023 D/RILJ    ( 1670): [1405]> GET_CURRENT_CALLS
04-25 10:33:25.033 D/RILC    ( 1552): [1405]> GET_CURRENT_CALLS 
04-25 10:33:25.033 D/RIL     ( 1552): onRequest: GET_CURRENT_CALLS
04-25 10:33:25.033 D/AT      ( 1552): AT> AT+CLCC
04-25 10:33:25.033 D/AT      ( 1552): AT< +CLCC: 1,0,0,0,0,"10086",129
04-25 10:33:25.033 D/AT      ( 1552): AT< +CLCC: 2,1,5,0,0,"13182827869",161
04-25 10:33:25.033 D/AT      ( 1552): AT< OK
04-25 10:33:25.033 D/RILC    ( 1552): [1405]< GET_CURRENT_CALLS {[id=1,ACTIVE,toa=129,norm,mo,als=0,voc,noevp,10086,cli=0,name='(null)',0][id=2,WAITING,toa=161,norm,mt,als=0,voc,noevp,13182827869,cli=0,name='(null)',0}
04-25 10:33:25.033 D/RILC    ( 1552): [UNSL]< UNSOL_RESPONSE_CALL_STATE_CHANGED 
04-25 10:33:25.043 D/RILJ    ( 1670): InCall VoicePrivacy is disabled
04-25 10:33:25.043 D/RILJ    ( 1670): InCall VoicePrivacy is disabled
04-25 10:33:25.043 D/RILJ    ( 1670): [1405]< GET_CURRENT_CALLS  [id=1,ACTIVE,toa=129,norm,mo,0,voc,noevp,,cli=1,,0] [id=2,WAITING,toa=161,norm,mt,0,voc,noevp,,cli=1,,0] 
04-25 10:33:25.043 D/GSM     ( 1670): [GSMConn] update: parent=ACTIVE, hasNewParent=false, wasConnectingInOrOut=false, wasHolding=false, isConnectingInOrOut=false, changed=false
04-25 10:33:25.043 D/GSM     ( 1670): [GSMConn] update: parent=WAITING, hasNewParent=false, wasConnectingInOrOut=true, wasHolding=false, isConnectingInOrOut=true, changed=false
04-25 10:33:25.053 D/RILJ    ( 1670): [UNSL]< UNSOL_RESPONSE_CALL_STATE_CHANGED
04-25 10:33:25.053 D/RILJ    ( 1670): [1406]> GET_CURRENT_CALLS
04-25 10:33:25.053 D/RILC    ( 1552): [UNSL]< UNSOL_RESPONSE_CALL_STATE_CHANGED 
04-25 10:33:25.053 D/RILC    ( 1552): [1406]> GET_CURRENT_CALLS 
04-25 10:33:25.053 D/RIL     ( 1552): onRequest: GET_CURRENT_CALLS
04-25 10:33:25.053 D/AT      ( 1552): AT> AT+CLCC
04-25 10:33:25.063 D/AT      ( 1552): AT< +CLCC: 1,0,0,0,0,"10086",129
04-25 10:33:25.063 D/AT      ( 1552): AT< +CLCC: 2,1,5,0,0,"13182827869",161
04-25 10:33:25.063 D/AT      ( 1552): AT< OK
04-25 10:33:25.063 D/RILC    ( 1552): [1406]< GET_CURRENT_CALLS {[id=1,ACTIVE,toa=129,norm,mo,als=0,voc,noevp,10086,cli=0,name='(null)',0][id=2,WAITING,toa=161,norm,mt,als=0,voc,noevp,13182827869,cli=0,name='(null)',0}
04-25 10:33:25.063 D/RILJ    ( 1670): [UNSL]< UNSOL_RESPONSE_CALL_STATE_CHANGED
04-25 10:33:25.063 D/RILJ    ( 1670): [1407]> GET_CURRENT_CALLS
04-25 10:33:25.073 D/RILC    ( 1552): [1407]> GET_CURRENT_CALLS 
04-25 10:33:25.073 D/RIL     ( 1552): onRequest: GET_CURRENT_CALLS
04-25 10:33:25.073 D/AT      ( 1552): AT> AT+CLCC
04-25 10:33:25.073 D/AT      ( 1552): AT< +CLCC: 1,0,0,0,0,"10086",129
04-25 10:33:25.073 D/AT      ( 1552): AT< +CLCC: 2,1,5,0,0,"13182827869",161
04-25 10:33:25.073 D/AT      ( 1552): AT< OK
04-25 10:33:25.073 D/RILC    ( 1552): [1407]< GET_CURRENT_CALLS {[id=1,ACTIVE,toa=129,norm,mo,als=0,voc,noevp,10086,cli=0,name='(null)',0][id=2,WAITING,toa=161,norm,mt,als=0,voc,noevp,13182827869,cli=0,name='(null)',0}
04-25 10:33:25.083 D/RILC    ( 1552): [UNSL]< UNSOL_RESPONSE_CALL_STATE_CHANGED 
04-25 10:33:25.083 D/RILJ    ( 1670): InCall VoicePrivacy is disabled
04-25 10:33:25.083 D/RILJ    ( 1670): InCall VoicePrivacy is disabled
04-25 10:33:25.083 D/RILJ    ( 1670): [1406]< GET_CURRENT_CALLS  [id=1,ACTIVE,toa=129,norm,mo,0,voc,noevp,,cli=1,,0] [id=2,WAITING,toa=161,norm,mt,0,voc,noevp,,cli=1,,0] 
04-25 10:33:25.093 D/RILJ    ( 1670): InCall VoicePrivacy is disabled
04-25 10:33:25.093 D/RILJ    ( 1670): InCall VoicePrivacy is disabled
04-25 10:33:25.093 D/RILJ    ( 1670): [1407]< GET_CURRENT_CALLS  [id=1,ACTIVE,toa=129,norm,mo,0,voc,noevp,,cli=1,,0] [id=2,WAITING,toa=161,norm,mt,0,voc,noevp,,cli=1,,0] 
04-25 10:33:25.103 D/GSM     ( 1670): [GSMConn] update: parent=ACTIVE, hasNewParent=false, wasConnectingInOrOut=false, wasHolding=false, isConnectingInOrOut=false, changed=false
04-25 10:33:25.103 D/RILC    ( 1552): [UNSL]< UNSOL_RESPONSE_CALL_STATE_CHANGED 
04-25 10:33:25.223 D/RILJ    ( 1670): [UNSL]< UNSOL_RESPONSE_CALL_STATE_CHANGED
04-25 10:33:25.223 D/RILJ    ( 1670): [UNSL]< UNSOL_RESPONSE_CALL_STATE_CHANGED
04-25 10:33:25.223 D/GSM     ( 1670): [GSMConn] update: parent=WAITING, hasNewParent=false, wasConnectingInOrOut=true, wasHolding=false, isConnectingInOrOut=true, changed=false
04-25 10:33:25.223 D/RILJ    ( 1670): [1408]> GET_CURRENT_CALLS
04-25 10:33:25.243 D/RILC    ( 1552): [1408]> GET_CURRENT_CALLS 
04-25 10:33:25.243 D/RIL     ( 1552): onRequest: GET_CURRENT_CALLS
04-25 10:33:25.243 D/AT      ( 1552): AT> AT+CLCC
04-25 10:33:25.243 D/AT      ( 1552): AT< +CLCC: 1,0,0,0,0,"10086",129
04-25 10:33:25.243 D/AT      ( 1552): AT< +CLCC: 2,1,5,0,0,"13182827869",161
04-25 10:33:25.243 D/AT      ( 1552): AT< OK
04-25 10:33:25.243 D/RILC    ( 1552): [1408]< GET_CURRENT_CALLS {[id=1,ACTIVE,toa=129,norm,mo,als=0,voc,noevp,10086,cli=0,name='(null)',0][id=2,WAITING,toa=161,norm,mt,als=0,voc,noevp,13182827869,cli=0,name='(null)',0}
04-25 10:33:25.243 D/RILJ    ( 1670): InCall VoicePrivacy is disabled
04-25 10:33:25.243 D/RILJ    ( 1670): InCall VoicePrivacy is disabled
04-25 10:33:25.243 D/RILJ    ( 1670): [1408]< GET_CURRENT_CALLS  [id=1,ACTIVE,toa=129,norm,mo,0,voc,noevp,,cli=1,,0] [id=2,WAITING,toa=161,norm,mt,0,voc,noevp,,cli=1,,0] 
04-25 10:33:25.253 D/RILJ    ( 1670): [1409]> GET_CURRENT_CALLS
04-25 10:33:25.263 D/RILC    ( 1552): [1409]> GET_CURRENT_CALLS 
04-25 10:33:25.263 D/RIL     ( 1552): onRequest: GET_CURRENT_CALLS
04-25 10:33:25.263 D/AT      ( 1552): AT> AT+CLCC
04-25 10:33:25.263 D/AT      ( 1552): AT< +CLCC: 1,0,0,0,0,"10086",129
04-25 10:33:25.273 D/AT      ( 1552): AT< +CLCC: 2,1,5,0,0,"13182827869",161
04-25 10:33:25.273 D/AT      ( 1552): AT< OK
04-25 10:33:25.273 D/RILC    ( 1552): [1409]< GET_CURRENT_CALLS {[id=1,ACTIVE,toa=129,norm,mo,als=0,voc,noevp,10086,cli=0,name='(null)',0][id=2,WAITING,toa=161,norm,mt,als=0,voc,noevp,13182827869,cli=0,name='(null)',0}
04-25 10:33:25.273 D/RILJ    ( 1670): InCall VoicePrivacy is disabled
04-25 10:33:25.273 D/RILJ    ( 1670): InCall VoicePrivacy is disabled
04-25 10:33:25.273 D/RILJ    ( 1670): [1409]< GET_CURRENT_CALLS  [id=1,ACTIVE,toa=129,norm,mo,0,voc,noevp,,cli=1,,0] [id=2,WAITING,toa=161,norm,mt,0,voc,noevp,,cli=1,,0] 
04-25 10:33:25.273 D/GSM     ( 1670): [GSMConn] update: parent=ACTIVE, hasNewParent=false, wasConnectingInOrOut=false, wasHolding=false, isConnectingInOrOut=false, changed=false
04-25 10:33:25.273 D/GSM     ( 1670): [GSMConn] update: parent=WAITING, hasNewParent=false, wasConnectingInOrOut=true, wasHolding=false, isConnectingInOrOut=true, changed=false
04-25 10:33:25.463 D/RILC    ( 1552): [UNSL]< UNSOL_RESPONSE_CALL_STATE_CHANGED 
04-25 10:33:25.463 D/RILJ    ( 1670): [UNSL]< UNSOL_RESPONSE_CALL_STATE_CHANGED
04-25 10:33:25.463 D/RILJ    ( 1670): [1410]> GET_CURRENT_CALLS
04-25 10:33:25.473 D/RILC    ( 1552): [1410]> GET_CURRENT_CALLS 
04-25 10:33:25.473 D/RIL     ( 1552): onRequest: GET_CURRENT_CALLS
04-25 10:33:25.473 D/AT      ( 1552): AT> AT+CLCC
04-25 10:33:25.473 D/AT      ( 1552): AT< +CLCC: 1,0,0,0,0,"10086",129
04-25 10:33:25.473 D/AT      ( 1552): AT< +CLCC: 2,1,5,0,0,"13182827869",161
04-25 10:33:25.473 D/AT      ( 1552): AT< OK
04-25 10:33:25.473 D/RILC    ( 1552): [1410]< GET_CURRENT_CALLS {[id=1,ACTIVE,toa=129,norm,mo,als=0,voc,noevp,10086,cli=0,name='(null)',0][id=2,WAITING,toa=161,norm,mt,als=0,voc,noevp,13182827869,cli=0,name='(null)',0}
04-25 10:33:25.473 D/RILJ    ( 1670): InCall VoicePrivacy is disabled
04-25 10:33:25.473 D/RILJ    ( 1670): InCall VoicePrivacy is disabled
04-25 10:33:25.473 D/RILJ    ( 1670): [1410]< GET_CURRENT_CALLS  [id=1,ACTIVE,toa=129,norm,mo,0,voc,noevp,,cli=1,,0] [id=2,WAITING,toa=161,norm,mt,0,voc,noevp,,cli=1,,0] 
04-25 10:33:25.483 D/GSM     ( 1670): [GSMConn] update: parent=ACTIVE, hasNewParent=false, wasConnectingInOrOut=false, wasHolding=false, isConnectingInOrOut=false, changed=false
04-25 10:33:25.483 D/GSM     ( 1670): [GSMConn] update: parent=WAITING, hasNewParent=false, wasConnectingInOrOut=true, wasHolding=false, isConnectingInOrOut=true, changed=false
04-25 10:33:25.533 D/RILC    ( 1552): [UNSL]< UNSOL_RESPONSE_CALL_STATE_CHANGED 
04-25 10:33:25.543 D/RILJ    ( 1670): [UNSL]< UNSOL_RESPONSE_CALL_STATE_CHANGED
04-25 10:33:25.543 D/RILJ    ( 1670): [1411]> GET_CURRENT_CALLS
04-25 10:33:25.543 D/RILC    ( 1552): [1411]> GET_CURRENT_CALLS 
04-25 10:33:25.543 D/RIL     ( 1552): onRequest: GET_CURRENT_CALLS
04-25 10:33:25.543 D/AT      ( 1552): AT> AT+CLCC
04-25 10:33:25.543 D/AT      ( 1552): AT< +CLCC: 1,0,0,0,0,"10086",129
04-25 10:33:25.543 D/AT      ( 1552): AT< +CLCC: 2,1,5,0,0,"13182827869",161
04-25 10:33:25.543 D/AT      ( 1552): AT< OK
04-25 10:33:25.543 D/RILC    ( 1552): [1411]< GET_CURRENT_CALLS {[id=1,ACTIVE,toa=129,norm,mo,als=0,voc,noevp,10086,cli=0,name='(null)',0][id=2,WAITING,toa=161,norm,mt,als=0,voc,noevp,13182827869,cli=0,name='(null)',0}
04-25 10:33:25.553 D/RILJ    ( 1670): InCall VoicePrivacy is disabled
04-25 10:33:25.553 D/RILJ    ( 1670): InCall VoicePrivacy is disabled
04-25 10:33:25.553 D/RILJ    ( 1670): [1411]< GET_CURRENT_CALLS  [id=1,ACTIVE,toa=129,norm,mo,0,voc,noevp,,cli=1,,0] [id=2,WAITING,toa=161,norm,mt,0,voc,noevp,,cli=1,,0] 
04-25 10:33:25.553 D/GSM     ( 1670): [GSMConn] update: parent=ACTIVE, hasNewParent=false, wasConnectingInOrOut=false, wasHolding=false, isConnectingInOrOut=false, changed=false
04-25 10:33:25.553 D/GSM     ( 1670): [GSMConn] update: parent=WAITING, hasNewParent=false, wasConnectingInOrOut=true, wasHolding=false, isConnectingInOrOut=true, changed=false
04-25 10:33:25.563 D/RILC    ( 1552): [UNSL]< UNSOL_RESPONSE_CALL_STATE_CHANGED 
04-25 10:33:25.563 D/RILJ    ( 1670): [UNSL]< UNSOL_RESPONSE_CALL_STATE_CHANGED
04-25 10:33:25.573 D/RILJ    ( 1670): [1412]> GET_CURRENT_CALLS
04-25 10:33:25.573 D/RILC    ( 1552): [UNSL]< UNSOL_RESPONSE_CALL_STATE_CHANGED 
04-25 10:33:25.573 D/RILC    ( 1552): [1412]> GET_CURRENT_CALLS 
04-25 10:33:25.573 D/RIL     ( 1552): onRequest: GET_CURRENT_CALLS
04-25 10:33:25.573 D/AT      ( 1552): AT> AT+CLCC
04-25 10:33:25.573 D/AT      ( 1552): AT< +CLCC: 1,0,0,0,0,"10086",129
04-25 10:33:25.573 D/AT      ( 1552): AT< +CLCC: 2,1,5,0,0,"13182827869",161
04-25 10:33:25.573 D/AT      ( 1552): AT< OK
04-25 10:33:25.583 D/RILC    ( 1552): [1412]< GET_CURRENT_CALLS {[id=1,ACTIVE,toa=129,norm,mo,als=0,voc,noevp,10086,cli=0,name='(null)',0][id=2,WAITING,toa=161,norm,mt,als=0,voc,noevp,13182827869,cli=0,name='(null)',0}
04-25 10:33:25.583 D/RILJ    ( 1670): [UNSL]< UNSOL_RESPONSE_CALL_STATE_CHANGED
04-25 10:33:25.583 D/RILJ    ( 1670): [1413]> GET_CURRENT_CALLS
04-25 10:33:25.593 D/RILC    ( 1552): [1413]> GET_CURRENT_CALLS 
04-25 10:33:25.593 D/RIL     ( 1552): onRequest: GET_CURRENT_CALLS
04-25 10:33:25.593 D/AT      ( 1552): AT> AT+CLCC
04-25 10:33:25.593 D/AT      ( 1552): AT< +CLCC: 1,0,0,0,0,"10086",129
04-25 10:33:25.593 D/AT      ( 1552): AT< +CLCC: 2,1,5,0,0,"13182827869",161
04-25 10:33:25.593 D/AT      ( 1552): AT< OK
04-25 10:33:25.593 D/RILC    ( 1552): [1413]< GET_CURRENT_CALLS {[id=1,ACTIVE,toa=129,norm,mo,als=0,voc,noevp,10086,cli=0,name='(null)',0][id=2,WAITING,toa=161,norm,mt,als=0,voc,noevp,13182827869,cli=0,name='(null)',0}
04-25 10:33:25.593 D/RILJ    ( 1670): InCall VoicePrivacy is disabled
04-25 10:33:25.593 D/RILJ    ( 1670): InCall VoicePrivacy is disabled
04-25 10:33:25.603 D/RILJ    ( 1670): [1412]< GET_CURRENT_CALLS  [id=1,ACTIVE,toa=129,norm,mo,0,voc,noevp,,cli=1,,0] [id=2,WAITING,toa=161,norm,mt,0,voc,noevp,,cli=1,,0] 
04-25 10:33:25.603 D/RILJ    ( 1670): InCall VoicePrivacy is disabled
04-25 10:33:25.613 D/RILJ    ( 1670): InCall VoicePrivacy is disabled
04-25 10:33:25.613 D/RILJ    ( 1670): [1413]< GET_CURRENT_CALLS  [id=1,ACTIVE,toa=129,norm,mo,0,voc,noevp,,cli=1,,0] [id=2,WAITING,toa=161,norm,mt,0,voc,noevp,,cli=1,,0] 
04-25 10:33:25.613 D/GSM     ( 1670): [GSMConn] update: parent=ACTIVE, hasNewParent=false, wasConnectingInOrOut=false, wasHolding=false, isConnectingInOrOut=false, changed=false
04-25 10:33:25.613 D/GSM     ( 1670): [GSMConn] update: parent=WAITING, hasNewParent=false, wasConnectingInOrOut=true, wasHolding=false, isConnectingInOrOut=true, changed=false
04-25 10:33:25.753 D/RILC    ( 1552): [UNSL]< UNSOL_RESPONSE_CALL_STATE_CHANGED 
04-25 10:33:25.753 D/RILJ    ( 1670): [UNSL]< UNSOL_RESPONSE_CALL_STATE_CHANGED
04-25 10:33:25.753 D/RILJ    ( 1670): [1414]> GET_CURRENT_CALLS
04-25 10:33:25.753 D/RILC    ( 1552): [1414]> GET_CURRENT_CALLS 
04-25 10:33:25.753 D/RIL     ( 1552): onRequest: GET_CURRENT_CALLS
04-25 10:33:25.753 D/AT      ( 1552): AT> AT+CLCC
04-25 10:33:25.753 D/AT      ( 1552): AT< +CLCC: 1,0,0,0,0,"10086",129
04-25 10:33:25.763 D/AT      ( 1552): AT< +CLCC: 2,1,5,0,0,"13182827869",161
04-25 10:33:25.763 D/AT      ( 1552): AT< OK
04-25 10:33:25.763 D/RILC    ( 1552): [1414]< GET_CURRENT_CALLS {[id=1,ACTIVE,toa=129,norm,mo,als=0,voc,noevp,10086,cli=0,name='(null)',0][id=2,WAITING,toa=161,norm,mt,als=0,voc,noevp,13182827869,cli=0,name='(null)',0}
04-25 10:33:25.763 D/RILJ    ( 1670): InCall VoicePrivacy is disabled
04-25 10:33:25.763 D/RILJ    ( 1670): InCall VoicePrivacy is disabled
04-25 10:33:25.763 D/RILJ    ( 1670): [1414]< GET_CURRENT_CALLS  [id=1,ACTIVE,toa=129,norm,mo,0,voc,noevp,,cli=1,,0] [id=2,WAITING,toa=161,norm,mt,0,voc,noevp,,cli=1,,0] 
04-25 10:33:25.763 D/GSM     ( 1670): [GSMConn] update: parent=ACTIVE, hasNewParent=false, wasConnectingInOrOut=false, wasHolding=false, isConnectingInOrOut=false, changed=false
04-25 10:33:25.773 D/RILC    ( 1552): [UNSL]< UNSOL_RESPONSE_CALL_STATE_CHANGED 
04-25 10:33:25.773 D/GSM     ( 1670): [GSMConn] update: parent=WAITING, hasNewParent=false, wasConnectingInOrOut=true, wasHolding=false, isConnectingInOrOut=true, changed=false
04-25 10:33:25.773 D/RILJ    ( 1670): [UNSL]< UNSOL_RESPONSE_CALL_STATE_CHANGED
04-25 10:33:25.783 D/RILJ    ( 1670): [1415]> GET_CURRENT_CALLS
04-25 10:33:25.793 D/RILC    ( 1552): [1415]> GET_CURRENT_CALLS 
04-25 10:33:25.793 D/RIL     ( 1552): onRequest: GET_CURRENT_CALLS
04-25 10:33:25.793 D/AT      ( 1552): AT> AT+CLCC
04-25 10:33:25.793 D/AT      ( 1552): AT< +CLCC: 1,0,0,0,0,"10086",129
04-25 10:33:25.793 D/AT      ( 1552): AT< +CLCC: 2,1,5,0,0,"13182827869",161
04-25 10:33:25.793 D/AT      ( 1552): AT< OK
04-25 10:33:25.793 D/RILC    ( 1552): [1415]< GET_CURRENT_CALLS {[id=1,ACTIVE,toa=129,norm,mo,als=0,voc,noevp,10086,cli=0,name='(null)',0][id=2,WAITING,toa=161,norm,mt,als=0,voc,noevp,13182827869,cli=0,name='(null)',0}
04-25 10:33:25.803 D/RILJ    ( 1670): InCall VoicePrivacy is disabled
04-25 10:33:25.803 D/RILJ    ( 1670): InCall VoicePrivacy is disabled
04-25 10:33:25.803 D/RILJ    ( 1670): [1415]< GET_CURRENT_CALLS  [id=1,ACTIVE,toa=129,norm,mo,0,voc,noevp,,cli=1,,0] [id=2,WAITING,toa=161,norm,mt,0,voc,noevp,,cli=1,,0] 
04-25 10:33:25.803 D/GSM     ( 1670): [GSMConn] update: parent=ACTIVE, hasNewParent=false, wasConnectingInOrOut=false, wasHolding=false, isConnectingInOrOut=false, changed=false
04-25 10:33:25.803 D/GSM     ( 1670): [GSMConn] update: parent=WAITING, hasNewParent=false, wasConnectingInOrOut=true, wasHolding=false, isConnectingInOrOut=true, changed=false
04-25 10:33:25.975 D/RILC    ( 1552): [UNSL]< UNSOL_RESPONSE_CALL_STATE_CHANGED 
04-25 10:33:25.975 D/RILJ    ( 1670): [UNSL]< UNSOL_RESPONSE_CALL_STATE_CHANGED
04-25 10:33:25.975 D/RILJ    ( 1670): [1416]> GET_CURRENT_CALLS
04-25 10:33:25.983 D/RILC    ( 1552): [1416]> GET_CURRENT_CALLS 
04-25 10:33:25.983 D/RIL     ( 1552): onRequest: GET_CURRENT_CALLS
04-25 10:33:25.983 D/AT      ( 1552): AT> AT+CLCC
04-25 10:33:25.983 D/AT      ( 1552): AT< +CLCC: 1,0,0,0,0,"10086",129
04-25 10:33:25.983 D/AT      ( 1552): AT< +CLCC: 2,1,5,0,0,"13182827869",161
04-25 10:33:25.983 D/AT      ( 1552): AT< OK
04-25 10:33:25.983 D/RILC    ( 1552): [1416]< GET_CURRENT_CALLS {[id=1,ACTIVE,toa=129,norm,mo,als=0,voc,noevp,10086,cli=0,name='(null)',0][id=2,WAITING,toa=161,norm,mt,als=0,voc,noevp,13182827869,cli=0,name='(null)',0}
04-25 10:33:25.983 D/RILJ    ( 1670): InCall VoicePrivacy is disabled
04-25 10:33:25.983 D/RILJ    ( 1670): InCall VoicePrivacy is disabled
04-25 10:33:25.983 D/RILJ    ( 1670): [1416]< GET_CURRENT_CALLS  [id=1,ACTIVE,toa=129,norm,mo,0,voc,noevp,,cli=1,,0] [id=2,WAITING,toa=161,norm,mt,0,voc,noevp,,cli=1,,0] 
04-25 10:33:25.993 D/GSM     ( 1670): [GSMConn] update: parent=ACTIVE, hasNewParent=false, wasConnectingInOrOut=false, wasHolding=false, isConnectingInOrOut=false, changed=false
04-25 10:33:25.993 D/GSM     ( 1670): [GSMConn] update: parent=WAITING, hasNewParent=false, wasConnectingInOrOut=true, wasHolding=false, isConnectingInOrOut=true, changed=false
04-25 10:33:26.043 D/RILC    ( 1552): [UNSL]< UNSOL_RESPONSE_CALL_STATE_CHANGED 
04-25 10:33:26.043 D/RILJ    ( 1670): [UNSL]< UNSOL_RESPONSE_CALL_STATE_CHANGED
04-25 10:33:26.053 D/RILJ    ( 1670): [1417]> GET_CURRENT_CALLS
04-25 10:33:26.053 D/RILC    ( 1552): [1417]> GET_CURRENT_CALLS 
04-25 10:33:26.053 D/RIL     ( 1552): onRequest: GET_CURRENT_CALLS
04-25 10:33:26.053 D/AT      ( 1552): AT> AT+CLCC
04-25 10:33:26.053 D/AT      ( 1552): AT< +CLCC: 1,0,0,0,0,"10086",129
04-25 10:33:26.053 D/AT      ( 1552): AT< +CLCC: 2,1,5,0,0,"13182827869",161
04-25 10:33:26.053 D/AT      ( 1552): AT< OK
04-25 10:33:26.053 D/RILC    ( 1552): [1417]< GET_CURRENT_CALLS {[id=1,ACTIVE,toa=129,norm,mo,als=0,voc,noevp,10086,cli=0,name='(null)',0][id=2,WAITING,toa=161,norm,mt,als=0,voc,noevp,13182827869,cli=0,name='(null)',0}
04-25 10:33:26.063 D/RILJ    ( 1670): InCall VoicePrivacy is disabled
04-25 10:33:26.063 D/RILJ    ( 1670): InCall VoicePrivacy is disabled
04-25 10:33:26.063 D/RILJ    ( 1670): [1417]< GET_CURRENT_CALLS  [id=1,ACTIVE,toa=129,norm,mo,0,voc,noevp,,cli=1,,0] [id=2,WAITING,toa=161,norm,mt,0,voc,noevp,,cli=1,,0] 
04-25 10:33:26.063 D/GSM     ( 1670): [GSMConn] update: parent=ACTIVE, hasNewParent=false, wasConnectingInOrOut=false, wasHolding=false, isConnectingInOrOut=false, changed=false
04-25 10:33:26.063 D/GSM     ( 1670): [GSMConn] update: parent=WAITING, hasNewParent=false, wasConnectingInOrOut=true, wasHolding=false, isConnectingInOrOut=true, changed=false
04-25 10:33:26.083 D/RILC    ( 1552): [UNSL]< UNSOL_RESPONSE_CALL_STATE_CHANGED 
04-25 10:33:26.083 D/RILJ    ( 1670): [UNSL]< UNSOL_RESPONSE_CALL_STATE_CHANGED
04-25 10:33:26.083 D/RILJ    ( 1670): [1418]> GET_CURRENT_CALLS
04-25 10:33:26.083 D/RILC    ( 1552): [1418]> GET_CURRENT_CALLS 
04-25 10:33:26.083 D/RIL     ( 1552): onRequest: GET_CURRENT_CALLS
04-25 10:33:26.083 D/AT      ( 1552): AT> AT+CLCC
04-25 10:33:26.093 D/AT      ( 1552): AT< +CLCC: 1,0,0,0,0,"10086",129
04-25 10:33:26.093 D/AT      ( 1552): AT< +CLCC: 2,1,5,0,0,"13182827869",161
04-25 10:33:26.093 D/AT      ( 1552): AT< OK
04-25 10:33:26.093 D/RILC    ( 1552): [1418]< GET_CURRENT_CALLS {[id=1,ACTIVE,toa=129,norm,mo,als=0,voc,noevp,10086,cli=0,name='(null)',0][id=2,WAITING,toa=161,norm,mt,als=0,voc,noevp,13182827869,cli=0,name='(null)',0}
04-25 10:33:26.093 D/RILC    ( 1552): [UNSL]< UNSOL_RESPONSE_CALL_STATE_CHANGED 
04-25 10:33:26.093 D/RILJ    ( 1670): InCall VoicePrivacy is disabled
04-25 10:33:26.093 D/RILJ    ( 1670): InCall VoicePrivacy is disabled
04-25 10:33:26.103 D/RILJ    ( 1670): [1418]< GET_CURRENT_CALLS  [id=1,ACTIVE,toa=129,norm,mo,0,voc,noevp,,cli=1,,0] [id=2,WAITING,toa=161,norm,mt,0,voc,noevp,,cli=1,,0] 
04-25 10:33:26.103 D/GSM     ( 1670): [GSMConn] update: parent=ACTIVE, hasNewParent=false, wasConnectingInOrOut=false, wasHolding=false, isConnectingInOrOut=false, changed=false
04-25 10:33:26.103 D/GSM     ( 1670): [GSMConn] update: parent=WAITING, hasNewParent=false, wasConnectingInOrOut=true, wasHolding=false, isConnectingInOrOut=true, changed=false
04-25 10:33:26.113 D/RILJ    ( 1670): [UNSL]< UNSOL_RESPONSE_CALL_STATE_CHANGED
04-25 10:33:26.113 D/RILJ    ( 1670): [1419]> GET_CURRENT_CALLS
04-25 10:33:26.123 D/RILC    ( 1552): [1419]> GET_CURRENT_CALLS 
04-25 10:33:26.123 D/RIL     ( 1552): onRequest: GET_CURRENT_CALLS
04-25 10:33:26.123 D/AT      ( 1552): AT> AT+CLCC
04-25 10:33:26.123 D/AT      ( 1552): AT< +CLCC: 1,0,0,0,0,"10086",129
04-25 10:33:26.123 D/AT      ( 1552): AT< +CLCC: 2,1,5,0,0,"13182827869",161
04-25 10:33:26.123 D/AT      ( 1552): AT< OK
04-25 10:33:26.123 D/RILC    ( 1552): [1419]< GET_CURRENT_CALLS {[id=1,ACTIVE,toa=129,norm,mo,als=0,voc,noevp,10086,cli=0,name='(null)',0][id=2,WAITING,toa=161,norm,mt,als=0,voc,noevp,13182827869,cli=0,name='(null)',0}
04-25 10:33:26.133 D/RILJ    ( 1670): InCall VoicePrivacy is disabled
04-25 10:33:26.133 D/RILJ    ( 1670): InCall VoicePrivacy is disabled
04-25 10:33:26.133 D/RILJ    ( 1670): [1419]< GET_CURRENT_CALLS  [id=1,ACTIVE,toa=129,norm,mo,0,voc,noevp,,cli=1,,0] [id=2,WAITING,toa=161,norm,mt,0,voc,noevp,,cli=1,,0] 
04-25 10:33:26.133 D/GSM     ( 1670): [GSMConn] update: parent=ACTIVE, hasNewParent=false, wasConnectingInOrOut=false, wasHolding=false, isConnectingInOrOut=false, changed=false
04-25 10:33:26.133 D/GSM     ( 1670): [GSMConn] update: parent=WAITING, hasNewParent=false, wasConnectingInOrOut=true, wasHolding=false, isConnectingInOrOut=true, changed=false
04-25 10:33:26.263 D/RILC    ( 1552): [UNSL]< UNSOL_RESPONSE_CALL_STATE_CHANGED 
04-25 10:33:26.263 D/RILJ    ( 1670): [UNSL]< UNSOL_RESPONSE_CALL_STATE_CHANGED
04-25 10:33:26.263 D/RILJ    ( 1670): [1420]> GET_CURRENT_CALLS
04-25 10:33:26.263 D/RILC    ( 1552): [1420]> GET_CURRENT_CALLS 
04-25 10:33:26.263 D/RIL     ( 1552): onRequest: GET_CURRENT_CALLS
04-25 10:33:26.263 D/AT      ( 1552): AT> AT+CLCC
04-25 10:33:26.263 D/AT      ( 1552): AT< +CLCC: 1,0,0,0,0,"10086",129
04-25 10:33:26.273 D/AT      ( 1552): AT< +CLCC: 2,1,5,0,0,"13182827869",161
04-25 10:33:26.273 D/AT      ( 1552): AT< OK
04-25 10:33:26.273 D/RILC    ( 1552): [1420]< GET_CURRENT_CALLS {[id=1,ACTIVE,toa=129,norm,mo,als=0,voc,noevp,10086,cli=0,name='(null)',0][id=2,WAITING,toa=161,norm,mt,als=0,voc,noevp,13182827869,cli=0,name='(null)',0}
04-25 10:33:26.273 D/RILJ    ( 1670): InCall VoicePrivacy is disabled
04-25 10:33:26.273 D/RILJ    ( 1670): InCall VoicePrivacy is disabled
04-25 10:33:26.273 D/RILJ    ( 1670): [1420]< GET_CURRENT_CALLS  [id=1,ACTIVE,toa=129,norm,mo,0,voc,noevp,,cli=1,,0] [id=2,WAITING,toa=161,norm,mt,0,voc,noevp,,cli=1,,0] 
04-25 10:33:26.283 D/GSM     ( 1670): [GSMConn] update: parent=ACTIVE, hasNewParent=false, wasConnectingInOrOut=false, wasHolding=false, isConnectingInOrOut=false, changed=false
04-25 10:33:26.283 D/GSM     ( 1670): [GSMConn] update: parent=WAITING, hasNewParent=false, wasConnectingInOrOut=true, wasHolding=false, isConnectingInOrOut=true, changed=false
04-25 10:33:26.293 D/RILC    ( 1552): [UNSL]< UNSOL_RESPONSE_CALL_STATE_CHANGED 
04-25 10:33:26.293 D/RILJ    ( 1670): [UNSL]< UNSOL_RESPONSE_CALL_STATE_CHANGED
04-25 10:33:26.293 D/RILJ    ( 1670): [1421]> GET_CURRENT_CALLS
04-25 10:33:26.303 D/RILC    ( 1552): [1421]> GET_CURRENT_CALLS 
04-25 10:33:26.303 D/RIL     ( 1552): onRequest: GET_CURRENT_CALLS
04-25 10:33:26.303 D/AT      ( 1552): AT> AT+CLCC
04-25 10:33:26.303 D/AT      ( 1552): AT< +CLCC: 1,0,0,0,0,"10086",129
04-25 10:33:26.303 D/AT      ( 1552): AT< +CLCC: 2,1,5,0,0,"13182827869",161
04-25 10:33:26.303 D/AT      ( 1552): AT< OK
04-25 10:33:26.303 D/RILC    ( 1552): [1421]< GET_CURRENT_CALLS {[id=1,ACTIVE,toa=129,norm,mo,als=0,voc,noevp,10086,cli=0,name='(null)',0][id=2,WAITING,toa=161,norm,mt,als=0,voc,noevp,13182827869,cli=0,name='(null)',0}
04-25 10:33:26.313 D/RILJ    ( 1670): InCall VoicePrivacy is disabled
04-25 10:33:26.313 D/RILJ    ( 1670): InCall VoicePrivacy is disabled
04-25 10:33:26.313 D/RILJ    ( 1670): [1421]< GET_CURRENT_CALLS  [id=1,ACTIVE,toa=129,norm,mo,0,voc,noevp,,cli=1,,0] [id=2,WAITING,toa=161,norm,mt,0,voc,noevp,,cli=1,,0] 
04-25 10:33:26.313 D/GSM     ( 1670): [GSMConn] update: parent=ACTIVE, hasNewParent=false, wasConnectingInOrOut=false, wasHolding=false, isConnectingInOrOut=false, changed=false
04-25 10:33:26.313 D/GSM     ( 1670): [GSMConn] update: parent=WAITING, hasNewParent=false, wasConnectingInOrOut=true, wasHolding=false, isConnectingInOrOut=true, changed=false
04-25 10:33:26.483 D/RILC    ( 1552): [UNSL]< UNSOL_RESPONSE_CALL_STATE_CHANGED 
04-25 10:33:26.483 D/RILJ    ( 1670): [UNSL]< UNSOL_RESPONSE_CALL_STATE_CHANGED
04-25 10:33:26.493 D/RILJ    ( 1670): [1422]> GET_CURRENT_CALLS
04-25 10:33:26.493 D/RILC    ( 1552): [1422]> GET_CURRENT_CALLS 
04-25 10:33:26.493 D/RIL     ( 1552): onRequest: GET_CURRENT_CALLS
04-25 10:33:26.493 D/AT      ( 1552): AT> AT+CLCC
04-25 10:33:26.493 D/AT      ( 1552): AT< +CLCC: 1,0,0,0,0,"10086",129
04-25 10:33:26.493 D/AT      ( 1552): AT< +CLCC: 2,1,5,0,0,"13182827869",161
04-25 10:33:26.493 D/AT      ( 1552): AT< OK
04-25 10:33:26.493 D/RILC    ( 1552): [1422]< GET_CURRENT_CALLS {[id=1,ACTIVE,toa=129,norm,mo,als=0,voc,noevp,10086,cli=0,name='(null)',0][id=2,WAITING,toa=161,norm,mt,als=0,voc,noevp,13182827869,cli=0,name='(null)',0}
04-25 10:33:26.503 D/RILJ    ( 1670): InCall VoicePrivacy is disabled
04-25 10:33:26.503 D/RILJ    ( 1670): InCall VoicePrivacy is disabled
04-25 10:33:26.503 D/RILJ    ( 1670): [1422]< GET_CURRENT_CALLS  [id=1,ACTIVE,toa=129,norm,mo,0,voc,noevp,,cli=1,,0] [id=2,WAITING,toa=161,norm,mt,0,voc,noevp,,cli=1,,0] 
04-25 10:33:26.503 D/GSM     ( 1670): [GSMConn] update: parent=ACTIVE, hasNewParent=false, wasConnectingInOrOut=false, wasHolding=false, isConnectingInOrOut=false, changed=false
04-25 10:33:26.503 D/GSM     ( 1670): [GSMConn] update: parent=WAITING, hasNewParent=false, wasConnectingInOrOut=true, wasHolding=false, isConnectingInOrOut=true, changed=false
04-25 10:33:26.563 D/RILC    ( 1552): [UNSL]< UNSOL_RESPONSE_CALL_STATE_CHANGED 
04-25 10:33:26.563 D/RILJ    ( 1670): [UNSL]< UNSOL_RESPONSE_CALL_STATE_CHANGED
04-25 10:33:26.563 D/RILJ    ( 1670): [1423]> GET_CURRENT_CALLS
04-25 10:33:26.563 D/RILC    ( 1552): [1423]> GET_CURRENT_CALLS 
04-25 10:33:26.563 D/RIL     ( 1552): onRequest: GET_CURRENT_CALLS
04-25 10:33:26.563 D/AT      ( 1552): AT> AT+CLCC
04-25 10:33:26.573 D/AT      ( 1552): AT< +CLCC: 1,0,0,0,0,"10086",129
04-25 10:33:26.573 D/AT      ( 1552): AT< +CLCC: 2,1,5,0,0,"13182827869",161
04-25 10:33:26.573 D/AT      ( 1552): AT< OK
04-25 10:33:26.573 D/RILC    ( 1552): [1423]< GET_CURRENT_CALLS {[id=1,ACTIVE,toa=129,norm,mo,als=0,voc,noevp,10086,cli=0,name='(null)',0][id=2,WAITING,toa=161,norm,mt,als=0,voc,noevp,13182827869,cli=0,name='(null)',0}
04-25 10:33:26.573 D/RILJ    ( 1670): InCall VoicePrivacy is disabled
04-25 10:33:26.573 D/RILJ    ( 1670): InCall VoicePrivacy is disabled
04-25 10:33:26.583 D/RILJ    ( 1670): [1423]< GET_CURRENT_CALLS  [id=1,ACTIVE,toa=129,norm,mo,0,voc,noevp,,cli=1,,0] [id=2,WAITING,toa=161,norm,mt,0,voc,noevp,,cli=1,,0] 
04-25 10:33:26.583 D/GSM     ( 1670): [GSMConn] update: parent=ACTIVE, hasNewParent=false, wasConnectingInOrOut=false, wasHolding=false, isConnectingInOrOut=false, changed=false
04-25 10:33:26.583 D/GSM     ( 1670): [GSMConn] update: parent=WAITING, hasNewParent=false, wasConnectingInOrOut=true, wasHolding=false, isConnectingInOrOut=true, changed=false
04-25 10:33:26.593 D/RILC    ( 1552): [UNSL]< UNSOL_RESPONSE_CALL_STATE_CHANGED 
04-25 10:33:26.593 D/RILJ    ( 1670): [UNSL]< UNSOL_RESPONSE_CALL_STATE_CHANGED
04-25 10:33:26.593 D/RILJ    ( 1670): [1424]> GET_CURRENT_CALLS
04-25 10:33:26.593 D/RILC    ( 1552): [1424]> GET_CURRENT_CALLS 
04-25 10:33:26.593 D/RIL     ( 1552): onRequest: GET_CURRENT_CALLS
04-25 10:33:26.593 D/AT      ( 1552): AT> AT+CLCC
04-25 10:33:26.603 D/AT      ( 1552): AT< +CLCC: 1,0,0,0,0,"10086",129
04-25 10:33:26.603 D/AT      ( 1552): AT< +CLCC: 2,1,5,0,0,"13182827869",161
04-25 10:33:26.603 D/AT      ( 1552): AT< OK
04-25 10:33:26.603 D/RILC    ( 1552): [1424]< GET_CURRENT_CALLS {[id=1,ACTIVE,toa=129,norm,mo,als=0,voc,noevp,10086,cli=0,name='(null)',0][id=2,WAITING,toa=161,norm,mt,als=0,voc,noevp,13182827869,cli=0,name='(null)',0}
04-25 10:33:26.603 D/RILJ    ( 1670): InCall VoicePrivacy is disabled
04-25 10:33:26.613 D/RILJ    ( 1670): InCall VoicePrivacy is disabled
04-25 10:33:26.613 D/RILJ    ( 1670): [1424]< GET_CURRENT_CALLS  [id=1,ACTIVE,toa=129,norm,mo,0,voc,noevp,,cli=1,,0] [id=2,WAITING,toa=161,norm,mt,0,voc,noevp,,cli=1,,0] 
04-25 10:33:26.613 D/GSM     ( 1670): [GSMConn] update: parent=ACTIVE, hasNewParent=false, wasConnectingInOrOut=false, wasHolding=false, isConnectingInOrOut=false, changed=false
04-25 10:33:26.613 D/GSM     ( 1670): [GSMConn] update: parent=WAITING, hasNewParent=false, wasConnectingInOrOut=true, wasHolding=false, isConnectingInOrOut=true, changed=false
04-25 10:33:26.623 D/RILC    ( 1552): [UNSL]< UNSOL_RESPONSE_CALL_STATE_CHANGED 
04-25 10:33:26.623 D/RILJ    ( 1670): [UNSL]< UNSOL_RESPONSE_CALL_STATE_CHANGED
04-25 10:33:26.623 D/RILJ    ( 1670): [1425]> GET_CURRENT_CALLS
04-25 10:33:26.633 D/RILC    ( 1552): [1425]> GET_CURRENT_CALLS 
04-25 10:33:26.633 D/RIL     ( 1552): onRequest: GET_CURRENT_CALLS
04-25 10:33:26.633 D/AT      ( 1552): AT> AT+CLCC
04-25 10:33:26.633 D/AT      ( 1552): AT< +CLCC: 1,0,0,0,0,"10086",129
04-25 10:33:26.633 D/AT      ( 1552): AT< +CLCC: 2,1,5,0,0,"13182827869",161
04-25 10:33:26.643 D/AT      ( 1552): AT< OK
04-25 10:33:26.643 D/RILC    ( 1552): [1425]< GET_CURRENT_CALLS {[id=1,ACTIVE,toa=129,norm,mo,als=0,voc,noevp,10086,cli=0,name='(null)',0][id=2,WAITING,toa=161,norm,mt,als=0,voc,noevp,13182827869,cli=0,name='(null)',0}
04-25 10:33:26.643 D/RILJ    ( 1670): InCall VoicePrivacy is disabled
04-25 10:33:26.643 D/RILJ    ( 1670): InCall VoicePrivacy is disabled
04-25 10:33:26.643 D/RILJ    ( 1670): [1425]< GET_CURRENT_CALLS  [id=1,ACTIVE,toa=129,norm,mo,0,voc,noevp,,cli=1,,0] [id=2,WAITING,toa=161,norm,mt,0,voc,noevp,,cli=1,,0] 
04-25 10:33:26.643 D/GSM     ( 1670): [GSMConn] update: parent=ACTIVE, hasNewParent=false, wasConnectingInOrOut=false, wasHolding=false, isConnectingInOrOut=false, changed=false
04-25 10:33:26.643 D/GSM     ( 1670): [GSMConn] update: parent=WAITING, hasNewParent=false, wasConnectingInOrOut=true, wasHolding=false, isConnectingInOrOut=true, changed=false
04-25 10:33:26.773 D/RILC    ( 1552): [UNSL]< UNSOL_RESPONSE_CALL_STATE_CHANGED 
04-25 10:33:26.773 D/RILJ    ( 1670): [UNSL]< UNSOL_RESPONSE_CALL_STATE_CHANGED
04-25 10:33:26.773 D/RILJ    ( 1670): [1426]> GET_CURRENT_CALLS
04-25 10:33:26.773 D/RILC    ( 1552): [1426]> GET_CURRENT_CALLS 
04-25 10:33:26.773 D/RIL     ( 1552): onRequest: GET_CURRENT_CALLS
04-25 10:33:26.773 D/AT      ( 1552): AT> AT+CLCC
04-25 10:33:26.783 D/AT      ( 1552): AT< +CLCC: 1,0,0,0,0,"10086",129
04-25 10:33:26.783 D/AT      ( 1552): AT< +CLCC: 2,1,5,0,0,"13182827869",161
04-25 10:33:26.783 D/AT      ( 1552): AT< OK
04-25 10:33:26.783 D/RILC    ( 1552): [1426]< GET_CURRENT_CALLS {[id=1,ACTIVE,toa=129,norm,mo,als=0,voc,noevp,10086,cli=0,name='(null)',0][id=2,WAITING,toa=161,norm,mt,als=0,voc,noevp,13182827869,cli=0,name='(null)',0}
04-25 10:33:26.783 D/RILJ    ( 1670): InCall VoicePrivacy is disabled
04-25 10:33:26.783 D/RILJ    ( 1670): InCall VoicePrivacy is disabled
04-25 10:33:26.793 D/RILJ    ( 1670): [1426]< GET_CURRENT_CALLS  [id=1,ACTIVE,toa=129,norm,mo,0,voc,noevp,,cli=1,,0] [id=2,WAITING,toa=161,norm,mt,0,voc,noevp,,cli=1,,0] 
04-25 10:33:26.793 D/GSM     ( 1670): [GSMConn] update: parent=ACTIVE, hasNewParent=false, wasConnectingInOrOut=false, wasHolding=false, isConnectingInOrOut=false, changed=false
04-25 10:33:26.793 D/GSM     ( 1670): [GSMConn] update: parent=WAITING, hasNewParent=false, wasConnectingInOrOut=true, wasHolding=false, isConnectingInOrOut=true, changed=false
04-25 10:33:26.803 D/RILC    ( 1552): [UNSL]< UNSOL_RESPONSE_CALL_STATE_CHANGED 
04-25 10:33:26.813 D/RILJ    ( 1670): [UNSL]< UNSOL_RESPONSE_CALL_STATE_CHANGED
04-25 10:33:26.813 D/RILJ    ( 1670): [1427]> GET_CURRENT_CALLS
04-25 10:33:26.813 D/RILC    ( 1552): [1427]> GET_CURRENT_CALLS 
04-25 10:33:26.813 D/RIL     ( 1552): onRequest: GET_CURRENT_CALLS
04-25 10:33:26.813 D/AT      ( 1552): AT> AT+CLCC
04-25 10:33:26.813 D/AT      ( 1552): AT< +CLCC: 1,0,0,0,0,"10086",129
04-25 10:33:26.813 D/AT      ( 1552): AT< +CLCC: 2,1,5,0,0,"13182827869",161
04-25 10:33:26.813 D/AT      ( 1552): AT< OK
04-25 10:33:26.823 D/RILC    ( 1552): [1427]< GET_CURRENT_CALLS {[id=1,ACTIVE,toa=129,norm,mo,als=0,voc,noevp,10086,cli=0,name='(null)',0][id=2,WAITING,toa=161,norm,mt,als=0,voc,noevp,13182827869,cli=0,name='(null)',0}
04-25 10:33:26.823 D/RILJ    ( 1670): InCall VoicePrivacy is disabled
04-25 10:33:26.823 D/RILJ    ( 1670): InCall VoicePrivacy is disabled
04-25 10:33:26.823 D/RILJ    ( 1670): [1427]< GET_CURRENT_CALLS  [id=1,ACTIVE,toa=129,norm,mo,0,voc,noevp,,cli=1,,0] [id=2,WAITING,toa=161,norm,mt,0,voc,noevp,,cli=1,,0] 
04-25 10:33:26.833 D/GSM     ( 1670): [GSMConn] update: parent=ACTIVE, hasNewParent=false, wasConnectingInOrOut=false, wasHolding=false, isConnectingInOrOut=false, changed=false
04-25 10:33:26.833 D/GSM     ( 1670): [GSMConn] update: parent=WAITING, hasNewParent=false, wasConnectingInOrOut=true, wasHolding=false, isConnectingInOrOut=true, changed=false
