04-25 10:34:07.053 D/ALSAModule( 1595): force route called for devices 00000000 in mode 0...
04-25 10:34:07.053 E/ALSAModule( 1595): open pcm device Dummy_AndroidRecord returned status 0. handler 0x39b88
04-25 10:34:07.053 E/ALSAModule( 1595): pcm device Dummy_AndroidRecord closed
04-25 10:34:07.053 V/AudioPolicyManagerALSA( 1595): setPhoneState() state 0
04-25 10:34:07.053 V/AudioPolicyManagerALSA( 1595): setPhoneState() in call state management: new state is 0
04-25 10:34:07.053 V/AudioPolicyManagerALSA( 1595): handleIncallSonification() stream 2 starting 0 device 1 stateChange 1
04-25 10:34:07.053 V/AudioPolicyManagerALSA( 1595): handleIncallSonification() stream 4 starting 0 device 1 stateChange 1
04-25 10:34:07.053 V/AudioPolicyManagerALSA( 1595): handleIncallSonification() stream 5 starting 0 device 1 stateChange 1
04-25 10:34:07.053 V/AudioPolicyManagerALSA( 1595): handleIncallSonification() stream 7 starting 0 device 1 stateChange 1
04-25 10:34:07.053 V/AudioPolicyManagerALSA( 1595): getDeviceForStrategy() strategy 3, device 1
04-25 10:34:07.053 V/AudioPolicyManagerALSA( 1595): getDeviceForStrategy() strategy 1, device 1
04-25 10:34:07.053 V/AudioPolicyManagerALSA( 1595): getDeviceForStrategy() strategy 2, device 1
04-25 10:34:07.053 V/AudioPolicyManagerALSA( 1595): setOutputDevice() output 1 device 1 delayMs 0
04-25 10:34:07.073 D/InCallScreen( 1670): onStop()...
04-25 10:34:07.073 D/InCallScreen( 1670): onStop: state = IDLE
04-25 10:34:07.103 V/AudioHardwareALSA( 1595): setParameters() routing=1
04-25 10:34:07.103 D/ALSAModule( 1595): route called for devices 00000001 in mode 0...
04-25 10:34:07.103 D/ALSAModule( 1595): route already up to date for devices 00000001 in mode 0...
04-25 10:34:07.103 V/AudioPolicyManagerALSA( 1595): applyStreamVolumes() for output 1 and device 1
04-25 10:34:07.103 V/AudioPolicyManagerALSA( 1595): checkAndSetVolume() cannot set stream 6 volume with force use = 0 for comm
04-25 10:34:07.133 D/Tethering( 1604): Tethering got CONNECTIVITY_ACTION
04-25 10:34:07.133 D/Tethering( 1604): MasterInitialState.processMessage what=3
04-25 10:34:07.133 E/HierarchicalStateMachine( 1604): TetherMaster - unhandledMessage: msg.what=3
04-25 10:34:07.483 V/AudioPolicyManagerALSA( 1595): setStreamVolumeIndex() stream 2, index 5
04-25 10:34:07.493 V/AudioPolicyManagerALSA( 1595): setStreamVolumeIndex() stream 5, index 5
04-25 10:34:08.673 D/InCallScreen( 1670): Handler: handling message { what=108 when=1404689 } while not in foreground
04-25 10:34:08.683 D/InCallScreen( 1670): - delayedCleanupAfterDisconnect: phone is idle...
04-25 10:34:08.693 D/InCallScreen( 1670): Handler: handling message { what=101 when=1404690 obj=android.os.AsyncResult@43d1a608 } while not in foreground
04-25 10:34:08.693 D/InCallScreen( 1670): onPhoneStateChanged()...
04-25 10:34:08.693 D/InCallScreen( 1670): onPhoneStateChanged: Activity not in foreground! Bailing out...
04-25 10:34:20.403 D/KeyguardViewMediator( 1604): wakeWhenReadyLocked(4)
04-25 10:34:20.403 D/KeyguardViewMediator( 1604): handleWakeWhenReady(4)
04-25 10:34:20.403 D/KeyguardViewMediator( 1604): pokeWakelock(5000)
04-25 10:34:20.423 I/power   ( 1604): *** set_screen_state 1
04-25 10:34:20.603 D/SurfaceFlinger( 1557): Screen about to return, flinger = 0xa810
04-25 10:34:20.633 D/KeyguardViewMediator( 1604): pokeWakelock(5000)
04-25 10:34:20.633 W/WindowManager( 1604): No focus window, dropping: KeyEvent{action=1 code=4 repeat=0 meta=0 scancode=158 mFlags=8}
04-25 10:34:20.643 E/Sensors ( 1604): using /dev/input/event3 (name=compass)
04-25 10:34:20.663 E/Sensors ( 1604): sensors_control_activate active=00000000 sensor=00000001 new_sensors=1 changed=1
04-25 10:34:20.713 I/UsageStats( 1604): Unexpected resume of com.android.launcher while already resumed in com.android.launcher
04-25 10:34:21.003 D/KeyguardViewMediator( 1604): pokeWakelock(5000)
04-25 10:34:21.013 D/KeyguardViewMediator( 1604): pokeWakelock(5000)
04-25 10:34:21.163 D/KeyguardViewMediator( 1604): pokeWakelock(5000)
04-25 10:34:22.573 D/KeyguardViewMediator( 1604): pokeWakelock(5000)
04-25 10:34:22.573 D/KeyguardViewMediator( 1604): pokeWakelock(5000)
04-25 10:34:22.693 D/KeyguardViewMediator( 1604): pokeWakelock(5000)
04-25 10:34:22.723 D/KeyguardViewMediator( 1604): pokeWakelock(5000)
04-25 10:34:24.143 D/KeyguardViewMediator( 1604): pokeWakelock(5000)
04-25 10:34:24.196 D/KeyguardViewMediator( 1604): pokeWakelock(5000)
04-25 10:34:24.283 I/ActivityManager( 1604): Starting activity: Intent { act=android.intent.action.MAIN flg=0x10000000 cmp=com.android.contacts/.ContactsLaunchActivity }
04-25 10:34:24.833 W/InputManagerService( 1604): Ignoring hideSoftInput of: com.android.internal.view.IInputMethodClient$Stub$Proxy@43cb7c70
04-25 10:34:25.033 I/ActivityManager( 1604): Displayed activity com.android.contacts/.ContactsLaunchActivity: 629 ms (total 87818 ms)
04-25 10:34:26.253 D/KeyguardViewMediator( 1604): pokeWakelock(5000)
04-25 10:34:26.365 D/KeyguardViewMediator( 1604): pokeWakelock(5000)
04-25 10:34:30.213 D/dalvikvm( 1673): GC_EXPLICIT freed 457 objects / 24896 bytes in 157ms
04-25 10:34:32.463 D/KeyguardViewMediator( 1604): pokeWakelock(5000)
04-25 10:34:32.573 D/KeyguardViewMediator( 1604): pokeWakelock(5000)
04-25 10:34:32.603 I/ActivityManager( 1604): Starting activity: Intent { act=android.intent.action.CALL_PRIVILEGED dat=tel:10086 flg=0x10000000 cmp=com.android.phone/.PrivilegedOutgoingCallBroadcaster }
04-25 10:34:32.853 V/AudioPolicyManagerALSA( 1595): releaseOutput() 1
04-25 10:34:33.023 V/OutgoingCallBroadcaster( 1670): onCreate: this = com.android.phone.OutgoingCallBroadcaster@43d45b38, icicle = null
04-25 10:34:33.033 V/OutgoingCallBroadcaster( 1670):  - getIntent() = Intent { act=android.intent.action.CALL_PRIVILEGED dat=tel:10086 flg=0x10000000 cmp=com.android.phone/.PrivilegedOutgoingCallBroadcaster }
04-25 10:34:33.043 V/OutgoingCallBroadcaster( 1670):  - configuration = { scale=1.0 imsi=460/0 loc=en_US touch=3 keys=3/1/2 nav=1/1 orien=1 layout=34 uiMode=17 seq=3}
04-25 10:34:33.053 D/PhoneApp( 1670): pulse screen lock
04-25 10:34:33.083 D/PhoneUtils( 1670): checkAndCopyPhoneProviderExtras: some or all extras are missing.
04-25 10:34:33.083 V/OutgoingCallBroadcaster( 1670): Broadcasting intent Intent { act=android.intent.action.NEW_OUTGOING_CALL (has extras) }.
04-25 10:34:33.093 V/OutgoingCallReceiver( 1670): doReceive: Intent { act=android.intent.action.NEW_OUTGOING_CALL (has extras) }
04-25 10:34:33.103 V/OutgoingCallReceiver( 1670): CALL to 10086 proceeding.
04-25 10:34:33.113 D/PhoneUtils( 1670): checkAndCopyPhoneProviderExtras: some or all extras are missing.
04-25 10:34:33.113 V/OutgoingCallReceiver( 1670): doReceive(): calling startActivity: Intent { act=android.intent.action.CALL dat=tel:10086 flg=0x10000000 cmp=com.android.phone/.InCallScreen (has extras) }
04-25 10:34:33.113 I/ActivityManager( 1604): Starting activity: Intent { act=android.intent.action.CALL dat=tel:10086 flg=0x10000000 cmp=com.android.phone/.InCallScreen (has extras) }
04-25 10:34:33.163 D/InCallScreen( 1670): onNewIntent: intent=Intent { act=android.intent.action.CALL dat=tel:10086 flg=0x10c00000 cmp=com.android.phone/.InCallScreen (has extras) }
04-25 10:34:33.163 D/InCallScreen( 1670): internalResolveIntent: action=android.intent.action.CALL
04-25 10:34:33.213 I/AudioService( 1604):  AudioFocus  requestAudioFocus() from AudioFocus_For_Phone_Ring_And_Calls
04-25 10:34:33.223 D/AudioHardwareInterface( 1595): setMode(IN_CALL)
04-25 10:34:33.223 D/ALSAModule( 1595): route called for devices 00000001 in mode 2...
04-25 10:34:33.223 D/ALSAModule( 1595): force route called for devices 00000001 in mode 2...
04-25 10:34:33.223 E/ALSAModule( 1595): open pcm device Dummy_AndroidPlayback_Earpiece_incall returned status 0. handler 0x39360
04-25 10:34:33.223 E/ALSAModule( 1595): pcm device Dummy_AndroidPlayback_Earpiece_incall closed
04-25 10:34:33.233 D/ALSAModule( 1595): route called for devices 00000000 in mode 2...
04-25 10:34:33.233 D/ALSAModule( 1595): force route called for devices 00000000 in mode 2...
04-25 10:34:33.233 E/ALSAModule( 1595): open pcm device Dummy_AndroidRecord returned status 0. handler 0x395a0
04-25 10:34:33.253 E/ALSAModule( 1595): pcm device Dummy_AndroidRecord closed
04-25 10:34:33.253 V/AudioPolicyManagerALSA( 1595): setPhoneState() state 2
04-25 10:34:33.253 V/AudioPolicyManagerALSA( 1595): getDeviceForStrategy() strategy 0, device 2
04-25 10:34:33.253 V/AudioPolicyManagerALSA( 1595): getDeviceForStrategy() strategy 3, device 2
04-25 10:34:33.253 V/AudioPolicyManagerALSA( 1595): getDeviceForStrategy() strategy 2, device 2
04-25 10:34:33.253 V/AudioPolicyManagerALSA( 1595): getDeviceForStrategy() strategy 1, device 1
04-25 10:34:33.253 V/AudioPolicyManagerALSA( 1595): setOutputDevice() output 1 device 1 delayMs 0
04-25 10:34:33.253 V/AudioHardwareALSA( 1595): setParameters() routing=1
04-25 10:34:33.253 D/ALSAModule( 1595): route called for devices 00000001 in mode 2...
04-25 10:34:33.253 D/ALSAModule( 1595): route already up to date for devices 00000001 in mode 2...
04-25 10:34:33.253 V/AudioPolicyManagerALSA( 1595): applyStreamVolumes() for output 1 and device 1
04-25 10:34:33.253 V/AudioPolicyManagerALSA( 1595): checkAndSetVolume() cannot set stream 6 volume with force use = 0 for comm
04-25 10:34:33.253 V/AudioPolicyManagerALSA( 1595): setPhoneState() in call state management: new state is 2
04-25 10:34:33.253 V/AudioPolicyManagerALSA( 1595): handleIncallSonification() stream 2 starting 1 device 1 stateChange 1
04-25 10:34:33.253 V/AudioPolicyManagerALSA( 1595): handleIncallSonification() stream 4 starting 1 device 1 stateChange 1
04-25 10:34:33.263 V/AudioPolicyManagerALSA( 1595): handleIncallSonification() stream 5 starting 1 device 1 stateChange 1
04-25 10:34:33.263 V/AudioPolicyManagerALSA( 1595): handleIncallSonification() stream 7 starting 1 device 1 stateChange 1
04-25 10:34:33.273 V/AudioPolicyManagerALSA( 1595): setStreamVolumeIndex() stream 0, index 4
04-25 10:34:33.273 V/AudioPolicyManagerALSA( 1595): setStreamVolumeIndex() stream 8, index 12
04-25 10:34:33.283 D/InCallScreen( 1670): onResume()...
04-25 10:34:33.283 D/PhoneApp( 1670): disable status bar
04-25 10:34:33.283 D/PhoneApp( 1670): StatusBarManager.DISABLE_EXPAND
04-25 10:34:33.283 D/StatusBar( 1604): DISABLE_EXPAND: yes
04-25 10:34:33.303 D/InCallScreen( 1670): - onResume: initial status = SUCCESS
04-25 10:34:33.303 D/InCallScreen( 1670): setInCallScreenMode: NORMAL
04-25 10:34:33.303 D/InCallScreen( 1670): syncWithPhoneState()...
04-25 10:34:33.313 D/PhoneUtils( 1670): dumpCallState():
04-25 10:34:33.313 D/PhoneUtils( 1670): - Phone: Handler{43c52850}, name = GSM, state = OFFHOOK
04-25 10:34:33.313 D/PhoneUtils( 1670):   - FG call: DIALING isAlive true isRinging false isDialing true isIdle false hasConnections true
04-25 10:34:33.313 D/PhoneUtils( 1670):   - BG call: IDLE isAlive false isRinging false isDialing false isIdle true hasConnections false
04-25 10:34:33.313 D/PhoneUtils( 1670):   - RINGING call: IDLE isAlive false isRinging false isDialing false isIdle true hasConnections false
04-25 10:34:33.313 D/PhoneUtils( 1670):   - hasRingingCall false hasActiveCall true hasHoldingCall false allLinesTaken false
04-25 10:34:33.313 D/PhoneUtils( 1670):   - Ringer state: false
04-25 10:34:33.313 D/InCallScreen( 1670): updateScreen()...
04-25 10:34:33.313 D/InCallScreen( 1670): - updateScreen: updating menu items...
04-25 10:34:33.323 D/InCallScreen( 1670): - updateScreen: updating the in-call UI...
04-25 10:34:33.363 I/power   ( 1604): *** set_screen_state 1
04-25 10:34:33.393 D/PhoneApp( 1670): updateWakeState: callscreen true, dialer false, speaker false...
04-25 10:34:33.393 D/PhoneApp( 1670): updateWakeState: keepScreenOn = true (isRinging false, isDialing true, showingDisc false)
04-25 10:34:33.443 D/BT HS/HF( 1670): audioOn(): headset is not connected!
04-25 10:34:33.443 D/CallNotifier( 1670): stopRing()... (OFFHOOK state)
04-25 10:34:33.443 D/Ringer  ( 1670): stopRing()...
04-25 10:34:33.453 D/Ringer  ( 1670): - stopRing: null mRingHandler!
04-25 10:34:33.493 D/InCallScreen( 1670): onPhoneStateChanged()...
04-25 10:34:33.493 D/InCallScreen( 1670): updateScreen()...
04-25 10:34:33.493 D/InCallScreen( 1670): - updateScreen: updating menu items...
04-25 10:34:33.493 D/InCallScreen( 1670): - updateScreen: updating the in-call UI...
04-25 10:34:33.513 D/PhoneApp( 1670): updateWakeState: callscreen true, dialer false, speaker false...
04-25 10:34:33.513 D/PhoneApp( 1670): updateWakeState: keepScreenOn = true (isRinging false, isDialing true, showingDisc false)
04-25 10:34:33.553 D/BT HS/HF( 1670): audioOn(): headset is not connected!
04-25 10:34:33.553 D/CallNotifier( 1670): stopRing()... (OFFHOOK state)
04-25 10:34:33.553 D/Ringer  ( 1670): stopRing()...
04-25 10:34:33.553 D/Ringer  ( 1670): - stopRing: null mRingHandler!
04-25 10:34:33.593 D/InCallScreen( 1670): onPhoneStateChanged()...
04-25 10:34:33.593 D/InCallScreen( 1670): updateScreen()...
04-25 10:34:33.593 D/InCallScreen( 1670): - updateScreen: updating menu items...
04-25 10:34:33.603 D/InCallScreen( 1670): - updateScreen: updating the in-call UI...
04-25 10:34:33.623 D/PhoneApp( 1670): updateWakeState: callscreen true, dialer false, speaker false...
04-25 10:34:33.623 D/PhoneApp( 1670): updateWakeState: keepScreenOn = true (isRinging false, isDialing true, showingDisc false)
04-25 10:34:33.633 D/BT HS/HF( 1670): audioOn(): headset is not connected!
04-25 10:34:33.633 D/CallNotifier( 1670): stopRing()... (OFFHOOK state)
04-25 10:34:33.633 D/Ringer  ( 1670): stopRing()...
04-25 10:34:33.643 D/Ringer  ( 1670): - stopRing: null mRingHandler!
04-25 10:34:33.673 D/InCallScreen( 1670): onPhoneStateChanged()...
04-25 10:34:33.673 D/InCallScreen( 1670): updateScreen()...
04-25 10:34:33.673 D/InCallScreen( 1670): - updateScreen: updating menu items...
04-25 10:34:33.683 D/InCallScreen( 1670): - updateScreen: updating the in-call UI...
04-25 10:34:33.703 D/PhoneApp( 1670): updateWakeState: callscreen true, dialer false, speaker false...
04-25 10:34:33.703 D/PhoneApp( 1670): updateWakeState: keepScreenOn = true (isRinging false, isDialing true, showingDisc false)
04-25 10:34:33.723 D/MobileDataStateTracker( 1604): default Received state= SUSPENDED, old= CONNECTED, reason= 2GVoiceCallStarted, apnTypeList= default
04-25 10:34:33.733 D/NetworkStateTracker( 1604): setDetailed state, old =CONNECTED and new state=SUSPENDED
04-25 10:34:33.733 D/ConnectivityService( 1604): ConnectivityChange for mobile: SUSPENDED/SUSPENDED
04-25 10:34:33.743 D/ConnectivityService( 1604): getMobileDataEnabled returning true
04-25 10:34:33.983 D/BT HS/HF( 1670): audioOn(): headset is not connected!
04-25 10:34:33.993 D/CallNotifier( 1670): stopRing()... (OFFHOOK state)
04-25 10:34:33.993 D/Ringer  ( 1670): stopRing()...
04-25 10:34:34.003 D/Ringer  ( 1670): - stopRing: null mRingHandler!
04-25 10:34:34.153 D/InCallScreen( 1670): onPhoneStateChanged()...
04-25 10:34:34.153 D/InCallScreen( 1670): updateScreen()...
04-25 10:34:34.163 D/InCallScreen( 1670): - updateScreen: updating menu items...
04-25 10:34:34.183 D/InCallScreen( 1670): - updateScreen: updating the in-call UI...
04-25 10:34:34.193 D/Tethering( 1604): Tethering got CONNECTIVITY_ACTION
04-25 10:34:34.193 D/Tethering( 1604): MasterInitialState.processMessage what=3
04-25 10:34:34.193 E/HierarchicalStateMachine( 1604): TetherMaster - unhandledMessage: msg.what=3
04-25 10:34:34.243 D/PhoneApp( 1670): updateWakeState: callscreen true, dialer false, speaker false...
04-25 10:34:34.243 D/PhoneApp( 1670): updateWakeState: keepScreenOn = true (isRinging false, isDialing true, showingDisc false)
04-25 10:34:34.453 D/dalvikvm( 1670): GC_FOR_MALLOC freed 12558 objects / 782216 bytes in 193ms
04-25 10:34:34.473 W/IInputConnectionWrapper( 1713): showStatusIcon on inactive InputConnection
04-25 10:34:39.763 D/dalvikvm( 1713): GC_EXPLICIT freed 2415 objects / 170000 bytes in 230ms
04-25 10:34:39.943 D/BT HS/HF( 1670): audioOn(): headset is not connected!
04-25 10:34:39.953 D/CallNotifier( 1670): stopRing()... (OFFHOOK state)
04-25 10:34:39.953 D/Ringer  ( 1670): stopRing()...
04-25 10:34:39.963 D/Ringer  ( 1670): - stopRing: null mRingHandler!
04-25 10:34:40.043 D/InCallScreen( 1670): onPhoneStateChanged()...
04-25 10:34:40.043 D/InCallScreen( 1670): updateScreen()...
04-25 10:34:40.053 D/InCallScreen( 1670): - updateScreen: updating menu items...
04-25 10:34:40.073 D/InCallScreen( 1670): - updateScreen: updating the in-call UI...
04-25 10:34:40.193 D/PhoneApp( 1670): updateWakeState: callscreen true, dialer false, speaker false...
04-25 10:34:40.193 D/PhoneApp( 1670): updateWakeState: keepScreenOn = false (isRinging false, isDialing false, showingDisc false)
04-25 10:34:47.603 I/AudioService( 1604):  AudioFocus  requestAudioFocus() from AudioFocus_For_Phone_Ring_And_Calls
04-25 10:34:47.613 D/CallNotifier( 1670): RINGING... (new)
04-25 10:34:47.613 D/CallNotifier( 1670): onNewRingingConnection():  incoming: true state: WAITING post dial state: NOT_STARTED
04-25 10:34:47.663 D/AudioFlinger( 1595): <<<<<<<<<<<FM CANT START<<<<<<<<<<<<<<<
04-25 10:34:47.663 V/AudioPolicyManagerALSA( 1595): startOutput() output 1, stream 0
04-25 10:34:47.663 V/AudioPolicyManagerALSA( 1595): getDeviceForStrategy() strategy 1, device 1
04-25 10:34:47.663 V/AudioPolicyManagerALSA( 1595): setOutputDevice() output 1 device 1 delayMs 0
04-25 10:34:47.663 V/AudioPolicyManagerALSA( 1595): setOutputDevice() setting same device 1 for output 1
04-25 10:34:47.663 V/AudioPolicyManagerALSA( 1595): changeRefCount() stream 0, count 1
04-25 10:34:47.693 I/ActivityManager( 1604): Starting activity: Intent { act=android.intent.action.MAIN flg=0x10840000 cmp=com.android.phone/.InCallScreen }
04-25 10:34:47.713 D/InCallScreen( 1670): onPhoneStateChanged()...
04-25 10:34:47.713 D/InCallScreen( 1670): updateScreen()...
04-25 10:34:47.713 D/InCallScreen( 1670): - updateScreen: updating menu items...
04-25 10:34:47.713 D/InCallScreen( 1670): - updateScreen: updating the in-call UI...
04-25 10:34:47.733 D/InCallScreen( 1670): dismissAllDialogs()...
04-25 10:34:47.753 W/AudioHardwareALSA( 1595): Write request but device is in state SND_PCM_STATE_SETUP
04-25 10:34:47.753 D/AudioHardwareALSA( 1595): call snd_pcm_prepare
04-25 10:34:47.763 W/AudioHardwareALSA( 1595): Wait for correct device state
04-25 10:34:47.763 D/PhoneApp( 1670): updateWakeState: callscreen true, dialer false, speaker false...
04-25 10:34:47.763 D/PhoneApp( 1670): updateWakeState: keepScreenOn = true (isRinging true, isDialing false, showingDisc false)
04-25 10:34:47.763 D/InCallScreen( 1670): onPause()...
04-25 10:34:47.773 V/AudioPolicyManagerALSA( 1595): releaseOutput() 1
04-25 10:34:47.773 D/InCallScreen( 1670): dismissAllDialogs()...
04-25 10:34:47.793 D/PhoneApp( 1670): re-enable status bar
04-25 10:34:47.793 D/PhoneApp( 1670): StatusBarManager.DISABLE_NONE
04-25 10:34:47.803 D/PhoneApp( 1670): updateWakeState: callscreen false, dialer false, speaker false...
04-25 10:34:47.813 D/PhoneApp( 1670): updateWakeState: keepScreenOn = true (isRinging true, isDialing false, showingDisc false)
04-25 10:34:47.813 D/InCallScreen( 1670): onNewIntent: intent=Intent { act=android.intent.action.MAIN flg=0x10840000 cmp=com.android.phone/.InCallScreen }
04-25 10:34:47.813 D/InCallScreen( 1670): internalResolveIntent: action=android.intent.action.MAIN
04-25 10:34:47.813 D/InCallScreen( 1670): onResume()...
04-25 10:34:47.813 D/PhoneApp( 1670): disable status bar
04-25 10:34:47.813 D/PhoneApp( 1670): StatusBarManager.DISABLE_EXPAND
04-25 10:34:47.813 D/StatusBar( 1604): DISABLE_EXPAND: yes
04-25 10:34:47.833 D/InCallScreen( 1670): - onResume: initial status = SUCCESS
04-25 10:34:47.833 D/InCallScreen( 1670): setInCallScreenMode: NORMAL
04-25 10:34:47.853 D/InCallScreen( 1670): syncWithPhoneState()...
04-25 10:34:47.853 D/PhoneUtils( 1670): dumpCallState():
04-25 10:34:47.853 D/PhoneUtils( 1670): - Phone: Handler{43c52850}, name = GSM, state = RINGING
04-25 10:34:47.853 D/PhoneUtils( 1670):   - FG call: ACTIVE isAlive true isRinging false isDialing false isIdle false hasConnections true
04-25 10:34:47.853 D/PhoneUtils( 1670):   - BG call: IDLE isAlive false isRinging false isDialing false isIdle true hasConnections false
04-25 10:34:47.853 D/PhoneUtils( 1670):   - RINGING call: WAITING isAlive true isRinging true isDialing false isIdle false hasConnections true
04-25 10:34:47.853 D/PhoneUtils( 1670):   - hasRingingCall true hasActiveCall true hasHoldingCall false allLinesTaken false
04-25 10:34:47.853 D/PhoneUtils( 1670):   - Ringer state: false
04-25 10:34:47.853 D/InCallScreen( 1670): updateScreen()...
04-25 10:34:47.853 D/InCallScreen( 1670): - updateScreen: updating menu items...
04-25 10:34:47.853 D/InCallScreen( 1670): - updateScreen: updating the in-call UI...
04-25 10:34:47.863 D/InCallScreen( 1670): dismissAllDialogs()...
04-25 10:34:47.863 D/PhoneApp( 1670): updateWakeState: callscreen true, dialer false, speaker false...
04-25 10:34:47.873 D/PhoneApp( 1670): updateWakeState: keepScreenOn = true (isRinging true, isDialing false, showingDisc false)
04-25 10:34:47.923 D/InCallScreen( 1670): onPhoneStateChanged()...
04-25 10:34:47.923 D/InCallScreen( 1670): updateScreen()...
04-25 10:34:47.923 D/InCallScreen( 1670): - updateScreen: updating menu items...
04-25 10:34:47.933 D/InCallScreen( 1670): - updateScreen: updating the in-call UI...
04-25 10:34:47.963 D/InCallScreen( 1670): dismissAllDialogs()...
04-25 10:34:47.963 D/PhoneApp( 1670): updateWakeState: callscreen true, dialer false, speaker false...
04-25 10:34:47.963 D/PhoneApp( 1670): updateWakeState: keepScreenOn = true (isRinging true, isDialing false, showingDisc false)
04-25 10:34:47.973 I/power   ( 1604): *** set_screen_state 1
04-25 10:34:52.763 D/dalvikvm( 1780): GC_EXPLICIT freed 886 objects / 48168 bytes in 76ms
04-25 10:34:53.955 D/KeyguardViewMediator( 1604): pokeWakelock(5000)
04-25 10:34:54.693 D/InCallTouchUi( 1670): onDialTrigger(whichHandle = 1)...
04-25 10:34:54.693 D/InCallScreen( 1670): handleOnscreenButtonClick(id 2131099670)...
04-25 10:34:54.693 D/InCallScreen( 1670): internalAnswerCall: answering...
04-25 10:34:54.693 D/Ringer  ( 1670): stopRing()...
04-25 10:34:54.693 D/Ringer  ( 1670): - stopRing: null mRingHandler!
04-25 10:34:54.723 V/AudioPolicyManagerALSA( 1595): setStreamVolumeIndex() stream 0, index 4
04-25 10:34:54.733 V/AudioPolicyManagerALSA( 1595): setStreamVolumeIndex() stream 8, index 12
04-25 10:34:54.733 D/InCallTouchUi( 1670): updateState: Too soon after last action; not drawing!
04-25 10:34:54.803 D/KeyguardViewMediator( 1604): pokeWakelock(5000)
04-25 10:34:57.803 D/dalvikvm( 1676): GC_EXPLICIT freed 63 objects / 3568 bytes in 114ms
