04-25 10:31:12.973 D/RILC    ( 1552): [1262]< GET_CURRENT_CALLS {[id=1,ACTIVE,toa=129,norm,mo,als=0,voc,noevp,10086,cli=0,name='(null)',0][id=2,WAITING,toa=161,norm,mt,als=0,voc,noevp,13182827869,cli=0,name='(null)',0}
04-25 10:31:12.973 D/RILJ    ( 1670): InCall VoicePrivacy is disabled
04-25 10:31:12.973 D/RILJ    ( 1670): InCall VoicePrivacy is disabled
04-25 10:31:12.973 D/RILJ    ( 1670): [1262]< GET_CURRENT_CALLS  [id=1,ACTIVE,toa=129,norm,mo,0,voc,noevp,,cli=1,,0] [id=2,WAITING,toa=161,norm,mt,0,voc,noevp,,cli=1,,0] 
04-25 10:31:12.973 D/GSM     ( 1670): [GSMConn] update: parent=ACTIVE, hasNewParent=false, wasConnectingInOrOut=false, wasHolding=false, isConnectingInOrOut=false, changed=false
04-25 10:31:12.973 D/GSM     ( 1670): [GSMConn] update: parent=WAITING, hasNewParent=false, wasConnectingInOrOut=true, wasHolding=false, isConnectingInOrOut=true, changed=false
04-25 10:31:13.043 D/RILC    ( 1552): [UNSL]< UNSOL_RESPONSE_CALL_STATE_CHANGED 
04-25 10:31:13.043 D/RILJ    ( 1670): [UNSL]< UNSOL_RESPONSE_CALL_STATE_CHANGED
04-25 10:31:13.043 D/RILJ    ( 1670): [1263]> GET_CURRENT_CALLS
04-25 10:31:13.043 D/RILC    ( 1552): [1263]> GET_CURRENT_CALLS 
04-25 10:31:13.043 D/RIL     ( 1552): onRequest: GET_CURRENT_CALLS
04-25 10:31:13.043 D/AT      ( 1552): AT> AT+CLCC
04-25 10:31:13.043 D/AT      ( 1552): AT< +CLCC: 1,0,0,0,0,"10086",129
04-25 10:31:13.043 D/AT      ( 1552): AT< +CLCC: 2,1,5,0,0,"13182827869",161
04-25 10:31:13.043 D/AT      ( 1552): AT< OK
04-25 10:31:13.043 D/RILC    ( 1552): [1263]< GET_CURRENT_CALLS {[id=1,ACTIVE,toa=129,norm,mo,als=0,voc,noevp,10086,cli=0,name='(null)',0][id=2,WAITING,toa=161,norm,mt,als=0,voc,noevp,13182827869,cli=0,name='(null)',0}
04-25 10:31:13.053 D/RILJ    ( 1670): InCall VoicePrivacy is disabled
04-25 10:31:13.053 D/RILJ    ( 1670): InCall VoicePrivacy is disabled
04-25 10:31:13.053 D/RILJ    ( 1670): [1263]< GET_CURRENT_CALLS  [id=1,ACTIVE,toa=129,norm,mo,0,voc,noevp,,cli=1,,0] [id=2,WAITING,toa=161,norm,mt,0,voc,noevp,,cli=1,,0] 
04-25 10:31:13.053 D/GSM     ( 1670): [GSMConn] update: parent=ACTIVE, hasNewParent=false, wasConnectingInOrOut=false, wasHolding=false, isConnectingInOrOut=false, changed=false
04-25 10:31:13.053 D/GSM     ( 1670): [GSMConn] update: parent=WAITING, hasNewParent=false, wasConnectingInOrOut=true, wasHolding=false, isConnectingInOrOut=true, changed=false
04-25 10:31:13.073 D/AT      ( 1552): AT< NO CARRIER
04-25 10:31:13.073 D/RILC    ( 1552): [UNSL]< UNSOL_RESPONSE_CALL_STATE_CHANGED 
04-25 10:31:13.083 D/RILJ    ( 1670): [UNSL]< UNSOL_RESPONSE_CALL_STATE_CHANGED
04-25 10:31:13.083 D/RILJ    ( 1670): [1264]> GET_CURRENT_CALLS
04-25 10:31:13.083 D/RILC    ( 1552): [UNSL]< UNSOL_RESPONSE_CALL_STATE_CHANGED 
04-25 10:31:13.093 D/RILC    ( 1552): [1264]> GET_CURRENT_CALLS 
04-25 10:31:13.093 D/RIL     ( 1552): onRequest: GET_CURRENT_CALLS
04-25 10:31:13.093 D/AT      ( 1552): AT> AT+CLCC
04-25 10:31:13.093 D/AT      ( 1552): AT< +CLCC: 1,0,0,0,0,"10086",129
04-25 10:31:13.093 D/AT      ( 1552): AT< OK
04-25 10:31:13.093 D/RILC    ( 1552): [1264]< GET_CURRENT_CALLS {[id=1,ACTIVE,toa=129,norm,mo,als=0,voc,noevp,10086,cli=0,name='(null)',0}
04-25 10:31:13.103 D/RILJ    ( 1670): [UNSL]< UNSOL_RESPONSE_CALL_STATE_CHANGED
04-25 10:31:13.103 D/RILJ    ( 1670): [1265]> GET_CURRENT_CALLS
04-25 10:31:13.103 D/RILC    ( 1552): [1265]> GET_CURRENT_CALLS 
04-25 10:31:13.103 D/RIL     ( 1552): onRequest: GET_CURRENT_CALLS
04-25 10:31:13.103 D/AT      ( 1552): AT> AT+CLCC
04-25 10:31:13.103 D/AT      ( 1552): AT< +CLCC: 1,0,0,0,0,"10086",129
04-25 10:31:13.103 D/AT      ( 1552): AT< OK
04-25 10:31:13.103 D/RILC    ( 1552): [1265]< GET_CURRENT_CALLS {[id=1,ACTIVE,toa=129,norm,mo,als=0,voc,noevp,10086,cli=0,name='(null)',0}
04-25 10:31:13.113 D/RILJ    ( 1670): InCall VoicePrivacy is disabled
04-25 10:31:13.113 D/RILJ    ( 1670): [1264]< GET_CURRENT_CALLS  [id=1,ACTIVE,toa=129,norm,mo,0,voc,noevp,,cli=1,,0] 
04-25 10:31:13.113 D/RILJ    ( 1670): InCall VoicePrivacy is disabled
04-25 10:31:13.123 D/RILJ    ( 1670): [1265]< GET_CURRENT_CALLS  [id=1,ACTIVE,toa=129,norm,mo,0,voc,noevp,,cli=1,,0] 
04-25 10:31:13.123 D/GSM     ( 1670): [GSMConn] update: parent=ACTIVE, hasNewParent=false, wasConnectingInOrOut=false, wasHolding=false, isConnectingInOrOut=false, changed=false
04-25 10:31:13.123 D/GSM     ( 1670): [GsmCallTracker] missed/rejected call, conn.cause=NOT_DISCONNECTED
04-25 10:31:13.123 D/GSM     ( 1670): [GsmCallTracker] setting cause to INCOMING_MISSED
04-25 10:31:13.123 D/GSM     ( 1670): [GSMConn] onDisconnect: cause=INCOMING_MISSED
04-25 10:31:13.123 D/GSM     ( 1670): [GSMConn] releaseWakeLock
04-25 10:31:13.143 D/RILC    ( 1552): [UNSL]< UNSOL_RESPONSE_CALL_STATE_CHANGED 
04-25 10:31:13.143 D/RILJ    ( 1670): [UNSL]< UNSOL_RESPONSE_CALL_STATE_CHANGED
04-25 10:31:13.213 D/RILC    ( 1552): [UNSL]< UNSOL_RESPONSE_CALL_STATE_CHANGED 
04-25 10:31:13.213 D/RILJ    ( 1670): [UNSL]< UNSOL_RESPONSE_CALL_STATE_CHANGED
04-25 10:31:13.243 D/RILC    ( 1552): [UNSL]< UNSOL_RESPONSE_CALL_STATE_CHANGED 
04-25 10:31:13.243 D/RILJ    ( 1670): [UNSL]< UNSOL_RESPONSE_CALL_STATE_CHANGED
04-25 10:31:13.263 D/RILC    ( 1552): [UNSL]< UNSOL_RESPONSE_CALL_STATE_CHANGED 
04-25 10:31:13.263 D/RILJ    ( 1670): [UNSL]< UNSOL_RESPONSE_CALL_STATE_CHANGED
04-25 10:31:13.303 D/RILC    ( 1552): [UNSL]< UNSOL_RESPONSE_CALL_STATE_CHANGED 
04-25 10:31:13.303 D/RILJ    ( 1670): [UNSL]< UNSOL_RESPONSE_CALL_STATE_CHANGED
04-25 10:31:13.323 D/RILC    ( 1552): [UNSL]< UNSOL_RESPONSE_CALL_STATE_CHANGED 
04-25 10:31:13.323 D/RILJ    ( 1670): [UNSL]< UNSOL_RESPONSE_CALL_STATE_CHANGED
04-25 10:31:13.323 D/RILJ    ( 1670): [1266]> GET_CURRENT_CALLS
04-25 10:31:13.343 D/RILC    ( 1552): [1266]> GET_CURRENT_CALLS 
04-25 10:31:13.343 D/RIL     ( 1552): onRequest: GET_CURRENT_CALLS
04-25 10:31:13.343 D/AT      ( 1552): AT> AT+CLCC
04-25 10:31:13.343 D/AT      ( 1552): AT< +CLCC: 1,0,0,0,0,"10086",129
04-25 10:31:13.343 D/AT      ( 1552): AT< OK
04-25 10:31:13.353 D/RILC    ( 1552): [1266]< GET_CURRENT_CALLS {[id=1,ACTIVE,toa=129,norm,mo,als=0,voc,noevp,10086,cli=0,name='(null)',0}
04-25 10:31:13.353 D/RILJ    ( 1670): InCall VoicePrivacy is disabled
04-25 10:31:13.353 D/RILJ    ( 1670): [1266]< GET_CURRENT_CALLS  [id=1,ACTIVE,toa=129,norm,mo,0,voc,noevp,,cli=1,,0] 
04-25 10:31:13.353 D/RILJ    ( 1670): [1267]> GET_CURRENT_CALLS
04-25 10:31:13.363 D/RILC    ( 1552): [1267]> GET_CURRENT_CALLS 
04-25 10:31:13.363 D/RIL     ( 1552): onRequest: GET_CURRENT_CALLS
04-25 10:31:13.363 D/AT      ( 1552): AT> AT+CLCC
04-25 10:31:13.363 D/AT      ( 1552): AT< +CLCC: 1,0,0,0,0,"10086",129
04-25 10:31:13.363 D/AT      ( 1552): AT< OK
04-25 10:31:13.363 D/RILC    ( 1552): [1267]< GET_CURRENT_CALLS {[id=1,ACTIVE,toa=129,norm,mo,als=0,voc,noevp,10086,cli=0,name='(null)',0}
04-25 10:31:13.363 D/RILJ    ( 1670): InCall VoicePrivacy is disabled
04-25 10:31:13.363 D/RILJ    ( 1670): [1267]< GET_CURRENT_CALLS  [id=1,ACTIVE,toa=129,norm,mo,0,voc,noevp,,cli=1,,0] 
04-25 10:31:13.363 D/RILJ    ( 1670): [1268]> GET_CURRENT_CALLS
04-25 10:31:13.373 D/RILC    ( 1552): [1268]> GET_CURRENT_CALLS 
04-25 10:31:13.373 D/RIL     ( 1552): onRequest: GET_CURRENT_CALLS
04-25 10:31:13.373 D/AT      ( 1552): AT> AT+CLCC
04-25 10:31:13.373 D/AT      ( 1552): AT< +CLCC: 1,0,0,0,0,"10086",129
04-25 10:31:13.373 D/AT      ( 1552): AT< OK
04-25 10:31:13.373 D/RILC    ( 1552): [1268]< GET_CURRENT_CALLS {[id=1,ACTIVE,toa=129,norm,mo,als=0,voc,noevp,10086,cli=0,name='(null)',0}
04-25 10:31:13.373 D/RILJ    ( 1670): InCall VoicePrivacy is disabled
04-25 10:31:13.373 D/RILJ    ( 1670): [1268]< GET_CURRENT_CALLS  [id=1,ACTIVE,toa=129,norm,mo,0,voc,noevp,,cli=1,,0] 
04-25 10:31:13.373 D/RILJ    ( 1670): [1269]> GET_CURRENT_CALLS
04-25 10:31:13.383 D/RILC    ( 1552): [UNSL]< UNSOL_RESPONSE_CALL_STATE_CHANGED 
04-25 10:31:13.383 D/RILC    ( 1552): [1269]> GET_CURRENT_CALLS 
04-25 10:31:13.383 D/RIL     ( 1552): onRequest: GET_CURRENT_CALLS
04-25 10:31:13.383 D/AT      ( 1552): AT> AT+CLCC
04-25 10:31:13.383 D/AT      ( 1552): AT< +CLCC: 1,0,0,0,0,"10086",129
04-25 10:31:13.383 D/AT      ( 1552): AT< OK
04-25 10:31:13.383 D/RILC    ( 1552): [1269]< GET_CURRENT_CALLS {[id=1,ACTIVE,toa=129,norm,mo,als=0,voc,noevp,10086,cli=0,name='(null)',0}
04-25 10:31:13.403 D/RILJ    ( 1670): [UNSL]< UNSOL_RESPONSE_CALL_STATE_CHANGED
04-25 10:31:13.403 D/RILJ    ( 1670): InCall VoicePrivacy is disabled
04-25 10:31:13.403 D/RILJ    ( 1670): [1269]< GET_CURRENT_CALLS  [id=1,ACTIVE,toa=129,norm,mo,0,voc,noevp,,cli=1,,0] 
04-25 10:31:13.433 D/RILJ    ( 1670): [1270]> GET_CURRENT_CALLS
04-25 10:31:13.443 D/RILJ    ( 1670): [1271]> GET_CURRENT_CALLS
04-25 10:31:13.443 D/RILC    ( 1552): [1270]> GET_CURRENT_CALLS 
04-25 10:31:13.443 D/RIL     ( 1552): onRequest: GET_CURRENT_CALLS
04-25 10:31:13.443 D/AT      ( 1552): AT> AT+CLCC
04-25 10:31:13.443 D/RILJ    ( 1670): [1272]> GET_CURRENT_CALLS
04-25 10:31:13.443 D/AT      ( 1552): AT< +CLCC: 1,0,0,0,0,"10086",129
04-25 10:31:13.443 D/AT      ( 1552): AT< OK
04-25 10:31:13.443 D/RILC    ( 1552): [1270]< GET_CURRENT_CALLS {[id=1,ACTIVE,toa=129,norm,mo,als=0,voc,noevp,10086,cli=0,name='(null)',0}
04-25 10:31:13.443 D/RILJ    ( 1670): InCall VoicePrivacy is disabled
04-25 10:31:13.453 D/RILJ    ( 1670): [1270]< GET_CURRENT_CALLS  [id=1,ACTIVE,toa=129,norm,mo,0,voc,noevp,,cli=1,,0] 
04-25 10:31:13.453 D/RILC    ( 1552): [1271]> GET_CURRENT_CALLS 
04-25 10:31:13.453 D/RIL     ( 1552): onRequest: GET_CURRENT_CALLS
04-25 10:31:13.453 D/AT      ( 1552): AT> AT+CLCC
04-25 10:31:13.453 D/AT      ( 1552): AT< +CLCC: 1,0,0,0,0,"10086",129
04-25 10:31:13.453 D/AT      ( 1552): AT< OK
04-25 10:31:13.453 D/RILC    ( 1552): [1271]< GET_CURRENT_CALLS {[id=1,ACTIVE,toa=129,norm,mo,als=0,voc,noevp,10086,cli=0,name='(null)',0}
04-25 10:31:13.453 D/RILC    ( 1552): [UNSL]< UNSOL_RESPONSE_CALL_STATE_CHANGED 
04-25 10:31:13.463 D/RILJ    ( 1670): InCall VoicePrivacy is disabled
04-25 10:31:13.463 D/RILJ    ( 1670): [1271]< GET_CURRENT_CALLS  [id=1,ACTIVE,toa=129,norm,mo,0,voc,noevp,,cli=1,,0] 
04-25 10:31:13.463 D/RILJ    ( 1670): [UNSL]< UNSOL_RESPONSE_CALL_STATE_CHANGED
04-25 10:31:13.463 D/RILC    ( 1552): [1272]> GET_CURRENT_CALLS 
04-25 10:31:13.463 D/RIL     ( 1552): onRequest: GET_CURRENT_CALLS
04-25 10:31:13.463 D/AT      ( 1552): AT> AT+CLCC
04-25 10:31:13.473 D/AT      ( 1552): AT< +CLCC: 1,0,0,0,0,"10086",129
04-25 10:31:13.473 D/AT      ( 1552): AT< OK
04-25 10:31:13.473 D/RILC    ( 1552): [1272]< GET_CURRENT_CALLS {[id=1,ACTIVE,toa=129,norm,mo,als=0,voc,noevp,10086,cli=0,name='(null)',0}
04-25 10:31:13.473 D/RILC    ( 1552): [UNSL]< UNSOL_RESPONSE_CALL_STATE_CHANGED 
04-25 10:31:13.473 D/RILJ    ( 1670): InCall VoicePrivacy is disabled
04-25 10:31:13.473 D/RILJ    ( 1670): [1272]< GET_CURRENT_CALLS  [id=1,ACTIVE,toa=129,norm,mo,0,voc,noevp,,cli=1,,0] 
04-25 10:31:13.493 D/RILJ    ( 1670): [UNSL]< UNSOL_RESPONSE_CALL_STATE_CHANGED
04-25 10:31:13.543 D/RILC    ( 1552): [UNSL]< UNSOL_RESPONSE_CALL_STATE_CHANGED 
04-25 10:31:13.553 D/RILJ    ( 1670): [UNSL]< UNSOL_RESPONSE_CALL_STATE_CHANGED
04-25 10:31:13.573 D/RILJ    ( 1670): [1273]> GET_CURRENT_CALLS
04-25 10:31:13.573 D/RILC    ( 1552): [1273]> GET_CURRENT_CALLS 
04-25 10:31:13.573 D/RIL     ( 1552): onRequest: GET_CURRENT_CALLS
04-25 10:31:13.573 D/AT      ( 1552): AT> AT+CLCC
04-25 10:31:13.573 D/AT      ( 1552): AT< +CLCC: 1,0,0,0,0,"10086",129
04-25 10:31:13.573 D/AT      ( 1552): AT< OK
04-25 10:31:13.573 D/RILC    ( 1552): [1273]< GET_CURRENT_CALLS {[id=1,ACTIVE,toa=129,norm,mo,als=0,voc,noevp,10086,cli=0,name='(null)',0}
04-25 10:31:13.573 D/RILJ    ( 1670): InCall VoicePrivacy is disabled
04-25 10:31:13.573 D/RILJ    ( 1670): [1273]< GET_CURRENT_CALLS  [id=1,ACTIVE,toa=129,norm,mo,0,voc,noevp,,cli=1,,0] 
04-25 10:31:13.593 D/RILJ    ( 1670): [1274]> GET_CURRENT_CALLS
04-25 10:31:13.593 D/RILC    ( 1552): [1274]> GET_CURRENT_CALLS 
04-25 10:31:13.593 D/RIL     ( 1552): onRequest: GET_CURRENT_CALLS
04-25 10:31:13.593 D/AT      ( 1552): AT> AT+CLCC
04-25 10:31:13.593 D/AT      ( 1552): AT< +CLCC: 1,0,0,0,0,"10086",129
04-25 10:31:13.593 D/AT      ( 1552): AT< OK
04-25 10:31:13.593 D/RILC    ( 1552): [1274]< GET_CURRENT_CALLS {[id=1,ACTIVE,toa=129,norm,mo,als=0,voc,noevp,10086,cli=0,name='(null)',0}
04-25 10:31:13.593 D/RILJ    ( 1670): InCall VoicePrivacy is disabled
04-25 10:31:13.593 D/RILJ    ( 1670): [1274]< GET_CURRENT_CALLS  [id=1,ACTIVE,toa=129,norm,mo,0,voc,noevp,,cli=1,,0] 
04-25 10:31:13.603 D/RILJ    ( 1670): [1275]> GET_CURRENT_CALLS
04-25 10:31:13.603 D/RILC    ( 1552): [1275]> GET_CURRENT_CALLS 
04-25 10:31:13.603 D/RIL     ( 1552): onRequest: GET_CURRENT_CALLS
04-25 10:31:13.603 D/AT      ( 1552): AT> AT+CLCC
04-25 10:31:13.603 D/AT      ( 1552): AT< +CLCC: 1,0,0,0,0,"10086",129
04-25 10:31:13.603 D/AT      ( 1552): AT< OK
04-25 10:31:13.603 D/RILC    ( 1552): [1275]< GET_CURRENT_CALLS {[id=1,ACTIVE,toa=129,norm,mo,als=0,voc,noevp,10086,cli=0,name='(null)',0}
04-25 10:31:13.603 D/RILJ    ( 1670): InCall VoicePrivacy is disabled
04-25 10:31:13.603 D/RILJ    ( 1670): [1275]< GET_CURRENT_CALLS  [id=1,ACTIVE,toa=129,norm,mo,0,voc,noevp,,cli=1,,0] 
04-25 10:31:13.613 D/GSM     ( 1670): [GSMConn] update: parent=ACTIVE, hasNewParent=false, wasConnectingInOrOut=false, wasHolding=false, isConnectingInOrOut=false, changed=false
04-25 10:31:15.353 D/RILJ    ( 1670): [1276]> SET_MUTE false
04-25 10:31:15.353 D/RILC    ( 1552): [1276]> SET_MUTE (0)
04-25 10:31:15.353 D/RIL     ( 1552): onRequest: SET_MUTE
04-25 10:31:15.353 D/AT      ( 1552): AT> AT+CMUT=0
04-25 10:31:15.353 D/AT      ( 1552): AT< OK
04-25 10:31:15.353 D/RILC    ( 1552): [1276]< SET_MUTE
04-25 10:31:15.353 D/RILJ    ( 1670): [1276]< SET_MUTE 
04-25 10:31:23.666 D/RILJ    ( 1670): [1277]> SIGNAL_STRENGTH
04-25 10:31:23.673 D/RILC    ( 1552): [1277]> SIGNAL_STRENGTH 
04-25 10:31:23.673 D/RIL     ( 1552): onRequest: SIGNAL_STRENGTH
04-25 10:31:23.673 D/AT      ( 1552): AT> AT+CSQ
04-25 10:31:23.673 D/AT      ( 1552): AT< +CSQ: 12,1
04-25 10:31:23.673 D/AT      ( 1552): AT< OK
04-25 10:31:23.673 D/RILC    ( 1552): [1277]< SIGNAL_STRENGTH {[ 12 1]}
04-25 10:31:23.683 D/RILJ    ( 1670): [1277]< SIGNAL_STRENGTH {12, 1, 0, 0, 0, 0, 0}
04-25 10:31:30.883 D/RILJ    ( 1670): [1278]> SCREEN_STATE: false
04-25 10:31:30.903 D/RILC    ( 1552): [1278]> SCREEN_STATE (0)
04-25 10:31:30.903 D/RIL     ( 1552): onRequest: SCREEN_STATE
04-25 10:31:30.903 D/RILC    ( 1552): [1278]< SCREEN_STATE
04-25 10:31:30.903 D/RILJ    ( 1670): [1278]< SCREEN_STATE 
04-25 10:31:30.973 D/GSM     ( 1670): [DataConnection] Stop poll NetStat
04-25 10:31:30.973 D/GSM     ( 1670): [DataConnection] Start poll NetStat
04-25 10:31:41.257 D/AT      ( 1552): AT< NO CARRIER
04-25 10:31:41.257 D/RILC    ( 1552): [UNSL]< UNSOL_RESPONSE_CALL_STATE_CHANGED 
04-25 10:31:41.257 D/RILJ    ( 1670): [UNSL]< UNSOL_RESPONSE_CALL_STATE_CHANGED
04-25 10:31:41.257 D/RILJ    ( 1670): [1279]> GET_CURRENT_CALLS
04-25 10:31:41.263 D/RILC    ( 1552): [1279]> GET_CURRENT_CALLS 
04-25 10:31:41.263 D/RIL     ( 1552): onRequest: GET_CURRENT_CALLS
04-25 10:31:41.263 D/AT      ( 1552): AT> AT+CLCC
04-25 10:31:41.273 D/AT      ( 1552): AT< OK
04-25 10:31:41.273 D/RILC    ( 1552): [1279]< GET_CURRENT_CALLS }
04-25 10:31:41.273 D/RILJ    ( 1670): [1279]< GET_CURRENT_CALLS  
04-25 10:31:41.273 D/RILJ    ( 1670): [1280]> LAST_CALL_FAIL_CAUSE
04-25 10:31:41.283 D/RILC    ( 1552): [1280]> LAST_CALL_FAIL_CAUSE 
04-25 10:31:41.283 D/RIL     ( 1552): onRequest: LAST_CALL_FAIL_CAUSE
04-25 10:31:41.283 D/AT      ( 1552): AT> AT+CEER
04-25 10:31:41.293 D/AT      ( 1552): AT< +CEER: "Cause Select:67 Cause:16"
04-25 10:31:41.293 D/AT      ( 1552): AT< OK
04-25 10:31:41.293 D/RILC    ( 1552): [1280]< LAST_CALL_FAIL_CAUSE {67}
04-25 10:31:41.293 D/RILJ    ( 1670): [1280]< LAST_CALL_FAIL_CAUSE {67}
04-25 10:31:41.293 D/GSM     ( 1670): [GSMConn] onDisconnect: cause=ERROR_UNSPECIFIED
04-25 10:31:41.573 D/GSM     ( 1670): GSMDataConnTrack handleMessage { what=15 when=1257307 obj=android.os.AsyncResult@43d6c598 }
04-25 10:31:41.613 D/RILJ    ( 1670): [1281]> SET_MUTE false
04-25 10:31:41.633 D/RILC    ( 1552): [1281]> SET_MUTE (0)
04-25 10:31:41.633 D/RIL     ( 1552): onRequest: SET_MUTE
04-25 10:31:41.633 D/AT      ( 1552): AT> AT+CMUT=0
04-25 10:31:41.633 D/AT      ( 1552): AT< +CME ERROR: 3
04-25 10:31:41.633 D/RILC    ( 1552): [1281]< SET_MUTE fails by E_GENERIC_FAILURE
04-25 10:31:41.633 D/RILJ    ( 1670): [1281]< SET_MUTE error: com.android.internal.telephony.CommandException: GENERIC_FAILURE
04-25 10:31:43.576 D/RILJ    ( 1670): [1282]> SET_MUTE false
04-25 10:31:43.576 D/RILC    ( 1552): [1282]> SET_MUTE (0)
04-25 10:31:43.576 D/RIL     ( 1552): onRequest: SET_MUTE
04-25 10:31:43.576 D/AT      ( 1552): AT> AT+CMUT=0
04-25 10:31:43.583 D/AT      ( 1552): AT< +CME ERROR: 3
04-25 10:31:43.583 D/RILC    ( 1552): [1282]< SET_MUTE fails by E_GENERIC_FAILURE
04-25 10:31:43.583 D/RILJ    ( 1670): [1282]< SET_MUTE error: com.android.internal.telephony.CommandException: GENERIC_FAILURE
04-25 10:31:43.724 D/RILJ    ( 1670): [1283]> SIGNAL_STRENGTH
04-25 10:31:43.724 D/RILC    ( 1552): [1283]> SIGNAL_STRENGTH 
04-25 10:31:43.724 D/RIL     ( 1552): onRequest: SIGNAL_STRENGTH
04-25 10:31:43.724 D/AT      ( 1552): AT> AT+CSQ
04-25 10:31:43.733 D/AT      ( 1552): AT< +CSQ: 11,99
04-25 10:31:43.733 D/AT      ( 1552): AT< OK
04-25 10:31:43.733 D/RILC    ( 1552): [1283]< SIGNAL_STRENGTH {[ 11 99]}
04-25 10:31:43.733 D/RILJ    ( 1670): [1283]< SIGNAL_STRENGTH {11, 99, 0, 0, 0, 0, 0}
04-25 10:31:54.790 D/AT      ( 1552): AT< +CREG: 1,"51DA","00000F1B",3
04-25 10:31:54.790 D/RIL     ( 1552): restrictionState updated: 0
04-25 10:31:54.790 D/RILC    ( 1552): [UNSL]< UNSOL_RESPONSE_NETWORK_STATE_CHANGED 
04-25 10:31:54.790 D/RILJ    ( 1670): [UNSL]< UNSOL_RESPONSE_NETWORK_STATE_CHANGED
04-25 10:31:54.793 D/RILC    ( 1552): [UNSL]< UNSOL_RESTRICTED_STATE_CHANGED {0}
04-25 10:31:54.793 D/RILJ    ( 1670): [1284]> OPERATOR
04-25 10:31:54.793 V/RILJ    ( 1670): [UNSL]< UNSOL_RESTRICTED_STATE_CHANGED {0}
04-25 10:31:54.793 D/RILC    ( 1552): [1284]> OPERATOR 
04-25 10:31:54.793 D/RIL     ( 1552): onRequest: OPERATOR
04-25 10:31:54.793 D/AT      ( 1552): AT> AT+COPS=3,0;+COPS?;+COPS=3,2;+COPS?
04-25 10:31:54.803 D/AT      ( 1552): AT< +COPS: 1,0,"CHINA MOBILE",3
04-25 10:31:54.803 D/RILJ    ( 1670): [1285]> GPRS_REGISTRATION_STATE
04-25 10:31:54.803 D/AT      ( 1552): AT< +COPS: 1,2,"46000",3
04-25 10:31:54.803 D/AT      ( 1552): AT< OK
04-25 10:31:54.803 D/RILC    ( 1552): [1284]< OPERATOR {CHINA MOBILE,CHINA MOBILE,46000}
04-25 10:31:54.803 D/RILJ    ( 1670): [1284]< OPERATOR {CHINA MOBILE, CHINA MOBILE, 46000}
04-25 10:31:54.813 D/RILJ    ( 1670): [1286]> REGISTRATION_STATE
04-25 10:31:54.813 D/RILC    ( 1552): [1285]> GPRS_REGISTRATION_STATE 
04-25 10:31:54.823 D/RIL     ( 1552): onRequest: GPRS_REGISTRATION_STATE
04-25 10:31:54.823 D/AT      ( 1552): AT> AT+CGREG?
04-25 10:31:54.823 D/AT      ( 1552): AT< +CGREG: 2,1,"51DA","00000F1B",3,"AA"
04-25 10:31:54.823 D/AT      ( 1552): AT< OK
04-25 10:31:54.833 D/RILC    ( 1552): [1285]< GPRS_REGISTRATION_STATE {1,51da,f1b,2}
04-25 10:31:54.843 D/RILJ    ( 1670): [1285]< GPRS_REGISTRATION_STATE {1, 51da, f1b, 2}
04-25 10:31:54.853 D/RILC    ( 1552): [1286]> REGISTRATION_STATE 
04-25 10:31:54.853 D/RIL     ( 1552): onRequest: REGISTRATION_STATE
04-25 10:31:54.853 D/AT      ( 1552): AT> AT+CREG?
04-25 10:31:54.853 D/RILJ    ( 1670): [1287]> QUERY_NETWORK_SELECTION_MODE
04-25 10:31:54.863 D/AT      ( 1552): AT< +CREG: 2,1,"51DA","00000F1B",3
04-25 10:31:54.863 D/AT      ( 1552): AT< OK
04-25 10:31:54.863 D/RILC    ( 1552): [1286]< REGISTRATION_STATE {1,51da,f1b,2}
04-25 10:31:54.873 D/RILJ    ( 1670): [1286]< REGISTRATION_STATE {1, 51da, f1b, 2}
04-25 10:31:54.893 D/RILC    ( 1552): [1287]> QUERY_NETWORK_SELECTION_MODE 
04-25 10:31:54.893 D/RIL     ( 1552): onRequest: QUERY_NETWORK_SELECTION_MODE
04-25 10:31:54.893 D/AT      ( 1552): AT> AT+COPS?
04-25 10:31:54.893 D/AT      ( 1552): AT< +COPS: 1,2,"46000",3
04-25 10:31:54.893 D/AT      ( 1552): AT< OK
04-25 10:31:54.893 D/RILC    ( 1552): [1287]< QUERY_NETWORK_SELECTION_MODE {1}
04-25 10:31:54.893 D/RILJ    ( 1670): [1287]< QUERY_NETWORK_SELECTION_MODE {1}
04-25 10:31:54.893 D/GSM     ( 1670): [DSAC DEB] EVENT_RESTRICTED_STATE_CHANGED
04-25 10:31:54.893 D/GSM     ( 1670): [DSAC DEB] onRestrictedStateChanged
04-25 10:31:54.893 D/GSM     ( 1670): [DSAC DEB] current rs at enter Restricted State CS: none PS:false
04-25 10:31:54.893 D/GSM     ( 1670): [DSAC DEB] new rs Restricted State CS: none PS:false
04-25 10:31:54.893 D/GSM     ( 1670): [DSAC DEB] current rs at return Restricted State CS: none PS:false
04-25 10:31:54.893 D/GSM     ( 1670): Poll ServiceState done:  oldSS=[0 home CHINA MOBILE CHINA MOBILE 46000 (manual) EDGE CSS not supported 0 0RoamInd: 0DefRoamInd: 0EmergOnly: false] newSS=[0 home CHINA MOBILE CHINA MOBILE 46000 (manual) EDGE CSS not supported -1 -1RoamInd: -1DefRoamInd: -1EmergOnly: false] oldGprs=0 newGprs=0 oldType=EDGE newType=EDGE
04-25 10:32:03.764 D/RILJ    ( 1670): [1288]> SIGNAL_STRENGTH
04-25 10:32:03.783 D/RILC    ( 1552): [1288]> SIGNAL_STRENGTH 
04-25 10:32:03.783 D/RIL     ( 1552): onRequest: SIGNAL_STRENGTH
04-25 10:32:03.783 D/AT      ( 1552): AT> AT+CSQ
04-25 10:32:03.783 D/AT      ( 1552): AT< +CSQ: 8,99
04-25 10:32:03.793 D/AT      ( 1552): AT< OK
04-25 10:32:03.793 D/RILC    ( 1552): [1288]< SIGNAL_STRENGTH {[ 8 99]}
04-25 10:32:03.793 D/RILJ    ( 1670): [1288]< SIGNAL_STRENGTH {8, 99, 0, 0, 0, 0, 0}
04-25 10:32:23.027 D/AT      ( 1552): AT< +CREG: 1,"51DA","00000F1D",3
04-25 10:32:23.027 D/RIL     ( 1552): restrictionState updated: 0
04-25 10:32:23.027 D/RILC    ( 1552): [UNSL]< UNSOL_RESPONSE_NETWORK_STATE_CHANGED 
04-25 10:32:23.027 D/RILJ    ( 1670): [UNSL]< UNSOL_RESPONSE_NETWORK_STATE_CHANGED
04-25 10:32:23.033 D/RILC    ( 1552): [UNSL]< UNSOL_RESTRICTED_STATE_CHANGED {0}
04-25 10:32:23.033 D/RILJ    ( 1670): [1289]> OPERATOR
04-25 10:32:23.043 V/RILJ    ( 1670): [UNSL]< UNSOL_RESTRICTED_STATE_CHANGED {0}
04-25 10:32:23.043 D/RILC    ( 1552): [1289]> OPERATOR 
04-25 10:32:23.043 D/RIL     ( 1552): onRequest: OPERATOR
04-25 10:32:23.043 D/AT      ( 1552): AT> AT+COPS=3,0;+COPS?;+COPS=3,2;+COPS?
04-25 10:32:23.053 D/AT      ( 1552): AT< +COPS: 1,0,"CHINA MOBILE",3
04-25 10:32:23.053 D/AT      ( 1552): AT< +COPS: 1,2,"46000",3
04-25 10:32:23.053 D/AT      ( 1552): AT< OK
04-25 10:32:23.053 D/RILC    ( 1552): [1289]< OPERATOR {CHINA MOBILE,CHINA MOBILE,46000}
04-25 10:32:23.053 D/RILJ    ( 1670): [1290]> GPRS_REGISTRATION_STATE
04-25 10:32:23.063 D/RILJ    ( 1670): [1289]< OPERATOR {CHINA MOBILE, CHINA MOBILE, 46000}
04-25 10:32:23.073 D/RILJ    ( 1670): [1291]> REGISTRATION_STATE
04-25 10:32:23.073 D/RILC    ( 1552): [1290]> GPRS_REGISTRATION_STATE 
04-25 10:32:23.073 D/RIL     ( 1552): onRequest: GPRS_REGISTRATION_STATE
04-25 10:32:23.073 D/AT      ( 1552): AT> AT+CGREG?
04-25 10:32:23.083 D/AT      ( 1552): AT< +CGREG: 2,1,"51DA","00000F1D",3,"AA"
04-25 10:32:23.083 D/AT      ( 1552): AT< OK
04-25 10:32:23.083 D/RILC    ( 1552): [1290]< GPRS_REGISTRATION_STATE {1,51da,f1d,2}
04-25 10:32:23.113 D/RILC    ( 1552): [1291]> REGISTRATION_STATE 
04-25 10:32:23.113 D/RIL     ( 1552): onRequest: REGISTRATION_STATE
04-25 10:32:23.113 D/AT      ( 1552): AT> AT+CREG?
04-25 10:32:23.123 D/AT      ( 1552): AT< +CREG: 2,1,"51DA","00000F1D",3
04-25 10:32:23.123 D/AT      ( 1552): AT< OK
04-25 10:32:23.133 D/RILC    ( 1552): [1291]< REGISTRATION_STATE {1,51da,f1d,2}
04-25 10:32:23.133 D/RILJ    ( 1670): [1292]> QUERY_NETWORK_SELECTION_MODE
04-25 10:32:23.133 D/RILJ    ( 1670): [1290]< GPRS_REGISTRATION_STATE {1, 51da, f1d, 2}
04-25 10:32:23.153 D/RILJ    ( 1670): [1291]< REGISTRATION_STATE {1, 51da, f1d, 2}
04-25 10:32:23.163 D/RILC    ( 1552): [1292]> QUERY_NETWORK_SELECTION_MODE 
04-25 10:32:23.163 D/RIL     ( 1552): onRequest: QUERY_NETWORK_SELECTION_MODE
04-25 10:32:23.163 D/AT      ( 1552): AT> AT+COPS?
04-25 10:32:23.163 D/GSM     ( 1670): [DSAC DEB] EVENT_RESTRICTED_STATE_CHANGED
04-25 10:32:23.163 D/GSM     ( 1670): [DSAC DEB] onRestrictedStateChanged
04-25 10:32:23.163 D/GSM     ( 1670): [DSAC DEB] current rs at enter Restricted State CS: none PS:false
04-25 10:32:23.173 D/AT      ( 1552): AT< +COPS: 1,2,"46000",3
04-25 10:32:23.173 D/AT      ( 1552): AT< OK
04-25 10:32:23.173 D/RILC    ( 1552): [1292]< QUERY_NETWORK_SELECTION_MODE {1}
04-25 10:32:23.183 D/RILJ    ( 1670): [1292]< QUERY_NETWORK_SELECTION_MODE {1}
04-25 10:32:23.183 D/GSM     ( 1670): [DSAC DEB] new rs Restricted State CS: none PS:false
04-25 10:32:23.183 D/GSM     ( 1670): [DSAC DEB] current rs at return Restricted State CS: none PS:false
04-25 10:32:23.193 D/GSM     ( 1670): Poll ServiceState done:  oldSS=[0 home CHINA MOBILE CHINA MOBILE 46000 (manual) EDGE CSS not supported -1 -1RoamInd: -1DefRoamInd: -1EmergOnly: false] newSS=[0 home CHINA MOBILE CHINA MOBILE 46000 (manual) EDGE CSS not supported -1 -1RoamInd: -1DefRoamInd: -1EmergOnly: false] oldGprs=0 newGprs=0 oldType=EDGE newType=EDGE
04-25 10:32:23.846 D/RILJ    ( 1670): [1293]> SIGNAL_STRENGTH
04-25 10:32:23.873 D/RILC    ( 1552): [1293]> SIGNAL_STRENGTH 
04-25 10:32:23.873 D/RIL     ( 1552): onRequest: SIGNAL_STRENGTH
04-25 10:32:23.873 D/AT      ( 1552): AT> AT+CSQ
04-25 10:32:23.883 D/AT      ( 1552): AT< +CSQ: 8,99
04-25 10:32:23.883 D/AT      ( 1552): AT< OK
04-25 10:32:23.883 D/RILC    ( 1552): [1293]< SIGNAL_STRENGTH {[ 8 99]}
04-25 10:32:23.893 D/RILJ    ( 1670): [1293]< SIGNAL_STRENGTH {8, 99, 0, 0, 0, 0, 0}
04-25 10:32:43.895 D/RILJ    ( 1670): [1294]> SIGNAL_STRENGTH
04-25 10:32:43.913 D/RILC    ( 1552): [1294]> SIGNAL_STRENGTH 
04-25 10:32:43.913 D/RIL     ( 1552): onRequest: SIGNAL_STRENGTH
04-25 10:32:43.913 D/AT      ( 1552): AT> AT+CSQ
04-25 10:32:43.913 D/AT      ( 1552): AT< +CSQ: 9,99
04-25 10:32:43.913 D/AT      ( 1552): AT< OK
04-25 10:32:43.923 D/RILC    ( 1552): [1294]< SIGNAL_STRENGTH {[ 9 99]}
04-25 10:32:43.923 D/RILJ    ( 1670): [1294]< SIGNAL_STRENGTH {9, 99, 0, 0, 0, 0, 0}
04-25 10:32:48.193 D/RILJ    ( 1670): [1295]> SCREEN_STATE: true
04-25 10:32:48.203 D/RILC    ( 1552): [1295]> SCREEN_STATE (1)
04-25 10:32:48.203 D/RIL     ( 1552): onRequest: SCREEN_STATE
04-25 10:32:48.203 D/RILC    ( 1552): [1295]< SCREEN_STATE
04-25 10:32:48.203 D/RILJ    ( 1670): [1295]< SCREEN_STATE 
04-25 10:32:48.213 D/GSM     ( 1670): [DataConnection] Stop poll NetStat
04-25 10:32:48.213 D/GSM     ( 1670): [DataConnection] Start poll NetStat
04-25 10:32:57.403 D/GSM     ( 1670): dialing w/ mmi 'null'...
04-25 10:32:57.403 D/GSM     ( 1670): [GSMConn] acquireWakeLock
04-25 10:32:57.413 D/RILJ    ( 1670): [1296]> SET_MUTE false
04-25 10:32:57.413 D/RILC    ( 1552): [1296]> SET_MUTE (0)
04-25 10:32:57.413 D/RIL     ( 1552): onRequest: SET_MUTE
04-25 10:32:57.413 D/AT      ( 1552): AT> AT+CMUT=0
04-25 10:32:57.413 D/AT      ( 1552): AT< +CME ERROR: 3
04-25 10:32:57.413 D/RILC    ( 1552): [1296]< SET_MUTE fails by E_GENERIC_FAILURE
04-25 10:32:57.423 D/RILJ    ( 1670): [1296]< SET_MUTE error: com.android.internal.telephony.CommandException: GENERIC_FAILURE
04-25 10:32:57.423 D/RILJ    ( 1670): [1297]> DIAL
04-25 10:32:57.433 D/RILC    ( 1552): [1297]> DIAL (num=10086,clir=0)
04-25 10:32:57.433 D/RIL     ( 1552): onRequest: DIAL
04-25 10:32:57.433 D/AT      ( 1552): AT> ATD10086;
04-25 10:32:57.433 D/AT      ( 1552): AT< OK
04-25 10:32:57.433 D/RILC    ( 1552): [1297]< DIAL
04-25 10:32:57.433 D/RILJ    ( 1670): [1297]< DIAL 
04-25 10:32:57.633 D/RILJ    ( 1670): [1298]> SET_MUTE false
04-25 10:32:57.633 D/RILC    ( 1552): [1298]> SET_MUTE (0)
04-25 10:32:57.633 D/RIL     ( 1552): onRequest: SET_MUTE
04-25 10:32:57.633 D/AT      ( 1552): AT> AT+CMUT=0
04-25 10:32:57.643 D/AT      ( 1552): AT< +CME ERROR: 3
04-25 10:32:57.643 D/RILC    ( 1552): [1298]< SET_MUTE fails by E_GENERIC_FAILURE
04-25 10:32:57.643 D/RILJ    ( 1670): [1298]< SET_MUTE error: com.android.internal.telephony.CommandException: GENERIC_FAILURE
04-25 10:32:57.673 D/RILJ    ( 1670): [1299]> GET_CURRENT_CALLS
04-25 10:32:57.673 D/GSM     ( 1670): GSMDataConnTrack handleMessage { what=14 when=1333453 obj=android.os.AsyncResult@43d0d438 }
04-25 10:32:57.673 D/RILC    ( 1552): [1299]> GET_CURRENT_CALLS 
04-25 10:32:57.673 D/RIL     ( 1552): onRequest: GET_CURRENT_CALLS
04-25 10:32:57.673 D/AT      ( 1552): AT> AT+CLCC
04-25 10:32:57.673 D/AT      ( 1552): AT< +CLCC: 1,0,2,0,0,"10086",129
04-25 10:32:57.673 D/AT      ( 1552): AT< OK
04-25 10:32:57.683 D/RILC    ( 1552): [1299]< GET_CURRENT_CALLS {[id=1,DIALING,toa=129,norm,mo,als=0,voc,noevp,10086,cli=0,name='(null)',0}
04-25 10:32:57.683 D/RILJ    ( 1670): InCall VoicePrivacy is disabled
04-25 10:32:57.683 D/RILJ    ( 1670): [1299]< GET_CURRENT_CALLS  [id=1,DIALING,toa=129,norm,mo,0,voc,noevp,,cli=1,,0] 
04-25 10:32:57.683 D/GSM     ( 1670): [DataConnection] Stop poll NetStat
04-25 10:32:57.733 D/RILJ    ( 1670): [1300]> SET_MUTE false
04-25 10:32:57.733 D/RILC    ( 1552): [1300]> SET_MUTE (0)
04-25 10:32:57.733 D/RIL     ( 1552): onRequest: SET_MUTE
04-25 10:32:57.733 D/AT      ( 1552): AT> AT+CMUT=0
04-25 10:32:57.743 D/AT      ( 1552): AT< +CME ERROR: 3
04-25 10:32:57.743 D/RILC    ( 1552): [1300]< SET_MUTE fails by E_GENERIC_FAILURE
04-25 10:32:57.743 D/RILJ    ( 1670): [1300]< SET_MUTE error: com.android.internal.telephony.CommandException: GENERIC_FAILURE
04-25 10:32:57.793 D/RILJ    ( 1670): [1301]> SET_MUTE false
04-25 10:32:57.803 D/RILC    ( 1552): [1301]> SET_MUTE (0)
04-25 10:32:57.803 D/RIL     ( 1552): onRequest: SET_MUTE
04-25 10:32:57.803 D/AT      ( 1552): AT> AT+CMUT=0
04-25 10:32:57.803 D/AT      ( 1552): AT< +CME ERROR: 3
04-25 10:32:57.803 D/RILC    ( 1552): [1301]< SET_MUTE fails by E_GENERIC_FAILURE
04-25 10:32:57.803 D/RILJ    ( 1670): [1301]< SET_MUTE error: com.android.internal.telephony.CommandException: GENERIC_FAILURE
04-25 10:32:58.113 D/GSM     ( 1670): [GSMConn] update: parent=DIALING, hasNewParent=false, wasConnectingInOrOut=true, wasHolding=false, isConnectingInOrOut=true, changed=false
04-25 10:32:58.183 D/RILC    ( 1552): [UNSL]< UNSOL_RESPONSE_CALL_STATE_CHANGED 
04-25 10:32:58.183 D/RILJ    ( 1670): [UNSL]< UNSOL_RESPONSE_CALL_STATE_CHANGED
04-25 10:32:58.263 D/RILJ    ( 1670): [1302]> SET_MUTE false
04-25 10:32:58.293 D/RILC    ( 1552): [1302]> SET_MUTE (0)
04-25 10:32:58.293 D/RIL     ( 1552): onRequest: SET_MUTE
04-25 10:32:58.293 D/AT      ( 1552): AT> AT+CMUT=0
04-25 10:32:58.293 D/AT      ( 1552): AT< +CME ERROR: 3
04-25 10:32:58.293 D/RILC    ( 1552): [1302]< SET_MUTE fails by E_GENERIC_FAILURE
04-25 10:32:58.293 D/RILJ    ( 1670): [1302]< SET_MUTE error: com.android.internal.telephony.CommandException: GENERIC_FAILURE
04-25 10:32:58.423 D/RILJ    ( 1670): [1303]> GET_CURRENT_CALLS
04-25 10:32:58.433 D/RILC    ( 1552): [1303]> GET_CURRENT_CALLS 
04-25 10:32:58.433 D/RIL     ( 1552): onRequest: GET_CURRENT_CALLS
04-25 10:32:58.433 D/AT      ( 1552): AT> AT+CLCC
04-25 10:32:58.433 D/AT      ( 1552): AT< +CLCC: 1,0,2,0,0,"10086",129
04-25 10:32:58.433 D/AT      ( 1552): AT< OK
04-25 10:32:58.433 D/RILC    ( 1552): [1303]< GET_CURRENT_CALLS {[id=1,DIALING,toa=129,norm,mo,als=0,voc,noevp,10086,cli=0,name='(null)',0}
04-25 10:32:58.433 D/RILJ    ( 1670): InCall VoicePrivacy is disabled
04-25 10:32:58.443 D/RILJ    ( 1670): [1303]< GET_CURRENT_CALLS  [id=1,DIALING,toa=129,norm,mo,0,voc,noevp,,cli=1,,0] 
04-25 10:32:58.553 D/GSM     ( 1670): [GSMConn] update: parent=DIALING, hasNewParent=false, wasConnectingInOrOut=true, wasHolding=false, isConnectingInOrOut=true, changed=false
04-25 10:32:58.935 D/RILC    ( 1552): [UNSL]< UNSOL_RESPONSE_CALL_STATE_CHANGED 
04-25 10:32:58.943 D/RILJ    ( 1670): [UNSL]< UNSOL_RESPONSE_CALL_STATE_CHANGED
04-25 10:32:58.943 D/RILJ    ( 1670): [1304]> GET_CURRENT_CALLS
04-25 10:32:58.953 D/RILC    ( 1552): [1304]> GET_CURRENT_CALLS 
04-25 10:32:58.953 D/RIL     ( 1552): onRequest: GET_CURRENT_CALLS
04-25 10:32:58.953 D/AT      ( 1552): AT> AT+CLCC
04-25 10:32:58.953 D/AT      ( 1552): AT< +CLCC: 1,0,2,0,0,"10086",129
04-25 10:32:58.953 D/AT      ( 1552): AT< OK
04-25 10:32:58.953 D/RILC    ( 1552): [1304]< GET_CURRENT_CALLS {[id=1,DIALING,toa=129,norm,mo,als=0,voc,noevp,10086,cli=0,name='(null)',0}
04-25 10:32:58.953 D/RILJ    ( 1670): InCall VoicePrivacy is disabled
04-25 10:32:58.963 D/RILJ    ( 1670): [1304]< GET_CURRENT_CALLS  [id=1,DIALING,toa=129,norm,mo,0,voc,noevp,,cli=1,,0] 
04-25 10:32:58.973 D/GSM     ( 1670): [GSMConn] update: parent=DIALING, hasNewParent=false, wasConnectingInOrOut=true, wasHolding=false, isConnectingInOrOut=true, changed=false
04-25 10:32:59.460 D/RILC    ( 1552): [UNSL]< UNSOL_RESPONSE_CALL_STATE_CHANGED 
04-25 10:32:59.463 D/RILJ    ( 1670): [UNSL]< UNSOL_RESPONSE_CALL_STATE_CHANGED
04-25 10:32:59.463 D/RILJ    ( 1670): [1305]> GET_CURRENT_CALLS
04-25 10:32:59.473 D/RILC    ( 1552): [1305]> GET_CURRENT_CALLS 
04-25 10:32:59.473 D/RIL     ( 1552): onRequest: GET_CURRENT_CALLS
04-25 10:32:59.473 D/AT      ( 1552): AT> AT+CLCC
04-25 10:32:59.473 D/AT      ( 1552): AT< +CLCC: 1,0,2,0,0,"10086",129
04-25 10:32:59.473 D/AT      ( 1552): AT< OK
04-25 10:32:59.483 D/RILC    ( 1552): [1305]< GET_CURRENT_CALLS {[id=1,DIALING,toa=129,norm,mo,als=0,voc,noevp,10086,cli=0,name='(null)',0}
04-25 10:32:59.483 D/RILJ    ( 1670): InCall VoicePrivacy is disabled
04-25 10:32:59.483 D/RILJ    ( 1670): [1305]< GET_CURRENT_CALLS  [id=1,DIALING,toa=129,norm,mo,0,voc,noevp,,cli=1,,0] 
04-25 10:32:59.483 D/GSM     ( 1670): [GSMConn] update: parent=DIALING, hasNewParent=false, wasConnectingInOrOut=true, wasHolding=false, isConnectingInOrOut=true, changed=false
04-25 10:32:59.984 D/RILC    ( 1552): [UNSL]< UNSOL_RESPONSE_CALL_STATE_CHANGED 
04-25 10:32:59.984 D/RILJ    ( 1670): [UNSL]< UNSOL_RESPONSE_CALL_STATE_CHANGED
04-25 10:32:59.984 D/RILJ    ( 1670): [1306]> GET_CURRENT_CALLS
04-25 10:33:00.003 D/RILC    ( 1552): [1306]> GET_CURRENT_CALLS 
04-25 10:33:00.003 D/RIL     ( 1552): onRequest: GET_CURRENT_CALLS
04-25 10:33:00.003 D/AT      ( 1552): AT> AT+CLCC
04-25 10:33:00.013 D/AT      ( 1552): AT< +CLCC: 1,0,2,0,0,"10086",129
04-25 10:33:00.013 D/AT      ( 1552): AT< OK
04-25 10:33:00.013 D/RILC    ( 1552): [1306]< GET_CURRENT_CALLS {[id=1,DIALING,toa=129,norm,mo,als=0,voc,noevp,10086,cli=0,name='(null)',0}
04-25 10:33:00.013 D/RILJ    ( 1670): InCall VoicePrivacy is disabled
04-25 10:33:00.013 D/RILJ    ( 1670): [1306]< GET_CURRENT_CALLS  [id=1,DIALING,toa=129,norm,mo,0,voc,noevp,,cli=1,,0] 
04-25 10:33:00.023 D/GSM     ( 1670): [GSMConn] update: parent=DIALING, hasNewParent=false, wasConnectingInOrOut=true, wasHolding=false, isConnectingInOrOut=true, changed=false
04-25 10:33:00.523 D/RILC    ( 1552): [UNSL]< UNSOL_RESPONSE_CALL_STATE_CHANGED 
04-25 10:33:00.523 D/RILJ    ( 1670): [UNSL]< UNSOL_RESPONSE_CALL_STATE_CHANGED
04-25 10:33:00.523 D/RILJ    ( 1670): [1307]> GET_CURRENT_CALLS
04-25 10:33:00.533 D/RILC    ( 1552): [1307]> GET_CURRENT_CALLS 
04-25 10:33:00.533 D/RIL     ( 1552): onRequest: GET_CURRENT_CALLS
04-25 10:33:00.533 D/AT      ( 1552): AT> AT+CLCC
04-25 10:33:00.543 D/AT      ( 1552): AT< +CLCC: 1,0,2,0,0,"10086",129
04-25 10:33:00.543 D/AT      ( 1552): AT< OK
04-25 10:33:00.543 D/RILC    ( 1552): [1307]< GET_CURRENT_CALLS {[id=1,DIALING,toa=129,norm,mo,als=0,voc,noevp,10086,cli=0,name='(null)',0}
04-25 10:33:00.543 D/RILJ    ( 1670): InCall VoicePrivacy is disabled
04-25 10:33:00.543 D/RILJ    ( 1670): [1307]< GET_CURRENT_CALLS  [id=1,DIALING,toa=129,norm,mo,0,voc,noevp,,cli=1,,0] 
04-25 10:33:00.553 D/GSM     ( 1670): [GSMConn] update: parent=DIALING, hasNewParent=false, wasConnectingInOrOut=true, wasHolding=false, isConnectingInOrOut=true, changed=false
04-25 10:33:01.045 D/RILC    ( 1552): [UNSL]< UNSOL_RESPONSE_CALL_STATE_CHANGED 
04-25 10:33:01.045 D/RILJ    ( 1670): [UNSL]< UNSOL_RESPONSE_CALL_STATE_CHANGED
04-25 10:33:01.045 D/RILJ    ( 1670): [1308]> GET_CURRENT_CALLS
04-25 10:33:01.063 D/RILC    ( 1552): [1308]> GET_CURRENT_CALLS 
04-25 10:33:01.063 D/RIL     ( 1552): onRequest: GET_CURRENT_CALLS
04-25 10:33:01.063 D/AT      ( 1552): AT> AT+CLCC
04-25 10:33:01.073 D/AT      ( 1552): AT< +CLCC: 1,0,2,0,0,"10086",129
04-25 10:33:01.073 D/AT      ( 1552): AT< OK
04-25 10:33:01.073 D/RILC    ( 1552): [1308]< GET_CURRENT_CALLS {[id=1,DIALING,toa=129,norm,mo,als=0,voc,noevp,10086,cli=0,name='(null)',0}
04-25 10:33:01.083 D/RILJ    ( 1670): InCall VoicePrivacy is disabled
04-25 10:33:01.083 D/RILJ    ( 1670): [1308]< GET_CURRENT_CALLS  [id=1,DIALING,toa=129,norm,mo,0,voc,noevp,,cli=1,,0] 
04-25 10:33:01.103 D/GSM     ( 1670): [GSMConn] update: parent=DIALING, hasNewParent=false, wasConnectingInOrOut=true, wasHolding=false, isConnectingInOrOut=true, changed=false
04-25 10:33:01.578 D/RILC    ( 1552): [UNSL]< UNSOL_RESPONSE_CALL_STATE_CHANGED 
04-25 10:33:01.583 D/RILJ    ( 1670): [UNSL]< UNSOL_RESPONSE_CALL_STATE_CHANGED
04-25 10:33:01.583 D/RILJ    ( 1670): [1309]> GET_CURRENT_CALLS
04-25 10:33:01.593 D/RILC    ( 1552): [1309]> GET_CURRENT_CALLS 
04-25 10:33:01.593 D/RIL     ( 1552): onRequest: GET_CURRENT_CALLS
04-25 10:33:01.593 D/AT      ( 1552): AT> AT+CLCC
04-25 10:33:01.603 D/AT      ( 1552): AT< +CLCC: 1,0,2,0,0,"10086",129
04-25 10:33:01.603 D/AT      ( 1552): AT< OK
04-25 10:33:01.603 D/RILC    ( 1552): [1309]< GET_CURRENT_CALLS {[id=1,DIALING,toa=129,norm,mo,als=0,voc,noevp,10086,cli=0,name='(null)',0}
04-25 10:33:01.613 D/RILJ    ( 1670): InCall VoicePrivacy is disabled
04-25 10:33:01.613 D/RILJ    ( 1670): [1309]< GET_CURRENT_CALLS  [id=1,DIALING,toa=129,norm,mo,0,voc,noevp,,cli=1,,0] 
04-25 10:33:01.613 D/GSM     ( 1670): [GSMConn] update: parent=DIALING, hasNewParent=false, wasConnectingInOrOut=true, wasHolding=false, isConnectingInOrOut=true, changed=false
04-25 10:33:02.105 D/RILC    ( 1552): [UNSL]< UNSOL_RESPONSE_CALL_STATE_CHANGED 
04-25 10:33:02.105 D/RILJ    ( 1670): [UNSL]< UNSOL_RESPONSE_CALL_STATE_CHANGED
04-25 10:33:02.105 D/RILJ    ( 1670): [1310]> GET_CURRENT_CALLS
04-25 10:33:02.113 D/RILC    ( 1552): [1310]> GET_CURRENT_CALLS 
04-25 10:33:02.113 D/RIL     ( 1552): onRequest: GET_CURRENT_CALLS
04-25 10:33:02.113 D/AT      ( 1552): AT> AT+CLCC
04-25 10:33:02.123 D/AT      ( 1552): AT< +CLCC: 1,0,2,0,0,"10086",129
04-25 10:33:02.123 D/AT      ( 1552): AT< OK
04-25 10:33:02.123 D/RILC    ( 1552): [1310]< GET_CURRENT_CALLS {[id=1,DIALING,toa=129,norm,mo,als=0,voc,noevp,10086,cli=0,name='(null)',0}
04-25 10:33:02.123 D/RILJ    ( 1670): InCall VoicePrivacy is disabled
04-25 10:33:02.123 D/RILJ    ( 1670): [1310]< GET_CURRENT_CALLS  [id=1,DIALING,toa=129,norm,mo,0,voc,noevp,,cli=1,,0] 
04-25 10:33:02.133 D/GSM     ( 1670): [GSMConn] update: parent=DIALING, hasNewParent=false, wasConnectingInOrOut=true, wasHolding=false, isConnectingInOrOut=true, changed=false
04-25 10:33:02.645 D/RILC    ( 1552): [UNSL]< UNSOL_RESPONSE_CALL_STATE_CHANGED 
04-25 10:33:02.645 D/RILJ    ( 1670): [UNSL]< UNSOL_RESPONSE_CALL_STATE_CHANGED
04-25 10:33:02.645 D/RILJ    ( 1670): [1311]> GET_CURRENT_CALLS
04-25 10:33:02.703 D/RILC    ( 1552): [1311]> GET_CURRENT_CALLS 
04-25 10:33:02.703 D/RIL     ( 1552): onRequest: GET_CURRENT_CALLS
04-25 10:33:02.703 D/AT      ( 1552): AT> AT+CLCC
04-25 10:33:02.713 D/AT      ( 1552): AT< +CLCC: 1,0,0,0,0,"10086",129
04-25 10:33:02.713 D/AT      ( 1552): AT< OK
04-25 10:33:02.713 D/RILC    ( 1552): [1311]< GET_CURRENT_CALLS {[id=1,ACTIVE,toa=129,norm,mo,als=0,voc,noevp,10086,cli=0,name='(null)',0}
04-25 10:33:02.713 D/RILJ    ( 1670): InCall VoicePrivacy is disabled
04-25 10:33:02.713 D/RILJ    ( 1670): [1311]< GET_CURRENT_CALLS  [id=1,ACTIVE,toa=129,norm,mo,0,voc,noevp,,cli=1,,0] 
04-25 10:33:02.733 D/GSM     ( 1670): [GSMConn] update: parent=ACTIVE, hasNewParent=false, wasConnectingInOrOut=true, wasHolding=false, isConnectingInOrOut=false, changed=true
04-25 10:33:02.733 D/GSM     ( 1670): [GSMConn] onConnectedInOrOut: connectTime=1303727582735
04-25 10:33:02.733 D/GSM     ( 1670): [GSMConn] releaseWakeLock
04-25 10:33:02.823 D/RILJ    ( 1670): [1312]> SET_MUTE false
04-25 10:33:02.833 D/RILC    ( 1552): [1312]> SET_MUTE (0)
04-25 10:33:02.833 D/RIL     ( 1552): onRequest: SET_MUTE
04-25 10:33:02.833 D/AT      ( 1552): AT> AT+CMUT=0
04-25 10:33:02.833 D/AT      ( 1552): AT< OK
04-25 10:33:02.833 D/RILC    ( 1552): [1312]< SET_MUTE
04-25 10:33:02.833 D/RILJ    ( 1670): [1312]< SET_MUTE 
04-25 10:33:03.975 D/RILJ    ( 1670): [1313]> SIGNAL_STRENGTH
04-25 10:33:03.983 D/RILC    ( 1552): [1313]> SIGNAL_STRENGTH 
04-25 10:33:03.983 D/RIL     ( 1552): onRequest: SIGNAL_STRENGTH
04-25 10:33:03.983 D/AT      ( 1552): AT> AT+CSQ
04-25 10:33:03.993 D/AT      ( 1552): AT< +CSQ: 12,4
04-25 10:33:03.993 D/AT      ( 1552): AT< OK
04-25 10:33:03.993 D/RILC    ( 1552): [1313]< SIGNAL_STRENGTH {[ 12 4]}
04-25 10:33:04.003 D/RILJ    ( 1670): [1313]< SIGNAL_STRENGTH {12, 4, 0, 0, 0, 0, 0}
04-25 10:33:12.258 D/AT      ( 1552): AT< RING
04-25 10:33:12.258 D/RILC    ( 1552): [UNSL]< UNSOL_RESPONSE_CALL_STATE_CHANGED 
04-25 10:33:12.258 D/AT      ( 1552): AT< +CCWA: "13182827869",161,1,,0
04-25 10:33:12.258 D/RILC    ( 1552): [UNSL]< UNSOL_RESPONSE_CALL_STATE_CHANGED 
04-25 10:33:12.258 D/RILJ    ( 1670): [UNSL]< UNSOL_RESPONSE_CALL_STATE_CHANGED
04-25 10:33:12.258 D/RILJ    ( 1670): [UNSL]< UNSOL_RESPONSE_CALL_STATE_CHANGED
04-25 10:33:12.263 D/RILJ    ( 1670): [1314]> GET_CURRENT_CALLS
04-25 10:33:12.263 D/RILC    ( 1552): [1314]> GET_CURRENT_CALLS 
04-25 10:33:12.263 D/RIL     ( 1552): onRequest: GET_CURRENT_CALLS
04-25 10:33:12.263 D/AT      ( 1552): AT> AT+CLCC
04-25 10:33:12.273 D/AT      ( 1552): AT< +CLCC: 1,0,0,0,0,"10086",129
04-25 10:33:12.273 D/AT      ( 1552): AT< +CLCC: 2,1,5,0,0,"13182827869",161
04-25 10:33:12.273 D/AT      ( 1552): AT< OK
04-25 10:33:12.273 D/RILC    ( 1552): [1314]< GET_CURRENT_CALLS {[id=1,ACTIVE,toa=129,norm,mo,als=0,voc,noevp,10086,cli=0,name='(null)',0][id=2,WAITING,toa=161,norm,mt,als=0,voc,noevp,13182827869,cli=0,name='(null)',0}
04-25 10:33:12.273 D/RILJ    ( 1670): InCall VoicePrivacy is disabled
04-25 10:33:12.283 D/RILJ    ( 1670): InCall VoicePrivacy is disabled
04-25 10:33:12.283 D/RILJ    ( 1670): [1315]> GET_CURRENT_CALLS
04-25 10:33:12.303 D/RILC    ( 1552): [1315]> GET_CURRENT_CALLS 
04-25 10:33:12.303 D/RIL     ( 1552): onRequest: GET_CURRENT_CALLS
04-25 10:33:12.303 D/AT      ( 1552): AT> AT+CLCC
04-25 10:33:12.313 D/AT      ( 1552): AT< +CLCC: 1,0,0,0,0,"10086",129
04-25 10:33:12.313 D/AT      ( 1552): AT< +CLCC: 2,1,5,0,0,"13182827869",161
04-25 10:33:12.313 D/AT      ( 1552): AT< OK
04-25 10:33:12.313 D/RILC    ( 1552): [1315]< GET_CURRENT_CALLS {[id=1,ACTIVE,toa=129,norm,mo,als=0,voc,noevp,10086,cli=0,name='(null)',0][id=2,WAITING,toa=161,norm,mt,als=0,voc,noevp,13182827869,cli=0,name='(null)',0}
04-25 10:33:12.313 D/RILJ    ( 1670): [1314]< GET_CURRENT_CALLS  [id=1,ACTIVE,toa=129,norm,mo,0,voc,noevp,,cli=1,,0] [id=2,WAITING,toa=161,norm,mt,0,voc,noevp,,cli=1,,0] 
04-25 10:33:12.323 D/RILJ    ( 1670): InCall VoicePrivacy is disabled
04-25 10:33:12.323 D/RILJ    ( 1670): InCall VoicePrivacy is disabled
04-25 10:33:12.333 D/RILJ    ( 1670): [1315]< GET_CURRENT_CALLS  [id=1,ACTIVE,toa=129,norm,mo,0,voc,noevp,,cli=1,,0] [id=2,WAITING,toa=161,norm,mt,0,voc,noevp,,cli=1,,0] 
04-25 10:33:12.343 D/GSM     ( 1670): [GSMConn] update: parent=ACTIVE, hasNewParent=false, wasConnectingInOrOut=false, wasHolding=false, isConnectingInOrOut=false, changed=false
04-25 10:33:12.343 D/GSM     ( 1670): [GSMConn] acquireWakeLock
04-25 10:33:12.443 D/RILJ    ( 1670): [1316]> SET_MUTE false
04-25 10:33:12.443 D/RILC    ( 1552): [1316]> SET_MUTE (0)
04-25 10:33:12.443 D/RIL     ( 1552): onRequest: SET_MUTE
04-25 10:33:12.443 D/AT      ( 1552): AT> AT+CMUT=0
04-25 10:33:12.443 D/AT      ( 1552): AT< OK
04-25 10:33:12.443 D/RILC    ( 1552): [1316]< SET_MUTE
04-25 10:33:12.443 D/RILJ    ( 1670): [1316]< SET_MUTE 
04-25 10:33:12.613 D/RILJ    ( 1670): [1317]> SET_MUTE false
04-25 10:33:12.633 D/RILC    ( 1552): [1317]> SET_MUTE (0)
04-25 10:33:12.633 D/RIL     ( 1552): onRequest: SET_MUTE
04-25 10:33:12.633 D/AT      ( 1552): AT> AT+CMUT=0
04-25 10:33:12.633 D/AT      ( 1552): AT< OK
04-25 10:33:12.633 D/RILC    ( 1552): [1317]< SET_MUTE
04-25 10:33:12.643 D/RILJ    ( 1670): [1317]< SET_MUTE 
04-25 10:33:12.776 D/RILC    ( 1552): [UNSL]< UNSOL_RESPONSE_CALL_STATE_CHANGED 
04-25 10:33:12.776 D/RILJ    ( 1670): [UNSL]< UNSOL_RESPONSE_CALL_STATE_CHANGED
04-25 10:33:12.776 D/RILJ    ( 1670): [1318]> GET_CURRENT_CALLS
04-25 10:33:12.783 D/RILC    ( 1552): [1318]> GET_CURRENT_CALLS 
04-25 10:33:12.783 D/RIL     ( 1552): onRequest: GET_CURRENT_CALLS
04-25 10:33:12.783 D/AT      ( 1552): AT> AT+CLCC
04-25 10:33:12.783 D/AT      ( 1552): AT< +CLCC: 1,0,0,0,0,"10086",129
04-25 10:33:12.783 D/AT      ( 1552): AT< +CLCC: 2,1,5,0,0,"13182827869",161
04-25 10:33:12.783 D/AT      ( 1552): AT< OK
04-25 10:33:12.783 D/RILC    ( 1552): [1318]< GET_CURRENT_CALLS {[id=1,ACTIVE,toa=129,norm,mo,als=0,voc,noevp,10086,cli=0,name='(null)',0][id=2,WAITING,toa=161,norm,mt,als=0,voc,noevp,13182827869,cli=0,name='(null)',0}
04-25 10:33:12.793 D/RILJ    ( 1670): InCall VoicePrivacy is disabled
04-25 10:33:12.793 D/RILJ    ( 1670): InCall VoicePrivacy is disabled
04-25 10:33:12.793 D/RILJ    ( 1670): [1318]< GET_CURRENT_CALLS  [id=1,ACTIVE,toa=129,norm,mo,0,voc,noevp,,cli=1,,0] [id=2,WAITING,toa=161,norm,mt,0,voc,noevp,,cli=1,,0] 
04-25 10:33:12.793 D/GSM     ( 1670): [GSMConn] update: parent=ACTIVE, hasNewParent=false, wasConnectingInOrOut=false, wasHolding=false, isConnectingInOrOut=false, changed=false
04-25 10:33:12.793 D/GSM     ( 1670): [GSMConn] update: parent=WAITING, hasNewParent=false, wasConnectingInOrOut=true, wasHolding=false, isConnectingInOrOut=true, changed=false
04-25 10:33:12.813 D/RILC    ( 1552): [UNSL]< UNSOL_RESPONSE_CALL_STATE_CHANGED 
04-25 10:33:12.813 D/RILJ    ( 1670): [UNSL]< UNSOL_RESPONSE_CALL_STATE_CHANGED
04-25 10:33:12.813 D/RILJ    ( 1670): [1319]> GET_CURRENT_CALLS
04-25 10:33:12.823 D/RILC    ( 1552): [1319]> GET_CURRENT_CALLS 
04-25 10:33:12.823 D/RIL     ( 1552): onRequest: GET_CURRENT_CALLS
04-25 10:33:12.823 D/AT      ( 1552): AT> AT+CLCC
04-25 10:33:12.823 D/AT      ( 1552): AT< +CLCC: 1,0,0,0,0,"10086",129
04-25 10:33:12.823 D/AT      ( 1552): AT< +CLCC: 2,1,5,0,0,"13182827869",161
04-25 10:33:12.823 D/AT      ( 1552): AT< OK
04-25 10:33:12.823 D/RILC    ( 1552): [1319]< GET_CURRENT_CALLS {[id=1,ACTIVE,toa=129,norm,mo,als=0,voc,noevp,10086,cli=0,name='(null)',0][id=2,WAITING,toa=161,norm,mt,als=0,voc,noevp,13182827869,cli=0,name='(null)',0}
04-25 10:33:12.823 D/RILJ    ( 1670): InCall VoicePrivacy is disabled
04-25 10:33:12.823 D/RILJ    ( 1670): InCall VoicePrivacy is disabled
04-25 10:33:12.823 D/RILJ    ( 1670): [1319]< GET_CURRENT_CALLS  [id=1,ACTIVE,toa=129,norm,mo,0,voc,noevp,,cli=1,,0] [id=2,WAITING,toa=161,norm,mt,0,voc,noevp,,cli=1,,0] 
04-25 10:33:12.833 D/GSM     ( 1670): [GSMConn] update: parent=ACTIVE, hasNewParent=false, wasConnectingInOrOut=false, wasHolding=false, isConnectingInOrOut=false, changed=false
04-25 10:33:12.833 D/GSM     ( 1670): [GSMConn] update: parent=WAITING, hasNewParent=false, wasConnectingInOrOut=true, wasHolding=false, isConnectingInOrOut=true, changed=false
04-25 10:33:13.293 D/RILC    ( 1552): [UNSL]< UNSOL_RESPONSE_CALL_STATE_CHANGED 
04-25 10:33:13.293 D/RILJ    ( 1670): [UNSL]< UNSOL_RESPONSE_CALL_STATE_CHANGED
04-25 10:33:13.293 D/RILJ    ( 1670): [1320]> GET_CURRENT_CALLS
04-25 10:33:13.313 D/RILC    ( 1552): [1320]> GET_CURRENT_CALLS 
04-25 10:33:13.313 D/RIL     ( 1552): onRequest: GET_CURRENT_CALLS
04-25 10:33:13.313 D/AT      ( 1552): AT> AT+CLCC
04-25 10:33:13.323 D/AT      ( 1552): AT< +CLCC: 1,0,0,0,0,"10086",129
04-25 10:33:13.323 D/AT      ( 1552): AT< +CLCC: 2,1,5,0,0,"13182827869",161
04-25 10:33:13.323 D/AT      ( 1552): AT< OK
04-25 10:33:13.323 D/RILC    ( 1552): [1320]< GET_CURRENT_CALLS {[id=1,ACTIVE,toa=129,norm,mo,als=0,voc,noevp,10086,cli=0,name='(null)',0][id=2,WAITING,toa=161,norm,mt,als=0,voc,noevp,13182827869,cli=0,name='(null)',0}
04-25 10:33:13.323 D/RILJ    ( 1670): InCall VoicePrivacy is disabled
04-25 10:33:13.323 D/RILJ    ( 1670): InCall VoicePrivacy is disabled
04-25 10:33:13.323 D/RILJ    ( 1670): [1320]< GET_CURRENT_CALLS  [id=1,ACTIVE,toa=129,norm,mo,0,voc,noevp,,cli=1,,0] [id=2,WAITING,toa=161,norm,mt,0,voc,noevp,,cli=1,,0] 
04-25 10:33:13.333 D/RILC    ( 1552): [UNSL]< UNSOL_RESPONSE_CALL_STATE_CHANGED 
04-25 10:33:13.333 D/GSM     ( 1670): [GSMConn] update: parent=ACTIVE, hasNewParent=false, wasConnectingInOrOut=false, wasHolding=false, isConnectingInOrOut=false, changed=false
04-25 10:33:13.333 D/GSM     ( 1670): [GSMConn] update: parent=WAITING, hasNewParent=false, wasConnectingInOrOut=true, wasHolding=false, isConnectingInOrOut=true, changed=false
04-25 10:33:13.353 D/RILJ    ( 1670): [UNSL]< UNSOL_RESPONSE_CALL_STATE_CHANGED
04-25 10:33:13.353 D/RILJ    ( 1670): [1321]> GET_CURRENT_CALLS
04-25 10:33:13.383 D/RILC    ( 1552): [1321]> GET_CURRENT_CALLS 
04-25 10:33:13.383 D/RIL     ( 1552): onRequest: GET_CURRENT_CALLS
04-25 10:33:13.383 D/AT      ( 1552): AT> AT+CLCC
04-25 10:33:13.383 D/AT      ( 1552): AT< +CLCC: 1,0,0,0,0,"10086",129
04-25 10:33:13.383 D/AT      ( 1552): AT< +CLCC: 2,1,5,0,0,"13182827869",161
04-25 10:33:13.383 D/AT      ( 1552): AT< OK
04-25 10:33:13.383 D/RILC    ( 1552): [1321]< GET_CURRENT_CALLS {[id=1,ACTIVE,toa=129,norm,mo,als=0,voc,noevp,10086,cli=0,name='(null)',0][id=2,WAITING,toa=161,norm,mt,als=0,voc,noevp,13182827869,cli=0,name='(null)',0}
04-25 10:33:13.393 D/RILJ    ( 1670): InCall VoicePrivacy is disabled
04-25 10:33:13.393 D/RILJ    ( 1670): InCall VoicePrivacy is disabled
04-25 10:33:13.403 D/RILJ    ( 1670): [1321]< GET_CURRENT_CALLS  [id=1,ACTIVE,toa=129,norm,mo,0,voc,noevp,,cli=1,,0] [id=2,WAITING,toa=161,norm,mt,0,voc,noevp,,cli=1,,0] 
