04-25 10:31:41.713 D/AudioFlinger( 1595): <<<<<<<<<<<FM CAN START<<<<<<<<<<<<<<<<
04-25 10:31:41.713 V/AudioPolicyManagerALSA( 1595): stopOutput() output 1, stream 0
04-25 10:31:41.713 V/AudioPolicyManagerALSA( 1595): changeRefCount() stream 0, count 0
04-25 10:31:41.713 V/AudioPolicyManagerALSA( 1595): getDeviceForStrategy() strategy 1, device 1
04-25 10:31:41.713 V/AudioPolicyManagerALSA( 1595): setOutputDevice() output 1 device 1 delayMs 1116
04-25 10:31:41.713 V/AudioPolicyManagerALSA( 1595): setOutputDevice() setting same device 1 for output 1
04-25 10:31:41.743 D/InCallScreen( 1670): onStop()...
04-25 10:31:41.743 D/InCallScreen( 1670): onStop: state = IDLE
04-25 10:31:41.763 D/Tethering( 1604): Tethering got CONNECTIVITY_ACTION
04-25 10:31:41.763 D/Tethering( 1604): MasterInitialState.processMessage what=3
04-25 10:31:41.763 E/HierarchicalStateMachine( 1604): TetherMaster - unhandledMessage: msg.what=3
04-25 10:31:41.843 V/AudioPolicyManagerALSA( 1595): releaseOutput() 1
04-25 10:31:41.843 V/AudioPolicyManagerALSA( 1595): setForceUse() usage 0, config 0, mPhoneState 2
04-25 10:31:41.843 V/AudioPolicyManagerALSA( 1595): getDeviceForStrategy() strategy 1, device 1
04-25 10:31:41.843 V/AudioPolicyManagerALSA( 1595): setOutputDevice() output 1 device 1 delayMs 0
04-25 10:31:41.843 V/AudioPolicyManagerALSA( 1595): setOutputDevice() setting same device 1 for output 1
04-25 10:31:41.843 D/PhoneApp( 1670): updateWakeState: callscreen false, dialer false, speaker false...
04-25 10:31:41.843 D/PhoneApp( 1670): updateWakeState: keepScreenOn = false (isRinging false, isDialing false, showingDisc false)
04-25 10:31:41.853 D/AudioHardwareInterface( 1595): setMode(NORMAL)
04-25 10:31:41.853 D/ALSAModule( 1595): route called for devices 00000001 in mode 0...
04-25 10:31:41.853 D/ALSAModule( 1595): force route called for devices 00000001 in mode 0...
04-25 10:31:41.853 E/AudioHardwareALSA( 1595): ALSALib error external/alsa-lib/src/pcm/pcm.c:2210:(snd_pcm_open_noupdate) Unknown PCM Dummy_AndroidPlayback_Earpiece_normal
04-25 10:31:41.853 E/ALSAModule( 1595): open pcm device Dummy_AndroidPlayback_Earpiece_normal returned status -2. handler 0x0
04-25 10:31:41.853 E/ALSAModule( 1595): open pcm device Dummy_AndroidPlayback_Earpiece returned status 0. handler 0x3e738
04-25 10:31:41.863 E/ALSAModule( 1595): pcm device Dummy_AndroidPlayback_Earpiece closed
04-25 10:31:41.863 D/ALSAModule( 1595): route called for devices 00000000 in mode 0...
04-25 10:31:41.863 D/ALSAModule( 1595): force route called for devices 00000000 in mode 0...
04-25 10:31:41.863 E/ALSAModule( 1595): open pcm device Dummy_AndroidRecord returned status 0. handler 0x3e738
04-25 10:31:41.863 E/ALSAModule( 1595): pcm device Dummy_AndroidRecord closed
04-25 10:31:41.863 V/AudioPolicyManagerALSA( 1595): setPhoneState() state 0
04-25 10:31:41.863 V/AudioPolicyManagerALSA( 1595): setPhoneState() in call state management: new state is 0
04-25 10:31:41.863 V/AudioPolicyManagerALSA( 1595): handleIncallSonification() stream 2 starting 0 device 1 stateChange 1
04-25 10:31:41.863 V/AudioPolicyManagerALSA( 1595): handleIncallSonification() stream 4 starting 0 device 1 stateChange 1
04-25 10:31:41.863 V/AudioPolicyManagerALSA( 1595): handleIncallSonification() stream 5 starting 0 device 1 stateChange 1
04-25 10:31:41.863 V/AudioPolicyManagerALSA( 1595): handleIncallSonification() stream 7 starting 0 device 1 stateChange 1
04-25 10:31:41.863 V/AudioPolicyManagerALSA( 1595): getDeviceForStrategy() strategy 3, device 1
04-25 10:31:41.863 V/AudioPolicyManagerALSA( 1595): getDeviceForStrategy() strategy 1, device 1
04-25 10:31:41.863 V/AudioPolicyManagerALSA( 1595): getDeviceForStrategy() strategy 2, device 1
04-25 10:31:41.863 V/AudioPolicyManagerALSA( 1595): setOutputDevice() output 1 device 1 delayMs 0
04-25 10:31:41.903 V/AudioHardwareALSA( 1595): setParameters() routing=1
04-25 10:31:41.903 D/ALSAModule( 1595): route called for devices 00000001 in mode 0...
04-25 10:31:41.903 D/ALSAModule( 1595): route already up to date for devices 00000001 in mode 0...
04-25 10:31:41.903 V/AudioPolicyManagerALSA( 1595): applyStreamVolumes() for output 1 and device 1
04-25 10:31:41.903 V/AudioPolicyManagerALSA( 1595): checkAndSetVolume() cannot set stream 6 volume with force use = 0 for comm
04-25 10:31:42.263 V/AudioPolicyManagerALSA( 1595): setStreamVolumeIndex() stream 2, index 5
04-25 10:31:42.263 V/AudioPolicyManagerALSA( 1595): setStreamVolumeIndex() stream 5, index 5
04-25 10:31:43.576 D/InCallScreen( 1670): Handler: handling message { what=108 when=1259583 } while not in foreground
04-25 10:31:43.576 D/InCallScreen( 1670): - delayedCleanupAfterDisconnect: phone is idle...
04-25 10:31:43.583 D/InCallScreen( 1670): Handler: handling message { what=101 when=1259584 obj=android.os.AsyncResult@43c300e8 } while not in foreground
04-25 10:31:43.583 D/InCallScreen( 1670): onPhoneStateChanged()...
04-25 10:31:43.583 D/InCallScreen( 1670): onPhoneStateChanged: Activity not in foreground! Bailing out...
04-25 10:31:54.923 D/onServiceStateChanged( 1604): STATE_IN_SERVICE
04-25 10:31:55.213 D/sendNewMobileInfo( 1604): imsi : 460001493545932
04-25 10:31:55.233 D/sendNewMobileInfo( 1604): msisdn : 
04-25 10:31:55.233 D/sendNewMobileInfo( 1604): cellId : 3867
04-25 10:31:55.233 D/sendNewMobileInfo( 1604): LAC : 20954
04-25 10:31:55.233 D/sendNewMobileInfo( 1604): network operator : 46000
04-25 10:31:55.233 D/sendNewMobileInfo( 1604): mcc : 460, mnc : 0
04-25 10:31:55.233 D/sendNewMobileInfo( 1604): native_agps_mobile_info
04-25 10:31:55.233 D/agpsclient( 1604): IMSI : 460001493545932, MSISDN : 
04-25 10:31:55.233 D/agpsclient( 1604): agpsClient_TcpIp_Conn_Open(): Sending SOCKET_AGPS_SUPL_MOBILE_INFO_IND to Socket server
04-25 10:31:55.233 D/clientutils( 1604): Entering clientUtils_SendCommandToServer
04-25 10:31:55.233 D/agpscodec( 1604): Copying data length
04-25 10:31:55.233 D/agpscodec( 1604): Data : 1D00000048000000CC0100001B0F0000DA5100000034363030303134393335343539333200000000C47F9880C47F988068F834004F8D6548F905948008D9130008D913003CDA9680B5059480B8CD2900
04-25 10:31:55.233 D/clientutils( 1604): ClientThread: Sending the data
04-25 10:31:55.233 D/AgpsServer( 1376): Activity on connection
04-25 10:31:55.233 D/AgpsServer( 1376): 80 Bytes Read
04-25 10:31:55.233 D/AgpsServer( 1376): Bytes Decoded=80 Bytes read =80
04-25 10:31:55.233 D/AgpsServer( 1376): Recvd Command SOCKET_AGPS_SUPL_MOBILE_INFO_IND
04-25 10:31:55.233 D/AgpsServer( 1376): Processing command SOCKET_AGPS_SUPL_MOBILE_INFO_IND
04-25 10:31:55.233 D/AgpsServer( 1376): IMSI : 460001493545932 , MSISDN : 
04-25 10:31:55.233 D/AGPS_FSM( 1376): MSG 129 -> 128 : 810203
04-25 10:31:55.233 D/        ( 1376): Message EnQueueing Event : 810203
04-25 10:31:55.233 D/        ( 1376): Message EnQueued Event : 810203
04-25 10:31:55.233 D/agpscodec( 1376): Copying data length
04-25 10:31:55.233 D/agpscodec( 1376): Data : 000000000400000000000000
04-25 10:31:55.233 D/AgpsServer( 1376): Command : SOCKET_AGPS_STATUS , Payload Len : 4 , buffer size 12
04-25 10:31:55.233 D/AgpsServer( 1376): Command processed. 
04-25 10:31:55.233 D/        ( 1376): Message DeQueued Event : 810203
04-25 10:31:55.233 D/AGPS_FSM( 1376): FSM handler Event : 0x810203
04-25 10:31:55.233 D/AGPS_FSM( 1376): FSM handler Search if event id is 0x800a03
04-25 10:31:55.233 D/AGPS_FSM( 1376): FSM handler Search if event id is 0x800103
04-25 10:31:55.233 D/AGPS_FSM( 1376): FSM handler Search if event id is 0x800203
04-25 10:31:55.233 D/AGPS_FSM( 1376): FSM handler Search if event id is 0x800e00
04-25 10:31:55.233 D/AGPS_FSM( 1376): FSM handler Search if event id is 0x801200
04-25 10:31:55.233 D/AGPS_FSM( 1376): FSM handler Search if event id is 0x810001
04-25 10:31:55.233 D/AGPS_FSM( 1376): FSM handler Search if event id is 0x810201
04-25 10:31:55.233 D/AGPS_FSM( 1376): FSM handler Search if event id is 0x810203
04-25 10:31:55.233 D/AGPS_FSM( 1376): FSM handler Found Event Handler in Table
04-25 10:31:55.233 D/CGPS    ( 1376): Start : CGPS5_05AdpMobileInfo(
04-25 10:31:55.233 D/CGPS    ( 1376): CGPS5_05AdpMobileInfo: MCC : 460(
04-25 10:31:55.233 D/CGPS    ( 1376): CGPS5_05AdpMobileInfo: SUPL address = h-slp.mnc000.mcc460.pub.3gppnetwork.org, Length = 39, Old length = 39 (
04-25 10:31:55.233 D/AGPS_FSM( 1376): MSG 128 -> 129 : 800204
04-25 10:31:55.233 D/        ( 1376): Message EnQueueing Event : 800204
04-25 10:31:55.233 D/        ( 1376): Message EnQueued Event : 800204
04-25 10:31:55.233 D/CGPS    ( 1376): End : CGPS5_05AdpMobileInfo(
04-25 10:31:55.233 D/        ( 1376): Message DeQueued Event : 800204
04-25 10:31:55.233 D/AGPS_FSM( 1376): FSM handler Event : 0x800204
04-25 10:31:55.233 D/AGPS_FSM( 1376): FSM handler Search if event id is 0x800000
04-25 10:31:55.233 D/AGPS_FSM( 1376): FSM handler Search if event id is 0x800100
04-25 10:31:55.233 D/AGPS_FSM( 1376): FSM handler Search if event id is 0x800400
04-25 10:31:55.233 D/AGPS_FSM( 1376): FSM handler Search if event id is 0x800700
04-25 10:31:55.233 D/AGPS_FSM( 1376): FSM handler Search if event id is 0x800500
04-25 10:31:55.233 D/AGPS_FSM( 1376): FSM handler Search if event id is 0x800600
04-25 10:31:55.233 D/AGPS_FSM( 1376): FSM handler Search if event id is 0x800900
04-25 10:31:55.233 D/AGPS_FSM( 1376): FSM handler Search if event id is 0x800200
04-25 10:31:55.233 D/AGPS_FSM( 1376): FSM handler Search if event id is 0xfffffffd
04-25 10:31:55.233 D/AGPS_FSM( 1376): FSM handler Did not find Event Handler in Table
04-25 10:31:55.233 D/        ( 1376): Ignored Message 8389124 from process 128
04-25 10:31:55.233 D/clientutils( 1604): Data sent
04-25 10:31:55.233 D/clientutils( 1604): Exiting clientUtils_SendCommandToServer
04-25 10:31:55.233 D/clientutils( 1604): Data received, No. of bytes received is 12
04-25 10:31:55.233 D/clientutils( 1604): Received data : 12 bytes decoded to command
04-25 10:31:55.233 D/agpsclient( 1604): Received data is an status message, sending it for processing
04-25 10:31:55.233 D/clientutils( 1604): clientUtils_ProcessStatus: status : 0
04-25 10:31:55.233 D/agpsclient( 1604): Status message processed
04-25 10:31:55.243 D/sendNewMobileInfo( 1604): imsi : 460001493545932
04-25 10:31:55.253 D/sendNewMobileInfo( 1604): msisdn : 
04-25 10:31:55.253 D/sendNewMobileInfo( 1604): cellId : 3867
04-25 10:31:55.253 D/sendNewMobileInfo( 1604): LAC : 20954
04-25 10:31:55.253 D/sendNewMobileInfo( 1604): network operator : 46000
04-25 10:31:55.253 D/sendNewMobileInfo( 1604): mcc : 460, mnc : 0
04-25 10:31:55.253 D/sendNewMobileInfo( 1604): native_agps_mobile_info
04-25 10:31:55.253 D/agpsclient( 1604): IMSI : 460001493545932, MSISDN : 
04-25 10:31:55.253 D/agpsclient( 1604): agpsClient_TcpIp_Conn_Open(): Sending SOCKET_AGPS_SUPL_MOBILE_INFO_IND to Socket server
04-25 10:31:55.253 D/clientutils( 1604): Entering clientUtils_SendCommandToServer
04-25 10:31:55.253 D/agpscodec( 1604): Copying data length
04-25 10:31:55.253 D/agpscodec( 1604): Data : 1D00000048000000CC0100001B0F0000DA5100000034363030303134393335343539333200000000C47F9880C47F988068F834004F8D6548F905948008D9130008D913003CDA9680B5059480B8CD2900
04-25 10:31:55.253 D/clientutils( 1604): ClientThread: Sending the data
04-25 10:31:55.253 D/AgpsServer( 1376): Activity on connection
04-25 10:31:55.253 D/AgpsServer( 1376): 80 Bytes Read
04-25 10:31:55.253 D/AgpsServer( 1376): Bytes Decoded=80 Bytes read =80
04-25 10:31:55.253 D/AgpsServer( 1376): Recvd Command SOCKET_AGPS_SUPL_MOBILE_INFO_IND
04-25 10:31:55.253 D/AgpsServer( 1376): Processing command SOCKET_AGPS_SUPL_MOBILE_INFO_IND
04-25 10:31:55.253 D/AgpsServer( 1376): IMSI : 460001493545932 , MSISDN : 
04-25 10:31:55.253 D/AGPS_FSM( 1376): MSG 129 -> 128 : 810203
04-25 10:31:55.253 D/        ( 1376): Message EnQueueing Event : 810203
04-25 10:31:55.253 D/        ( 1376): Message EnQueued Event : 810203
04-25 10:31:55.253 D/agpscodec( 1376): Copying data length
04-25 10:31:55.253 D/agpscodec( 1376): Data : 000000000400000000000000
04-25 10:31:55.253 D/AgpsServer( 1376): Command : SOCKET_AGPS_STATUS , Payload Len : 4 , buffer size 12
04-25 10:31:55.253 D/AgpsServer( 1376): Command processed. 
04-25 10:31:55.253 D/        ( 1376): Message DeQueued Event : 810203
04-25 10:31:55.253 D/AGPS_FSM( 1376): FSM handler Event : 0x810203
04-25 10:31:55.253 D/AGPS_FSM( 1376): FSM handler Search if event id is 0x800a03
04-25 10:31:55.253 D/AGPS_FSM( 1376): FSM handler Search if event id is 0x800103
04-25 10:31:55.253 D/AGPS_FSM( 1376): FSM handler Search if event id is 0x800203
04-25 10:31:55.253 D/AGPS_FSM( 1376): FSM handler Search if event id is 0x800e00
04-25 10:31:55.253 D/AGPS_FSM( 1376): FSM handler Search if event id is 0x801200
04-25 10:31:55.253 D/AGPS_FSM( 1376): FSM handler Search if event id is 0x810001
04-25 10:31:55.253 D/AGPS_FSM( 1376): FSM handler Search if event id is 0x810201
04-25 10:31:55.253 D/AGPS_FSM( 1376): FSM handler Search if event id is 0x810203
04-25 10:31:55.253 D/AGPS_FSM( 1376): FSM handler Found Event Handler in Table
04-25 10:31:55.253 D/CGPS    ( 1376): Start : CGPS5_05AdpMobileInfo(
04-25 10:31:55.253 D/CGPS    ( 1376): CGPS5_05AdpMobileInfo: MCC : 460(
04-25 10:31:55.253 D/CGPS    ( 1376): CGPS5_05AdpMobileInfo: SUPL address = h-slp.mnc000.mcc460.pub.3gppnetwork.org, Length = 39, Old length = 39 (
04-25 10:31:55.253 D/AGPS_FSM( 1376): MSG 128 -> 129 : 800204
04-25 10:31:55.253 D/        ( 1376): Message EnQueueing Event : 800204
04-25 10:31:55.253 D/        ( 1376): Message EnQueued Event : 800204
04-25 10:31:55.253 D/CGPS    ( 1376): End : CGPS5_05AdpMobileInfo(
04-25 10:31:55.253 D/        ( 1376): Message DeQueued Event : 800204
04-25 10:31:55.253 D/AGPS_FSM( 1376): FSM handler Event : 0x800204
04-25 10:31:55.253 D/AGPS_FSM( 1376): FSM handler Search if event id is 0x800000
04-25 10:31:55.253 D/AGPS_FSM( 1376): FSM handler Search if event id is 0x800100
04-25 10:31:55.253 D/AGPS_FSM( 1376): FSM handler Search if event id is 0x800400
04-25 10:31:55.253 D/AGPS_FSM( 1376): FSM handler Search if event id is 0x800700
04-25 10:31:55.253 D/AGPS_FSM( 1376): FSM handler Search if event id is 0x800500
04-25 10:31:55.253 D/AGPS_FSM( 1376): FSM handler Search if event id is 0x800600
04-25 10:31:55.253 D/AGPS_FSM( 1376): FSM handler Search if event id is 0x800900
04-25 10:31:55.253 D/AGPS_FSM( 1376): FSM handler Search if event id is 0x800200
04-25 10:31:55.253 D/AGPS_FSM( 1376): FSM handler Search if event id is 0xfffffffd
04-25 10:31:55.253 D/AGPS_FSM( 1376): FSM handler Did not find Event Handler in Table
04-25 10:31:55.253 D/        ( 1376): Ignored Message 8389124 from process 128
04-25 10:31:55.253 D/clientutils( 1604): Data sent
04-25 10:31:55.253 D/clientutils( 1604): Data received, No. of bytes received is 12
04-25 10:31:55.253 D/clientutils( 1604): Received data : 12 bytes decoded to command
04-25 10:31:55.253 D/agpsclient( 1604): Received data is an status message, sending it for processing
04-25 10:31:55.253 D/clientutils( 1604): clientUtils_ProcessStatus: status : 0
04-25 10:31:55.253 D/agpsclient( 1604): Status message processed
04-25 10:31:55.253 D/clientutils( 1604): Exiting clientUtils_SendCommandToServer
04-25 10:32:23.243 D/sendNewMobileInfo( 1604): imsi : 460001493545932
04-25 10:32:23.243 D/sendNewMobileInfo( 1604): msisdn : 
04-25 10:32:23.243 D/sendNewMobileInfo( 1604): cellId : 3869
04-25 10:32:23.243 D/sendNewMobileInfo( 1604): LAC : 20954
04-25 10:32:23.243 D/sendNewMobileInfo( 1604): network operator : 46000
04-25 10:32:23.243 D/sendNewMobileInfo( 1604): mcc : 460, mnc : 0
04-25 10:32:23.243 D/sendNewMobileInfo( 1604): native_agps_mobile_info
04-25 10:32:23.243 D/agpsclient( 1604): IMSI : 460001493545932, MSISDN : 
04-25 10:32:23.243 D/agpsclient( 1604): agpsClient_TcpIp_Conn_Open(): Sending SOCKET_AGPS_SUPL_MOBILE_INFO_IND to Socket server
04-25 10:32:23.243 D/clientutils( 1604): Entering clientUtils_SendCommandToServer
04-25 10:32:23.243 D/agpscodec( 1604): Copying data length
04-25 10:32:23.243 D/agpscodec( 1604): Data : 1D00000048000000CC0100001D0F0000DA5100000034363030303134393335343539333200000000C47F9880C47F988068F834004F8D6548F905948008D9130008D913003CDA9680B5059480B8CD2900
04-25 10:32:23.243 D/clientutils( 1604): ClientThread: Sending the data
04-25 10:32:23.243 D/AgpsServer( 1376): Activity on connection
04-25 10:32:23.243 D/AgpsServer( 1376): 80 Bytes Read
04-25 10:32:23.243 D/AgpsServer( 1376): Bytes Decoded=80 Bytes read =80
04-25 10:32:23.243 D/AgpsServer( 1376): Recvd Command SOCKET_AGPS_SUPL_MOBILE_INFO_IND
04-25 10:32:23.243 D/AgpsServer( 1376): Processing command SOCKET_AGPS_SUPL_MOBILE_INFO_IND
04-25 10:32:23.243 D/AgpsServer( 1376): IMSI : 460001493545932 , MSISDN : 
04-25 10:32:23.243 D/AGPS_FSM( 1376): MSG 129 -> 128 : 810203
04-25 10:32:23.243 D/        ( 1376): Message EnQueueing Event : 810203
04-25 10:32:23.243 D/        ( 1376): Message EnQueued Event : 810203
04-25 10:32:23.243 D/agpscodec( 1376): Copying data length
04-25 10:32:23.243 D/agpscodec( 1376): Data : 000000000400000000000000
04-25 10:32:23.243 D/AgpsServer( 1376): Command : SOCKET_AGPS_STATUS , Payload Len : 4 , buffer size 12
04-25 10:32:23.243 D/AgpsServer( 1376): Command processed. 
04-25 10:32:23.243 D/        ( 1376): Message DeQueued Event : 810203
04-25 10:32:23.243 D/AGPS_FSM( 1376): FSM handler Event : 0x810203
04-25 10:32:23.243 D/AGPS_FSM( 1376): FSM handler Search if event id is 0x800a03
04-25 10:32:23.243 D/AGPS_FSM( 1376): FSM handler Search if event id is 0x800103
04-25 10:32:23.243 D/AGPS_FSM( 1376): FSM handler Search if event id is 0x800203
04-25 10:32:23.243 D/AGPS_FSM( 1376): FSM handler Search if event id is 0x800e00
04-25 10:32:23.243 D/AGPS_FSM( 1376): FSM handler Search if event id is 0x801200
04-25 10:32:23.243 D/AGPS_FSM( 1376): FSM handler Search if event id is 0x810001
04-25 10:32:23.243 D/AGPS_FSM( 1376): FSM handler Search if event id is 0x810201
04-25 10:32:23.243 D/AGPS_FSM( 1376): FSM handler Search if event id is 0x810203
04-25 10:32:23.243 D/AGPS_FSM( 1376): FSM handler Found Event Handler in Table
04-25 10:32:23.243 D/CGPS    ( 1376): Start : CGPS5_05AdpMobileInfo(
04-25 10:32:23.243 D/CGPS    ( 1376): CGPS5_05AdpMobileInfo: MCC : 460(
04-25 10:32:23.243 D/CGPS    ( 1376): CGPS5_05AdpMobileInfo: SUPL address = h-slp.mnc000.mcc460.pub.3gppnetwork.org, Length = 39, Old length = 39 (
04-25 10:32:23.243 D/AGPS_FSM( 1376): MSG 128 -> 129 : 800204
04-25 10:32:23.243 D/        ( 1376): Message EnQueueing Event : 800204
04-25 10:32:23.243 D/        ( 1376): Message EnQueued Event : 800204
04-25 10:32:23.243 D/CGPS    ( 1376): End : CGPS5_05AdpMobileInfo(
04-25 10:32:23.243 D/        ( 1376): Message DeQueued Event : 800204
04-25 10:32:23.243 D/AGPS_FSM( 1376): FSM handler Event : 0x800204
04-25 10:32:23.243 D/AGPS_FSM( 1376): FSM handler Search if event id is 0x800000
04-25 10:32:23.243 D/AGPS_FSM( 1376): FSM handler Search if event id is 0x800100
04-25 10:32:23.243 D/AGPS_FSM( 1376): FSM handler Search if event id is 0x800400
04-25 10:32:23.243 D/AGPS_FSM( 1376): FSM handler Search if event id is 0x800700
04-25 10:32:23.243 D/AGPS_FSM( 1376): FSM handler Search if event id is 0x800500
04-25 10:32:23.243 D/AGPS_FSM( 1376): FSM handler Search if event id is 0x800600
04-25 10:32:23.243 D/AGPS_FSM( 1376): FSM handler Search if event id is 0x800900
04-25 10:32:23.243 D/AGPS_FSM( 1376): FSM handler Search if event id is 0x800200
04-25 10:32:23.243 D/AGPS_FSM( 1376): FSM handler Search if event id is 0xfffffffd
04-25 10:32:23.243 D/AGPS_FSM( 1376): FSM handler Did not find Event Handler in Table
04-25 10:32:23.243 D/        ( 1376): Ignored Message 8389124 from process 128
04-25 10:32:23.243 D/clientutils( 1604): Data sent
04-25 10:32:23.243 D/clientutils( 1604): Exiting clientUtils_SendCommandToServer
04-25 10:32:23.243 D/clientutils( 1604): Data received, No. of bytes received is 12
04-25 10:32:23.243 D/clientutils( 1604): Received data : 12 bytes decoded to command
04-25 10:32:23.243 D/agpsclient( 1604): Received data is an status message, sending it for processing
04-25 10:32:23.243 D/clientutils( 1604): clientUtils_ProcessStatus: status : 0
04-25 10:32:23.243 D/agpsclient( 1604): Status message processed
04-25 10:32:33.863 D/SntpClient( 1604): request time failed: java.net.SocketTimeoutException: Connection timed out
04-25 10:32:47.443 D/KeyguardViewMediator( 1604): wakeWhenReadyLocked(4)
04-25 10:32:47.443 D/KeyguardViewMediator( 1604): handleWakeWhenReady(4)
04-25 10:32:47.453 D/KeyguardViewMediator( 1604): pokeWakelock(5000)
04-25 10:32:47.463 I/power   ( 1604): *** set_screen_state 1
04-25 10:32:47.903 D/SurfaceFlinger( 1557): Screen about to return, flinger = 0xa810
04-25 10:32:47.973 D/KeyguardViewMediator( 1604): pokeWakelock(5000)
04-25 10:32:47.983 W/WindowManager( 1604): No focus window, dropping: KeyEvent{action=1 code=4 repeat=0 meta=0 scancode=158 mFlags=8}
04-25 10:32:47.993 E/Sensors ( 1604): using /dev/input/event3 (name=compass)
04-25 10:32:48.073 E/Sensors ( 1604): sensors_control_activate active=00000000 sensor=00000001 new_sensors=1 changed=1
04-25 10:32:48.113 I/UsageStats( 1604): Unexpected resume of com.android.launcher while already resumed in com.android.launcher
04-25 10:32:48.233 D/KeyguardViewMediator( 1604): pokeWakelock(5000)
04-25 10:32:48.233 D/KeyguardViewMediator( 1604): pokeWakelock(5000)
04-25 10:32:48.453 D/KeyguardViewMediator( 1604): pokeWakelock(5000)
04-25 10:32:51.083 D/KeyguardViewMediator( 1604): pokeWakelock(5000)
04-25 10:32:51.143 D/KeyguardViewMediator( 1604): pokeWakelock(5000)
04-25 10:32:51.893 D/KeyguardViewMediator( 1604): pokeWakelock(5000)
04-25 10:32:52.043 D/KeyguardViewMediator( 1604): pokeWakelock(5000)
04-25 10:32:52.073 I/ActivityManager( 1604): Starting activity: Intent { act=android.intent.action.MAIN flg=0x10000000 cmp=com.android.contacts/.ContactsLaunchActivity }
04-25 10:32:52.753 W/InputManagerService( 1604): Ignoring hideSoftInput of: com.android.internal.view.IInputMethodClient$Stub$Proxy@43e94500
04-25 10:32:53.023 D/dalvikvm( 1604): GC_EXPLICIT freed 16253 objects / 871056 bytes in 143ms
04-25 10:32:53.143 I/ActivityManager( 1604): Displayed activity com.android.contacts/.ContactsLaunchActivity: 899 ms (total 141243 ms)
04-25 10:32:56.243 D/KeyguardViewMediator( 1604): pokeWakelock(5000)
04-25 10:32:56.303 D/KeyguardViewMediator( 1604): pokeWakelock(5000)
04-25 10:32:56.974 D/KeyguardViewMediator( 1604): pokeWakelock(5000)
04-25 10:32:57.035 D/KeyguardViewMediator( 1604): pokeWakelock(5000)
04-25 10:32:57.063 I/ActivityManager( 1604): Starting activity: Intent { act=android.intent.action.CALL_PRIVILEGED dat=tel:10086 flg=0x10000000 cmp=com.android.phone/.PrivilegedOutgoingCallBroadcaster }
04-25 10:32:57.203 V/AudioPolicyManagerALSA( 1595): releaseOutput() 1
04-25 10:32:57.283 V/OutgoingCallBroadcaster( 1670): onCreate: this = com.android.phone.OutgoingCallBroadcaster@43cdd558, icicle = null
04-25 10:32:57.283 V/OutgoingCallBroadcaster( 1670):  - getIntent() = Intent { act=android.intent.action.CALL_PRIVILEGED dat=tel:10086 flg=0x10000000 cmp=com.android.phone/.PrivilegedOutgoingCallBroadcaster }
04-25 10:32:57.283 V/OutgoingCallBroadcaster( 1670):  - configuration = { scale=1.0 imsi=460/0 loc=en_US touch=3 keys=3/1/2 nav=1/1 orien=1 layout=34 uiMode=17 seq=3}
04-25 10:32:57.283 D/PhoneApp( 1670): pulse screen lock
04-25 10:32:57.293 D/PhoneUtils( 1670): checkAndCopyPhoneProviderExtras: some or all extras are missing.
04-25 10:32:57.293 V/OutgoingCallBroadcaster( 1670): Broadcasting intent Intent { act=android.intent.action.NEW_OUTGOING_CALL (has extras) }.
04-25 10:32:57.343 V/OutgoingCallReceiver( 1670): doReceive: Intent { act=android.intent.action.NEW_OUTGOING_CALL (has extras) }
04-25 10:32:57.343 V/OutgoingCallReceiver( 1670): CALL to 10086 proceeding.
04-25 10:32:57.343 D/PhoneUtils( 1670): checkAndCopyPhoneProviderExtras: some or all extras are missing.
04-25 10:32:57.343 V/OutgoingCallReceiver( 1670): doReceive(): calling startActivity: Intent { act=android.intent.action.CALL dat=tel:10086 flg=0x10000000 cmp=com.android.phone/.InCallScreen (has extras) }
04-25 10:32:57.353 I/ActivityManager( 1604): Starting activity: Intent { act=android.intent.action.CALL dat=tel:10086 flg=0x10000000 cmp=com.android.phone/.InCallScreen (has extras) }
04-25 10:32:57.403 D/InCallScreen( 1670): onNewIntent: intent=Intent { act=android.intent.action.CALL dat=tel:10086 flg=0x10c00000 cmp=com.android.phone/.InCallScreen (has extras) }
04-25 10:32:57.403 D/InCallScreen( 1670): internalResolveIntent: action=android.intent.action.CALL
04-25 10:32:57.443 I/AudioService( 1604):  AudioFocus  requestAudioFocus() from AudioFocus_For_Phone_Ring_And_Calls
04-25 10:32:57.453 D/AudioHardwareInterface( 1595): setMode(IN_CALL)
04-25 10:32:57.453 D/ALSAModule( 1595): route called for devices 00000001 in mode 2...
04-25 10:32:57.453 D/ALSAModule( 1595): force route called for devices 00000001 in mode 2...
04-25 10:32:57.453 E/ALSAModule( 1595): open pcm device Dummy_AndroidPlayback_Earpiece_incall returned status 0. handler 0x3e1c0
04-25 10:32:57.463 E/ALSAModule( 1595): pcm device Dummy_AndroidPlayback_Earpiece_incall closed
04-25 10:32:57.463 D/ALSAModule( 1595): route called for devices 00000000 in mode 2...
04-25 10:32:57.463 D/ALSAModule( 1595): force route called for devices 00000000 in mode 2...
04-25 10:32:57.463 E/ALSAModule( 1595): open pcm device Dummy_AndroidRecord returned status 0. handler 0x39388
04-25 10:32:57.463 E/ALSAModule( 1595): pcm device Dummy_AndroidRecord closed
04-25 10:32:57.463 V/AudioPolicyManagerALSA( 1595): setPhoneState() state 2
04-25 10:32:57.463 V/AudioPolicyManagerALSA( 1595): getDeviceForStrategy() strategy 0, device 2
04-25 10:32:57.463 V/AudioPolicyManagerALSA( 1595): getDeviceForStrategy() strategy 3, device 2
04-25 10:32:57.463 V/AudioPolicyManagerALSA( 1595): getDeviceForStrategy() strategy 2, device 2
04-25 10:32:57.463 V/AudioPolicyManagerALSA( 1595): getDeviceForStrategy() strategy 1, device 1
04-25 10:32:57.463 V/AudioPolicyManagerALSA( 1595): setOutputDevice() output 1 device 1 delayMs 0
04-25 10:32:57.463 V/AudioHardwareALSA( 1595): setParameters() routing=1
04-25 10:32:57.463 D/ALSAModule( 1595): route called for devices 00000001 in mode 2...
04-25 10:32:57.463 D/ALSAModule( 1595): route already up to date for devices 00000001 in mode 2...
04-25 10:32:57.463 V/AudioPolicyManagerALSA( 1595): applyStreamVolumes() for output 1 and device 1
04-25 10:32:57.463 V/AudioPolicyManagerALSA( 1595): checkAndSetVolume() cannot set stream 6 volume with force use = 0 for comm
04-25 10:32:57.463 V/AudioPolicyManagerALSA( 1595): setPhoneState() in call state management: new state is 2
04-25 10:32:57.463 V/AudioPolicyManagerALSA( 1595): handleIncallSonification() stream 2 starting 1 device 1 stateChange 1
04-25 10:32:57.463 V/AudioPolicyManagerALSA( 1595): handleIncallSonification() stream 4 starting 1 device 1 stateChange 1
04-25 10:32:57.463 V/AudioPolicyManagerALSA( 1595): handleIncallSonification() stream 5 starting 1 device 1 stateChange 1
04-25 10:32:57.463 V/AudioPolicyManagerALSA( 1595): handleIncallSonification() stream 7 starting 1 device 1 stateChange 1
04-25 10:32:57.473 V/AudioPolicyManagerALSA( 1595): setStreamVolumeIndex() stream 0, index 4
04-25 10:32:57.473 V/AudioPolicyManagerALSA( 1595): setStreamVolumeIndex() stream 8, index 12
04-25 10:32:57.473 D/InCallScreen( 1670): onResume()...
04-25 10:32:57.473 D/PhoneApp( 1670): disable status bar
04-25 10:32:57.473 D/PhoneApp( 1670): StatusBarManager.DISABLE_EXPAND
04-25 10:32:57.483 D/StatusBar( 1604): DISABLE_EXPAND: yes
04-25 10:32:57.493 D/InCallScreen( 1670): - onResume: initial status = SUCCESS
04-25 10:32:57.493 D/InCallScreen( 1670): setInCallScreenMode: NORMAL
04-25 10:32:57.493 D/InCallScreen( 1670): syncWithPhoneState()...
04-25 10:32:57.493 D/PhoneUtils( 1670): dumpCallState():
04-25 10:32:57.493 D/PhoneUtils( 1670): - Phone: Handler{43c52850}, name = GSM, state = OFFHOOK
04-25 10:32:57.493 D/PhoneUtils( 1670):   - FG call: DIALING isAlive true isRinging false isDialing true isIdle false hasConnections true
04-25 10:32:57.493 D/PhoneUtils( 1670):   - BG call: IDLE isAlive false isRinging false isDialing false isIdle true hasConnections false
04-25 10:32:57.493 D/PhoneUtils( 1670):   - RINGING call: IDLE isAlive false isRinging false isDialing false isIdle true hasConnections false
04-25 10:32:57.493 D/PhoneUtils( 1670):   - hasRingingCall false hasActiveCall true hasHoldingCall false allLinesTaken false
04-25 10:32:57.493 D/PhoneUtils( 1670):   - Ringer state: false
04-25 10:32:57.493 D/InCallScreen( 1670): updateScreen()...
04-25 10:32:57.493 D/InCallScreen( 1670): - updateScreen: updating menu items...
04-25 10:32:57.503 D/InCallScreen( 1670): - updateScreen: updating the in-call UI...
04-25 10:32:57.543 I/power   ( 1604): *** set_screen_state 1
04-25 10:32:57.563 D/PhoneApp( 1670): updateWakeState: callscreen true, dialer false, speaker false...
04-25 10:32:57.563 D/PhoneApp( 1670): updateWakeState: keepScreenOn = true (isRinging false, isDialing true, showingDisc false)
04-25 10:32:57.603 D/BT HS/HF( 1670): audioOn(): headset is not connected!
04-25 10:32:57.603 D/CallNotifier( 1670): stopRing()... (OFFHOOK state)
04-25 10:32:57.603 D/Ringer  ( 1670): stopRing()...
04-25 10:32:57.603 D/Ringer  ( 1670): - stopRing: null mRingHandler!
04-25 10:32:57.643 D/InCallScreen( 1670): onPhoneStateChanged()...
04-25 10:32:57.643 D/InCallScreen( 1670): updateScreen()...
04-25 10:32:57.643 D/InCallScreen( 1670): - updateScreen: updating menu items...
04-25 10:32:57.653 D/InCallScreen( 1670): - updateScreen: updating the in-call UI...
04-25 10:32:57.673 D/PhoneApp( 1670): updateWakeState: callscreen true, dialer false, speaker false...
04-25 10:32:57.673 D/PhoneApp( 1670): updateWakeState: keepScreenOn = true (isRinging false, isDialing true, showingDisc false)
04-25 10:32:57.713 D/BT HS/HF( 1670): audioOn(): headset is not connected!
04-25 10:32:57.713 D/CallNotifier( 1670): stopRing()... (OFFHOOK state)
04-25 10:32:57.713 D/Ringer  ( 1670): stopRing()...
04-25 10:32:57.713 D/Ringer  ( 1670): - stopRing: null mRingHandler!
04-25 10:32:57.743 D/InCallScreen( 1670): onPhoneStateChanged()...
04-25 10:32:57.743 D/InCallScreen( 1670): updateScreen()...
04-25 10:32:57.743 D/InCallScreen( 1670): - updateScreen: updating menu items...
04-25 10:32:57.763 D/InCallScreen( 1670): - updateScreen: updating the in-call UI...
04-25 10:32:57.773 D/PhoneApp( 1670): updateWakeState: callscreen true, dialer false, speaker false...
04-25 10:32:57.773 D/PhoneApp( 1670): updateWakeState: keepScreenOn = true (isRinging false, isDialing true, showingDisc false)
04-25 10:32:57.773 D/BT HS/HF( 1670): audioOn(): headset is not connected!
04-25 10:32:57.773 D/CallNotifier( 1670): stopRing()... (OFFHOOK state)
04-25 10:32:57.773 D/Ringer  ( 1670): stopRing()...
04-25 10:32:57.783 D/Ringer  ( 1670): - stopRing: null mRingHandler!
04-25 10:32:57.813 D/InCallScreen( 1670): onPhoneStateChanged()...
04-25 10:32:57.813 D/InCallScreen( 1670): updateScreen()...
04-25 10:32:57.813 D/InCallScreen( 1670): - updateScreen: updating menu items...
04-25 10:32:57.833 D/InCallScreen( 1670): - updateScreen: updating the in-call UI...
04-25 10:32:57.833 D/PhoneApp( 1670): updateWakeState: callscreen true, dialer false, speaker false...
04-25 10:32:57.833 D/PhoneApp( 1670): updateWakeState: keepScreenOn = true (isRinging false, isDialing true, showingDisc false)
04-25 10:32:58.153 D/BT HS/HF( 1670): audioOn(): headset is not connected!
04-25 10:32:58.153 D/CallNotifier( 1670): stopRing()... (OFFHOOK state)
04-25 10:32:58.153 D/Ringer  ( 1670): stopRing()...
04-25 10:32:58.183 D/Ringer  ( 1670): - stopRing: null mRingHandler!
04-25 10:32:58.303 D/InCallScreen( 1670): onPhoneStateChanged()...
04-25 10:32:58.303 D/InCallScreen( 1670): updateScreen()...
04-25 10:32:58.313 D/InCallScreen( 1670): - updateScreen: updating menu items...
04-25 10:32:58.323 D/InCallScreen( 1670): - updateScreen: updating the in-call UI...
04-25 10:32:58.363 D/PhoneApp( 1670): updateWakeState: callscreen true, dialer false, speaker false...
04-25 10:32:58.363 D/PhoneApp( 1670): updateWakeState: keepScreenOn = true (isRinging false, isDialing true, showingDisc false)
04-25 10:32:58.363 D/MobileDataStateTracker( 1604): default Received state= SUSPENDED, old= CONNECTED, reason= 2GVoiceCallStarted, apnTypeList= default
04-25 10:32:58.383 D/NetworkStateTracker( 1604): setDetailed state, old =CONNECTED and new state=SUSPENDED
04-25 10:32:58.383 D/ConnectivityService( 1604): ConnectivityChange for mobile: SUSPENDED/SUSPENDED
04-25 10:32:58.383 D/ConnectivityService( 1604): getMobileDataEnabled returning true
04-25 10:32:58.423 W/IInputConnectionWrapper( 1713): showStatusIcon on inactive InputConnection
04-25 10:32:58.713 D/Tethering( 1604): Tethering got CONNECTIVITY_ACTION
04-25 10:32:58.713 D/Tethering( 1604): MasterInitialState.processMessage what=3
04-25 10:32:58.713 E/HierarchicalStateMachine( 1604): TetherMaster - unhandledMessage: msg.what=3
04-25 10:33:02.733 D/BT HS/HF( 1670): audioOn(): headset is not connected!
04-25 10:33:02.763 D/CallNotifier( 1670): stopRing()... (OFFHOOK state)
04-25 10:33:02.763 D/Ringer  ( 1670): stopRing()...
04-25 10:33:02.793 D/Ringer  ( 1670): - stopRing: null mRingHandler!
04-25 10:33:02.843 D/InCallScreen( 1670): onPhoneStateChanged()...
04-25 10:33:02.843 D/InCallScreen( 1670): updateScreen()...
04-25 10:33:02.843 D/InCallScreen( 1670): - updateScreen: updating menu items...
04-25 10:33:02.863 D/InCallScreen( 1670): - updateScreen: updating the in-call UI...
04-25 10:33:02.873 D/PhoneApp( 1670): updateWakeState: callscreen true, dialer false, speaker false...
04-25 10:33:02.873 D/PhoneApp( 1670): updateWakeState: keepScreenOn = false (isRinging false, isDialing false, showingDisc false)
04-25 10:33:09.203 D/dalvikvm( 1673): GC_EXPLICIT freed 809 objects / 41128 bytes in 150ms
04-25 10:33:12.363 I/AudioService( 1604):  AudioFocus  requestAudioFocus() from AudioFocus_For_Phone_Ring_And_Calls
04-25 10:33:12.383 D/CallNotifier( 1670): RINGING... (new)
04-25 10:33:12.383 D/CallNotifier( 1670): onNewRingingConnection():  incoming: true state: WAITING post dial state: NOT_STARTED
04-25 10:33:12.413 D/AudioFlinger( 1595): <<<<<<<<<<<FM CANT START<<<<<<<<<<<<<<<
04-25 10:33:12.413 V/AudioPolicyManagerALSA( 1595): startOutput() output 1, stream 0
04-25 10:33:12.413 V/AudioPolicyManagerALSA( 1595): getDeviceForStrategy() strategy 1, device 1
04-25 10:33:12.413 V/AudioPolicyManagerALSA( 1595): setOutputDevice() output 1 device 1 delayMs 0
04-25 10:33:12.413 V/AudioPolicyManagerALSA( 1595): setOutputDevice() setting same device 1 for output 1
04-25 10:33:12.413 V/AudioPolicyManagerALSA( 1595): changeRefCount() stream 0, count 1
04-25 10:33:12.423 I/ActivityManager( 1604): Starting activity: Intent { act=android.intent.action.MAIN flg=0x10840000 cmp=com.android.phone/.InCallScreen }
04-25 10:33:12.453 D/InCallScreen( 1670): onPhoneStateChanged()...
04-25 10:33:12.453 D/InCallScreen( 1670): updateScreen()...
04-25 10:33:12.453 D/InCallScreen( 1670): - updateScreen: updating menu items...
04-25 10:33:12.453 D/InCallScreen( 1670): - updateScreen: updating the in-call UI...
04-25 10:33:12.493 D/InCallScreen( 1670): dismissAllDialogs()...
04-25 10:33:12.493 D/PhoneApp( 1670): updateWakeState: callscreen true, dialer false, speaker false...
04-25 10:33:12.493 D/PhoneApp( 1670): updateWakeState: keepScreenOn = true (isRinging true, isDialing false, showingDisc false)
04-25 10:33:12.513 W/AudioHardwareALSA( 1595): Write request but device is in state SND_PCM_STATE_SETUP
04-25 10:33:12.513 D/AudioHardwareALSA( 1595): call snd_pcm_prepare
04-25 10:33:12.513 W/AudioHardwareALSA( 1595): Wait for correct device state
04-25 10:33:12.523 D/InCallScreen( 1670): onPause()...
04-25 10:33:12.523 V/AudioPolicyManagerALSA( 1595): releaseOutput() 1
04-25 10:33:12.523 D/InCallScreen( 1670): dismissAllDialogs()...
04-25 10:33:12.543 D/PhoneApp( 1670): re-enable status bar
04-25 10:33:12.543 D/PhoneApp( 1670): StatusBarManager.DISABLE_NONE
04-25 10:33:12.543 D/PhoneApp( 1670): updateWakeState: callscreen false, dialer false, speaker false...
04-25 10:33:12.553 D/PhoneApp( 1670): updateWakeState: keepScreenOn = true (isRinging true, isDialing false, showingDisc false)
04-25 10:33:12.553 D/InCallScreen( 1670): onNewIntent: intent=Intent { act=android.intent.action.MAIN flg=0x10840000 cmp=com.android.phone/.InCallScreen }
04-25 10:33:12.553 D/InCallScreen( 1670): internalResolveIntent: action=android.intent.action.MAIN
04-25 10:33:12.553 D/InCallScreen( 1670): onResume()...
04-25 10:33:12.553 D/PhoneApp( 1670): disable status bar
04-25 10:33:12.553 D/PhoneApp( 1670): StatusBarManager.DISABLE_EXPAND
04-25 10:33:12.553 D/StatusBar( 1604): DISABLE_EXPAND: yes
04-25 10:33:12.573 D/InCallScreen( 1670): - onResume: initial status = SUCCESS
04-25 10:33:12.573 D/InCallScreen( 1670): setInCallScreenMode: NORMAL
04-25 10:33:12.573 D/InCallScreen( 1670): syncWithPhoneState()...
04-25 10:33:12.573 D/PhoneUtils( 1670): dumpCallState():
04-25 10:33:12.573 D/PhoneUtils( 1670): - Phone: Handler{43c52850}, name = GSM, state = RINGING
04-25 10:33:12.573 D/PhoneUtils( 1670):   - FG call: ACTIVE isAlive true isRinging false isDialing false isIdle false hasConnections true
04-25 10:33:12.573 D/PhoneUtils( 1670):   - BG call: IDLE isAlive false isRinging false isDialing false isIdle true hasConnections false
04-25 10:33:12.583 D/PhoneUtils( 1670):   - RINGING call: WAITING isAlive true isRinging true isDialing false isIdle false hasConnections true
04-25 10:33:12.583 D/PhoneUtils( 1670):   - hasRingingCall true hasActiveCall true hasHoldingCall false allLinesTaken false
04-25 10:33:12.583 D/PhoneUtils( 1670):   - Ringer state: false
04-25 10:33:12.583 D/InCallScreen( 1670): updateScreen()...
04-25 10:33:12.583 D/InCallScreen( 1670): - updateScreen: updating menu items...
04-25 10:33:12.583 D/InCallScreen( 1670): - updateScreen: updating the in-call UI...
04-25 10:33:12.583 D/InCallScreen( 1670): dismissAllDialogs()...
04-25 10:33:12.583 D/PhoneApp( 1670): updateWakeState: callscreen true, dialer false, speaker false...
04-25 10:33:12.583 D/PhoneApp( 1670): updateWakeState: keepScreenOn = true (isRinging true, isDialing false, showingDisc false)
04-25 10:33:12.643 D/InCallScreen( 1670): onPhoneStateChanged()...
04-25 10:33:12.643 D/InCallScreen( 1670): updateScreen()...
04-25 10:33:12.643 D/InCallScreen( 1670): - updateScreen: updating menu items...
04-25 10:33:12.643 D/InCallScreen( 1670): - updateScreen: updating the in-call UI...
04-25 10:33:12.653 D/InCallScreen( 1670): dismissAllDialogs()...
04-25 10:33:12.653 D/PhoneApp( 1670): updateWakeState: callscreen true, dialer false, speaker false...
04-25 10:33:12.653 D/PhoneApp( 1670): updateWakeState: keepScreenOn = true (isRinging true, isDialing false, showingDisc false)
04-25 10:33:12.663 I/power   ( 1604): *** set_screen_state 1
04-25 10:33:17.603 D/dalvikvm( 1713): GC_EXPLICIT freed 2725 objects / 194240 bytes in 166ms
04-25 10:33:21.903 D/KeyguardViewMediator( 1604): pokeWakelock(5000)
04-25 10:33:22.423 D/InCallTouchUi( 1670): onDialTrigger(whichHandle = 1)...
04-25 10:33:22.423 D/InCallScreen( 1670): handleOnscreenButtonClick(id 2131099670)...
04-25 10:33:22.423 D/InCallScreen( 1670): internalAnswerCall: answering...
04-25 10:33:22.423 D/Ringer  ( 1670): stopRing()...
04-25 10:33:22.433 D/Ringer  ( 1670): - stopRing: null mRingHandler!
04-25 10:33:22.493 V/AudioPolicyManagerALSA( 1595): setStreamVolumeIndex() stream 0, index 4
04-25 10:33:22.493 V/AudioPolicyManagerALSA( 1595): setStreamVolumeIndex() stream 8, index 12
04-25 10:33:22.493 D/InCallTouchUi( 1670): updateState: Too soon after last action; not drawing!
04-25 10:33:22.553 D/KeyguardViewMediator( 1604): pokeWakelock(5000)
04-25 10:33:22.673 D/dalvikvm( 1780): GC_EXPLICIT freed 764 objects / 40960 bytes in 240ms
04-25 10:33:25.223 D/dalvikvm( 1670): GC_FOR_MALLOC freed 12409 objects / 754496 bytes in 123ms
04-25 10:33:29.313 D/dalvikvm( 1676): GC_EXPLICIT freed 62 objects / 3536 bytes in 180ms
04-25 10:33:31.023 D/dalvikvm( 1604): GC_EXPLICIT freed 10695 objects / 510800 bytes in 155ms
04-25 10:33:31.763 I/AudioService( 1604):  AudioFocus  requestAudioFocus() from AudioFocus_For_Phone_Ring_And_Calls
04-25 10:33:31.773 D/CallNotifier( 1670): DISCONNECT
04-25 10:33:31.773 D/CallNotifier( 1670): - onDisconnect: cause = INCOMING_MISSED, incoming = true, date = 1303727592367
04-25 10:33:31.773 D/CallNotifier( 1670): stopRing()... (onDisconnect)
04-25 10:33:31.773 D/Ringer  ( 1670): stopRing()...
04-25 10:33:31.783 D/Ringer  ( 1670): - stopRing: null mRingHandler!
04-25 10:33:31.783 D/CallNotifier( 1670): - onDisconnect(): logNumber set to: 13182827869
04-25 10:33:31.783 D/CallNotifier( 1670): - getPresentation(): ignoring connection's presentation: 1
04-25 10:33:31.783 D/CallNotifier( 1670): - getPresentation: presentation: 1
04-25 10:33:31.843 D/InCallScreen( 1670): onDisconnect:  incoming: true state: DISCONNECTED post dial state: NOT_STARTED, cause=INCOMING_MISSED
04-25 10:33:31.843 D/InCallScreen( 1670): updateScreen()...
04-25 10:33:31.843 D/InCallScreen( 1670): - updateScreen: updating menu items...
04-25 10:33:31.843 D/InCallScreen( 1670): - updateScreen: updating the in-call UI...
04-25 10:33:31.953 D/AudioFlinger( 1595): <<<<<<<<<<<FM CAN START<<<<<<<<<<<<<<<<
04-25 10:33:31.953 V/AudioPolicyManagerALSA( 1595): stopOutput() output 1, stream 0
04-25 10:33:31.953 V/AudioPolicyManagerALSA( 1595): changeRefCount() stream 0, count 0
04-25 10:33:31.953 V/AudioPolicyManagerALSA( 1595): getDeviceForStrategy() strategy 1, device 1
04-25 10:33:31.953 V/AudioPolicyManagerALSA( 1595): setOutputDevice() output 1 device 1 delayMs 1116
04-25 10:33:31.953 V/AudioPolicyManagerALSA( 1595): setOutputDevice() setting same device 1 for output 1
04-25 10:33:31.973 V/AudioPolicyManagerALSA( 1595): releaseOutput() 1
04-25 10:33:33.923 D/InCallScreen( 1670): - delayedCleanupAfterDisconnect: staying on the InCallScreen...
04-25 10:33:33.923 D/PhoneUtils( 1670): dumpCallState():
04-25 10:33:33.923 D/PhoneUtils( 1670): - Phone: Handler{43c52850}, name = GSM, state = OFFHOOK
04-25 10:33:33.923 D/PhoneUtils( 1670):   - FG call: ACTIVE isAlive true isRinging false isDialing false isIdle false hasConnections true
04-25 10:33:33.923 D/PhoneUtils( 1670):   - BG call: IDLE isAlive false isRinging false isDialing false isIdle true hasConnections false
04-25 10:33:33.923 D/PhoneUtils( 1670):   - RINGING call: IDLE isAlive false isRinging false isDialing false isIdle true hasConnections false
04-25 10:33:33.923 D/PhoneUtils( 1670):   - hasRingingCall false hasActiveCall true hasHoldingCall false allLinesTaken false
04-25 10:33:33.923 D/PhoneUtils( 1670):   - Ringer state: false
04-25 10:33:33.923 D/CallNotifier( 1670): stopRing()... (OFFHOOK state)
04-25 10:33:33.923 D/Ringer  ( 1670): stopRing()...
04-25 10:33:33.933 D/Ringer  ( 1670): - stopRing: null mRingHandler!
04-25 10:33:33.993 D/InCallScreen( 1670): onPhoneStateChanged()...
04-25 10:33:33.993 D/InCallScreen( 1670): updateScreen()...
04-25 10:33:33.993 D/InCallScreen( 1670): - updateScreen: updating menu items...
04-25 10:33:34.013 D/InCallScreen( 1670): - updateScreen: updating the in-call UI...
04-25 10:33:34.043 D/PhoneApp( 1670): updateWakeState: callscreen true, dialer false, speaker false...
04-25 10:33:34.043 D/PhoneApp( 1670): updateWakeState: keepScreenOn = false (isRinging false, isDialing false, showingDisc false)
04-25 10:33:49.303 I/power   ( 1604): *** set_screen_state 0
04-25 10:33:49.323 D/SurfaceFlinger( 1557): About to give-up screen, flinger = 0xa810
04-25 10:33:49.333 E/Sensors ( 1604): sensors_control_activate active=00000001 sensor=00000000 new_sensors=0 changed=1
04-25 10:33:49.333 E/Sensors ( 1604): using /dev/input/event3 (name=compass)
04-25 10:33:49.393 D/InCallScreen( 1670): onPause()...
04-25 10:33:49.413 V/AudioPolicyManagerALSA( 1595): releaseOutput() 1
04-25 10:33:49.413 D/InCallScreen( 1670): dismissAllDialogs()...
04-25 10:33:49.433 D/PhoneApp( 1670): re-enable status bar
04-25 10:33:49.433 D/PhoneApp( 1670): StatusBarManager.DISABLE_NONE
04-25 10:33:49.433 D/PhoneApp( 1670): updateWakeState: callscreen false, dialer false, speaker false...
04-25 10:33:49.433 D/PhoneApp( 1670): updateWakeState: keepScreenOn = false (isRinging false, isDialing false, showingDisc false)
04-25 10:34:06.163 I/AudioService( 1604):  AudioFocus  abandonAudioFocus() from AudioFocus_For_Phone_Ring_And_Calls
04-25 10:34:06.213 D/CallNotifier( 1670): DISCONNECT
04-25 10:34:06.213 D/CallNotifier( 1670): - onDisconnect: cause = ERROR_UNSPECIFIED, incoming = false, date = 1303727577416
04-25 10:34:06.213 D/CallNotifier( 1670): stopRing()... (onDisconnect)
04-25 10:34:06.213 D/Ringer  ( 1670): stopRing()...
04-25 10:34:06.223 D/Ringer  ( 1670): - stopRing: null mRingHandler!
04-25 10:34:06.223 D/CallNotifier( 1670): - DisconnectCause is ERROR_UNSPECIFIED: play TONE_CALL_ENDED!
04-25 10:34:06.263 D/InCallScreen( 1670): finish()...
04-25 10:34:06.263 I/ActivityManager( 1604): moveTaskToBack: 6
04-25 10:34:06.513 I/UsageStats( 1604): Something wrong here, didn't expect com.android.launcher to be paused
04-25 10:34:06.623 D/StatusBar( 1604): DISABLE_EXPAND: yes
04-25 10:34:06.643 D/CallNotifier( 1670): - onDisconnect(): logNumber set to: 10086
04-25 10:34:06.643 D/CallNotifier( 1670): - getPresentation(): ignoring connection's presentation: 1
04-25 10:34:06.643 D/CallNotifier( 1670): - getPresentation: presentation: 1
04-25 10:34:06.663 D/InCallScreen( 1670): Handler: handling message { what=102 when=1402169 obj=android.os.AsyncResult@43d5a708 } while not in foreground
04-25 10:34:06.673 D/InCallScreen( 1670): onDisconnect:  incoming: false state: DISCONNECTED post dial state: COMPLETE, cause=ERROR_UNSPECIFIED
04-25 10:34:06.673 D/InCallScreen( 1670): updateScreen()...
04-25 10:34:06.673 D/InCallScreen( 1670): - updateScreen: not the foreground Activity! Bailing out...
04-25 10:34:06.673 D/InCallScreen( 1670): setInCallScreenMode: CALL_ENDED
04-25 10:34:06.723 D/AudioFlinger( 1595): <<<<<<<<<<<FM CANT START<<<<<<<<<<<<<<<
04-25 10:34:06.723 V/AudioPolicyManagerALSA( 1595): startOutput() output 1, stream 0
04-25 10:34:06.723 V/AudioPolicyManagerALSA( 1595): getDeviceForStrategy() strategy 1, device 1
04-25 10:34:06.723 V/AudioPolicyManagerALSA( 1595): setOutputDevice() output 1 device 1 delayMs 0
04-25 10:34:06.723 V/AudioPolicyManagerALSA( 1595): setOutputDevice() setting same device 1 for output 1
04-25 10:34:06.723 V/AudioPolicyManagerALSA( 1595): changeRefCount() stream 0, count 1
04-25 10:34:06.733 D/AGpsPhoneListener( 1604): DATA_CONNECTED
04-25 10:34:06.743 D/MobileDataStateTracker( 1604): replacing old mInterfaceName (pdp_ip0) with pdp_ip0 for hipri
04-25 10:34:06.813 W/AudioHardwareALSA( 1595): Write request but device is in state SND_PCM_STATE_SETUP
04-25 10:34:06.813 D/AudioHardwareALSA( 1595): call snd_pcm_prepare
04-25 10:34:06.823 W/AudioHardwareALSA( 1595): Wait for correct device state
04-25 10:34:06.823 D/AudioFlinger( 1595): <<<<<<<<<<<FM CAN START<<<<<<<<<<<<<<<<
04-25 10:34:06.823 V/AudioPolicyManagerALSA( 1595): stopOutput() output 1, stream 0
04-25 10:34:06.823 V/AudioPolicyManagerALSA( 1595): changeRefCount() stream 0, count 0
04-25 10:34:06.823 V/AudioPolicyManagerALSA( 1595): getDeviceForStrategy() strategy 1, device 1
04-25 10:34:06.823 V/AudioPolicyManagerALSA( 1595): setOutputDevice() output 1 device 1 delayMs 1116
04-25 10:34:06.823 V/AudioPolicyManagerALSA( 1595): setOutputDevice() setting same device 1 for output 1
04-25 10:34:06.843 D/InCallScreen( 1670): Handler: handling message { what=101 when=1402222 obj=android.os.AsyncResult@43d5a7c8 } while not in foreground
04-25 10:34:06.843 D/InCallScreen( 1670): onPhoneStateChanged()...
04-25 10:34:06.843 D/InCallScreen( 1670): onPhoneStateChanged: Activity not in foreground! Bailing out...
04-25 10:34:06.933 D/MobileDataStateTracker( 1604): default Received state= CONNECTED, old= SUSPENDED, reason= 2GVoiceCallEnded, apnTypeList= default
04-25 10:34:06.933 D/NetworkStateTracker( 1604): setDetailed state, old =SUSPENDED and new state=CONNECTED
04-25 10:34:06.933 D/ConnectivityService( 1604): ConnectivityChange for mobile: CONNECTED/CONNECTED
04-25 10:34:06.943 V/NetworkStateTracker( 1604): Setting TCP values: [4093,26280,35040,4096,16384,35040] which comes from [net.tcp.buffersize.edge]
04-25 10:34:06.963 V/AudioPolicyManagerALSA( 1595): releaseOutput() 1
04-25 10:34:06.973 V/AudioPolicyManagerALSA( 1595): setForceUse() usage 0, config 0, mPhoneState 2
04-25 10:34:06.973 V/AudioPolicyManagerALSA( 1595): getDeviceForStrategy() strategy 1, device 1
04-25 10:34:06.973 V/AudioPolicyManagerALSA( 1595): setOutputDevice() output 1 device 1 delayMs 0
04-25 10:34:06.973 V/AudioPolicyManagerALSA( 1595): setOutputDevice() setting same device 1 for output 1
04-25 10:34:06.983 D/PhoneApp( 1670): updateWakeState: callscreen false, dialer false, speaker false...
04-25 10:34:06.983 D/PhoneApp( 1670): updateWakeState: keepScreenOn = false (isRinging false, isDialing false, showingDisc false)
04-25 10:34:06.993 D/AudioHardwareInterface( 1595): setMode(NORMAL)
04-25 10:34:06.993 D/ALSAModule( 1595): route called for devices 00000001 in mode 0...
04-25 10:34:06.993 D/ALSAModule( 1595): force route called for devices 00000001 in mode 0...
04-25 10:34:06.993 E/AudioHardwareALSA( 1595): ALSALib error external/alsa-lib/src/pcm/pcm.c:2210:(snd_pcm_open_noupdate) Unknown PCM Dummy_AndroidPlayback_Earpiece_normal
04-25 10:34:06.993 E/ALSAModule( 1595): open pcm device Dummy_AndroidPlayback_Earpiece_normal returned status -2. handler 0x0
04-25 10:34:07.013 E/ALSAModule( 1595): open pcm device Dummy_AndroidPlayback_Earpiece returned status 0. handler 0x39b88
04-25 10:34:07.053 E/ALSAModule( 1595): pcm device Dummy_AndroidPlayback_Earpiece closed
04-25 10:34:07.053 D/ALSAModule( 1595): route called for devices 00000000 in mode 0...
