04-25 10:31:11.283 D/AT      ( 1552): AT< OK
04-25 10:31:11.283 D/RILC    ( 1552): [1228]< GET_CURRENT_CALLS {[id=1,ACTIVE,toa=129,norm,mo,als=0,voc,noevp,10086,cli=0,name='(null)',0][id=2,WAITING,toa=161,norm,mt,als=0,voc,noevp,13182827869,cli=0,name='(null)',0}
04-25 10:31:11.283 D/RILJ    ( 1670): InCall VoicePrivacy is disabled
04-25 10:31:11.283 D/RILJ    ( 1670): InCall VoicePrivacy is disabled
04-25 10:31:11.283 D/RILJ    ( 1670): [1228]< GET_CURRENT_CALLS  [id=1,ACTIVE,toa=129,norm,mo,0,voc,noevp,,cli=1,,0] [id=2,WAITING,toa=161,norm,mt,0,voc,noevp,,cli=1,,0] 
04-25 10:31:11.283 D/GSM     ( 1670): [GSMConn] update: parent=ACTIVE, hasNewParent=false, wasConnectingInOrOut=false, wasHolding=false, isConnectingInOrOut=false, changed=false
04-25 10:31:11.283 D/GSM     ( 1670): [GSMConn] update: parent=WAITING, hasNewParent=false, wasConnectingInOrOut=true, wasHolding=false, isConnectingInOrOut=true, changed=false
04-25 10:31:11.353 D/RILC    ( 1552): [UNSL]< UNSOL_RESPONSE_CALL_STATE_CHANGED 
04-25 10:31:11.353 D/RILJ    ( 1670): [UNSL]< UNSOL_RESPONSE_CALL_STATE_CHANGED
04-25 10:31:11.353 D/RILJ    ( 1670): [1229]> GET_CURRENT_CALLS
04-25 10:31:11.353 D/RILC    ( 1552): [1229]> GET_CURRENT_CALLS 
04-25 10:31:11.353 D/RIL     ( 1552): onRequest: GET_CURRENT_CALLS
04-25 10:31:11.353 D/AT      ( 1552): AT> AT+CLCC
04-25 10:31:11.353 D/AT      ( 1552): AT< +CLCC: 1,0,0,0,0,"10086",129
04-25 10:31:11.353 D/AT      ( 1552): AT< +CLCC: 2,1,5,0,0,"13182827869",161
04-25 10:31:11.353 D/AT      ( 1552): AT< OK
04-25 10:31:11.353 D/RILC    ( 1552): [1229]< GET_CURRENT_CALLS {[id=1,ACTIVE,toa=129,norm,mo,als=0,voc,noevp,10086,cli=0,name='(null)',0][id=2,WAITING,toa=161,norm,mt,als=0,voc,noevp,13182827869,cli=0,name='(null)',0}
04-25 10:31:11.353 D/RILJ    ( 1670): InCall VoicePrivacy is disabled
04-25 10:31:11.353 D/RILJ    ( 1670): InCall VoicePrivacy is disabled
04-25 10:31:11.363 D/RILJ    ( 1670): [1229]< GET_CURRENT_CALLS  [id=1,ACTIVE,toa=129,norm,mo,0,voc,noevp,,cli=1,,0] [id=2,WAITING,toa=161,norm,mt,0,voc,noevp,,cli=1,,0] 
04-25 10:31:11.363 D/GSM     ( 1670): [GSMConn] update: parent=ACTIVE, hasNewParent=false, wasConnectingInOrOut=false, wasHolding=false, isConnectingInOrOut=false, changed=false
04-25 10:31:11.363 D/GSM     ( 1670): [GSMConn] update: parent=WAITING, hasNewParent=false, wasConnectingInOrOut=true, wasHolding=false, isConnectingInOrOut=true, changed=false
04-25 10:31:11.513 D/RILC    ( 1552): [UNSL]< UNSOL_RESPONSE_CALL_STATE_CHANGED 
04-25 10:31:11.513 D/RILJ    ( 1670): [UNSL]< UNSOL_RESPONSE_CALL_STATE_CHANGED
04-25 10:31:11.513 D/RILJ    ( 1670): [1230]> GET_CURRENT_CALLS
04-25 10:31:11.523 D/RILC    ( 1552): [1230]> GET_CURRENT_CALLS 
04-25 10:31:11.523 D/RIL     ( 1552): onRequest: GET_CURRENT_CALLS
04-25 10:31:11.523 D/AT      ( 1552): AT> AT+CLCC
04-25 10:31:11.523 D/AT      ( 1552): AT< +CLCC: 1,0,0,0,0,"10086",129
04-25 10:31:11.523 D/AT      ( 1552): AT< +CLCC: 2,1,5,0,0,"13182827869",161
04-25 10:31:11.523 D/AT      ( 1552): AT< OK
04-25 10:31:11.523 D/RILC    ( 1552): [1230]< GET_CURRENT_CALLS {[id=1,ACTIVE,toa=129,norm,mo,als=0,voc,noevp,10086,cli=0,name='(null)',0][id=2,WAITING,toa=161,norm,mt,als=0,voc,noevp,13182827869,cli=0,name='(null)',0}
04-25 10:31:11.523 D/RILJ    ( 1670): InCall VoicePrivacy is disabled
04-25 10:31:11.523 D/RILJ    ( 1670): InCall VoicePrivacy is disabled
04-25 10:31:11.523 D/RILJ    ( 1670): [1230]< GET_CURRENT_CALLS  [id=1,ACTIVE,toa=129,norm,mo,0,voc,noevp,,cli=1,,0] [id=2,WAITING,toa=161,norm,mt,0,voc,noevp,,cli=1,,0] 
04-25 10:31:11.523 D/GSM     ( 1670): [GSMConn] update: parent=ACTIVE, hasNewParent=false, wasConnectingInOrOut=false, wasHolding=false, isConnectingInOrOut=false, changed=false
04-25 10:31:11.523 D/GSM     ( 1670): [GSMConn] update: parent=WAITING, hasNewParent=false, wasConnectingInOrOut=true, wasHolding=false, isConnectingInOrOut=true, changed=false
04-25 10:31:11.563 D/RILC    ( 1552): [UNSL]< UNSOL_RESPONSE_CALL_STATE_CHANGED 
04-25 10:31:11.563 D/RILJ    ( 1670): [UNSL]< UNSOL_RESPONSE_CALL_STATE_CHANGED
04-25 10:31:11.563 D/RILJ    ( 1670): [1231]> GET_CURRENT_CALLS
04-25 10:31:11.563 D/RILC    ( 1552): [1231]> GET_CURRENT_CALLS 
04-25 10:31:11.563 D/RIL     ( 1552): onRequest: GET_CURRENT_CALLS
04-25 10:31:11.573 D/AT      ( 1552): AT> AT+CLCC
04-25 10:31:11.573 D/AT      ( 1552): AT< +CLCC: 1,0,0,0,0,"10086",129
04-25 10:31:11.573 D/AT      ( 1552): AT< +CLCC: 2,1,5,0,0,"13182827869",161
04-25 10:31:11.573 D/AT      ( 1552): AT< OK
04-25 10:31:11.573 D/RILC    ( 1552): [1231]< GET_CURRENT_CALLS {[id=1,ACTIVE,toa=129,norm,mo,als=0,voc,noevp,10086,cli=0,name='(null)',0][id=2,WAITING,toa=161,norm,mt,als=0,voc,noevp,13182827869,cli=0,name='(null)',0}
04-25 10:31:11.573 D/RILJ    ( 1670): InCall VoicePrivacy is disabled
04-25 10:31:11.573 D/RILJ    ( 1670): InCall VoicePrivacy is disabled
04-25 10:31:11.573 D/RILJ    ( 1670): [1231]< GET_CURRENT_CALLS  [id=1,ACTIVE,toa=129,norm,mo,0,voc,noevp,,cli=1,,0] [id=2,WAITING,toa=161,norm,mt,0,voc,noevp,,cli=1,,0] 
04-25 10:31:11.573 D/GSM     ( 1670): [GSMConn] update: parent=ACTIVE, hasNewParent=false, wasConnectingInOrOut=false, wasHolding=false, isConnectingInOrOut=false, changed=false
04-25 10:31:11.573 D/GSM     ( 1670): [GSMConn] update: parent=WAITING, hasNewParent=false, wasConnectingInOrOut=true, wasHolding=false, isConnectingInOrOut=true, changed=false
04-25 10:31:11.613 D/RILC    ( 1552): [UNSL]< UNSOL_RESPONSE_CALL_STATE_CHANGED 
04-25 10:31:11.613 D/RILJ    ( 1670): [UNSL]< UNSOL_RESPONSE_CALL_STATE_CHANGED
04-25 10:31:11.613 D/RILJ    ( 1670): [1232]> GET_CURRENT_CALLS
04-25 10:31:11.623 D/RILC    ( 1552): [1232]> GET_CURRENT_CALLS 
04-25 10:31:11.623 D/RIL     ( 1552): onRequest: GET_CURRENT_CALLS
04-25 10:31:11.623 D/AT      ( 1552): AT> AT+CLCC
04-25 10:31:11.623 D/AT      ( 1552): AT< +CLCC: 1,0,0,0,0,"10086",129
04-25 10:31:11.623 D/AT      ( 1552): AT< +CLCC: 2,1,5,0,0,"13182827869",161
04-25 10:31:11.623 D/AT      ( 1552): AT< OK
04-25 10:31:11.623 D/RILC    ( 1552): [1232]< GET_CURRENT_CALLS {[id=1,ACTIVE,toa=129,norm,mo,als=0,voc,noevp,10086,cli=0,name='(null)',0][id=2,WAITING,toa=161,norm,mt,als=0,voc,noevp,13182827869,cli=0,name='(null)',0}
04-25 10:31:11.623 D/RILJ    ( 1670): InCall VoicePrivacy is disabled
04-25 10:31:11.623 D/RILJ    ( 1670): InCall VoicePrivacy is disabled
04-25 10:31:11.623 D/RILJ    ( 1670): [1232]< GET_CURRENT_CALLS  [id=1,ACTIVE,toa=129,norm,mo,0,voc,noevp,,cli=1,,0] [id=2,WAITING,toa=161,norm,mt,0,voc,noevp,,cli=1,,0] 
04-25 10:31:11.623 D/GSM     ( 1670): [GSMConn] update: parent=ACTIVE, hasNewParent=false, wasConnectingInOrOut=false, wasHolding=false, isConnectingInOrOut=false, changed=false
04-25 10:31:11.623 D/GSM     ( 1670): [GSMConn] update: parent=WAITING, hasNewParent=false, wasConnectingInOrOut=true, wasHolding=false, isConnectingInOrOut=true, changed=false
04-25 10:31:11.693 D/RILC    ( 1552): [UNSL]< UNSOL_RESPONSE_CALL_STATE_CHANGED 
04-25 10:31:11.693 D/RILJ    ( 1670): [UNSL]< UNSOL_RESPONSE_CALL_STATE_CHANGED
04-25 10:31:11.693 D/RILJ    ( 1670): [1233]> GET_CURRENT_CALLS
04-25 10:31:11.693 D/RILC    ( 1552): [1233]> GET_CURRENT_CALLS 
04-25 10:31:11.693 D/RIL     ( 1552): onRequest: GET_CURRENT_CALLS
04-25 10:31:11.693 D/AT      ( 1552): AT> AT+CLCC
04-25 10:31:11.693 D/AT      ( 1552): AT< +CLCC: 1,0,0,0,0,"10086",129
04-25 10:31:11.693 D/AT      ( 1552): AT< +CLCC: 2,1,5,0,0,"13182827869",161
04-25 10:31:11.693 D/AT      ( 1552): AT< OK
04-25 10:31:11.693 D/RILC    ( 1552): [1233]< GET_CURRENT_CALLS {[id=1,ACTIVE,toa=129,norm,mo,als=0,voc,noevp,10086,cli=0,name='(null)',0][id=2,WAITING,toa=161,norm,mt,als=0,voc,noevp,13182827869,cli=0,name='(null)',0}
04-25 10:31:11.703 D/RILJ    ( 1670): InCall VoicePrivacy is disabled
04-25 10:31:11.703 D/RILJ    ( 1670): InCall VoicePrivacy is disabled
04-25 10:31:11.703 D/RILJ    ( 1670): [1233]< GET_CURRENT_CALLS  [id=1,ACTIVE,toa=129,norm,mo,0,voc,noevp,,cli=1,,0] [id=2,WAITING,toa=161,norm,mt,0,voc,noevp,,cli=1,,0] 
04-25 10:31:11.703 D/GSM     ( 1670): [GSMConn] update: parent=ACTIVE, hasNewParent=false, wasConnectingInOrOut=false, wasHolding=false, isConnectingInOrOut=false, changed=false
04-25 10:31:11.703 D/GSM     ( 1670): [GSMConn] update: parent=WAITING, hasNewParent=false, wasConnectingInOrOut=true, wasHolding=false, isConnectingInOrOut=true, changed=false
04-25 10:31:11.713 D/RILC    ( 1552): [UNSL]< UNSOL_RESPONSE_CALL_STATE_CHANGED 
04-25 10:31:11.723 D/RILJ    ( 1670): [UNSL]< UNSOL_RESPONSE_CALL_STATE_CHANGED
04-25 10:31:11.723 D/RILJ    ( 1670): [1234]> GET_CURRENT_CALLS
04-25 10:31:11.723 D/RILC    ( 1552): [1234]> GET_CURRENT_CALLS 
04-25 10:31:11.723 D/RIL     ( 1552): onRequest: GET_CURRENT_CALLS
04-25 10:31:11.723 D/AT      ( 1552): AT> AT+CLCC
04-25 10:31:11.723 D/AT      ( 1552): AT< +CLCC: 1,0,0,0,0,"10086",129
04-25 10:31:11.723 D/AT      ( 1552): AT< +CLCC: 2,1,5,0,0,"13182827869",161
04-25 10:31:11.723 D/AT      ( 1552): AT< OK
04-25 10:31:11.723 D/RILC    ( 1552): [1234]< GET_CURRENT_CALLS {[id=1,ACTIVE,toa=129,norm,mo,als=0,voc,noevp,10086,cli=0,name='(null)',0][id=2,WAITING,toa=161,norm,mt,als=0,voc,noevp,13182827869,cli=0,name='(null)',0}
04-25 10:31:11.723 D/RILJ    ( 1670): InCall VoicePrivacy is disabled
04-25 10:31:11.723 D/RILJ    ( 1670): InCall VoicePrivacy is disabled
04-25 10:31:11.723 D/RILJ    ( 1670): [1234]< GET_CURRENT_CALLS  [id=1,ACTIVE,toa=129,norm,mo,0,voc,noevp,,cli=1,,0] [id=2,WAITING,toa=161,norm,mt,0,voc,noevp,,cli=1,,0] 
04-25 10:31:11.733 D/GSM     ( 1670): [GSMConn] update: parent=ACTIVE, hasNewParent=false, wasConnectingInOrOut=false, wasHolding=false, isConnectingInOrOut=false, changed=false
04-25 10:31:11.733 D/GSM     ( 1670): [GSMConn] update: parent=WAITING, hasNewParent=false, wasConnectingInOrOut=true, wasHolding=false, isConnectingInOrOut=true, changed=false
04-25 10:31:11.743 D/RILC    ( 1552): [UNSL]< UNSOL_RESPONSE_CALL_STATE_CHANGED 
04-25 10:31:11.743 D/RILJ    ( 1670): [UNSL]< UNSOL_RESPONSE_CALL_STATE_CHANGED
04-25 10:31:11.743 D/RILJ    ( 1670): [1235]> GET_CURRENT_CALLS
04-25 10:31:11.743 D/RILC    ( 1552): [1235]> GET_CURRENT_CALLS 
04-25 10:31:11.743 D/RIL     ( 1552): onRequest: GET_CURRENT_CALLS
04-25 10:31:11.743 D/AT      ( 1552): AT> AT+CLCC
04-25 10:31:11.753 D/AT      ( 1552): AT< +CLCC: 1,0,0,0,0,"10086",129
04-25 10:31:11.753 D/AT      ( 1552): AT< +CLCC: 2,1,5,0,0,"13182827869",161
04-25 10:31:11.753 D/AT      ( 1552): AT< OK
04-25 10:31:11.753 D/RILC    ( 1552): [1235]< GET_CURRENT_CALLS {[id=1,ACTIVE,toa=129,norm,mo,als=0,voc,noevp,10086,cli=0,name='(null)',0][id=2,WAITING,toa=161,norm,mt,als=0,voc,noevp,13182827869,cli=0,name='(null)',0}
04-25 10:31:11.753 D/RILJ    ( 1670): InCall VoicePrivacy is disabled
04-25 10:31:11.753 D/RILJ    ( 1670): InCall VoicePrivacy is disabled
04-25 10:31:11.753 D/RILJ    ( 1670): [1235]< GET_CURRENT_CALLS  [id=1,ACTIVE,toa=129,norm,mo,0,voc,noevp,,cli=1,,0] [id=2,WAITING,toa=161,norm,mt,0,voc,noevp,,cli=1,,0] 
04-25 10:31:11.753 D/GSM     ( 1670): [GSMConn] update: parent=ACTIVE, hasNewParent=false, wasConnectingInOrOut=false, wasHolding=false, isConnectingInOrOut=false, changed=false
04-25 10:31:11.753 D/GSM     ( 1670): [GSMConn] update: parent=WAITING, hasNewParent=false, wasConnectingInOrOut=true, wasHolding=false, isConnectingInOrOut=true, changed=false
04-25 10:31:11.763 D/RILC    ( 1552): [UNSL]< UNSOL_RESPONSE_CALL_STATE_CHANGED 
04-25 10:31:11.763 D/RILJ    ( 1670): [UNSL]< UNSOL_RESPONSE_CALL_STATE_CHANGED
04-25 10:31:11.783 D/RILC    ( 1552): [UNSL]< UNSOL_RESPONSE_CALL_STATE_CHANGED 
04-25 10:31:11.783 D/RILJ    ( 1670): [UNSL]< UNSOL_RESPONSE_CALL_STATE_CHANGED
04-25 10:31:11.783 D/RILJ    ( 1670): [1236]> GET_CURRENT_CALLS
04-25 10:31:11.783 D/RILC    ( 1552): [1236]> GET_CURRENT_CALLS 
04-25 10:31:11.783 D/RIL     ( 1552): onRequest: GET_CURRENT_CALLS
04-25 10:31:11.783 D/AT      ( 1552): AT> AT+CLCC
04-25 10:31:11.783 D/AT      ( 1552): AT< +CLCC: 1,0,0,0,0,"10086",129
04-25 10:31:11.783 D/AT      ( 1552): AT< +CLCC: 2,1,5,0,0,"13182827869",161
04-25 10:31:11.783 D/AT      ( 1552): AT< OK
04-25 10:31:11.793 D/RILC    ( 1552): [1236]< GET_CURRENT_CALLS {[id=1,ACTIVE,toa=129,norm,mo,als=0,voc,noevp,10086,cli=0,name='(null)',0][id=2,WAITING,toa=161,norm,mt,als=0,voc,noevp,13182827869,cli=0,name='(null)',0}
04-25 10:31:11.793 D/RILJ    ( 1670): InCall VoicePrivacy is disabled
04-25 10:31:11.793 D/RILJ    ( 1670): InCall VoicePrivacy is disabled
04-25 10:31:11.793 D/RILJ    ( 1670): [1236]< GET_CURRENT_CALLS  [id=1,ACTIVE,toa=129,norm,mo,0,voc,noevp,,cli=1,,0] [id=2,WAITING,toa=161,norm,mt,0,voc,noevp,,cli=1,,0] 
04-25 10:31:11.793 D/RILJ    ( 1670): [1237]> GET_CURRENT_CALLS
04-25 10:31:11.803 D/RILC    ( 1552): [1237]> GET_CURRENT_CALLS 
04-25 10:31:11.803 D/RIL     ( 1552): onRequest: GET_CURRENT_CALLS
04-25 10:31:11.803 D/AT      ( 1552): AT> AT+CLCC
04-25 10:31:11.803 D/AT      ( 1552): AT< +CLCC: 1,0,0,0,0,"10086",129
04-25 10:31:11.803 D/AT      ( 1552): AT< +CLCC: 2,1,5,0,0,"13182827869",161
04-25 10:31:11.803 D/AT      ( 1552): AT< OK
04-25 10:31:11.803 D/RILC    ( 1552): [1237]< GET_CURRENT_CALLS {[id=1,ACTIVE,toa=129,norm,mo,als=0,voc,noevp,10086,cli=0,name='(null)',0][id=2,WAITING,toa=161,norm,mt,als=0,voc,noevp,13182827869,cli=0,name='(null)',0}
04-25 10:31:11.803 D/RILJ    ( 1670): InCall VoicePrivacy is disabled
04-25 10:31:11.803 D/RILJ    ( 1670): InCall VoicePrivacy is disabled
04-25 10:31:11.803 D/RILJ    ( 1670): [1237]< GET_CURRENT_CALLS  [id=1,ACTIVE,toa=129,norm,mo,0,voc,noevp,,cli=1,,0] [id=2,WAITING,toa=161,norm,mt,0,voc,noevp,,cli=1,,0] 
04-25 10:31:11.803 D/GSM     ( 1670): [GSMConn] update: parent=ACTIVE, hasNewParent=false, wasConnectingInOrOut=false, wasHolding=false, isConnectingInOrOut=false, changed=false
04-25 10:31:11.803 D/GSM     ( 1670): [GSMConn] update: parent=WAITING, hasNewParent=false, wasConnectingInOrOut=true, wasHolding=false, isConnectingInOrOut=true, changed=false
04-25 10:31:11.853 D/RILC    ( 1552): [UNSL]< UNSOL_RESPONSE_CALL_STATE_CHANGED 
04-25 10:31:11.863 D/RILJ    ( 1670): [UNSL]< UNSOL_RESPONSE_CALL_STATE_CHANGED
04-25 10:31:11.863 D/RILJ    ( 1670): [1238]> GET_CURRENT_CALLS
04-25 10:31:11.863 D/RILC    ( 1552): [1238]> GET_CURRENT_CALLS 
04-25 10:31:11.863 D/RIL     ( 1552): onRequest: GET_CURRENT_CALLS
04-25 10:31:11.863 D/AT      ( 1552): AT> AT+CLCC
04-25 10:31:11.863 D/AT      ( 1552): AT< +CLCC: 1,0,0,0,0,"10086",129
04-25 10:31:11.863 D/AT      ( 1552): AT< +CLCC: 2,1,5,0,0,"13182827869",161
04-25 10:31:11.863 D/AT      ( 1552): AT< OK
04-25 10:31:11.863 D/RILC    ( 1552): [1238]< GET_CURRENT_CALLS {[id=1,ACTIVE,toa=129,norm,mo,als=0,voc,noevp,10086,cli=0,name='(null)',0][id=2,WAITING,toa=161,norm,mt,als=0,voc,noevp,13182827869,cli=0,name='(null)',0}
04-25 10:31:11.873 D/RILJ    ( 1670): InCall VoicePrivacy is disabled
04-25 10:31:11.873 D/RILJ    ( 1670): InCall VoicePrivacy is disabled
04-25 10:31:11.873 D/RILJ    ( 1670): [1238]< GET_CURRENT_CALLS  [id=1,ACTIVE,toa=129,norm,mo,0,voc,noevp,,cli=1,,0] [id=2,WAITING,toa=161,norm,mt,0,voc,noevp,,cli=1,,0] 
04-25 10:31:11.873 D/GSM     ( 1670): [GSMConn] update: parent=ACTIVE, hasNewParent=false, wasConnectingInOrOut=false, wasHolding=false, isConnectingInOrOut=false, changed=false
04-25 10:31:11.873 D/GSM     ( 1670): [GSMConn] update: parent=WAITING, hasNewParent=false, wasConnectingInOrOut=true, wasHolding=false, isConnectingInOrOut=true, changed=false
04-25 10:31:11.933 D/AT      ( 1552): AT< RING
04-25 10:31:11.933 D/RILC    ( 1552): [UNSL]< UNSOL_RESPONSE_CALL_STATE_CHANGED 
04-25 10:31:11.933 D/AT      ( 1552): AT< +CCWA: "13182827869",161,1,,0
04-25 10:31:11.933 D/RILC    ( 1552): [UNSL]< UNSOL_RESPONSE_CALL_STATE_CHANGED 
04-25 10:31:11.933 D/RILJ    ( 1670): [UNSL]< UNSOL_RESPONSE_CALL_STATE_CHANGED
04-25 10:31:11.933 D/RILJ    ( 1670): [UNSL]< UNSOL_RESPONSE_CALL_STATE_CHANGED
04-25 10:31:11.933 D/RILJ    ( 1670): [1239]> GET_CURRENT_CALLS
04-25 10:31:11.933 D/RILC    ( 1552): [1239]> GET_CURRENT_CALLS 
04-25 10:31:11.933 D/RIL     ( 1552): onRequest: GET_CURRENT_CALLS
04-25 10:31:11.933 D/AT      ( 1552): AT> AT+CLCC
04-25 10:31:11.933 D/AT      ( 1552): AT< +CLCC: 1,0,0,0,0,"10086",129
04-25 10:31:11.933 D/AT      ( 1552): AT< +CLCC: 2,1,5,0,0,"13182827869",161
04-25 10:31:11.933 D/AT      ( 1552): AT< OK
04-25 10:31:11.933 D/RILC    ( 1552): [1239]< GET_CURRENT_CALLS {[id=1,ACTIVE,toa=129,norm,mo,als=0,voc,noevp,10086,cli=0,name='(null)',0][id=2,WAITING,toa=161,norm,mt,als=0,voc,noevp,13182827869,cli=0,name='(null)',0}
04-25 10:31:11.943 D/RILJ    ( 1670): [1240]> GET_CURRENT_CALLS
04-25 10:31:11.943 D/RILJ    ( 1670): InCall VoicePrivacy is disabled
04-25 10:31:11.943 D/RILJ    ( 1670): InCall VoicePrivacy is disabled
04-25 10:31:11.943 D/RILJ    ( 1670): [1239]< GET_CURRENT_CALLS  [id=1,ACTIVE,toa=129,norm,mo,0,voc,noevp,,cli=1,,0] [id=2,WAITING,toa=161,norm,mt,0,voc,noevp,,cli=1,,0] 
04-25 10:31:11.943 D/RILC    ( 1552): [1240]> GET_CURRENT_CALLS 
04-25 10:31:11.943 D/RIL     ( 1552): onRequest: GET_CURRENT_CALLS
04-25 10:31:11.943 D/AT      ( 1552): AT> AT+CLCC
04-25 10:31:11.943 D/AT      ( 1552): AT< +CLCC: 1,0,0,0,0,"10086",129
04-25 10:31:11.943 D/AT      ( 1552): AT< +CLCC: 2,1,5,0,0,"13182827869",161
04-25 10:31:11.943 D/AT      ( 1552): AT< OK
04-25 10:31:11.943 D/RILC    ( 1552): [1240]< GET_CURRENT_CALLS {[id=1,ACTIVE,toa=129,norm,mo,als=0,voc,noevp,10086,cli=0,name='(null)',0][id=2,WAITING,toa=161,norm,mt,als=0,voc,noevp,13182827869,cli=0,name='(null)',0}
04-25 10:31:11.953 D/RILJ    ( 1670): InCall VoicePrivacy is disabled
04-25 10:31:11.953 D/RILJ    ( 1670): InCall VoicePrivacy is disabled
04-25 10:31:11.953 D/RILJ    ( 1670): [1240]< GET_CURRENT_CALLS  [id=1,ACTIVE,toa=129,norm,mo,0,voc,noevp,,cli=1,,0] [id=2,WAITING,toa=161,norm,mt,0,voc,noevp,,cli=1,,0] 
04-25 10:31:11.953 D/GSM     ( 1670): [GSMConn] update: parent=ACTIVE, hasNewParent=false, wasConnectingInOrOut=false, wasHolding=false, isConnectingInOrOut=false, changed=false
04-25 10:31:11.953 D/GSM     ( 1670): [GSMConn] update: parent=WAITING, hasNewParent=false, wasConnectingInOrOut=true, wasHolding=false, isConnectingInOrOut=true, changed=false
04-25 10:31:12.023 D/RILC    ( 1552): [UNSL]< UNSOL_RESPONSE_CALL_STATE_CHANGED 
04-25 10:31:12.023 D/RILJ    ( 1670): [UNSL]< UNSOL_RESPONSE_CALL_STATE_CHANGED
04-25 10:31:12.023 D/RILJ    ( 1670): [1241]> GET_CURRENT_CALLS
04-25 10:31:12.033 D/RILC    ( 1552): [1241]> GET_CURRENT_CALLS 
04-25 10:31:12.033 D/RIL     ( 1552): onRequest: GET_CURRENT_CALLS
04-25 10:31:12.033 D/AT      ( 1552): AT> AT+CLCC
04-25 10:31:12.033 D/AT      ( 1552): AT< +CLCC: 1,0,0,0,0,"10086",129
04-25 10:31:12.033 D/AT      ( 1552): AT< +CLCC: 2,1,5,0,0,"13182827869",161
04-25 10:31:12.033 D/AT      ( 1552): AT< OK
04-25 10:31:12.033 D/RILC    ( 1552): [1241]< GET_CURRENT_CALLS {[id=1,ACTIVE,toa=129,norm,mo,als=0,voc,noevp,10086,cli=0,name='(null)',0][id=2,WAITING,toa=161,norm,mt,als=0,voc,noevp,13182827869,cli=0,name='(null)',0}
04-25 10:31:12.033 D/RILJ    ( 1670): InCall VoicePrivacy is disabled
04-25 10:31:12.033 D/RILJ    ( 1670): InCall VoicePrivacy is disabled
04-25 10:31:12.033 D/RILJ    ( 1670): [1241]< GET_CURRENT_CALLS  [id=1,ACTIVE,toa=129,norm,mo,0,voc,noevp,,cli=1,,0] [id=2,WAITING,toa=161,norm,mt,0,voc,noevp,,cli=1,,0] 
04-25 10:31:12.033 D/GSM     ( 1670): [GSMConn] update: parent=ACTIVE, hasNewParent=false, wasConnectingInOrOut=false, wasHolding=false, isConnectingInOrOut=false, changed=false
04-25 10:31:12.033 D/GSM     ( 1670): [GSMConn] update: parent=WAITING, hasNewParent=false, wasConnectingInOrOut=true, wasHolding=false, isConnectingInOrOut=true, changed=false
04-25 10:31:12.073 D/RILC    ( 1552): [UNSL]< UNSOL_RESPONSE_CALL_STATE_CHANGED 
04-25 10:31:12.073 D/RILJ    ( 1670): [UNSL]< UNSOL_RESPONSE_CALL_STATE_CHANGED
04-25 10:31:12.073 D/RILJ    ( 1670): [1242]> GET_CURRENT_CALLS
04-25 10:31:12.073 D/RILC    ( 1552): [1242]> GET_CURRENT_CALLS 
04-25 10:31:12.073 D/RIL     ( 1552): onRequest: GET_CURRENT_CALLS
04-25 10:31:12.073 D/AT      ( 1552): AT> AT+CLCC
04-25 10:31:12.073 D/AT      ( 1552): AT< +CLCC: 1,0,0,0,0,"10086",129
04-25 10:31:12.073 D/AT      ( 1552): AT< +CLCC: 2,1,5,0,0,"13182827869",161
04-25 10:31:12.073 D/AT      ( 1552): AT< OK
04-25 10:31:12.083 D/RILC    ( 1552): [1242]< GET_CURRENT_CALLS {[id=1,ACTIVE,toa=129,norm,mo,als=0,voc,noevp,10086,cli=0,name='(null)',0][id=2,WAITING,toa=161,norm,mt,als=0,voc,noevp,13182827869,cli=0,name='(null)',0}
04-25 10:31:12.083 D/RILJ    ( 1670): InCall VoicePrivacy is disabled
04-25 10:31:12.083 D/RILJ    ( 1670): InCall VoicePrivacy is disabled
04-25 10:31:12.083 D/RILJ    ( 1670): [1242]< GET_CURRENT_CALLS  [id=1,ACTIVE,toa=129,norm,mo,0,voc,noevp,,cli=1,,0] [id=2,WAITING,toa=161,norm,mt,0,voc,noevp,,cli=1,,0] 
04-25 10:31:12.083 D/GSM     ( 1670): [GSMConn] update: parent=ACTIVE, hasNewParent=false, wasConnectingInOrOut=false, wasHolding=false, isConnectingInOrOut=false, changed=false
04-25 10:31:12.083 D/GSM     ( 1670): [GSMConn] update: parent=WAITING, hasNewParent=false, wasConnectingInOrOut=true, wasHolding=false, isConnectingInOrOut=true, changed=false
04-25 10:31:12.123 D/RILC    ( 1552): [UNSL]< UNSOL_RESPONSE_CALL_STATE_CHANGED 
04-25 10:31:12.123 D/RILJ    ( 1670): [UNSL]< UNSOL_RESPONSE_CALL_STATE_CHANGED
04-25 10:31:12.123 D/RILJ    ( 1670): [1243]> GET_CURRENT_CALLS
04-25 10:31:12.133 D/RILC    ( 1552): [1243]> GET_CURRENT_CALLS 
04-25 10:31:12.133 D/RIL     ( 1552): onRequest: GET_CURRENT_CALLS
04-25 10:31:12.133 D/AT      ( 1552): AT> AT+CLCC
04-25 10:31:12.133 D/AT      ( 1552): AT< +CLCC: 1,0,0,0,0,"10086",129
04-25 10:31:12.133 D/AT      ( 1552): AT< +CLCC: 2,1,5,0,0,"13182827869",161
04-25 10:31:12.133 D/AT      ( 1552): AT< OK
04-25 10:31:12.133 D/RILC    ( 1552): [1243]< GET_CURRENT_CALLS {[id=1,ACTIVE,toa=129,norm,mo,als=0,voc,noevp,10086,cli=0,name='(null)',0][id=2,WAITING,toa=161,norm,mt,als=0,voc,noevp,13182827869,cli=0,name='(null)',0}
04-25 10:31:12.133 D/RILJ    ( 1670): InCall VoicePrivacy is disabled
04-25 10:31:12.133 D/RILJ    ( 1670): InCall VoicePrivacy is disabled
04-25 10:31:12.133 D/RILJ    ( 1670): [1243]< GET_CURRENT_CALLS  [id=1,ACTIVE,toa=129,norm,mo,0,voc,noevp,,cli=1,,0] [id=2,WAITING,toa=161,norm,mt,0,voc,noevp,,cli=1,,0] 
04-25 10:31:12.133 D/GSM     ( 1670): [GSMConn] update: parent=ACTIVE, hasNewParent=false, wasConnectingInOrOut=false, wasHolding=false, isConnectingInOrOut=false, changed=false
04-25 10:31:12.133 D/GSM     ( 1670): [GSMConn] update: parent=WAITING, hasNewParent=false, wasConnectingInOrOut=true, wasHolding=false, isConnectingInOrOut=true, changed=false
04-25 10:31:12.193 D/RILC    ( 1552): [UNSL]< UNSOL_RESPONSE_CALL_STATE_CHANGED 
04-25 10:31:12.193 D/RILJ    ( 1670): [UNSL]< UNSOL_RESPONSE_CALL_STATE_CHANGED
04-25 10:31:12.193 D/RILJ    ( 1670): [1244]> GET_CURRENT_CALLS
04-25 10:31:12.203 D/RILC    ( 1552): [1244]> GET_CURRENT_CALLS 
04-25 10:31:12.203 D/RIL     ( 1552): onRequest: GET_CURRENT_CALLS
04-25 10:31:12.203 D/AT      ( 1552): AT> AT+CLCC
04-25 10:31:12.203 D/AT      ( 1552): AT< +CLCC: 1,0,0,0,0,"10086",129
04-25 10:31:12.213 D/AT      ( 1552): AT< +CLCC: 2,1,5,0,0,"13182827869",161
04-25 10:31:12.213 D/AT      ( 1552): AT< OK
04-25 10:31:12.213 D/RILC    ( 1552): [1244]< GET_CURRENT_CALLS {[id=1,ACTIVE,toa=129,norm,mo,als=0,voc,noevp,10086,cli=0,name='(null)',0][id=2,WAITING,toa=161,norm,mt,als=0,voc,noevp,13182827869,cli=0,name='(null)',0}
04-25 10:31:12.213 D/RILJ    ( 1670): InCall VoicePrivacy is disabled
04-25 10:31:12.213 D/RILJ    ( 1670): InCall VoicePrivacy is disabled
04-25 10:31:12.223 D/RILJ    ( 1670): [1244]< GET_CURRENT_CALLS  [id=1,ACTIVE,toa=129,norm,mo,0,voc,noevp,,cli=1,,0] [id=2,WAITING,toa=161,norm,mt,0,voc,noevp,,cli=1,,0] 
04-25 10:31:12.223 D/GSM     ( 1670): [GSMConn] update: parent=ACTIVE, hasNewParent=false, wasConnectingInOrOut=false, wasHolding=false, isConnectingInOrOut=false, changed=false
04-25 10:31:12.223 D/GSM     ( 1670): [GSMConn] update: parent=WAITING, hasNewParent=false, wasConnectingInOrOut=true, wasHolding=false, isConnectingInOrOut=true, changed=false
04-25 10:31:12.223 D/RILC    ( 1552): [UNSL]< UNSOL_RESPONSE_CALL_STATE_CHANGED 
04-25 10:31:12.223 D/RILJ    ( 1670): [UNSL]< UNSOL_RESPONSE_CALL_STATE_CHANGED
04-25 10:31:12.223 D/RILJ    ( 1670): [1245]> GET_CURRENT_CALLS
04-25 10:31:12.233 D/RILC    ( 1552): [1245]> GET_CURRENT_CALLS 
04-25 10:31:12.233 D/RIL     ( 1552): onRequest: GET_CURRENT_CALLS
04-25 10:31:12.233 D/AT      ( 1552): AT> AT+CLCC
04-25 10:31:12.233 D/AT      ( 1552): AT< +CLCC: 1,0,0,0,0,"10086",129
04-25 10:31:12.233 D/AT      ( 1552): AT< +CLCC: 2,1,5,0,0,"13182827869",161
04-25 10:31:12.233 D/AT      ( 1552): AT< OK
04-25 10:31:12.233 D/RILC    ( 1552): [1245]< GET_CURRENT_CALLS {[id=1,ACTIVE,toa=129,norm,mo,als=0,voc,noevp,10086,cli=0,name='(null)',0][id=2,WAITING,toa=161,norm,mt,als=0,voc,noevp,13182827869,cli=0,name='(null)',0}
04-25 10:31:12.233 D/RILJ    ( 1670): InCall VoicePrivacy is disabled
04-25 10:31:12.233 D/RILJ    ( 1670): InCall VoicePrivacy is disabled
04-25 10:31:12.233 D/RILJ    ( 1670): [1245]< GET_CURRENT_CALLS  [id=1,ACTIVE,toa=129,norm,mo,0,voc,noevp,,cli=1,,0] [id=2,WAITING,toa=161,norm,mt,0,voc,noevp,,cli=1,,0] 
04-25 10:31:12.243 D/GSM     ( 1670): [GSMConn] update: parent=ACTIVE, hasNewParent=false, wasConnectingInOrOut=false, wasHolding=false, isConnectingInOrOut=false, changed=false
04-25 10:31:12.243 D/GSM     ( 1670): [GSMConn] update: parent=WAITING, hasNewParent=false, wasConnectingInOrOut=true, wasHolding=false, isConnectingInOrOut=true, changed=false
04-25 10:31:12.253 D/RILC    ( 1552): [UNSL]< UNSOL_RESPONSE_CALL_STATE_CHANGED 
04-25 10:31:12.253 D/RILJ    ( 1670): [UNSL]< UNSOL_RESPONSE_CALL_STATE_CHANGED
04-25 10:31:12.253 D/RILJ    ( 1670): [1246]> GET_CURRENT_CALLS
04-25 10:31:12.253 D/RILC    ( 1552): [1246]> GET_CURRENT_CALLS 
04-25 10:31:12.253 D/RIL     ( 1552): onRequest: GET_CURRENT_CALLS
04-25 10:31:12.253 D/AT      ( 1552): AT> AT+CLCC
04-25 10:31:12.253 D/AT      ( 1552): AT< +CLCC: 1,0,0,0,0,"10086",129
04-25 10:31:12.253 D/AT      ( 1552): AT< +CLCC: 2,1,5,0,0,"13182827869",161
04-25 10:31:12.253 D/AT      ( 1552): AT< OK
04-25 10:31:12.253 D/RILC    ( 1552): [1246]< GET_CURRENT_CALLS {[id=1,ACTIVE,toa=129,norm,mo,als=0,voc,noevp,10086,cli=0,name='(null)',0][id=2,WAITING,toa=161,norm,mt,als=0,voc,noevp,13182827869,cli=0,name='(null)',0}
04-25 10:31:12.263 D/RILJ    ( 1670): InCall VoicePrivacy is disabled
04-25 10:31:12.263 D/RILJ    ( 1670): InCall VoicePrivacy is disabled
04-25 10:31:12.263 D/RILJ    ( 1670): [1246]< GET_CURRENT_CALLS  [id=1,ACTIVE,toa=129,norm,mo,0,voc,noevp,,cli=1,,0] [id=2,WAITING,toa=161,norm,mt,0,voc,noevp,,cli=1,,0] 
04-25 10:31:12.263 D/GSM     ( 1670): [GSMConn] update: parent=ACTIVE, hasNewParent=false, wasConnectingInOrOut=false, wasHolding=false, isConnectingInOrOut=false, changed=false
04-25 10:31:12.263 D/GSM     ( 1670): [GSMConn] update: parent=WAITING, hasNewParent=false, wasConnectingInOrOut=true, wasHolding=false, isConnectingInOrOut=true, changed=false
04-25 10:31:12.293 D/RILC    ( 1552): [UNSL]< UNSOL_RESPONSE_CALL_STATE_CHANGED 
04-25 10:31:12.293 D/RILJ    ( 1670): [UNSL]< UNSOL_RESPONSE_CALL_STATE_CHANGED
04-25 10:31:12.293 D/RILJ    ( 1670): [1247]> GET_CURRENT_CALLS
04-25 10:31:12.293 D/RILC    ( 1552): [1247]> GET_CURRENT_CALLS 
04-25 10:31:12.293 D/RIL     ( 1552): onRequest: GET_CURRENT_CALLS
04-25 10:31:12.293 D/AT      ( 1552): AT> AT+CLCC
04-25 10:31:12.293 D/AT      ( 1552): AT< +CLCC: 1,0,0,0,0,"10086",129
04-25 10:31:12.293 D/AT      ( 1552): AT< +CLCC: 2,1,5,0,0,"13182827869",161
04-25 10:31:12.293 D/AT      ( 1552): AT< OK
04-25 10:31:12.293 D/RILC    ( 1552): [1247]< GET_CURRENT_CALLS {[id=1,ACTIVE,toa=129,norm,mo,als=0,voc,noevp,10086,cli=0,name='(null)',0][id=2,WAITING,toa=161,norm,mt,als=0,voc,noevp,13182827869,cli=0,name='(null)',0}
04-25 10:31:12.293 D/RILJ    ( 1670): InCall VoicePrivacy is disabled
04-25 10:31:12.293 D/RILJ    ( 1670): InCall VoicePrivacy is disabled
04-25 10:31:12.303 D/RILJ    ( 1670): [1247]< GET_CURRENT_CALLS  [id=1,ACTIVE,toa=129,norm,mo,0,voc,noevp,,cli=1,,0] [id=2,WAITING,toa=161,norm,mt,0,voc,noevp,,cli=1,,0] 
04-25 10:31:12.303 D/GSM     ( 1670): [GSMConn] update: parent=ACTIVE, hasNewParent=false, wasConnectingInOrOut=false, wasHolding=false, isConnectingInOrOut=false, changed=false
04-25 10:31:12.303 D/GSM     ( 1670): [GSMConn] update: parent=WAITING, hasNewParent=false, wasConnectingInOrOut=true, wasHolding=false, isConnectingInOrOut=true, changed=false
04-25 10:31:12.303 D/RILC    ( 1552): [UNSL]< UNSOL_RESPONSE_CALL_STATE_CHANGED 
04-25 10:31:12.303 D/RILJ    ( 1670): [UNSL]< UNSOL_RESPONSE_CALL_STATE_CHANGED
04-25 10:31:12.303 D/RILJ    ( 1670): [1248]> GET_CURRENT_CALLS
04-25 10:31:12.313 D/RILC    ( 1552): [1248]> GET_CURRENT_CALLS 
04-25 10:31:12.313 D/RIL     ( 1552): onRequest: GET_CURRENT_CALLS
04-25 10:31:12.313 D/AT      ( 1552): AT> AT+CLCC
04-25 10:31:12.313 D/AT      ( 1552): AT< +CLCC: 1,0,0,0,0,"10086",129
04-25 10:31:12.313 D/AT      ( 1552): AT< +CLCC: 2,1,5,0,0,"13182827869",161
04-25 10:31:12.313 D/AT      ( 1552): AT< OK
04-25 10:31:12.313 D/RILC    ( 1552): [1248]< GET_CURRENT_CALLS {[id=1,ACTIVE,toa=129,norm,mo,als=0,voc,noevp,10086,cli=0,name='(null)',0][id=2,WAITING,toa=161,norm,mt,als=0,voc,noevp,13182827869,cli=0,name='(null)',0}
04-25 10:31:12.313 D/RILJ    ( 1670): InCall VoicePrivacy is disabled
04-25 10:31:12.313 D/RILJ    ( 1670): InCall VoicePrivacy is disabled
04-25 10:31:12.313 D/RILJ    ( 1670): [1248]< GET_CURRENT_CALLS  [id=1,ACTIVE,toa=129,norm,mo,0,voc,noevp,,cli=1,,0] [id=2,WAITING,toa=161,norm,mt,0,voc,noevp,,cli=1,,0] 
04-25 10:31:12.313 D/GSM     ( 1670): [GSMConn] update: parent=ACTIVE, hasNewParent=false, wasConnectingInOrOut=false, wasHolding=false, isConnectingInOrOut=false, changed=false
04-25 10:31:12.313 D/GSM     ( 1670): [GSMConn] update: parent=WAITING, hasNewParent=false, wasConnectingInOrOut=true, wasHolding=false, isConnectingInOrOut=true, changed=false
04-25 10:31:12.363 D/RILC    ( 1552): [UNSL]< UNSOL_RESPONSE_CALL_STATE_CHANGED 
04-25 10:31:12.363 D/RILJ    ( 1670): [UNSL]< UNSOL_RESPONSE_CALL_STATE_CHANGED
04-25 10:31:12.363 D/RILJ    ( 1670): [1249]> GET_CURRENT_CALLS
04-25 10:31:12.373 D/RILC    ( 1552): [1249]> GET_CURRENT_CALLS 
04-25 10:31:12.373 D/RIL     ( 1552): onRequest: GET_CURRENT_CALLS
04-25 10:31:12.373 D/AT      ( 1552): AT> AT+CLCC
04-25 10:31:12.373 D/AT      ( 1552): AT< +CLCC: 1,0,0,0,0,"10086",129
04-25 10:31:12.373 D/AT      ( 1552): AT< +CLCC: 2,1,5,0,0,"13182827869",161
04-25 10:31:12.373 D/AT      ( 1552): AT< OK
04-25 10:31:12.373 D/RILC    ( 1552): [1249]< GET_CURRENT_CALLS {[id=1,ACTIVE,toa=129,norm,mo,als=0,voc,noevp,10086,cli=0,name='(null)',0][id=2,WAITING,toa=161,norm,mt,als=0,voc,noevp,13182827869,cli=0,name='(null)',0}
04-25 10:31:12.373 D/RILJ    ( 1670): InCall VoicePrivacy is disabled
04-25 10:31:12.373 D/RILJ    ( 1670): InCall VoicePrivacy is disabled
04-25 10:31:12.373 D/RILJ    ( 1670): [1249]< GET_CURRENT_CALLS  [id=1,ACTIVE,toa=129,norm,mo,0,voc,noevp,,cli=1,,0] [id=2,WAITING,toa=161,norm,mt,0,voc,noevp,,cli=1,,0] 
04-25 10:31:12.373 D/GSM     ( 1670): [GSMConn] update: parent=ACTIVE, hasNewParent=false, wasConnectingInOrOut=false, wasHolding=false, isConnectingInOrOut=false, changed=false
04-25 10:31:12.373 D/GSM     ( 1670): [GSMConn] update: parent=WAITING, hasNewParent=false, wasConnectingInOrOut=true, wasHolding=false, isConnectingInOrOut=true, changed=false
04-25 10:31:12.433 D/RILC    ( 1552): [UNSL]< UNSOL_RESPONSE_CALL_STATE_CHANGED 
04-25 10:31:12.443 D/RILJ    ( 1670): [UNSL]< UNSOL_RESPONSE_CALL_STATE_CHANGED
04-25 10:31:12.443 D/RILJ    ( 1670): [1250]> GET_CURRENT_CALLS
04-25 10:31:12.443 D/RILC    ( 1552): [1250]> GET_CURRENT_CALLS 
04-25 10:31:12.443 D/RIL     ( 1552): onRequest: GET_CURRENT_CALLS
04-25 10:31:12.443 D/AT      ( 1552): AT> AT+CLCC
04-25 10:31:12.443 D/AT      ( 1552): AT< +CLCC: 1,0,0,0,0,"10086",129
04-25 10:31:12.443 D/AT      ( 1552): AT< +CLCC: 2,1,5,0,0,"13182827869",161
04-25 10:31:12.443 D/AT      ( 1552): AT< OK
04-25 10:31:12.443 D/RILC    ( 1552): [1250]< GET_CURRENT_CALLS {[id=1,ACTIVE,toa=129,norm,mo,als=0,voc,noevp,10086,cli=0,name='(null)',0][id=2,WAITING,toa=161,norm,mt,als=0,voc,noevp,13182827869,cli=0,name='(null)',0}
04-25 10:31:12.453 D/RILC    ( 1552): [UNSL]< UNSOL_RESPONSE_CALL_STATE_CHANGED 
04-25 10:31:12.453 D/RILJ    ( 1670): InCall VoicePrivacy is disabled
04-25 10:31:12.453 D/RILJ    ( 1670): InCall VoicePrivacy is disabled
04-25 10:31:12.453 D/RILJ    ( 1670): [1250]< GET_CURRENT_CALLS  [id=1,ACTIVE,toa=129,norm,mo,0,voc,noevp,,cli=1,,0] [id=2,WAITING,toa=161,norm,mt,0,voc,noevp,,cli=1,,0] 
04-25 10:31:12.453 D/GSM     ( 1670): [GSMConn] update: parent=ACTIVE, hasNewParent=false, wasConnectingInOrOut=false, wasHolding=false, isConnectingInOrOut=false, changed=false
04-25 10:31:12.453 D/GSM     ( 1670): [GSMConn] update: parent=WAITING, hasNewParent=false, wasConnectingInOrOut=true, wasHolding=false, isConnectingInOrOut=true, changed=false
04-25 10:31:12.453 D/RILJ    ( 1670): [UNSL]< UNSOL_RESPONSE_CALL_STATE_CHANGED
04-25 10:31:12.453 D/RILJ    ( 1670): [1251]> GET_CURRENT_CALLS
04-25 10:31:12.463 D/RILC    ( 1552): [1251]> GET_CURRENT_CALLS 
04-25 10:31:12.463 D/RIL     ( 1552): onRequest: GET_CURRENT_CALLS
04-25 10:31:12.463 D/AT      ( 1552): AT> AT+CLCC
04-25 10:31:12.463 D/AT      ( 1552): AT< +CLCC: 1,0,0,0,0,"10086",129
04-25 10:31:12.463 D/AT      ( 1552): AT< +CLCC: 2,1,5,0,0,"13182827869",161
04-25 10:31:12.463 D/AT      ( 1552): AT< OK
04-25 10:31:12.463 D/RILC    ( 1552): [1251]< GET_CURRENT_CALLS {[id=1,ACTIVE,toa=129,norm,mo,als=0,voc,noevp,10086,cli=0,name='(null)',0][id=2,WAITING,toa=161,norm,mt,als=0,voc,noevp,13182827869,cli=0,name='(null)',0}
04-25 10:31:12.463 D/RILJ    ( 1670): InCall VoicePrivacy is disabled
04-25 10:31:12.463 D/RILJ    ( 1670): InCall VoicePrivacy is disabled
04-25 10:31:12.463 D/RILJ    ( 1670): [1251]< GET_CURRENT_CALLS  [id=1,ACTIVE,toa=129,norm,mo,0,voc,noevp,,cli=1,,0] [id=2,WAITING,toa=161,norm,mt,0,voc,noevp,,cli=1,,0] 
04-25 10:31:12.463 D/GSM     ( 1670): [GSMConn] update: parent=ACTIVE, hasNewParent=false, wasConnectingInOrOut=false, wasHolding=false, isConnectingInOrOut=false, changed=false
04-25 10:31:12.463 D/GSM     ( 1670): [GSMConn] update: parent=WAITING, hasNewParent=false, wasConnectingInOrOut=true, wasHolding=false, isConnectingInOrOut=true, changed=false
04-25 10:31:12.533 D/RILC    ( 1552): [UNSL]< UNSOL_RESPONSE_CALL_STATE_CHANGED 
04-25 10:31:12.533 D/RILJ    ( 1670): [UNSL]< UNSOL_RESPONSE_CALL_STATE_CHANGED
04-25 10:31:12.533 D/RILJ    ( 1670): [1252]> GET_CURRENT_CALLS
04-25 10:31:12.533 D/RILC    ( 1552): [1252]> GET_CURRENT_CALLS 
04-25 10:31:12.533 D/RIL     ( 1552): onRequest: GET_CURRENT_CALLS
04-25 10:31:12.533 D/AT      ( 1552): AT> AT+CLCC
04-25 10:31:12.543 D/AT      ( 1552): AT< +CLCC: 1,0,0,0,0,"10086",129
04-25 10:31:12.543 D/AT      ( 1552): AT< +CLCC: 2,1,5,0,0,"13182827869",161
04-25 10:31:12.543 D/AT      ( 1552): AT< OK
04-25 10:31:12.543 D/RILC    ( 1552): [1252]< GET_CURRENT_CALLS {[id=1,ACTIVE,toa=129,norm,mo,als=0,voc,noevp,10086,cli=0,name='(null)',0][id=2,WAITING,toa=161,norm,mt,als=0,voc,noevp,13182827869,cli=0,name='(null)',0}
04-25 10:31:12.543 D/RILJ    ( 1670): InCall VoicePrivacy is disabled
04-25 10:31:12.543 D/RILJ    ( 1670): InCall VoicePrivacy is disabled
04-25 10:31:12.543 D/RILJ    ( 1670): [1252]< GET_CURRENT_CALLS  [id=1,ACTIVE,toa=129,norm,mo,0,voc,noevp,,cli=1,,0] [id=2,WAITING,toa=161,norm,mt,0,voc,noevp,,cli=1,,0] 
04-25 10:31:12.543 D/GSM     ( 1670): [GSMConn] update: parent=ACTIVE, hasNewParent=false, wasConnectingInOrOut=false, wasHolding=false, isConnectingInOrOut=false, changed=false
04-25 10:31:12.543 D/GSM     ( 1670): [GSMConn] update: parent=WAITING, hasNewParent=false, wasConnectingInOrOut=true, wasHolding=false, isConnectingInOrOut=true, changed=false
04-25 10:31:12.583 D/RILC    ( 1552): [UNSL]< UNSOL_RESPONSE_CALL_STATE_CHANGED 
04-25 10:31:12.583 D/RILJ    ( 1670): [UNSL]< UNSOL_RESPONSE_CALL_STATE_CHANGED
04-25 10:31:12.583 D/RILJ    ( 1670): [1253]> GET_CURRENT_CALLS
04-25 10:31:12.583 D/RILC    ( 1552): [1253]> GET_CURRENT_CALLS 
04-25 10:31:12.583 D/RIL     ( 1552): onRequest: GET_CURRENT_CALLS
04-25 10:31:12.583 D/AT      ( 1552): AT> AT+CLCC
04-25 10:31:12.583 D/AT      ( 1552): AT< +CLCC: 1,0,0,0,0,"10086",129
04-25 10:31:12.583 D/AT      ( 1552): AT< +CLCC: 2,1,5,0,0,"13182827869",161
04-25 10:31:12.583 D/AT      ( 1552): AT< OK
04-25 10:31:12.583 D/RILC    ( 1552): [1253]< GET_CURRENT_CALLS {[id=1,ACTIVE,toa=129,norm,mo,als=0,voc,noevp,10086,cli=0,name='(null)',0][id=2,WAITING,toa=161,norm,mt,als=0,voc,noevp,13182827869,cli=0,name='(null)',0}
04-25 10:31:12.593 D/RILJ    ( 1670): InCall VoicePrivacy is disabled
04-25 10:31:12.593 D/RILJ    ( 1670): InCall VoicePrivacy is disabled
04-25 10:31:12.593 D/RILJ    ( 1670): [1253]< GET_CURRENT_CALLS  [id=1,ACTIVE,toa=129,norm,mo,0,voc,noevp,,cli=1,,0] [id=2,WAITING,toa=161,norm,mt,0,voc,noevp,,cli=1,,0] 
04-25 10:31:12.593 D/GSM     ( 1670): [GSMConn] update: parent=ACTIVE, hasNewParent=false, wasConnectingInOrOut=false, wasHolding=false, isConnectingInOrOut=false, changed=false
04-25 10:31:12.593 D/GSM     ( 1670): [GSMConn] update: parent=WAITING, hasNewParent=false, wasConnectingInOrOut=true, wasHolding=false, isConnectingInOrOut=true, changed=false
04-25 10:31:12.633 D/RILC    ( 1552): [UNSL]< UNSOL_RESPONSE_CALL_STATE_CHANGED 
04-25 10:31:12.633 D/RILJ    ( 1670): [UNSL]< UNSOL_RESPONSE_CALL_STATE_CHANGED
04-25 10:31:12.633 D/RILJ    ( 1670): [1254]> GET_CURRENT_CALLS
04-25 10:31:12.633 D/RILC    ( 1552): [1254]> GET_CURRENT_CALLS 
04-25 10:31:12.633 D/RIL     ( 1552): onRequest: GET_CURRENT_CALLS
04-25 10:31:12.633 D/AT      ( 1552): AT> AT+CLCC
04-25 10:31:12.643 D/AT      ( 1552): AT< +CLCC: 1,0,0,0,0,"10086",129
04-25 10:31:12.643 D/AT      ( 1552): AT< +CLCC: 2,1,5,0,0,"13182827869",161
04-25 10:31:12.643 D/AT      ( 1552): AT< OK
04-25 10:31:12.643 D/RILC    ( 1552): [1254]< GET_CURRENT_CALLS {[id=1,ACTIVE,toa=129,norm,mo,als=0,voc,noevp,10086,cli=0,name='(null)',0][id=2,WAITING,toa=161,norm,mt,als=0,voc,noevp,13182827869,cli=0,name='(null)',0}
04-25 10:31:12.643 D/RILJ    ( 1670): InCall VoicePrivacy is disabled
04-25 10:31:12.643 D/RILJ    ( 1670): InCall VoicePrivacy is disabled
04-25 10:31:12.643 D/RILJ    ( 1670): [1254]< GET_CURRENT_CALLS  [id=1,ACTIVE,toa=129,norm,mo,0,voc,noevp,,cli=1,,0] [id=2,WAITING,toa=161,norm,mt,0,voc,noevp,,cli=1,,0] 
04-25 10:31:12.643 D/GSM     ( 1670): [GSMConn] update: parent=ACTIVE, hasNewParent=false, wasConnectingInOrOut=false, wasHolding=false, isConnectingInOrOut=false, changed=false
04-25 10:31:12.643 D/GSM     ( 1670): [GSMConn] update: parent=WAITING, hasNewParent=false, wasConnectingInOrOut=true, wasHolding=false, isConnectingInOrOut=true, changed=false
04-25 10:31:12.713 D/RILC    ( 1552): [UNSL]< UNSOL_RESPONSE_CALL_STATE_CHANGED 
04-25 10:31:12.713 D/RILJ    ( 1670): [UNSL]< UNSOL_RESPONSE_CALL_STATE_CHANGED
04-25 10:31:12.713 D/RILJ    ( 1670): [1255]> GET_CURRENT_CALLS
04-25 10:31:12.713 D/RILC    ( 1552): [1255]> GET_CURRENT_CALLS 
04-25 10:31:12.713 D/RIL     ( 1552): onRequest: GET_CURRENT_CALLS
04-25 10:31:12.713 D/AT      ( 1552): AT> AT+CLCC
04-25 10:31:12.713 D/AT      ( 1552): AT< +CLCC: 1,0,0,0,0,"10086",129
04-25 10:31:12.713 D/AT      ( 1552): AT< +CLCC: 2,1,5,0,0,"13182827869",161
04-25 10:31:12.713 D/AT      ( 1552): AT< OK
04-25 10:31:12.713 D/RILC    ( 1552): [1255]< GET_CURRENT_CALLS {[id=1,ACTIVE,toa=129,norm,mo,als=0,voc,noevp,10086,cli=0,name='(null)',0][id=2,WAITING,toa=161,norm,mt,als=0,voc,noevp,13182827869,cli=0,name='(null)',0}
04-25 10:31:12.713 D/RILJ    ( 1670): InCall VoicePrivacy is disabled
04-25 10:31:12.723 D/RILJ    ( 1670): InCall VoicePrivacy is disabled
04-25 10:31:12.723 D/RILJ    ( 1670): [1255]< GET_CURRENT_CALLS  [id=1,ACTIVE,toa=129,norm,mo,0,voc,noevp,,cli=1,,0] [id=2,WAITING,toa=161,norm,mt,0,voc,noevp,,cli=1,,0] 
04-25 10:31:12.723 D/GSM     ( 1670): [GSMConn] update: parent=ACTIVE, hasNewParent=false, wasConnectingInOrOut=false, wasHolding=false, isConnectingInOrOut=false, changed=false
04-25 10:31:12.723 D/GSM     ( 1670): [GSMConn] update: parent=WAITING, hasNewParent=false, wasConnectingInOrOut=true, wasHolding=false, isConnectingInOrOut=true, changed=false
04-25 10:31:12.733 D/RILC    ( 1552): [UNSL]< UNSOL_RESPONSE_CALL_STATE_CHANGED 
04-25 10:31:12.733 D/RILJ    ( 1670): [UNSL]< UNSOL_RESPONSE_CALL_STATE_CHANGED
04-25 10:31:12.733 D/RILJ    ( 1670): [1256]> GET_CURRENT_CALLS
04-25 10:31:12.733 D/RILC    ( 1552): [1256]> GET_CURRENT_CALLS 
04-25 10:31:12.733 D/RIL     ( 1552): onRequest: GET_CURRENT_CALLS
04-25 10:31:12.733 D/AT      ( 1552): AT> AT+CLCC
04-25 10:31:12.743 D/AT      ( 1552): AT< +CLCC: 1,0,0,0,0,"10086",129
04-25 10:31:12.743 D/AT      ( 1552): AT< +CLCC: 2,1,5,0,0,"13182827869",161
04-25 10:31:12.743 D/AT      ( 1552): AT< OK
04-25 10:31:12.743 D/RILC    ( 1552): [1256]< GET_CURRENT_CALLS {[id=1,ACTIVE,toa=129,norm,mo,als=0,voc,noevp,10086,cli=0,name='(null)',0][id=2,WAITING,toa=161,norm,mt,als=0,voc,noevp,13182827869,cli=0,name='(null)',0}
04-25 10:31:12.743 D/RILJ    ( 1670): InCall VoicePrivacy is disabled
04-25 10:31:12.743 D/RILJ    ( 1670): InCall VoicePrivacy is disabled
04-25 10:31:12.743 D/RILJ    ( 1670): [1256]< GET_CURRENT_CALLS  [id=1,ACTIVE,toa=129,norm,mo,0,voc,noevp,,cli=1,,0] [id=2,WAITING,toa=161,norm,mt,0,voc,noevp,,cli=1,,0] 
04-25 10:31:12.743 D/GSM     ( 1670): [GSMConn] update: parent=ACTIVE, hasNewParent=false, wasConnectingInOrOut=false, wasHolding=false, isConnectingInOrOut=false, changed=false
04-25 10:31:12.743 D/GSM     ( 1670): [GSMConn] update: parent=WAITING, hasNewParent=false, wasConnectingInOrOut=true, wasHolding=false, isConnectingInOrOut=true, changed=false
04-25 10:31:12.753 D/RILC    ( 1552): [UNSL]< UNSOL_RESPONSE_CALL_STATE_CHANGED 
04-25 10:31:12.763 D/RILJ    ( 1670): [UNSL]< UNSOL_RESPONSE_CALL_STATE_CHANGED
04-25 10:31:12.763 D/RILJ    ( 1670): [1257]> GET_CURRENT_CALLS
04-25 10:31:12.763 D/RILC    ( 1552): [1257]> GET_CURRENT_CALLS 
04-25 10:31:12.763 D/RIL     ( 1552): onRequest: GET_CURRENT_CALLS
04-25 10:31:12.763 D/AT      ( 1552): AT> AT+CLCC
04-25 10:31:12.763 D/AT      ( 1552): AT< +CLCC: 1,0,0,0,0,"10086",129
04-25 10:31:12.763 D/AT      ( 1552): AT< +CLCC: 2,1,5,0,0,"13182827869",161
04-25 10:31:12.763 D/AT      ( 1552): AT< OK
04-25 10:31:12.763 D/RILC    ( 1552): [1257]< GET_CURRENT_CALLS {[id=1,ACTIVE,toa=129,norm,mo,als=0,voc,noevp,10086,cli=0,name='(null)',0][id=2,WAITING,toa=161,norm,mt,als=0,voc,noevp,13182827869,cli=0,name='(null)',0}
04-25 10:31:12.763 D/RILJ    ( 1670): InCall VoicePrivacy is disabled
04-25 10:31:12.763 D/RILJ    ( 1670): InCall VoicePrivacy is disabled
04-25 10:31:12.773 D/RILJ    ( 1670): [1257]< GET_CURRENT_CALLS  [id=1,ACTIVE,toa=129,norm,mo,0,voc,noevp,,cli=1,,0] [id=2,WAITING,toa=161,norm,mt,0,voc,noevp,,cli=1,,0] 
04-25 10:31:12.773 D/GSM     ( 1670): [GSMConn] update: parent=ACTIVE, hasNewParent=false, wasConnectingInOrOut=false, wasHolding=false, isConnectingInOrOut=false, changed=false
04-25 10:31:12.773 D/GSM     ( 1670): [GSMConn] update: parent=WAITING, hasNewParent=false, wasConnectingInOrOut=true, wasHolding=false, isConnectingInOrOut=true, changed=false
04-25 10:31:12.793 D/RILC    ( 1552): [UNSL]< UNSOL_RESPONSE_CALL_STATE_CHANGED 
04-25 10:31:12.793 D/RILJ    ( 1670): [UNSL]< UNSOL_RESPONSE_CALL_STATE_CHANGED
04-25 10:31:12.803 D/RILJ    ( 1670): [1258]> GET_CURRENT_CALLS
04-25 10:31:12.803 D/RILC    ( 1552): [1258]> GET_CURRENT_CALLS 
04-25 10:31:12.803 D/RIL     ( 1552): onRequest: GET_CURRENT_CALLS
04-25 10:31:12.803 D/AT      ( 1552): AT> AT+CLCC
04-25 10:31:12.803 D/AT      ( 1552): AT< +CLCC: 1,0,0,0,0,"10086",129
04-25 10:31:12.803 D/AT      ( 1552): AT< +CLCC: 2,1,5,0,0,"13182827869",161
04-25 10:31:12.803 D/AT      ( 1552): AT< OK
04-25 10:31:12.803 D/RILC    ( 1552): [1258]< GET_CURRENT_CALLS {[id=1,ACTIVE,toa=129,norm,mo,als=0,voc,noevp,10086,cli=0,name='(null)',0][id=2,WAITING,toa=161,norm,mt,als=0,voc,noevp,13182827869,cli=0,name='(null)',0}
04-25 10:31:12.803 D/RILJ    ( 1670): InCall VoicePrivacy is disabled
04-25 10:31:12.803 D/RILJ    ( 1670): InCall VoicePrivacy is disabled
04-25 10:31:12.803 D/RILJ    ( 1670): [1258]< GET_CURRENT_CALLS  [id=1,ACTIVE,toa=129,norm,mo,0,voc,noevp,,cli=1,,0] [id=2,WAITING,toa=161,norm,mt,0,voc,noevp,,cli=1,,0] 
04-25 10:31:12.803 D/GSM     ( 1670): [GSMConn] update: parent=ACTIVE, hasNewParent=false, wasConnectingInOrOut=false, wasHolding=false, isConnectingInOrOut=false, changed=false
04-25 10:31:12.813 D/GSM     ( 1670): [GSMConn] update: parent=WAITING, hasNewParent=false, wasConnectingInOrOut=true, wasHolding=false, isConnectingInOrOut=true, changed=false
04-25 10:31:12.813 D/RILC    ( 1552): [UNSL]< UNSOL_RESPONSE_CALL_STATE_CHANGED 
04-25 10:31:12.813 D/RILJ    ( 1670): [UNSL]< UNSOL_RESPONSE_CALL_STATE_CHANGED
04-25 10:31:12.813 D/RILJ    ( 1670): [1259]> GET_CURRENT_CALLS
04-25 10:31:12.813 D/RILC    ( 1552): [1259]> GET_CURRENT_CALLS 
04-25 10:31:12.813 D/RIL     ( 1552): onRequest: GET_CURRENT_CALLS
04-25 10:31:12.813 D/AT      ( 1552): AT> AT+CLCC
04-25 10:31:12.823 D/AT      ( 1552): AT< +CLCC: 1,0,0,0,0,"10086",129
04-25 10:31:12.823 D/AT      ( 1552): AT< +CLCC: 2,1,5,0,0,"13182827869",161
04-25 10:31:12.823 D/AT      ( 1552): AT< OK
04-25 10:31:12.823 D/RILC    ( 1552): [1259]< GET_CURRENT_CALLS {[id=1,ACTIVE,toa=129,norm,mo,als=0,voc,noevp,10086,cli=0,name='(null)',0][id=2,WAITING,toa=161,norm,mt,als=0,voc,noevp,13182827869,cli=0,name='(null)',0}
04-25 10:31:12.823 D/RILJ    ( 1670): InCall VoicePrivacy is disabled
04-25 10:31:12.823 D/RILJ    ( 1670): InCall VoicePrivacy is disabled
04-25 10:31:12.823 D/RILJ    ( 1670): [1259]< GET_CURRENT_CALLS  [id=1,ACTIVE,toa=129,norm,mo,0,voc,noevp,,cli=1,,0] [id=2,WAITING,toa=161,norm,mt,0,voc,noevp,,cli=1,,0] 
04-25 10:31:12.823 D/GSM     ( 1670): [GSMConn] update: parent=ACTIVE, hasNewParent=false, wasConnectingInOrOut=false, wasHolding=false, isConnectingInOrOut=false, changed=false
04-25 10:31:12.823 D/GSM     ( 1670): [GSMConn] update: parent=WAITING, hasNewParent=false, wasConnectingInOrOut=true, wasHolding=false, isConnectingInOrOut=true, changed=false
04-25 10:31:12.873 D/RILC    ( 1552): [UNSL]< UNSOL_RESPONSE_CALL_STATE_CHANGED 
04-25 10:31:12.873 D/RILJ    ( 1670): [UNSL]< UNSOL_RESPONSE_CALL_STATE_CHANGED
04-25 10:31:12.873 D/RILJ    ( 1670): [1260]> GET_CURRENT_CALLS
04-25 10:31:12.883 D/RILC    ( 1552): [1260]> GET_CURRENT_CALLS 
04-25 10:31:12.883 D/RIL     ( 1552): onRequest: GET_CURRENT_CALLS
04-25 10:31:12.883 D/AT      ( 1552): AT> AT+CLCC
04-25 10:31:12.883 D/AT      ( 1552): AT< +CLCC: 1,0,0,0,0,"10086",129
04-25 10:31:12.883 D/AT      ( 1552): AT< +CLCC: 2,1,5,0,0,"13182827869",161
04-25 10:31:12.883 D/AT      ( 1552): AT< OK
04-25 10:31:12.883 D/RILC    ( 1552): [1260]< GET_CURRENT_CALLS {[id=1,ACTIVE,toa=129,norm,mo,als=0,voc,noevp,10086,cli=0,name='(null)',0][id=2,WAITING,toa=161,norm,mt,als=0,voc,noevp,13182827869,cli=0,name='(null)',0}
04-25 10:31:12.883 D/RILJ    ( 1670): InCall VoicePrivacy is disabled
04-25 10:31:12.883 D/RILJ    ( 1670): InCall VoicePrivacy is disabled
04-25 10:31:12.883 D/RILJ    ( 1670): [1260]< GET_CURRENT_CALLS  [id=1,ACTIVE,toa=129,norm,mo,0,voc,noevp,,cli=1,,0] [id=2,WAITING,toa=161,norm,mt,0,voc,noevp,,cli=1,,0] 
04-25 10:31:12.883 D/GSM     ( 1670): [GSMConn] update: parent=ACTIVE, hasNewParent=false, wasConnectingInOrOut=false, wasHolding=false, isConnectingInOrOut=false, changed=false
04-25 10:31:12.883 D/GSM     ( 1670): [GSMConn] update: parent=WAITING, hasNewParent=false, wasConnectingInOrOut=true, wasHolding=false, isConnectingInOrOut=true, changed=false
04-25 10:31:12.943 D/RILC    ( 1552): [UNSL]< UNSOL_RESPONSE_CALL_STATE_CHANGED 
04-25 10:31:12.953 D/RILJ    ( 1670): [UNSL]< UNSOL_RESPONSE_CALL_STATE_CHANGED
04-25 10:31:12.953 D/RILJ    ( 1670): [1261]> GET_CURRENT_CALLS
04-25 10:31:12.953 D/RILC    ( 1552): [1261]> GET_CURRENT_CALLS 
04-25 10:31:12.953 D/RIL     ( 1552): onRequest: GET_CURRENT_CALLS
04-25 10:31:12.953 D/AT      ( 1552): AT> AT+CLCC
04-25 10:31:12.953 D/AT      ( 1552): AT< +CLCC: 1,0,0,0,0,"10086",129
04-25 10:31:12.953 D/AT      ( 1552): AT< +CLCC: 2,1,5,0,0,"13182827869",161
04-25 10:31:12.953 D/AT      ( 1552): AT< OK
04-25 10:31:12.953 D/RILC    ( 1552): [1261]< GET_CURRENT_CALLS {[id=1,ACTIVE,toa=129,norm,mo,als=0,voc,noevp,10086,cli=0,name='(null)',0][id=2,WAITING,toa=161,norm,mt,als=0,voc,noevp,13182827869,cli=0,name='(null)',0}
04-25 10:31:12.953 D/RILJ    ( 1670): InCall VoicePrivacy is disabled
04-25 10:31:12.953 D/RILJ    ( 1670): InCall VoicePrivacy is disabled
04-25 10:31:12.963 D/RILJ    ( 1670): [1261]< GET_CURRENT_CALLS  [id=1,ACTIVE,toa=129,norm,mo,0,voc,noevp,,cli=1,,0] [id=2,WAITING,toa=161,norm,mt,0,voc,noevp,,cli=1,,0] 
04-25 10:31:12.963 D/GSM     ( 1670): [GSMConn] update: parent=ACTIVE, hasNewParent=false, wasConnectingInOrOut=false, wasHolding=false, isConnectingInOrOut=false, changed=false
04-25 10:31:12.963 D/GSM     ( 1670): [GSMConn] update: parent=WAITING, hasNewParent=false, wasConnectingInOrOut=true, wasHolding=false, isConnectingInOrOut=true, changed=false
04-25 10:31:12.963 D/RILC    ( 1552): [UNSL]< UNSOL_RESPONSE_CALL_STATE_CHANGED 
04-25 10:31:12.963 D/RILJ    ( 1670): [UNSL]< UNSOL_RESPONSE_CALL_STATE_CHANGED
04-25 10:31:12.963 D/RILJ    ( 1670): [1262]> GET_CURRENT_CALLS
04-25 10:31:12.963 D/RILC    ( 1552): [1262]> GET_CURRENT_CALLS 
04-25 10:31:12.963 D/RIL     ( 1552): onRequest: GET_CURRENT_CALLS
04-25 10:31:12.963 D/AT      ( 1552): AT> AT+CLCC
04-25 10:31:12.973 D/AT      ( 1552): AT< +CLCC: 1,0,0,0,0,"10086",129
04-25 10:31:12.973 D/AT      ( 1552): AT< +CLCC: 2,1,5,0,0,"13182827869",161
04-25 10:31:12.973 D/AT      ( 1552): AT< OK
