04-25 10:33:13.413 D/GSM     ( 1670): [GSMConn] update: parent=ACTIVE, hasNewParent=false, wasConnectingInOrOut=false, wasHolding=false, isConnectingInOrOut=false, changed=false
04-25 10:33:13.413 D/GSM     ( 1670): [GSMConn] update: parent=WAITING, hasNewParent=false, wasConnectingInOrOut=true, wasHolding=false, isConnectingInOrOut=true, changed=false
04-25 10:33:13.833 D/RILC    ( 1552): [UNSL]< UNSOL_RESPONSE_CALL_STATE_CHANGED 
04-25 10:33:13.833 D/RILJ    ( 1670): [UNSL]< UNSOL_RESPONSE_CALL_STATE_CHANGED
04-25 10:33:13.843 D/RILJ    ( 1670): [1322]> GET_CURRENT_CALLS
04-25 10:33:13.863 D/RILC    ( 1552): [1322]> GET_CURRENT_CALLS 
04-25 10:33:13.863 D/RIL     ( 1552): onRequest: GET_CURRENT_CALLS
04-25 10:33:13.863 D/AT      ( 1552): AT> AT+CLCC
04-25 10:33:13.863 D/AT      ( 1552): AT< +CLCC: 1,0,0,0,0,"10086",129
04-25 10:33:13.863 D/AT      ( 1552): AT< +CLCC: 2,1,5,0,0,"13182827869",161
04-25 10:33:13.863 D/AT      ( 1552): AT< OK
04-25 10:33:13.863 D/RILC    ( 1552): [1322]< GET_CURRENT_CALLS {[id=1,ACTIVE,toa=129,norm,mo,als=0,voc,noevp,10086,cli=0,name='(null)',0][id=2,WAITING,toa=161,norm,mt,als=0,voc,noevp,13182827869,cli=0,name='(null)',0}
04-25 10:33:13.863 D/RILJ    ( 1670): InCall VoicePrivacy is disabled
04-25 10:33:13.873 D/RILJ    ( 1670): InCall VoicePrivacy is disabled
04-25 10:33:13.873 D/RILJ    ( 1670): [1322]< GET_CURRENT_CALLS  [id=1,ACTIVE,toa=129,norm,mo,0,voc,noevp,,cli=1,,0] [id=2,WAITING,toa=161,norm,mt,0,voc,noevp,,cli=1,,0] 
04-25 10:33:13.883 D/GSM     ( 1670): [GSMConn] update: parent=ACTIVE, hasNewParent=false, wasConnectingInOrOut=false, wasHolding=false, isConnectingInOrOut=false, changed=false
04-25 10:33:13.883 D/GSM     ( 1670): [GSMConn] update: parent=WAITING, hasNewParent=false, wasConnectingInOrOut=true, wasHolding=false, isConnectingInOrOut=true, changed=false
04-25 10:33:13.883 D/RILC    ( 1552): [UNSL]< UNSOL_RESPONSE_CALL_STATE_CHANGED 
04-25 10:33:13.913 D/RILJ    ( 1670): [UNSL]< UNSOL_RESPONSE_CALL_STATE_CHANGED
04-25 10:33:13.923 D/RILJ    ( 1670): [1323]> GET_CURRENT_CALLS
04-25 10:33:13.933 D/RILC    ( 1552): [1323]> GET_CURRENT_CALLS 
04-25 10:33:13.933 D/RIL     ( 1552): onRequest: GET_CURRENT_CALLS
04-25 10:33:13.933 D/AT      ( 1552): AT> AT+CLCC
04-25 10:33:13.944 D/AT      ( 1552): AT< +CLCC: 1,0,0,0,0,"10086",129
04-25 10:33:13.944 D/AT      ( 1552): AT< +CLCC: 2,1,5,0,0,"13182827869",161
04-25 10:33:13.944 D/AT      ( 1552): AT< OK
04-25 10:33:13.944 D/RILC    ( 1552): [1323]< GET_CURRENT_CALLS {[id=1,ACTIVE,toa=129,norm,mo,als=0,voc,noevp,10086,cli=0,name='(null)',0][id=2,WAITING,toa=161,norm,mt,als=0,voc,noevp,13182827869,cli=0,name='(null)',0}
04-25 10:33:13.944 D/RILJ    ( 1670): InCall VoicePrivacy is disabled
04-25 10:33:13.953 D/RILJ    ( 1670): InCall VoicePrivacy is disabled
04-25 10:33:13.953 D/RILJ    ( 1670): [1323]< GET_CURRENT_CALLS  [id=1,ACTIVE,toa=129,norm,mo,0,voc,noevp,,cli=1,,0] [id=2,WAITING,toa=161,norm,mt,0,voc,noevp,,cli=1,,0] 
04-25 10:33:13.973 D/GSM     ( 1670): [GSMConn] update: parent=ACTIVE, hasNewParent=false, wasConnectingInOrOut=false, wasHolding=false, isConnectingInOrOut=false, changed=false
04-25 10:33:13.973 D/GSM     ( 1670): [GSMConn] update: parent=WAITING, hasNewParent=false, wasConnectingInOrOut=true, wasHolding=false, isConnectingInOrOut=true, changed=false
04-25 10:33:14.371 D/RILC    ( 1552): [UNSL]< UNSOL_RESPONSE_CALL_STATE_CHANGED 
04-25 10:33:14.373 D/RILJ    ( 1670): [UNSL]< UNSOL_RESPONSE_CALL_STATE_CHANGED
04-25 10:33:14.373 D/RILJ    ( 1670): [1324]> GET_CURRENT_CALLS
04-25 10:33:14.383 D/RILC    ( 1552): [1324]> GET_CURRENT_CALLS 
04-25 10:33:14.383 D/RIL     ( 1552): onRequest: GET_CURRENT_CALLS
04-25 10:33:14.383 D/AT      ( 1552): AT> AT+CLCC
04-25 10:33:14.393 D/AT      ( 1552): AT< +CLCC: 1,0,0,0,0,"10086",129
04-25 10:33:14.393 D/AT      ( 1552): AT< +CLCC: 2,1,5,0,0,"13182827869",161
04-25 10:33:14.393 D/AT      ( 1552): AT< OK
04-25 10:33:14.393 D/RILC    ( 1552): [1324]< GET_CURRENT_CALLS {[id=1,ACTIVE,toa=129,norm,mo,als=0,voc,noevp,10086,cli=0,name='(null)',0][id=2,WAITING,toa=161,norm,mt,als=0,voc,noevp,13182827869,cli=0,name='(null)',0}
04-25 10:33:14.403 D/RILJ    ( 1670): InCall VoicePrivacy is disabled
04-25 10:33:14.403 D/RILJ    ( 1670): InCall VoicePrivacy is disabled
04-25 10:33:14.403 D/RILJ    ( 1670): [1324]< GET_CURRENT_CALLS  [id=1,ACTIVE,toa=129,norm,mo,0,voc,noevp,,cli=1,,0] [id=2,WAITING,toa=161,norm,mt,0,voc,noevp,,cli=1,,0] 
04-25 10:33:14.403 D/GSM     ( 1670): [GSMConn] update: parent=ACTIVE, hasNewParent=false, wasConnectingInOrOut=false, wasHolding=false, isConnectingInOrOut=false, changed=false
04-25 10:33:14.403 D/GSM     ( 1670): [GSMConn] update: parent=WAITING, hasNewParent=false, wasConnectingInOrOut=true, wasHolding=false, isConnectingInOrOut=true, changed=false
04-25 10:33:14.443 D/RILC    ( 1552): [UNSL]< UNSOL_RESPONSE_CALL_STATE_CHANGED 
04-25 10:33:14.443 D/RILJ    ( 1670): [UNSL]< UNSOL_RESPONSE_CALL_STATE_CHANGED
04-25 10:33:14.443 D/RILJ    ( 1670): [1325]> GET_CURRENT_CALLS
04-25 10:33:14.453 D/RILC    ( 1552): [1325]> GET_CURRENT_CALLS 
04-25 10:33:14.453 D/RIL     ( 1552): onRequest: GET_CURRENT_CALLS
04-25 10:33:14.453 D/AT      ( 1552): AT> AT+CLCC
04-25 10:33:14.463 D/AT      ( 1552): AT< +CLCC: 1,0,0,0,0,"10086",129
04-25 10:33:14.463 D/AT      ( 1552): AT< +CLCC: 2,1,5,0,0,"13182827869",161
04-25 10:33:14.463 D/AT      ( 1552): AT< OK
04-25 10:33:14.463 D/RILC    ( 1552): [1325]< GET_CURRENT_CALLS {[id=1,ACTIVE,toa=129,norm,mo,als=0,voc,noevp,10086,cli=0,name='(null)',0][id=2,WAITING,toa=161,norm,mt,als=0,voc,noevp,13182827869,cli=0,name='(null)',0}
04-25 10:33:14.463 D/RILJ    ( 1670): InCall VoicePrivacy is disabled
04-25 10:33:14.463 D/RILJ    ( 1670): InCall VoicePrivacy is disabled
04-25 10:33:14.473 D/RILJ    ( 1670): [1325]< GET_CURRENT_CALLS  [id=1,ACTIVE,toa=129,norm,mo,0,voc,noevp,,cli=1,,0] [id=2,WAITING,toa=161,norm,mt,0,voc,noevp,,cli=1,,0] 
04-25 10:33:14.473 D/GSM     ( 1670): [GSMConn] update: parent=ACTIVE, hasNewParent=false, wasConnectingInOrOut=false, wasHolding=false, isConnectingInOrOut=false, changed=false
04-25 10:33:14.473 D/GSM     ( 1670): [GSMConn] update: parent=WAITING, hasNewParent=false, wasConnectingInOrOut=true, wasHolding=false, isConnectingInOrOut=true, changed=false
04-25 10:33:14.913 D/RILC    ( 1552): [UNSL]< UNSOL_RESPONSE_CALL_STATE_CHANGED 
04-25 10:33:14.913 D/RILJ    ( 1670): [UNSL]< UNSOL_RESPONSE_CALL_STATE_CHANGED
04-25 10:33:14.913 D/RILJ    ( 1670): [1326]> GET_CURRENT_CALLS
04-25 10:33:14.933 D/RILC    ( 1552): [1326]> GET_CURRENT_CALLS 
04-25 10:33:14.933 D/RIL     ( 1552): onRequest: GET_CURRENT_CALLS
04-25 10:33:14.933 D/AT      ( 1552): AT> AT+CLCC
04-25 10:33:14.933 D/AT      ( 1552): AT< +CLCC: 1,0,0,0,0,"10086",129
04-25 10:33:14.933 D/AT      ( 1552): AT< +CLCC: 2,1,5,0,0,"13182827869",161
04-25 10:33:14.933 D/AT      ( 1552): AT< OK
04-25 10:33:14.933 D/RILC    ( 1552): [1326]< GET_CURRENT_CALLS {[id=1,ACTIVE,toa=129,norm,mo,als=0,voc,noevp,10086,cli=0,name='(null)',0][id=2,WAITING,toa=161,norm,mt,als=0,voc,noevp,13182827869,cli=0,name='(null)',0}
04-25 10:33:14.943 D/RILJ    ( 1670): InCall VoicePrivacy is disabled
04-25 10:33:14.943 D/RILJ    ( 1670): InCall VoicePrivacy is disabled
04-25 10:33:14.943 D/RILJ    ( 1670): [1326]< GET_CURRENT_CALLS  [id=1,ACTIVE,toa=129,norm,mo,0,voc,noevp,,cli=1,,0] [id=2,WAITING,toa=161,norm,mt,0,voc,noevp,,cli=1,,0] 
04-25 10:33:14.963 D/RILC    ( 1552): [UNSL]< UNSOL_RESPONSE_CALL_STATE_CHANGED 
04-25 10:33:14.973 D/GSM     ( 1670): [GSMConn] update: parent=ACTIVE, hasNewParent=false, wasConnectingInOrOut=false, wasHolding=false, isConnectingInOrOut=false, changed=false
04-25 10:33:14.973 D/GSM     ( 1670): [GSMConn] update: parent=WAITING, hasNewParent=false, wasConnectingInOrOut=true, wasHolding=false, isConnectingInOrOut=true, changed=false
04-25 10:33:14.983 D/RILJ    ( 1670): [UNSL]< UNSOL_RESPONSE_CALL_STATE_CHANGED
04-25 10:33:14.993 D/RILJ    ( 1670): [1327]> GET_CURRENT_CALLS
04-25 10:33:15.023 D/RILC    ( 1552): [1327]> GET_CURRENT_CALLS 
04-25 10:33:15.023 D/RIL     ( 1552): onRequest: GET_CURRENT_CALLS
04-25 10:33:15.023 D/AT      ( 1552): AT> AT+CLCC
04-25 10:33:15.023 D/AT      ( 1552): AT< +CLCC: 1,0,0,0,0,"10086",129
04-25 10:33:15.033 D/AT      ( 1552): AT< +CLCC: 2,1,5,0,0,"13182827869",161
04-25 10:33:15.033 D/AT      ( 1552): AT< OK
04-25 10:33:15.033 D/RILC    ( 1552): [1327]< GET_CURRENT_CALLS {[id=1,ACTIVE,toa=129,norm,mo,als=0,voc,noevp,10086,cli=0,name='(null)',0][id=2,WAITING,toa=161,norm,mt,als=0,voc,noevp,13182827869,cli=0,name='(null)',0}
04-25 10:33:15.033 D/RILJ    ( 1670): InCall VoicePrivacy is disabled
04-25 10:33:15.033 D/RILJ    ( 1670): InCall VoicePrivacy is disabled
04-25 10:33:15.033 D/RILJ    ( 1670): [1327]< GET_CURRENT_CALLS  [id=1,ACTIVE,toa=129,norm,mo,0,voc,noevp,,cli=1,,0] [id=2,WAITING,toa=161,norm,mt,0,voc,noevp,,cli=1,,0] 
04-25 10:33:15.053 D/GSM     ( 1670): [GSMConn] update: parent=ACTIVE, hasNewParent=false, wasConnectingInOrOut=false, wasHolding=false, isConnectingInOrOut=false, changed=false
04-25 10:33:15.053 D/GSM     ( 1670): [GSMConn] update: parent=WAITING, hasNewParent=false, wasConnectingInOrOut=true, wasHolding=false, isConnectingInOrOut=true, changed=false
04-25 10:33:15.473 D/RILC    ( 1552): [UNSL]< UNSOL_RESPONSE_CALL_STATE_CHANGED 
04-25 10:33:15.473 D/RILJ    ( 1670): [UNSL]< UNSOL_RESPONSE_CALL_STATE_CHANGED
04-25 10:33:15.473 D/RILJ    ( 1670): [1328]> GET_CURRENT_CALLS
04-25 10:33:15.493 D/RILC    ( 1552): [1328]> GET_CURRENT_CALLS 
04-25 10:33:15.493 D/RIL     ( 1552): onRequest: GET_CURRENT_CALLS
04-25 10:33:15.493 D/AT      ( 1552): AT> AT+CLCC
04-25 10:33:15.493 D/AT      ( 1552): AT< +CLCC: 1,0,0,0,0,"10086",129
04-25 10:33:15.493 D/AT      ( 1552): AT< +CLCC: 2,1,5,0,0,"13182827869",161
04-25 10:33:15.493 D/AT      ( 1552): AT< OK
04-25 10:33:15.493 D/RILC    ( 1552): [1328]< GET_CURRENT_CALLS {[id=1,ACTIVE,toa=129,norm,mo,als=0,voc,noevp,10086,cli=0,name='(null)',0][id=2,WAITING,toa=161,norm,mt,als=0,voc,noevp,13182827869,cli=0,name='(null)',0}
04-25 10:33:15.513 D/RILJ    ( 1670): InCall VoicePrivacy is disabled
04-25 10:33:15.513 D/RILJ    ( 1670): InCall VoicePrivacy is disabled
04-25 10:33:15.523 D/RILJ    ( 1670): [1328]< GET_CURRENT_CALLS  [id=1,ACTIVE,toa=129,norm,mo,0,voc,noevp,,cli=1,,0] [id=2,WAITING,toa=161,norm,mt,0,voc,noevp,,cli=1,,0] 
04-25 10:33:15.533 D/GSM     ( 1670): [GSMConn] update: parent=ACTIVE, hasNewParent=false, wasConnectingInOrOut=false, wasHolding=false, isConnectingInOrOut=false, changed=false
04-25 10:33:15.533 D/GSM     ( 1670): [GSMConn] update: parent=WAITING, hasNewParent=false, wasConnectingInOrOut=true, wasHolding=false, isConnectingInOrOut=true, changed=false
04-25 10:33:15.543 D/RILC    ( 1552): [UNSL]< UNSOL_RESPONSE_CALL_STATE_CHANGED 
04-25 10:33:15.553 D/RILJ    ( 1670): [UNSL]< UNSOL_RESPONSE_CALL_STATE_CHANGED
04-25 10:33:15.553 D/RILJ    ( 1670): [1329]> GET_CURRENT_CALLS
04-25 10:33:15.573 D/RILC    ( 1552): [1329]> GET_CURRENT_CALLS 
04-25 10:33:15.573 D/RIL     ( 1552): onRequest: GET_CURRENT_CALLS
04-25 10:33:15.573 D/AT      ( 1552): AT> AT+CLCC
04-25 10:33:15.583 D/AT      ( 1552): AT< +CLCC: 1,0,0,0,0,"10086",129
04-25 10:33:15.583 D/AT      ( 1552): AT< +CLCC: 2,1,5,0,0,"13182827869",161
04-25 10:33:15.583 D/AT      ( 1552): AT< OK
04-25 10:33:15.583 D/RILC    ( 1552): [1329]< GET_CURRENT_CALLS {[id=1,ACTIVE,toa=129,norm,mo,als=0,voc,noevp,10086,cli=0,name='(null)',0][id=2,WAITING,toa=161,norm,mt,als=0,voc,noevp,13182827869,cli=0,name='(null)',0}
04-25 10:33:15.583 D/RILJ    ( 1670): InCall VoicePrivacy is disabled
04-25 10:33:15.583 D/RILJ    ( 1670): InCall VoicePrivacy is disabled
04-25 10:33:15.603 D/RILJ    ( 1670): [1329]< GET_CURRENT_CALLS  [id=1,ACTIVE,toa=129,norm,mo,0,voc,noevp,,cli=1,,0] [id=2,WAITING,toa=161,norm,mt,0,voc,noevp,,cli=1,,0] 
04-25 10:33:15.603 D/GSM     ( 1670): [GSMConn] update: parent=ACTIVE, hasNewParent=false, wasConnectingInOrOut=false, wasHolding=false, isConnectingInOrOut=false, changed=false
04-25 10:33:15.603 D/GSM     ( 1670): [GSMConn] update: parent=WAITING, hasNewParent=false, wasConnectingInOrOut=true, wasHolding=false, isConnectingInOrOut=true, changed=false
04-25 10:33:15.993 D/RILC    ( 1552): [UNSL]< UNSOL_RESPONSE_CALL_STATE_CHANGED 
04-25 10:33:16.003 D/RILJ    ( 1670): [UNSL]< UNSOL_RESPONSE_CALL_STATE_CHANGED
04-25 10:33:16.003 D/RILJ    ( 1670): [1330]> GET_CURRENT_CALLS
04-25 10:33:16.023 D/RILC    ( 1552): [1330]> GET_CURRENT_CALLS 
04-25 10:33:16.023 D/RIL     ( 1552): onRequest: GET_CURRENT_CALLS
04-25 10:33:16.023 D/AT      ( 1552): AT> AT+CLCC
04-25 10:33:16.023 D/AT      ( 1552): AT< +CLCC: 1,0,0,0,0,"10086",129
04-25 10:33:16.023 D/AT      ( 1552): AT< +CLCC: 2,1,5,0,0,"13182827869",161
04-25 10:33:16.023 D/AT      ( 1552): AT< OK
04-25 10:33:16.023 D/RILC    ( 1552): [1330]< GET_CURRENT_CALLS {[id=1,ACTIVE,toa=129,norm,mo,als=0,voc,noevp,10086,cli=0,name='(null)',0][id=2,WAITING,toa=161,norm,mt,als=0,voc,noevp,13182827869,cli=0,name='(null)',0}
04-25 10:33:16.033 D/RILJ    ( 1670): InCall VoicePrivacy is disabled
04-25 10:33:16.033 D/RILJ    ( 1670): InCall VoicePrivacy is disabled
04-25 10:33:16.033 D/RILJ    ( 1670): [1330]< GET_CURRENT_CALLS  [id=1,ACTIVE,toa=129,norm,mo,0,voc,noevp,,cli=1,,0] [id=2,WAITING,toa=161,norm,mt,0,voc,noevp,,cli=1,,0] 
04-25 10:33:16.043 D/GSM     ( 1670): [GSMConn] update: parent=ACTIVE, hasNewParent=false, wasConnectingInOrOut=false, wasHolding=false, isConnectingInOrOut=false, changed=false
04-25 10:33:16.053 D/GSM     ( 1670): [GSMConn] update: parent=WAITING, hasNewParent=false, wasConnectingInOrOut=true, wasHolding=false, isConnectingInOrOut=true, changed=false
04-25 10:33:16.093 D/RILC    ( 1552): [UNSL]< UNSOL_RESPONSE_CALL_STATE_CHANGED 
04-25 10:33:16.093 D/RILJ    ( 1670): [UNSL]< UNSOL_RESPONSE_CALL_STATE_CHANGED
04-25 10:33:16.093 D/RILJ    ( 1670): [1331]> GET_CURRENT_CALLS
04-25 10:33:16.123 D/RILC    ( 1552): [1331]> GET_CURRENT_CALLS 
04-25 10:33:16.123 D/RIL     ( 1552): onRequest: GET_CURRENT_CALLS
04-25 10:33:16.123 D/AT      ( 1552): AT> AT+CLCC
04-25 10:33:16.123 D/AT      ( 1552): AT< +CLCC: 1,0,0,0,0,"10086",129
04-25 10:33:16.123 D/AT      ( 1552): AT< +CLCC: 2,1,5,0,0,"13182827869",161
04-25 10:33:16.123 D/AT      ( 1552): AT< OK
04-25 10:33:16.123 D/RILC    ( 1552): [1331]< GET_CURRENT_CALLS {[id=1,ACTIVE,toa=129,norm,mo,als=0,voc,noevp,10086,cli=0,name='(null)',0][id=2,WAITING,toa=161,norm,mt,als=0,voc,noevp,13182827869,cli=0,name='(null)',0}
04-25 10:33:16.133 D/RILJ    ( 1670): InCall VoicePrivacy is disabled
04-25 10:33:16.133 D/RILJ    ( 1670): InCall VoicePrivacy is disabled
04-25 10:33:16.153 D/RILJ    ( 1670): [1331]< GET_CURRENT_CALLS  [id=1,ACTIVE,toa=129,norm,mo,0,voc,noevp,,cli=1,,0] [id=2,WAITING,toa=161,norm,mt,0,voc,noevp,,cli=1,,0] 
04-25 10:33:16.153 D/GSM     ( 1670): [GSMConn] update: parent=ACTIVE, hasNewParent=false, wasConnectingInOrOut=false, wasHolding=false, isConnectingInOrOut=false, changed=false
04-25 10:33:16.153 D/GSM     ( 1670): [GSMConn] update: parent=WAITING, hasNewParent=false, wasConnectingInOrOut=true, wasHolding=false, isConnectingInOrOut=true, changed=false
04-25 10:33:16.543 D/RILC    ( 1552): [UNSL]< UNSOL_RESPONSE_CALL_STATE_CHANGED 
04-25 10:33:16.543 D/RILJ    ( 1670): [UNSL]< UNSOL_RESPONSE_CALL_STATE_CHANGED
04-25 10:33:16.543 D/RILJ    ( 1670): [1332]> GET_CURRENT_CALLS
04-25 10:33:16.563 D/RILC    ( 1552): [1332]> GET_CURRENT_CALLS 
04-25 10:33:16.563 D/RIL     ( 1552): onRequest: GET_CURRENT_CALLS
04-25 10:33:16.563 D/AT      ( 1552): AT> AT+CLCC
04-25 10:33:16.573 D/AT      ( 1552): AT< +CLCC: 1,0,0,0,0,"10086",129
04-25 10:33:16.573 D/AT      ( 1552): AT< +CLCC: 2,1,5,0,0,"13182827869",161
04-25 10:33:16.573 D/AT      ( 1552): AT< OK
04-25 10:33:16.573 D/RILC    ( 1552): [1332]< GET_CURRENT_CALLS {[id=1,ACTIVE,toa=129,norm,mo,als=0,voc,noevp,10086,cli=0,name='(null)',0][id=2,WAITING,toa=161,norm,mt,als=0,voc,noevp,13182827869,cli=0,name='(null)',0}
04-25 10:33:16.573 D/RILJ    ( 1670): InCall VoicePrivacy is disabled
04-25 10:33:16.573 D/RILJ    ( 1670): InCall VoicePrivacy is disabled
04-25 10:33:16.593 D/RILJ    ( 1670): [1332]< GET_CURRENT_CALLS  [id=1,ACTIVE,toa=129,norm,mo,0,voc,noevp,,cli=1,,0] [id=2,WAITING,toa=161,norm,mt,0,voc,noevp,,cli=1,,0] 
04-25 10:33:16.593 D/GSM     ( 1670): [GSMConn] update: parent=ACTIVE, hasNewParent=false, wasConnectingInOrOut=false, wasHolding=false, isConnectingInOrOut=false, changed=false
04-25 10:33:16.593 D/GSM     ( 1670): [GSMConn] update: parent=WAITING, hasNewParent=false, wasConnectingInOrOut=true, wasHolding=false, isConnectingInOrOut=true, changed=false
04-25 10:33:16.635 D/RILC    ( 1552): [UNSL]< UNSOL_RESPONSE_CALL_STATE_CHANGED 
04-25 10:33:16.643 D/RILJ    ( 1670): [UNSL]< UNSOL_RESPONSE_CALL_STATE_CHANGED
04-25 10:33:16.643 D/RILJ    ( 1670): [1333]> GET_CURRENT_CALLS
04-25 10:33:16.663 D/RILC    ( 1552): [1333]> GET_CURRENT_CALLS 
04-25 10:33:16.663 D/RIL     ( 1552): onRequest: GET_CURRENT_CALLS
04-25 10:33:16.663 D/AT      ( 1552): AT> AT+CLCC
04-25 10:33:16.673 D/AT      ( 1552): AT< +CLCC: 1,0,0,0,0,"10086",129
04-25 10:33:16.673 D/AT      ( 1552): AT< +CLCC: 2,1,5,0,0,"13182827869",161
04-25 10:33:16.673 D/AT      ( 1552): AT< OK
04-25 10:33:16.673 D/RILC    ( 1552): [1333]< GET_CURRENT_CALLS {[id=1,ACTIVE,toa=129,norm,mo,als=0,voc,noevp,10086,cli=0,name='(null)',0][id=2,WAITING,toa=161,norm,mt,als=0,voc,noevp,13182827869,cli=0,name='(null)',0}
04-25 10:33:16.673 D/RILJ    ( 1670): InCall VoicePrivacy is disabled
04-25 10:33:16.673 D/RILJ    ( 1670): InCall VoicePrivacy is disabled
04-25 10:33:16.673 D/RILJ    ( 1670): [1333]< GET_CURRENT_CALLS  [id=1,ACTIVE,toa=129,norm,mo,0,voc,noevp,,cli=1,,0] [id=2,WAITING,toa=161,norm,mt,0,voc,noevp,,cli=1,,0] 
04-25 10:33:16.693 D/GSM     ( 1670): [GSMConn] update: parent=ACTIVE, hasNewParent=false, wasConnectingInOrOut=false, wasHolding=false, isConnectingInOrOut=false, changed=false
04-25 10:33:16.693 D/GSM     ( 1670): [GSMConn] update: parent=WAITING, hasNewParent=false, wasConnectingInOrOut=true, wasHolding=false, isConnectingInOrOut=true, changed=false
04-25 10:33:17.077 D/RILC    ( 1552): [UNSL]< UNSOL_RESPONSE_CALL_STATE_CHANGED 
04-25 10:33:17.077 D/RILJ    ( 1670): [UNSL]< UNSOL_RESPONSE_CALL_STATE_CHANGED
04-25 10:33:17.083 D/RILJ    ( 1670): [1334]> GET_CURRENT_CALLS
04-25 10:33:17.093 D/RILC    ( 1552): [1334]> GET_CURRENT_CALLS 
04-25 10:33:17.093 D/RIL     ( 1552): onRequest: GET_CURRENT_CALLS
04-25 10:33:17.093 D/AT      ( 1552): AT> AT+CLCC
04-25 10:33:17.103 D/AT      ( 1552): AT< +CLCC: 1,0,0,0,0,"10086",129
04-25 10:33:17.103 D/AT      ( 1552): AT< +CLCC: 2,1,5,0,0,"13182827869",161
04-25 10:33:17.103 D/AT      ( 1552): AT< OK
04-25 10:33:17.103 D/RILC    ( 1552): [1334]< GET_CURRENT_CALLS {[id=1,ACTIVE,toa=129,norm,mo,als=0,voc,noevp,10086,cli=0,name='(null)',0][id=2,WAITING,toa=161,norm,mt,als=0,voc,noevp,13182827869,cli=0,name='(null)',0}
04-25 10:33:17.103 D/RILJ    ( 1670): InCall VoicePrivacy is disabled
04-25 10:33:17.123 D/RILJ    ( 1670): InCall VoicePrivacy is disabled
04-25 10:33:17.133 D/RILJ    ( 1670): [1334]< GET_CURRENT_CALLS  [id=1,ACTIVE,toa=129,norm,mo,0,voc,noevp,,cli=1,,0] [id=2,WAITING,toa=161,norm,mt,0,voc,noevp,,cli=1,,0] 
04-25 10:33:17.143 D/GSM     ( 1670): [GSMConn] update: parent=ACTIVE, hasNewParent=false, wasConnectingInOrOut=false, wasHolding=false, isConnectingInOrOut=false, changed=false
04-25 10:33:17.143 D/GSM     ( 1670): [GSMConn] update: parent=WAITING, hasNewParent=false, wasConnectingInOrOut=true, wasHolding=false, isConnectingInOrOut=true, changed=false
04-25 10:33:17.175 D/RILC    ( 1552): [UNSL]< UNSOL_RESPONSE_CALL_STATE_CHANGED 
04-25 10:33:17.183 D/RILJ    ( 1670): [UNSL]< UNSOL_RESPONSE_CALL_STATE_CHANGED
04-25 10:33:17.183 D/RILJ    ( 1670): [1335]> GET_CURRENT_CALLS
04-25 10:33:17.203 D/RILC    ( 1552): [1335]> GET_CURRENT_CALLS 
04-25 10:33:17.203 D/RIL     ( 1552): onRequest: GET_CURRENT_CALLS
04-25 10:33:17.203 D/AT      ( 1552): AT> AT+CLCC
04-25 10:33:17.203 D/AT      ( 1552): AT< +CLCC: 1,0,0,0,0,"10086",129
04-25 10:33:17.203 D/AT      ( 1552): AT< +CLCC: 2,1,5,0,0,"13182827869",161
04-25 10:33:17.203 D/AT      ( 1552): AT< OK
04-25 10:33:17.203 D/RILC    ( 1552): [1335]< GET_CURRENT_CALLS {[id=1,ACTIVE,toa=129,norm,mo,als=0,voc,noevp,10086,cli=0,name='(null)',0][id=2,WAITING,toa=161,norm,mt,als=0,voc,noevp,13182827869,cli=0,name='(null)',0}
04-25 10:33:17.203 D/RILJ    ( 1670): InCall VoicePrivacy is disabled
04-25 10:33:17.203 D/RILJ    ( 1670): InCall VoicePrivacy is disabled
04-25 10:33:17.203 D/RILJ    ( 1670): [1335]< GET_CURRENT_CALLS  [id=1,ACTIVE,toa=129,norm,mo,0,voc,noevp,,cli=1,,0] [id=2,WAITING,toa=161,norm,mt,0,voc,noevp,,cli=1,,0] 
04-25 10:33:17.213 D/GSM     ( 1670): [GSMConn] update: parent=ACTIVE, hasNewParent=false, wasConnectingInOrOut=false, wasHolding=false, isConnectingInOrOut=false, changed=false
04-25 10:33:17.213 D/GSM     ( 1670): [GSMConn] update: parent=WAITING, hasNewParent=false, wasConnectingInOrOut=true, wasHolding=false, isConnectingInOrOut=true, changed=false
04-25 10:33:17.263 D/AT      ( 1552): AT< RING
04-25 10:33:17.263 D/RILC    ( 1552): [UNSL]< UNSOL_RESPONSE_CALL_STATE_CHANGED 
04-25 10:33:17.263 D/AT      ( 1552): AT< +CCWA: "13182827869",161,1,,0
04-25 10:33:17.263 D/RILC    ( 1552): [UNSL]< UNSOL_RESPONSE_CALL_STATE_CHANGED 
04-25 10:33:17.263 D/RILJ    ( 1670): [UNSL]< UNSOL_RESPONSE_CALL_STATE_CHANGED
04-25 10:33:17.263 D/RILJ    ( 1670): [1336]> GET_CURRENT_CALLS
04-25 10:33:17.273 D/RILC    ( 1552): [1336]> GET_CURRENT_CALLS 
04-25 10:33:17.273 D/RIL     ( 1552): onRequest: GET_CURRENT_CALLS
04-25 10:33:17.273 D/AT      ( 1552): AT> AT+CLCC
04-25 10:33:17.273 D/AT      ( 1552): AT< +CLCC: 1,0,0,0,0,"10086",129
04-25 10:33:17.273 D/AT      ( 1552): AT< +CLCC: 2,1,5,0,0,"13182827869",161
04-25 10:33:17.273 D/AT      ( 1552): AT< OK
04-25 10:33:17.273 D/RILC    ( 1552): [1336]< GET_CURRENT_CALLS {[id=1,ACTIVE,toa=129,norm,mo,als=0,voc,noevp,10086,cli=0,name='(null)',0][id=2,WAITING,toa=161,norm,mt,als=0,voc,noevp,13182827869,cli=0,name='(null)',0}
04-25 10:33:17.273 D/RILJ    ( 1670): [UNSL]< UNSOL_RESPONSE_CALL_STATE_CHANGED
04-25 10:33:17.283 D/RILJ    ( 1670): [1337]> GET_CURRENT_CALLS
04-25 10:33:17.283 D/RILC    ( 1552): [1337]> GET_CURRENT_CALLS 
04-25 10:33:17.283 D/RIL     ( 1552): onRequest: GET_CURRENT_CALLS
04-25 10:33:17.283 D/AT      ( 1552): AT> AT+CLCC
04-25 10:33:17.293 D/AT      ( 1552): AT< +CLCC: 1,0,0,0,0,"10086",129
04-25 10:33:17.293 D/AT      ( 1552): AT< +CLCC: 2,1,5,0,0,"13182827869",161
04-25 10:33:17.293 D/AT      ( 1552): AT< OK
04-25 10:33:17.293 D/RILC    ( 1552): [1337]< GET_CURRENT_CALLS {[id=1,ACTIVE,toa=129,norm,mo,als=0,voc,noevp,10086,cli=0,name='(null)',0][id=2,WAITING,toa=161,norm,mt,als=0,voc,noevp,13182827869,cli=0,name='(null)',0}
04-25 10:33:17.293 D/RILJ    ( 1670): InCall VoicePrivacy is disabled
04-25 10:33:17.293 D/RILJ    ( 1670): InCall VoicePrivacy is disabled
04-25 10:33:17.293 D/RILJ    ( 1670): [1336]< GET_CURRENT_CALLS  [id=1,ACTIVE,toa=129,norm,mo,0,voc,noevp,,cli=1,,0] [id=2,WAITING,toa=161,norm,mt,0,voc,noevp,,cli=1,,0] 
04-25 10:33:17.293 D/RILJ    ( 1670): InCall VoicePrivacy is disabled
04-25 10:33:17.303 D/RILJ    ( 1670): InCall VoicePrivacy is disabled
04-25 10:33:17.303 D/RILJ    ( 1670): [1337]< GET_CURRENT_CALLS  [id=1,ACTIVE,toa=129,norm,mo,0,voc,noevp,,cli=1,,0] [id=2,WAITING,toa=161,norm,mt,0,voc,noevp,,cli=1,,0] 
04-25 10:33:17.303 D/GSM     ( 1670): [GSMConn] update: parent=ACTIVE, hasNewParent=false, wasConnectingInOrOut=false, wasHolding=false, isConnectingInOrOut=false, changed=false
04-25 10:33:17.303 D/GSM     ( 1670): [GSMConn] update: parent=WAITING, hasNewParent=false, wasConnectingInOrOut=true, wasHolding=false, isConnectingInOrOut=true, changed=false
04-25 10:33:17.603 D/RILC    ( 1552): [UNSL]< UNSOL_RESPONSE_CALL_STATE_CHANGED 
04-25 10:33:17.603 D/RILJ    ( 1670): [UNSL]< UNSOL_RESPONSE_CALL_STATE_CHANGED
04-25 10:33:17.603 D/RILJ    ( 1670): [1338]> GET_CURRENT_CALLS
04-25 10:33:17.613 D/RILC    ( 1552): [1338]> GET_CURRENT_CALLS 
04-25 10:33:17.613 D/RIL     ( 1552): onRequest: GET_CURRENT_CALLS
04-25 10:33:17.613 D/AT      ( 1552): AT> AT+CLCC
04-25 10:33:17.613 D/AT      ( 1552): AT< +CLCC: 1,0,0,0,0,"10086",129
04-25 10:33:17.613 D/AT      ( 1552): AT< +CLCC: 2,1,5,0,0,"13182827869",161
04-25 10:33:17.613 D/AT      ( 1552): AT< OK
04-25 10:33:17.613 D/RILC    ( 1552): [1338]< GET_CURRENT_CALLS {[id=1,ACTIVE,toa=129,norm,mo,als=0,voc,noevp,10086,cli=0,name='(null)',0][id=2,WAITING,toa=161,norm,mt,als=0,voc,noevp,13182827869,cli=0,name='(null)',0}
04-25 10:33:17.623 D/RILJ    ( 1670): InCall VoicePrivacy is disabled
04-25 10:33:17.623 D/RILJ    ( 1670): InCall VoicePrivacy is disabled
04-25 10:33:17.623 D/RILJ    ( 1670): [1338]< GET_CURRENT_CALLS  [id=1,ACTIVE,toa=129,norm,mo,0,voc,noevp,,cli=1,,0] [id=2,WAITING,toa=161,norm,mt,0,voc,noevp,,cli=1,,0] 
04-25 10:33:17.623 D/GSM     ( 1670): [GSMConn] update: parent=ACTIVE, hasNewParent=false, wasConnectingInOrOut=false, wasHolding=false, isConnectingInOrOut=false, changed=false
04-25 10:33:17.623 D/GSM     ( 1670): [GSMConn] update: parent=WAITING, hasNewParent=false, wasConnectingInOrOut=true, wasHolding=false, isConnectingInOrOut=true, changed=false
04-25 10:33:17.703 D/RILC    ( 1552): [UNSL]< UNSOL_RESPONSE_CALL_STATE_CHANGED 
04-25 10:33:17.703 D/RILJ    ( 1670): [UNSL]< UNSOL_RESPONSE_CALL_STATE_CHANGED
04-25 10:33:17.703 D/RILJ    ( 1670): [1339]> GET_CURRENT_CALLS
04-25 10:33:17.713 D/RILC    ( 1552): [1339]> GET_CURRENT_CALLS 
04-25 10:33:17.713 D/RIL     ( 1552): onRequest: GET_CURRENT_CALLS
04-25 10:33:17.713 D/AT      ( 1552): AT> AT+CLCC
04-25 10:33:17.713 D/AT      ( 1552): AT< +CLCC: 1,0,0,0,0,"10086",129
04-25 10:33:17.713 D/AT      ( 1552): AT< +CLCC: 2,1,5,0,0,"13182827869",161
04-25 10:33:17.713 D/AT      ( 1552): AT< OK
04-25 10:33:17.713 D/RILC    ( 1552): [1339]< GET_CURRENT_CALLS {[id=1,ACTIVE,toa=129,norm,mo,als=0,voc,noevp,10086,cli=0,name='(null)',0][id=2,WAITING,toa=161,norm,mt,als=0,voc,noevp,13182827869,cli=0,name='(null)',0}
04-25 10:33:17.713 D/RILJ    ( 1670): InCall VoicePrivacy is disabled
04-25 10:33:17.713 D/RILJ    ( 1670): InCall VoicePrivacy is disabled
04-25 10:33:17.713 D/RILJ    ( 1670): [1339]< GET_CURRENT_CALLS  [id=1,ACTIVE,toa=129,norm,mo,0,voc,noevp,,cli=1,,0] [id=2,WAITING,toa=161,norm,mt,0,voc,noevp,,cli=1,,0] 
04-25 10:33:17.713 D/GSM     ( 1670): [GSMConn] update: parent=ACTIVE, hasNewParent=false, wasConnectingInOrOut=false, wasHolding=false, isConnectingInOrOut=false, changed=false
04-25 10:33:17.713 D/GSM     ( 1670): [GSMConn] update: parent=WAITING, hasNewParent=false, wasConnectingInOrOut=true, wasHolding=false, isConnectingInOrOut=true, changed=false
04-25 10:33:17.773 D/RILC    ( 1552): [UNSL]< UNSOL_RESPONSE_CALL_STATE_CHANGED 
04-25 10:33:17.773 D/RILJ    ( 1670): [UNSL]< UNSOL_RESPONSE_CALL_STATE_CHANGED
04-25 10:33:17.773 D/RILJ    ( 1670): [1340]> GET_CURRENT_CALLS
04-25 10:33:17.783 D/RILC    ( 1552): [1340]> GET_CURRENT_CALLS 
04-25 10:33:17.783 D/RIL     ( 1552): onRequest: GET_CURRENT_CALLS
04-25 10:33:17.783 D/AT      ( 1552): AT> AT+CLCC
04-25 10:33:17.783 D/AT      ( 1552): AT< +CLCC: 1,0,0,0,0,"10086",129
04-25 10:33:17.783 D/AT      ( 1552): AT< +CLCC: 2,1,5,0,0,"13182827869",161
04-25 10:33:17.783 D/AT      ( 1552): AT< OK
04-25 10:33:17.783 D/RILC    ( 1552): [1340]< GET_CURRENT_CALLS {[id=1,ACTIVE,toa=129,norm,mo,als=0,voc,noevp,10086,cli=0,name='(null)',0][id=2,WAITING,toa=161,norm,mt,als=0,voc,noevp,13182827869,cli=0,name='(null)',0}
04-25 10:33:17.793 D/RILJ    ( 1670): InCall VoicePrivacy is disabled
04-25 10:33:17.793 D/RILJ    ( 1670): InCall VoicePrivacy is disabled
04-25 10:33:17.793 D/RILC    ( 1552): [UNSL]< UNSOL_RESPONSE_CALL_STATE_CHANGED 
04-25 10:33:17.793 D/RILJ    ( 1670): [1340]< GET_CURRENT_CALLS  [id=1,ACTIVE,toa=129,norm,mo,0,voc,noevp,,cli=1,,0] [id=2,WAITING,toa=161,norm,mt,0,voc,noevp,,cli=1,,0] 
04-25 10:33:17.793 D/GSM     ( 1670): [GSMConn] update: parent=ACTIVE, hasNewParent=false, wasConnectingInOrOut=false, wasHolding=false, isConnectingInOrOut=false, changed=false
04-25 10:33:17.793 D/GSM     ( 1670): [GSMConn] update: parent=WAITING, hasNewParent=false, wasConnectingInOrOut=true, wasHolding=false, isConnectingInOrOut=true, changed=false
04-25 10:33:17.803 D/RILJ    ( 1670): [UNSL]< UNSOL_RESPONSE_CALL_STATE_CHANGED
04-25 10:33:17.803 D/RILJ    ( 1670): [1341]> GET_CURRENT_CALLS
04-25 10:33:17.813 D/RILC    ( 1552): [1341]> GET_CURRENT_CALLS 
04-25 10:33:17.813 D/RIL     ( 1552): onRequest: GET_CURRENT_CALLS
04-25 10:33:17.813 D/AT      ( 1552): AT> AT+CLCC
04-25 10:33:17.813 D/AT      ( 1552): AT< +CLCC: 1,0,0,0,0,"10086",129
04-25 10:33:17.813 D/AT      ( 1552): AT< +CLCC: 2,1,5,0,0,"13182827869",161
04-25 10:33:17.813 D/AT      ( 1552): AT< OK
04-25 10:33:17.813 D/RILC    ( 1552): [1341]< GET_CURRENT_CALLS {[id=1,ACTIVE,toa=129,norm,mo,als=0,voc,noevp,10086,cli=0,name='(null)',0][id=2,WAITING,toa=161,norm,mt,als=0,voc,noevp,13182827869,cli=0,name='(null)',0}
04-25 10:33:17.813 D/RILJ    ( 1670): InCall VoicePrivacy is disabled
04-25 10:33:17.813 D/RILJ    ( 1670): InCall VoicePrivacy is disabled
04-25 10:33:17.823 D/RILJ    ( 1670): [1341]< GET_CURRENT_CALLS  [id=1,ACTIVE,toa=129,norm,mo,0,voc,noevp,,cli=1,,0] [id=2,WAITING,toa=161,norm,mt,0,voc,noevp,,cli=1,,0] 
04-25 10:33:17.823 D/GSM     ( 1670): [GSMConn] update: parent=ACTIVE, hasNewParent=false, wasConnectingInOrOut=false, wasHolding=false, isConnectingInOrOut=false, changed=false
04-25 10:33:17.823 D/GSM     ( 1670): [GSMConn] update: parent=WAITING, hasNewParent=false, wasConnectingInOrOut=true, wasHolding=false, isConnectingInOrOut=true, changed=false
04-25 10:33:18.113 D/RILC    ( 1552): [UNSL]< UNSOL_RESPONSE_CALL_STATE_CHANGED 
04-25 10:33:18.123 D/RILJ    ( 1670): [UNSL]< UNSOL_RESPONSE_CALL_STATE_CHANGED
04-25 10:33:18.123 D/RILJ    ( 1670): [1342]> GET_CURRENT_CALLS
04-25 10:33:18.123 D/RILC    ( 1552): [1342]> GET_CURRENT_CALLS 
04-25 10:33:18.123 D/RIL     ( 1552): onRequest: GET_CURRENT_CALLS
04-25 10:33:18.123 D/AT      ( 1552): AT> AT+CLCC
04-25 10:33:18.133 D/AT      ( 1552): AT< +CLCC: 1,0,0,0,0,"10086",129
04-25 10:33:18.133 D/AT      ( 1552): AT< +CLCC: 2,1,5,0,0,"13182827869",161
04-25 10:33:18.133 D/AT      ( 1552): AT< OK
04-25 10:33:18.133 D/RILC    ( 1552): [1342]< GET_CURRENT_CALLS {[id=1,ACTIVE,toa=129,norm,mo,als=0,voc,noevp,10086,cli=0,name='(null)',0][id=2,WAITING,toa=161,norm,mt,als=0,voc,noevp,13182827869,cli=0,name='(null)',0}
04-25 10:33:18.133 D/RILJ    ( 1670): InCall VoicePrivacy is disabled
04-25 10:33:18.133 D/RILJ    ( 1670): InCall VoicePrivacy is disabled
04-25 10:33:18.133 D/RILJ    ( 1670): [1342]< GET_CURRENT_CALLS  [id=1,ACTIVE,toa=129,norm,mo,0,voc,noevp,,cli=1,,0] [id=2,WAITING,toa=161,norm,mt,0,voc,noevp,,cli=1,,0] 
04-25 10:33:18.133 D/GSM     ( 1670): [GSMConn] update: parent=ACTIVE, hasNewParent=false, wasConnectingInOrOut=false, wasHolding=false, isConnectingInOrOut=false, changed=false
04-25 10:33:18.133 D/GSM     ( 1670): [GSMConn] update: parent=WAITING, hasNewParent=false, wasConnectingInOrOut=true, wasHolding=false, isConnectingInOrOut=true, changed=false
04-25 10:33:18.217 D/RILC    ( 1552): [UNSL]< UNSOL_RESPONSE_CALL_STATE_CHANGED 
04-25 10:33:18.217 D/RILJ    ( 1670): [UNSL]< UNSOL_RESPONSE_CALL_STATE_CHANGED
04-25 10:33:18.217 D/RILJ    ( 1670): [1343]> GET_CURRENT_CALLS
04-25 10:33:18.223 D/RILC    ( 1552): [1343]> GET_CURRENT_CALLS 
04-25 10:33:18.223 D/RIL     ( 1552): onRequest: GET_CURRENT_CALLS
04-25 10:33:18.223 D/AT      ( 1552): AT> AT+CLCC
04-25 10:33:18.223 D/AT      ( 1552): AT< +CLCC: 1,0,0,0,0,"10086",129
04-25 10:33:18.223 D/AT      ( 1552): AT< +CLCC: 2,1,5,0,0,"13182827869",161
04-25 10:33:18.223 D/AT      ( 1552): AT< OK
04-25 10:33:18.223 D/RILC    ( 1552): [1343]< GET_CURRENT_CALLS {[id=1,ACTIVE,toa=129,norm,mo,als=0,voc,noevp,10086,cli=0,name='(null)',0][id=2,WAITING,toa=161,norm,mt,als=0,voc,noevp,13182827869,cli=0,name='(null)',0}
04-25 10:33:18.233 D/RILJ    ( 1670): InCall VoicePrivacy is disabled
04-25 10:33:18.233 D/RILJ    ( 1670): InCall VoicePrivacy is disabled
04-25 10:33:18.233 D/RILJ    ( 1670): [1343]< GET_CURRENT_CALLS  [id=1,ACTIVE,toa=129,norm,mo,0,voc,noevp,,cli=1,,0] [id=2,WAITING,toa=161,norm,mt,0,voc,noevp,,cli=1,,0] 
04-25 10:33:18.233 D/GSM     ( 1670): [GSMConn] update: parent=ACTIVE, hasNewParent=false, wasConnectingInOrOut=false, wasHolding=false, isConnectingInOrOut=false, changed=false
04-25 10:33:18.233 D/GSM     ( 1670): [GSMConn] update: parent=WAITING, hasNewParent=false, wasConnectingInOrOut=true, wasHolding=false, isConnectingInOrOut=true, changed=false
04-25 10:33:18.288 D/RILC    ( 1552): [UNSL]< UNSOL_RESPONSE_CALL_STATE_CHANGED 
04-25 10:33:18.288 D/RILJ    ( 1670): [UNSL]< UNSOL_RESPONSE_CALL_STATE_CHANGED
04-25 10:33:18.288 D/RILJ    ( 1670): [1344]> GET_CURRENT_CALLS
04-25 10:33:18.293 D/RILC    ( 1552): [1344]> GET_CURRENT_CALLS 
04-25 10:33:18.293 D/RIL     ( 1552): onRequest: GET_CURRENT_CALLS
04-25 10:33:18.293 D/AT      ( 1552): AT> AT+CLCC
04-25 10:33:18.293 D/AT      ( 1552): AT< +CLCC: 1,0,0,0,0,"10086",129
04-25 10:33:18.293 D/AT      ( 1552): AT< +CLCC: 2,1,5,0,0,"13182827869",161
04-25 10:33:18.293 D/AT      ( 1552): AT< OK
04-25 10:33:18.293 D/RILC    ( 1552): [1344]< GET_CURRENT_CALLS {[id=1,ACTIVE,toa=129,norm,mo,als=0,voc,noevp,10086,cli=0,name='(null)',0][id=2,WAITING,toa=161,norm,mt,als=0,voc,noevp,13182827869,cli=0,name='(null)',0}
04-25 10:33:18.303 D/RILJ    ( 1670): InCall VoicePrivacy is disabled
04-25 10:33:18.303 D/RILJ    ( 1670): InCall VoicePrivacy is disabled
04-25 10:33:18.303 D/RILJ    ( 1670): [1344]< GET_CURRENT_CALLS  [id=1,ACTIVE,toa=129,norm,mo,0,voc,noevp,,cli=1,,0] [id=2,WAITING,toa=161,norm,mt,0,voc,noevp,,cli=1,,0] 
04-25 10:33:18.313 D/GSM     ( 1670): [GSMConn] update: parent=ACTIVE, hasNewParent=false, wasConnectingInOrOut=false, wasHolding=false, isConnectingInOrOut=false, changed=false
04-25 10:33:18.313 D/GSM     ( 1670): [GSMConn] update: parent=WAITING, hasNewParent=false, wasConnectingInOrOut=true, wasHolding=false, isConnectingInOrOut=true, changed=false
04-25 10:33:18.313 D/RILC    ( 1552): [UNSL]< UNSOL_RESPONSE_CALL_STATE_CHANGED 
04-25 10:33:18.323 D/RILJ    ( 1670): [UNSL]< UNSOL_RESPONSE_CALL_STATE_CHANGED
04-25 10:33:18.323 D/RILJ    ( 1670): [1345]> GET_CURRENT_CALLS
04-25 10:33:18.323 D/RILC    ( 1552): [1345]> GET_CURRENT_CALLS 
04-25 10:33:18.323 D/RIL     ( 1552): onRequest: GET_CURRENT_CALLS
04-25 10:33:18.323 D/AT      ( 1552): AT> AT+CLCC
04-25 10:33:18.333 D/AT      ( 1552): AT< +CLCC: 1,0,0,0,0,"10086",129
04-25 10:33:18.333 D/AT      ( 1552): AT< +CLCC: 2,1,5,0,0,"13182827869",161
04-25 10:33:18.333 D/AT      ( 1552): AT< OK
04-25 10:33:18.333 D/RILC    ( 1552): [1345]< GET_CURRENT_CALLS {[id=1,ACTIVE,toa=129,norm,mo,als=0,voc,noevp,10086,cli=0,name='(null)',0][id=2,WAITING,toa=161,norm,mt,als=0,voc,noevp,13182827869,cli=0,name='(null)',0}
04-25 10:33:18.333 D/RILJ    ( 1670): InCall VoicePrivacy is disabled
04-25 10:33:18.333 D/RILJ    ( 1670): InCall VoicePrivacy is disabled
04-25 10:33:18.343 D/RILJ    ( 1670): [1345]< GET_CURRENT_CALLS  [id=1,ACTIVE,toa=129,norm,mo,0,voc,noevp,,cli=1,,0] [id=2,WAITING,toa=161,norm,mt,0,voc,noevp,,cli=1,,0] 
04-25 10:33:18.343 D/GSM     ( 1670): [GSMConn] update: parent=ACTIVE, hasNewParent=false, wasConnectingInOrOut=false, wasHolding=false, isConnectingInOrOut=false, changed=false
04-25 10:33:18.343 D/GSM     ( 1670): [GSMConn] update: parent=WAITING, hasNewParent=false, wasConnectingInOrOut=true, wasHolding=false, isConnectingInOrOut=true, changed=false
04-25 10:33:18.634 D/RILC    ( 1552): [UNSL]< UNSOL_RESPONSE_CALL_STATE_CHANGED 
04-25 10:33:18.634 D/RILJ    ( 1670): [UNSL]< UNSOL_RESPONSE_CALL_STATE_CHANGED
04-25 10:33:18.634 D/RILJ    ( 1670): [1346]> GET_CURRENT_CALLS
04-25 10:33:18.634 D/RILC    ( 1552): [1346]> GET_CURRENT_CALLS 
04-25 10:33:18.634 D/RIL     ( 1552): onRequest: GET_CURRENT_CALLS
04-25 10:33:18.634 D/AT      ( 1552): AT> AT+CLCC
04-25 10:33:18.643 D/AT      ( 1552): AT< +CLCC: 1,0,0,0,0,"10086",129
04-25 10:33:18.643 D/AT      ( 1552): AT< +CLCC: 2,1,5,0,0,"13182827869",161
04-25 10:33:18.643 D/AT      ( 1552): AT< OK
04-25 10:33:18.643 D/RILC    ( 1552): [1346]< GET_CURRENT_CALLS {[id=1,ACTIVE,toa=129,norm,mo,als=0,voc,noevp,10086,cli=0,name='(null)',0][id=2,WAITING,toa=161,norm,mt,als=0,voc,noevp,13182827869,cli=0,name='(null)',0}
04-25 10:33:18.643 D/RILJ    ( 1670): InCall VoicePrivacy is disabled
04-25 10:33:18.643 D/RILJ    ( 1670): InCall VoicePrivacy is disabled
04-25 10:33:18.643 D/RILJ    ( 1670): [1346]< GET_CURRENT_CALLS  [id=1,ACTIVE,toa=129,norm,mo,0,voc,noevp,,cli=1,,0] [id=2,WAITING,toa=161,norm,mt,0,voc,noevp,,cli=1,,0] 
04-25 10:33:18.643 D/GSM     ( 1670): [GSMConn] update: parent=ACTIVE, hasNewParent=false, wasConnectingInOrOut=false, wasHolding=false, isConnectingInOrOut=false, changed=false
04-25 10:33:18.643 D/GSM     ( 1670): [GSMConn] update: parent=WAITING, hasNewParent=false, wasConnectingInOrOut=true, wasHolding=false, isConnectingInOrOut=true, changed=false
04-25 10:33:18.729 D/RILC    ( 1552): [UNSL]< UNSOL_RESPONSE_CALL_STATE_CHANGED 
04-25 10:33:18.729 D/RILJ    ( 1670): [UNSL]< UNSOL_RESPONSE_CALL_STATE_CHANGED
04-25 10:33:18.733 D/RILJ    ( 1670): [1347]> GET_CURRENT_CALLS
04-25 10:33:18.733 D/RILC    ( 1552): [1347]> GET_CURRENT_CALLS 
04-25 10:33:18.733 D/RIL     ( 1552): onRequest: GET_CURRENT_CALLS
04-25 10:33:18.733 D/AT      ( 1552): AT> AT+CLCC
04-25 10:33:18.733 D/AT      ( 1552): AT< +CLCC: 1,0,0,0,0,"10086",129
04-25 10:33:18.733 D/AT      ( 1552): AT< +CLCC: 2,1,5,0,0,"13182827869",161
04-25 10:33:18.733 D/AT      ( 1552): AT< OK
04-25 10:33:18.733 D/RILC    ( 1552): [1347]< GET_CURRENT_CALLS {[id=1,ACTIVE,toa=129,norm,mo,als=0,voc,noevp,10086,cli=0,name='(null)',0][id=2,WAITING,toa=161,norm,mt,als=0,voc,noevp,13182827869,cli=0,name='(null)',0}
04-25 10:33:18.743 D/RILJ    ( 1670): InCall VoicePrivacy is disabled
04-25 10:33:18.743 D/RILJ    ( 1670): InCall VoicePrivacy is disabled
04-25 10:33:18.743 D/RILJ    ( 1670): [1347]< GET_CURRENT_CALLS  [id=1,ACTIVE,toa=129,norm,mo,0,voc,noevp,,cli=1,,0] [id=2,WAITING,toa=161,norm,mt,0,voc,noevp,,cli=1,,0] 
04-25 10:33:18.743 D/GSM     ( 1670): [GSMConn] update: parent=ACTIVE, hasNewParent=false, wasConnectingInOrOut=false, wasHolding=false, isConnectingInOrOut=false, changed=false
04-25 10:33:18.743 D/GSM     ( 1670): [GSMConn] update: parent=WAITING, hasNewParent=false, wasConnectingInOrOut=true, wasHolding=false, isConnectingInOrOut=true, changed=false
04-25 10:33:18.795 D/RILC    ( 1552): [UNSL]< UNSOL_RESPONSE_CALL_STATE_CHANGED 
04-25 10:33:18.795 D/RILJ    ( 1670): [UNSL]< UNSOL_RESPONSE_CALL_STATE_CHANGED
04-25 10:33:18.795 D/RILJ    ( 1670): [1348]> GET_CURRENT_CALLS
04-25 10:33:18.803 D/RILC    ( 1552): [1348]> GET_CURRENT_CALLS 
04-25 10:33:18.803 D/RIL     ( 1552): onRequest: GET_CURRENT_CALLS
04-25 10:33:18.803 D/AT      ( 1552): AT> AT+CLCC
04-25 10:33:18.803 D/AT      ( 1552): AT< +CLCC: 1,0,0,0,0,"10086",129
04-25 10:33:18.803 D/AT      ( 1552): AT< +CLCC: 2,1,5,0,0,"13182827869",161
04-25 10:33:18.803 D/AT      ( 1552): AT< OK
04-25 10:33:18.803 D/RILC    ( 1552): [1348]< GET_CURRENT_CALLS {[id=1,ACTIVE,toa=129,norm,mo,als=0,voc,noevp,10086,cli=0,name='(null)',0][id=2,WAITING,toa=161,norm,mt,als=0,voc,noevp,13182827869,cli=0,name='(null)',0}
04-25 10:33:18.803 D/RILJ    ( 1670): InCall VoicePrivacy is disabled
04-25 10:33:18.803 D/RILJ    ( 1670): InCall VoicePrivacy is disabled
04-25 10:33:18.803 D/RILJ    ( 1670): [1348]< GET_CURRENT_CALLS  [id=1,ACTIVE,toa=129,norm,mo,0,voc,noevp,,cli=1,,0] [id=2,WAITING,toa=161,norm,mt,0,voc,noevp,,cli=1,,0] 
04-25 10:33:18.813 D/GSM     ( 1670): [GSMConn] update: parent=ACTIVE, hasNewParent=false, wasConnectingInOrOut=false, wasHolding=false, isConnectingInOrOut=false, changed=false
04-25 10:33:18.813 D/GSM     ( 1670): [GSMConn] update: parent=WAITING, hasNewParent=false, wasConnectingInOrOut=true, wasHolding=false, isConnectingInOrOut=true, changed=false
04-25 10:33:18.833 D/RILC    ( 1552): [UNSL]< UNSOL_RESPONSE_CALL_STATE_CHANGED 
04-25 10:33:18.833 D/RILJ    ( 1670): [UNSL]< UNSOL_RESPONSE_CALL_STATE_CHANGED
04-25 10:33:18.833 D/RILJ    ( 1670): [1349]> GET_CURRENT_CALLS
04-25 10:33:18.843 D/RILC    ( 1552): [1349]> GET_CURRENT_CALLS 
04-25 10:33:18.843 D/RIL     ( 1552): onRequest: GET_CURRENT_CALLS
04-25 10:33:18.843 D/AT      ( 1552): AT> AT+CLCC
04-25 10:33:18.843 D/AT      ( 1552): AT< +CLCC: 1,0,0,0,0,"10086",129
04-25 10:33:18.843 D/AT      ( 1552): AT< +CLCC: 2,1,5,0,0,"13182827869",161
04-25 10:33:18.843 D/AT      ( 1552): AT< OK
04-25 10:33:18.843 D/RILC    ( 1552): [1349]< GET_CURRENT_CALLS {[id=1,ACTIVE,toa=129,norm,mo,als=0,voc,noevp,10086,cli=0,name='(null)',0][id=2,WAITING,toa=161,norm,mt,als=0,voc,noevp,13182827869,cli=0,name='(null)',0}
04-25 10:33:18.843 D/RILJ    ( 1670): InCall VoicePrivacy is disabled
04-25 10:33:18.843 D/RILJ    ( 1670): InCall VoicePrivacy is disabled
04-25 10:33:18.843 D/RILJ    ( 1670): [1349]< GET_CURRENT_CALLS  [id=1,ACTIVE,toa=129,norm,mo,0,voc,noevp,,cli=1,,0] [id=2,WAITING,toa=161,norm,mt,0,voc,noevp,,cli=1,,0] 
04-25 10:33:18.853 D/GSM     ( 1670): [GSMConn] update: parent=ACTIVE, hasNewParent=false, wasConnectingInOrOut=false, wasHolding=false, isConnectingInOrOut=false, changed=false
04-25 10:33:18.853 D/GSM     ( 1670): [GSMConn] update: parent=WAITING, hasNewParent=false, wasConnectingInOrOut=true, wasHolding=false, isConnectingInOrOut=true, changed=false
04-25 10:33:19.143 D/RILC    ( 1552): [UNSL]< UNSOL_RESPONSE_CALL_STATE_CHANGED 
04-25 10:33:19.143 D/RILJ    ( 1670): [UNSL]< UNSOL_RESPONSE_CALL_STATE_CHANGED
04-25 10:33:19.143 D/RILJ    ( 1670): [1350]> GET_CURRENT_CALLS
04-25 10:33:19.163 D/RILC    ( 1552): [1350]> GET_CURRENT_CALLS 
04-25 10:33:19.163 D/RIL     ( 1552): onRequest: GET_CURRENT_CALLS
04-25 10:33:19.163 D/AT      ( 1552): AT> AT+CLCC
04-25 10:33:19.163 D/AT      ( 1552): AT< +CLCC: 1,0,0,0,0,"10086",129
04-25 10:33:19.163 D/AT      ( 1552): AT< +CLCC: 2,1,5,0,0,"13182827869",161
04-25 10:33:19.163 D/AT      ( 1552): AT< OK
04-25 10:33:19.163 D/RILC    ( 1552): [1350]< GET_CURRENT_CALLS {[id=1,ACTIVE,toa=129,norm,mo,als=0,voc,noevp,10086,cli=0,name='(null)',0][id=2,WAITING,toa=161,norm,mt,als=0,voc,noevp,13182827869,cli=0,name='(null)',0}
04-25 10:33:19.173 D/RILJ    ( 1670): InCall VoicePrivacy is disabled
04-25 10:33:19.173 D/RILJ    ( 1670): InCall VoicePrivacy is disabled
04-25 10:33:19.173 D/RILJ    ( 1670): [1350]< GET_CURRENT_CALLS  [id=1,ACTIVE,toa=129,norm,mo,0,voc,noevp,,cli=1,,0] [id=2,WAITING,toa=161,norm,mt,0,voc,noevp,,cli=1,,0] 
04-25 10:33:19.183 D/GSM     ( 1670): [GSMConn] update: parent=ACTIVE, hasNewParent=false, wasConnectingInOrOut=false, wasHolding=false, isConnectingInOrOut=false, changed=false
04-25 10:33:19.183 D/GSM     ( 1670): [GSMConn] update: parent=WAITING, hasNewParent=false, wasConnectingInOrOut=true, wasHolding=false, isConnectingInOrOut=true, changed=false
04-25 10:33:19.240 D/RILC    ( 1552): [UNSL]< UNSOL_RESPONSE_CALL_STATE_CHANGED 
04-25 10:33:19.243 D/RILJ    ( 1670): [UNSL]< UNSOL_RESPONSE_CALL_STATE_CHANGED
04-25 10:33:19.243 D/RILJ    ( 1670): [1351]> GET_CURRENT_CALLS
04-25 10:33:19.253 D/RILC    ( 1552): [1351]> GET_CURRENT_CALLS 
04-25 10:33:19.253 D/RIL     ( 1552): onRequest: GET_CURRENT_CALLS
04-25 10:33:19.253 D/AT      ( 1552): AT> AT+CLCC
04-25 10:33:19.263 D/AT      ( 1552): AT< +CLCC: 1,0,0,0,0,"10086",129
04-25 10:33:19.263 D/AT      ( 1552): AT< +CLCC: 2,1,5,0,0,"13182827869",161
04-25 10:33:19.273 D/AT      ( 1552): AT< OK
04-25 10:33:19.273 D/RILC    ( 1552): [1351]< GET_CURRENT_CALLS {[id=1,ACTIVE,toa=129,norm,mo,als=0,voc,noevp,10086,cli=0,name='(null)',0][id=2,WAITING,toa=161,norm,mt,als=0,voc,noevp,13182827869,cli=0,name='(null)',0}
04-25 10:33:19.273 D/RILJ    ( 1670): InCall VoicePrivacy is disabled
04-25 10:33:19.273 D/RILJ    ( 1670): InCall VoicePrivacy is disabled
04-25 10:33:19.283 D/RILJ    ( 1670): [1351]< GET_CURRENT_CALLS  [id=1,ACTIVE,toa=129,norm,mo,0,voc,noevp,,cli=1,,0] [id=2,WAITING,toa=161,norm,mt,0,voc,noevp,,cli=1,,0] 
04-25 10:33:19.293 D/GSM     ( 1670): [GSMConn] update: parent=ACTIVE, hasNewParent=false, wasConnectingInOrOut=false, wasHolding=false, isConnectingInOrOut=false, changed=false
04-25 10:33:19.293 D/GSM     ( 1670): [GSMConn] update: parent=WAITING, hasNewParent=false, wasConnectingInOrOut=true, wasHolding=false, isConnectingInOrOut=true, changed=false
04-25 10:33:19.303 D/RILC    ( 1552): [UNSL]< UNSOL_RESPONSE_CALL_STATE_CHANGED 
04-25 10:33:19.313 D/RILJ    ( 1670): [UNSL]< UNSOL_RESPONSE_CALL_STATE_CHANGED
04-25 10:33:19.313 D/RILJ    ( 1670): [1352]> GET_CURRENT_CALLS
04-25 10:33:19.333 D/RILC    ( 1552): [1352]> GET_CURRENT_CALLS 
04-25 10:33:19.333 D/RIL     ( 1552): onRequest: GET_CURRENT_CALLS
04-25 10:33:19.333 D/AT      ( 1552): AT> AT+CLCC
04-25 10:33:19.333 D/AT      ( 1552): AT< +CLCC: 1,0,0,0,0,"10086",129
04-25 10:33:19.333 D/AT      ( 1552): AT< +CLCC: 2,1,5,0,0,"13182827869",161
04-25 10:33:19.333 D/AT      ( 1552): AT< OK
04-25 10:33:19.333 D/RILC    ( 1552): [1352]< GET_CURRENT_CALLS {[id=1,ACTIVE,toa=129,norm,mo,als=0,voc,noevp,10086,cli=0,name='(null)',0][id=2,WAITING,toa=161,norm,mt,als=0,voc,noevp,13182827869,cli=0,name='(null)',0}
04-25 10:33:19.343 D/RILC    ( 1552): [UNSL]< UNSOL_RESPONSE_CALL_STATE_CHANGED 
04-25 10:33:19.353 D/RILJ    ( 1670): InCall VoicePrivacy is disabled
04-25 10:33:19.353 D/RILJ    ( 1670): InCall VoicePrivacy is disabled
04-25 10:33:19.353 D/RILJ    ( 1670): [1352]< GET_CURRENT_CALLS  [id=1,ACTIVE,toa=129,norm,mo,0,voc,noevp,,cli=1,,0] [id=2,WAITING,toa=161,norm,mt,0,voc,noevp,,cli=1,,0] 
04-25 10:33:19.353 D/GSM     ( 1670): [GSMConn] update: parent=ACTIVE, hasNewParent=false, wasConnectingInOrOut=false, wasHolding=false, isConnectingInOrOut=false, changed=false
04-25 10:33:19.353 D/GSM     ( 1670): [GSMConn] update: parent=WAITING, hasNewParent=false, wasConnectingInOrOut=true, wasHolding=false, isConnectingInOrOut=true, changed=false
04-25 10:33:19.353 D/RILJ    ( 1670): [UNSL]< UNSOL_RESPONSE_CALL_STATE_CHANGED
04-25 10:33:19.363 D/RILJ    ( 1670): [1353]> GET_CURRENT_CALLS
04-25 10:33:19.363 D/RILC    ( 1552): [1353]> GET_CURRENT_CALLS 
04-25 10:33:19.363 D/RIL     ( 1552): onRequest: GET_CURRENT_CALLS
04-25 10:33:19.363 D/AT      ( 1552): AT> AT+CLCC
04-25 10:33:19.363 D/AT      ( 1552): AT< +CLCC: 1,0,0,0,0,"10086",129
04-25 10:33:19.363 D/AT      ( 1552): AT< +CLCC: 2,1,5,0,0,"13182827869",161
04-25 10:33:19.363 D/AT      ( 1552): AT< OK
04-25 10:33:19.373 D/RILC    ( 1552): [1353]< GET_CURRENT_CALLS {[id=1,ACTIVE,toa=129,norm,mo,als=0,voc,noevp,10086,cli=0,name='(null)',0][id=2,WAITING,toa=161,norm,mt,als=0,voc,noevp,13182827869,cli=0,name='(null)',0}
04-25 10:33:19.373 D/RILJ    ( 1670): InCall VoicePrivacy is disabled
04-25 10:33:19.373 D/RILJ    ( 1670): InCall VoicePrivacy is disabled
04-25 10:33:19.373 D/RILJ    ( 1670): [1353]< GET_CURRENT_CALLS  [id=1,ACTIVE,toa=129,norm,mo,0,voc,noevp,,cli=1,,0] [id=2,WAITING,toa=161,norm,mt,0,voc,noevp,,cli=1,,0] 
04-25 10:33:19.373 D/GSM     ( 1670): [GSMConn] update: parent=ACTIVE, hasNewParent=false, wasConnectingInOrOut=false, wasHolding=false, isConnectingInOrOut=false, changed=false
04-25 10:33:19.373 D/GSM     ( 1670): [GSMConn] update: parent=WAITING, hasNewParent=false, wasConnectingInOrOut=true, wasHolding=false, isConnectingInOrOut=true, changed=false
04-25 10:33:19.675 D/RILC    ( 1552): [UNSL]< UNSOL_RESPONSE_CALL_STATE_CHANGED 
04-25 10:33:19.675 D/RILJ    ( 1670): [UNSL]< UNSOL_RESPONSE_CALL_STATE_CHANGED
04-25 10:33:19.675 D/RILJ    ( 1670): [1354]> GET_CURRENT_CALLS
04-25 10:33:19.683 D/RILC    ( 1552): [1354]> GET_CURRENT_CALLS 
04-25 10:33:19.683 D/RIL     ( 1552): onRequest: GET_CURRENT_CALLS
04-25 10:33:19.683 D/AT      ( 1552): AT> AT+CLCC
04-25 10:33:19.683 D/AT      ( 1552): AT< +CLCC: 1,0,0,0,0,"10086",129
04-25 10:33:19.683 D/AT      ( 1552): AT< +CLCC: 2,1,5,0,0,"13182827869",161
04-25 10:33:19.683 D/AT      ( 1552): AT< OK
04-25 10:33:19.683 D/RILC    ( 1552): [1354]< GET_CURRENT_CALLS {[id=1,ACTIVE,toa=129,norm,mo,als=0,voc,noevp,10086,cli=0,name='(null)',0][id=2,WAITING,toa=161,norm,mt,als=0,voc,noevp,13182827869,cli=0,name='(null)',0}
04-25 10:33:19.683 D/RILJ    ( 1670): InCall VoicePrivacy is disabled
04-25 10:33:19.693 D/RILJ    ( 1670): InCall VoicePrivacy is disabled
04-25 10:33:19.703 D/RILJ    ( 1670): [1354]< GET_CURRENT_CALLS  [id=1,ACTIVE,toa=129,norm,mo,0,voc,noevp,,cli=1,,0] [id=2,WAITING,toa=161,norm,mt,0,voc,noevp,,cli=1,,0] 
04-25 10:33:19.703 D/GSM     ( 1670): [GSMConn] update: parent=ACTIVE, hasNewParent=false, wasConnectingInOrOut=false, wasHolding=false, isConnectingInOrOut=false, changed=false
04-25 10:33:19.703 D/GSM     ( 1670): [GSMConn] update: parent=WAITING, hasNewParent=false, wasConnectingInOrOut=true, wasHolding=false, isConnectingInOrOut=true, changed=false
04-25 10:33:19.773 D/RILC    ( 1552): [UNSL]< UNSOL_RESPONSE_CALL_STATE_CHANGED 
04-25 10:33:19.773 D/RILJ    ( 1670): [UNSL]< UNSOL_RESPONSE_CALL_STATE_CHANGED
04-25 10:33:19.773 D/RILJ    ( 1670): [1355]> GET_CURRENT_CALLS
04-25 10:33:19.783 D/RILC    ( 1552): [1355]> GET_CURRENT_CALLS 
04-25 10:33:19.783 D/RIL     ( 1552): onRequest: GET_CURRENT_CALLS
04-25 10:33:19.783 D/AT      ( 1552): AT> AT+CLCC
04-25 10:33:19.783 D/AT      ( 1552): AT< +CLCC: 1,0,0,0,0,"10086",129
04-25 10:33:19.783 D/AT      ( 1552): AT< +CLCC: 2,1,5,0,0,"13182827869",161
04-25 10:33:19.783 D/AT      ( 1552): AT< OK
04-25 10:33:19.783 D/RILC    ( 1552): [1355]< GET_CURRENT_CALLS {[id=1,ACTIVE,toa=129,norm,mo,als=0,voc,noevp,10086,cli=0,name='(null)',0][id=2,WAITING,toa=161,norm,mt,als=0,voc,noevp,13182827869,cli=0,name='(null)',0}
